Kylin-PBC: v1.0.0

System time = 2026-09-30 19:57:32

OMP threads = 32

KYLIN_PBC_ROOT = "/home/rudin/code/kylin-pbc"
KYLIN_SCR_PATH = "/tmp"
KYLIN_JOB_PATH = "/home/rudin/tmp-review-ionic/BN16/full/c20"

SCF.xcfun                      = HSE06
SCF.basis                      = dzvp-sr
SCF.psudo                      = gth-pbe
SCF.kmesh                      = 1 1 1
SCF.gmesh                      = 5.0e-01
SCF.ispin                      = OFF
SCF.dspin                      = 0
SCF.eps_engy                   = 3.7e-09 [AU]
SCF.eps_grad                   = 1.0e-05 [AU]
SCF.eps_dmat                   = 1.0e-03
SCF.chk_load                   = 
SCF.chk_save                   = 
SCF.scf_guess                  = ATOM
SCF.max_cycle                  = 200
SCF.vdw_method                 = NONE
SCF.coul_method                = MGDF
SCF.xchg_method                = LSDF
SCF.xchg_exxocc                = OFF
SCF.xchg_exxace                = NONE
SCF.xchg_robust                = FULL
SCF.xchg_exxdiv                = EWALD
SCF.xchg_dropG0                = ON
SCF.lsdf_cparam                = 20
SCF.lsdf_mparam                = 5
SCF.lsdf_ipslct                = QRCP
SCF.lsdf_chocut                = 1.0e-08
SCF.lsdf_atmcut                = 2.5e+01
SCF.lsdf_aovcut                = 1.0e-07
SCF.lsdf_swzcut                = 0.0e+00
SCF.lsdf_pnocut                = 0.0e+00
SCF.lsdf_nafcut                = 0.0e+00
SCF.mgdf_ntasks                = 4
SCF.mgdf_kratio                = 3.0e+00
SCF.mgdf_cutoff                = 3.0e+02 [AU]
SCF.mgdf_relcut                = 3.0e+01
SCF.mgdf_prprec                = 1.0e-14
SCF.dmx_mix_method             = NONE
SCF.dmx_mix_start              = 1
SCF.dmx_mix_space              = 8
SCF.dmx_mix_alpha              = 3.0e-01
SCF.rho_mix_method             = NONE
SCF.rho_mix_start              = 1
SCF.rho_mix_space              = 8
SCF.rho_mix_alpha              = 3.0e-01
SCF.hks_mix_method             = BROY
SCF.hks_mix_start              = 1
SCF.hks_mix_space              = 8
SCF.hks_mix_alpha              = 3.0e-01
SCF.damp_factor                = 0.0e+00
SCF.level_shift                = 0.0e+00 [AU]
SCF.smear_method               = NONE
SCF.smear_sigma                = 0.0e+00 [AU]
SCF.soc                        = OFF
SCF.soc_window                 = 1.8e+00 [AU]
SCF.print_bandgap              = OFF
SCF.print_time                 = OFF

OPT.opt_method                 = BFGS
OPT.max_cycle                  = 1
OPT.eps_engy                   = 4.0e-06 [AU]
OPT.eps_grad                   = 4.0e-04 [AU]
OPT.trust_limit                = 3.0e-01 [AU]
OPT.damp_factor                = 0.0e+00
OPT.opt_mix_method             = NONE
OPT.opt_mix_start              = 1
OPT.opt_mix_space              = 5
OPT.opt_mix_alpha              = 3.0e-01
OPT.neb_method                 = FIRE
OPT.neb_lclimb                 = ON
OPT.neb_interp                 = IDPP
OPT.neb_nimage                 = 5
OPT.neb_spring                 = 1.0e-02 [AU]
OPT.neb_maxstep                = 7.6e-02 [AU]

PROP.calculation               = NONE
FREQ.freq_method               = FREE2
FREQ.fd_stepsize               = 2.8e-02 [AU]
DOS.dos_method                 = GAUSS
DOS.dos_sigma                  = 3.7e-03 [AU]
DOS.dos_npoint                 = 1001
DOS.dos_emin                   = 0.0e+00 [AU]
DOS.dos_emax                   = 0.0e+00 [AU]

OPT.mdx_ensemble               = NVE
OPT.mdx_thermostat             = NHC
OPT.mdx_max_step               = 0
OPT.mdx_timestep               = 4.0e+01 [AU]
OPT.mdx_temperature            = 9.5e-04 [AU]
OPT.mdx_pressure               = 0.0e+00 [AU]
OPT.mdx_thermo_tau             = 4.0e+03 [AU]
OPT.mdx_baro_tau               = 2.0e+04 [AU]
OPT.mdx_nhc_length             = 3
OPT.mdx_nhc_mts                = 3
OPT.mdx_constraint             = OFF
OPT.mdx_constraint_tol         = 1.0e-10
OPT.mdx_rng_seed               = 42

K-points mesh = 1 1 1

xc functional: "HSE06"
is hybrid: YES
HFX coeff: 0.25

Basis Set Name: "dzvp-sr"
number of shell = 48
number of basis = 208
gmesh = 44 44 87

Pseudopotential Name: "gth-pbe"
number of valence electron = 64

OPT Calculation.

==============================================================
                   Geometry Optimization                      
==============================================================
  method      = BFGS
  max_cycle   = 1
  eps_engy    = 4.000000e-06
  eps_grad    = 4.000000e-04
  trust_limit = 0.300000
  natom       = 16
  nfree       = 48 / 48
==============================================================

--------------------------------------------------------------
  OPT step 0
--------------------------------------------------------------
[OPT] Cell structure (Angstrom):
       3.61500000       0.00000000       0.00000000
       0.00000000       3.61500000       0.00000000
       0.00000000       0.00000000       7.23000000

Cart
B          0.00000000       0.00000000       0.00000000   T T T
B          0.10000000       1.85750000       1.83750000   T T T
B          1.80750000       0.00000000       1.80750000   T T T
B          1.80750000       1.80750000       0.00000000   T T T
N          0.90375000       0.90375000       0.90375000   T T T
N          0.90375000       2.71125000       2.71125000   T T T
N          2.71125000       0.90375000       2.71125000   T T T
N          2.71125000       2.71125000       0.90375000   T T T
B          0.00000000       0.00000000       3.61500000   T T T
B          0.00000000       1.80750000       5.42250000   T T T
B          1.80750000       0.00000000       5.42250000   T T T
B          1.80750000       1.80750000       3.61500000   T T T
N          0.90375000       0.90375000       4.51875000   T T T
N          0.90375000       2.71125000       6.32625000   T T T
N          2.71125000       0.90375000       6.32625000   T T T
N          2.71125000       2.71125000       4.51875000   T T T

[OPT] Cell written to /home/rudin/tmp-review-ionic/BN16/full/c20/opt_img/cell_opt_0.txt
[LSDF] gmesh = (44, 44, 87), ngrid = 168432, naofn = 208, natom = 16
Timer "[LSDF] Voronoi partition" used time: 0.002821 s.
Timer "[LSDF] AO evaluation + screening" used time: 0.541786 s.
[LSDF] IP method: randomized QRCP (c=20, m=5)
[LSDF] total IPs selected: 4240 (2.5173% of grid)
Timer "[LSDF] IP selection" used time: 0.585832 s.
Timer "[LSDF] aux basis fitting" used time: 0.134527 s.
[LSDF] Step 5 diagnostics: natom=16, ngrid=168432, naux_total=4240
[LSDF]   OMP threads=32, MKL threads=32
[LSDF]   Vmat_loc total size: 4240 x 168432 = 5.32 GB
Timer "[LSDF]   5a Vmat_loc alloc+FFT" used time: 0.464231 s.
[LSDF]   W size: 4240 x 4240 = 137.16 MB, max_npart=10885
Timer "[LSDF]   5b W construction (DGEMM)" used time: 0.147292 s.
Timer "[LSDF]   5c Wmat symmetrize" used time: 0.007716 s.
[LSDF]   robust_mode=FULL: keeping Vmat_loc (5.32 GB) in atom ordering
Timer "[LSDF] V/W construction" used time: 0.619303 s.
[LSDF] xchg phases: A=0.002 s, B(K_W)=0.008 s, C(K_V)=0.561 s, E(reduce)=0.001 s
[NELEC] step = 0  nelec = 64  neInt = 64.000000  dnelc =  2.2468498173e-09
[ENERG] step = 0  eTotl = -105.01635375  eCore = 18.41671619  eCoul = 12.41189606  eExcl = -30.51142549  eNucl = -105.33354051  eDisp = 0.00000000
[ERROR] step = 0  engy error =  0.0000000000e+00  grad error =  0.0000000000e+00  dmat error =  0.0000000000e+00
Timer "SCF cycle: 0" used time: 0.989565 s.

[LSDF] xchg phases: A=0.000 s, B(K_W)=0.008 s, C(K_V)=0.287 s, E(reduce)=0.001 s
[NELEC] step = 1  nelec = 64  neInt = 64.000000  dnelc =  2.9624800391e-09
[ENERG] step = 1  eTotl = -102.55412695  eCore = 16.50431028  eCoul = 16.77777458  eExcl = -30.50267130  eNucl = -105.33354051  eDisp = 0.00000000
[ERROR] step = 1  engy error =  2.4622268045e+00  grad error =  0.0000000000e+00  dmat error =  1.6189620025e+00
Timer "SCF cycle: 1" used time: 0.684366 s.

[LSDF] xchg phases: A=0.000 s, B(K_W)=0.008 s, C(K_V)=0.267 s, E(reduce)=0.001 s
[NELEC] step = 2  nelec = 64  neInt = 64.000000  dnelc =  3.0372007132e-09
[ENERG] step = 2  eTotl = -102.66306707  eCore = 17.32890114  eCoul = 15.51810735  eExcl = -30.17653505  eNucl = -105.33354051  eDisp = 0.00000000
[ERROR] step = 2  engy error = -1.0894012893e-01  grad error =  0.0000000000e+00  dmat error =  1.1233451784e-01
Timer "SCF cycle: 2" used time: 0.682045 s.

[LSDF] xchg phases: A=0.000 s, B(K_W)=0.008 s, C(K_V)=0.264 s, E(reduce)=0.001 s
[NELEC] step = 3  nelec = 64  neInt = 64.000000  dnelc =  3.0922109318e-09
[ENERG] step = 3  eTotl = -102.67422397  eCore = 18.22780055  eCoul = 14.29320720  eExcl = -29.86169120  eNucl = -105.33354051  eDisp = 0.00000000
[ERROR] step = 3  engy error = -1.1156896002e-02  grad error =  0.0000000000e+00  dmat error =  1.3473296623e-01
Timer "SCF cycle: 3" used time: 0.655237 s.

[LSDF] xchg phases: A=0.001 s, B(K_W)=0.009 s, C(K_V)=0.355 s, E(reduce)=0.001 s
[NELEC] step = 4  nelec = 64  neInt = 64.000000  dnelc =  3.1038069892e-09
[ENERG] step = 4  eTotl = -102.68454582  eCore = 17.90641523  eCoul = 14.71680160  eExcl = -29.97422214  eNucl = -105.33354051  eDisp = 0.00000000
[ERROR] step = 4  engy error = -1.0321853758e-02  grad error =  0.0000000000e+00  dmat error =  2.9121674475e-02
Timer "SCF cycle: 4" used time: 0.767164 s.

[LSDF] xchg phases: A=0.000 s, B(K_W)=0.008 s, C(K_V)=0.386 s, E(reduce)=0.001 s
[NELEC] step = 5  nelec = 64  neInt = 64.000000  dnelc =  3.1055975569e-09
[ENERG] step = 5  eTotl = -102.68518595  eCore = 17.80569475  eCoul = 14.85288114  eExcl = -30.01022132  eNucl = -105.33354051  eDisp = 0.00000000
[ERROR] step = 5  engy error = -6.4012469799e-04  grad error =  0.0000000000e+00  dmat error =  9.8497424208e-03
Timer "SCF cycle: 5" used time: 0.794299 s.

[LSDF] xchg phases: A=0.000 s, B(K_W)=0.011 s, C(K_V)=0.325 s, E(reduce)=0.001 s
[NELEC] step = 6  nelec = 64  neInt = 64.000000  dnelc =  3.1060949368e-09
[ENERG] step = 6  eTotl = -102.68518872  eCore = 17.80520502  eCoul = 14.85358365  eExcl = -30.01043688  eNucl = -105.33354051  eDisp = 0.00000000
[ERROR] step = 6  engy error = -2.7720623166e-06  grad error =  0.0000000000e+00  dmat error =  9.4527959780e-04
Timer "SCF cycle: 6" used time: 0.724389 s.

[LSDF] xchg phases: A=0.000 s, B(K_W)=0.008 s, C(K_V)=0.261 s, E(reduce)=0.001 s
[NELEC] step = 7  nelec = 64  neInt = 64.000000  dnelc =  3.1065354733e-09
[ENERG] step = 7  eTotl = -102.68519013  eCore = 17.80529821  eCoul = 14.85352023  eExcl = -30.01046806  eNucl = -105.33354051  eDisp = 0.00000000
[ERROR] step = 7  engy error = -1.4094864298e-06  grad error =  0.0000000000e+00  dmat error =  1.1934226055e-03
Timer "SCF cycle: 7" used time: 0.659661 s.

[NELEC] step = 8  nelec = 64  neInt = 64.000000  dnelc =  3.1064786299e-09
[ENERG] step = 8  eTotl = -102.68519018  eCore = 17.80548271  eCoul = 14.85328178  eExcl = -30.01041415  eNucl = -105.33354051  eDisp = 0.00000000
[ERROR] step = 8  engy error = -4.5209162636e-08  grad error =  0.0000000000e+00  dmat error =  1.7407479370e-04
Timer "SCF cycle: 8" used time: 0.719326 s.

[NELEC] step = 9  nelec = 64  neInt = 64.000000  dnelc =  3.1064786299e-09
[ENERG] step = 9  eTotl = -102.68519018  eCore = 17.80547405  eCoul = 14.85329672  eExcl = -30.01042044  eNucl = -105.33354051  eDisp = 0.00000000
[ERROR] step = 9  engy error = -4.1857362021e-09  grad error =  0.0000000000e+00  dmat error =  5.0343257403e-05
Timer "SCF cycle: 9" used time: 0.677574 s.

[NELEC] step = 10  nelec = 64  neInt = 64.000000  dnelc =  3.1064786299e-09
[ENERG] step = 10  eTotl = -102.68519018  eCore = 17.80546629  eCoul = 14.85330733  eExcl = -30.01042328  eNucl = -105.33354051  eDisp = 0.00000000
[ERROR] step = 10  engy error = -1.4210854715e-10  grad error =  0.0000000000e+00  dmat error =  3.2815897947e-06
SCF converged in 10 steps.
[LSDF] xchg_d10: ISDF-robust path (K_V + K_V~ - K_IP)
[GRADIENT] SCF type: GRKS | atoms: 16 | DOF: 48 | time: 33.162 s
  Atom   0:   5.9019074743e-03  -2.4567006647e-03  -2.2295302135e-03
  Atom   1:   6.6160401273e-02   3.7415965442e-02   2.5909824562e-02
  Atom   2:  -1.2283633346e-02  -6.0496360985e-03   4.1767491938e-03
  Atom   3:  -7.4760495500e-03   1.7603372276e-03  -1.9053326070e-03
  Atom   4:  -9.0057457145e-03  -3.4893122482e-03  -4.1977855895e-03
  Atom   5:  -2.1715912320e-02  -1.7087889307e-02  -1.2299267743e-02
  Atom   6:  -1.0501365890e-02  -7.8098796136e-03  -4.6841867988e-03
  Atom   7:  -9.7487738354e-03  -1.6556012096e-03  -3.8707669971e-03
  Atom   8:   7.6085453119e-03  -6.0790560377e-03  -1.9691336986e-03
  Atom   9:   2.1598134838e-03   1.0666866342e-03  -9.5196256113e-04
  Atom  10:  -2.1699322715e-03  -1.0949734224e-03  -1.1029394249e-03
  Atom  11:  -9.6898349934e-03   5.1607714001e-03  -2.3266599798e-03
  Atom  12:   3.8953926263e-04   8.9274595567e-05   2.0061706141e-03
  Atom  13:  -5.1619910566e-04  -6.8957330077e-04  -6.1136035363e-04
  Atom  14:   1.9571242529e-06  -8.4589871194e-04   3.3934209940e-03
  Atom  15:   8.1797069482e-04   1.7794493615e-03   6.9515064928e-04
[OPT] step = 0  energy = -102.6851901799  dE =               N/A  grad_max =  6.6160401273e-02  grad_rms =  1.3192432335e-02
[OPT] Geometry optimization did not converge in 1 steps.
Kylin-PBC Done.
Timer "Kylin-PBC main" used time: 44.58640 s.
