Kylin-PBC: v1.0.0

System time = 2026-06-28 02:28:51

OMP threads = 32

KYLIN_PBC_ROOT = "/home/rudin/code/kylin-pbc"
KYLIN_SCR_PATH = "/tmp"
KYLIN_JOB_PATH = "/home/rudin/code/kylin-pbc/art/example/scaling/cip-Si16-HSE06/full/c10"

SCF.xcfun                      = HSE06
SCF.basis                      = dzvp-sr
SCF.psudo                      = gth-pbe
SCF.kmesh                      = 1 1 1
SCF.gmesh                      = 5.0e-01
SCF.ispin                      = OFF
SCF.dspin                      = 0
SCF.eps_engy                   = 1.0e-06 [AU]
SCF.eps_grad                   = 1.0e-05 [AU]
SCF.eps_dmat                   = 1.0e-03
SCF.chk_load                   = 
SCF.chk_save                   = 
SCF.scf_guess                  = ATOM
SCF.max_cycle                  = 100
SCF.vdw_method                 = NONE
SCF.coul_method                = MGDF
SCF.xchg_method                = LSDF
SCF.xchg_exxocc                = OFF
SCF.xchg_exxace                = NONE
SCF.xchg_robust                = FULL
SCF.xchg_exxdiv                = NONE
SCF.xchg_dropG0                = OFF
SCF.lsdf_cparam                = 10
SCF.lsdf_mparam                = 5
SCF.lsdf_ipslct                = QRCP
SCF.lsdf_chocut                = 1.0e-08
SCF.lsdf_atmcut                = 2.5e+01
SCF.lsdf_aovcut                = 1.0e-07
SCF.lsdf_swzcut                = 0.0e+00
SCF.lsdf_pnocut                = 0.0e+00
SCF.lsdf_nafcut                = 0.0e+00
SCF.mgdf_ntasks                = 4
SCF.mgdf_kratio                = 3.0e+00
SCF.mgdf_cutoff                = 3.0e+02 [AU]
SCF.mgdf_relcut                = 3.0e+01
SCF.mgdf_prprec                = 1.0e-14
SCF.dmx_mix_method             = NONE
SCF.dmx_mix_start              = 1
SCF.dmx_mix_space              = 8
SCF.dmx_mix_alpha              = 3.0e-01
SCF.rho_mix_method             = NONE
SCF.rho_mix_start              = 1
SCF.rho_mix_space              = 8
SCF.rho_mix_alpha              = 3.0e-01
SCF.hks_mix_method             = BROY
SCF.hks_mix_start              = 1
SCF.hks_mix_space              = 8
SCF.hks_mix_alpha              = 3.0e-01
SCF.damp_factor                = 0.0e+00
SCF.level_shift                = 0.0e+00 [AU]
SCF.smear_method               = NONE
SCF.smear_sigma                = 0.0e+00 [AU]
SCF.soc                        = OFF
SCF.soc_window                 = 1.8e+00 [AU]
SCF.print_bandgap              = OFF
SCF.print_time                 = OFF

OPT.opt_method                 = BFGS
OPT.max_cycle                  = 1
OPT.eps_engy                   = 4.0e-06 [AU]
OPT.eps_grad                   = 4.0e-04 [AU]
OPT.trust_limit                = 3.0e-01 [AU]
OPT.damp_factor                = 0.0e+00
OPT.opt_mix_method             = NONE
OPT.opt_mix_start              = 1
OPT.opt_mix_space              = 5
OPT.opt_mix_alpha              = 3.0e-01
OPT.neb_method                 = FIRE
OPT.neb_lclimb                 = ON
OPT.neb_interp                 = IDPP
OPT.neb_nimage                 = 5
OPT.neb_spring                 = 1.0e-02 [AU]
OPT.neb_maxstep                = 7.6e-02 [AU]

PROP.calculation               = NONE
FREQ.freq_method               = FREE2
FREQ.fd_stepsize               = 2.8e-02 [AU]
DOS.dos_method                 = GAUSS
DOS.dos_sigma                  = 3.7e-03 [AU]
DOS.dos_npoint                 = 1001
DOS.dos_emin                   = 0.0e+00 [AU]
DOS.dos_emax                   = 0.0e+00 [AU]

OPT.mdx_ensemble               = NVE
OPT.mdx_thermostat             = NHC
OPT.mdx_max_step               = 0
OPT.mdx_timestep               = 4.0e+01 [AU]
OPT.mdx_temperature            = 9.5e-04 [AU]
OPT.mdx_pressure               = 0.0e+00 [AU]
OPT.mdx_thermo_tau             = 4.0e+03 [AU]
OPT.mdx_baro_tau               = 2.0e+04 [AU]
OPT.mdx_nhc_length             = 3
OPT.mdx_nhc_mts                = 3
OPT.mdx_constraint             = OFF
OPT.mdx_constraint_tol         = 1.0e-10
OPT.mdx_rng_seed               = 42

K-points mesh = 1 1 1

xc functional: "HSE06"
is hybrid: YES
HFX coeff: 0.25

Basis Set Name: "dzvp-sr"
number of shell = 48
number of basis = 208
gmesh = 29 29 57

Pseudopotential Name: "gth-pbe"
number of valence electron = 64

OPT Calculation.

==============================================================
                   Geometry Optimization                      
==============================================================
  method      = BFGS
  max_cycle   = 1
  eps_engy    = 4.000000e-06
  eps_grad    = 4.000000e-04
  trust_limit = 0.300000
  natom       = 16
  nfree       = 48 / 48
==============================================================

--------------------------------------------------------------
  OPT step 0
--------------------------------------------------------------
[OPT] Cell structure (Angstrom):
       5.43100000       0.00000000       0.00000000
       0.00000000       5.43100000       0.00000000
       0.00000000       0.00000000      10.86200000

Cart
Si         0.00000000       0.00000000       0.00000000   T T T
Si         0.00000000       2.71550000       2.71550000   T T T
Si         2.71550000       0.00000000       2.71550000   T T T
Si         2.71550000       2.71550000       0.00000000   T T T
Si         1.35775000       1.35775000       1.35775000   T T T
Si         1.35775000       4.07325000       4.07325000   T T T
Si         4.07325000       1.35775000       4.07325000   T T T
Si         4.07325000       4.07325000       1.35775000   T T T
Si         0.00000000       0.00000000       5.43100000   T T T
Si         0.00000000       2.71550000       8.14650000   T T T
Si         2.71550000       0.00000000       8.14650000   T T T
Si         2.71550000       2.71550000       5.43100000   T T T
Si         1.35775000       1.35775000       6.78875000   T T T
Si         1.35775000       4.07325000       9.50425000   T T T
Si         4.07325000       1.35775000       9.50425000   T T T
Si         4.07325000       4.07325000       6.78875000   T T T

[OPT] Cell written to /home/rudin/code/kylin-pbc/art/example/scaling/cip-Si16-HSE06/full/c10/opt_img/cell_opt_0.txt
[LSDF] gmesh = (29, 29, 57), ngrid = 47937, naofn = 208, natom = 16
Timer "[LSDF] Voronoi partition" used time: 0.001410 s.
Timer "[LSDF] AO evaluation + screening" used time: 0.146157 s.
[LSDF] IP method: randomized QRCP (c=10, m=5)
[LSDF] total IPs selected: 2160 (4.5059% of grid)
Timer "[LSDF] IP selection" used time: 0.068119 s.
Timer "[LSDF] aux basis fitting" used time: 0.017336 s.
[LSDF] Step 5 diagnostics: natom=16, ngrid=47937, naux_total=2160
[LSDF]   OMP threads=32, MKL threads=32
[LSDF]   Vmat_loc total size: 2160 x 47937 = 0.77 GB
Timer "[LSDF]   5a Vmat_loc alloc+FFT" used time: 0.085346 s.
[LSDF]   W size: 2160 x 2160 = 35.60 MB, max_npart=3140
Timer "[LSDF]   5b W construction (DGEMM)" used time: 0.025881 s.
Timer "[LSDF]   5c Wmat symmetrize" used time: 0.001890 s.
[LSDF]   robust_mode=FULL: keeping Vmat_loc (0.77 GB) in atom ordering
Timer "[LSDF] V/W construction" used time: 0.113167 s.
[LSDF] xchg phases: A=0.000 s, B(K_W)=0.006 s, C(K_V)=0.058 s, E(reduce)=0.001 s
[NELEC] step = 0  nelec = 64  neInt = 64.000000  dnelc =  2.1927348826e-11
[ENERG] step = 0  eTotl = -62.95944599  eCore = 19.62269416  eCoul = 4.69090466  eExcl = -20.08964256  eNucl = -67.18340225  eDisp = 0.00000000
[ERROR] step = 0  engy error =  0.0000000000e+00  grad error =  0.0000000000e+00  dmat error =  0.0000000000e+00
Timer "SCF cycle: 0" used time: 1.070254 s.

[LSDF] xchg phases: A=0.001 s, B(K_W)=0.003 s, C(K_V)=0.183 s, E(reduce)=0.001 s
[NELEC] step = 1  nelec = 64  neInt = 64.000000  dnelc =  2.8990143619e-11
[ENERG] step = 1  eTotl = -63.16662974  eCore = 19.34620494  eCoul = 4.50620602  eExcl = -19.83563845  eNucl = -67.18340225  eDisp = 0.00000000
[ERROR] step = 1  engy error = -2.0718375326e-01  grad error =  0.0000000000e+00  dmat error =  1.1562846006e+00
Timer "SCF cycle: 1" used time: 1.187951 s.

[LSDF] xchg phases: A=0.000 s, B(K_W)=0.003 s, C(K_V)=0.046 s, E(reduce)=0.001 s
[NELEC] step = 2  nelec = 64  neInt = 64.000000  dnelc =  2.9359625842e-11
[ENERG] step = 2  eTotl = -63.17221793  eCore = 19.32242086  eCoul = 4.54453020  eExcl = -19.85576673  eNucl = -67.18340225  eDisp = 0.00000000
[ERROR] step = 2  engy error = -5.5881906040e-03  grad error =  0.0000000000e+00  dmat error =  1.7033305199e-02
Timer "SCF cycle: 2" used time: 1.034916 s.

[LSDF] xchg phases: A=0.001 s, B(K_W)=0.003 s, C(K_V)=0.042 s, E(reduce)=0.001 s
[NELEC] step = 3  nelec = 64  neInt = 64.000000  dnelc =  3.0183855415e-11
[ENERG] step = 3  eTotl = -63.17809983  eCore = 19.27679479  eCoul = 4.62992812  eExcl = -19.90142048  eNucl = -67.18340225  eDisp = 0.00000000
[ERROR] step = 3  engy error = -5.8818998887e-03  grad error =  0.0000000000e+00  dmat error =  4.1794515083e-02
Timer "SCF cycle: 3" used time: 1.048644 s.

[LSDF] xchg phases: A=0.000 s, B(K_W)=0.003 s, C(K_V)=0.046 s, E(reduce)=0.001 s
[NELEC] step = 4  nelec = 64  neInt = 64.000000  dnelc =  3.0070168577e-11
[ENERG] step = 4  eTotl = -63.17816049  eCore = 19.28132815  eCoul = 4.62385747  eExcl = -19.89994385  eNucl = -67.18340225  eDisp = 0.00000000
[ERROR] step = 4  engy error = -6.0658832076e-05  grad error =  0.0000000000e+00  dmat error =  6.1760521710e-03
Timer "SCF cycle: 4" used time: 1.034833 s.

[LSDF] xchg phases: A=0.002 s, B(K_W)=0.006 s, C(K_V)=0.047 s, E(reduce)=0.001 s
[NELEC] step = 5  nelec = 64  neInt = 64.000000  dnelc =  3.0070168577e-11
[ENERG] step = 5  eTotl = -63.17816158  eCore = 19.28144771  eCoul = 4.62377626  eExcl = -19.89998330  eNucl = -67.18340225  eDisp = 0.00000000
[ERROR] step = 5  engy error = -1.0888471778e-06  grad error =  0.0000000000e+00  dmat error =  3.8658592296e-04
Timer "SCF cycle: 5" used time: 1.063783 s.

[LSDF] xchg phases: A=0.000 s, B(K_W)=0.003 s, C(K_V)=0.051 s, E(reduce)=0.001 s
[NELEC] step = 6  nelec = 64  neInt = 64.000000  dnelc =  3.0070168577e-11
[ENERG] step = 6  eTotl = -63.17816261  eCore = 19.28149483  eCoul = 4.62393490  eExcl = -19.90019009  eNucl = -67.18340225  eDisp = 0.00000000
[ERROR] step = 6  engy error = -1.0348707207e-06  grad error =  0.0000000000e+00  dmat error =  6.8125985557e-04
Timer "SCF cycle: 6" used time: 1.061778 s.

[LSDF] xchg phases: A=0.000 s, B(K_W)=0.004 s, C(K_V)=0.065 s, E(reduce)=0.001 s
[NELEC] step = 7  nelec = 64  neInt = 64.000000  dnelc =  3.0041746868e-11
[ENERG] step = 7  eTotl = -63.17816264  eCore = 19.28137192  eCoul = 4.62418894  eExcl = -19.90032124  eNucl = -67.18340225  eDisp = 0.00000000
[ERROR] step = 7  engy error = -2.1318868448e-08  grad error =  0.0000000000e+00  dmat error =  9.1358104420e-05
SCF converged in 7 steps.
[LSDF] xchg_d10: ISDF-robust path (K_V + K_V~ - K_IP)
[GRADIENT] SCF type: GRKS | atoms: 16 | DOF: 48 | time: 14.559 s
  Atom   0:  -7.9102964971e-07   1.9387188585e-06   1.2264554082e-05
  Atom   1:   3.1320379544e-05  -1.6865764833e-05  -1.3967751977e-05
  Atom   2:   7.7365973931e-06  -2.8356947574e-05  -1.3203092545e-05
  Atom   3:   1.5342270493e-05   2.1650143193e-05  -2.0662826967e-06
  Atom   4:  -5.8869480805e-06   2.2052194258e-05  -2.2720885901e-05
  Atom   5:   2.2003315234e-05   5.9420094639e-06   5.4919153248e-06
  Atom   6:   4.5714706428e-06  -1.8319743739e-05  -1.7206298754e-05
  Atom   7:  -2.0822238170e-05   3.9702001598e-06  -1.2619534031e-05
  Atom   8:   8.6995039179e-06   8.3691412655e-06   1.7094847130e-05
  Atom   9:   9.9719654117e-07   1.1773571394e-05  -8.3137875015e-06
  Atom  10:  -2.6185587267e-05  -1.0198989867e-05   4.3773964355e-06
  Atom  11:  -3.2557885484e-05   4.0331727328e-06   1.5246526090e-05
  Atom  12:   1.1632005471e-06  -1.8435503945e-06   9.3779219912e-06
  Atom  13:   1.8634240264e-06   3.7359829912e-05   2.5853801760e-05
  Atom  14:  -9.6804814851e-06  -1.0560778328e-05   1.4565817277e-05
  Atom  15:   2.2923797703e-06  -1.7230349808e-05  -6.7945101032e-06
[OPT] step = 0  energy = -63.1781626362  dE =               N/A  grad_max =  3.7359829912e-05  grad_rms =  1.5745571134e-05
[OPT] Geometry optimization did not converge in 1 steps.
Kylin-PBC Done.
Timer "Kylin-PBC main" used time: 24.36704 s.
