Kylin-PBC: v1.0.0

System time = 2026-06-25 18:45:27

OMP threads = 32

KYLIN_PBC_ROOT = "/home/rudin/code/kylin-pbc"
KYLIN_SCR_PATH = "/tmp"
KYLIN_JOB_PATH = "/home/rudin/code/kylin-pbc/art/example/internal/Si128-HSE06-gamma-FTDF"

SCF.xcfun                      = HSE06
SCF.basis                      = dzvp-sr
SCF.psudo                      = gth-pbe
SCF.kmesh                      = 1 1 1
SCF.gmesh                      = 6.0e-01
SCF.ispin                      = OFF
SCF.dspin                      = 0
SCF.eps_engy                   = 3.7e-09 [AU]
SCF.eps_grad                   = 1.0e-05 [AU]
SCF.eps_dmat                   = 1.0e-03
SCF.chk_load                   = 
SCF.chk_save                   = 
SCF.scf_guess                  = ATOM
SCF.max_cycle                  = 200
SCF.vdw_method                 = NONE
SCF.coul_method                = MGDF
SCF.xchg_method                = FTDF
SCF.xchg_exxocc                = OFF
SCF.xchg_exxace                = NONE
SCF.xchg_robust                = TILE
SCF.xchg_exxdiv                = EWALD
SCF.xchg_dropG0                = ON
SCF.lsdf_cparam                = 30
SCF.lsdf_mparam                = 5
SCF.lsdf_ipslct                = QRCP
SCF.lsdf_chocut                = 1.0e-08
SCF.lsdf_atmcut                = 2.5e+01
SCF.lsdf_aovcut                = 1.0e-07
SCF.lsdf_swzcut                = 0.0e+00
SCF.lsdf_pnocut                = 0.0e+00
SCF.lsdf_nafcut                = 0.0e+00
SCF.mgdf_ntasks                = 4
SCF.mgdf_kratio                = 3.0e+00
SCF.mgdf_cutoff                = 3.0e+02 [AU]
SCF.mgdf_relcut                = 3.0e+01
SCF.mgdf_prprec                = 1.0e-14
SCF.dmx_mix_method             = NONE
SCF.dmx_mix_start              = 1
SCF.dmx_mix_space              = 8
SCF.dmx_mix_alpha              = 3.0e-01
SCF.rho_mix_method             = NONE
SCF.rho_mix_start              = 1
SCF.rho_mix_space              = 8
SCF.rho_mix_alpha              = 3.0e-01
SCF.hks_mix_method             = BROY
SCF.hks_mix_start              = 1
SCF.hks_mix_space              = 8
SCF.hks_mix_alpha              = 3.0e-01
SCF.damp_factor                = 0.0e+00
SCF.level_shift                = 0.0e+00 [AU]
SCF.smear_method               = NONE
SCF.smear_sigma                = 0.0e+00 [AU]
SCF.soc                        = OFF
SCF.soc_window                 = 1.8e+00 [AU]
SCF.print_bandgap              = ON
SCF.print_time                 = OFF

OPT.opt_method                 = BFGS
OPT.max_cycle                  = 0
OPT.eps_engy                   = 4.0e-06 [AU]
OPT.eps_grad                   = 4.0e-04 [AU]
OPT.trust_limit                = 3.0e-01 [AU]
OPT.damp_factor                = 0.0e+00
OPT.opt_mix_method             = NONE
OPT.opt_mix_start              = 1
OPT.opt_mix_space              = 5
OPT.opt_mix_alpha              = 3.0e-01
OPT.neb_method                 = FIRE
OPT.neb_lclimb                 = ON
OPT.neb_interp                 = IDPP
OPT.neb_nimage                 = 5
OPT.neb_spring                 = 1.0e-02 [AU]
OPT.neb_maxstep                = 7.6e-02 [AU]

PROP.calculation               = NONE
FREQ.freq_method               = FREE2
FREQ.fd_stepsize               = 2.8e-02 [AU]
DOS.dos_method                 = GAUSS
DOS.dos_sigma                  = 3.7e-03 [AU]
DOS.dos_npoint                 = 1001
DOS.dos_emin                   = 0.0e+00 [AU]
DOS.dos_emax                   = 0.0e+00 [AU]

OPT.mdx_ensemble               = NVE
OPT.mdx_thermostat             = NHC
OPT.mdx_max_step               = 0
OPT.mdx_timestep               = 4.0e+01 [AU]
OPT.mdx_temperature            = 9.5e-04 [AU]
OPT.mdx_pressure               = 0.0e+00 [AU]
OPT.mdx_thermo_tau             = 4.0e+03 [AU]
OPT.mdx_baro_tau               = 2.0e+04 [AU]
OPT.mdx_nhc_length             = 3
OPT.mdx_nhc_mts                = 3
OPT.mdx_constraint             = OFF
OPT.mdx_constraint_tol         = 1.0e-10
OPT.mdx_rng_seed               = 42

K-points mesh = 1 1 1

xc functional: "HSE06"
is hybrid: YES
HFX coeff: 0.25

Basis Set Name: "dzvp-sr"
number of shell = 384
number of basis = 1664
gmesh = 135 68 68

Pseudopotential Name: "gth-pbe"
number of valence electron = 512

SCF Calculation.
Gamma point
[NELEC] step = 0  nelec = 512  neInt = 511.999980  dnelc = -1.9688778366e-05
[ENERG] step = 0  eTotl = -500.41581068  eCore = 157.07769468  eCoul = 36.53504929  eExcl = -156.56133663  eNucl = -537.46721802  eDisp = 0.00000000
[ERROR] step = 0  engy error =  0.0000000000e+00  grad error =  0.0000000000e+00  dmat error =  0.0000000000e+00
Timer "SCF cycle: 0" used time: 2396.881 s.

[NELEC] step = 1  nelec = 512  neInt = 512.000000  dnelc = -6.1675109464e-11
[ENERG] step = 1  eTotl = -503.63368299  eCore = 154.17262060  eCoul = 33.54273470  eExcl = -153.88182027  eNucl = -537.46721802  eDisp = 0.00000000
[ERROR] step = 1  engy error = -3.2178723056e+00  grad error =  0.0000000000e+00  dmat error =  1.1006081091e+00
Timer "SCF cycle: 1" used time: 1649.012 s.

[NELEC] step = 2  nelec = 512  neInt = 512.000000  dnelc = -5.9344529291e-11
[ENERG] step = 2  eTotl = -503.68799810  eCore = 153.88375604  eCoul = 34.00618401  eExcl = -154.11072013  eNucl = -537.46721802  eDisp = 0.00000000
[ERROR] step = 2  engy error = -5.4315114997e-02  grad error =  0.0000000000e+00  dmat error =  1.7124204560e-02
Timer "SCF cycle: 2" used time: 1657.268 s.

[NELEC] step = 3  nelec = 512  neInt = 512.000000  dnelc = -5.4853899201e-11
[ENERG] step = 3  eTotl = -503.74126355  eCore = 153.33914152  eCoul = 34.99379970  eExcl = -154.60698676  eNucl = -537.46721802  eDisp = 0.00000000
[ERROR] step = 3  engy error = -5.3265450900e-02  grad error =  0.0000000000e+00  dmat error =  4.1463905863e-02
Timer "SCF cycle: 3" used time: 1585.294 s.

[NELEC] step = 4  nelec = 512  neInt = 512.000000  dnelc = -5.7468696468e-11
[ENERG] step = 4  eTotl = -503.74204504  eCore = 153.39760262  eCoul = 34.91135777  eExcl = -154.58378742  eNucl = -537.46721802  eDisp = 0.00000000
[ERROR] step = 4  engy error = -7.8149008334e-04  grad error =  0.0000000000e+00  dmat error =  9.7585174803e-03
Timer "SCF cycle: 4" used time: 1331.799 s.

[NELEC] step = 5  nelec = 512  neInt = 512.000000  dnelc = -5.7923443819e-11
[ENERG] step = 5  eTotl = -503.74205109  eCore = 153.39898788  eCoul = 34.90993718  eExcl = -154.58375813  eNucl = -537.46721802  eDisp = 0.00000000
[ERROR] step = 5  engy error = -6.0507005060e-06  grad error =  0.0000000000e+00  dmat error =  4.3152017341e-04
Timer "SCF cycle: 5" used time: 1417.792 s.

[NELEC] step = 6  nelec = 512  neInt = 512.000000  dnelc = -5.7866600400e-11
[ENERG] step = 6  eTotl = -503.74205552  eCore = 153.40001161  eCoul = 34.90959426  eExcl = -154.58444336  eNucl = -537.46721802  eDisp = 0.00000000
[ERROR] step = 6  engy error = -4.4218800213e-06  grad error =  0.0000000000e+00  dmat error =  5.9075782922e-04
Timer "SCF cycle: 6" used time: 1268.758 s.

[NELEC] step = 7  nelec = 512  neInt = 512.000000  dnelc = -5.7355009631e-11
[ENERG] step = 7  eTotl = -503.74205594  eCore = 153.39863102  eCoul = 34.91241098  eExcl = -154.58587993  eNucl = -537.46721802  eDisp = 0.00000000
[ERROR] step = 7  engy error = -4.2638879449e-07  grad error =  0.0000000000e+00  dmat error =  1.2377754532e-04
Timer "SCF cycle: 7" used time: 1279.283 s.

[NELEC] step = 8  nelec = 512  neInt = 512.000000  dnelc = -5.7411853049e-11
[ENERG] step = 8  eTotl = -503.74205594  eCore = 153.39859539  eCoul = 34.91247127  eExcl = -154.58590458  eNucl = -537.46721802  eDisp = 0.00000000
[ERROR] step = 8  engy error = -3.5760194805e-10  grad error =  0.0000000000e+00  dmat error =  2.4686241865e-06
SCF converged in 8 steps.

  Band Gap Analysis (per k-point)
  k-pt    spin         HOMO (eV)       LUMO (eV)        Gap (eV)
  -----------------------------------------------------------
  0       0             5.872192        7.186926        1.314734
  -----------------------------------------------------------
  VBM =       5.872192 eV    CBM =       7.186926 eV    Band Gap =       1.314734 eV

Kylin-PBC Done.
Timer "Kylin-PBC main" used time: 13912.38 s.
