[MGDF_DIAG] gmesh = 323 163 163  (ngrid=8581787)
[MGDF_DIAG] level 0  mesh=63 33 33  ngrid=68607  tasks=87168
[MGDF_DIAG] level 1  mesh=109 55 55  ngrid=329725  tasks=59136
[MGDF_DIAG] level 2  mesh=187 95 95  ngrid=1687675  tasks=31872
[MGDF_DIAG] level 3  mesh=323 163 163  ngrid=8581787  tasks=0
[MGDF_DIAG] atom_pairs_kept=178176  rejected: atom=573760 set=0 pgf=541184 radius=7680
[MGDF_DIAG] max_pair_radius=15.7373  max_pgf_rcut=14.1991  total_pairs=178176  precision_colloc=1e-14  precision_screen=1e-07
  [bwd-lev0] integ=0.270327s  tasks=87168  us/pair=99.2389  grid=0.52343MB
  [bwd-lev1] integ=0.163727s  tasks=59136  us/pair=88.5969  grid=2.5156MB
  [bwd-lev2] integ=0.194545s  tasks=31872  us/pair=195.326  grid=12.8759MB
  [bwd] fft=0.075134s  integ=0.628599s  reduce=0.029084s
  [fwd-lev0] colloc=0.188876s  tasks=87168  us/pair=69.3377  grid=0.52343MB
  [fwd-lev1] colloc=0.111433s  tasks=59136  us/pair=60.2993  grid=2.5156MB
  [fwd-lev2] colloc=0.0839739s  tasks=31872  us/pair=84.3111  grid=12.8759MB
  [fwd] colloc=0.384283s  reduce=0.0128162s  fft=0.0712731s
  [bwd-lev0] integ=0.233549s  tasks=87168  us/pair=85.7375  grid=0.52343MB
  [bwd-lev1] integ=0.190897s  tasks=59136  us/pair=103.299  grid=2.5156MB
  [bwd-lev2] integ=0.177277s  tasks=31872  us/pair=177.989  grid=12.8759MB
  [bwd] fft=0.100799s  integ=0.601723s  reduce=0.0324819s
  [fwd-lev0] colloc=0.137024s  tasks=87168  us/pair=50.3025  grid=0.52343MB
  [fwd-lev1] colloc=0.088907s  tasks=59136  us/pair=48.1099  grid=2.5156MB
  [fwd-lev2] colloc=0.0659471s  tasks=31872  us/pair=66.2119  grid=12.8759MB
  [fwd] colloc=0.291878s  reduce=0.00999904s  fft=0.0287158s
  [bwd-lev0] integ=0.160312s  tasks=87168  us/pair=58.8517  grid=0.52343MB
  [bwd-lev1] integ=0.114522s  tasks=59136  us/pair=61.9709  grid=2.5156MB
  [bwd-lev2] integ=0.0846031s  tasks=31872  us/pair=84.9428  grid=12.8759MB
  [bwd] fft=0.0532141s  integ=0.359437s  reduce=0.00980783s
  [fwd-lev0] colloc=0.109711s  tasks=87168  us/pair=40.2757  grid=0.52343MB
  [fwd-lev1] colloc=0.084523s  tasks=59136  us/pair=45.7375  grid=2.5156MB
  [fwd-lev2] colloc=0.0519319s  tasks=31872  us/pair=52.1404  grid=12.8759MB
  [fwd] colloc=0.246166s  reduce=0.00406909s  fft=0.029453s
  [bwd-lev0] integ=0.137604s  tasks=87168  us/pair=50.5154  grid=0.52343MB
  [bwd-lev1] integ=0.105312s  tasks=59136  us/pair=56.9869  grid=2.5156MB
  [bwd-lev2] integ=0.0709021s  tasks=31872  us/pair=71.1869  grid=12.8759MB
  [bwd] fft=0.0834498s  integ=0.313818s  reduce=0.00984216s
  [fwd-lev0] colloc=0.124725s  tasks=87168  us/pair=45.7874  grid=0.52343MB
  [fwd-lev1] colloc=0.0845242s  tasks=59136  us/pair=45.7382  grid=2.5156MB
  [fwd-lev2] colloc=0.0561938s  tasks=31872  us/pair=56.4195  grid=12.8759MB
  [fwd] colloc=0.265443s  reduce=0.00821304s  fft=0.0288863s
  [bwd-lev0] integ=0.154962s  tasks=87168  us/pair=56.8877  grid=0.52343MB
  [bwd-lev1] integ=0.115978s  tasks=59136  us/pair=62.7585  grid=2.5156MB
  [bwd-lev2] integ=0.0884421s  tasks=31872  us/pair=88.7973  grid=12.8759MB
  [bwd] fft=0.062506s  integ=0.359382s  reduce=0.0147979s
  [fwd-lev0] colloc=0.105203s  tasks=87168  us/pair=38.6208  grid=0.52343MB
  [fwd-lev1] colloc=0.0650311s  tasks=59136  us/pair=35.19  grid=2.5156MB
  [fwd-lev2] colloc=0.0479119s  tasks=31872  us/pair=48.1043  grid=12.8759MB
  [fwd] colloc=0.218146s  reduce=0.00539494s  fft=0.0343552s
  [bwd-lev0] integ=0.133329s  tasks=87168  us/pair=48.946  grid=0.52343MB
  [bwd-lev1] integ=0.0931261s  tasks=59136  us/pair=50.3929  grid=2.5156MB
  [bwd-lev2] integ=0.0684061s  tasks=31872  us/pair=68.6808  grid=12.8759MB
  [bwd] fft=0.0510972s  integ=0.294861s  reduce=0.00503397s
  [fwd-lev0] colloc=0.108713s  tasks=87168  us/pair=39.9093  grid=0.52343MB
  [fwd-lev1] colloc=0.067374s  tasks=59136  us/pair=36.4578  grid=2.5156MB
  [fwd-lev2] colloc=0.0504489s  tasks=31872  us/pair=50.6515  grid=12.8759MB
  [fwd] colloc=0.226536s  reduce=0.00391603s  fft=0.0358531s
  [bwd-lev0] integ=0.152854s  tasks=87168  us/pair=56.1138  grid=0.52343MB
  [bwd-lev1] integ=0.104351s  tasks=59136  us/pair=56.467  grid=2.5156MB
  [bwd-lev2] integ=0.0877242s  tasks=31872  us/pair=88.0765  grid=12.8759MB
  [bwd] fft=0.0527949s  integ=0.344929s  reduce=0.0100179s
  [fwd-lev0] colloc=0.118962s  tasks=87168  us/pair=43.6718  grid=0.52343MB
  [fwd-lev1] colloc=0.0671251s  tasks=59136  us/pair=36.3231  grid=2.5156MB
  [fwd-lev2] colloc=0.0527248s  tasks=31872  us/pair=52.9366  grid=12.8759MB
  [fwd] colloc=0.238812s  reduce=0.00864625s  fft=0.0296159s
  [bwd-lev0] integ=0.137744s  tasks=87168  us/pair=50.5669  grid=0.52343MB
  [bwd-lev1] integ=0.101713s  tasks=59136  us/pair=55.0396  grid=2.5156MB
  [bwd-lev2] integ=0.070961s  tasks=31872  us/pair=71.246  grid=12.8759MB
  [bwd] fft=0.0542278s  integ=0.310418s  reduce=0.00967383s
  [fwd-lev0] colloc=0.105253s  tasks=87168  us/pair=38.6391  grid=0.52343MB
  [fwd-lev1] colloc=0.064919s  tasks=59136  us/pair=35.1293  grid=2.5156MB
  [fwd-lev2] colloc=0.046901s  tasks=31872  us/pair=47.0893  grid=12.8759MB
  [fwd] colloc=0.217073s  reduce=0.00283408s  fft=0.0309899s
  [bwd-lev0] integ=0.133475s  tasks=87168  us/pair=48.9997  grid=0.52343MB
  [bwd-lev1] integ=0.0930049s  tasks=59136  us/pair=50.3273  grid=2.5156MB
  [bwd-lev2] integ=0.068331s  tasks=31872  us/pair=68.6054  grid=12.8759MB
  [bwd] fft=0.0511069s  integ=0.294811s  reduce=0.00523496s
  [fwd-lev0] colloc=0.113585s  tasks=87168  us/pair=41.6979  grid=0.52343MB
  [fwd-lev1] colloc=0.0703452s  tasks=59136  us/pair=38.0656  grid=2.5156MB
  [fwd-lev2] colloc=0.0504999s  tasks=31872  us/pair=50.7027  grid=12.8759MB
  [fwd] colloc=0.23443s  reduce=0.0180912s  fft=0.029753s
  [bwd-lev0] integ=0.13624s  tasks=87168  us/pair=50.0147  grid=0.52343MB
  [bwd-lev1] integ=0.096185s  tasks=59136  us/pair=52.0481  grid=2.5156MB
  [bwd-lev2] integ=0.0768981s  tasks=31872  us/pair=77.2069  grid=12.8759MB
  [bwd] fft=0.0512872s  integ=0.309323s  reduce=0.0100939s
