Kylin-PBC: v1.0.0

System time = 2026-06-24 22:55:46

OMP threads = 32

KYLIN_PBC_ROOT = "/home/rudin/code/kylin-pbc"
KYLIN_SCR_PATH = "/tmp"
KYLIN_JOB_PATH = "/home/rudin/code/kylin-pbc/art/example/internal/Si128-PBE-gamma-FTDF"

SCF.xcfun                      = PBE
SCF.basis                      = dzvp-sr
SCF.psudo                      = gth-pbe
SCF.kmesh                      = 1 1 1
SCF.gmesh                      = 6.0e-01
SCF.ispin                      = OFF
SCF.dspin                      = 0
SCF.eps_engy                   = 3.7e-09 [AU]
SCF.eps_grad                   = 1.0e-05 [AU]
SCF.eps_dmat                   = 1.0e-03
SCF.chk_load                   = 
SCF.chk_save                   = 
SCF.scf_guess                  = ATOM
SCF.max_cycle                  = 200
SCF.vdw_method                 = NONE
SCF.coul_method                = FTDF
SCF.xchg_method                = LSDF
SCF.xchg_exxocc                = OFF
SCF.xchg_exxace                = NONE
SCF.xchg_robust                = TILE
SCF.xchg_exxdiv                = NONE
SCF.lsdf_cparam                = 30
SCF.lsdf_mparam                = 5
SCF.lsdf_ipslct                = QRCP
SCF.lsdf_chocut                = 1.0e-08
SCF.lsdf_atmcut                = 2.5e+01
SCF.lsdf_aovcut                = 1.0e-07
SCF.lsdf_swzcut                = 0.0e+00
SCF.lsdf_pnocut                = 0.0e+00
SCF.lsdf_nafcut                = 0.0e+00
SCF.mgdf_ntasks                = 4
SCF.mgdf_kratio                = 3.0e+00
SCF.mgdf_cutoff                = 3.0e+02 [AU]
SCF.mgdf_relcut                = 3.0e+01
SCF.mgdf_prprec                = 1.0e-14
SCF.dmx_mix_method             = NONE
SCF.dmx_mix_start              = 1
SCF.dmx_mix_space              = 8
SCF.dmx_mix_alpha              = 3.0e-01
SCF.rho_mix_method             = NONE
SCF.rho_mix_start              = 1
SCF.rho_mix_space              = 8
SCF.rho_mix_alpha              = 3.0e-01
SCF.hks_mix_method             = BROY
SCF.hks_mix_start              = 1
SCF.hks_mix_space              = 8
SCF.hks_mix_alpha              = 3.0e-01
SCF.damp_factor                = 0.0e+00
SCF.level_shift                = 0.0e+00 [AU]
SCF.smear_method               = NONE
SCF.smear_sigma                = 0.0e+00 [AU]
SCF.soc                        = OFF
SCF.soc_window                 = 1.8e+00 [AU]
SCF.print_bandgap              = ON
SCF.print_time                 = OFF

OPT.opt_method                 = BFGS
OPT.max_cycle                  = 0
OPT.eps_engy                   = 4.0e-06 [AU]
OPT.eps_grad                   = 4.0e-04 [AU]
OPT.trust_limit                = 3.0e-01 [AU]
OPT.damp_factor                = 0.0e+00
OPT.opt_mix_method             = NONE
OPT.opt_mix_start              = 1
OPT.opt_mix_space              = 5
OPT.opt_mix_alpha              = 3.0e-01
OPT.neb_method                 = FIRE
OPT.neb_lclimb                 = ON
OPT.neb_interp                 = IDPP
OPT.neb_nimage                 = 5
OPT.neb_spring                 = 1.0e-02 [AU]
OPT.neb_maxstep                = 7.6e-02 [AU]

PROP.calculation               = NONE
FREQ.freq_method               = FREE2
FREQ.fd_stepsize               = 2.8e-02 [AU]
DOS.dos_method                 = GAUSS
DOS.dos_sigma                  = 3.7e-03 [AU]
DOS.dos_npoint                 = 1001
DOS.dos_emin                   = 0.0e+00 [AU]
DOS.dos_emax                   = 0.0e+00 [AU]

OPT.mdx_ensemble               = NVE
OPT.mdx_thermostat             = NHC
OPT.mdx_max_step               = 0
OPT.mdx_timestep               = 4.0e+01 [AU]
OPT.mdx_temperature            = 9.5e-04 [AU]
OPT.mdx_pressure               = 0.0e+00 [AU]
OPT.mdx_thermo_tau             = 4.0e+03 [AU]
OPT.mdx_baro_tau               = 2.0e+04 [AU]
OPT.mdx_nhc_length             = 3
OPT.mdx_nhc_mts                = 3
OPT.mdx_constraint             = OFF
OPT.mdx_constraint_tol         = 1.0e-10
OPT.mdx_rng_seed               = 42

K-points mesh = 1 1 1

xc functional: "PBE"
is hybrid: NO

Basis Set Name: "dzvp-sr"
number of shell = 384
number of basis = 1664
gmesh = 135 68 68

Pseudopotential Name: "gth-pbe"
number of valence electron = 512

SCF Calculation.
Gamma point
[NELEC] step = 0  nelec = 512  neInt = 511.999980  dnelc = -1.9688848568e-05
[ENERG] step = 0  eTotl = -499.19641361  eCore = 157.07769486  eCoul = 36.53504929  eExcl = -155.34193974  eNucl = -537.46721802  eDisp = 0.00000000
[ERROR] step = 0  engy error =  0.0000000000e+00  grad error =  0.0000000000e+00  dmat error =  0.0000000000e+00
Timer "SCF cycle: 0" used time: 85.74983 s.

[NELEC] step = 1  nelec = 512  neInt = 512.000000  dnelc = -7.3896444519e-13
[ENERG] step = 1  eTotl = -503.66674105  eCore = 153.87965535  eCoul = 34.02209226  eExcl = -154.10127064  eNucl = -537.46721802  eDisp = 0.00000000
[ERROR] step = 1  engy error = -4.4703274402e+00  grad error =  0.0000000000e+00  dmat error =  1.1322144082e+00
Timer "SCF cycle: 1" used time: 80.03573 s.

[NELEC] step = 2  nelec = 512  neInt = 512.000000  dnelc = -7.3896444519e-13
[ENERG] step = 2  eTotl = -503.67077369  eCore = 153.75049911  eCoul = 34.22960708  eExcl = -154.18366185  eNucl = -537.46721802  eDisp = 0.00000000
[ERROR] step = 2  engy error = -4.0326368801e-03  grad error =  0.0000000000e+00  dmat error =  4.5005876151e-03
Timer "SCF cycle: 2" used time: 77.23612 s.

[NELEC] step = 3  nelec = 512  neInt = 512.000000  dnelc = -2.2737367544e-13
[ENERG] step = 3  eTotl = -503.67345564  eCore = 153.51200668  eCoul = 34.61988640  eExcl = -154.33813070  eNucl = -537.46721802  eDisp = 0.00000000
[ERROR] step = 3  engy error = -2.6819543617e-03  grad error =  0.0000000000e+00  dmat error =  8.1830732789e-03
Timer "SCF cycle: 3" used time: 76.71809 s.

[NELEC] step = 4  nelec = 512  neInt = 512.000000  dnelc = -3.4106051316e-13
[ENERG] step = 4  eTotl = -503.67349596  eCore = 153.52928864  eCoul = 34.59010809  eExcl = -154.32567467  eNucl = -537.46721802  eDisp = 0.00000000
[ERROR] step = 4  engy error = -4.0321620418e-05  grad error =  0.0000000000e+00  dmat error =  9.9297948393e-04
Timer "SCF cycle: 4" used time: 76.74196 s.

[NELEC] step = 5  nelec = 512  neInt = 512.000000  dnelc = -2.2737367544e-13
[ENERG] step = 5  eTotl = -503.67350733  eCore = 153.54064463  eCoul = 34.57057666  eExcl = -154.31751059  eNucl = -537.46721802  eDisp = 0.00000000
[ERROR] step = 5  engy error = -1.1364121917e-05  grad error =  0.0000000000e+00  dmat error =  6.6158030178e-04
Timer "SCF cycle: 5" used time: 76.98184 s.

[NELEC] step = 6  nelec = 512  neInt = 512.000000  dnelc = -2.2737367544e-13
[ENERG] step = 6  eTotl = -503.67350747  eCore = 153.54104641  eCoul = 34.56988341  eExcl = -154.31721928  eNucl = -537.46721802  eDisp = 0.00000000
[ERROR] step = 6  engy error = -1.4700543716e-07  grad error =  0.0000000000e+00  dmat error =  4.5991792869e-05
Timer "SCF cycle: 6" used time: 80.15398 s.

[NELEC] step = 7  nelec = 512  neInt = 512.000000  dnelc = -5.1159076975e-13
[ENERG] step = 7  eTotl = -503.67350748  eCore = 153.54110439  eCoul = 34.56977696  eExcl = -154.31717081  eNucl = -537.46721802  eDisp = 0.00000000
[ERROR] step = 7  engy error = -7.1819385994e-09  grad error =  0.0000000000e+00  dmat error =  1.8852078258e-05
Timer "SCF cycle: 7" used time: 79.30942 s.

[NELEC] step = 8  nelec = 512  neInt = 512.000000  dnelc =  1.1368683772e-13
[ENERG] step = 8  eTotl = -503.67350748  eCore = 153.54116807  eCoul = 34.56965916  eExcl = -154.31711669  eNucl = -537.46721802  eDisp = 0.00000000
[ERROR] step = 8  engy error = -2.5980284590e-09  grad error =  0.0000000000e+00  dmat error =  1.1659690221e-05
SCF converged in 8 steps.

  Band Gap Analysis (per k-point)
  k-pt    spin         HOMO (eV)       LUMO (eV)        Gap (eV)
  -----------------------------------------------------------
  0       0             6.218487        6.883931        0.665444
  -----------------------------------------------------------
  VBM =       6.218487 eV    CBM =       6.883931 eV    Band Gap =       0.665444 eV

Kylin-PBC Done.
Timer "Kylin-PBC main" used time: 817.4095 s.
