Kylin-PBC: v1.0.0

System time = 2026-06-25 18:56:03

OMP threads = 32

KYLIN_PBC_ROOT = "/home/rudin/code/kylin-pbc"
KYLIN_SCR_PATH = "/tmp"
KYLIN_JOB_PATH = "/home/rudin/code/kylin-pbc/art/example/internal/Si-HSE06-k333-LSDF"

SCF.xcfun                      = HSE06
SCF.basis                      = dzvp-sr
SCF.psudo                      = gth-pbe
SCF.kmesh                      = 3 3 3
SCF.gmesh                      = 6.0e-01
SCF.ispin                      = OFF
SCF.dspin                      = 0
SCF.eps_engy                   = 3.7e-09 [AU]
SCF.eps_grad                   = 1.0e-05 [AU]
SCF.eps_dmat                   = 1.0e-03
SCF.chk_load                   = 
SCF.chk_save                   = 
SCF.scf_guess                  = ATOM
SCF.max_cycle                  = 200
SCF.vdw_method                 = NONE
SCF.coul_method                = MGDF
SCF.xchg_method                = LSDF
SCF.xchg_exxocc                = OFF
SCF.xchg_exxace                = NONE
SCF.xchg_robust                = NONE
SCF.xchg_exxdiv                = EWALD
SCF.xchg_dropG0                = ON
SCF.lsdf_cparam                = 60
SCF.lsdf_mparam                = 5
SCF.lsdf_ipslct                = QRCP
SCF.lsdf_chocut                = 1.0e-08
SCF.lsdf_atmcut                = 2.5e+01
SCF.lsdf_aovcut                = 1.0e-07
SCF.lsdf_swzcut                = 0.0e+00
SCF.lsdf_pnocut                = 0.0e+00
SCF.lsdf_nafcut                = 0.0e+00
SCF.mgdf_ntasks                = 4
SCF.mgdf_kratio                = 3.0e+00
SCF.mgdf_cutoff                = 3.0e+02 [AU]
SCF.mgdf_relcut                = 3.0e+01
SCF.mgdf_prprec                = 1.0e-14
SCF.dmx_mix_method             = NONE
SCF.dmx_mix_start              = 1
SCF.dmx_mix_space              = 8
SCF.dmx_mix_alpha              = 3.0e-01
SCF.rho_mix_method             = NONE
SCF.rho_mix_start              = 1
SCF.rho_mix_space              = 8
SCF.rho_mix_alpha              = 3.0e-01
SCF.hks_mix_method             = BROY
SCF.hks_mix_start              = 1
SCF.hks_mix_space              = 8
SCF.hks_mix_alpha              = 3.0e-01
SCF.damp_factor                = 0.0e+00
SCF.level_shift                = 0.0e+00 [AU]
SCF.smear_method               = NONE
SCF.smear_sigma                = 0.0e+00 [AU]
SCF.soc                        = OFF
SCF.soc_window                 = 1.8e+00 [AU]
SCF.print_bandgap              = OFF
SCF.print_time                 = OFF

OPT.opt_method                 = BFGS
OPT.max_cycle                  = 0
OPT.eps_engy                   = 4.0e-06 [AU]
OPT.eps_grad                   = 4.0e-04 [AU]
OPT.trust_limit                = 3.0e-01 [AU]
OPT.damp_factor                = 0.0e+00
OPT.opt_mix_method             = NONE
OPT.opt_mix_start              = 1
OPT.opt_mix_space              = 5
OPT.opt_mix_alpha              = 3.0e-01
OPT.neb_method                 = FIRE
OPT.neb_lclimb                 = ON
OPT.neb_interp                 = IDPP
OPT.neb_nimage                 = 5
OPT.neb_spring                 = 1.0e-02 [AU]
OPT.neb_maxstep                = 7.6e-02 [AU]

PROP.calculation               = NONE
FREQ.freq_method               = FREE2
FREQ.fd_stepsize               = 2.8e-02 [AU]
DOS.dos_method                 = GAUSS
DOS.dos_sigma                  = 3.7e-03 [AU]
DOS.dos_npoint                 = 1001
DOS.dos_emin                   = 0.0e+00 [AU]
DOS.dos_emax                   = 0.0e+00 [AU]

OPT.mdx_ensemble               = NVE
OPT.mdx_thermostat             = NHC
OPT.mdx_max_step               = 0
OPT.mdx_timestep               = 4.0e+01 [AU]
OPT.mdx_temperature            = 9.5e-04 [AU]
OPT.mdx_pressure               = 0.0e+00 [AU]
OPT.mdx_thermo_tau             = 4.0e+03 [AU]
OPT.mdx_baro_tau               = 2.0e+04 [AU]
OPT.mdx_nhc_length             = 3
OPT.mdx_nhc_mts                = 3
OPT.mdx_constraint             = OFF
OPT.mdx_constraint_tol         = 1.0e-10
OPT.mdx_rng_seed               = 42

K-points mesh = 3 3 3

xc functional: "HSE06"
is hybrid: YES
HFX coeff: 0.25

Basis Set Name: "dzvp-sr"
number of shell = 6
number of basis = 26
gmesh = 25 25 25

Pseudopotential Name: "gth-pbe"
number of valence electron = 8

SCF Calculation.
K sampling = 3 3 3
[LSDF-K] gmesh = (25, 25, 25), nkpts = 27, naofn = 26, natom = 2
Timer "[LSDF-K] Voronoi partition" used time: 0.000406 s.
[LSDF-K]   atom 0: 7690 grid points, 13 AOs
[LSDF-K]   atom 1: 7935 grid points, 13 AOs
[LSDF-K]   atom 0: 26 / 26 AOs kept after screening
[LSDF-K]   atom 1: 26 / 26 AOs kept after screening
Timer "[LSDF-K] AO evaluation + screening" used time: 0.145512 s.
[LSDF-K]   atom 0: 785 IPs selected
[LSDF-K]   atom 1: 785 IPs selected
[LSDF-K]   total IPs: 1570 (10.0480% of grid)
Timer "[LSDF-K] IP selection" used time: 2.178547 s.
[LSDF-K]   aux fitting over k-summed pair products (Nk = 27)
[LSDF-K]   atom 0: aux_basis (785 x 7690), nao_local = 26
[LSDF-K]   atom 1: aux_basis (785 x 7935), nao_local = 26
Timer "[LSDF-K] aux basis fitting" used time: 1.172504 s.
[LSDF-K]   W_k[0]: (1570 x 1570)
[LSDF-K]   W_k[1]: (1570 x 1570)
[LSDF-K]   W_k[2]: (1570 x 1570)
[LSDF-K]   W_k[3]: (1570 x 1570)
[LSDF-K]   W_k[4]: (1570 x 1570)
[LSDF-K]   W_k[5]: (1570 x 1570)
[LSDF-K]   W_k[6]: (1570 x 1570)
[LSDF-K]   W_k[7]: (1570 x 1570)
[LSDF-K]   W_k[8]: (1570 x 1570)
[LSDF-K]   W_k[9]: (1570 x 1570)
[LSDF-K]   W_k[10]: (1570 x 1570)
[LSDF-K]   W_k[11]: (1570 x 1570)
[LSDF-K]   W_k[12]: (1570 x 1570)
[LSDF-K]   W_k[13]: (1570 x 1570)
[LSDF-K]   W_k[14]: (1570 x 1570)
[LSDF-K]   W_k[15]: (1570 x 1570)
[LSDF-K]   W_k[16]: (1570 x 1570)
[LSDF-K]   W_k[17]: (1570 x 1570)
[LSDF-K]   W_k[18]: (1570 x 1570)
[LSDF-K]   W_k[19]: (1570 x 1570)
[LSDF-K]   W_k[20]: (1570 x 1570)
[LSDF-K]   W_k[21]: (1570 x 1570)
[LSDF-K]   W_k[22]: (1570 x 1570)
[LSDF-K]   W_k[23]: (1570 x 1570)
[LSDF-K]   W_k[24]: (1570 x 1570)
[LSDF-K]   W_k[25]: (1570 x 1570)
[LSDF-K]   W_k[26]: (1570 x 1570)
Timer "[LSDF-K] W_k construction" used time: 45.13009 s.
Timer "[LSDF-K] W_k k-mesh DFT" used time: 0.394851 s.
Timer "[LSDF-K] aovals_pivots" used time: 0.053099 s.
Timer "LSDF-K build" used time: 49.07649 s.
[LSDF-K] build complete: naux = 1570
[IGUESS] MINAO initial guess done. naofn = 26  nkpot = 27
[NELEC] step = 0  nelec = 8  neInt = 8.164970  dnelc =  1.6497037851e-01
[ENERG] step = 0  eTotl = -7.81604030  eCore = 2.49863732  eCoul = 0.59631351  eExcl = -2.51855105  eNucl = -8.39244008  eDisp = 0.00000000
[ERROR] step = 0  engy error =  0.0000000000e+00  grad error =  0.0000000000e+00  dmat error =  0.0000000000e+00
Timer "SCF cycle: 0" used time: 1.158013 s.

[NELEC] step = 1  nelec = 8  neInt = 8.000000  dnelc = -1.1892709040e-12
[ENERG] step = 1  eTotl = -7.84704892  eCore = 2.41513089  eCoul = 0.54562899  eExcl = -2.41536872  eNucl = -8.39244008  eDisp = 0.00000000
[ERROR] step = 1  engy error = -3.1008611419e-02  grad error =  0.0000000000e+00  dmat error =  1.6065291989e+00
Timer "SCF cycle: 1" used time: 1.144825 s.

[NELEC] step = 2  nelec = 8  neInt = 8.000000  dnelc = -1.1901590824e-12
[ENERG] step = 2  eTotl = -7.84795003  eCore = 2.41016772  eCoul = 0.55347809  eExcl = -2.41915576  eNucl = -8.39244008  eDisp = 0.00000000
[ERROR] step = 2  engy error = -9.0111462264e-04  grad error =  0.0000000000e+00  dmat error =  1.6594646016e-02
Timer "SCF cycle: 2" used time: 1.161440 s.

[NELEC] step = 3  nelec = 8  neInt = 8.000000  dnelc = -1.1963763313e-12
[ENERG] step = 3  eTotl = -7.84880313  eCore = 2.40055945  eCoul = 0.57064648  eExcl = -2.42756899  eNucl = -8.39244008  eDisp = 0.00000000
[ERROR] step = 3  engy error = -8.5310478262e-04  grad error =  0.0000000000e+00  dmat error =  4.1502727971e-02
Timer "SCF cycle: 3" used time: 1.149960 s.

[NELEC] step = 4  nelec = 8  neInt = 8.000000  dnelc = -1.1874945471e-12
[ENERG] step = 4  eTotl = -7.84881445  eCore = 2.40178417  eCoul = 0.56875714  eExcl = -2.42691569  eNucl = -8.39244008  eDisp = 0.00000000
[ERROR] step = 4  engy error = -1.1317183485e-05  grad error =  0.0000000000e+00  dmat error =  8.8108274046e-03
Timer "SCF cycle: 4" used time: 1.134426 s.

[NELEC] step = 5  nelec = 8  neInt = 8.000000  dnelc = -1.1892709040e-12
[ENERG] step = 5  eTotl = -7.84881456  eCore = 2.40183977  eCoul = 0.56867443  eExcl = -2.42688868  eNucl = -8.39244008  eDisp = 0.00000000
[ERROR] step = 5  engy error = -1.0285594421e-07  grad error =  0.0000000000e+00  dmat error =  4.9708189258e-04
Timer "SCF cycle: 5" used time: 1.144745 s.

[NELEC] step = 6  nelec = 8  neInt = 8.000000  dnelc = -1.1892709040e-12
[ENERG] step = 6  eTotl = -7.84881460  eCore = 2.40182810  eCoul = 0.56870985  eExcl = -2.42691247  eNucl = -8.39244008  eDisp = 0.00000000
[ERROR] step = 6  engy error = -4.4109851771e-08  grad error =  0.0000000000e+00  dmat error =  4.1124694872e-04
Timer "SCF cycle: 6" used time: 1.164292 s.

[NELEC] step = 7  nelec = 8  neInt = 8.000000  dnelc = -1.1901590824e-12
[ENERG] step = 7  eTotl = -7.84881460  eCore = 2.40183123  eCoul = 0.56870954  eExcl = -2.42691529  eNucl = -8.39244008  eDisp = 0.00000000
[ERROR] step = 7  engy error = -3.3068214833e-09  grad error =  0.0000000000e+00  dmat error =  1.3659850937e-04
SCF converged in 7 steps.
Kylin-PBC Done.
Timer "Kylin-PBC main" used time: 58.80781 s.
