Kylin-PBC: v1.0.0

System time = 2026-09-30 19:55:28

OMP threads = 32

KYLIN_PBC_ROOT = "/home/rudin/code/kylin-pbc"
KYLIN_SCR_PATH = "/tmp"
KYLIN_JOB_PATH = "/home/rudin/tmp-review-ionic/BN16/full/c05"

SCF.xcfun                      = HSE06
SCF.basis                      = dzvp-sr
SCF.psudo                      = gth-pbe
SCF.kmesh                      = 1 1 1
SCF.gmesh                      = 5.0e-01
SCF.ispin                      = OFF
SCF.dspin                      = 0
SCF.eps_engy                   = 3.7e-09 [AU]
SCF.eps_grad                   = 1.0e-05 [AU]
SCF.eps_dmat                   = 1.0e-03
SCF.chk_load                   = 
SCF.chk_save                   = 
SCF.scf_guess                  = ATOM
SCF.max_cycle                  = 200
SCF.vdw_method                 = NONE
SCF.coul_method                = MGDF
SCF.xchg_method                = LSDF
SCF.xchg_exxocc                = OFF
SCF.xchg_exxace                = NONE
SCF.xchg_robust                = FULL
SCF.xchg_exxdiv                = EWALD
SCF.xchg_dropG0                = ON
SCF.lsdf_cparam                = 5
SCF.lsdf_mparam                = 5
SCF.lsdf_ipslct                = QRCP
SCF.lsdf_chocut                = 1.0e-08
SCF.lsdf_atmcut                = 2.5e+01
SCF.lsdf_aovcut                = 1.0e-07
SCF.lsdf_swzcut                = 0.0e+00
SCF.lsdf_pnocut                = 0.0e+00
SCF.lsdf_nafcut                = 0.0e+00
SCF.mgdf_ntasks                = 4
SCF.mgdf_kratio                = 3.0e+00
SCF.mgdf_cutoff                = 3.0e+02 [AU]
SCF.mgdf_relcut                = 3.0e+01
SCF.mgdf_prprec                = 1.0e-14
SCF.dmx_mix_method             = NONE
SCF.dmx_mix_start              = 1
SCF.dmx_mix_space              = 8
SCF.dmx_mix_alpha              = 3.0e-01
SCF.rho_mix_method             = NONE
SCF.rho_mix_start              = 1
SCF.rho_mix_space              = 8
SCF.rho_mix_alpha              = 3.0e-01
SCF.hks_mix_method             = BROY
SCF.hks_mix_start              = 1
SCF.hks_mix_space              = 8
SCF.hks_mix_alpha              = 3.0e-01
SCF.damp_factor                = 0.0e+00
SCF.level_shift                = 0.0e+00 [AU]
SCF.smear_method               = NONE
SCF.smear_sigma                = 0.0e+00 [AU]
SCF.soc                        = OFF
SCF.soc_window                 = 1.8e+00 [AU]
SCF.print_bandgap              = OFF
SCF.print_time                 = OFF

OPT.opt_method                 = BFGS
OPT.max_cycle                  = 1
OPT.eps_engy                   = 4.0e-06 [AU]
OPT.eps_grad                   = 4.0e-04 [AU]
OPT.trust_limit                = 3.0e-01 [AU]
OPT.damp_factor                = 0.0e+00
OPT.opt_mix_method             = NONE
OPT.opt_mix_start              = 1
OPT.opt_mix_space              = 5
OPT.opt_mix_alpha              = 3.0e-01
OPT.neb_method                 = FIRE
OPT.neb_lclimb                 = ON
OPT.neb_interp                 = IDPP
OPT.neb_nimage                 = 5
OPT.neb_spring                 = 1.0e-02 [AU]
OPT.neb_maxstep                = 7.6e-02 [AU]

PROP.calculation               = NONE
FREQ.freq_method               = FREE2
FREQ.fd_stepsize               = 2.8e-02 [AU]
DOS.dos_method                 = GAUSS
DOS.dos_sigma                  = 3.7e-03 [AU]
DOS.dos_npoint                 = 1001
DOS.dos_emin                   = 0.0e+00 [AU]
DOS.dos_emax                   = 0.0e+00 [AU]

OPT.mdx_ensemble               = NVE
OPT.mdx_thermostat             = NHC
OPT.mdx_max_step               = 0
OPT.mdx_timestep               = 4.0e+01 [AU]
OPT.mdx_temperature            = 9.5e-04 [AU]
OPT.mdx_pressure               = 0.0e+00 [AU]
OPT.mdx_thermo_tau             = 4.0e+03 [AU]
OPT.mdx_baro_tau               = 2.0e+04 [AU]
OPT.mdx_nhc_length             = 3
OPT.mdx_nhc_mts                = 3
OPT.mdx_constraint             = OFF
OPT.mdx_constraint_tol         = 1.0e-10
OPT.mdx_rng_seed               = 42

K-points mesh = 1 1 1

xc functional: "HSE06"
is hybrid: YES
HFX coeff: 0.25

Basis Set Name: "dzvp-sr"
number of shell = 48
number of basis = 208
gmesh = 44 44 87

Pseudopotential Name: "gth-pbe"
number of valence electron = 64

OPT Calculation.

==============================================================
                   Geometry Optimization                      
==============================================================
  method      = BFGS
  max_cycle   = 1
  eps_engy    = 4.000000e-06
  eps_grad    = 4.000000e-04
  trust_limit = 0.300000
  natom       = 16
  nfree       = 48 / 48
==============================================================

--------------------------------------------------------------
  OPT step 0
--------------------------------------------------------------
[OPT] Cell structure (Angstrom):
       3.61500000       0.00000000       0.00000000
       0.00000000       3.61500000       0.00000000
       0.00000000       0.00000000       7.23000000

Cart
B          0.00000000       0.00000000       0.00000000   T T T
B          0.10000000       1.85750000       1.83750000   T T T
B          1.80750000       0.00000000       1.80750000   T T T
B          1.80750000       1.80750000       0.00000000   T T T
N          0.90375000       0.90375000       0.90375000   T T T
N          0.90375000       2.71125000       2.71125000   T T T
N          2.71125000       0.90375000       2.71125000   T T T
N          2.71125000       2.71125000       0.90375000   T T T
B          0.00000000       0.00000000       3.61500000   T T T
B          0.00000000       1.80750000       5.42250000   T T T
B          1.80750000       0.00000000       5.42250000   T T T
B          1.80750000       1.80750000       3.61500000   T T T
N          0.90375000       0.90375000       4.51875000   T T T
N          0.90375000       2.71125000       6.32625000   T T T
N          2.71125000       0.90375000       6.32625000   T T T
N          2.71125000       2.71125000       4.51875000   T T T

[OPT] Cell written to /home/rudin/tmp-review-ionic/BN16/full/c05/opt_img/cell_opt_0.txt
[LSDF] gmesh = (44, 44, 87), ngrid = 168432, naofn = 208, natom = 16
Timer "[LSDF] Voronoi partition" used time: 0.002807 s.
Timer "[LSDF] AO evaluation + screening" used time: 0.537983 s.
[LSDF] IP method: randomized QRCP (c=5, m=5)
[LSDF] total IPs selected: 1120 (0.6650% of grid)
Timer "[LSDF] IP selection" used time: 0.121252 s.
Timer "[LSDF] aux basis fitting" used time: 0.052723 s.
[LSDF] Step 5 diagnostics: natom=16, ngrid=168432, naux_total=1120
[LSDF]   OMP threads=32, MKL threads=32
[LSDF]   Vmat_loc total size: 1120 x 168432 = 1.41 GB
Timer "[LSDF]   5a Vmat_loc alloc+FFT" used time: 0.141928 s.
[LSDF]   W size: 1120 x 1120 = 9.57 MB, max_npart=10885
Timer "[LSDF]   5b W construction (DGEMM)" used time: 0.028637 s.
Timer "[LSDF]   5c Wmat symmetrize" used time: 0.000641 s.
[LSDF]   robust_mode=FULL: keeping Vmat_loc (1.41 GB) in atom ordering
Timer "[LSDF] V/W construction" used time: 0.171250 s.
[LSDF] xchg phases: A=0.000 s, B(K_W)=0.001 s, C(K_V)=0.098 s, E(reduce)=0.001 s
[NELEC] step = 0  nelec = 64  neInt = 64.000000  dnelc =  2.2468498173e-09
[ENERG] step = 0  eTotl = -105.00645019  eCore = 18.41671619  eCoul = 12.41189606  eExcl = -30.50152193  eNucl = -105.33354051  eDisp = 0.00000000
[ERROR] step = 0  engy error =  0.0000000000e+00  grad error =  0.0000000000e+00  dmat error =  0.0000000000e+00
Timer "SCF cycle: 0" used time: 0.520336 s.

[LSDF] xchg phases: A=0.000 s, B(K_W)=0.001 s, C(K_V)=0.098 s, E(reduce)=0.001 s
[NELEC] step = 1  nelec = 64  neInt = 64.000000  dnelc =  2.9694717796e-09
[ENERG] step = 1  eTotl = -102.54637445  eCore = 16.50990543  eCoul = 16.76864197  eExcl = -30.49138133  eNucl = -105.33354051  eDisp = 0.00000000
[ERROR] step = 1  engy error =  2.4600757407e+00  grad error =  0.0000000000e+00  dmat error =  1.6193553490e+00
Timer "SCF cycle: 1" used time: 0.489553 s.

[LSDF] xchg phases: A=0.000 s, B(K_W)=0.001 s, C(K_V)=0.098 s, E(reduce)=0.001 s
[NELEC] step = 2  nelec = 64  neInt = 64.000000  dnelc =  3.0428566333e-09
[ENERG] step = 2  eTotl = -102.65469486  eCore = 17.33207680  eCoul = 15.51344358  eExcl = -30.16667473  eNucl = -105.33354051  eDisp = 0.00000000
[ERROR] step = 2  engy error = -1.0832040921e-01  grad error =  0.0000000000e+00  dmat error =  1.1210191843e-01
Timer "SCF cycle: 2" used time: 0.482936 s.

[LSDF] xchg phases: A=0.000 s, B(K_W)=0.001 s, C(K_V)=0.183 s, E(reduce)=0.001 s
[NELEC] step = 3  nelec = 64  neInt = 64.000000  dnelc =  3.0955931152e-09
[ENERG] step = 3  eTotl = -102.66575933  eCore = 18.22836249  eCoul = 14.29259093  eExcl = -29.85317224  eNucl = -105.33354051  eDisp = 0.00000000
[ERROR] step = 3  engy error = -1.1064471097e-02  grad error =  0.0000000000e+00  dmat error =  1.3449773713e-01
Timer "SCF cycle: 3" used time: 0.570781 s.

[LSDF] xchg phases: A=0.000 s, B(K_W)=0.001 s, C(K_V)=0.280 s, E(reduce)=0.001 s
[NELEC] step = 4  nelec = 64  neInt = 64.000000  dnelc =  3.1070470641e-09
[ENERG] step = 4  eTotl = -102.67603929  eCore = 17.90798957  eCoul = 14.71479930  eExcl = -29.96528764  eNucl = -105.33354051  eDisp = 0.00000000
[ERROR] step = 4  engy error = -1.0279955932e-02  grad error =  0.0000000000e+00  dmat error =  2.8962745593e-02
Timer "SCF cycle: 4" used time: 0.671894 s.

[LSDF] xchg phases: A=0.000 s, B(K_W)=0.001 s, C(K_V)=0.098 s, E(reduce)=0.001 s
[NELEC] step = 5  nelec = 64  neInt = 64.000000  dnelc =  3.1086813124e-09
[ENERG] step = 5  eTotl = -102.67668227  eCore = 17.80706129  eCoul = 14.85113384  eExcl = -30.00133689  eNucl = -105.33354051  eDisp = 0.00000000
[ERROR] step = 5  engy error = -6.4298238040e-04  grad error =  0.0000000000e+00  dmat error =  9.8716357026e-03
Timer "SCF cycle: 5" used time: 0.485935 s.

[LSDF] xchg phases: A=0.000 s, B(K_W)=0.001 s, C(K_V)=0.098 s, E(reduce)=0.001 s
[NELEC] step = 6  nelec = 64  neInt = 64.000000  dnelc =  3.1091076380e-09
[ENERG] step = 6  eTotl = -102.67668502  eCore = 17.80656557  eCoul = 14.85184497  eExcl = -30.00155504  eNucl = -105.33354051  eDisp = 0.00000000
[ERROR] step = 6  engy error = -2.7442306987e-06  grad error =  0.0000000000e+00  dmat error =  9.3578077267e-04
Timer "SCF cycle: 6" used time: 0.487279 s.

[LSDF] xchg phases: A=0.000 s, B(K_W)=0.001 s, C(K_V)=0.098 s, E(reduce)=0.001 s
[NELEC] step = 7  nelec = 64  neInt = 64.000000  dnelc =  3.1094771202e-09
[ENERG] step = 7  eTotl = -102.67668641  eCore = 17.80665585  eCoul = 14.85178603  eExcl = -30.00158777  eNucl = -105.33354051  eDisp = 0.00000000
[ERROR] step = 7  engy error = -1.3922276878e-06  grad error =  0.0000000000e+00  dmat error =  1.1758120800e-03
Timer "SCF cycle: 7" used time: 0.489127 s.

[NELEC] step = 8  nelec = 64  neInt = 64.000000  dnelc =  3.1094629094e-09
[ENERG] step = 8  eTotl = -102.67668646  eCore = 17.80683372  eCoul = 14.85155694  eExcl = -30.00153661  eNucl = -105.33354051  eDisp = 0.00000000
[ERROR] step = 8  engy error = -4.8363901328e-08  grad error =  0.0000000000e+00  dmat error =  1.7634766071e-04
Timer "SCF cycle: 8" used time: 0.527968 s.

[NELEC] step = 9  nelec = 64  neInt = 64.000000  dnelc =  3.1094486985e-09
[ENERG] step = 9  eTotl = -102.67668646  eCore = 17.80683042  eCoul = 14.85156503  eExcl = -30.00154140  eNucl = -105.33354051  eDisp = 0.00000000
[ERROR] step = 9  engy error = -5.0877559943e-09  grad error =  0.0000000000e+00  dmat error =  5.4040832187e-05
Timer "SCF cycle: 9" used time: 0.642077 s.

[NELEC] step = 10  nelec = 64  neInt = 64.000000  dnelc =  3.1094344877e-09
[ENERG] step = 10  eTotl = -102.67668646  eCore = 17.80682276  eCoul = 14.85157552  eExcl = -30.00154424  eNucl = -105.33354051  eDisp = 0.00000000
[ERROR] step = 10  engy error = -1.4355805433e-10  grad error =  0.0000000000e+00  dmat error =  3.2544541194e-06
SCF converged in 10 steps.
[LSDF] xchg_d10: ISDF-robust path (K_V + K_V~ - K_IP)
[GRADIENT] SCF type: GRKS | atoms: 16 | DOF: 48 | time: 32.407 s
  Atom   0:   5.9147889397e-03  -2.4023867081e-03  -2.2472310931e-03
  Atom   1:   6.6044473890e-02   3.7339566861e-02   2.5886955465e-02
  Atom   2:  -1.2180734408e-02  -6.0453312509e-03   4.2933333427e-03
  Atom   3:  -7.5856391850e-03   1.5193492902e-03  -1.7881589797e-03
  Atom   4:  -7.0029200736e-03  -4.8891488287e-03  -5.9633451329e-03
  Atom   5:  -2.1140596849e-02  -1.7265767778e-02  -1.1004492115e-02
  Atom   6:  -9.9296499169e-03  -7.3111537124e-03  -6.9849201099e-03
  Atom   7:  -9.6347504528e-03  -2.6099939995e-03  -2.8909930201e-03
  Atom   8:   7.5418400575e-03  -6.2269731881e-03  -1.8717781975e-03
  Atom   9:   2.1689564685e-03   1.2770069345e-03  -9.4252912367e-04
  Atom  10:  -2.0349842169e-03  -1.0862966825e-03  -1.0742261479e-03
  Atom  11:  -9.5628600449e-03   5.2756473992e-03  -2.4700733760e-03
  Atom  12:   3.1430968171e-03   3.5857447204e-03   1.7086000612e-04
  Atom  13:  -1.5011888148e-03  -8.1537149566e-04  -5.0148589079e-04
  Atom  14:  -3.5905260612e-04  -1.7528294297e-03   2.1820188581e-03
  Atom  15:   6.7885919435e-04   2.3363900568e-03   1.5138953881e-03
[OPT] step = 0  energy = -102.6766864613  dE =               N/A  grad_max =  6.6044473890e-02  grad_rms =  1.3151581602e-02
[OPT] Geometry optimization did not converge in 1 steps.
Kylin-PBC Done.
Timer "Kylin-PBC main" used time: 40.48973 s.
