[MGDF_DIAG] gmesh = 83 83 163  (ngrid=1122907)
[MGDF_DIAG] level 0  mesh=17 17 33  ngrid=9537  tasks=11328
[MGDF_DIAG] level 1  mesh=29 29 55  ngrid=46255  tasks=7680
[MGDF_DIAG] level 2  mesh=49 49 95  ngrid=228095  tasks=4176
[MGDF_DIAG] level 3  mesh=83 83 163  ngrid=1122907  tasks=0
[MGDF_DIAG] atom_pairs_kept=23184  rejected: atom=27368 set=0 pgf=71024 radius=1024
[MGDF_DIAG] max_pair_radius=15.7373  max_pgf_rcut=14.1991  total_pairs=23184  precision_colloc=1e-14  precision_screen=1e-07
OMP: Warning #226: KMP_AFFINITY must be set prior to first parallel region or certain API calls; ignored.
  [bwd-lev0] integ=0.01618s  tasks=11328  us/pair=45.7063  grid=0.0727615MB
  [bwd-lev1] integ=0.011374s  tasks=7680  us/pair=47.3917  grid=0.352898MB
  [bwd-lev2] integ=0.00830698s  tasks=4176  us/pair=63.655  grid=1.74023MB
  [bwd] fft=0.00670004s  integ=0.035861s  reduce=0.000105858s
  [fwd-lev0] colloc=0.012995s  tasks=11328  us/pair=36.7091  grid=0.0727615MB
  [fwd-lev1] colloc=0.00806999s  tasks=7680  us/pair=33.625  grid=0.352898MB
  [fwd-lev2] colloc=0.00632977s  tasks=4176  us/pair=48.504  grid=1.74023MB
  [fwd] colloc=0.0273948s  reduce=0.000313044s  fft=0.00202084s
  [bwd-lev0] integ=0.0439491s  tasks=11328  us/pair=124.15  grid=0.0727615MB
  [bwd-lev1] integ=0.025703s  tasks=7680  us/pair=107.096  grid=0.352898MB
  [bwd-lev2] integ=0.0168371s  tasks=4176  us/pair=129.02  grid=1.74023MB
  [bwd] fft=0.00681615s  integ=0.0864892s  reduce=0.000170946s
  [fwd-lev0] colloc=0.0129468s  tasks=11328  us/pair=36.573  grid=0.0727615MB
  [fwd-lev1] colloc=0.00799203s  tasks=7680  us/pair=33.3001  grid=0.352898MB
  [fwd-lev2] colloc=0.00558209s  tasks=4176  us/pair=42.7747  grid=1.74023MB
  [fwd] colloc=0.026521s  reduce=0.000331879s  fft=0.00195909s
  [bwd-lev0] integ=0.041508s  tasks=11328  us/pair=117.254  grid=0.0727615MB
  [bwd-lev1] integ=0.0249259s  tasks=7680  us/pair=103.858  grid=0.352898MB
  [bwd-lev2] integ=0.0161459s  tasks=4176  us/pair=123.724  grid=1.74023MB
  [bwd] fft=0.00504589s  integ=0.0825799s  reduce=0.000166893s
  [fwd-lev0] colloc=0.013057s  tasks=11328  us/pair=36.8842  grid=0.0727615MB
  [fwd-lev1] colloc=0.00795007s  tasks=7680  us/pair=33.1253  grid=0.352898MB
  [fwd-lev2] colloc=0.00557685s  tasks=4176  us/pair=42.7345  grid=1.74023MB
  [fwd] colloc=0.0265839s  reduce=0.00032711s  fft=0.00198817s
  [bwd-lev0] integ=0.0427971s  tasks=11328  us/pair=120.896  grid=0.0727615MB
  [bwd-lev1] integ=0.0253179s  tasks=7680  us/pair=105.491  grid=0.352898MB
  [bwd-lev2] integ=0.016614s  tasks=4176  us/pair=127.31  grid=1.74023MB
  [bwd] fft=0.0069561s  integ=0.084729s  reduce=0.000159025s
  [fwd-lev0] colloc=0.0129051s  tasks=11328  us/pair=36.4551  grid=0.0727615MB
  [fwd-lev1] colloc=0.00795197s  tasks=7680  us/pair=33.1332  grid=0.352898MB
  [fwd-lev2] colloc=0.00555611s  tasks=4176  us/pair=42.5755  grid=1.74023MB
  [fwd] colloc=0.0264132s  reduce=0.000355005s  fft=0.00197911s
  [bwd-lev0] integ=0.0426691s  tasks=11328  us/pair=120.534  grid=0.0727615MB
  [bwd-lev1] integ=0.0251441s  tasks=7680  us/pair=104.767  grid=0.352898MB
  [bwd-lev2] integ=0.016679s  tasks=4176  us/pair=127.809  grid=1.74023MB
  [bwd] fft=0.00683975s  integ=0.0844922s  reduce=0.000163078s
  [fwd-lev0] colloc=0.017333s  tasks=11328  us/pair=48.9634  grid=0.0727615MB
  [fwd-lev1] colloc=0.00997686s  tasks=7680  us/pair=41.5703  grid=0.352898MB
  [fwd-lev2] colloc=0.00692606s  tasks=4176  us/pair=53.0733  grid=1.74023MB
  [fwd] colloc=0.034236s  reduce=0.000551939s  fft=0.00530815s
  [bwd-lev0] integ=0.0420849s  tasks=11328  us/pair=118.884  grid=0.0727615MB
  [bwd-lev1] integ=0.024981s  tasks=7680  us/pair=104.088  grid=0.352898MB
  [bwd-lev2] integ=0.0165131s  tasks=4176  us/pair=126.537  grid=1.74023MB
  [bwd] fft=0.00795603s  integ=0.0835791s  reduce=0.000241041s
  [fwd-lev0] colloc=0.0129039s  tasks=11328  us/pair=36.4518  grid=0.0727615MB
  [fwd-lev1] colloc=0.00796795s  tasks=7680  us/pair=33.1998  grid=0.352898MB
  [fwd-lev2] colloc=0.00559497s  tasks=4176  us/pair=42.8733  grid=1.74023MB
  [fwd] colloc=0.0264668s  reduce=0.000301123s  fft=0.00194097s
  [bwd-lev0] integ=0.042599s  tasks=11328  us/pair=120.336  grid=0.0727615MB
  [bwd-lev1] integ=0.025213s  tasks=7680  us/pair=105.054  grid=0.352898MB
  [bwd-lev2] integ=0.016748s  tasks=4176  us/pair=128.337  grid=1.74023MB
  [bwd] fft=0.00677896s  integ=0.0845599s  reduce=0.000162125s
  [fwd-lev0] colloc=0.012892s  tasks=11328  us/pair=36.4181  grid=0.0727615MB
  [fwd-lev1] colloc=0.00795913s  tasks=7680  us/pair=33.163  grid=0.352898MB
  [fwd-lev2] colloc=0.00556302s  tasks=4176  us/pair=42.6285  grid=1.74023MB
  [fwd] colloc=0.0264142s  reduce=0.000305891s  fft=0.001899s
  [bwd-lev0] integ=0.0582221s  tasks=11328  us/pair=164.469  grid=0.0727615MB
  [bwd-lev1] integ=0.029s  tasks=7680  us/pair=120.834  grid=0.352898MB
  [bwd-lev2] integ=0.0274091s  tasks=4176  us/pair=210.031  grid=1.74023MB
  [bwd] fft=0.0100152s  integ=0.114631s  reduce=0.000659943s
  [fwd-lev0] colloc=0.0133281s  tasks=11328  us/pair=37.6499  grid=0.0727615MB
  [fwd-lev1] colloc=0.00795007s  tasks=7680  us/pair=33.1253  grid=0.352898MB
  [fwd-lev2] colloc=0.00561595s  tasks=4176  us/pair=43.0341  grid=1.74023MB
  [fwd] colloc=0.0268941s  reduce=0.000357866s  fft=0.00197124s
