Kylin-PBC: v1.0.0

System time = 2026-06-28 02:29:15

OMP threads = 32

KYLIN_PBC_ROOT = "/home/rudin/code/kylin-pbc"
KYLIN_SCR_PATH = "/tmp"
KYLIN_JOB_PATH = "/home/rudin/code/kylin-pbc/art/example/scaling/cip-Si16-HSE06/full/c15"

SCF.xcfun                      = HSE06
SCF.basis                      = dzvp-sr
SCF.psudo                      = gth-pbe
SCF.kmesh                      = 1 1 1
SCF.gmesh                      = 5.0e-01
SCF.ispin                      = OFF
SCF.dspin                      = 0
SCF.eps_engy                   = 1.0e-06 [AU]
SCF.eps_grad                   = 1.0e-05 [AU]
SCF.eps_dmat                   = 1.0e-03
SCF.chk_load                   = 
SCF.chk_save                   = 
SCF.scf_guess                  = ATOM
SCF.max_cycle                  = 100
SCF.vdw_method                 = NONE
SCF.coul_method                = MGDF
SCF.xchg_method                = LSDF
SCF.xchg_exxocc                = OFF
SCF.xchg_exxace                = NONE
SCF.xchg_robust                = FULL
SCF.xchg_exxdiv                = NONE
SCF.xchg_dropG0                = OFF
SCF.lsdf_cparam                = 15
SCF.lsdf_mparam                = 5
SCF.lsdf_ipslct                = QRCP
SCF.lsdf_chocut                = 1.0e-08
SCF.lsdf_atmcut                = 2.5e+01
SCF.lsdf_aovcut                = 1.0e-07
SCF.lsdf_swzcut                = 0.0e+00
SCF.lsdf_pnocut                = 0.0e+00
SCF.lsdf_nafcut                = 0.0e+00
SCF.mgdf_ntasks                = 4
SCF.mgdf_kratio                = 3.0e+00
SCF.mgdf_cutoff                = 3.0e+02 [AU]
SCF.mgdf_relcut                = 3.0e+01
SCF.mgdf_prprec                = 1.0e-14
SCF.dmx_mix_method             = NONE
SCF.dmx_mix_start              = 1
SCF.dmx_mix_space              = 8
SCF.dmx_mix_alpha              = 3.0e-01
SCF.rho_mix_method             = NONE
SCF.rho_mix_start              = 1
SCF.rho_mix_space              = 8
SCF.rho_mix_alpha              = 3.0e-01
SCF.hks_mix_method             = BROY
SCF.hks_mix_start              = 1
SCF.hks_mix_space              = 8
SCF.hks_mix_alpha              = 3.0e-01
SCF.damp_factor                = 0.0e+00
SCF.level_shift                = 0.0e+00 [AU]
SCF.smear_method               = NONE
SCF.smear_sigma                = 0.0e+00 [AU]
SCF.soc                        = OFF
SCF.soc_window                 = 1.8e+00 [AU]
SCF.print_bandgap              = OFF
SCF.print_time                 = OFF

OPT.opt_method                 = BFGS
OPT.max_cycle                  = 1
OPT.eps_engy                   = 4.0e-06 [AU]
OPT.eps_grad                   = 4.0e-04 [AU]
OPT.trust_limit                = 3.0e-01 [AU]
OPT.damp_factor                = 0.0e+00
OPT.opt_mix_method             = NONE
OPT.opt_mix_start              = 1
OPT.opt_mix_space              = 5
OPT.opt_mix_alpha              = 3.0e-01
OPT.neb_method                 = FIRE
OPT.neb_lclimb                 = ON
OPT.neb_interp                 = IDPP
OPT.neb_nimage                 = 5
OPT.neb_spring                 = 1.0e-02 [AU]
OPT.neb_maxstep                = 7.6e-02 [AU]

PROP.calculation               = NONE
FREQ.freq_method               = FREE2
FREQ.fd_stepsize               = 2.8e-02 [AU]
DOS.dos_method                 = GAUSS
DOS.dos_sigma                  = 3.7e-03 [AU]
DOS.dos_npoint                 = 1001
DOS.dos_emin                   = 0.0e+00 [AU]
DOS.dos_emax                   = 0.0e+00 [AU]

OPT.mdx_ensemble               = NVE
OPT.mdx_thermostat             = NHC
OPT.mdx_max_step               = 0
OPT.mdx_timestep               = 4.0e+01 [AU]
OPT.mdx_temperature            = 9.5e-04 [AU]
OPT.mdx_pressure               = 0.0e+00 [AU]
OPT.mdx_thermo_tau             = 4.0e+03 [AU]
OPT.mdx_baro_tau               = 2.0e+04 [AU]
OPT.mdx_nhc_length             = 3
OPT.mdx_nhc_mts                = 3
OPT.mdx_constraint             = OFF
OPT.mdx_constraint_tol         = 1.0e-10
OPT.mdx_rng_seed               = 42

K-points mesh = 1 1 1

xc functional: "HSE06"
is hybrid: YES
HFX coeff: 0.25

Basis Set Name: "dzvp-sr"
number of shell = 48
number of basis = 208
gmesh = 29 29 57

Pseudopotential Name: "gth-pbe"
number of valence electron = 64

OPT Calculation.

==============================================================
                   Geometry Optimization                      
==============================================================
  method      = BFGS
  max_cycle   = 1
  eps_engy    = 4.000000e-06
  eps_grad    = 4.000000e-04
  trust_limit = 0.300000
  natom       = 16
  nfree       = 48 / 48
==============================================================

--------------------------------------------------------------
  OPT step 0
--------------------------------------------------------------
[OPT] Cell structure (Angstrom):
       5.43100000       0.00000000       0.00000000
       0.00000000       5.43100000       0.00000000
       0.00000000       0.00000000      10.86200000

Cart
Si         0.00000000       0.00000000       0.00000000   T T T
Si         0.00000000       2.71550000       2.71550000   T T T
Si         2.71550000       0.00000000       2.71550000   T T T
Si         2.71550000       2.71550000       0.00000000   T T T
Si         1.35775000       1.35775000       1.35775000   T T T
Si         1.35775000       4.07325000       4.07325000   T T T
Si         4.07325000       1.35775000       4.07325000   T T T
Si         4.07325000       4.07325000       1.35775000   T T T
Si         0.00000000       0.00000000       5.43100000   T T T
Si         0.00000000       2.71550000       8.14650000   T T T
Si         2.71550000       0.00000000       8.14650000   T T T
Si         2.71550000       2.71550000       5.43100000   T T T
Si         1.35775000       1.35775000       6.78875000   T T T
Si         1.35775000       4.07325000       9.50425000   T T T
Si         4.07325000       1.35775000       9.50425000   T T T
Si         4.07325000       4.07325000       6.78875000   T T T

[OPT] Cell written to /home/rudin/code/kylin-pbc/art/example/scaling/cip-Si16-HSE06/full/c15/opt_img/cell_opt_0.txt
[LSDF] gmesh = (29, 29, 57), ngrid = 47937, naofn = 208, natom = 16
Timer "[LSDF] Voronoi partition" used time: 0.001786 s.
Timer "[LSDF] AO evaluation + screening" used time: 0.155247 s.
[LSDF] IP method: randomized QRCP (c=15, m=5)
[LSDF] total IPs selected: 3200 (6.6754% of grid)
Timer "[LSDF] IP selection" used time: 0.118109 s.
Timer "[LSDF] aux basis fitting" used time: 0.023126 s.
[LSDF] Step 5 diagnostics: natom=16, ngrid=47937, naux_total=3200
[LSDF]   OMP threads=32, MKL threads=32
[LSDF]   Vmat_loc total size: 3200 x 47937 = 1.14 GB
Timer "[LSDF]   5a Vmat_loc alloc+FFT" used time: 0.127760 s.
[LSDF]   W size: 3200 x 3200 = 78.12 MB, max_npart=3140
Timer "[LSDF]   5b W construction (DGEMM)" used time: 0.034195 s.
Timer "[LSDF]   5c Wmat symmetrize" used time: 0.004497 s.
[LSDF]   robust_mode=FULL: keeping Vmat_loc (1.14 GB) in atom ordering
Timer "[LSDF] V/W construction" used time: 0.166537 s.
[LSDF] xchg phases: A=0.001 s, B(K_W)=0.012 s, C(K_V)=0.078 s, E(reduce)=0.001 s
[NELEC] step = 0  nelec = 64  neInt = 64.000000  dnelc =  2.1927348826e-11
[ENERG] step = 0  eTotl = -62.95984090  eCore = 19.62269416  eCoul = 4.69090466  eExcl = -20.09003747  eNucl = -67.18340225  eDisp = 0.00000000
[ERROR] step = 0  engy error =  0.0000000000e+00  grad error =  0.0000000000e+00  dmat error =  0.0000000000e+00
Timer "SCF cycle: 0" used time: 1.091594 s.

[LSDF] xchg phases: A=0.001 s, B(K_W)=0.006 s, C(K_V)=0.163 s, E(reduce)=0.001 s
[NELEC] step = 1  nelec = 64  neInt = 64.000000  dnelc =  2.9018565328e-11
[ENERG] step = 1  eTotl = -63.16696873  eCore = 19.34635709  eCoul = 4.50596667  eExcl = -19.83589024  eNucl = -67.18340225  eDisp = 0.00000000
[ERROR] step = 1  engy error = -2.0712783368e-01  grad error =  0.0000000000e+00  dmat error =  1.1563077336e+00
Timer "SCF cycle: 1" used time: 1.171706 s.

[LSDF] xchg phases: A=0.000 s, B(K_W)=0.006 s, C(K_V)=0.079 s, E(reduce)=0.001 s
[NELEC] step = 2  nelec = 64  neInt = 64.000000  dnelc =  2.9345414987e-11
[ENERG] step = 2  eTotl = -63.17255729  eCore = 19.32255926  eCoul = 4.54430668  eExcl = -19.85602097  eNucl = -67.18340225  eDisp = 0.00000000
[ERROR] step = 2  engy error = -5.5885575276e-03  grad error =  0.0000000000e+00  dmat error =  1.7026082021e-02
Timer "SCF cycle: 2" used time: 1.074644 s.

[LSDF] xchg phases: A=0.000 s, B(K_W)=0.006 s, C(K_V)=0.063 s, E(reduce)=0.001 s
[NELEC] step = 3  nelec = 64  neInt = 64.000000  dnelc =  3.0226487979e-11
[ENERG] step = 3  eTotl = -63.17843944  eCore = 19.27690269  eCoul = 4.62974066  eExcl = -19.90168053  eNucl = -67.18340225  eDisp = 0.00000000
[ERROR] step = 3  engy error = -5.8821510096e-03  grad error =  0.0000000000e+00  dmat error =  4.1779005174e-02
Timer "SCF cycle: 3" used time: 1.054729 s.

[LSDF] xchg phases: A=0.002 s, B(K_W)=0.011 s, C(K_V)=0.108 s, E(reduce)=0.001 s
[NELEC] step = 4  nelec = 64  neInt = 64.000000  dnelc =  3.0055957723e-11
[ENERG] step = 4  eTotl = -63.17850015  eCore = 19.28144473  eCoul = 4.62365848  eExcl = -19.90020111  eNucl = -67.18340225  eDisp = 0.00000000
[ERROR] step = 4  engy error = -6.0713062311e-05  grad error =  0.0000000000e+00  dmat error =  6.1808547754e-03
Timer "SCF cycle: 4" used time: 1.159198 s.

[LSDF] xchg phases: A=0.000 s, B(K_W)=0.006 s, C(K_V)=0.106 s, E(reduce)=0.001 s
[NELEC] step = 5  nelec = 64  neInt = 64.000000  dnelc =  3.0070168577e-11
[ENERG] step = 5  eTotl = -63.17850174  eCore = 19.28163418  eCoul = 4.62354136  eExcl = -19.90027503  eNucl = -67.18340225  eDisp = 0.00000000
[ERROR] step = 5  engy error = -1.5844339885e-06  grad error =  0.0000000000e+00  dmat error =  6.3065467075e-04
Timer "SCF cycle: 5" used time: 1.108409 s.

[LSDF] xchg phases: A=0.002 s, B(K_W)=0.017 s, C(K_V)=0.119 s, E(reduce)=0.001 s
[NELEC] step = 6  nelec = 64  neInt = 64.000000  dnelc =  3.0070168577e-11
[ENERG] step = 6  eTotl = -63.17850227  eCore = 19.28151427  eCoul = 4.62393101  eExcl = -19.90054530  eNucl = -67.18340225  eDisp = 0.00000000
[ERROR] step = 6  engy error = -5.3876445349e-07  grad error =  0.0000000000e+00  dmat error =  4.8675039427e-04
SCF converged in 6 steps.
[LSDF] xchg_d10: ISDF-robust path (K_V + K_V~ - K_IP)
[GRADIENT] SCF type: GRKS | atoms: 16 | DOF: 48 | time: 14.518 s
  Atom   0:  -2.6426584803e-07  -1.4130788316e-06   6.8888578281e-08
  Atom   1:  -1.1938803644e-06   3.5742691050e-07   2.3910050300e-07
  Atom   2:   1.6321958793e-06   3.5746052907e-07   2.8874583245e-07
  Atom   3:   1.2884908332e-06   1.5289825599e-06   5.7515929244e-07
  Atom   4:  -6.4452805970e-07  -1.8211384533e-06   3.2415040517e-06
  Atom   5:  -1.6452126560e-06   2.6634821192e-07   2.1589694194e-06
  Atom   6:  -6.4259048001e-07  -1.3882648518e-06   1.8860423944e-06
  Atom   7:   2.4278647011e-06   1.7751979207e-06   1.4061885305e-06
  Atom   8:   1.1464606017e-07  -1.6458420460e-06  -3.0450219253e-06
  Atom   9:   1.1699758164e-06  -9.1182468927e-07  -2.3490691037e-06
  Atom  10:  -2.5151011189e-07  -3.4989572801e-06   6.2126664835e-07
  Atom  11:   1.0571870101e-06   1.3627727678e-07  -1.8041735593e-06
  Atom  12:  -9.9178619633e-07  -5.4824729384e-08  -1.2004225938e-06
  Atom  13:   4.7523670865e-07  -1.3249643249e-06  -2.2108594938e-06
  Atom  14:  -1.1153653363e-06   1.2020230731e-06  -8.6590022341e-07
  Atom  15:   2.5284292794e-06   1.7976877336e-06  -2.2408751960e-06
[OPT] step = 0  energy = -63.1785022740  dE =               N/A  grad_max =  3.4989572801e-06  grad_rms =  1.5388160527e-06
[OPT] Geometry optimization did not converge in 1 steps.
Kylin-PBC Done.
Timer "Kylin-PBC main" used time: 23.74062 s.
