Kylin-PBC: v1.0.0

System time = 2026-06-28 02:29:40

OMP threads = 32

KYLIN_PBC_ROOT = "/home/rudin/code/kylin-pbc"
KYLIN_SCR_PATH = "/tmp"
KYLIN_JOB_PATH = "/home/rudin/code/kylin-pbc/art/example/scaling/cip-Si16-HSE06/full/c40"

SCF.xcfun                      = HSE06
SCF.basis                      = dzvp-sr
SCF.psudo                      = gth-pbe
SCF.kmesh                      = 1 1 1
SCF.gmesh                      = 5.0e-01
SCF.ispin                      = OFF
SCF.dspin                      = 0
SCF.eps_engy                   = 1.0e-06 [AU]
SCF.eps_grad                   = 1.0e-05 [AU]
SCF.eps_dmat                   = 1.0e-03
SCF.chk_load                   = 
SCF.chk_save                   = 
SCF.scf_guess                  = ATOM
SCF.max_cycle                  = 100
SCF.vdw_method                 = NONE
SCF.coul_method                = MGDF
SCF.xchg_method                = LSDF
SCF.xchg_exxocc                = OFF
SCF.xchg_exxace                = NONE
SCF.xchg_robust                = FULL
SCF.xchg_exxdiv                = NONE
SCF.xchg_dropG0                = OFF
SCF.lsdf_cparam                = 40
SCF.lsdf_mparam                = 5
SCF.lsdf_ipslct                = QRCP
SCF.lsdf_chocut                = 1.0e-08
SCF.lsdf_atmcut                = 2.5e+01
SCF.lsdf_aovcut                = 1.0e-07
SCF.lsdf_swzcut                = 0.0e+00
SCF.lsdf_pnocut                = 0.0e+00
SCF.lsdf_nafcut                = 0.0e+00
SCF.mgdf_ntasks                = 4
SCF.mgdf_kratio                = 3.0e+00
SCF.mgdf_cutoff                = 3.0e+02 [AU]
SCF.mgdf_relcut                = 3.0e+01
SCF.mgdf_prprec                = 1.0e-14
SCF.dmx_mix_method             = NONE
SCF.dmx_mix_start              = 1
SCF.dmx_mix_space              = 8
SCF.dmx_mix_alpha              = 3.0e-01
SCF.rho_mix_method             = NONE
SCF.rho_mix_start              = 1
SCF.rho_mix_space              = 8
SCF.rho_mix_alpha              = 3.0e-01
SCF.hks_mix_method             = BROY
SCF.hks_mix_start              = 1
SCF.hks_mix_space              = 8
SCF.hks_mix_alpha              = 3.0e-01
SCF.damp_factor                = 0.0e+00
SCF.level_shift                = 0.0e+00 [AU]
SCF.smear_method               = NONE
SCF.smear_sigma                = 0.0e+00 [AU]
SCF.soc                        = OFF
SCF.soc_window                 = 1.8e+00 [AU]
SCF.print_bandgap              = OFF
SCF.print_time                 = OFF

OPT.opt_method                 = BFGS
OPT.max_cycle                  = 1
OPT.eps_engy                   = 4.0e-06 [AU]
OPT.eps_grad                   = 4.0e-04 [AU]
OPT.trust_limit                = 3.0e-01 [AU]
OPT.damp_factor                = 0.0e+00
OPT.opt_mix_method             = NONE
OPT.opt_mix_start              = 1
OPT.opt_mix_space              = 5
OPT.opt_mix_alpha              = 3.0e-01
OPT.neb_method                 = FIRE
OPT.neb_lclimb                 = ON
OPT.neb_interp                 = IDPP
OPT.neb_nimage                 = 5
OPT.neb_spring                 = 1.0e-02 [AU]
OPT.neb_maxstep                = 7.6e-02 [AU]

PROP.calculation               = NONE
FREQ.freq_method               = FREE2
FREQ.fd_stepsize               = 2.8e-02 [AU]
DOS.dos_method                 = GAUSS
DOS.dos_sigma                  = 3.7e-03 [AU]
DOS.dos_npoint                 = 1001
DOS.dos_emin                   = 0.0e+00 [AU]
DOS.dos_emax                   = 0.0e+00 [AU]

OPT.mdx_ensemble               = NVE
OPT.mdx_thermostat             = NHC
OPT.mdx_max_step               = 0
OPT.mdx_timestep               = 4.0e+01 [AU]
OPT.mdx_temperature            = 9.5e-04 [AU]
OPT.mdx_pressure               = 0.0e+00 [AU]
OPT.mdx_thermo_tau             = 4.0e+03 [AU]
OPT.mdx_baro_tau               = 2.0e+04 [AU]
OPT.mdx_nhc_length             = 3
OPT.mdx_nhc_mts                = 3
OPT.mdx_constraint             = OFF
OPT.mdx_constraint_tol         = 1.0e-10
OPT.mdx_rng_seed               = 42

K-points mesh = 1 1 1

xc functional: "HSE06"
is hybrid: YES
HFX coeff: 0.25

Basis Set Name: "dzvp-sr"
number of shell = 48
number of basis = 208
gmesh = 29 29 57

Pseudopotential Name: "gth-pbe"
number of valence electron = 64

OPT Calculation.

==============================================================
                   Geometry Optimization                      
==============================================================
  method      = BFGS
  max_cycle   = 1
  eps_engy    = 4.000000e-06
  eps_grad    = 4.000000e-04
  trust_limit = 0.300000
  natom       = 16
  nfree       = 48 / 48
==============================================================

--------------------------------------------------------------
  OPT step 0
--------------------------------------------------------------
[OPT] Cell structure (Angstrom):
       5.43100000       0.00000000       0.00000000
       0.00000000       5.43100000       0.00000000
       0.00000000       0.00000000      10.86200000

Cart
Si         0.00000000       0.00000000       0.00000000   T T T
Si         0.00000000       2.71550000       2.71550000   T T T
Si         2.71550000       0.00000000       2.71550000   T T T
Si         2.71550000       2.71550000       0.00000000   T T T
Si         1.35775000       1.35775000       1.35775000   T T T
Si         1.35775000       4.07325000       4.07325000   T T T
Si         4.07325000       1.35775000       4.07325000   T T T
Si         4.07325000       4.07325000       1.35775000   T T T
Si         0.00000000       0.00000000       5.43100000   T T T
Si         0.00000000       2.71550000       8.14650000   T T T
Si         2.71550000       0.00000000       8.14650000   T T T
Si         2.71550000       2.71550000       5.43100000   T T T
Si         1.35775000       1.35775000       6.78875000   T T T
Si         1.35775000       4.07325000       9.50425000   T T T
Si         4.07325000       1.35775000       9.50425000   T T T
Si         4.07325000       4.07325000       6.78875000   T T T

[OPT] Cell written to /home/rudin/code/kylin-pbc/art/example/scaling/cip-Si16-HSE06/full/c40/opt_img/cell_opt_0.txt
[LSDF] gmesh = (29, 29, 57), ngrid = 47937, naofn = 208, natom = 16
Timer "[LSDF] Voronoi partition" used time: 0.000896 s.
Timer "[LSDF] AO evaluation + screening" used time: 0.151083 s.
[LSDF] IP method: randomized QRCP (c=40, m=5)
[LSDF] total IPs selected: 8400 (17.5230% of grid)
Timer "[LSDF] IP selection" used time: 0.296899 s.
Timer "[LSDF] aux basis fitting" used time: 0.077331 s.
[LSDF] Step 5 diagnostics: natom=16, ngrid=47937, naux_total=8400
[LSDF]   OMP threads=32, MKL threads=32
[LSDF]   Vmat_loc total size: 8400 x 47937 = 3.00 GB
Timer "[LSDF]   5a Vmat_loc alloc+FFT" used time: 0.323484 s.
[LSDF]   W size: 8400 x 8400 = 538.33 MB, max_npart=3140
Timer "[LSDF]   5b W construction (DGEMM)" used time: 0.268118 s.
Timer "[LSDF]   5c Wmat symmetrize" used time: 0.029925 s.
[LSDF]   robust_mode=FULL: keeping Vmat_loc (3.00 GB) in atom ordering
Timer "[LSDF] V/W construction" used time: 0.621603 s.
[LSDF] xchg phases: A=0.002 s, B(K_W)=0.040 s, C(K_V)=0.273 s, E(reduce)=0.001 s
[NELEC] step = 0  nelec = 64  neInt = 64.000000  dnelc =  2.1941559680e-11
[ENERG] step = 0  eTotl = -62.95986903  eCore = 19.62269416  eCoul = 4.69090466  eExcl = -20.09006560  eNucl = -67.18340225  eDisp = 0.00000000
[ERROR] step = 0  engy error =  0.0000000000e+00  grad error =  0.0000000000e+00  dmat error =  0.0000000000e+00
Timer "SCF cycle: 0" used time: 1.311722 s.

[LSDF] xchg phases: A=0.001 s, B(K_W)=0.039 s, C(K_V)=0.257 s, E(reduce)=0.001 s
[NELEC] step = 1  nelec = 64  neInt = 64.000000  dnelc =  2.9046987038e-11
[ENERG] step = 1  eTotl = -63.16699081  eCore = 19.34636652  eCoul = 4.50595216  eExcl = -19.83590724  eNucl = -67.18340225  eDisp = 0.00000000
[ERROR] step = 1  engy error = -2.0712178516e-01  grad error =  0.0000000000e+00  dmat error =  1.1563091713e+00
Timer "SCF cycle: 1" used time: 1.303826 s.

[LSDF] xchg phases: A=0.002 s, B(K_W)=0.031 s, C(K_V)=0.284 s, E(reduce)=0.001 s
[NELEC] step = 2  nelec = 64  neInt = 64.000000  dnelc =  2.9345414987e-11
[ENERG] step = 2  eTotl = -63.17257943  eCore = 19.32256779  eCoul = 4.54429323  eExcl = -19.85603820  eNucl = -67.18340225  eDisp = 0.00000000
[ERROR] step = 2  engy error = -5.5886146570e-03  grad error =  0.0000000000e+00  dmat error =  1.7025680717e-02
Timer "SCF cycle: 2" used time: 1.296514 s.

[LSDF] xchg phases: A=0.001 s, B(K_W)=0.040 s, C(K_V)=0.157 s, E(reduce)=0.001 s
[NELEC] step = 3  nelec = 64  neInt = 64.000000  dnelc =  3.0155433706e-11
[ENERG] step = 3  eTotl = -63.17846163  eCore = 19.27690929  eCoul = 4.62972961  eExcl = -19.90169828  eNucl = -67.18340225  eDisp = 0.00000000
[ERROR] step = 3  engy error = -5.8822016766e-03  grad error =  0.0000000000e+00  dmat error =  4.1778059636e-02
Timer "SCF cycle: 3" used time: 1.195200 s.

[LSDF] xchg phases: A=0.001 s, B(K_W)=0.040 s, C(K_V)=0.159 s, E(reduce)=0.002 s
[NELEC] step = 4  nelec = 64  neInt = 64.000000  dnelc =  2.9999114304e-11
[ENERG] step = 4  eTotl = -63.17852234  eCore = 19.28145152  eCoul = 4.62364719  eExcl = -19.90021881  eNucl = -67.18340225  eDisp = 0.00000000
[ERROR] step = 4  engy error = -6.0713651848e-05  grad error =  0.0000000000e+00  dmat error =  6.1804955153e-03
Timer "SCF cycle: 4" used time: 1.196752 s.

[LSDF] xchg phases: A=0.002 s, B(K_W)=0.056 s, C(K_V)=0.144 s, E(reduce)=0.001 s
[NELEC] step = 5  nelec = 64  neInt = 64.000000  dnelc =  3.0027536013e-11
[ENERG] step = 5  eTotl = -63.17852396  eCore = 19.28164604  eCoul = 4.62352715  eExcl = -19.90029490  eNucl = -67.18340225  eDisp = 0.00000000
[ERROR] step = 5  engy error = -1.6144267505e-06  grad error =  0.0000000000e+00  dmat error =  6.4674956060e-04
Timer "SCF cycle: 5" used time: 1.223544 s.

[LSDF] xchg phases: A=0.001 s, B(K_W)=0.043 s, C(K_V)=0.192 s, E(reduce)=0.001 s
[NELEC] step = 6  nelec = 64  neInt = 64.000000  dnelc =  3.0027536013e-11
[ENERG] step = 6  eTotl = -63.17852447  eCore = 19.28150010  eCoul = 4.62396250  eExcl = -19.90058481  eNucl = -67.18340225  eDisp = 0.00000000
[ERROR] step = 6  engy error = -5.1122160727e-07  grad error =  0.0000000000e+00  dmat error =  4.8224262307e-04
SCF converged in 6 steps.
[LSDF] xchg_d10: ISDF-robust path (K_V + K_V~ - K_IP)
[GRADIENT] SCF type: GRKS | atoms: 16 | DOF: 48 | time: 14.955 s
  Atom   0:   8.6512477022e-11   9.7162435975e-11   2.0054663418e-10
  Atom   1:  -7.1695558374e-11  -1.2540400724e-10   3.5078384344e-07
  Atom   2:   4.1309933398e-11   2.3631750286e-10   3.5047449120e-07
  Atom   3:   1.2656965656e-11  -5.9258163386e-11   2.1493623024e-11
  Atom   4:  -4.1539349180e-07  -4.1539874075e-07   9.1803620528e-07
  Atom   5:  -4.1967671475e-07   4.1960750592e-07   9.9727935234e-07
  Atom   6:   4.1970262374e-07  -4.1968506185e-07   9.9711230559e-07
  Atom   7:   4.1506215038e-07   4.1545038321e-07   9.1856694754e-07
  Atom   8:   8.6344413193e-11  -2.8450369831e-10  -1.3379431038e-10
  Atom   9:   5.4877962990e-11  -3.2318887112e-11  -3.5114563238e-07
  Atom  10:   9.6893459066e-11   1.6140585829e-10  -3.5092783420e-07
  Atom  11:  -9.7581119477e-11  -6.7940465798e-11  -1.0582031578e-10
  Atom  12:  -4.1957557924e-07  -4.1973892610e-07  -9.9774597604e-07
  Atom  13:  -4.1561239511e-07   4.1563812444e-07  -9.1826578507e-07
  Atom  14:   4.1545761418e-07  -4.1545167247e-07  -9.1796717073e-07
  Atom  15:   4.1977734944e-07   4.1966133093e-07  -9.9756119230e-07
[OPT] step = 0  energy = -63.1785244678  dE =               N/A  grad_max =  9.9774597604e-07  grad_rms =  4.7068006525e-07
[OPT] Geometry optimization did not converge in 1 steps.
Kylin-PBC Done.
Timer "Kylin-PBC main" used time: 25.86008 s.
