Kylin-PBC: v1.0.0

System time = 2026-09-30 19:45:06

OMP threads = 32

KYLIN_PBC_ROOT = "/home/rudin/code/kylin-pbc"
KYLIN_SCR_PATH = "/tmp"
KYLIN_JOB_PATH = "/home/rudin/tmp-review-ionic/LiH16/full/c30"

SCF.xcfun                      = HSE06
SCF.basis                      = dzvp-sr
SCF.psudo                      = gth-pbe
SCF.kmesh                      = 1 1 1
SCF.gmesh                      = 5.0e-01
SCF.ispin                      = OFF
SCF.dspin                      = 0
SCF.eps_engy                   = 3.7e-09 [AU]
SCF.eps_grad                   = 1.0e-05 [AU]
SCF.eps_dmat                   = 1.0e-03
SCF.chk_load                   = 
SCF.chk_save                   = 
SCF.scf_guess                  = ATOM
SCF.max_cycle                  = 200
SCF.vdw_method                 = NONE
SCF.coul_method                = MGDF
SCF.xchg_method                = LSDF
SCF.xchg_exxocc                = OFF
SCF.xchg_exxace                = NONE
SCF.xchg_robust                = FULL
SCF.xchg_exxdiv                = EWALD
SCF.xchg_dropG0                = ON
SCF.lsdf_cparam                = 30
SCF.lsdf_mparam                = 5
SCF.lsdf_ipslct                = QRCP
SCF.lsdf_chocut                = 1.0e-08
SCF.lsdf_atmcut                = 2.5e+01
SCF.lsdf_aovcut                = 1.0e-07
SCF.lsdf_swzcut                = 0.0e+00
SCF.lsdf_pnocut                = 0.0e+00
SCF.lsdf_nafcut                = 0.0e+00
SCF.mgdf_ntasks                = 4
SCF.mgdf_kratio                = 3.0e+00
SCF.mgdf_cutoff                = 3.0e+02 [AU]
SCF.mgdf_relcut                = 3.0e+01
SCF.mgdf_prprec                = 1.0e-14
SCF.dmx_mix_method             = NONE
SCF.dmx_mix_start              = 1
SCF.dmx_mix_space              = 8
SCF.dmx_mix_alpha              = 3.0e-01
SCF.rho_mix_method             = NONE
SCF.rho_mix_start              = 1
SCF.rho_mix_space              = 8
SCF.rho_mix_alpha              = 3.0e-01
SCF.hks_mix_method             = BROY
SCF.hks_mix_start              = 1
SCF.hks_mix_space              = 8
SCF.hks_mix_alpha              = 3.0e-01
SCF.damp_factor                = 0.0e+00
SCF.level_shift                = 0.0e+00 [AU]
SCF.smear_method               = NONE
SCF.smear_sigma                = 0.0e+00 [AU]
SCF.soc                        = OFF
SCF.soc_window                 = 1.8e+00 [AU]
SCF.print_bandgap              = OFF
SCF.print_time                 = OFF

OPT.opt_method                 = BFGS
OPT.max_cycle                  = 1
OPT.eps_engy                   = 4.0e-06 [AU]
OPT.eps_grad                   = 4.0e-04 [AU]
OPT.trust_limit                = 3.0e-01 [AU]
OPT.damp_factor                = 0.0e+00
OPT.opt_mix_method             = NONE
OPT.opt_mix_start              = 1
OPT.opt_mix_space              = 5
OPT.opt_mix_alpha              = 3.0e-01
OPT.neb_method                 = FIRE
OPT.neb_lclimb                 = ON
OPT.neb_interp                 = IDPP
OPT.neb_nimage                 = 5
OPT.neb_spring                 = 1.0e-02 [AU]
OPT.neb_maxstep                = 7.6e-02 [AU]

PROP.calculation               = NONE
FREQ.freq_method               = FREE2
FREQ.fd_stepsize               = 2.8e-02 [AU]
DOS.dos_method                 = GAUSS
DOS.dos_sigma                  = 3.7e-03 [AU]
DOS.dos_npoint                 = 1001
DOS.dos_emin                   = 0.0e+00 [AU]
DOS.dos_emax                   = 0.0e+00 [AU]

OPT.mdx_ensemble               = NVE
OPT.mdx_thermostat             = NHC
OPT.mdx_max_step               = 0
OPT.mdx_timestep               = 4.0e+01 [AU]
OPT.mdx_temperature            = 9.5e-04 [AU]
OPT.mdx_pressure               = 0.0e+00 [AU]
OPT.mdx_thermo_tau             = 4.0e+03 [AU]
OPT.mdx_baro_tau               = 2.0e+04 [AU]
OPT.mdx_nhc_length             = 3
OPT.mdx_nhc_mts                = 3
OPT.mdx_constraint             = OFF
OPT.mdx_constraint_tol         = 1.0e-10
OPT.mdx_rng_seed               = 42

K-points mesh = 1 1 1

xc functional: "HSE06"
is hybrid: YES
HFX coeff: 0.25

Basis Set Name: "dzvp-sr"
number of shell = 32
number of basis = 88
gmesh = 50 50 99

Pseudopotential Name: "gth-pbe"
number of valence electron = 32

OPT Calculation.

==============================================================
                   Geometry Optimization                      
==============================================================
  method      = BFGS
  max_cycle   = 1
  eps_engy    = 4.000000e-06
  eps_grad    = 4.000000e-04
  trust_limit = 0.300000
  natom       = 16
  nfree       = 48 / 48
==============================================================

--------------------------------------------------------------
  OPT step 0
--------------------------------------------------------------
[OPT] Cell structure (Angstrom):
       4.08300000       0.00000000       0.00000000
       0.00000000       4.08300000       0.00000000
       0.00000000       0.00000000       8.16600000

Cart
Li         0.00000000       0.00000000       0.00000000   T T T
Li         0.10000000       2.09150000       2.07150000   T T T
Li         2.04150000       0.00000000       2.04150000   T T T
Li         2.04150000       2.04150000       0.00000000   T T T
H          2.04150000       2.04150000       2.04150000   T T T
H          2.04150000       4.08300000       4.08300000   T T T
H          4.08300000       2.04150000       4.08300000   T T T
H          4.08300000       4.08300000       2.04150000   T T T
Li         0.00000000       0.00000000       4.08300000   T T T
Li         0.00000000       2.04150000       6.12450000   T T T
Li         2.04150000       0.00000000       6.12450000   T T T
Li         2.04150000       2.04150000       4.08300000   T T T
H          2.04150000       2.04150000       6.12450000   T T T
H          2.04150000       4.08300000       8.16600000   T T T
H          4.08300000       2.04150000       8.16600000   T T T
H          4.08300000       4.08300000       6.12450000   T T T

[OPT] Cell written to /home/rudin/tmp-review-ionic/LiH16/full/c30/opt_img/cell_opt_0.txt
[LSDF] gmesh = (50, 50, 99), ngrid = 247500, naofn = 88, natom = 16
Timer "[LSDF] Voronoi partition" used time: 0.006917 s.
Timer "[LSDF] AO evaluation + screening" used time: 1.096691 s.
[LSDF] IP method: randomized QRCP (c=30, m=5)
[LSDF] total IPs selected: 2720 (1.0990% of grid)
Timer "[LSDF] IP selection" used time: 0.716541 s.
Timer "[LSDF] aux basis fitting" used time: 0.216063 s.
[LSDF] Step 5 diagnostics: natom=16, ngrid=247500, naux_total=2720
[LSDF]   OMP threads=32, MKL threads=32
[LSDF]   Vmat_loc total size: 2720 x 247500 = 5.02 GB
Timer "[LSDF]   5a Vmat_loc alloc+FFT" used time: 0.318564 s.
[LSDF]   W size: 2720 x 2720 = 56.45 MB, max_npart=15655
Timer "[LSDF]   5b W construction (DGEMM)" used time: 0.083988 s.
Timer "[LSDF]   5c Wmat symmetrize" used time: 0.003014 s.
[LSDF]   robust_mode=FULL: keeping Vmat_loc (5.02 GB) in atom ordering
Timer "[LSDF] V/W construction" used time: 0.405636 s.
[LSDF] xchg phases: A=0.000 s, B(K_W)=0.001 s, C(K_V)=0.096 s, E(reduce)=0.000 s
[NELEC] step = 0  nelec = 32  neInt = 32.000000  dnelc =  1.4702898454e-08
[ENERG] step = 0  eTotl = -59.09358107  eCore = -24.56285827  eCoul = 7.55157688  eExcl = -14.93240643  eNucl = -27.14989324  eDisp = 0.00000000
[ERROR] step = 0  engy error =  0.0000000000e+00  grad error =  0.0000000000e+00  dmat error =  0.0000000000e+00
Timer "SCF cycle: 0" used time: 0.903291 s.

[LSDF] xchg phases: A=0.000 s, B(K_W)=0.001 s, C(K_V)=0.151 s, E(reduce)=0.000 s
[NELEC] step = 1  nelec = 32  neInt = 32.000001  dnelc =  6.7076847188e-07
[ENERG] step = 1  eTotl = -64.07224954  eCore = -35.36109795  eCoul = 17.06112405  eExcl = -18.62238241  eNucl = -27.14989324  eDisp = 0.00000000
[ERROR] step = 1  engy error = -4.9786684756e+00  grad error =  0.0000000000e+00  dmat error =  6.2777702257e+00
Timer "SCF cycle: 1" used time: 0.937787 s.

[LSDF] xchg phases: A=0.000 s, B(K_W)=0.001 s, C(K_V)=0.095 s, E(reduce)=0.000 s
[NELEC] step = 2  nelec = 32  neInt = 32.000000  dnelc =  4.4038399238e-07
[ENERG] step = 2  eTotl = -64.14250725  eCore = -35.24529022  eCoul = 16.75855759  eExcl = -18.50588138  eNucl = -27.14989324  eDisp = 0.00000000
[ERROR] step = 2  engy error = -7.0257700614e-02  grad error =  0.0000000000e+00  dmat error =  1.7950726783e+00
Timer "SCF cycle: 2" used time: 0.875526 s.

[LSDF] xchg phases: A=0.000 s, B(K_W)=0.001 s, C(K_V)=0.094 s, E(reduce)=0.000 s
[NELEC] step = 3  nelec = 32  neInt = 32.000000  dnelc = -6.3064518940e-08
[ENERG] step = 3  eTotl = -64.20211074  eCore = -34.87368721  eCoul = 16.03347452  eExcl = -18.21200481  eNucl = -27.14989324  eDisp = 0.00000000
[ERROR] step = 3  engy error = -5.9603491813e-02  grad error =  0.0000000000e+00  dmat error =  2.5111591132e+00
Timer "SCF cycle: 3" used time: 0.878599 s.

[LSDF] xchg phases: A=0.002 s, B(K_W)=0.003 s, C(K_V)=0.106 s, E(reduce)=0.000 s
[NELEC] step = 4  nelec = 32  neInt = 32.000000  dnelc = -4.3743071387e-08
[ENERG] step = 4  eTotl = -64.20283605  eCore = -34.89521063  eCoul = 16.06080473  eExcl = -18.21853691  eNucl = -27.14989324  eDisp = 0.00000000
[ERROR] step = 4  engy error = -7.2531510182e-04  grad error =  0.0000000000e+00  dmat error =  7.8956260854e-02
Timer "SCF cycle: 4" used time: 0.903667 s.

[LSDF] xchg phases: A=0.000 s, B(K_W)=0.001 s, C(K_V)=0.331 s, E(reduce)=0.000 s
[NELEC] step = 5  nelec = 32  neInt = 32.000000  dnelc = -2.3943691474e-08
[ENERG] step = 5  eTotl = -64.20303889  eCore = -34.91550616  eCoul = 16.08933788  eExcl = -18.22697737  eNucl = -27.14989324  eDisp = 0.00000000
[ERROR] step = 5  engy error = -2.0283590621e-04  grad error =  0.0000000000e+00  dmat error =  7.6533940799e-02
Timer "SCF cycle: 5" used time: 1.128550 s.

[LSDF] xchg phases: A=0.000 s, B(K_W)=0.001 s, C(K_V)=0.242 s, E(reduce)=0.000 s
[NELEC] step = 6  nelec = 32  neInt = 32.000000  dnelc = -2.2184174497e-08
[ENERG] step = 6  eTotl = -64.20304164  eCore = -34.91693688  eCoul = 16.09199555  eExcl = -18.22820707  eNucl = -27.14989324  eDisp = 0.00000000
[ERROR] step = 6  engy error = -2.7542570251e-06  grad error =  0.0000000000e+00  dmat error =  6.9668565159e-03
Timer "SCF cycle: 6" used time: 1.026818 s.

[LSDF] xchg phases: A=0.000 s, B(K_W)=0.001 s, C(K_V)=0.094 s, E(reduce)=0.000 s
[NELEC] step = 7  nelec = 32  neInt = 32.000000  dnelc = -2.1886695123e-08
[ENERG] step = 7  eTotl = -64.20304189  eCore = -34.91690234  eCoul = 16.09257504  eExcl = -18.22882135  eNucl = -27.14989324  eDisp = 0.00000000
[ERROR] step = 7  engy error = -2.4351795958e-07  grad error =  0.0000000000e+00  dmat error =  1.8265398019e-03
Timer "SCF cycle: 7" used time: 0.874708 s.

[NELEC] step = 8  nelec = 32  neInt = 32.000000  dnelc = -2.2027577984e-08
[ENERG] step = 8  eTotl = -64.20304187  eCore = -34.91675381  eCoul = 16.09237735  eExcl = -18.22877217  eNucl = -27.14989324  eDisp = 0.00000000
[ERROR] step = 8  engy error =  1.5318576629e-08  grad error =  0.0000000000e+00  dmat error =  5.6935519028e-04
Timer "SCF cycle: 8" used time: 0.944266 s.

[NELEC] step = 9  nelec = 32  neInt = 32.000000  dnelc = -2.1956473972e-08
[ENERG] step = 9  eTotl = -64.20304187  eCore = -34.91681592  eCoul = 16.09248297  eExcl = -18.22881568  eNucl = -27.14989324  eDisp = 0.00000000
[ERROR] step = 9  engy error = -3.5653044961e-09  grad error =  0.0000000000e+00  dmat error =  2.7439636970e-04
SCF converged in 9 steps.
[LSDF] xchg_d10: ISDF-robust path (K_V + K_V~ - K_IP)
[GRADIENT] SCF type: GRKS | atoms: 16 | DOF: 48 | time: 30.224 s
  Atom   0:  -5.4245541811e-04  -5.8312664900e-04  -2.4859913665e-04
  Atom   1:  -5.3868918242e-03  -2.8306882512e-03  -7.3801008867e-04
  Atom   2:  -3.0098205132e-03  -1.5349573921e-03   5.6551229911e-04
  Atom   3:  -1.1647427069e-03  -2.7723748513e-04  -2.2915893048e-04
  Atom   4:   8.8707236675e-03   1.8896042820e-03  -1.5052949043e-04
  Atom   5:  -5.7302727489e-06   6.4482730280e-06   1.5995202430e-04
  Atom   6:  -3.3582470204e-04  -1.4786358140e-04   1.1936749120e-03
  Atom   7:   3.7207690244e-03   4.5426004698e-03  -1.3939520894e-04
  Atom   8:  -5.4333361290e-04  -6.5286985706e-04  -6.9965650322e-04
  Atom   9:  -1.1054092726e-04  -5.7028133932e-05  -1.0553266317e-03
  Atom  10:   1.9223004604e-06  -6.8320394453e-07  -7.9676862726e-04
  Atom  11:  -1.3029627625e-03  -2.7814419096e-04  -7.3062992765e-04
  Atom  12:   2.6638730032e-05   9.9900783237e-06   6.9618256862e-04
  Atom  13:  -2.4100438728e-05  -4.2001319034e-06  -1.1596120038e-05
  Atom  14:  -2.2259087207e-04  -9.3564896462e-05   1.4963960685e-03
  Atom  15:   2.2420464403e-05   1.6105528863e-05   6.9548718171e-04
[OPT] step = 0  energy = -64.2030418741  dE =               N/A  grad_max =  8.8707236675e-03  grad_rms =  1.9279311158e-03
[OPT] Geometry optimization did not converge in 1 steps.
Kylin-PBC Done.
Timer "Kylin-PBC main" used time: 43.79500 s.
