Kylin-PBC: v1.0.0

System time = 2026-06-28 02:31:32

OMP threads = 32

KYLIN_PBC_ROOT = "/home/rudin/code/kylin-pbc"
KYLIN_SCR_PATH = "/tmp"
KYLIN_JOB_PATH = "/home/rudin/code/kylin-pbc/art/example/scaling/cip-Si16-HSE06/none/c60"

SCF.xcfun                      = HSE06
SCF.basis                      = dzvp-sr
SCF.psudo                      = gth-pbe
SCF.kmesh                      = 1 1 1
SCF.gmesh                      = 5.0e-01
SCF.ispin                      = OFF
SCF.dspin                      = 0
SCF.eps_engy                   = 1.0e-06 [AU]
SCF.eps_grad                   = 1.0e-05 [AU]
SCF.eps_dmat                   = 1.0e-03
SCF.chk_load                   = 
SCF.chk_save                   = 
SCF.scf_guess                  = ATOM
SCF.max_cycle                  = 100
SCF.vdw_method                 = NONE
SCF.coul_method                = MGDF
SCF.xchg_method                = LSDF
SCF.xchg_exxocc                = OFF
SCF.xchg_exxace                = NONE
SCF.xchg_robust                = NONE
SCF.xchg_exxdiv                = NONE
SCF.xchg_dropG0                = OFF
SCF.lsdf_cparam                = 60
SCF.lsdf_mparam                = 5
SCF.lsdf_ipslct                = QRCP
SCF.lsdf_chocut                = 1.0e-08
SCF.lsdf_atmcut                = 2.5e+01
SCF.lsdf_aovcut                = 1.0e-07
SCF.lsdf_swzcut                = 0.0e+00
SCF.lsdf_pnocut                = 0.0e+00
SCF.lsdf_nafcut                = 0.0e+00
SCF.mgdf_ntasks                = 4
SCF.mgdf_kratio                = 3.0e+00
SCF.mgdf_cutoff                = 3.0e+02 [AU]
SCF.mgdf_relcut                = 3.0e+01
SCF.mgdf_prprec                = 1.0e-14
SCF.dmx_mix_method             = NONE
SCF.dmx_mix_start              = 1
SCF.dmx_mix_space              = 8
SCF.dmx_mix_alpha              = 3.0e-01
SCF.rho_mix_method             = NONE
SCF.rho_mix_start              = 1
SCF.rho_mix_space              = 8
SCF.rho_mix_alpha              = 3.0e-01
SCF.hks_mix_method             = BROY
SCF.hks_mix_start              = 1
SCF.hks_mix_space              = 8
SCF.hks_mix_alpha              = 3.0e-01
SCF.damp_factor                = 0.0e+00
SCF.level_shift                = 0.0e+00 [AU]
SCF.smear_method               = NONE
SCF.smear_sigma                = 0.0e+00 [AU]
SCF.soc                        = OFF
SCF.soc_window                 = 1.8e+00 [AU]
SCF.print_bandgap              = OFF
SCF.print_time                 = OFF

OPT.opt_method                 = BFGS
OPT.max_cycle                  = 1
OPT.eps_engy                   = 4.0e-06 [AU]
OPT.eps_grad                   = 4.0e-04 [AU]
OPT.trust_limit                = 3.0e-01 [AU]
OPT.damp_factor                = 0.0e+00
OPT.opt_mix_method             = NONE
OPT.opt_mix_start              = 1
OPT.opt_mix_space              = 5
OPT.opt_mix_alpha              = 3.0e-01
OPT.neb_method                 = FIRE
OPT.neb_lclimb                 = ON
OPT.neb_interp                 = IDPP
OPT.neb_nimage                 = 5
OPT.neb_spring                 = 1.0e-02 [AU]
OPT.neb_maxstep                = 7.6e-02 [AU]

PROP.calculation               = NONE
FREQ.freq_method               = FREE2
FREQ.fd_stepsize               = 2.8e-02 [AU]
DOS.dos_method                 = GAUSS
DOS.dos_sigma                  = 3.7e-03 [AU]
DOS.dos_npoint                 = 1001
DOS.dos_emin                   = 0.0e+00 [AU]
DOS.dos_emax                   = 0.0e+00 [AU]

OPT.mdx_ensemble               = NVE
OPT.mdx_thermostat             = NHC
OPT.mdx_max_step               = 0
OPT.mdx_timestep               = 4.0e+01 [AU]
OPT.mdx_temperature            = 9.5e-04 [AU]
OPT.mdx_pressure               = 0.0e+00 [AU]
OPT.mdx_thermo_tau             = 4.0e+03 [AU]
OPT.mdx_baro_tau               = 2.0e+04 [AU]
OPT.mdx_nhc_length             = 3
OPT.mdx_nhc_mts                = 3
OPT.mdx_constraint             = OFF
OPT.mdx_constraint_tol         = 1.0e-10
OPT.mdx_rng_seed               = 42

K-points mesh = 1 1 1

xc functional: "HSE06"
is hybrid: YES
HFX coeff: 0.25

Basis Set Name: "dzvp-sr"
number of shell = 48
number of basis = 208
gmesh = 29 29 57

Pseudopotential Name: "gth-pbe"
number of valence electron = 64

OPT Calculation.

==============================================================
                   Geometry Optimization                      
==============================================================
  method      = BFGS
  max_cycle   = 1
  eps_engy    = 4.000000e-06
  eps_grad    = 4.000000e-04
  trust_limit = 0.300000
  natom       = 16
  nfree       = 48 / 48
==============================================================

--------------------------------------------------------------
  OPT step 0
--------------------------------------------------------------
[OPT] Cell structure (Angstrom):
       5.43100000       0.00000000       0.00000000
       0.00000000       5.43100000       0.00000000
       0.00000000       0.00000000      10.86200000

Cart
Si         0.00000000       0.00000000       0.00000000   T T T
Si         0.00000000       2.71550000       2.71550000   T T T
Si         2.71550000       0.00000000       2.71550000   T T T
Si         2.71550000       2.71550000       0.00000000   T T T
Si         1.35775000       1.35775000       1.35775000   T T T
Si         1.35775000       4.07325000       4.07325000   T T T
Si         4.07325000       1.35775000       4.07325000   T T T
Si         4.07325000       4.07325000       1.35775000   T T T
Si         0.00000000       0.00000000       5.43100000   T T T
Si         0.00000000       2.71550000       8.14650000   T T T
Si         2.71550000       0.00000000       8.14650000   T T T
Si         2.71550000       2.71550000       5.43100000   T T T
Si         1.35775000       1.35775000       6.78875000   T T T
Si         1.35775000       4.07325000       9.50425000   T T T
Si         4.07325000       1.35775000       9.50425000   T T T
Si         4.07325000       4.07325000       6.78875000   T T T

[OPT] Cell written to /home/rudin/code/kylin-pbc/art/example/scaling/cip-Si16-HSE06/none/c60/opt_img/cell_opt_0.txt
[LSDF] gmesh = (29, 29, 57), ngrid = 47937, naofn = 208, natom = 16
Timer "[LSDF] Voronoi partition" used time: 0.001314 s.
Timer "[LSDF] AO evaluation + screening" used time: 0.169646 s.
[LSDF] IP method: randomized QRCP (c=60, m=5)
[LSDF] total IPs selected: 12560 (26.2011% of grid)
Timer "[LSDF] IP selection" used time: 0.509725 s.
Timer "[LSDF] aux basis fitting" used time: 0.116369 s.
[LSDF] Step 5 diagnostics: natom=16, ngrid=47937, naux_total=12560
[LSDF]   OMP threads=32, MKL threads=32
[LSDF]   Vmat_loc total size: 12560 x 47937 = 4.49 GB
Timer "[LSDF]   5a Vmat_loc alloc+FFT" used time: 0.479773 s.
[LSDF]   W size: 12560 x 12560 = 1203.56 MB, max_npart=3140
Timer "[LSDF]   5b W construction (DGEMM)" used time: 0.252911 s.
Timer "[LSDF]   5c Wmat symmetrize" used time: 0.090866 s.
[LSDF]   robust_mode=NONE: freeing Vmat_loc
Timer "[LSDF] V/W construction" used time: 0.977374 s.
[LSDF] xchg phases: A=0.002 s, B(K_W)=0.110 s, C(K_V)=0.000 s, E(reduce)=0.001 s
[NELEC] step = 0  nelec = 64  neInt = 64.000000  dnelc =  2.1955770535e-11
[ENERG] step = 0  eTotl = -62.95987031  eCore = 19.62269416  eCoul = 4.69090466  eExcl = -20.09006688  eNucl = -67.18340225  eDisp = 0.00000000
[ERROR] step = 0  engy error =  0.0000000000e+00  grad error =  0.0000000000e+00  dmat error =  0.0000000000e+00
Timer "SCF cycle: 0" used time: 1.112409 s.

[LSDF] xchg phases: A=0.001 s, B(K_W)=0.091 s, C(K_V)=0.000 s, E(reduce)=0.000 s
[NELEC] step = 1  nelec = 64  neInt = 64.000000  dnelc =  2.8947511055e-11
[ENERG] step = 1  eTotl = -63.16699190  eCore = 19.34636637  eCoul = 4.50595240  eExcl = -19.83590842  eNucl = -67.18340225  eDisp = 0.00000000
[ERROR] step = 1  engy error = -2.0712159473e-01  grad error =  0.0000000000e+00  dmat error =  1.1563091061e+00
Timer "SCF cycle: 1" used time: 1.081606 s.

[LSDF] xchg phases: A=0.003 s, B(K_W)=0.078 s, C(K_V)=0.000 s, E(reduce)=0.000 s
[NELEC] step = 2  nelec = 64  neInt = 64.000000  dnelc =  2.9373836696e-11
[ENERG] step = 2  eTotl = -63.17258053  eCore = 19.32256768  eCoul = 4.54429342  eExcl = -19.85603937  eNucl = -67.18340225  eDisp = 0.00000000
[ERROR] step = 2  engy error = -5.5886229895e-03  grad error =  0.0000000000e+00  dmat error =  1.7025875641e-02
Timer "SCF cycle: 2" used time: 1.061425 s.

[LSDF] xchg phases: A=0.001 s, B(K_W)=0.078 s, C(K_V)=0.000 s, E(reduce)=0.000 s
[NELEC] step = 3  nelec = 64  neInt = 64.000000  dnelc =  3.0183855415e-11
[ENERG] step = 3  eTotl = -63.17846274  eCore = 19.27690926  eCoul = 4.62972969  eExcl = -19.90169943  eNucl = -67.18340225  eDisp = 0.00000000
[ERROR] step = 3  engy error = -5.8822122848e-03  grad error =  0.0000000000e+00  dmat error =  4.1778282430e-02
Timer "SCF cycle: 3" used time: 1.077446 s.

[LSDF] xchg phases: A=0.001 s, B(K_W)=0.079 s, C(K_V)=0.000 s, E(reduce)=0.000 s
[NELEC] step = 4  nelec = 64  neInt = 64.000000  dnelc =  3.0127011996e-11
[ENERG] step = 4  eTotl = -63.17852345  eCore = 19.28145148  eCoul = 4.62364729  eExcl = -19.90021996  eNucl = -67.18340225  eDisp = 0.00000000
[ERROR] step = 4  engy error = -6.0713779504e-05  grad error =  0.0000000000e+00  dmat error =  6.1805200705e-03
Timer "SCF cycle: 4" used time: 1.072336 s.

[LSDF] xchg phases: A=0.005 s, B(K_W)=0.055 s, C(K_V)=0.000 s, E(reduce)=0.000 s
[NELEC] step = 5  nelec = 64  neInt = 64.000000  dnelc =  3.0098590287e-11
[ENERG] step = 5  eTotl = -63.17852507  eCore = 19.28164605  eCoul = 4.62352722  eExcl = -19.90029608  eNucl = -67.18340225  eDisp = 0.00000000
[ERROR] step = 5  engy error = -1.6151382596e-06  grad error =  0.0000000000e+00  dmat error =  6.4690166957e-04
Timer "SCF cycle: 5" used time: 1.062130 s.

[LSDF] xchg phases: A=0.001 s, B(K_W)=0.078 s, C(K_V)=0.000 s, E(reduce)=0.000 s
[NELEC] step = 6  nelec = 64  neInt = 64.000000  dnelc =  3.0070168577e-11
[ENERG] step = 6  eTotl = -63.17852558  eCore = 19.28149980  eCoul = 4.62396310  eExcl = -19.90058623  eNucl = -67.18340225  eDisp = 0.00000000
[ERROR] step = 6  engy error = -5.1053983441e-07  grad error =  0.0000000000e+00  dmat error =  4.8220689833e-04
SCF converged in 6 steps.
[LSDF] xchg_d10: robust_mode=NONE, no V data -> full-grid FFT path
[GRADIENT] SCF type: GRKS | atoms: 16 | DOF: 48 | time: 20.005 s
  Atom   0:   6.5883004091e-09  -2.6986071583e-10  -5.7854765411e-08
  Atom   1:   1.9736645744e-08  -1.7099817291e-08   3.7974202626e-07
  Atom   2:  -2.5914709205e-08   1.2898485589e-08   3.2849064993e-07
  Atom   3:   1.8814327409e-10   3.6196009090e-08  -5.5669144711e-08
  Atom   4:  -3.6963453512e-07  -4.2500816711e-07   8.6972050520e-07
  Atom   5:  -3.9309647339e-07   4.3646440531e-07   9.7220106896e-07
  Atom   6:   4.1147095813e-07  -4.2899670263e-07   1.0826510940e-06
  Atom   7:   4.0560098920e-07   4.2384700320e-07   8.6502306153e-07
  Atom   8:  -2.8995657448e-08  -1.9936289102e-08   4.7605609694e-08
  Atom   9:  -1.5077356658e-09  -2.3705438211e-08  -3.5345518963e-07
  Atom  10:  -1.7118559414e-08  -2.3237644906e-08  -3.3263429535e-07
  Atom  11:  -5.7210484228e-09   1.5322365428e-08   7.2409825948e-08
  Atom  12:  -4.2158980411e-07  -4.0674225287e-07  -9.3666850707e-07
  Atom  13:  -4.2998522848e-07   4.1924248065e-07  -9.6588828932e-07
  Atom  14:   3.8769409519e-07  -3.8950686030e-07  -9.5662416890e-07
  Atom  15:   4.6233966017e-07   3.9064720557e-07  -9.5906119992e-07
[OPT] step = 0  energy = -63.1785255772  dE =               N/A  grad_max =  1.0826510940e-06  grad_rms =  4.6785478066e-07
[OPT] Geometry optimization did not converge in 1 steps.
Kylin-PBC Done.
Timer "Kylin-PBC main" used time: 30.24488 s.
