Kylin-PBC: v1.0.0

System time = 2026-09-30 19:40:39

OMP threads = 32

KYLIN_PBC_ROOT = "/home/rudin/code/kylin-pbc"
KYLIN_SCR_PATH = "/tmp"
KYLIN_JOB_PATH = "/home/rudin/tmp-review-ionic/Si16/none/c60"

SCF.xcfun                      = HSE06
SCF.basis                      = dzvp-sr
SCF.psudo                      = gth-pbe
SCF.kmesh                      = 1 1 1
SCF.gmesh                      = 5.0e-01
SCF.ispin                      = OFF
SCF.dspin                      = 0
SCF.eps_engy                   = 3.7e-09 [AU]
SCF.eps_grad                   = 1.0e-05 [AU]
SCF.eps_dmat                   = 1.0e-03
SCF.chk_load                   = 
SCF.chk_save                   = 
SCF.scf_guess                  = ATOM
SCF.max_cycle                  = 200
SCF.vdw_method                 = NONE
SCF.coul_method                = MGDF
SCF.xchg_method                = LSDF
SCF.xchg_exxocc                = OFF
SCF.xchg_exxace                = NONE
SCF.xchg_robust                = NONE
SCF.xchg_exxdiv                = EWALD
SCF.xchg_dropG0                = ON
SCF.lsdf_cparam                = 60
SCF.lsdf_mparam                = 5
SCF.lsdf_ipslct                = QRCP
SCF.lsdf_chocut                = 1.0e-08
SCF.lsdf_atmcut                = 2.5e+01
SCF.lsdf_aovcut                = 1.0e-07
SCF.lsdf_swzcut                = 0.0e+00
SCF.lsdf_pnocut                = 0.0e+00
SCF.lsdf_nafcut                = 0.0e+00
SCF.mgdf_ntasks                = 4
SCF.mgdf_kratio                = 3.0e+00
SCF.mgdf_cutoff                = 3.0e+02 [AU]
SCF.mgdf_relcut                = 3.0e+01
SCF.mgdf_prprec                = 1.0e-14
SCF.dmx_mix_method             = NONE
SCF.dmx_mix_start              = 1
SCF.dmx_mix_space              = 8
SCF.dmx_mix_alpha              = 3.0e-01
SCF.rho_mix_method             = NONE
SCF.rho_mix_start              = 1
SCF.rho_mix_space              = 8
SCF.rho_mix_alpha              = 3.0e-01
SCF.hks_mix_method             = BROY
SCF.hks_mix_start              = 1
SCF.hks_mix_space              = 8
SCF.hks_mix_alpha              = 3.0e-01
SCF.damp_factor                = 0.0e+00
SCF.level_shift                = 0.0e+00 [AU]
SCF.smear_method               = NONE
SCF.smear_sigma                = 0.0e+00 [AU]
SCF.soc                        = OFF
SCF.soc_window                 = 1.8e+00 [AU]
SCF.print_bandgap              = OFF
SCF.print_time                 = OFF

OPT.opt_method                 = BFGS
OPT.max_cycle                  = 1
OPT.eps_engy                   = 4.0e-06 [AU]
OPT.eps_grad                   = 4.0e-04 [AU]
OPT.trust_limit                = 3.0e-01 [AU]
OPT.damp_factor                = 0.0e+00
OPT.opt_mix_method             = NONE
OPT.opt_mix_start              = 1
OPT.opt_mix_space              = 5
OPT.opt_mix_alpha              = 3.0e-01
OPT.neb_method                 = FIRE
OPT.neb_lclimb                 = ON
OPT.neb_interp                 = IDPP
OPT.neb_nimage                 = 5
OPT.neb_spring                 = 1.0e-02 [AU]
OPT.neb_maxstep                = 7.6e-02 [AU]

PROP.calculation               = NONE
FREQ.freq_method               = FREE2
FREQ.fd_stepsize               = 2.8e-02 [AU]
DOS.dos_method                 = GAUSS
DOS.dos_sigma                  = 3.7e-03 [AU]
DOS.dos_npoint                 = 1001
DOS.dos_emin                   = 0.0e+00 [AU]
DOS.dos_emax                   = 0.0e+00 [AU]

OPT.mdx_ensemble               = NVE
OPT.mdx_thermostat             = NHC
OPT.mdx_max_step               = 0
OPT.mdx_timestep               = 4.0e+01 [AU]
OPT.mdx_temperature            = 9.5e-04 [AU]
OPT.mdx_pressure               = 0.0e+00 [AU]
OPT.mdx_thermo_tau             = 4.0e+03 [AU]
OPT.mdx_baro_tau               = 2.0e+04 [AU]
OPT.mdx_nhc_length             = 3
OPT.mdx_nhc_mts                = 3
OPT.mdx_constraint             = OFF
OPT.mdx_constraint_tol         = 1.0e-10
OPT.mdx_rng_seed               = 42

K-points mesh = 1 1 1

xc functional: "HSE06"
is hybrid: YES
HFX coeff: 0.25

Basis Set Name: "dzvp-sr"
number of shell = 48
number of basis = 208
gmesh = 29 29 57

Pseudopotential Name: "gth-pbe"
number of valence electron = 64

OPT Calculation.

==============================================================
                   Geometry Optimization                      
==============================================================
  method      = BFGS
  max_cycle   = 1
  eps_engy    = 4.000000e-06
  eps_grad    = 4.000000e-04
  trust_limit = 0.300000
  natom       = 16
  nfree       = 48 / 48
==============================================================

--------------------------------------------------------------
  OPT step 0
--------------------------------------------------------------
[OPT] Cell structure (Angstrom):
       5.43100000       0.00000000       0.00000000
       0.00000000       5.43100000       0.00000000
       0.00000000       0.00000000      10.86200000

Cart
Si         0.00000000       0.00000000       0.00000000   T T T
Si         0.10000000       2.76550000       2.74550000   T T T
Si         2.71550000       0.00000000       2.71550000   T T T
Si         2.71550000       2.71550000       0.00000000   T T T
Si         1.35775000       1.35775000       1.35775000   T T T
Si         1.35775000       4.07325000       4.07325000   T T T
Si         4.07325000       1.35775000       4.07325000   T T T
Si         4.07325000       4.07325000       1.35775000   T T T
Si         0.00000000       0.00000000       5.43100000   T T T
Si         0.00000000       2.71550000       8.14650000   T T T
Si         2.71550000       0.00000000       8.14650000   T T T
Si         2.71550000       2.71550000       5.43100000   T T T
Si         1.35775000       1.35775000       6.78875000   T T T
Si         1.35775000       4.07325000       9.50425000   T T T
Si         4.07325000       1.35775000       9.50425000   T T T
Si         4.07325000       4.07325000       6.78875000   T T T

[OPT] Cell written to /home/rudin/tmp-review-ionic/Si16/none/c60/opt_img/cell_opt_0.txt
[LSDF] gmesh = (29, 29, 57), ngrid = 47937, naofn = 208, natom = 16
Timer "[LSDF] Voronoi partition" used time: 0.001373 s.
Timer "[LSDF] AO evaluation + screening" used time: 0.174500 s.
[LSDF] IP method: randomized QRCP (c=60, m=5)
[LSDF] total IPs selected: 12560 (26.2011% of grid)
Timer "[LSDF] IP selection" used time: 0.507391 s.
Timer "[LSDF] aux basis fitting" used time: 0.116605 s.
[LSDF] Step 5 diagnostics: natom=16, ngrid=47937, naux_total=12560
[LSDF]   OMP threads=32, MKL threads=32
[LSDF]   Vmat_loc total size: 12560 x 47937 = 4.49 GB
Timer "[LSDF]   5a Vmat_loc alloc+FFT" used time: 0.485011 s.
[LSDF]   W size: 12560 x 12560 = 1203.56 MB, max_npart=3138
Timer "[LSDF]   5b W construction (DGEMM)" used time: 0.241632 s.
Timer "[LSDF]   5c Wmat symmetrize" used time: 0.061531 s.
[LSDF]   robust_mode=NONE: freeing Vmat_loc
Timer "[LSDF] V/W construction" used time: 1.037112 s.
[LSDF] xchg phases: A=0.002 s, B(K_W)=0.079 s, C(K_V)=0.000 s, E(reduce)=0.001 s
[NELEC] step = 0  nelec = 64  neInt = 64.000000  dnelc =  2.1927348826e-11
[ENERG] step = 0  eTotl = -62.54338678  eCore = 19.60664054  eCoul = 4.69704873  eExcl = -19.67456302  eNucl = -67.17251303  eDisp = 0.00000000
[ERROR] step = 0  engy error =  0.0000000000e+00  grad error =  0.0000000000e+00  dmat error =  0.0000000000e+00
Timer "SCF cycle: 0" used time: 1.091626 s.

[LSDF] xchg phases: A=0.001 s, B(K_W)=0.079 s, C(K_V)=0.000 s, E(reduce)=0.000 s
[NELEC] step = 1  nelec = 64  neInt = 64.000000  dnelc =  2.9473312679e-11
[ENERG] step = 1  eTotl = -62.76119201  eCore = 19.33616879  eCoul = 4.50690992  eExcl = -19.43175768  eNucl = -67.17251303  eDisp = 0.00000000
[ERROR] step = 1  engy error = -2.1780522537e-01  grad error =  0.0000000000e+00  dmat error =  1.1761908415e+00
Timer "SCF cycle: 1" used time: 1.073558 s.

[LSDF] xchg phases: A=0.001 s, B(K_W)=0.080 s, C(K_V)=0.000 s, E(reduce)=0.000 s
[NELEC] step = 2  nelec = 64  neInt = 64.000000  dnelc =  2.9857005757e-11
[ENERG] step = 2  eTotl = -62.76668862  eCore = 19.31158645  eCoul = 4.54713424  eExcl = -19.45289628  eNucl = -67.17251303  eDisp = 0.00000000
[ERROR] step = 2  engy error = -5.4966114670e-03  grad error =  0.0000000000e+00  dmat error =  1.7953461218e-02
Timer "SCF cycle: 2" used time: 1.072422 s.

[LSDF] xchg phases: A=0.005 s, B(K_W)=0.055 s, C(K_V)=0.000 s, E(reduce)=0.000 s
[NELEC] step = 3  nelec = 64  neInt = 64.000000  dnelc =  3.0837554732e-11
[ENERG] step = 3  eTotl = -62.77214854  eCore = 19.26604480  eCoul = 4.63233113  eExcl = -19.49801144  eNucl = -67.17251303  eDisp = 0.00000000
[ERROR] step = 3  engy error = -5.4599207538e-03  grad error =  0.0000000000e+00  dmat error =  4.0532557227e-02
Timer "SCF cycle: 3" used time: 1.055262 s.

[LSDF] xchg phases: A=0.003 s, B(K_W)=0.079 s, C(K_V)=0.000 s, E(reduce)=0.001 s
[NELEC] step = 4  nelec = 64  neInt = 64.000000  dnelc =  3.0752289604e-11
[ENERG] step = 4  eTotl = -62.77220931  eCore = 19.26606509  eCoul = 4.63313964  eExcl = -19.49890101  eNucl = -67.17251303  eDisp = 0.00000000
[ERROR] step = 4  engy error = -6.0769445959e-05  grad error =  0.0000000000e+00  dmat error =  3.0937631913e-03
Timer "SCF cycle: 4" used time: 1.076977 s.

[LSDF] xchg phases: A=0.002 s, B(K_W)=0.100 s, C(K_V)=0.000 s, E(reduce)=0.000 s
[NELEC] step = 5  nelec = 64  neInt = 64.000000  dnelc =  3.0752289604e-11
[ENERG] step = 5  eTotl = -62.77223810  eCore = 19.26823165  eCoul = 4.63013766  eExcl = -19.49809439  eNucl = -67.17251303  eDisp = 0.00000000
[ERROR] step = 5  engy error = -2.8796754044e-05  grad error =  0.0000000000e+00  dmat error =  3.7590500840e-03
Timer "SCF cycle: 5" used time: 1.142346 s.

[LSDF] xchg phases: A=0.001 s, B(K_W)=0.103 s, C(K_V)=0.000 s, E(reduce)=0.000 s
[NELEC] step = 6  nelec = 64  neInt = 64.000000  dnelc =  3.0681235330e-11
[ENERG] step = 6  eTotl = -62.77224563  eCore = 19.26990937  eCoul = 4.62775170  eExcl = -19.49739368  eNucl = -67.17251303  eDisp = 0.00000000
[ERROR] step = 6  engy error = -7.5299498121e-06  grad error =  0.0000000000e+00  dmat error =  2.1556480973e-03
Timer "SCF cycle: 6" used time: 1.111513 s.

[LSDF] xchg phases: A=0.002 s, B(K_W)=0.076 s, C(K_V)=0.000 s, E(reduce)=0.000 s
[NELEC] step = 7  nelec = 64  neInt = 64.000000  dnelc =  3.0723867894e-11
[ENERG] step = 7  eTotl = -62.77224635  eCore = 19.27011404  eCoul = 4.62752688  eExcl = -19.49737425  eNucl = -67.17251303  eDisp = 0.00000000
[ERROR] step = 7  engy error = -7.2036858256e-07  grad error =  0.0000000000e+00  dmat error =  4.8785873503e-04
Timer "SCF cycle: 7" used time: 1.072562 s.

[NELEC] step = 8  nelec = 64  neInt = 64.000000  dnelc =  3.0752289604e-11
[ENERG] step = 8  eTotl = -62.77224652  eCore = 19.27010877  eCoul = 4.62758741  eExcl = -19.49742967  eNucl = -67.17251303  eDisp = 0.00000000
[ERROR] step = 8  engy error = -1.6382021784e-07  grad error =  0.0000000000e+00  dmat error =  1.5422787351e-04
Timer "SCF cycle: 8" used time: 1.058935 s.

[NELEC] step = 9  nelec = 64  neInt = 64.000000  dnelc =  3.0752289604e-11
[ENERG] step = 9  eTotl = -62.77224657  eCore = 19.27010009  eCoul = 4.62762799  eExcl = -19.49746162  eNucl = -67.17251303  eDisp = 0.00000000
[ERROR] step = 9  engy error = -4.8175053280e-08  grad error =  0.0000000000e+00  dmat error =  7.7382991326e-05
Timer "SCF cycle: 9" used time: 1.073762 s.

[NELEC] step = 10  nelec = 64  neInt = 64.000000  dnelc =  3.0723867894e-11
[ENERG] step = 10  eTotl = -62.77224659  eCore = 19.27008658  eCoul = 4.62767020  eExcl = -19.49749035  eNucl = -67.17251303  eDisp = 0.00000000
[ERROR] step = 10  engy error = -2.0435514614e-08  grad error =  0.0000000000e+00  dmat error =  6.7288755643e-05
Timer "SCF cycle: 10" used time: 1.071555 s.

[NELEC] step = 11  nelec = 64  neInt = 64.000000  dnelc =  3.0667024475e-11
[ENERG] step = 11  eTotl = -62.77224659  eCore = 19.27008389  eCoul = 4.62767585  eExcl = -19.49749329  eNucl = -67.17251303  eDisp = 0.00000000
[ERROR] step = 11  engy error = -9.7179508884e-10  grad error =  0.0000000000e+00  dmat error =  1.2085360459e-05
SCF converged in 11 steps.
[LSDF] xchg_d10: robust_mode=NONE, no V data -> full-grid FFT path
[GRADIENT] SCF type: GRKS | atoms: 16 | DOF: 48 | time: 18.232 s
  Atom   0:   2.8683405255e-03  -8.1998667530e-04   1.2274963519e-05
  Atom   1:   2.9001910153e-02   1.6202187509e-02   1.0702266028e-02
  Atom   2:   1.1317851302e-03   6.2190297717e-04   1.2386937152e-03
  Atom   3:  -6.3101485417e-04   1.9712091979e-03   6.2658139959e-05
  Atom   4:  -3.6044273771e-03   2.8345154352e-04   1.4648437093e-05
  Atom   5:  -1.4208938741e-02  -1.3539075070e-02  -1.1410715483e-02
  Atom   6:  -9.0604340180e-03  -7.7520572544e-03   3.4145559573e-03
  Atom   7:  -6.4065283721e-03   2.5930553258e-03  -4.0503473246e-03
  Atom   8:   2.1039061436e-03   5.4235419665e-04   2.0206175528e-04
  Atom   9:  -3.9244552795e-04  -2.3257218371e-04  -2.1918386783e-04
  Atom  10:   1.2619437981e-04   6.4260532369e-05   1.2553067380e-04
  Atom  11:  -7.2452775770e-06   4.6516408897e-04   1.5284390778e-04
  Atom  12:   2.2592291709e-04   2.1590790741e-04   3.3835574837e-04
  Atom  13:  -8.0889858914e-04  -9.3388541963e-04  -1.2973664905e-03
  Atom  14:  -1.6338456569e-04  -2.7990125681e-04   1.2077095942e-03
  Atom  15:  -1.7485185526e-04   5.9800283795e-04  -4.9306009742e-04
[OPT] step = 0  energy = -62.7722465880  dE =               N/A  grad_max =  2.9001910153e-02  grad_rms =  6.4419765843e-03
[OPT] Geometry optimization did not converge in 1 steps.
Kylin-PBC Done.
Timer "Kylin-PBC main" used time: 34.10258 s.
