[MGDF_DIAG] gmesh = 55 55 109  (ngrid=329725)
[MGDF_DIAG] level 0  mesh=13 13 23  ngrid=3887  tasks=13284
[MGDF_DIAG] level 1  mesh=19 19 37  ngrid=13357  tasks=26266
[MGDF_DIAG] level 2  mesh=33 33 63  ngrid=68607  tasks=10688
[MGDF_DIAG] level 3  mesh=55 55 109  ngrid=329725  tasks=5145
[MGDF_DIAG] atom_pairs_kept=55383  rejected: atom=40705 set=0 pgf=226492 radius=3609
[MGDF_DIAG] max_pair_radius=14.5332  max_pgf_rcut=13.4326  total_pairs=55383  precision_colloc=1e-14  precision_screen=1e-07
OMP: Warning #226: KMP_AFFINITY must be set prior to first parallel region or certain API calls; ignored.
  [bwd-lev0] integ=0.026799s  tasks=13284  us/pair=64.5564  grid=0.0296555MB
  [bwd-lev1] integ=0.040067s  tasks=26266  us/pair=48.8138  grid=0.101906MB
  [bwd-lev2] integ=0.0137458s  tasks=10688  us/pair=41.155  grid=0.52343MB
  [bwd-lev3] integ=0.00681901s  tasks=5145  us/pair=42.4117  grid=2.5156MB
  [bwd] fft=0.00964093s  integ=0.0874307s  reduce=0.000100136s
  [fwd-lev0] colloc=0.0225909s  tasks=13284  us/pair=54.4195  grid=0.0296555MB
  [fwd-lev1] colloc=0.0322108s  tasks=26266  us/pair=39.2426  grid=0.101906MB
  [fwd-lev2] colloc=0.00955105s  tasks=10688  us/pair=28.596  grid=0.52343MB
  [fwd-lev3] colloc=0.00530696s  tasks=5145  us/pair=33.0073  grid=2.5156MB
  [fwd] colloc=0.0696597s  reduce=0.000360012s  fft=0.00281215s
  [bwd-lev0] integ=0.0259371s  tasks=13284  us/pair=62.4802  grid=0.0296555MB
  [bwd-lev1] integ=0.039906s  tasks=26266  us/pair=48.6177  grid=0.101906MB
  [bwd-lev2] integ=0.013478s  tasks=10688  us/pair=40.3534  grid=0.52343MB
  [bwd-lev3] integ=0.006778s  tasks=5145  us/pair=42.1567  grid=2.5156MB
  [bwd] fft=0.00421214s  integ=0.0860991s  reduce=9.91821e-05s
  [fwd-lev0] colloc=0.022485s  tasks=13284  us/pair=54.1645  grid=0.0296555MB
  [fwd-lev1] colloc=0.0321901s  tasks=26266  us/pair=39.2173  grid=0.101906MB
  [fwd-lev2] colloc=0.00924397s  tasks=10688  us/pair=27.6765  grid=0.52343MB
  [fwd-lev3] colloc=0.00441694s  tasks=5145  us/pair=27.4718  grid=2.5156MB
  [fwd] colloc=0.068336s  reduce=0.000381708s  fft=0.00275612s
  [bwd-lev0] integ=0.0259299s  tasks=13284  us/pair=62.4629  grid=0.0296555MB
  [bwd-lev1] integ=0.0399082s  tasks=26266  us/pair=48.6203  grid=0.101906MB
  [bwd-lev2] integ=0.013571s  tasks=10688  us/pair=40.6318  grid=0.52343MB
  [bwd-lev3] integ=0.00680614s  tasks=5145  us/pair=42.3316  grid=2.5156MB
  [bwd] fft=0.004246s  integ=0.0862153s  reduce=0.000106096s
  [fwd-lev0] colloc=0.0226829s  tasks=13284  us/pair=54.6411  grid=0.0296555MB
  [fwd-lev1] colloc=0.0321569s  tasks=26266  us/pair=39.177  grid=0.101906MB
  [fwd-lev2] colloc=0.00924206s  tasks=10688  us/pair=27.6708  grid=0.52343MB
  [fwd-lev3] colloc=0.00436091s  tasks=5145  us/pair=27.1233  grid=2.5156MB
  [fwd] colloc=0.0684428s  reduce=0.000366926s  fft=0.00270915s
  [bwd-lev0] integ=0.025929s  tasks=13284  us/pair=62.4606  grid=0.0296555MB
  [bwd-lev1] integ=0.039906s  tasks=26266  us/pair=48.6177  grid=0.101906MB
  [bwd-lev2] integ=0.0138328s  tasks=10688  us/pair=41.4156  grid=0.52343MB
  [bwd-lev3] integ=0.00673413s  tasks=5145  us/pair=41.8838  grid=2.5156MB
  [bwd] fft=0.00544047s  integ=0.0864019s  reduce=0.00010705s
  [fwd-lev0] colloc=0.0224741s  tasks=13284  us/pair=54.138  grid=0.0296555MB
  [fwd-lev1] colloc=0.0321379s  tasks=26266  us/pair=39.1537  grid=0.101906MB
  [fwd-lev2] colloc=0.00924492s  tasks=10688  us/pair=27.6794  grid=0.52343MB
  [fwd-lev3] colloc=0.00438309s  tasks=5145  us/pair=27.2612  grid=2.5156MB
  [fwd] colloc=0.0682399s  reduce=0.000360012s  fft=0.00280094s
  [bwd-lev0] integ=0.0259228s  tasks=13284  us/pair=62.4457  grid=0.0296555MB
  [bwd-lev1] integ=0.0398991s  tasks=26266  us/pair=48.6093  grid=0.101906MB
  [bwd-lev2] integ=0.0135851s  tasks=10688  us/pair=40.6739  grid=0.52343MB
  [bwd-lev3] integ=0.00677896s  tasks=5145  us/pair=42.1626  grid=2.5156MB
  [bwd] fft=0.00460315s  integ=0.0861859s  reduce=0.000108004s
  [fwd-lev0] colloc=0.022495s  tasks=13284  us/pair=54.1886  grid=0.0296555MB
  [fwd-lev1] colloc=0.0321538s  tasks=26266  us/pair=39.1732  grid=0.101906MB
  [fwd-lev2] colloc=0.00924397s  tasks=10688  us/pair=27.6765  grid=0.52343MB
  [fwd-lev3] colloc=0.00437307s  tasks=5145  us/pair=27.1989  grid=2.5156MB
  [fwd] colloc=0.0682659s  reduce=0.000404119s  fft=0.00274205s
  [bwd-lev0] integ=0.025913s  tasks=13284  us/pair=62.4222  grid=0.0296555MB
  [bwd-lev1] integ=0.0399308s  tasks=26266  us/pair=48.6479  grid=0.101906MB
  [bwd-lev2] integ=0.0135078s  tasks=10688  us/pair=40.4426  grid=0.52343MB
  [bwd-lev3] integ=0.00676084s  tasks=5145  us/pair=42.0499  grid=2.5156MB
  [bwd] fft=0.00447226s  integ=0.0861125s  reduce=0.000103951s
  [fwd-lev0] colloc=0.0224361s  tasks=13284  us/pair=54.0467  grid=0.0296555MB
  [fwd-lev1] colloc=0.0321541s  tasks=26266  us/pair=39.1735  grid=0.101906MB
  [fwd-lev2] colloc=0.00924611s  tasks=10688  us/pair=27.683  grid=0.52343MB
  [fwd-lev3] colloc=0.00439382s  tasks=5145  us/pair=27.3279  grid=2.5156MB
  [fwd] colloc=0.0682302s  reduce=0.000397682s  fft=0.00271916s
  [bwd-lev0] integ=0.025908s  tasks=13284  us/pair=62.4101  grid=0.0296555MB
  [bwd-lev1] integ=0.039973s  tasks=26266  us/pair=48.6993  grid=0.101906MB
  [bwd-lev2] integ=0.0137081s  tasks=10688  us/pair=41.0423  grid=0.52343MB
  [bwd-lev3] integ=0.00678992s  tasks=5145  us/pair=42.2308  grid=2.5156MB
  [bwd] fft=0.00442982s  integ=0.0863791s  reduce=0.000124931s
  [fwd-lev0] colloc=0.0225461s  tasks=13284  us/pair=54.3115  grid=0.0296555MB
  [fwd-lev1] colloc=0.032239s  tasks=26266  us/pair=39.2769  grid=0.101906MB
  [fwd-lev2] colloc=0.00924397s  tasks=10688  us/pair=27.6765  grid=0.52343MB
  [fwd-lev3] colloc=0.00439191s  tasks=5145  us/pair=27.316  grid=2.5156MB
  [fwd] colloc=0.0684209s  reduce=0.000386s  fft=0.00272322s
  [bwd-lev0] integ=0.0259159s  tasks=13284  us/pair=62.4291  grid=0.0296555MB
  [bwd-lev1] integ=0.0399041s  tasks=26266  us/pair=48.6154  grid=0.101906MB
  [bwd-lev2] integ=0.0134981s  tasks=10688  us/pair=40.4134  grid=0.52343MB
  [bwd-lev3] integ=0.00678301s  tasks=5145  us/pair=42.1878  grid=2.5156MB
  [bwd] fft=0.00439596s  integ=0.0861011s  reduce=0.00010705s
  [fwd-lev0] colloc=0.0224969s  tasks=13284  us/pair=54.1932  grid=0.0296555MB
  [fwd-lev1] colloc=0.032295s  tasks=26266  us/pair=39.3451  grid=0.101906MB
  [fwd-lev2] colloc=0.00925899s  tasks=10688  us/pair=27.7215  grid=0.52343MB
  [fwd-lev3] colloc=0.00437617s  tasks=5145  us/pair=27.2182  grid=2.5156MB
  [fwd] colloc=0.0684271s  reduce=0.000370741s  fft=0.0027101s
  [bwd-lev0] integ=0.025948s  tasks=13284  us/pair=62.5066  grid=0.0296555MB
  [bwd-lev1] integ=0.039891s  tasks=26266  us/pair=48.5994  grid=0.101906MB
  [bwd-lev2] integ=0.0135889s  tasks=10688  us/pair=40.6853  grid=0.52343MB
  [bwd-lev3] integ=0.00672698s  tasks=5145  us/pair=41.8393  grid=2.5156MB
  [bwd] fft=0.00443316s  integ=0.0861549s  reduce=0.000108004s
  [fwd-lev0] colloc=0.0223401s  tasks=13284  us/pair=53.8153  grid=0.0296555MB
  [fwd-lev1] colloc=0.0323679s  tasks=26266  us/pair=39.434  grid=0.101906MB
  [fwd-lev2] colloc=0.00925589s  tasks=10688  us/pair=27.7122  grid=0.52343MB
  [fwd-lev3] colloc=0.00448084s  tasks=5145  us/pair=27.8692  grid=2.5156MB
  [fwd] colloc=0.0684447s  reduce=0.000673294s  fft=0.00532222s
  [bwd-lev0] integ=0.0259252s  tasks=13284  us/pair=62.4515  grid=0.0296555MB
  [bwd-lev1] integ=0.0399382s  tasks=26266  us/pair=48.6569  grid=0.101906MB
  [bwd-lev2] integ=0.0136008s  tasks=10688  us/pair=40.721  grid=0.52343MB
  [bwd-lev3] integ=0.00676394s  tasks=5145  us/pair=42.0692  grid=2.5156MB
  [bwd] fft=0.00597668s  integ=0.0862281s  reduce=0.000108004s
  [fwd-lev0] colloc=0.0223389s  tasks=13284  us/pair=53.8124  grid=0.0296555MB
  [fwd-lev1] colloc=0.0321398s  tasks=26266  us/pair=39.1561  grid=0.101906MB
  [fwd-lev2] colloc=0.00923419s  tasks=10688  us/pair=27.6473  grid=0.52343MB
  [fwd-lev3] colloc=0.00438809s  tasks=5145  us/pair=27.2923  grid=2.5156MB
  [fwd] colloc=0.0681009s  reduce=0.000393867s  fft=0.00271201s
  [bwd-lev0] integ=0.025924s  tasks=13284  us/pair=62.4486  grid=0.0296555MB
  [bwd-lev1] integ=0.0399089s  tasks=26266  us/pair=48.6212  grid=0.101906MB
  [bwd-lev2] integ=0.0134928s  tasks=10688  us/pair=40.3977  grid=0.52343MB
  [bwd-lev3] integ=0.0067811s  tasks=5145  us/pair=42.1759  grid=2.5156MB
  [bwd] fft=0.00442123s  integ=0.0861068s  reduce=0.000105858s
  [fwd-lev0] colloc=0.0223291s  tasks=13284  us/pair=53.7888  grid=0.0296555MB
  [fwd-lev1] colloc=0.0321031s  tasks=26266  us/pair=39.1113  grid=0.101906MB
  [fwd-lev2] colloc=0.0092361s  tasks=10688  us/pair=27.653  grid=0.52343MB
  [fwd-lev3] colloc=0.00440097s  tasks=5145  us/pair=27.3724  grid=2.5156MB
  [fwd] colloc=0.0680692s  reduce=0.00040102s  fft=0.00272393s
  [bwd-lev0] integ=0.0259049s  tasks=13284  us/pair=62.4026  grid=0.0296555MB
  [bwd-lev1] integ=0.039901s  tasks=26266  us/pair=48.6116  grid=0.101906MB
  [bwd-lev2] integ=0.0136361s  tasks=10688  us/pair=40.8267  grid=0.52343MB
  [bwd-lev3] integ=0.00678611s  tasks=5145  us/pair=42.2071  grid=2.5156MB
  [bwd] fft=0.00438428s  integ=0.0862281s  reduce=0.000108004s
  [fwd-lev0] colloc=0.0310271s  tasks=13284  us/pair=74.7415  grid=0.0296555MB
  [fwd-lev1] colloc=0.0418072s  tasks=26266  us/pair=50.9339  grid=0.101906MB
  [fwd-lev2] colloc=0.0114911s  tasks=10688  us/pair=34.4044  grid=0.52343MB
  [fwd-lev3] colloc=0.00508285s  tasks=5145  us/pair=31.6134  grid=2.5156MB
  [fwd] colloc=0.0894082s  reduce=0.000519037s  fft=0.00365973s
