Kylin-PBC: v1.0.0

System time = 2026-09-30 20:00:50

OMP threads = 32

KYLIN_PBC_ROOT = "/home/rudin/code/kylin-pbc"
KYLIN_SCR_PATH = "/tmp"
KYLIN_JOB_PATH = "/home/rudin/tmp-review-ionic/BN16/none/c05"

SCF.xcfun                      = HSE06
SCF.basis                      = dzvp-sr
SCF.psudo                      = gth-pbe
SCF.kmesh                      = 1 1 1
SCF.gmesh                      = 5.0e-01
SCF.ispin                      = OFF
SCF.dspin                      = 0
SCF.eps_engy                   = 3.7e-09 [AU]
SCF.eps_grad                   = 1.0e-05 [AU]
SCF.eps_dmat                   = 1.0e-03
SCF.chk_load                   = 
SCF.chk_save                   = 
SCF.scf_guess                  = ATOM
SCF.max_cycle                  = 200
SCF.vdw_method                 = NONE
SCF.coul_method                = MGDF
SCF.xchg_method                = LSDF
SCF.xchg_exxocc                = OFF
SCF.xchg_exxace                = NONE
SCF.xchg_robust                = NONE
SCF.xchg_exxdiv                = EWALD
SCF.xchg_dropG0                = ON
SCF.lsdf_cparam                = 5
SCF.lsdf_mparam                = 5
SCF.lsdf_ipslct                = QRCP
SCF.lsdf_chocut                = 1.0e-08
SCF.lsdf_atmcut                = 2.5e+01
SCF.lsdf_aovcut                = 1.0e-07
SCF.lsdf_swzcut                = 0.0e+00
SCF.lsdf_pnocut                = 0.0e+00
SCF.lsdf_nafcut                = 0.0e+00
SCF.mgdf_ntasks                = 4
SCF.mgdf_kratio                = 3.0e+00
SCF.mgdf_cutoff                = 3.0e+02 [AU]
SCF.mgdf_relcut                = 3.0e+01
SCF.mgdf_prprec                = 1.0e-14
SCF.dmx_mix_method             = NONE
SCF.dmx_mix_start              = 1
SCF.dmx_mix_space              = 8
SCF.dmx_mix_alpha              = 3.0e-01
SCF.rho_mix_method             = NONE
SCF.rho_mix_start              = 1
SCF.rho_mix_space              = 8
SCF.rho_mix_alpha              = 3.0e-01
SCF.hks_mix_method             = BROY
SCF.hks_mix_start              = 1
SCF.hks_mix_space              = 8
SCF.hks_mix_alpha              = 3.0e-01
SCF.damp_factor                = 0.0e+00
SCF.level_shift                = 0.0e+00 [AU]
SCF.smear_method               = NONE
SCF.smear_sigma                = 0.0e+00 [AU]
SCF.soc                        = OFF
SCF.soc_window                 = 1.8e+00 [AU]
SCF.print_bandgap              = OFF
SCF.print_time                 = OFF

OPT.opt_method                 = BFGS
OPT.max_cycle                  = 1
OPT.eps_engy                   = 4.0e-06 [AU]
OPT.eps_grad                   = 4.0e-04 [AU]
OPT.trust_limit                = 3.0e-01 [AU]
OPT.damp_factor                = 0.0e+00
OPT.opt_mix_method             = NONE
OPT.opt_mix_start              = 1
OPT.opt_mix_space              = 5
OPT.opt_mix_alpha              = 3.0e-01
OPT.neb_method                 = FIRE
OPT.neb_lclimb                 = ON
OPT.neb_interp                 = IDPP
OPT.neb_nimage                 = 5
OPT.neb_spring                 = 1.0e-02 [AU]
OPT.neb_maxstep                = 7.6e-02 [AU]

PROP.calculation               = NONE
FREQ.freq_method               = FREE2
FREQ.fd_stepsize               = 2.8e-02 [AU]
DOS.dos_method                 = GAUSS
DOS.dos_sigma                  = 3.7e-03 [AU]
DOS.dos_npoint                 = 1001
DOS.dos_emin                   = 0.0e+00 [AU]
DOS.dos_emax                   = 0.0e+00 [AU]

OPT.mdx_ensemble               = NVE
OPT.mdx_thermostat             = NHC
OPT.mdx_max_step               = 0
OPT.mdx_timestep               = 4.0e+01 [AU]
OPT.mdx_temperature            = 9.5e-04 [AU]
OPT.mdx_pressure               = 0.0e+00 [AU]
OPT.mdx_thermo_tau             = 4.0e+03 [AU]
OPT.mdx_baro_tau               = 2.0e+04 [AU]
OPT.mdx_nhc_length             = 3
OPT.mdx_nhc_mts                = 3
OPT.mdx_constraint             = OFF
OPT.mdx_constraint_tol         = 1.0e-10
OPT.mdx_rng_seed               = 42

K-points mesh = 1 1 1

xc functional: "HSE06"
is hybrid: YES
HFX coeff: 0.25

Basis Set Name: "dzvp-sr"
number of shell = 48
number of basis = 208
gmesh = 44 44 87

Pseudopotential Name: "gth-pbe"
number of valence electron = 64

OPT Calculation.

==============================================================
                   Geometry Optimization                      
==============================================================
  method      = BFGS
  max_cycle   = 1
  eps_engy    = 4.000000e-06
  eps_grad    = 4.000000e-04
  trust_limit = 0.300000
  natom       = 16
  nfree       = 48 / 48
==============================================================

--------------------------------------------------------------
  OPT step 0
--------------------------------------------------------------
[OPT] Cell structure (Angstrom):
       3.61500000       0.00000000       0.00000000
       0.00000000       3.61500000       0.00000000
       0.00000000       0.00000000       7.23000000

Cart
B          0.00000000       0.00000000       0.00000000   T T T
B          0.10000000       1.85750000       1.83750000   T T T
B          1.80750000       0.00000000       1.80750000   T T T
B          1.80750000       1.80750000       0.00000000   T T T
N          0.90375000       0.90375000       0.90375000   T T T
N          0.90375000       2.71125000       2.71125000   T T T
N          2.71125000       0.90375000       2.71125000   T T T
N          2.71125000       2.71125000       0.90375000   T T T
B          0.00000000       0.00000000       3.61500000   T T T
B          0.00000000       1.80750000       5.42250000   T T T
B          1.80750000       0.00000000       5.42250000   T T T
B          1.80750000       1.80750000       3.61500000   T T T
N          0.90375000       0.90375000       4.51875000   T T T
N          0.90375000       2.71125000       6.32625000   T T T
N          2.71125000       0.90375000       6.32625000   T T T
N          2.71125000       2.71125000       4.51875000   T T T

[OPT] Cell written to /home/rudin/tmp-review-ionic/BN16/none/c05/opt_img/cell_opt_0.txt
[LSDF] gmesh = (44, 44, 87), ngrid = 168432, naofn = 208, natom = 16
Timer "[LSDF] Voronoi partition" used time: 0.004082 s.
Timer "[LSDF] AO evaluation + screening" used time: 0.545661 s.
[LSDF] IP method: randomized QRCP (c=5, m=5)
[LSDF] total IPs selected: 1120 (0.6650% of grid)
Timer "[LSDF] IP selection" used time: 0.120103 s.
Timer "[LSDF] aux basis fitting" used time: 0.049100 s.
[LSDF] Step 5 diagnostics: natom=16, ngrid=168432, naux_total=1120
[LSDF]   OMP threads=32, MKL threads=32
[LSDF]   Vmat_loc total size: 1120 x 168432 = 1.41 GB
Timer "[LSDF]   5a Vmat_loc alloc+FFT" used time: 0.132797 s.
[LSDF]   W size: 1120 x 1120 = 9.57 MB, max_npart=10885
Timer "[LSDF]   5b W construction (DGEMM)" used time: 0.021639 s.
Timer "[LSDF]   5c Wmat symmetrize" used time: 0.000583 s.
[LSDF]   robust_mode=NONE: freeing Vmat_loc
Timer "[LSDF] V/W construction" used time: 0.239949 s.
[LSDF] xchg phases: A=0.000 s, B(K_W)=0.001 s, C(K_V)=0.000 s, E(reduce)=0.000 s
[NELEC] step = 0  nelec = 64  neInt = 64.000000  dnelc =  2.2468498173e-09
[ENERG] step = 0  eTotl = -105.19139280  eCore = 18.41671619  eCoul = 12.41189606  eExcl = -30.68646454  eNucl = -105.33354051  eDisp = 0.00000000
[ERROR] step = 0  engy error =  0.0000000000e+00  grad error =  0.0000000000e+00  dmat error =  0.0000000000e+00
Timer "SCF cycle: 0" used time: 0.424691 s.

[LSDF] xchg phases: A=0.000 s, B(K_W)=0.001 s, C(K_V)=0.000 s, E(reduce)=0.000 s
[NELEC] step = 1  nelec = 64  neInt = 64.000000  dnelc =  2.8291964327e-09
[ENERG] step = 1  eTotl = -102.72338752  eCore = 16.35773089  eCoul = 17.01947148  eExcl = -30.76704939  eNucl = -105.33354051  eDisp = 0.00000000
[ERROR] step = 1  engy error =  2.4680052749e+00  grad error =  0.0000000000e+00  dmat error =  1.5674495806e+00
Timer "SCF cycle: 1" used time: 0.393824 s.

[LSDF] xchg phases: A=0.000 s, B(K_W)=0.001 s, C(K_V)=0.000 s, E(reduce)=0.000 s
[NELEC] step = 2  nelec = 64  neInt = 64.000000  dnelc =  2.9173605753e-09
[ENERG] step = 2  eTotl = -102.84169327  eCore = 17.21503505  eCoul = 15.69570644  eExcl = -30.41889425  eNucl = -105.33354051  eDisp = 0.00000000
[ERROR] step = 2  engy error = -1.1830574475e-01  grad error =  0.0000000000e+00  dmat error =  1.2331367563e-01
Timer "SCF cycle: 2" used time: 0.388402 s.

[LSDF] xchg phases: A=0.000 s, B(K_W)=0.001 s, C(K_V)=0.000 s, E(reduce)=0.000 s
[NELEC] step = 3  nelec = 64  neInt = 64.000000  dnelc =  2.9768898457e-09
[ENERG] step = 3  eTotl = -102.85396265  eCore = 18.15269996  eCoul = 14.40903156  eExcl = -30.08215366  eNucl = -105.33354051  eDisp = 0.00000000
[ERROR] step = 3  engy error = -1.2269385845e-02  grad error =  0.0000000000e+00  dmat error =  1.4861481032e-01
Timer "SCF cycle: 3" used time: 0.385740 s.

[LSDF] xchg phases: A=0.000 s, B(K_W)=0.001 s, C(K_V)=0.000 s, E(reduce)=0.000 s
[NELEC] step = 4  nelec = 64  neInt = 64.000000  dnelc =  2.9829294590e-09
[ENERG] step = 4  eTotl = -102.86496856  eCore = 17.82264436  eCoul = 14.84590419  eExcl = -30.19997661  eNucl = -105.33354051  eDisp = 0.00000000
[ERROR] step = 4  engy error = -1.1005910450e-02  grad error =  0.0000000000e+00  dmat error =  3.1713682695e-02
Timer "SCF cycle: 4" used time: 0.385145 s.

[LSDF] xchg phases: A=0.000 s, B(K_W)=0.001 s, C(K_V)=0.000 s, E(reduce)=0.000 s
[NELEC] step = 5  nelec = 64  neInt = 64.000000  dnelc =  2.9825315551e-09
[ENERG] step = 5  eTotl = -102.86566743  eCore = 17.71720083  eCoul = 14.98911689  eExcl = -30.23844464  eNucl = -105.33354051  eDisp = 0.00000000
[ERROR] step = 5  engy error = -6.9886787776e-04  grad error =  0.0000000000e+00  dmat error =  1.0162582010e-02
Timer "SCF cycle: 5" used time: 0.387081 s.

[LSDF] xchg phases: A=0.000 s, B(K_W)=0.001 s, C(K_V)=0.000 s, E(reduce)=0.000 s
[NELEC] step = 6  nelec = 64  neInt = 64.000000  dnelc =  2.9824747116e-09
[ENERG] step = 6  eTotl = -102.86567046  eCore = 17.71693506  eCoul = 14.98951737  eExcl = -30.23858238  eNucl = -105.33354051  eDisp = 0.00000000
[ERROR] step = 6  engy error = -3.0326047806e-06  grad error =  0.0000000000e+00  dmat error =  1.0354784451e-03
Timer "SCF cycle: 6" used time: 0.388081 s.

[LSDF] xchg phases: A=0.000 s, B(K_W)=0.001 s, C(K_V)=0.000 s, E(reduce)=0.000 s
[NELEC] step = 7  nelec = 64  neInt = 64.000000  dnelc =  2.9825031334e-09
[ENERG] step = 7  eTotl = -102.86567201  eCore = 17.71690937  eCoul = 14.98961077  eExcl = -30.23865163  eNucl = -105.33354051  eDisp = 0.00000000
[ERROR] step = 7  engy error = -1.5437691587e-06  grad error =  0.0000000000e+00  dmat error =  1.2935754661e-03
Timer "SCF cycle: 7" used time: 0.388628 s.

[NELEC] step = 8  nelec = 64  neInt = 64.000000  dnelc =  2.9825599768e-09
[ENERG] step = 8  eTotl = -102.86567207  eCore = 17.71719176  eCoul = 14.98923668  eExcl = -30.23856000  eNucl = -105.33354051  eDisp = 0.00000000
[ERROR] step = 8  engy error = -6.3103840375e-08  grad error =  0.0000000000e+00  dmat error =  2.2002326464e-04
Timer "SCF cycle: 8" used time: 0.401033 s.

[NELEC] step = 9  nelec = 64  neInt = 64.000000  dnelc =  2.9824747116e-09
[ENERG] step = 9  eTotl = -102.86567208  eCore = 17.71716409  eCoul = 14.98927483  eExcl = -30.23857048  eNucl = -105.33354051  eDisp = 0.00000000
[ERROR] step = 9  engy error = -5.6234057411e-09  grad error =  0.0000000000e+00  dmat error =  6.3842098579e-05
Timer "SCF cycle: 9" used time: 0.393715 s.

[NELEC] step = 10  nelec = 64  neInt = 64.000000  dnelc =  2.9824036574e-09
[ENERG] step = 10  eTotl = -102.86567208  eCore = 17.71717293  eCoul = 14.98926271  eExcl = -30.23856720  eNucl = -105.33354051  eDisp = 0.00000000
[ERROR] step = 10  engy error = -2.6220448035e-10  grad error =  0.0000000000e+00  dmat error =  1.2487366861e-05
SCF converged in 10 steps.
[LSDF] xchg_d10: robust_mode=NONE, no V data -> full-grid FFT path
[GRADIENT] SCF type: GRKS | atoms: 16 | DOF: 48 | time: 50.341 s
  Atom   0:   7.0119783830e-03  -3.1505983521e-03  -2.8156860628e-03
  Atom   1:   6.6131993411e-02   3.5803786743e-02   2.8874630974e-02
  Atom   2:  -1.3363703357e-02  -1.0161696138e-03   8.6521247586e-04
  Atom   3:  -7.0950111550e-03   2.6758935807e-03  -1.7953376774e-03
  Atom   4:  -7.3139629736e-03  -4.5067651022e-03  -2.6577725604e-03
  Atom   5:  -2.2652365378e-02  -1.8511611005e-02  -1.2014375047e-02
  Atom   6:  -1.0789114751e-02  -6.8903887950e-03  -4.8501538837e-03
  Atom   7:  -9.3876042367e-03  -1.5763734756e-03  -4.4053418019e-03
  Atom   8:   8.5982201287e-03  -7.1654044152e-03  -1.9793122012e-03
  Atom   9:   3.0716614449e-04   1.2819376133e-03  -2.2803265576e-03
  Atom  10:  -1.4767306536e-03  -2.1019533974e-03  -1.9672254904e-03
  Atom  11:  -8.7346490818e-03   6.6411553736e-03  -1.4744629544e-03
  Atom  12:   1.3499634707e-03  -8.5874679325e-04   2.8234646861e-03
  Atom  13:  -9.5048708726e-04   7.8011119363e-04   1.9796409696e-04
  Atom  14:  -9.3040285762e-04  -2.6518687822e-03   3.3435571920e-03
  Atom  15:  -7.9117486736e-04   1.2864182759e-03   2.2248524203e-04
[OPT] step = 0  energy = -102.8656720768  dE =               N/A  grad_max =  6.6131993411e-02  grad_rms =  1.3290284779e-02
[OPT] Geometry optimization did not converge in 1 steps.
Kylin-PBC Done.
Timer "Kylin-PBC main" used time: 56.96002 s.
