Kylin-PBC: v1.0.0

System time = 2026-06-28 02:31:03

OMP threads = 32

KYLIN_PBC_ROOT = "/home/rudin/code/kylin-pbc"
KYLIN_SCR_PATH = "/tmp"
KYLIN_JOB_PATH = "/home/rudin/code/kylin-pbc/art/example/scaling/cip-Si16-HSE06/none/c30"

SCF.xcfun                      = HSE06
SCF.basis                      = dzvp-sr
SCF.psudo                      = gth-pbe
SCF.kmesh                      = 1 1 1
SCF.gmesh                      = 5.0e-01
SCF.ispin                      = OFF
SCF.dspin                      = 0
SCF.eps_engy                   = 1.0e-06 [AU]
SCF.eps_grad                   = 1.0e-05 [AU]
SCF.eps_dmat                   = 1.0e-03
SCF.chk_load                   = 
SCF.chk_save                   = 
SCF.scf_guess                  = ATOM
SCF.max_cycle                  = 100
SCF.vdw_method                 = NONE
SCF.coul_method                = MGDF
SCF.xchg_method                = LSDF
SCF.xchg_exxocc                = OFF
SCF.xchg_exxace                = NONE
SCF.xchg_robust                = NONE
SCF.xchg_exxdiv                = NONE
SCF.xchg_dropG0                = OFF
SCF.lsdf_cparam                = 30
SCF.lsdf_mparam                = 5
SCF.lsdf_ipslct                = QRCP
SCF.lsdf_chocut                = 1.0e-08
SCF.lsdf_atmcut                = 2.5e+01
SCF.lsdf_aovcut                = 1.0e-07
SCF.lsdf_swzcut                = 0.0e+00
SCF.lsdf_pnocut                = 0.0e+00
SCF.lsdf_nafcut                = 0.0e+00
SCF.mgdf_ntasks                = 4
SCF.mgdf_kratio                = 3.0e+00
SCF.mgdf_cutoff                = 3.0e+02 [AU]
SCF.mgdf_relcut                = 3.0e+01
SCF.mgdf_prprec                = 1.0e-14
SCF.dmx_mix_method             = NONE
SCF.dmx_mix_start              = 1
SCF.dmx_mix_space              = 8
SCF.dmx_mix_alpha              = 3.0e-01
SCF.rho_mix_method             = NONE
SCF.rho_mix_start              = 1
SCF.rho_mix_space              = 8
SCF.rho_mix_alpha              = 3.0e-01
SCF.hks_mix_method             = BROY
SCF.hks_mix_start              = 1
SCF.hks_mix_space              = 8
SCF.hks_mix_alpha              = 3.0e-01
SCF.damp_factor                = 0.0e+00
SCF.level_shift                = 0.0e+00 [AU]
SCF.smear_method               = NONE
SCF.smear_sigma                = 0.0e+00 [AU]
SCF.soc                        = OFF
SCF.soc_window                 = 1.8e+00 [AU]
SCF.print_bandgap              = OFF
SCF.print_time                 = OFF

OPT.opt_method                 = BFGS
OPT.max_cycle                  = 1
OPT.eps_engy                   = 4.0e-06 [AU]
OPT.eps_grad                   = 4.0e-04 [AU]
OPT.trust_limit                = 3.0e-01 [AU]
OPT.damp_factor                = 0.0e+00
OPT.opt_mix_method             = NONE
OPT.opt_mix_start              = 1
OPT.opt_mix_space              = 5
OPT.opt_mix_alpha              = 3.0e-01
OPT.neb_method                 = FIRE
OPT.neb_lclimb                 = ON
OPT.neb_interp                 = IDPP
OPT.neb_nimage                 = 5
OPT.neb_spring                 = 1.0e-02 [AU]
OPT.neb_maxstep                = 7.6e-02 [AU]

PROP.calculation               = NONE
FREQ.freq_method               = FREE2
FREQ.fd_stepsize               = 2.8e-02 [AU]
DOS.dos_method                 = GAUSS
DOS.dos_sigma                  = 3.7e-03 [AU]
DOS.dos_npoint                 = 1001
DOS.dos_emin                   = 0.0e+00 [AU]
DOS.dos_emax                   = 0.0e+00 [AU]

OPT.mdx_ensemble               = NVE
OPT.mdx_thermostat             = NHC
OPT.mdx_max_step               = 0
OPT.mdx_timestep               = 4.0e+01 [AU]
OPT.mdx_temperature            = 9.5e-04 [AU]
OPT.mdx_pressure               = 0.0e+00 [AU]
OPT.mdx_thermo_tau             = 4.0e+03 [AU]
OPT.mdx_baro_tau               = 2.0e+04 [AU]
OPT.mdx_nhc_length             = 3
OPT.mdx_nhc_mts                = 3
OPT.mdx_constraint             = OFF
OPT.mdx_constraint_tol         = 1.0e-10
OPT.mdx_rng_seed               = 42

K-points mesh = 1 1 1

xc functional: "HSE06"
is hybrid: YES
HFX coeff: 0.25

Basis Set Name: "dzvp-sr"
number of shell = 48
number of basis = 208
gmesh = 29 29 57

Pseudopotential Name: "gth-pbe"
number of valence electron = 64

OPT Calculation.

==============================================================
                   Geometry Optimization                      
==============================================================
  method      = BFGS
  max_cycle   = 1
  eps_engy    = 4.000000e-06
  eps_grad    = 4.000000e-04
  trust_limit = 0.300000
  natom       = 16
  nfree       = 48 / 48
==============================================================

--------------------------------------------------------------
  OPT step 0
--------------------------------------------------------------
[OPT] Cell structure (Angstrom):
       5.43100000       0.00000000       0.00000000
       0.00000000       5.43100000       0.00000000
       0.00000000       0.00000000      10.86200000

Cart
Si         0.00000000       0.00000000       0.00000000   T T T
Si         0.00000000       2.71550000       2.71550000   T T T
Si         2.71550000       0.00000000       2.71550000   T T T
Si         2.71550000       2.71550000       0.00000000   T T T
Si         1.35775000       1.35775000       1.35775000   T T T
Si         1.35775000       4.07325000       4.07325000   T T T
Si         4.07325000       1.35775000       4.07325000   T T T
Si         4.07325000       4.07325000       1.35775000   T T T
Si         0.00000000       0.00000000       5.43100000   T T T
Si         0.00000000       2.71550000       8.14650000   T T T
Si         2.71550000       0.00000000       8.14650000   T T T
Si         2.71550000       2.71550000       5.43100000   T T T
Si         1.35775000       1.35775000       6.78875000   T T T
Si         1.35775000       4.07325000       9.50425000   T T T
Si         4.07325000       1.35775000       9.50425000   T T T
Si         4.07325000       4.07325000       6.78875000   T T T

[OPT] Cell written to /home/rudin/code/kylin-pbc/art/example/scaling/cip-Si16-HSE06/none/c30/opt_img/cell_opt_0.txt
[LSDF] gmesh = (29, 29, 57), ngrid = 47937, naofn = 208, natom = 16
Timer "[LSDF] Voronoi partition" used time: 0.001326 s.
Timer "[LSDF] AO evaluation + screening" used time: 0.142235 s.
[LSDF] IP method: randomized QRCP (c=30, m=5)
[LSDF] total IPs selected: 6320 (13.1840% of grid)
Timer "[LSDF] IP selection" used time: 0.211743 s.
Timer "[LSDF] aux basis fitting" used time: 0.049958 s.
[LSDF] Step 5 diagnostics: natom=16, ngrid=47937, naux_total=6320
[LSDF]   OMP threads=32, MKL threads=32
[LSDF]   Vmat_loc total size: 6320 x 47937 = 2.26 GB
Timer "[LSDF]   5a Vmat_loc alloc+FFT" used time: 0.244215 s.
[LSDF]   W size: 6320 x 6320 = 304.74 MB, max_npart=3140
Timer "[LSDF]   5b W construction (DGEMM)" used time: 0.094524 s.
Timer "[LSDF]   5c Wmat symmetrize" used time: 0.015770 s.
[LSDF]   robust_mode=NONE: freeing Vmat_loc
Timer "[LSDF] V/W construction" used time: 0.439407 s.
[LSDF] xchg phases: A=0.002 s, B(K_W)=0.041 s, C(K_V)=0.000 s, E(reduce)=0.001 s
[NELEC] step = 0  nelec = 64  neInt = 64.000000  dnelc =  2.1941559680e-11
[ENERG] step = 0  eTotl = -62.96023432  eCore = 19.62269416  eCoul = 4.69090466  eExcl = -20.09043089  eNucl = -67.18340225  eDisp = 0.00000000
[ERROR] step = 0  engy error =  0.0000000000e+00  grad error =  0.0000000000e+00  dmat error =  0.0000000000e+00
Timer "SCF cycle: 0" used time: 1.082249 s.

[LSDF] xchg phases: A=0.000 s, B(K_W)=0.021 s, C(K_V)=0.000 s, E(reduce)=0.000 s
[NELEC] step = 1  nelec = 64  neInt = 64.000000  dnelc =  2.9046987038e-11
[ENERG] step = 1  eTotl = -63.16727274  eCore = 19.34631957  eCoul = 4.50603069  eExcl = -19.83622075  eNucl = -67.18340225  eDisp = 0.00000000
[ERROR] step = 1  engy error = -2.0703842455e-01  grad error =  0.0000000000e+00  dmat error =  1.1563007005e+00
Timer "SCF cycle: 1" used time: 1.016583 s.

[LSDF] xchg phases: A=0.002 s, B(K_W)=0.021 s, C(K_V)=0.000 s, E(reduce)=0.000 s
[NELEC] step = 2  nelec = 64  neInt = 64.000000  dnelc =  2.9373836696e-11
[ENERG] step = 2  eTotl = -63.17286119  eCore = 19.32252702  eCoul = 4.54436077  eExcl = -19.85634673  eNucl = -67.18340225  eDisp = 0.00000000
[ERROR] step = 2  engy error = -5.5884510163e-03  grad error =  0.0000000000e+00  dmat error =  1.7033916086e-02
Timer "SCF cycle: 2" used time: 1.020285 s.

[LSDF] xchg phases: A=0.002 s, B(K_W)=0.020 s, C(K_V)=0.000 s, E(reduce)=0.000 s
[NELEC] step = 3  nelec = 64  neInt = 64.000000  dnelc =  3.0269120543e-11
[ENERG] step = 3  eTotl = -63.17874343  eCore = 19.27688125  eCoul = 4.62977331  eExcl = -19.90199574  eNucl = -67.18340225  eDisp = 0.00000000
[ERROR] step = 3  engy error = -5.8822416652e-03  grad error =  0.0000000000e+00  dmat error =  4.1798104758e-02
Timer "SCF cycle: 3" used time: 1.012039 s.

[LSDF] xchg phases: A=0.002 s, B(K_W)=0.021 s, C(K_V)=0.000 s, E(reduce)=0.000 s
[NELEC] step = 4  nelec = 64  neInt = 64.000000  dnelc =  3.0041746868e-11
[ENERG] step = 4  eTotl = -63.17880412  eCore = 19.28141604  eCoul = 4.62370083  eExcl = -19.90051873  eNucl = -67.18340225  eDisp = 0.00000000
[ERROR] step = 4  engy error = -6.0685601724e-05  grad error =  0.0000000000e+00  dmat error =  6.1794039596e-03
Timer "SCF cycle: 4" used time: 1.015816 s.

[LSDF] xchg phases: A=0.000 s, B(K_W)=0.021 s, C(K_V)=0.000 s, E(reduce)=0.000 s
[NELEC] step = 5  nelec = 64  neInt = 64.000000  dnelc =  3.0070168577e-11
[ENERG] step = 5  eTotl = -63.17880527  eCore = 19.28154147  eCoul = 4.62361804  eExcl = -19.90056252  eNucl = -67.18340225  eDisp = 0.00000000
[ERROR] step = 5  engy error = -1.1460501952e-06  grad error =  0.0000000000e+00  dmat error =  4.1108857619e-04
Timer "SCF cycle: 5" used time: 1.015610 s.

[LSDF] xchg phases: A=0.000 s, B(K_W)=0.021 s, C(K_V)=0.000 s, E(reduce)=0.000 s
[NELEC] step = 6  nelec = 64  neInt = 64.000000  dnelc =  3.0070168577e-11
[ENERG] step = 6  eTotl = -63.17880624  eCore = 19.28157652  eCoul = 4.62378993  eExcl = -19.90077044  eNucl = -67.18340225  eDisp = 0.00000000
[ERROR] step = 6  engy error = -9.6966434882e-07  grad error =  0.0000000000e+00  dmat error =  6.5911129736e-04
SCF converged in 6 steps.
[LSDF] xchg_d10: robust_mode=NONE, no V data -> full-grid FFT path
[GRADIENT] SCF type: GRKS | atoms: 16 | DOF: 48 | time: 20.165 s
  Atom   0:  -4.6073347036e-07  -8.3934671434e-07  -1.0162531580e-06
  Atom   1:   1.1275710417e-06   5.0943118909e-08  -6.4667391664e-07
  Atom   2:  -7.7803638322e-07   4.7943338883e-07   1.4315865906e-07
  Atom   3:  -5.1257752711e-07   1.0605945986e-06   5.5554473474e-07
  Atom   4:  -6.8079286576e-07  -4.7525031938e-07  -4.7487258683e-07
  Atom   5:  -1.4763234469e-06   4.3518078942e-07   2.7341919048e-07
  Atom   6:   3.9447557120e-07  -1.6131987053e-06  -6.2720984437e-07
  Atom   7:   1.5909210721e-06   8.3242410291e-07   1.3357957024e-07
  Atom   8:  -7.8249138676e-07   1.2586776938e-06  -2.0274266713e-07
  Atom   9:  -7.2900025117e-08  -5.2263331708e-07  -2.3595356117e-07
  Atom  10:   1.5906323681e-06  -1.1627665006e-06  -1.0695269271e-07
  Atom  11:   3.5332474667e-07   9.1556625324e-07   1.3254712936e-06
  Atom  12:   4.9653183344e-07  -8.1194961808e-07  -4.4138588898e-08
  Atom  13:  -7.5657935022e-07   1.0046093153e-06   3.0952444226e-07
  Atom  14:  -6.5513960343e-07  -1.1512805145e-06  -1.1375221504e-06
  Atom  15:   6.1554364086e-07   5.3661711655e-07   1.7614005663e-06
[OPT] step = 0  energy = -63.1788062359  dE =               N/A  grad_max =  1.7614005663e-06  grad_rms =  8.4820837275e-07
[OPT] Geometry optimization did not converge in 1 steps.
Kylin-PBC Done.
Timer "Kylin-PBC main" used time: 29.05972 s.
