Kylin-PBC: v1.0.0

System time = 2026-09-30 20:22:35

OMP threads = 32

KYLIN_PBC_ROOT = "/home/rudin/code/kylin-pbc"
KYLIN_SCR_PATH = "/tmp"
KYLIN_JOB_PATH = "/home/rudin/tmp-review-ionic/CsI16/none/c40"

SCF.xcfun                      = HSE06
SCF.basis                      = dzvp-sr
SCF.psudo                      = gth-pbe
SCF.kmesh                      = 1 1 1
SCF.gmesh                      = 5.0e-01
SCF.ispin                      = OFF
SCF.dspin                      = 0
SCF.eps_engy                   = 3.7e-09 [AU]
SCF.eps_grad                   = 1.0e-05 [AU]
SCF.eps_dmat                   = 1.0e-03
SCF.chk_load                   = 
SCF.chk_save                   = 
SCF.scf_guess                  = ATOM
SCF.max_cycle                  = 200
SCF.vdw_method                 = NONE
SCF.coul_method                = MGDF
SCF.xchg_method                = LSDF
SCF.xchg_exxocc                = OFF
SCF.xchg_exxace                = NONE
SCF.xchg_robust                = NONE
SCF.xchg_exxdiv                = EWALD
SCF.xchg_dropG0                = ON
SCF.lsdf_cparam                = 40
SCF.lsdf_mparam                = 5
SCF.lsdf_ipslct                = QRCP
SCF.lsdf_chocut                = 1.0e-08
SCF.lsdf_atmcut                = 2.5e+01
SCF.lsdf_aovcut                = 1.0e-07
SCF.lsdf_swzcut                = 0.0e+00
SCF.lsdf_pnocut                = 0.0e+00
SCF.lsdf_nafcut                = 0.0e+00
SCF.mgdf_ntasks                = 4
SCF.mgdf_kratio                = 3.0e+00
SCF.mgdf_cutoff                = 3.0e+02 [AU]
SCF.mgdf_relcut                = 3.0e+01
SCF.mgdf_prprec                = 1.0e-14
SCF.dmx_mix_method             = NONE
SCF.dmx_mix_start              = 1
SCF.dmx_mix_space              = 8
SCF.dmx_mix_alpha              = 3.0e-01
SCF.rho_mix_method             = NONE
SCF.rho_mix_start              = 1
SCF.rho_mix_space              = 8
SCF.rho_mix_alpha              = 3.0e-01
SCF.hks_mix_method             = BROY
SCF.hks_mix_start              = 1
SCF.hks_mix_space              = 8
SCF.hks_mix_alpha              = 3.0e-01
SCF.damp_factor                = 0.0e+00
SCF.level_shift                = 0.0e+00 [AU]
SCF.smear_method               = NONE
SCF.smear_sigma                = 0.0e+00 [AU]
SCF.soc                        = OFF
SCF.soc_window                 = 1.8e+00 [AU]
SCF.print_bandgap              = OFF
SCF.print_time                 = OFF

OPT.opt_method                 = BFGS
OPT.max_cycle                  = 1
OPT.eps_engy                   = 4.0e-06 [AU]
OPT.eps_grad                   = 4.0e-04 [AU]
OPT.trust_limit                = 3.0e-01 [AU]
OPT.damp_factor                = 0.0e+00
OPT.opt_mix_method             = NONE
OPT.opt_mix_start              = 1
OPT.opt_mix_space              = 5
OPT.opt_mix_alpha              = 3.0e-01
OPT.neb_method                 = FIRE
OPT.neb_lclimb                 = ON
OPT.neb_interp                 = IDPP
OPT.neb_nimage                 = 5
OPT.neb_spring                 = 1.0e-02 [AU]
OPT.neb_maxstep                = 7.6e-02 [AU]

PROP.calculation               = NONE
FREQ.freq_method               = FREE2
FREQ.fd_stepsize               = 2.8e-02 [AU]
DOS.dos_method                 = GAUSS
DOS.dos_sigma                  = 3.7e-03 [AU]
DOS.dos_npoint                 = 1001
DOS.dos_emin                   = 0.0e+00 [AU]
DOS.dos_emax                   = 0.0e+00 [AU]

OPT.mdx_ensemble               = NVE
OPT.mdx_thermostat             = NHC
OPT.mdx_max_step               = 0
OPT.mdx_timestep               = 4.0e+01 [AU]
OPT.mdx_temperature            = 9.5e-04 [AU]
OPT.mdx_pressure               = 0.0e+00 [AU]
OPT.mdx_thermo_tau             = 4.0e+03 [AU]
OPT.mdx_baro_tau               = 2.0e+04 [AU]
OPT.mdx_nhc_length             = 3
OPT.mdx_nhc_mts                = 3
OPT.mdx_constraint             = OFF
OPT.mdx_constraint_tol         = 1.0e-10
OPT.mdx_rng_seed               = 42

K-points mesh = 1 1 1

xc functional: "HSE06"
is hybrid: YES
HFX coeff: 0.25

Basis Set Name: "dzvp-sr"
number of shell = 48
number of basis = 216
gmesh = 44 44 44

Pseudopotential Name: "gth-pbe"
number of valence electron = 128

OPT Calculation.

==============================================================
                   Geometry Optimization                      
==============================================================
  method      = BFGS
  max_cycle   = 1
  eps_engy    = 4.000000e-06
  eps_grad    = 4.000000e-04
  trust_limit = 0.300000
  natom       = 16
  nfree       = 48 / 48
==============================================================

--------------------------------------------------------------
  OPT step 0
--------------------------------------------------------------
[OPT] Cell structure (Angstrom):
       9.13400000       0.00000000       0.00000000
       0.00000000       9.13400000       0.00000000
       0.00000000       0.00000000       9.13400000

Cart
Cs         0.00000000       0.00000000       0.00000000   T T T
I          2.38350000       2.33350000       2.31350000   T T T
Cs         0.00000000       0.00000000       4.56700000   T T T
I          2.28350000       2.28350000       6.85050000   T T T
Cs         0.00000000       4.56700000       0.00000000   T T T
I          2.28350000       6.85050000       2.28350000   T T T
Cs         0.00000000       4.56700000       4.56700000   T T T
I          2.28350000       6.85050000       6.85050000   T T T
Cs         4.56700000       0.00000000       0.00000000   T T T
I          6.85050000       2.28350000       2.28350000   T T T
Cs         4.56700000       0.00000000       4.56700000   T T T
I          6.85050000       2.28350000       6.85050000   T T T
Cs         4.56700000       4.56700000       0.00000000   T T T
I          6.85050000       6.85050000       2.28350000   T T T
Cs         4.56700000       4.56700000       4.56700000   T T T
I          6.85050000       6.85050000       6.85050000   T T T

[OPT] Cell written to /home/rudin/tmp-review-ionic/CsI16/none/c40/opt_img/cell_opt_0.txt
[LSDF] gmesh = (44, 44, 44), ngrid = 85184, naofn = 216, natom = 16
Timer "[LSDF] Voronoi partition" used time: 0.001791 s.
Timer "[LSDF] AO evaluation + screening" used time: 0.308336 s.
[LSDF] IP method: randomized QRCP (c=40, m=5)
[LSDF] total IPs selected: 8720 (10.2367% of grid)
Timer "[LSDF] IP selection" used time: 0.691173 s.
Timer "[LSDF] aux basis fitting" used time: 0.170583 s.
[LSDF] Step 5 diagnostics: natom=16, ngrid=85184, naux_total=8720
[LSDF]   OMP threads=32, MKL threads=32
[LSDF]   Vmat_loc total size: 8720 x 85184 = 5.53 GB
Timer "[LSDF]   5a Vmat_loc alloc+FFT" used time: 0.296658 s.
[LSDF]   W size: 8720 x 8720 = 580.13 MB, max_npart=5347
Timer "[LSDF]   5b W construction (DGEMM)" used time: 0.219493 s.
Timer "[LSDF]   5c Wmat symmetrize" used time: 0.033623 s.
[LSDF]   robust_mode=NONE: freeing Vmat_loc
Timer "[LSDF] V/W construction" used time: 0.859293 s.
[LSDF] xchg phases: A=0.002 s, B(K_W)=0.028 s, C(K_V)=0.000 s, E(reduce)=0.000 s
[NELEC] step = 0  nelec = 128  neInt = 128.000000  dnelc = -2.7990267881e-09
[ENERG] step = 0  eTotl = -251.70644293  eCore = -20.81066899  eCoul = 30.26755899  eExcl = -43.39445982  eNucl = -217.76887312  eDisp = 0.00000000
[ERROR] step = 0  engy error =  0.0000000000e+00  grad error =  0.0000000000e+00  dmat error =  0.0000000000e+00
Timer "SCF cycle: 0" used time: 2.266419 s.

[LSDF] xchg phases: A=0.004 s, B(K_W)=0.065 s, C(K_V)=0.000 s, E(reduce)=0.000 s
[NELEC] step = 1  nelec = 128  neInt = 128.000000  dnelc =  4.9735149332e-10
[ENERG] step = 1  eTotl = -253.67265521  eCore = -24.16935854  eCoul = 32.50287897  eExcl = -44.23730252  eNucl = -217.76887312  eDisp = 0.00000000
[ERROR] step = 1  engy error = -1.9662122770e+00  grad error =  0.0000000000e+00  dmat error =  1.0241544023e+00
Timer "SCF cycle: 1" used time: 2.455202 s.

[LSDF] xchg phases: A=0.003 s, B(K_W)=0.028 s, C(K_V)=0.000 s, E(reduce)=0.000 s
[NELEC] step = 2  nelec = 128  neInt = 128.000000  dnelc = -2.4151347588e-10
[ENERG] step = 2  eTotl = -253.67835797  eCore = -24.08788339  eCoul = 32.39727367  eExcl = -44.21887512  eNucl = -217.76887312  eDisp = 0.00000000
[ERROR] step = 2  engy error = -5.7027586612e-03  grad error =  0.0000000000e+00  dmat error =  1.1958599232e-01
Timer "SCF cycle: 2" used time: 2.311444 s.

[LSDF] xchg phases: A=0.001 s, B(K_W)=0.030 s, C(K_V)=0.000 s, E(reduce)=0.000 s
[NELEC] step = 3  nelec = 128  neInt = 128.000000  dnelc = -1.5733974124e-09
[ENERG] step = 3  eTotl = -253.68214257  eCore = -23.91411851  eCoul = 32.17424943  eExcl = -44.17340037  eNucl = -217.76887312  eDisp = 0.00000000
[ERROR] step = 3  engy error = -3.7846010451e-03  grad error =  0.0000000000e+00  dmat error =  2.3420263843e-01
Timer "SCF cycle: 3" used time: 2.245682 s.

[LSDF] xchg phases: A=0.003 s, B(K_W)=0.045 s, C(K_V)=0.000 s, E(reduce)=0.000 s
[NELEC] step = 4  nelec = 128  neInt = 128.000000  dnelc = -1.3542376109e-09
[ENERG] step = 4  eTotl = -253.68234270  eCore = -23.92859537  eCoul = 32.18913094  eExcl = -44.17400515  eNucl = -217.76887312  eDisp = 0.00000000
[ERROR] step = 4  engy error = -2.0012832056e-04  grad error =  0.0000000000e+00  dmat error =  3.1845246895e-02
Timer "SCF cycle: 4" used time: 2.366072 s.

[LSDF] xchg phases: A=0.003 s, B(K_W)=0.030 s, C(K_V)=0.000 s, E(reduce)=0.001 s
[NELEC] step = 5  nelec = 128  neInt = 128.000000  dnelc = -1.2463203802e-09
[ENERG] step = 5  eTotl = -253.68236144  eCore = -23.93922787  eCoul = 32.20288072  eExcl = -44.17714118  eNucl = -217.76887312  eDisp = 0.00000000
[ERROR] step = 5  engy error = -1.8747922809e-05  grad error =  0.0000000000e+00  dmat error =  1.5193612372e-02
Timer "SCF cycle: 5" used time: 2.346996 s.

[LSDF] xchg phases: A=0.001 s, B(K_W)=0.029 s, C(K_V)=0.000 s, E(reduce)=0.000 s
[NELEC] step = 6  nelec = 128  neInt = 128.000000  dnelc = -1.2323795318e-09
[ENERG] step = 6  eTotl = -253.68236248  eCore = -23.94235303  eCoul = 32.20792176  eExcl = -44.17905809  eNucl = -217.76887312  eDisp = 0.00000000
[ERROR] step = 6  engy error = -1.0393750074e-06  grad error =  0.0000000000e+00  dmat error =  1.7093979662e-03
Timer "SCF cycle: 6" used time: 2.273594 s.

[LSDF] xchg phases: A=0.003 s, B(K_W)=0.045 s, C(K_V)=0.000 s, E(reduce)=0.000 s
[NELEC] step = 7  nelec = 128  neInt = 128.000000  dnelc = -1.2250467307e-09
[ENERG] step = 7  eTotl = -253.68236257  eCore = -23.94333849  eCoul = 32.20937405  eExcl = -44.17952501  eNucl = -217.76887312  eDisp = 0.00000000
[ERROR] step = 7  engy error = -8.5853201881e-08  grad error =  0.0000000000e+00  dmat error =  9.2378110632e-04
Timer "SCF cycle: 7" used time: 2.309446 s.

[NELEC] step = 8  nelec = 128  neInt = 128.000000  dnelc = -1.2244782965e-09
[ENERG] step = 8  eTotl = -253.68236255  eCore = -23.94358765  eCoul = 32.20983001  eExcl = -44.17973180  eNucl = -217.76887312  eDisp = 0.00000000
[ERROR] step = 8  engy error =  1.5161447209e-08  grad error =  0.0000000000e+00  dmat error =  6.6795512606e-05
Timer "SCF cycle: 8" used time: 2.265944 s.

[NELEC] step = 9  nelec = 128  neInt = 128.000000  dnelc = -1.2243361880e-09
[ENERG] step = 9  eTotl = -253.68236256  eCore = -23.94354258  eCoul = 32.20973925  eExcl = -44.17968612  eNucl = -217.76887312  eDisp = 0.00000000
[ERROR] step = 9  engy error = -8.5955775830e-09  grad error =  0.0000000000e+00  dmat error =  3.4456961178e-05
Timer "SCF cycle: 9" used time: 2.274856 s.

[NELEC] step = 10  nelec = 128  neInt = 128.000000  dnelc = -1.2241798686e-09
[ENERG] step = 10  eTotl = -253.68236256  eCore = -23.94352601  eCoul = 32.20970563  eExcl = -44.17966906  eNucl = -217.76887312  eDisp = 0.00000000
[ERROR] step = 10  engy error = -2.8733495583e-09  grad error =  0.0000000000e+00  dmat error =  1.4656568568e-05
SCF converged in 10 steps.
[LSDF] xchg_d10: robust_mode=NONE, no V data -> full-grid FFT path
[GRADIENT] SCF type: GRKS | atoms: 16 | DOF: 48 | time: 35.710 s
  Atom   0:  -9.0796969598e-05  -5.8067471807e-05  -4.4259342790e-05
  Atom   1:   1.5254587642e-03   7.7380444208e-04   4.6642778202e-04
  Atom   2:  -9.6850848468e-05  -6.5552926853e-05   7.3332793182e-06
  Atom   3:   4.2118332152e-04   2.1095223284e-04  -2.7138083205e-04
  Atom   4:  -9.3192293752e-05  -1.0136527386e-05  -4.7855884179e-05
  Atom   5:   4.2190634183e-04  -4.5246189437e-04   1.2698144942e-04
  Atom   6:  -6.2960093862e-05  -2.2705215811e-05  -9.4141566342e-06
  Atom   7:   1.1982823170e-04  -6.1644013933e-05  -3.7603187150e-05
  Atom   8:  -8.0888688670e-05  -1.2704364700e-05  -2.9095929080e-06
  Atom   9:  -9.1021267412e-04   2.1277588475e-04   1.2801531155e-04
  Atom  10:  -1.2341829881e-04   4.6911443063e-05  -8.2641200080e-05
  Atom  11:  -1.2291003791e-04   6.0348663259e-05  -3.7350309677e-05
  Atom  12:  -1.6407880316e-04  -1.4059206540e-04   1.0971536489e-04
  Atom  13:  -1.2288779687e-04  -6.1635740918e-05   3.6721557605e-05
  Atom  14:  -2.5811403475e-04  -2.3674899561e-04  -2.3159047444e-04
  Atom  15:  -3.6446947510e-04  -1.8309581095e-04  -1.1015673830e-04
[OPT] step = 0  energy = -253.6823625648  dE =               N/A  grad_max =  1.5254587642e-03  grad_rms =  3.3151538374e-04
[OPT] Geometry optimization did not converge in 1 steps.
Kylin-PBC Done.
Timer "Kylin-PBC main" used time: 64.97601 s.
