Kylin-PBC: v1.0.0

System time = 2026-09-30 20:19:21

OMP threads = 32

KYLIN_PBC_ROOT = "/home/rudin/code/kylin-pbc"
KYLIN_SCR_PATH = "/tmp"
KYLIN_JOB_PATH = "/home/rudin/tmp-review-ionic/CsI16/none/c15"

SCF.xcfun                      = HSE06
SCF.basis                      = dzvp-sr
SCF.psudo                      = gth-pbe
SCF.kmesh                      = 1 1 1
SCF.gmesh                      = 5.0e-01
SCF.ispin                      = OFF
SCF.dspin                      = 0
SCF.eps_engy                   = 3.7e-09 [AU]
SCF.eps_grad                   = 1.0e-05 [AU]
SCF.eps_dmat                   = 1.0e-03
SCF.chk_load                   = 
SCF.chk_save                   = 
SCF.scf_guess                  = ATOM
SCF.max_cycle                  = 200
SCF.vdw_method                 = NONE
SCF.coul_method                = MGDF
SCF.xchg_method                = LSDF
SCF.xchg_exxocc                = OFF
SCF.xchg_exxace                = NONE
SCF.xchg_robust                = NONE
SCF.xchg_exxdiv                = EWALD
SCF.xchg_dropG0                = ON
SCF.lsdf_cparam                = 15
SCF.lsdf_mparam                = 5
SCF.lsdf_ipslct                = QRCP
SCF.lsdf_chocut                = 1.0e-08
SCF.lsdf_atmcut                = 2.5e+01
SCF.lsdf_aovcut                = 1.0e-07
SCF.lsdf_swzcut                = 0.0e+00
SCF.lsdf_pnocut                = 0.0e+00
SCF.lsdf_nafcut                = 0.0e+00
SCF.mgdf_ntasks                = 4
SCF.mgdf_kratio                = 3.0e+00
SCF.mgdf_cutoff                = 3.0e+02 [AU]
SCF.mgdf_relcut                = 3.0e+01
SCF.mgdf_prprec                = 1.0e-14
SCF.dmx_mix_method             = NONE
SCF.dmx_mix_start              = 1
SCF.dmx_mix_space              = 8
SCF.dmx_mix_alpha              = 3.0e-01
SCF.rho_mix_method             = NONE
SCF.rho_mix_start              = 1
SCF.rho_mix_space              = 8
SCF.rho_mix_alpha              = 3.0e-01
SCF.hks_mix_method             = BROY
SCF.hks_mix_start              = 1
SCF.hks_mix_space              = 8
SCF.hks_mix_alpha              = 3.0e-01
SCF.damp_factor                = 0.0e+00
SCF.level_shift                = 0.0e+00 [AU]
SCF.smear_method               = NONE
SCF.smear_sigma                = 0.0e+00 [AU]
SCF.soc                        = OFF
SCF.soc_window                 = 1.8e+00 [AU]
SCF.print_bandgap              = OFF
SCF.print_time                 = OFF

OPT.opt_method                 = BFGS
OPT.max_cycle                  = 1
OPT.eps_engy                   = 4.0e-06 [AU]
OPT.eps_grad                   = 4.0e-04 [AU]
OPT.trust_limit                = 3.0e-01 [AU]
OPT.damp_factor                = 0.0e+00
OPT.opt_mix_method             = NONE
OPT.opt_mix_start              = 1
OPT.opt_mix_space              = 5
OPT.opt_mix_alpha              = 3.0e-01
OPT.neb_method                 = FIRE
OPT.neb_lclimb                 = ON
OPT.neb_interp                 = IDPP
OPT.neb_nimage                 = 5
OPT.neb_spring                 = 1.0e-02 [AU]
OPT.neb_maxstep                = 7.6e-02 [AU]

PROP.calculation               = NONE
FREQ.freq_method               = FREE2
FREQ.fd_stepsize               = 2.8e-02 [AU]
DOS.dos_method                 = GAUSS
DOS.dos_sigma                  = 3.7e-03 [AU]
DOS.dos_npoint                 = 1001
DOS.dos_emin                   = 0.0e+00 [AU]
DOS.dos_emax                   = 0.0e+00 [AU]

OPT.mdx_ensemble               = NVE
OPT.mdx_thermostat             = NHC
OPT.mdx_max_step               = 0
OPT.mdx_timestep               = 4.0e+01 [AU]
OPT.mdx_temperature            = 9.5e-04 [AU]
OPT.mdx_pressure               = 0.0e+00 [AU]
OPT.mdx_thermo_tau             = 4.0e+03 [AU]
OPT.mdx_baro_tau               = 2.0e+04 [AU]
OPT.mdx_nhc_length             = 3
OPT.mdx_nhc_mts                = 3
OPT.mdx_constraint             = OFF
OPT.mdx_constraint_tol         = 1.0e-10
OPT.mdx_rng_seed               = 42

K-points mesh = 1 1 1

xc functional: "HSE06"
is hybrid: YES
HFX coeff: 0.25

Basis Set Name: "dzvp-sr"
number of shell = 48
number of basis = 216
gmesh = 44 44 44

Pseudopotential Name: "gth-pbe"
number of valence electron = 128

OPT Calculation.

==============================================================
                   Geometry Optimization                      
==============================================================
  method      = BFGS
  max_cycle   = 1
  eps_engy    = 4.000000e-06
  eps_grad    = 4.000000e-04
  trust_limit = 0.300000
  natom       = 16
  nfree       = 48 / 48
==============================================================

--------------------------------------------------------------
  OPT step 0
--------------------------------------------------------------
[OPT] Cell structure (Angstrom):
       9.13400000       0.00000000       0.00000000
       0.00000000       9.13400000       0.00000000
       0.00000000       0.00000000       9.13400000

Cart
Cs         0.00000000       0.00000000       0.00000000   T T T
I          2.38350000       2.33350000       2.31350000   T T T
Cs         0.00000000       0.00000000       4.56700000   T T T
I          2.28350000       2.28350000       6.85050000   T T T
Cs         0.00000000       4.56700000       0.00000000   T T T
I          2.28350000       6.85050000       2.28350000   T T T
Cs         0.00000000       4.56700000       4.56700000   T T T
I          2.28350000       6.85050000       6.85050000   T T T
Cs         4.56700000       0.00000000       0.00000000   T T T
I          6.85050000       2.28350000       2.28350000   T T T
Cs         4.56700000       0.00000000       4.56700000   T T T
I          6.85050000       2.28350000       6.85050000   T T T
Cs         4.56700000       4.56700000       0.00000000   T T T
I          6.85050000       6.85050000       2.28350000   T T T
Cs         4.56700000       4.56700000       4.56700000   T T T
I          6.85050000       6.85050000       6.85050000   T T T

[OPT] Cell written to /home/rudin/tmp-review-ionic/CsI16/none/c15/opt_img/cell_opt_0.txt
[LSDF] gmesh = (44, 44, 44), ngrid = 85184, naofn = 216, natom = 16
Timer "[LSDF] Voronoi partition" used time: 0.002411 s.
Timer "[LSDF] AO evaluation + screening" used time: 0.315378 s.
[LSDF] IP method: randomized QRCP (c=15, m=5)
[LSDF] total IPs selected: 3320 (3.8974% of grid)
Timer "[LSDF] IP selection" used time: 0.215179 s.
Timer "[LSDF] aux basis fitting" used time: 0.044847 s.
[LSDF] Step 5 diagnostics: natom=16, ngrid=85184, naux_total=3320
[LSDF]   OMP threads=32, MKL threads=32
[LSDF]   Vmat_loc total size: 3320 x 85184 = 2.11 GB
Timer "[LSDF]   5a Vmat_loc alloc+FFT" used time: 0.109766 s.
[LSDF]   W size: 3320 x 3320 = 84.09 MB, max_npart=5347
Timer "[LSDF]   5b W construction (DGEMM)" used time: 0.058304 s.
Timer "[LSDF]   5c Wmat symmetrize" used time: 0.004964 s.
[LSDF]   robust_mode=NONE: freeing Vmat_loc
Timer "[LSDF] V/W construction" used time: 0.292668 s.
[LSDF] xchg phases: A=0.000 s, B(K_W)=0.005 s, C(K_V)=0.000 s, E(reduce)=0.000 s
[NELEC] step = 0  nelec = 128  neInt = 128.000000  dnelc = -2.7990694207e-09
[ENERG] step = 0  eTotl = -251.71121350  eCore = -20.81066899  eCoul = 30.26755899  eExcl = -43.39923038  eNucl = -217.76887312  eDisp = 0.00000000
[ERROR] step = 0  engy error =  0.0000000000e+00  grad error =  0.0000000000e+00  dmat error =  0.0000000000e+00
Timer "SCF cycle: 0" used time: 2.241969 s.

[LSDF] xchg phases: A=0.002 s, B(K_W)=0.005 s, C(K_V)=0.000 s, E(reduce)=0.001 s
[NELEC] step = 1  nelec = 128  neInt = 128.000000  dnelc =  5.1880988394e-10
[ENERG] step = 1  eTotl = -253.67763509  eCore = -24.17008983  eCoul = 32.50407797  eExcl = -44.24275012  eNucl = -217.76887312  eDisp = 0.00000000
[ERROR] step = 1  engy error = -1.9664215960e+00  grad error =  0.0000000000e+00  dmat error =  1.0266929973e+00
Timer "SCF cycle: 1" used time: 2.311925 s.

[LSDF] xchg phases: A=0.002 s, B(K_W)=0.012 s, C(K_V)=0.000 s, E(reduce)=0.000 s
[NELEC] step = 2  nelec = 128  neInt = 128.000000  dnelc = -2.2023982638e-10
[ENERG] step = 2  eTotl = -253.68336631  eCore = -24.08824619  eCoul = 32.39791371  eExcl = -44.22416072  eNucl = -217.76887312  eDisp = 0.00000000
[ERROR] step = 2  engy error = -5.7312202309e-03  grad error =  0.0000000000e+00  dmat error =  1.1986258182e-01
Timer "SCF cycle: 2" used time: 2.317287 s.

[LSDF] xchg phases: A=0.000 s, B(K_W)=0.004 s, C(K_V)=0.000 s, E(reduce)=0.000 s
[NELEC] step = 3  nelec = 128  neInt = 128.000000  dnelc = -1.5527774622e-09
[ENERG] step = 3  eTotl = -253.68718530  eCore = -23.91366090  eCoul = 32.17373268  eExcl = -44.17838396  eNucl = -217.76887312  eDisp = 0.00000000
[ERROR] step = 3  engy error = -3.8189842420e-03  grad error =  0.0000000000e+00  dmat error =  2.3501778036e-01
Timer "SCF cycle: 3" used time: 2.263532 s.

[LSDF] xchg phases: A=0.002 s, B(K_W)=0.016 s, C(K_V)=0.000 s, E(reduce)=0.001 s
[NELEC] step = 4  nelec = 128  neInt = 128.000000  dnelc = -1.3335323956e-09
[ENERG] step = 4  eTotl = -253.68738508  eCore = -23.92821662  eCoul = 32.18876416  eExcl = -44.17905950  eNucl = -217.76887312  eDisp = 0.00000000
[ERROR] step = 4  engy error = -1.9978292670e-04  grad error =  0.0000000000e+00  dmat error =  3.1831036953e-02
Timer "SCF cycle: 4" used time: 2.314305 s.

[LSDF] xchg phases: A=0.000 s, B(K_W)=0.005 s, C(K_V)=0.000 s, E(reduce)=0.000 s
[NELEC] step = 5  nelec = 128  neInt = 128.000000  dnelc = -1.2252456827e-09
[ENERG] step = 5  eTotl = -253.68740385  eCore = -23.93887599  eCoul = 32.20256824  eExcl = -44.18222298  eNucl = -217.76887312  eDisp = 0.00000000
[ERROR] step = 5  engy error = -1.8773081734e-05  grad error =  0.0000000000e+00  dmat error =  1.5226569624e-02
Timer "SCF cycle: 5" used time: 2.374943 s.

[LSDF] xchg phases: A=0.001 s, B(K_W)=0.009 s, C(K_V)=0.000 s, E(reduce)=0.000 s
[NELEC] step = 6  nelec = 128  neInt = 128.000000  dnelc = -1.2112337799e-09
[ENERG] step = 6  eTotl = -253.68740493  eCore = -23.94200163  eCoul = 32.20761573  eExcl = -44.18414590  eNucl = -217.76887312  eDisp = 0.00000000
[ERROR] step = 6  engy error = -1.0756985773e-06  grad error =  0.0000000000e+00  dmat error =  1.7069357013e-03
Timer "SCF cycle: 6" used time: 2.363781 s.

[LSDF] xchg phases: A=0.000 s, B(K_W)=0.004 s, C(K_V)=0.000 s, E(reduce)=0.000 s
[NELEC] step = 7  nelec = 128  neInt = 128.000000  dnelc = -1.2038725572e-09
[ENERG] step = 7  eTotl = -253.68740501  eCore = -23.94297973  eCoul = 32.20905691  eExcl = -44.18460908  eNucl = -217.76887312  eDisp = 0.00000000
[ERROR] step = 7  engy error = -8.1447808498e-08  grad error =  0.0000000000e+00  dmat error =  9.2025638686e-04
Timer "SCF cycle: 7" used time: 2.262353 s.

[NELEC] step = 8  nelec = 128  neInt = 128.000000  dnelc = -1.2034178098e-09
[ENERG] step = 8  eTotl = -253.68740499  eCore = -23.94322788  eCoul = 32.20951231  eExcl = -44.18481630  eNucl = -217.76887312  eDisp = 0.00000000
[ERROR] step = 8  engy error =  2.3359064016e-08  grad error =  0.0000000000e+00  dmat error =  6.8554936197e-05
Timer "SCF cycle: 8" used time: 2.246480 s.

[NELEC] step = 9  nelec = 128  neInt = 128.000000  dnelc = -1.2031478036e-09
[ENERG] step = 9  eTotl = -253.68740500  eCore = -23.94318319  eCoul = 32.20942240  eExcl = -44.18477109  eNucl = -217.76887312  eDisp = 0.00000000
[ERROR] step = 9  engy error = -1.1424674540e-08  grad error =  0.0000000000e+00  dmat error =  3.4033402802e-05
Timer "SCF cycle: 9" used time: 2.344954 s.

[NELEC] step = 10  nelec = 128  neInt = 128.000000  dnelc = -1.2030341168e-09
[ENERG] step = 10  eTotl = -253.68740500  eCore = -23.94316547  eCoul = 32.20938650  eExcl = -44.18475292  eNucl = -217.76887312  eDisp = 0.00000000
[ERROR] step = 10  engy error = -3.6145877402e-09  grad error =  0.0000000000e+00  dmat error =  1.5396744178e-05
SCF converged in 10 steps.
[LSDF] xchg_d10: robust_mode=NONE, no V data -> full-grid FFT path
[GRADIENT] SCF type: GRKS | atoms: 16 | DOF: 48 | time: 35.809 s
  Atom   0:  -1.1171105025e-04  -3.9995530319e-05  -5.8925234360e-05
  Atom   1:   1.5271287729e-03   7.7021559630e-04   4.6532170192e-04
  Atom   2:  -4.8122991503e-05  -7.8934132018e-05   3.1215693809e-05
  Atom   3:   4.2109062641e-04   2.0750845380e-04  -2.7044433409e-04
  Atom   4:  -8.0263165424e-05  -2.6375484561e-05  -4.8227688395e-05
  Atom   5:   4.2220999426e-04  -4.5271624819e-04   1.2711526256e-04
  Atom   6:  -5.9036476762e-05  -4.3143600395e-06  -1.6364256887e-05
  Atom   7:   1.1961808249e-04  -5.9644839568e-05  -3.5917125836e-05
  Atom   8:  -6.3633387420e-05  -3.2163645157e-05  -3.3027223738e-05
  Atom   9:  -9.0719215025e-04   2.1013563681e-04   1.2655944637e-04
  Atom  10:  -1.7384286048e-04   8.3239175542e-05  -5.8079388291e-05
  Atom  11:  -1.2655933747e-04   5.7935984869e-05  -3.8371898032e-05
  Atom  12:  -1.8093413879e-04  -1.1965354077e-04   1.6657522134e-04
  Atom  13:  -1.2328382226e-04  -6.1706412993e-05   3.4562800112e-05
  Atom  14:  -2.5477915091e-04  -2.7247599582e-04  -2.8123854263e-04
  Atom  15:  -3.6303636902e-04  -1.8141272092e-04  -1.1061827999e-04
[OPT] step = 0  energy = -253.6874050033  dE =               N/A  grad_max =  1.5271287729e-03  grad_rms =  3.3338986737e-04
[OPT] Geometry optimization did not converge in 1 steps.
Kylin-PBC Done.
Timer "Kylin-PBC main" used time: 63.73148 s.
