Kylin-PBC: v1.0.0

System time = 2026-06-26 10:41:38

OMP threads = 64

KYLIN_PBC_ROOT = "/home/rudin/code/kylin-pbc"
KYLIN_SCR_PATH = "/tmp"
KYLIN_JOB_PATH = "/home/rudin/code/kylin-pbc/art/example/adsorption-Pt100-CO/Pt100-CO"

SCF.xcfun                      = HSE06
SCF.basis                      = tzvp
SCF.psudo                      = gth-pbe
SCF.kmesh                      = 1 1 1
SCF.gmesh                      = 3.0e-01
SCF.ispin                      = OFF
SCF.dspin                      = 0
SCF.eps_engy                   = 2.0e-06 [AU]
SCF.eps_grad                   = 1.0e-05 [AU]
SCF.eps_dmat                   = 1.0e-03
SCF.chk_load                   = 
SCF.chk_save                   = 
SCF.scf_guess                  = ATOM
SCF.max_cycle                  = 200
SCF.vdw_method                 = NONE
SCF.coul_method                = MGDF
SCF.xchg_method                = LSDF
SCF.xchg_exxocc                = ON
SCF.xchg_exxace                = NONE
SCF.xchg_robust                = FULL
SCF.xchg_exxdiv                = EWALD
SCF.xchg_dropG0                = ON
SCF.lsdf_cparam                = 30
SCF.lsdf_mparam                = 5
SCF.lsdf_ipslct                = QRCP
SCF.lsdf_chocut                = 1.0e-08
SCF.lsdf_atmcut                = 2.5e+01
SCF.lsdf_aovcut                = 1.0e-07
SCF.lsdf_swzcut                = 0.0e+00
SCF.lsdf_pnocut                = 0.0e+00
SCF.lsdf_nafcut                = 0.0e+00
SCF.mgdf_ntasks                = 4
SCF.mgdf_kratio                = 3.0e+00
SCF.mgdf_cutoff                = 3.0e+02 [AU]
SCF.mgdf_relcut                = 3.0e+01
SCF.mgdf_prprec                = 1.0e-14
SCF.dmx_mix_method             = NONE
SCF.dmx_mix_start              = 1
SCF.dmx_mix_space              = 8
SCF.dmx_mix_alpha              = 3.0e-01
SCF.rho_mix_method             = NONE
SCF.rho_mix_start              = 1
SCF.rho_mix_space              = 8
SCF.rho_mix_alpha              = 3.0e-01
SCF.hks_mix_method             = BROY
SCF.hks_mix_start              = 1
SCF.hks_mix_space              = 16
SCF.hks_mix_alpha              = 1.0e-01
SCF.damp_factor                = 0.0e+00
SCF.level_shift                = 0.0e+00 [AU]
SCF.smear_method               = FERMI
SCF.smear_sigma                = 3.7e-03 [AU]
SCF.soc                        = OFF
SCF.soc_window                 = 1.8e+00 [AU]
SCF.print_bandgap              = OFF
SCF.print_time                 = OFF

OPT.opt_method                 = BFGS
OPT.max_cycle                  = 0
OPT.eps_engy                   = 4.0e-06 [AU]
OPT.eps_grad                   = 4.0e-04 [AU]
OPT.trust_limit                = 3.0e-01 [AU]
OPT.damp_factor                = 0.0e+00
OPT.opt_mix_method             = NONE
OPT.opt_mix_start              = 1
OPT.opt_mix_space              = 5
OPT.opt_mix_alpha              = 3.0e-01
OPT.neb_method                 = FIRE
OPT.neb_lclimb                 = ON
OPT.neb_interp                 = IDPP
OPT.neb_nimage                 = 5
OPT.neb_spring                 = 1.0e-02 [AU]
OPT.neb_maxstep                = 7.6e-02 [AU]

PROP.calculation               = NONE
FREQ.freq_method               = FREE2
FREQ.fd_stepsize               = 2.8e-02 [AU]
DOS.dos_method                 = GAUSS
DOS.dos_sigma                  = 3.7e-03 [AU]
DOS.dos_npoint                 = 1001
DOS.dos_emin                   = 0.0e+00 [AU]
DOS.dos_emax                   = 0.0e+00 [AU]

OPT.mdx_ensemble               = NVE
OPT.mdx_thermostat             = NHC
OPT.mdx_max_step               = 0
OPT.mdx_timestep               = 4.0e+01 [AU]
OPT.mdx_temperature            = 9.5e-04 [AU]
OPT.mdx_pressure               = 0.0e+00 [AU]
OPT.mdx_thermo_tau             = 4.0e+03 [AU]
OPT.mdx_baro_tau               = 2.0e+04 [AU]
OPT.mdx_nhc_length             = 3
OPT.mdx_nhc_mts                = 3
OPT.mdx_constraint             = OFF
OPT.mdx_constraint_tol         = 1.0e-10
OPT.mdx_rng_seed               = 42

K-points mesh = 1 1 1

xc functional: "HSE06"
is hybrid: YES
HFX coeff: 0.25

Basis Set Name: "tzvp"
number of shell = 390
number of basis = 3394
gmesh = 99 99 215

Pseudopotential Name: "gth-pbe"
number of valence electron = 1738

SCF Calculation.
Gamma point
[LSDF] gmesh = (99, 99, 215), ngrid = 2107215, naofn = 3394, natom = 98
Timer "[LSDF] Voronoi partition" used time: 0.036853 s.
Timer "[LSDF] AO evaluation + screening" used time: 23.34859 s.
[LSDF] IP method: randomized QRCP (c=30, m=5)
[LSDF] total IPs selected: 102310 (4.8552% of grid)
Timer "[LSDF] IP selection" used time: 77.35899 s.
Timer "[LSDF] aux basis fitting" used time: 38.06415 s.
[LSDF] Step 5 diagnostics: natom=98, ngrid=2107215, naux_total=102310
[LSDF]   OMP threads=64, MKL threads=64
[LSDF]   Vmat_loc total size: 102310 x 2107215 = 1606.26 GB
Timer "[LSDF]   5a Vmat_loc alloc+FFT" used time: 152.3790 s.
[LSDF]   W size: 102310 x 102310 = 79859.44 MB, max_npart=301076
Timer "[LSDF]   5b W construction (DGEMM)" used time: 180.6294 s.
Timer "[LSDF]   5c Wmat symmetrize" used time: 3.421755 s.
[LSDF]   robust_mode=FULL: keeping Vmat_loc (1606.26 GB) in atom ordering
Timer "[LSDF] V/W construction" used time: 336.4324 s.
[LSDF] xchg phases: A=2.059 s, B(K_W)=42.652 s, C(K_V)=702.956 s, E(reduce)=0.564 s
[NELEC] step = 0  nelec = 1738  neInt = 1738.000244  dnelc =  2.4390553881e-04
[ENERG] step = 0  eTotl = -10959.46921431  eCore = -86720.53567603  eCoul = 42862.85279981  eExcl = -988.11358054  eNucl = 33886.32724245  eDisp = 0.00000000
[ERROR] step = 0  engy error =  0.0000000000e+00  grad error =  0.0000000000e+00  dmat error =  0.0000000000e+00
Timer "SCF cycle: 0" used time: 763.2777 s.

[LSDF] xchg phases: A=2.123 s, B(K_W)=42.141 s, C(K_V)=712.606 s, E(reduce)=0.543 s
[NELEC] step = 1  nelec = 1738  neInt = 1738.000000  dnelc =  4.5270098781e-10
[ENERG] step = 1  eTotl = -11288.89587337  eCore = -90756.99289720  eCoul = 46907.15699668  eExcl = -1325.38721530  eNucl = 33886.32724245  eDisp = 0.00000000
[ERROR] step = 1  engy error = -3.2942665906e+02  grad error =  0.0000000000e+00  dmat error =  1.3239325116e+01
Timer "SCF cycle: 1" used time: 773.2023 s.

[LSDF] xchg phases: A=1.393 s, B(K_W)=40.596 s, C(K_V)=715.082 s, E(reduce)=0.259 s
[NELEC] step = 2  nelec = 1738  neInt = 1738.000000  dnelc =  2.6830093702e-10
[ENERG] step = 2  eTotl = -11363.57468803  eCore = -90304.27817468  eCoul = 46354.54852111  eExcl = -1300.17227691  eNucl = 33886.32724245  eDisp = 0.00000000
[ERROR] step = 2  engy error = -7.4678814657e+01  grad error =  0.0000000000e+00  dmat error =  1.1464657487e+00
Timer "SCF cycle: 2" used time: 772.7041 s.

[LSDF] xchg phases: A=1.163 s, B(K_W)=40.925 s, C(K_V)=669.897 s, E(reduce)=0.559 s
[NELEC] step = 3  nelec = 1738  neInt = 1738.000000  dnelc = -1.6575540940e-10
[ENERG] step = 3  eTotl = -11432.75209295  eCore = -87683.04113838  eCoul = 43563.04138512  eExcl = -1199.07958214  eNucl = 33886.32724245  eDisp = 0.00000000
[ERROR] step = 3  engy error = -6.9177404926e+01  grad error =  0.0000000000e+00  dmat error =  2.6693982529e+00
Timer "SCF cycle: 3" used time: 728.5945 s.

[LSDF] xchg phases: A=1.395 s, B(K_W)=40.035 s, C(K_V)=690.020 s, E(reduce)=0.264 s
[NELEC] step = 4  nelec = 1738  neInt = 1738.000000  dnelc = -2.8830982046e-10
[ENERG] step = 4  eTotl = -8885.42821400  eCore = -78921.38958539  eCoul = 37259.98399927  eExcl = -1110.34987033  eNucl = 33886.32724245  eDisp = 0.00000000
[ERROR] step = 4  engy error =  2.5473238790e+03  grad error =  0.0000000000e+00  dmat error =  6.4721219604e+01
Timer "SCF cycle: 4" used time: 747.9484 s.

[LSDF] xchg phases: A=1.156 s, B(K_W)=38.838 s, C(K_V)=679.443 s, E(reduce)=0.561 s
[NELEC] step = 5  nelec = 1738  neInt = 1738.000000  dnelc = -2.5124791136e-10
[ENERG] step = 5  eTotl = -8633.46900355  eCore = -78382.10292562  eCoul = 36970.35720679  eExcl = -1108.05052717  eNucl = 33886.32724245  eDisp = 0.00000000
[ERROR] step = 5  engy error =  2.5195921044e+02  grad error =  0.0000000000e+00  dmat error =  6.9382151472e+00
Timer "SCF cycle: 5" used time: 736.0688 s.

[LSDF] xchg phases: A=1.321 s, B(K_W)=39.148 s, C(K_V)=680.542 s, E(reduce)=0.259 s
[NELEC] step = 6  nelec = 1738  neInt = 1738.000000  dnelc = -2.6352608984e-10
[ENERG] step = 6  eTotl = -8472.35414815  eCore = -78166.94617636  eCoul = 36917.16109057  eExcl = -1108.89630480  eNucl = 33886.32724245  eDisp = 0.00000000
[ERROR] step = 6  engy error =  1.6111485541e+02  grad error =  0.0000000000e+00  dmat error =  3.0167217821e+00
Timer "SCF cycle: 6" used time: 741.5851 s.

[LSDF] xchg phases: A=1.134 s, B(K_W)=38.992 s, C(K_V)=668.711 s, E(reduce)=0.563 s
[NELEC] step = 7  nelec = 1738  neInt = 1738.000000  dnelc = -2.9831426218e-10
[ENERG] step = 7  eTotl = -11519.42136225  eCore = -89426.09696684  eCoul = 45207.75323091  eExcl = -1187.40486878  eNucl = 33886.32724245  eDisp = 0.00000000
[ERROR] step = 7  engy error = -3.0470672141e+03  grad error =  0.0000000000e+00  dmat error =  7.4787603642e+01
Timer "SCF cycle: 7" used time: 725.9915 s.

[NELEC] step = 8  nelec = 1738  neInt = 1738.000000  dnelc = -2.8830982046e-10
[ENERG] step = 8  eTotl = -11231.77166053  eCore = -91638.26570892  eCoul = 47710.38919372  eExcl = -1190.22238778  eNucl = 33886.32724245  eDisp = 0.00000000
[ERROR] step = 8  engy error =  2.8764970173e+02  grad error =  0.0000000000e+00  dmat error =  2.0170282946e+00
Timer "SCF cycle: 8" used time: 745.7580 s.

[NELEC] step = 9  nelec = 1738  neInt = 1738.000000  dnelc = -4.7521098168e-10
[ENERG] step = 9  eTotl = -11415.04620761  eCore = -90480.39186254  eCoul = 46349.08496157  eExcl = -1170.06654909  eNucl = 33886.32724245  eDisp = 0.00000000
[ERROR] step = 9  engy error = -1.8327454708e+02  grad error =  0.0000000000e+00  dmat error =  1.4317417246e+00
Timer "SCF cycle: 9" used time: 719.6553 s.

[NELEC] step = 10  nelec = 1738  neInt = 1738.000000  dnelc = -3.6243363866e-10
[ENERG] step = 10  eTotl = -11489.57340861  eCore = -89764.65366212  eCoul = 45557.25084467  eExcl = -1168.49783361  eNucl = 33886.32724245  eDisp = 0.00000000
[ERROR] step = 10  engy error = -7.4527201000e+01  grad error =  0.0000000000e+00  dmat error =  1.2837294783e+00
Timer "SCF cycle: 10" used time: 742.9979 s.

[NELEC] step = 11  nelec = 1738  neInt = 1738.000000  dnelc = -2.7694113669e-10
[ENERG] step = 11  eTotl = -11266.96969090  eCore = -91594.76661154  eCoul = 47613.46468060  eExcl = -1171.99500242  eNucl = 33886.32724245  eDisp = 0.00000000
[ERROR] step = 11  engy error =  2.2260371770e+02  grad error =  0.0000000000e+00  dmat error =  1.7478828969e+00
Timer "SCF cycle: 11" used time: 730.4146 s.

[NELEC] step = 12  nelec = 1738  neInt = 1738.000000  dnelc = -2.7057467378e-10
[ENERG] step = 12  eTotl = -11288.58945849  eCore = -91651.71953738  eCoul = 47640.18535010  eExcl = -1163.38251366  eNucl = 33886.32724245  eDisp = 0.00000000
[ERROR] step = 12  engy error = -2.1619767586e+01  grad error =  0.0000000000e+00  dmat error =  5.7134500953e-01
Timer "SCF cycle: 12" used time: 742.2097 s.

[NELEC] step = 13  nelec = 1738  neInt = 1738.000000  dnelc = -3.2241587178e-10
[ENERG] step = 13  eTotl = -11369.57534312  eCore = -91296.51812888  eCoul = 47197.63129264  eExcl = -1157.01574933  eNucl = 33886.32724245  eDisp = 0.00000000
[ERROR] step = 13  engy error = -8.0985884628e+01  grad error =  0.0000000000e+00  dmat error =  5.8898784172e-01
Timer "SCF cycle: 13" used time: 752.6931 s.

[NELEC] step = 14  nelec = 1738  neInt = 1738.000000  dnelc = -2.6193447411e-10
[ENERG] step = 14  eTotl = -11515.52710455  eCore = -90240.81822202  eCoul = 45978.76318010  eExcl = -1139.79930507  eNucl = 33886.32724245  eDisp = 0.00000000
[ERROR] step = 14  engy error = -1.4595176143e+02  grad error =  0.0000000000e+00  dmat error =  1.4150650468e+00
Timer "SCF cycle: 14" used time: 723.4614 s.

[NELEC] step = 15  nelec = 1738  neInt = 1738.000000  dnelc = -7.6852302300e-11
[ENERG] step = 15  eTotl = -11501.96292691  eCore = -87250.70076419  eCoul = 42977.32721351  eExcl = -1114.91661867  eNucl = 33886.32724245  eDisp = 0.00000000
[ERROR] step = 15  engy error =  1.3564177640e+01  grad error =  0.0000000000e+00  dmat error =  2.2483196400e+00
Timer "SCF cycle: 15" used time: 735.5332 s.

[NELEC] step = 16  nelec = 1738  neInt = 1738.000000  dnelc = -9.7998054116e-11
[ENERG] step = 16  eTotl = -11517.40049378  eCore = -87541.38131693  eCoul = 43255.37509122  eExcl = -1117.72151052  eNucl = 33886.32724245  eDisp = 0.00000000
[ERROR] step = 16  engy error = -1.5437566874e+01  grad error =  0.0000000000e+00  dmat error =  1.6369828433e-01
Timer "SCF cycle: 16" used time: 749.5811 s.

[NELEC] step = 17  nelec = 1738  neInt = 1738.000000  dnelc = -9.9362296169e-11
[ENERG] step = 17  eTotl = -11517.01074155  eCore = -87544.30340243  eCoul = 43258.71203160  eExcl = -1117.74661317  eNucl = 33886.32724245  eDisp = 0.00000000
[ERROR] step = 17  engy error =  3.8975223523e-01  grad error =  0.0000000000e+00  dmat error =  3.3418619257e-03
Timer "SCF cycle: 17" used time: 716.6467 s.

[NELEC] step = 18  nelec = 1738  neInt = 1738.000000  dnelc = -9.7543306765e-11
[ENERG] step = 18  eTotl = -11517.08360255  eCore = -87544.47880209  eCoul = 43258.81192358  eExcl = -1117.74396649  eNucl = 33886.32724245  eDisp = 0.00000000
[ERROR] step = 18  engy error = -7.2861006833e-02  grad error =  0.0000000000e+00  dmat error =  3.8032223637e-03
Timer "SCF cycle: 18" used time: 748.0648 s.

[NELEC] step = 19  nelec = 1738  neInt = 1738.000000  dnelc = -1.9167600840e-10
[ENERG] step = 19  eTotl = -11547.34745560  eCore = -88875.65222747  eCoul = 44567.74598083  eExcl = -1125.76845141  eNucl = 33886.32724245  eDisp = 0.00000000
[ERROR] step = 19  engy error = -3.0263853053e+01  grad error =  0.0000000000e+00  dmat error =  1.8916406104e+00
Timer "SCF cycle: 19" used time: 733.5816 s.

[NELEC] step = 20  nelec = 1738  neInt = 1738.000000  dnelc = -1.9394974515e-10
[ENERG] step = 20  eTotl = -11543.70700454  eCore = -89159.90659874  eCoul = 44858.30743898  eExcl = -1128.43508724  eNucl = 33886.32724245  eDisp = 0.00000000
[ERROR] step = 20  engy error =  3.6404510609e+00  grad error =  0.0000000000e+00  dmat error =  1.4557806531e-01
Timer "SCF cycle: 20" used time: 736.5145 s.

[NELEC] step = 21  nelec = 1738  neInt = 1738.000000  dnelc = -1.9622348191e-10
[ENERG] step = 21  eTotl = -11535.26863396  eCore = -89083.03984833  eCoul = 44789.75439609  eExcl = -1128.31042416  eNucl = 33886.32724245  eDisp = 0.00000000
[ERROR] step = 21  engy error =  8.4383705858e+00  grad error =  0.0000000000e+00  dmat error =  7.1145141731e-02
Timer "SCF cycle: 21" used time: 750.2564 s.

[NELEC] step = 22  nelec = 1738  neInt = 1738.000000  dnelc = -1.7985257728e-10
[ENERG] step = 22  eTotl = -11554.30702263  eCore = -88835.83684275  eCoul = 44522.65202487  eExcl = -1127.44944720  eNucl = 33886.32724245  eDisp = 0.00000000
[ERROR] step = 22  engy error = -1.9038388674e+01  grad error =  0.0000000000e+00  dmat error =  2.1543224697e-01
Timer "SCF cycle: 22" used time: 719.9416 s.

[NELEC] step = 23  nelec = 1738  neInt = 1738.000000  dnelc = -1.7575985112e-10
[ENERG] step = 23  eTotl = -11554.08222499  eCore = -88843.83826253  eCoul = 44529.98945832  eExcl = -1126.56066323  eNucl = 33886.32724245  eDisp = 0.00000000
[ERROR] step = 23  engy error =  2.2479764185e-01  grad error =  0.0000000000e+00  dmat error =  9.4895478438e-02
Timer "SCF cycle: 23" used time: 744.9511 s.

[NELEC] step = 24  nelec = 1738  neInt = 1738.000000  dnelc = -1.6598278307e-10
[ENERG] step = 24  eTotl = -11552.20361387  eCore = -88854.63630966  eCoul = 44539.64137414  eExcl = -1123.53592080  eNucl = 33886.32724245  eDisp = 0.00000000
[ERROR] step = 24  engy error =  1.8786111240e+00  grad error =  0.0000000000e+00  dmat error =  2.6422021528e-01
Timer "SCF cycle: 24" used time: 724.3983 s.

[NELEC] step = 25  nelec = 1738  neInt = 1738.000000  dnelc = -1.6780177248e-10
[ENERG] step = 25  eTotl = -11553.06494186  eCore = -88764.70891424  eCoul = 44450.61881513  eExcl = -1125.30208519  eNucl = 33886.32724245  eDisp = 0.00000000
[ERROR] step = 25  engy error = -8.6132799277e-01  grad error =  0.0000000000e+00  dmat error =  1.5641974187e-01
Timer "SCF cycle: 25" used time: 748.4700 s.

[NELEC] step = 26  nelec = 1738  neInt = 1738.000000  dnelc = -1.6621015675e-10
[ENERG] step = 26  eTotl = -11553.89864505  eCore = -88712.26290721  eCoul = 44397.43865663  eExcl = -1125.40163692  eNucl = 33886.32724245  eDisp = 0.00000000
[ERROR] step = 26  engy error = -8.3370318959e-01  grad error =  0.0000000000e+00  dmat error =  8.1805676061e-02
Timer "SCF cycle: 26" used time: 752.4126 s.

[NELEC] step = 27  nelec = 1738  neInt = 1738.000000  dnelc = -1.6461854102e-10
[ENERG] step = 27  eTotl = -11555.00851025  eCore = -88709.72075341  eCoul = 44393.14105694  eExcl = -1124.75605623  eNucl = 33886.32724245  eDisp = 0.00000000
[ERROR] step = 27  engy error = -1.1098652011e+00  grad error =  0.0000000000e+00  dmat error =  3.9923656641e-02
Timer "SCF cycle: 27" used time: 738.4926 s.

[NELEC] step = 28  nelec = 1738  neInt = 1738.000000  dnelc = -1.6484591470e-10
[ENERG] step = 28  eTotl = -11554.56936412  eCore = -88704.94397870  eCoul = 44389.25661131  eExcl = -1125.20923918  eNucl = 33886.32724245  eDisp = 0.00000000
[ERROR] step = 28  engy error =  4.3914613136e-01  grad error =  0.0000000000e+00  dmat error =  2.2023518867e-02
Timer "SCF cycle: 28" used time: 750.7483 s.

[NELEC] step = 29  nelec = 1738  neInt = 1738.000000  dnelc = -1.6552803572e-10
[ENERG] step = 29  eTotl = -11554.63992685  eCore = -88705.58941407  eCoul = 44389.62327360  eExcl = -1125.00102883  eNucl = 33886.32724245  eDisp = 0.00000000
[ERROR] step = 29  engy error = -7.0562729466e-02  grad error =  0.0000000000e+00  dmat error =  4.2020283812e-02
Timer "SCF cycle: 29" used time: 743.0185 s.

[NELEC] step = 30  nelec = 1738  neInt = 1738.000000  dnelc = -1.5552359400e-10
[ENERG] step = 30  eTotl = -11554.61484421  eCore = -88674.47448813  eCoul = 44357.20259642  eExcl = -1123.67019495  eNucl = 33886.32724245  eDisp = 0.00000000
[ERROR] step = 30  engy error =  2.5082638196e-02  grad error =  0.0000000000e+00  dmat error =  5.6922126053e-02
Timer "SCF cycle: 30" used time: 744.6750 s.

[NELEC] step = 31  nelec = 1738  neInt = 1738.000000  dnelc = -1.4802026271e-10
[ENERG] step = 31  eTotl = -11554.93827399  eCore = -88667.00016883  eCoul = 44348.69721261  eExcl = -1122.96256022  eNucl = 33886.32724245  eDisp = 0.00000000
[ERROR] step = 31  engy error = -3.2342978450e-01  grad error =  0.0000000000e+00  dmat error =  5.2289983566e-02
Timer "SCF cycle: 31" used time: 747.3362 s.

[NELEC] step = 32  nelec = 1738  neInt = 1738.000000  dnelc = -1.4551915228e-10
[ENERG] step = 32  eTotl = -11555.20553204  eCore = -88668.94254007  eCoul = 44350.19584073  eExcl = -1122.78607515  eNucl = 33886.32724245  eDisp = 0.00000000
[ERROR] step = 32  engy error = -2.6725804498e-01  grad error =  0.0000000000e+00  dmat error =  3.1020784623e-02
Timer "SCF cycle: 32" used time: 757.3311 s.

[NELEC] step = 33  nelec = 1738  neInt = 1738.000000  dnelc = -1.4824763639e-10
[ENERG] step = 33  eTotl = -11555.34713783  eCore = -88687.06221941  eCoul = 44368.11124055  eExcl = -1122.72340141  eNucl = 33886.32724245  eDisp = 0.00000000
[ERROR] step = 33  engy error = -1.4160578763e-01  grad error =  0.0000000000e+00  dmat error =  1.4923891869e-02
Timer "SCF cycle: 33" used time: 735.2545 s.

[NELEC] step = 34  nelec = 1738  neInt = 1738.000000  dnelc = -1.4915713109e-10
[ENERG] step = 34  eTotl = -11555.35493989  eCore = -88696.39018525  eCoul = 44377.69842176  eExcl = -1122.99041885  eNucl = 33886.32724245  eDisp = 0.00000000
[ERROR] step = 34  engy error = -7.8020644942e-03  grad error =  0.0000000000e+00  dmat error =  1.9024569182e-02
Timer "SCF cycle: 34" used time: 739.9224 s.

[NELEC] step = 35  nelec = 1738  neInt = 1738.000000  dnelc = -1.5074874682e-10
[ENERG] step = 35  eTotl = -11555.36269684  eCore = -88702.10837548  eCoul = 44383.62560726  eExcl = -1123.20717108  eNucl = 33886.32724245  eDisp = 0.00000000
[ERROR] step = 35  engy error = -7.7569531568e-03  grad error =  0.0000000000e+00  dmat error =  1.2954559712e-02
Timer "SCF cycle: 35" used time: 749.3111 s.

[NELEC] step = 36  nelec = 1738  neInt = 1738.000000  dnelc = -1.5074874682e-10
[ENERG] step = 36  eTotl = -11555.36921779  eCore = -88703.49764933  eCoul = 44385.18099253  eExcl = -1123.37980344  eNucl = 33886.32724245  eDisp = 0.00000000
[ERROR] step = 36  engy error = -6.5209452441e-03  grad error =  0.0000000000e+00  dmat error =  1.0933779007e-02
Timer "SCF cycle: 36" used time: 756.2727 s.

[NELEC] step = 37  nelec = 1738  neInt = 1738.000000  dnelc = -1.5256773622e-10
[ENERG] step = 37  eTotl = -11555.37146724  eCore = -88704.43979313  eCoul = 44386.20859458  eExcl = -1123.46751115  eNucl = 33886.32724245  eDisp = 0.00000000
[ERROR] step = 37  engy error = -2.2494519071e-03  grad error =  0.0000000000e+00  dmat error =  5.9471043910e-03
Timer "SCF cycle: 37" used time: 742.9386 s.

[NELEC] step = 38  nelec = 1738  neInt = 1738.000000  dnelc = -1.5165824152e-10
[ENERG] step = 38  eTotl = -11555.37471714  eCore = -88705.25675612  eCoul = 44387.07462473  eExcl = -1123.51982820  eNucl = 33886.32724245  eDisp = 0.00000000
[ERROR] step = 38  engy error = -3.2498959263e-03  grad error =  0.0000000000e+00  dmat error =  6.8654097517e-03
Timer "SCF cycle: 38" used time: 745.2546 s.

[NELEC] step = 39  nelec = 1738  neInt = 1738.000000  dnelc = -1.5211298887e-10
[ENERG] step = 39  eTotl = -11555.37643231  eCore = -88705.11717015  eCoul = 44386.93172718  eExcl = -1123.51823179  eNucl = 33886.32724245  eDisp = 0.00000000
[ERROR] step = 39  engy error = -1.7151692227e-03  grad error =  0.0000000000e+00  dmat error =  2.9558154196e-03
Timer "SCF cycle: 39" used time: 739.0723 s.

[NELEC] step = 40  nelec = 1738  neInt = 1738.000000  dnelc = -1.4847501006e-10
[ENERG] step = 40  eTotl = -11555.37742902  eCore = -88703.62462655  eCoul = 44385.42183406  eExcl = -1123.50187898  eNucl = 33886.32724245  eDisp = 0.00000000
[ERROR] step = 40  engy error = -9.9671663338e-04  grad error =  0.0000000000e+00  dmat error =  2.1089176961e-03
Timer "SCF cycle: 40" used time: 754.6361 s.

[NELEC] step = 41  nelec = 1738  neInt = 1738.000000  dnelc = -1.5165824152e-10
[ENERG] step = 41  eTotl = -11555.37846508  eCore = -88703.34204357  eCoul = 44385.12426441  eExcl = -1123.48792836  eNucl = 33886.32724245  eDisp = 0.00000000
[ERROR] step = 41  engy error = -1.0360578963e-03  grad error =  0.0000000000e+00  dmat error =  1.8445034968e-03
Timer "SCF cycle: 41" used time: 750.7125 s.

[NELEC] step = 42  nelec = 1738  neInt = 1738.000000  dnelc = -1.4870238374e-10
[ENERG] step = 42  eTotl = -11555.37928323  eCore = -88703.07281143  eCoul = 44384.84759712  eExcl = -1123.48131137  eNucl = 33886.32724245  eDisp = 0.00000000
[ERROR] step = 42  engy error = -8.1815353769e-04  grad error =  0.0000000000e+00  dmat error =  1.7126168443e-03
Timer "SCF cycle: 42" used time: 751.1974 s.

[NELEC] step = 43  nelec = 1738  neInt = 1738.000000  dnelc = -1.5438672563e-10
[ENERG] step = 43  eTotl = -11555.38023042  eCore = -88703.09524480  eCoul = 44384.86213341  eExcl = -1123.47436148  eNucl = 33886.32724245  eDisp = 0.00000000
[ERROR] step = 43  engy error = -9.4718312175e-04  grad error =  0.0000000000e+00  dmat error =  2.0490353120e-03
Timer "SCF cycle: 43" used time: 756.8788 s.

[NELEC] step = 44  nelec = 1738  neInt = 1738.000000  dnelc = -1.5347723092e-10
[ENERG] step = 44  eTotl = -11555.38114413  eCore = -88703.29327555  eCoul = 44385.05654815  eExcl = -1123.47165918  eNucl = 33886.32724245  eDisp = 0.00000000
[ERROR] step = 44  engy error = -9.1371335293e-04  grad error =  0.0000000000e+00  dmat error =  2.0443674343e-03
Timer "SCF cycle: 44" used time: 754.8609 s.

[NELEC] step = 45  nelec = 1738  neInt = 1738.000000  dnelc = -1.4938450477e-10
[ENERG] step = 45  eTotl = -11555.38150083  eCore = -88703.36469459  eCoul = 44385.12682791  eExcl = -1123.47087660  eNucl = 33886.32724245  eDisp = 0.00000000
[ERROR] step = 45  engy error = -3.5669365025e-04  grad error =  0.0000000000e+00  dmat error =  8.9832738705e-04
Timer "SCF cycle: 45" used time: 758.0493 s.

[NELEC] step = 46  nelec = 1738  neInt = 1738.000000  dnelc = -1.5052137314e-10
[ENERG] step = 46  eTotl = -11555.38176350  eCore = -88703.36474804  eCoul = 44385.12551022  eExcl = -1123.46976812  eNucl = 33886.32724245  eDisp = 0.00000000
[ERROR] step = 46  engy error = -2.6267438807e-04  grad error =  0.0000000000e+00  dmat error =  8.1584603211e-04
Timer "SCF cycle: 46" used time: 757.8613 s.

[NELEC] step = 47  nelec = 1738  neInt = 1738.000000  dnelc = -1.5074874682e-10
[ENERG] step = 47  eTotl = -11555.38195556  eCore = -88703.39172456  eCoul = 44385.15049462  eExcl = -1123.46796807  eNucl = 33886.32724245  eDisp = 0.00000000
[ERROR] step = 47  engy error = -1.9205576973e-04  grad error =  0.0000000000e+00  dmat error =  6.9053203334e-04
Timer "SCF cycle: 47" used time: 749.4057 s.

[NELEC] step = 48  nelec = 1738  neInt = 1738.000000  dnelc = -1.5211298887e-10
[ENERG] step = 48  eTotl = -11555.38244499  eCore = -88703.39258969  eCoul = 44385.14581748  eExcl = -1123.46291523  eNucl = 33886.32724245  eDisp = 0.00000000
[ERROR] step = 48  engy error = -4.8943376169e-04  grad error =  0.0000000000e+00  dmat error =  1.9151529984e-03
Timer "SCF cycle: 48" used time: 755.0947 s.

[NELEC] step = 49  nelec = 1738  neInt = 1738.000000  dnelc = -1.5188561520e-10
[ENERG] step = 49  eTotl = -11555.38267281  eCore = -88703.38297506  eCoul = 44385.13350111  eExcl = -1123.46044131  eNucl = 33886.32724245  eDisp = 0.00000000
[ERROR] step = 49  engy error = -2.2782028100e-04  grad error =  0.0000000000e+00  dmat error =  9.9919726170e-04
Timer "SCF cycle: 49" used time: 732.8743 s.

[NELEC] step = 50  nelec = 1738  neInt = 1738.000000  dnelc = -1.4802026271e-10
[ENERG] step = 50  eTotl = -11555.38276671  eCore = -88703.38759343  eCoul = 44385.13760932  eExcl = -1123.46002504  eNucl = 33886.32724245  eDisp = 0.00000000
[ERROR] step = 50  engy error = -9.3897338957e-05  grad error =  0.0000000000e+00  dmat error =  5.4758551483e-04
Timer "SCF cycle: 50" used time: 749.0608 s.

[NELEC] step = 51  nelec = 1738  neInt = 1738.000000  dnelc = -1.5279510990e-10
[ENERG] step = 51  eTotl = -11555.38285818  eCore = -88703.40131854  eCoul = 44385.15079277  eExcl = -1123.45957485  eNucl = 33886.32724245  eDisp = 0.00000000
[ERROR] step = 51  engy error = -9.1471702035e-05  grad error =  0.0000000000e+00  dmat error =  6.2246958251e-04
Timer "SCF cycle: 51" used time: 752.4591 s.

[NELEC] step = 52  nelec = 1738  neInt = 1738.000000  dnelc = -1.4938450477e-10
[ENERG] step = 52  eTotl = -11555.38292623  eCore = -88703.41084814  eCoul = 44385.16044582  eExcl = -1123.45976635  eNucl = 33886.32724245  eDisp = 0.00000000
[ERROR] step = 52  engy error = -6.8048597313e-05  grad error =  0.0000000000e+00  dmat error =  5.0709740896e-04
Timer "SCF cycle: 52" used time: 727.5782 s.

[NELEC] step = 53  nelec = 1738  neInt = 1738.000000  dnelc = -1.5211298887e-10
[ENERG] step = 53  eTotl = -11555.38297338  eCore = -88703.42075989  eCoul = 44385.17056437  eExcl = -1123.46002030  eNucl = 33886.32724245  eDisp = 0.00000000
[ERROR] step = 53  engy error = -4.7156827350e-05  grad error =  0.0000000000e+00  dmat error =  3.4216053076e-04
Timer "SCF cycle: 53" used time: 745.4777 s.

[NELEC] step = 54  nelec = 1738  neInt = 1738.000000  dnelc = -1.5347723092e-10
[ENERG] step = 54  eTotl = -11555.38303987  eCore = -88703.43995572  eCoul = 44385.19041575  eExcl = -1123.46074235  eNucl = 33886.32724245  eDisp = 0.00000000
[ERROR] step = 54  engy error = -6.6491091275e-05  grad error =  0.0000000000e+00  dmat error =  7.6621744248e-04
Timer "SCF cycle: 54" used time: 740.3815 s.

[NELEC] step = 55  nelec = 1738  neInt = 1738.000000  dnelc = -1.4847501006e-10
[ENERG] step = 55  eTotl = -11555.38313760  eCore = -88703.43796790  eCoul = 44385.18838949  eExcl = -1123.46080164  eNucl = 33886.32724245  eDisp = 0.00000000
[ERROR] step = 55  engy error = -9.7724594525e-05  grad error =  0.0000000000e+00  dmat error =  8.4957893123e-04
Timer "SCF cycle: 55" used time: 752.1453 s.

[NELEC] step = 56  nelec = 1738  neInt = 1738.000000  dnelc = -1.4961187844e-10
[ENERG] step = 56  eTotl = -11555.38315472  eCore = -88703.43142820  eCoul = 44385.18214040  eExcl = -1123.46110937  eNucl = 33886.32724245  eDisp = 0.00000000
[ERROR] step = 56  engy error = -1.7118545657e-05  grad error =  0.0000000000e+00  dmat error =  2.7406125757e-04
Timer "SCF cycle: 56" used time: 732.0328 s.

[NELEC] step = 57  nelec = 1738  neInt = 1738.000000  dnelc = -1.5279510990e-10
[ENERG] step = 57  eTotl = -11555.38322030  eCore = -88703.43669375  eCoul = 44385.18753960  eExcl = -1123.46130860  eNucl = 33886.32724245  eDisp = 0.00000000
[ERROR] step = 57  engy error = -6.5587002609e-05  grad error =  0.0000000000e+00  dmat error =  7.2414434461e-04
Timer "SCF cycle: 57" used time: 741.3259 s.

[NELEC] step = 58  nelec = 1738  neInt = 1738.000000  dnelc = -1.5165824152e-10
[ENERG] step = 58  eTotl = -11555.38326107  eCore = -88703.44642637  eCoul = 44385.19740079  eExcl = -1123.46147793  eNucl = 33886.32724245  eDisp = 0.00000000
[ERROR] step = 58  engy error = -4.0764454752e-05  grad error =  0.0000000000e+00  dmat error =  3.9016704609e-04
Timer "SCF cycle: 58" used time: 748.6178 s.

[NELEC] step = 59  nelec = 1738  neInt = 1738.000000  dnelc = -1.5052137314e-10
[ENERG] step = 59  eTotl = -11555.38325194  eCore = -88703.45029391  eCoul = 44385.20133325  eExcl = -1123.46153373  eNucl = 33886.32724245  eDisp = 0.00000000
[ERROR] step = 59  engy error =  9.1255860752e-06  grad error =  0.0000000000e+00  dmat error =  9.8314778503e-05
Timer "SCF cycle: 59" used time: 753.9105 s.

[NELEC] step = 60  nelec = 1738  neInt = 1738.000000  dnelc = -1.5029399947e-10
[ENERG] step = 60  eTotl = -11555.38322430  eCore = -88703.45152118  eCoul = 44385.20290664  eExcl = -1123.46185221  eNucl = 33886.32724245  eDisp = 0.00000000
[ERROR] step = 60  engy error =  2.7640933695e-05  grad error =  0.0000000000e+00  dmat error =  1.0627269648e-04
Timer "SCF cycle: 60" used time: 736.9449 s.

[NELEC] step = 61  nelec = 1738  neInt = 1738.000000  dnelc = -1.5393197828e-10
[ENERG] step = 61  eTotl = -11555.38322807  eCore = -88703.45270074  eCoul = 44385.20401092  eExcl = -1123.46178070  eNucl = 33886.32724245  eDisp = 0.00000000
[ERROR] step = 61  engy error = -3.7704885472e-06  grad error =  0.0000000000e+00  dmat error =  2.1091353703e-04
Timer "SCF cycle: 61" used time: 726.4765 s.

[NELEC] step = 62  nelec = 1738  neInt = 1738.000000  dnelc = -1.4892975742e-10
[ENERG] step = 62  eTotl = -11555.38319199  eCore = -88703.45057117  eCoul = 44385.20174451  eExcl = -1123.46160777  eNucl = 33886.32724245  eDisp = 0.00000000
[ERROR] step = 62  engy error =  3.6084769818e-05  grad error =  0.0000000000e+00  dmat error =  1.1999964137e-04
Timer "SCF cycle: 62" used time: 745.4322 s.

[NELEC] step = 63  nelec = 1738  neInt = 1738.000000  dnelc = -1.5120349417e-10
[ENERG] step = 63  eTotl = -11555.38318417  eCore = -88703.44978694  eCoul = 44385.20090562  eExcl = -1123.46154530  eNucl = 33886.32724245  eDisp = 0.00000000
[ERROR] step = 63  engy error =  7.8150260379e-06  grad error =  0.0000000000e+00  dmat error =  3.2913726990e-05
Timer "SCF cycle: 63" used time: 737.4726 s.

[NELEC] step = 64  nelec = 1738  neInt = 1738.000000  dnelc = -1.4983925212e-10
[ENERG] step = 64  eTotl = -11555.38317772  eCore = -88703.44942076  eCoul = 44385.20049054  eExcl = -1123.46148995  eNucl = 33886.32724245  eDisp = 0.00000000
[ERROR] step = 64  engy error =  6.4540072344e-06  grad error =  0.0000000000e+00  dmat error =  4.6257953061e-05
Timer "SCF cycle: 64" used time: 737.5612 s.

[NELEC] step = 65  nelec = 1738  neInt = 1738.000000  dnelc = -1.4870238374e-10
[ENERG] step = 65  eTotl = -11555.38318054  eCore = -88703.44908227  eCoul = 44385.20005392  eExcl = -1123.46139464  eNucl = 33886.32724245  eDisp = 0.00000000
[ERROR] step = 65  engy error = -2.8250578907e-06  grad error =  0.0000000000e+00  dmat error =  2.0707932242e-04
Timer "SCF cycle: 65" used time: 749.6105 s.

[NELEC] step = 66  nelec = 1738  neInt = 1738.000000  dnelc = -1.5120349417e-10
[ENERG] step = 66  eTotl = -11555.38317587  eCore = -88703.44884367  eCoul = 44385.19981632  eExcl = -1123.46139096  eNucl = 33886.32724245  eDisp = 0.00000000
[ERROR] step = 66  engy error =  4.6750574256e-06  grad error =  0.0000000000e+00  dmat error =  8.1140363630e-05
Timer "SCF cycle: 66" used time: 742.1975 s.

[NELEC] step = 67  nelec = 1738  neInt = 1738.000000  dnelc = -1.5324985725e-10
[ENERG] step = 67  eTotl = -11555.38316793  eCore = -88703.44869511  eCoul = 44385.19977089  eExcl = -1123.46148616  eNucl = 33886.32724245  eDisp = 0.00000000
[ERROR] step = 67  engy error =  7.9385135905e-06  grad error =  0.0000000000e+00  dmat error =  4.3548278798e-05
Timer "SCF cycle: 67" used time: 744.8440 s.

[NELEC] step = 68  nelec = 1738  neInt = 1738.000000  dnelc = -1.4870238374e-10
[ENERG] step = 68  eTotl = -11555.38316496  eCore = -88703.44862424  eCoul = 44385.19971108  eExcl = -1123.46149425  eNucl = 33886.32724245  eDisp = 0.00000000
[ERROR] step = 68  engy error =  2.9707807698e-06  grad error =  0.0000000000e+00  dmat error =  1.0846818882e-05
Timer "SCF cycle: 68" used time: 747.2588 s.

[NELEC] step = 69  nelec = 1738  neInt = 1738.000000  dnelc = -1.4915713109e-10
[ENERG] step = 69  eTotl = -11555.38316468  eCore = -88703.44915573  eCoul = 44385.20026029  eExcl = -1123.46151169  eNucl = 33886.32724245  eDisp = 0.00000000
[ERROR] step = 69  engy error =  2.7643545764e-07  grad error =  0.0000000000e+00  dmat error =  1.3931485754e-05
SCF converged in 69 steps.
[SMEAR] electronic entropic energy =    -0.13764605976383
[SMEAR] free energy (E + (-TS))    = -11555.52081074363014
Kylin-PBC Done.
Timer "Kylin-PBC main" used time: 52728.11 s.
