Kylin-PBC: v1.0.0

System time = 2026-06-23 22:07:51

OMP threads = 32

KYLIN_PBC_ROOT = "/home/rudin/code/kylin-pbc"
KYLIN_SCR_PATH = "/nvme"
KYLIN_JOB_PATH = "/home/rudin/code/kylin-pbc/art/example/extern/MgO-PBE-k333-kylin-MGDF"

SCF.xcfun                      = PBE
SCF.basis                      = dzvp-sr
SCF.psudo                      = gth-pbe
SCF.kmesh                      = 3 3 3
SCF.gmesh                      = 6.0e-01
SCF.ispin                      = OFF
SCF.dspin                      = 0
SCF.eps_engy                   = 3.7e-09 [AU]
SCF.eps_grad                   = 1.0e-05 [AU]
SCF.eps_dmat                   = 1.0e-03
SCF.chk_load                   = 
SCF.chk_save                   = 
SCF.scf_guess                  = ATOM
SCF.max_cycle                  = 200
SCF.vdw_method                 = NONE
SCF.coul_method                = MGDF
SCF.xchg_method                = LSDF
SCF.xchg_exxocc                = OFF
SCF.xchg_exxace                = NONE
SCF.xchg_robust                = TILE
SCF.xchg_exxdiv                = NONE
SCF.lsdf_cparam                = 30
SCF.lsdf_mparam                = 5
SCF.lsdf_ipslct                = QRCP
SCF.lsdf_chocut                = 1.0e-08
SCF.lsdf_atmcut                = 2.5e+01
SCF.lsdf_aovcut                = 1.0e-07
SCF.lsdf_swzcut                = 0.0e+00
SCF.lsdf_pnocut                = 0.0e+00
SCF.lsdf_nafcut                = 0.0e+00
SCF.mgdf_ntasks                = 4
SCF.mgdf_kratio                = 3.0e+00
SCF.mgdf_cutoff                = 3.0e+02 [AU]
SCF.mgdf_relcut                = 3.0e+01
SCF.mgdf_prprec                = 1.0e-14
SCF.dmx_mix_method             = NONE
SCF.dmx_mix_start              = 1
SCF.dmx_mix_space              = 8
SCF.dmx_mix_alpha              = 3.0e-01
SCF.rho_mix_method             = NONE
SCF.rho_mix_start              = 1
SCF.rho_mix_space              = 8
SCF.rho_mix_alpha              = 3.0e-01
SCF.hks_mix_method             = BROY
SCF.hks_mix_start              = 1
SCF.hks_mix_space              = 8
SCF.hks_mix_alpha              = 3.0e-01
SCF.damp_factor                = 0.0e+00
SCF.level_shift                = 0.0e+00 [AU]
SCF.smear_method               = NONE
SCF.smear_sigma                = 0.0e+00 [AU]
SCF.soc                        = OFF
SCF.soc_window                 = 1.8e+00 [AU]
SCF.print_bandgap              = ON
SCF.print_time                 = OFF

OPT.opt_method                 = BFGS
OPT.max_cycle                  = 0
OPT.eps_engy                   = 4.0e-06 [AU]
OPT.eps_grad                   = 4.0e-04 [AU]
OPT.trust_limit                = 3.0e-01 [AU]
OPT.damp_factor                = 0.0e+00
OPT.opt_mix_method             = NONE
OPT.opt_mix_start              = 1
OPT.opt_mix_space              = 5
OPT.opt_mix_alpha              = 3.0e-01
OPT.neb_method                 = FIRE
OPT.neb_lclimb                 = ON
OPT.neb_interp                 = IDPP
OPT.neb_nimage                 = 5
OPT.neb_spring                 = 1.0e-02 [AU]
OPT.neb_maxstep                = 7.6e-02 [AU]

PROP.calculation               = NONE
FREQ.freq_method               = FREE2
FREQ.fd_stepsize               = 2.8e-02 [AU]
DOS.dos_method                 = GAUSS
DOS.dos_sigma                  = 3.7e-03 [AU]
DOS.dos_npoint                 = 1001
DOS.dos_emin                   = 0.0e+00 [AU]
DOS.dos_emax                   = 0.0e+00 [AU]

OPT.mdx_ensemble               = NVE
OPT.mdx_thermostat             = NHC
OPT.mdx_max_step               = 0
OPT.mdx_timestep               = 4.0e+01 [AU]
OPT.mdx_temperature            = 9.5e-04 [AU]
OPT.mdx_pressure               = 0.0e+00 [AU]
OPT.mdx_thermo_tau             = 4.0e+03 [AU]
OPT.mdx_baro_tau               = 2.0e+04 [AU]
OPT.mdx_nhc_length             = 3
OPT.mdx_nhc_mts                = 3
OPT.mdx_constraint             = OFF
OPT.mdx_constraint_tol         = 1.0e-10
OPT.mdx_rng_seed               = 42

K-points mesh = 3 3 3

xc functional: "PBE"
is hybrid: NO

Basis Set Name: "dzvp-sr"
number of shell = 5
number of basis = 22
gmesh = 83 83 83

Pseudopotential Name: "gth-pbe"
number of valence electron = 16

SCF Calculation.
K sampling = 3 3 3
[IGUESS] MINAO initial guess done. naofn = 22  nkpot = 27
[NELEC] step = 0  nelec = 16  neInt = 9.640958  dnelc = -6.3590418112e+00
[ENERG] step = 0  eTotl = -71.66788319  eCore = -26.93644151  eCoul = 8.87105206  eExcl = -6.27462652  eNucl = -47.32786722  eDisp = 0.00000000
[ERROR] step = 0  engy error =  0.0000000000e+00  grad error =  0.0000000000e+00  dmat error =  0.0000000000e+00
Timer "SCF cycle: 0" used time: 0.536555 s.

[NELEC] step = 1  nelec = 16  neInt = 16.000000  dnelc =  2.7462476737e-12
[ENERG] step = 1  eTotl = -77.36514123  eCore = -48.39356756  eCoul = 32.48587457  eExcl = -14.12958102  eNucl = -47.32786722  eDisp = 0.00000000
[ERROR] step = 1  engy error = -5.6972580376e+00  grad error =  0.0000000000e+00  dmat error =  3.5768981800e+00
Timer "SCF cycle: 1" used time: 0.524664 s.

[NELEC] step = 2  nelec = 16  neInt = 16.000000  dnelc =  1.9291235276e-12
[ENERG] step = 2  eTotl = -78.97707639  eCore = -47.09493561  eCoul = 28.55122846  eExcl = -13.10550202  eNucl = -47.32786722  eDisp = 0.00000000
[ERROR] step = 2  engy error = -1.6119351650e+00  grad error =  0.0000000000e+00  dmat error =  1.9249995386e+00
Timer "SCF cycle: 2" used time: 0.506914 s.

[NELEC] step = 3  nelec = 16  neInt = 16.000000  dnelc =  1.3642420527e-12
[ENERG] step = 3  eTotl = -79.34015782  eCore = -45.30376883  eCoul = 25.66599341  eExcl = -12.37451518  eNucl = -47.32786722  eDisp = 0.00000000
[ERROR] step = 3  engy error = -3.6308142491e-01  grad error =  0.0000000000e+00  dmat error =  2.3816998144e+00
Timer "SCF cycle: 3" used time: 0.497992 s.

[NELEC] step = 4  nelec = 16  neInt = 16.000000  dnelc =  1.7443824163e-12
[ENERG] step = 4  eTotl = -79.41334417  eCore = -44.77967293  eCoul = 25.06775706  eExcl = -12.37356108  eNucl = -47.32786722  eDisp = 0.00000000
[ERROR] step = 4  engy error = -7.3186353727e-02  grad error =  0.0000000000e+00  dmat error =  6.7862748120e-01
Timer "SCF cycle: 4" used time: 0.505154 s.

[NELEC] step = 5  nelec = 16  neInt = 16.000000  dnelc =  1.7941204078e-12
[ENERG] step = 5  eTotl = -79.38249245  eCore = -44.86202815  eCoul = 25.24594555  eExcl = -12.43854263  eNucl = -47.32786722  eDisp = 0.00000000
[ERROR] step = 5  engy error =  3.0851720483e-02  grad error =  0.0000000000e+00  dmat error =  9.8776795121e-02
Timer "SCF cycle: 5" used time: 0.508184 s.

[NELEC] step = 6  nelec = 16  neInt = 16.000000  dnelc =  1.6555645743e-12
[ENERG] step = 6  eTotl = -79.42807330  eCore = -44.73565430  eCoul = 24.94397801  eExcl = -12.30852979  eNucl = -47.32786722  eDisp = 0.00000000
[ERROR] step = 6  engy error = -4.5580842726e-02  grad error =  0.0000000000e+00  dmat error =  2.9044989364e-01
Timer "SCF cycle: 6" used time: 0.498476 s.

[NELEC] step = 7  nelec = 16  neInt = 16.000000  dnelc =  1.6733281427e-12
[ENERG] step = 7  eTotl = -79.42823693  eCore = -44.66947080  eCoul = 24.86079694  eExcl = -12.29169585  eNucl = -47.32786722  eDisp = 0.00000000
[ERROR] step = 7  engy error = -1.6363434388e-04  grad error =  0.0000000000e+00  dmat error =  3.7319504834e-02
Timer "SCF cycle: 7" used time: 0.506429 s.

[NELEC] step = 8  nelec = 16  neInt = 16.000000  dnelc =  1.6733281427e-12
[ENERG] step = 8  eTotl = -79.42823764  eCore = -44.67104225  eCoul = 24.86265871  eExcl = -12.29198688  eNucl = -47.32786722  eDisp = 0.00000000
[ERROR] step = 8  engy error = -7.1258153866e-07  grad error =  0.0000000000e+00  dmat error =  1.1685421194e-03
Timer "SCF cycle: 8" used time: 0.515534 s.

[NELEC] step = 9  nelec = 16  neInt = 16.000000  dnelc =  1.6733281427e-12
[ENERG] step = 9  eTotl = -79.42824136  eCore = -44.67823803  eCoul = 24.87218089  eExcl = -12.29431700  eNucl = -47.32786722  eDisp = 0.00000000
[ERROR] step = 9  engy error = -3.7227094793e-06  grad error =  0.0000000000e+00  dmat error =  7.5803411298e-03
Timer "SCF cycle: 9" used time: 0.526505 s.

[NELEC] step = 10  nelec = 16  neInt = 16.000000  dnelc =  1.6662227154e-12
[ENERG] step = 10  eTotl = -79.42824137  eCore = -44.67850300  eCoul = 24.87256805  eExcl = -12.29443920  eNucl = -47.32786722  eDisp = 0.00000000
[ERROR] step = 10  engy error = -4.5145469585e-09  grad error =  0.0000000000e+00  dmat error =  3.1463731546e-04
Timer "SCF cycle: 10" used time: 0.518471 s.

[NELEC] step = 11  nelec = 16  neInt = 16.000000  dnelc =  1.6733281427e-12
[ENERG] step = 11  eTotl = -79.42824137  eCore = -44.67845842  eCoul = 24.87248977  eExcl = -12.29440550  eNucl = -47.32786722  eDisp = 0.00000000
[ERROR] step = 11  engy error = -2.8331470503e-09  grad error =  0.0000000000e+00  dmat error =  7.2283430511e-05
SCF converged in 11 steps.

  Band Gap Analysis (per k-point)
  k-pt    spin         HOMO (eV)       LUMO (eV)        Gap (eV)
  -----------------------------------------------------------
  0       0             8.126760       12.649161        4.522400
  1       0             7.721155       15.799544        8.078389
  2       0             7.721155       15.799544        8.078389
  3       0             7.721155       15.799544        8.078389
  4       0             7.047150       17.291549       10.244399
  5       0             7.176972       19.422288       12.245315
  6       0             7.721155       15.799544        8.078389
  7       0             7.176972       19.422288       12.245315
  8       0             7.047150       17.291549       10.244399
  9       0             7.721155       15.799544        8.078389
  10      0             7.047150       17.291549       10.244399
  11      0             7.176972       19.422288       12.245315
  12      0             7.047150       17.291549       10.244399
  13      0             7.721155       15.799545        8.078390
  14      0             7.176972       19.422288       12.245316
  15      0             7.176972       19.422288       12.245315
  16      0             7.176972       19.422288       12.245316
  17      0             7.176972       19.422288       12.245316
  18      0             7.721155       15.799544        8.078389
  19      0             7.176972       19.422288       12.245315
  20      0             7.047150       17.291549       10.244399
  21      0             7.176972       19.422288       12.245315
  22      0             7.176972       19.422288       12.245316
  23      0             7.176972       19.422288       12.245316
  24      0             7.047150       17.291549       10.244399
  25      0             7.176972       19.422288       12.245316
  26      0             7.721155       15.799545        8.078390
  -----------------------------------------------------------
  VBM =       8.126760 eV    CBM =      12.649161 eV    Band Gap =       4.522400 eV

Kylin-PBC Done.
Timer "Kylin-PBC main" used time: 6.831511 s.
