Kylin-PBC: v1.0.0

System time = 2026-09-30 20:10:20

OMP threads = 32

KYLIN_PBC_ROOT = "/home/rudin/code/kylin-pbc"
KYLIN_SCR_PATH = "/tmp"
KYLIN_JOB_PATH = "/home/rudin/tmp-review-ionic/MgO16/none/c10"

SCF.xcfun                      = HSE06
SCF.basis                      = dzvp-sr
SCF.psudo                      = gth-pbe
SCF.kmesh                      = 1 1 1
SCF.gmesh                      = 5.0e-01
SCF.ispin                      = OFF
SCF.dspin                      = 0
SCF.eps_engy                   = 3.7e-09 [AU]
SCF.eps_grad                   = 1.0e-05 [AU]
SCF.eps_dmat                   = 1.0e-03
SCF.chk_load                   = 
SCF.chk_save                   = 
SCF.scf_guess                  = ATOM
SCF.max_cycle                  = 200
SCF.vdw_method                 = NONE
SCF.coul_method                = MGDF
SCF.xchg_method                = LSDF
SCF.xchg_exxocc                = OFF
SCF.xchg_exxace                = NONE
SCF.xchg_robust                = NONE
SCF.xchg_exxdiv                = EWALD
SCF.xchg_dropG0                = ON
SCF.lsdf_cparam                = 10
SCF.lsdf_mparam                = 5
SCF.lsdf_ipslct                = QRCP
SCF.lsdf_chocut                = 1.0e-08
SCF.lsdf_atmcut                = 2.5e+01
SCF.lsdf_aovcut                = 1.0e-07
SCF.lsdf_swzcut                = 0.0e+00
SCF.lsdf_pnocut                = 0.0e+00
SCF.lsdf_nafcut                = 0.0e+00
SCF.mgdf_ntasks                = 4
SCF.mgdf_kratio                = 3.0e+00
SCF.mgdf_cutoff                = 3.0e+02 [AU]
SCF.mgdf_relcut                = 3.0e+01
SCF.mgdf_prprec                = 1.0e-14
SCF.dmx_mix_method             = NONE
SCF.dmx_mix_start              = 1
SCF.dmx_mix_space              = 8
SCF.dmx_mix_alpha              = 3.0e-01
SCF.rho_mix_method             = NONE
SCF.rho_mix_start              = 1
SCF.rho_mix_space              = 8
SCF.rho_mix_alpha              = 3.0e-01
SCF.hks_mix_method             = BROY
SCF.hks_mix_start              = 1
SCF.hks_mix_space              = 8
SCF.hks_mix_alpha              = 3.0e-01
SCF.damp_factor                = 0.0e+00
SCF.level_shift                = 0.0e+00 [AU]
SCF.smear_method               = NONE
SCF.smear_sigma                = 0.0e+00 [AU]
SCF.soc                        = OFF
SCF.soc_window                 = 1.8e+00 [AU]
SCF.print_bandgap              = OFF
SCF.print_time                 = OFF

OPT.opt_method                 = BFGS
OPT.max_cycle                  = 1
OPT.eps_engy                   = 4.0e-06 [AU]
OPT.eps_grad                   = 4.0e-04 [AU]
OPT.trust_limit                = 3.0e-01 [AU]
OPT.damp_factor                = 0.0e+00
OPT.opt_mix_method             = NONE
OPT.opt_mix_start              = 1
OPT.opt_mix_space              = 5
OPT.opt_mix_alpha              = 3.0e-01
OPT.neb_method                 = FIRE
OPT.neb_lclimb                 = ON
OPT.neb_interp                 = IDPP
OPT.neb_nimage                 = 5
OPT.neb_spring                 = 1.0e-02 [AU]
OPT.neb_maxstep                = 7.6e-02 [AU]

PROP.calculation               = NONE
FREQ.freq_method               = FREE2
FREQ.fd_stepsize               = 2.8e-02 [AU]
DOS.dos_method                 = GAUSS
DOS.dos_sigma                  = 3.7e-03 [AU]
DOS.dos_npoint                 = 1001
DOS.dos_emin                   = 0.0e+00 [AU]
DOS.dos_emax                   = 0.0e+00 [AU]

OPT.mdx_ensemble               = NVE
OPT.mdx_thermostat             = NHC
OPT.mdx_max_step               = 0
OPT.mdx_timestep               = 4.0e+01 [AU]
OPT.mdx_temperature            = 9.5e-04 [AU]
OPT.mdx_pressure               = 0.0e+00 [AU]
OPT.mdx_thermo_tau             = 4.0e+03 [AU]
OPT.mdx_baro_tau               = 2.0e+04 [AU]
OPT.mdx_nhc_length             = 3
OPT.mdx_nhc_mts                = 3
OPT.mdx_constraint             = OFF
OPT.mdx_constraint_tol         = 1.0e-10
OPT.mdx_rng_seed               = 42

K-points mesh = 1 1 1

xc functional: "HSE06"
is hybrid: YES
HFX coeff: 0.25

Basis Set Name: "dzvp-sr"
number of shell = 40
number of basis = 176
gmesh = 98 98 195

Pseudopotential Name: "gth-pbe"
number of valence electron = 128

OPT Calculation.

==============================================================
                   Geometry Optimization                      
==============================================================
  method      = BFGS
  max_cycle   = 1
  eps_engy    = 4.000000e-06
  eps_grad    = 4.000000e-04
  trust_limit = 0.300000
  natom       = 16
  nfree       = 48 / 48
==============================================================

--------------------------------------------------------------
  OPT step 0
--------------------------------------------------------------
[OPT] Cell structure (Angstrom):
       4.21700000       0.00000000       0.00000000
       0.00000000       4.21700000       0.00000000
       0.00000000       0.00000000       8.43400000

Cart
Mg         0.00000000       0.00000000       0.00000000   T T T
Mg         0.10000000       2.15850000       2.13850000   T T T
Mg         2.10850000       0.00000000       2.10850000   T T T
Mg         2.10850000       2.10850000       0.00000000   T T T
O          2.10850000       2.10850000       2.10850000   T T T
O          2.10850000       4.21700000       4.21700000   T T T
O          4.21700000       2.10850000       4.21700000   T T T
O          4.21700000       4.21700000       2.10850000   T T T
Mg         0.00000000       0.00000000       4.21700000   T T T
Mg         0.00000000       2.10850000       6.32550000   T T T
Mg         2.10850000       0.00000000       6.32550000   T T T
Mg         2.10850000       2.10850000       4.21700000   T T T
O          2.10850000       2.10850000       6.32550000   T T T
O          2.10850000       4.21700000       8.43400000   T T T
O          4.21700000       2.10850000       8.43400000   T T T
O          4.21700000       4.21700000       6.32550000   T T T

[OPT] Cell written to /home/rudin/tmp-review-ionic/MgO16/none/c10/opt_img/cell_opt_0.txt
[LSDF] gmesh = (98, 98, 195), ngrid = 1872780, naofn = 176, natom = 16
Timer "[LSDF] Voronoi partition" used time: 0.022396 s.
Timer "[LSDF] AO evaluation + screening" used time: 4.579151 s.
[LSDF] IP method: randomized QRCP (c=10, m=5)
[LSDF] total IPs selected: 1840 (0.0982% of grid)
Timer "[LSDF] IP selection" used time: 5.322514 s.
Timer "[LSDF] aux basis fitting" used time: 1.525895 s.
[LSDF] Step 5 diagnostics: natom=16, ngrid=1872780, naux_total=1840
[LSDF]   OMP threads=32, MKL threads=32
[LSDF]   Vmat_loc total size: 1840 x 1872780 = 25.67 GB
Timer "[LSDF]   5a Vmat_loc alloc+FFT" used time: 2.052546 s.
[LSDF]   W size: 1840 x 1840 = 25.83 MB, max_npart=118186
Timer "[LSDF]   5b W construction (DGEMM)" used time: 0.297430 s.
Timer "[LSDF]   5c Wmat symmetrize" used time: 0.001530 s.
[LSDF]   robust_mode=NONE: freeing Vmat_loc
Timer "[LSDF] V/W construction" used time: 3.584967 s.
[LSDF] xchg phases: A=0.000 s, B(K_W)=0.003 s, C(K_V)=0.000 s, E(reduce)=0.000 s
[NELEC] step = 0  nelec = 128  neInt = 128.000000  dnelc = -3.6099123690e-09
[ENERG] step = 0  eTotl = -635.56931883  eCore = -337.00186663  eCoul = 174.38894144  eExcl = -94.44115406  eNucl = -378.51523958  eDisp = 0.00000000
[ERROR] step = 0  engy error =  0.0000000000e+00  grad error =  0.0000000000e+00  dmat error =  0.0000000000e+00
Timer "SCF cycle: 0" used time: 1.556224 s.

[LSDF] xchg phases: A=0.000 s, B(K_W)=0.003 s, C(K_V)=0.000 s, E(reduce)=0.000 s
[NELEC] step = 1  nelec = 128  neInt = 128.000000  dnelc = -1.7778120309e-08
[ENERG] step = 1  eTotl = -634.39811253  eCore = -366.67474832  eCoul = 212.68971745  eExcl = -101.89784207  eNucl = -378.51523958  eDisp = 0.00000000
[ERROR] step = 1  engy error =  1.1712063058e+00  grad error =  0.0000000000e+00  dmat error =  1.6408943664e+00
Timer "SCF cycle: 1" used time: 1.478947 s.

[LSDF] xchg phases: A=0.000 s, B(K_W)=0.005 s, C(K_V)=0.000 s, E(reduce)=0.000 s
[NELEC] step = 2  nelec = 128  neInt = 128.000000  dnelc = -1.8443572003e-08
[ENERG] step = 2  eTotl = -635.21579319  eCore = -362.41693062  eCoul = 205.67614495  eExcl = -99.95976794  eNucl = -378.51523958  eDisp = 0.00000000
[ERROR] step = 2  engy error = -8.1768066093e-01  grad error =  0.0000000000e+00  dmat error =  2.0753764059e-01
Timer "SCF cycle: 2" used time: 1.447775 s.

[LSDF] xchg phases: A=0.000 s, B(K_W)=0.003 s, C(K_V)=0.000 s, E(reduce)=0.000 s
[NELEC] step = 3  nelec = 128  neInt = 128.000000  dnelc = -1.5781196794e-08
[ENERG] step = 3  eTotl = -635.34254414  eCore = -358.09815364  eCoul = 199.73736845  eExcl = -98.46651936  eNucl = -378.51523958  eDisp = 0.00000000
[ERROR] step = 3  engy error = -1.2675094570e-01  grad error =  0.0000000000e+00  dmat error =  2.6429113761e-01
Timer "SCF cycle: 3" used time: 1.440417 s.

[LSDF] xchg phases: A=0.000 s, B(K_W)=0.003 s, C(K_V)=0.000 s, E(reduce)=0.000 s
[NELEC] step = 4  nelec = 128  neInt = 128.000000  dnelc = -1.3226753026e-08
[ENERG] step = 4  eTotl = -635.36454314  eCore = -357.74517012  eCoul = 199.44195594  eExcl = -98.54608938  eNucl = -378.51523958  eDisp = 0.00000000
[ERROR] step = 4  engy error = -2.1998999927e-02  grad error =  0.0000000000e+00  dmat error =  7.6283856753e-02
Timer "SCF cycle: 4" used time: 1.465249 s.

[LSDF] xchg phases: A=0.000 s, B(K_W)=0.003 s, C(K_V)=0.000 s, E(reduce)=0.000 s
[NELEC] step = 5  nelec = 128  neInt = 128.000000  dnelc = -1.4166374740e-08
[ENERG] step = 5  eTotl = -635.36590990  eCore = -358.24766783  eCoul = 200.08442114  eExcl = -98.68742362  eNucl = -378.51523958  eDisp = 0.00000000
[ERROR] step = 5  engy error = -1.3667626549e-03  grad error =  0.0000000000e+00  dmat error =  3.8081236694e-02
Timer "SCF cycle: 5" used time: 1.441255 s.

[LSDF] xchg phases: A=0.000 s, B(K_W)=0.003 s, C(K_V)=0.000 s, E(reduce)=0.000 s
[NELEC] step = 6  nelec = 128  neInt = 128.000000  dnelc = -1.4112529811e-08
[ENERG] step = 6  eTotl = -635.36592456  eCore = -358.20826052  eCoul = 200.03415155  eExcl = -98.67657601  eNucl = -378.51523958  eDisp = 0.00000000
[ERROR] step = 6  engy error = -1.4658278815e-05  grad error =  0.0000000000e+00  dmat error =  2.9023311277e-03
Timer "SCF cycle: 6" used time: 1.445533 s.

[LSDF] xchg phases: A=0.000 s, B(K_W)=0.003 s, C(K_V)=0.000 s, E(reduce)=0.000 s
[NELEC] step = 7  nelec = 128  neInt = 128.000000  dnelc = -1.4113297198e-08
[ENERG] step = 7  eTotl = -635.36592512  eCore = -358.20512781  eCoul = 200.03016738  eExcl = -98.67572510  eNucl = -378.51523958  eDisp = 0.00000000
[ERROR] step = 7  engy error = -5.6211240462e-07  grad error =  0.0000000000e+00  dmat error =  3.1496161136e-04
Timer "SCF cycle: 7" used time: 1.449161 s.

[NELEC] step = 8  nelec = 128  neInt = 128.000000  dnelc = -1.4117773617e-08
[ENERG] step = 8  eTotl = -635.36592537  eCore = -358.20456842  eCoul = 200.02961196  eExcl = -98.67572933  eNucl = -378.51523958  eDisp = 0.00000000
[ERROR] step = 8  engy error = -2.5109795843e-07  grad error =  0.0000000000e+00  dmat error =  2.2496266084e-04
Timer "SCF cycle: 8" used time: 1.450592 s.

[NELEC] step = 9  nelec = 128  neInt = 128.000000  dnelc = -1.4119009961e-08
[ENERG] step = 9  eTotl = -635.36592538  eCore = -358.20455634  eCoul = 200.02956759  eExcl = -98.67569704  eNucl = -378.51523958  eDisp = 0.00000000
[ERROR] step = 9  engy error = -6.5967924456e-09  grad error =  0.0000000000e+00  dmat error =  3.2467694313e-05
Timer "SCF cycle: 9" used time: 1.460388 s.

[NELEC] step = 10  nelec = 128  neInt = 128.000000  dnelc = -1.4118555214e-08
[ENERG] step = 10  eTotl = -635.36592538  eCore = -358.20439699  eCoul = 200.02939184  eExcl = -98.67568065  eNucl = -378.51523958  eDisp = 0.00000000
[ERROR] step = 10  engy error = -7.7761797002e-11  grad error =  0.0000000000e+00  dmat error =  2.2596032085e-05
SCF converged in 10 steps.
[LSDF] xchg_d10: robust_mode=NONE, no V data -> full-grid FFT path
[GRADIENT] SCF type: GRKS | atoms: 16 | DOF: 48 | time: 160.306 s
  Atom   0:   1.1523811079e-03  -1.6260939202e-03  -9.2946147864e-04
  Atom   1:   2.1983915921e-02   9.9693890833e-03   7.2220916010e-03
  Atom   2:  -5.9476832713e-03  -2.7013342802e-03  -1.1819241627e-03
  Atom   3:  -2.6502642876e-03   4.6332343538e-04  -6.3566087136e-04
  Atom   4:  -5.1047839082e-03  -1.6342010606e-03  -1.4647541871e-03
  Atom   5:   6.5303620182e-04   6.0199658609e-04   3.8953086270e-04
  Atom   6:  -2.2345422849e-03  -1.2516503667e-03  -9.7630884578e-04
  Atom   7:  -3.1378516379e-03  -2.1759108540e-03  -1.5829540003e-03
  Atom   8:   1.1580739422e-03  -1.2985164229e-03  -7.0556656626e-04
  Atom   9:  -2.6942846938e-04   1.2587359819e-04   2.3152624202e-03
  Atom  10:   2.0146941697e-04   1.9886377302e-04   2.4962795409e-03
  Atom  11:  -2.9543511315e-03   4.2883358589e-04  -1.2744848892e-03
  Atom  12:  -1.5658133402e-04  -5.8940290445e-05   4.4600620966e-04
  Atom  13:   6.1124965664e-04   3.1599448144e-04  -1.7745903052e-04
  Atom  14:  -2.1872288057e-03  -7.6841978297e-04  -1.1921859552e-03
  Atom  15:  -5.2909735057e-05  -3.4323331047e-04   8.6671493056e-04
[OPT] step = 0  energy = -635.3659253762  dE =               N/A  grad_max =  2.1983915921e-02  grad_rms =  4.0363555907e-03
[OPT] Geometry optimization did not converge in 1 steps.
Kylin-PBC Done.
Timer "Kylin-PBC main" used time: 195.4576 s.
