Kylin-PBC: v1.0.0

System time = 2026-09-30 19:56:50

OMP threads = 32

KYLIN_PBC_ROOT = "/home/rudin/code/kylin-pbc"
KYLIN_SCR_PATH = "/tmp"
KYLIN_JOB_PATH = "/home/rudin/tmp-review-ionic/BN16/full/c15"

SCF.xcfun                      = HSE06
SCF.basis                      = dzvp-sr
SCF.psudo                      = gth-pbe
SCF.kmesh                      = 1 1 1
SCF.gmesh                      = 5.0e-01
SCF.ispin                      = OFF
SCF.dspin                      = 0
SCF.eps_engy                   = 3.7e-09 [AU]
SCF.eps_grad                   = 1.0e-05 [AU]
SCF.eps_dmat                   = 1.0e-03
SCF.chk_load                   = 
SCF.chk_save                   = 
SCF.scf_guess                  = ATOM
SCF.max_cycle                  = 200
SCF.vdw_method                 = NONE
SCF.coul_method                = MGDF
SCF.xchg_method                = LSDF
SCF.xchg_exxocc                = OFF
SCF.xchg_exxace                = NONE
SCF.xchg_robust                = FULL
SCF.xchg_exxdiv                = EWALD
SCF.xchg_dropG0                = ON
SCF.lsdf_cparam                = 15
SCF.lsdf_mparam                = 5
SCF.lsdf_ipslct                = QRCP
SCF.lsdf_chocut                = 1.0e-08
SCF.lsdf_atmcut                = 2.5e+01
SCF.lsdf_aovcut                = 1.0e-07
SCF.lsdf_swzcut                = 0.0e+00
SCF.lsdf_pnocut                = 0.0e+00
SCF.lsdf_nafcut                = 0.0e+00
SCF.mgdf_ntasks                = 4
SCF.mgdf_kratio                = 3.0e+00
SCF.mgdf_cutoff                = 3.0e+02 [AU]
SCF.mgdf_relcut                = 3.0e+01
SCF.mgdf_prprec                = 1.0e-14
SCF.dmx_mix_method             = NONE
SCF.dmx_mix_start              = 1
SCF.dmx_mix_space              = 8
SCF.dmx_mix_alpha              = 3.0e-01
SCF.rho_mix_method             = NONE
SCF.rho_mix_start              = 1
SCF.rho_mix_space              = 8
SCF.rho_mix_alpha              = 3.0e-01
SCF.hks_mix_method             = BROY
SCF.hks_mix_start              = 1
SCF.hks_mix_space              = 8
SCF.hks_mix_alpha              = 3.0e-01
SCF.damp_factor                = 0.0e+00
SCF.level_shift                = 0.0e+00 [AU]
SCF.smear_method               = NONE
SCF.smear_sigma                = 0.0e+00 [AU]
SCF.soc                        = OFF
SCF.soc_window                 = 1.8e+00 [AU]
SCF.print_bandgap              = OFF
SCF.print_time                 = OFF

OPT.opt_method                 = BFGS
OPT.max_cycle                  = 1
OPT.eps_engy                   = 4.0e-06 [AU]
OPT.eps_grad                   = 4.0e-04 [AU]
OPT.trust_limit                = 3.0e-01 [AU]
OPT.damp_factor                = 0.0e+00
OPT.opt_mix_method             = NONE
OPT.opt_mix_start              = 1
OPT.opt_mix_space              = 5
OPT.opt_mix_alpha              = 3.0e-01
OPT.neb_method                 = FIRE
OPT.neb_lclimb                 = ON
OPT.neb_interp                 = IDPP
OPT.neb_nimage                 = 5
OPT.neb_spring                 = 1.0e-02 [AU]
OPT.neb_maxstep                = 7.6e-02 [AU]

PROP.calculation               = NONE
FREQ.freq_method               = FREE2
FREQ.fd_stepsize               = 2.8e-02 [AU]
DOS.dos_method                 = GAUSS
DOS.dos_sigma                  = 3.7e-03 [AU]
DOS.dos_npoint                 = 1001
DOS.dos_emin                   = 0.0e+00 [AU]
DOS.dos_emax                   = 0.0e+00 [AU]

OPT.mdx_ensemble               = NVE
OPT.mdx_thermostat             = NHC
OPT.mdx_max_step               = 0
OPT.mdx_timestep               = 4.0e+01 [AU]
OPT.mdx_temperature            = 9.5e-04 [AU]
OPT.mdx_pressure               = 0.0e+00 [AU]
OPT.mdx_thermo_tau             = 4.0e+03 [AU]
OPT.mdx_baro_tau               = 2.0e+04 [AU]
OPT.mdx_nhc_length             = 3
OPT.mdx_nhc_mts                = 3
OPT.mdx_constraint             = OFF
OPT.mdx_constraint_tol         = 1.0e-10
OPT.mdx_rng_seed               = 42

K-points mesh = 1 1 1

xc functional: "HSE06"
is hybrid: YES
HFX coeff: 0.25

Basis Set Name: "dzvp-sr"
number of shell = 48
number of basis = 208
gmesh = 44 44 87

Pseudopotential Name: "gth-pbe"
number of valence electron = 64

OPT Calculation.

==============================================================
                   Geometry Optimization                      
==============================================================
  method      = BFGS
  max_cycle   = 1
  eps_engy    = 4.000000e-06
  eps_grad    = 4.000000e-04
  trust_limit = 0.300000
  natom       = 16
  nfree       = 48 / 48
==============================================================

--------------------------------------------------------------
  OPT step 0
--------------------------------------------------------------
[OPT] Cell structure (Angstrom):
       3.61500000       0.00000000       0.00000000
       0.00000000       3.61500000       0.00000000
       0.00000000       0.00000000       7.23000000

Cart
B          0.00000000       0.00000000       0.00000000   T T T
B          0.10000000       1.85750000       1.83750000   T T T
B          1.80750000       0.00000000       1.80750000   T T T
B          1.80750000       1.80750000       0.00000000   T T T
N          0.90375000       0.90375000       0.90375000   T T T
N          0.90375000       2.71125000       2.71125000   T T T
N          2.71125000       0.90375000       2.71125000   T T T
N          2.71125000       2.71125000       0.90375000   T T T
B          0.00000000       0.00000000       3.61500000   T T T
B          0.00000000       1.80750000       5.42250000   T T T
B          1.80750000       0.00000000       5.42250000   T T T
B          1.80750000       1.80750000       3.61500000   T T T
N          0.90375000       0.90375000       4.51875000   T T T
N          0.90375000       2.71125000       6.32625000   T T T
N          2.71125000       0.90375000       6.32625000   T T T
N          2.71125000       2.71125000       4.51875000   T T T

[OPT] Cell written to /home/rudin/tmp-review-ionic/BN16/full/c15/opt_img/cell_opt_0.txt
[LSDF] gmesh = (44, 44, 87), ngrid = 168432, naofn = 208, natom = 16
Timer "[LSDF] Voronoi partition" used time: 0.004301 s.
Timer "[LSDF] AO evaluation + screening" used time: 0.543567 s.
[LSDF] IP method: randomized QRCP (c=15, m=5)
[LSDF] total IPs selected: 3200 (1.8999% of grid)
Timer "[LSDF] IP selection" used time: 0.378641 s.
Timer "[LSDF] aux basis fitting" used time: 0.105386 s.
[LSDF] Step 5 diagnostics: natom=16, ngrid=168432, naux_total=3200
[LSDF]   OMP threads=32, MKL threads=32
[LSDF]   Vmat_loc total size: 3200 x 168432 = 4.02 GB
Timer "[LSDF]   5a Vmat_loc alloc+FFT" used time: 0.363810 s.
[LSDF]   W size: 3200 x 3200 = 78.12 MB, max_npart=10885
Timer "[LSDF]   5b W construction (DGEMM)" used time: 0.094878 s.
Timer "[LSDF]   5c Wmat symmetrize" used time: 0.004545 s.
[LSDF]   robust_mode=FULL: keeping Vmat_loc (4.02 GB) in atom ordering
Timer "[LSDF] V/W construction" used time: 0.463284 s.
[LSDF] xchg phases: A=0.000 s, B(K_W)=0.003 s, C(K_V)=0.158 s, E(reduce)=0.001 s
[NELEC] step = 0  nelec = 64  neInt = 64.000000  dnelc =  2.2468498173e-09
[ENERG] step = 0  eTotl = -105.01633693  eCore = 18.41671619  eCoul = 12.41189606  eExcl = -30.51140867  eNucl = -105.33354051  eDisp = 0.00000000
[ERROR] step = 0  engy error =  0.0000000000e+00  grad error =  0.0000000000e+00  dmat error =  0.0000000000e+00
Timer "SCF cycle: 0" used time: 0.582496 s.

[LSDF] xchg phases: A=0.000 s, B(K_W)=0.003 s, C(K_V)=0.158 s, E(reduce)=0.001 s
[NELEC] step = 1  nelec = 64  neInt = 64.000000  dnelc =  2.9623663522e-09
[ENERG] step = 1  eTotl = -102.55411069  eCore = 16.50430156  eCoul = 16.77778782  eExcl = -30.50265956  eNucl = -105.33354051  eDisp = 0.00000000
[ERROR] step = 1  engy error =  2.4622262413e+00  grad error =  0.0000000000e+00  dmat error =  1.6189594171e+00
Timer "SCF cycle: 1" used time: 0.553789 s.

[LSDF] xchg phases: A=0.000 s, B(K_W)=0.003 s, C(K_V)=0.152 s, E(reduce)=0.001 s
[NELEC] step = 2  nelec = 64  neInt = 64.000000  dnelc =  3.0370728155e-09
[ENERG] step = 2  eTotl = -102.66305094  eCore = 17.32889240  eCoul = 15.51811979  eExcl = -30.17652262  eNucl = -105.33354051  eDisp = 0.00000000
[ERROR] step = 2  engy error = -1.0894025400e-01  grad error =  0.0000000000e+00  dmat error =  1.1233315891e-01
Timer "SCF cycle: 2" used time: 0.543666 s.

[LSDF] xchg phases: A=0.000 s, B(K_W)=0.003 s, C(K_V)=0.197 s, E(reduce)=0.001 s
[NELEC] step = 3  nelec = 64  neInt = 64.000000  dnelc =  3.0920404015e-09
[ENERG] step = 3  eTotl = -102.67420777  eCore = 18.22779126  eCoul = 14.29321974  eExcl = -29.86167825  eNucl = -105.33354051  eDisp = 0.00000000
[ERROR] step = 3  engy error = -1.1156826230e-02  grad error =  0.0000000000e+00  dmat error =  1.3473030065e-01
Timer "SCF cycle: 3" used time: 0.589953 s.

[LSDF] xchg phases: A=0.000 s, B(K_W)=0.003 s, C(K_V)=0.152 s, E(reduce)=0.001 s
[NELEC] step = 4  nelec = 64  neInt = 64.000000  dnelc =  3.1037501458e-09
[ENERG] step = 4  eTotl = -102.68452965  eCore = 17.90640530  eCoul = 14.71681519  eExcl = -29.97420962  eNucl = -105.33354051  eDisp = 0.00000000
[ERROR] step = 4  engy error = -1.0321882230e-02  grad error =  0.0000000000e+00  dmat error =  2.9121859110e-02
Timer "SCF cycle: 4" used time: 0.543497 s.

[LSDF] xchg phases: A=0.000 s, B(K_W)=0.003 s, C(K_V)=0.174 s, E(reduce)=0.001 s
[NELEC] step = 5  nelec = 64  neInt = 64.000000  dnelc =  3.1056401895e-09
[ENERG] step = 5  eTotl = -102.68516977  eCore = 17.80568518  eCoul = 14.85289430  eExcl = -30.01020874  eNucl = -105.33354051  eDisp = 0.00000000
[ERROR] step = 5  engy error = -6.4012168669e-04  grad error =  0.0000000000e+00  dmat error =  9.8497801913e-03
Timer "SCF cycle: 5" used time: 0.567310 s.

[LSDF] xchg phases: A=0.000 s, B(K_W)=0.003 s, C(K_V)=0.152 s, E(reduce)=0.001 s
[NELEC] step = 6  nelec = 64  neInt = 64.000000  dnelc =  3.1059528283e-09
[ENERG] step = 6  eTotl = -102.68517254  eCore = 17.80519545  eCoul = 14.85359682  eExcl = -30.01042429  eNucl = -105.33354051  eDisp = 0.00000000
[ERROR] step = 6  engy error = -2.7716264839e-06  grad error =  0.0000000000e+00  dmat error =  9.4528909943e-04
Timer "SCF cycle: 6" used time: 0.545689 s.

[LSDF] xchg phases: A=0.000 s, B(K_W)=0.003 s, C(K_V)=0.180 s, E(reduce)=0.001 s
[NELEC] step = 7  nelec = 64  neInt = 64.000000  dnelc =  3.1064359973e-09
[ENERG] step = 7  eTotl = -102.68517395  eCore = 17.80528864  eCoul = 14.85353338  eExcl = -30.01045546  eNucl = -105.33354051  eDisp = 0.00000000
[ERROR] step = 7  engy error = -1.4094763543e-06  grad error =  0.0000000000e+00  dmat error =  1.1934271204e-03
Timer "SCF cycle: 7" used time: 0.576055 s.

[NELEC] step = 8  nelec = 64  neInt = 64.000000  dnelc =  3.1063933648e-09
[ENERG] step = 8  eTotl = -102.68517400  eCore = 17.80547314  eCoul = 14.85329493  eExcl = -30.01040155  eNucl = -105.33354051  eDisp = 0.00000000
[ERROR] step = 8  engy error = -4.5211280053e-08  grad error =  0.0000000000e+00  dmat error =  1.7408126710e-04
Timer "SCF cycle: 8" used time: 0.557363 s.

[NELEC] step = 9  nelec = 64  neInt = 64.000000  dnelc =  3.1064217865e-09
[ENERG] step = 9  eTotl = -102.68517400  eCore = 17.80546448  eCoul = 14.85330987  eExcl = -30.01040784  eNucl = -105.33354051  eDisp = 0.00000000
[ERROR] step = 9  engy error = -4.1860062083e-09  grad error =  0.0000000000e+00  dmat error =  5.0345324463e-05
Timer "SCF cycle: 9" used time: 0.637199 s.

[NELEC] step = 10  nelec = 64  neInt = 64.000000  dnelc =  3.1063649431e-09
[ENERG] step = 10  eTotl = -102.68517400  eCore = 17.80545672  eCoul = 14.85332048  eExcl = -30.01041068  eNucl = -105.33354051  eDisp = 0.00000000
[ERROR] step = 10  engy error = -1.4212275801e-10  grad error =  0.0000000000e+00  dmat error =  3.2811446520e-06
SCF converged in 10 steps.
[LSDF] xchg_d10: ISDF-robust path (K_V + K_V~ - K_IP)
[GRADIENT] SCF type: GRKS | atoms: 16 | DOF: 48 | time: 32.644 s
  Atom   0:   5.9019097421e-03  -2.4574632741e-03  -2.2292880666e-03
  Atom   1:   6.6161627827e-02   3.7415201811e-02   2.5909828637e-02
  Atom   2:  -1.2284837992e-02  -6.0494272459e-03   4.1775924422e-03
  Atom   3:  -7.4767231249e-03   1.7601540824e-03  -1.9056398451e-03
  Atom   4:  -9.0136761665e-03  -3.4884652413e-03  -4.1805756402e-03
  Atom   5:  -2.1717634006e-02  -1.7086224507e-02  -1.2293849284e-02
  Atom   6:  -1.0500461258e-02  -7.8181161340e-03  -4.6974342673e-03
  Atom   7:  -9.7514704863e-03  -1.6582220355e-03  -3.8706038618e-03
  Atom   8:   7.6081820924e-03  -6.0793492454e-03  -1.9695983601e-03
  Atom   9:   2.1587536302e-03   1.0671288035e-03  -9.5163093200e-04
  Atom  10:  -2.1693530176e-03  -1.0943816997e-03  -1.1032896566e-03
  Atom  11:  -9.6902521443e-03   5.1602294464e-03  -2.3269814482e-03
  Atom  12:   3.7918628351e-04   8.1782361821e-05   2.0012274728e-03
  Atom  13:  -5.1370584105e-04  -6.8466047048e-04  -6.1058111146e-04
  Atom  14:   1.8545130153e-07  -8.5243051866e-04   3.3798329987e-03
  Atom  15:   8.2447937912e-04   1.7879191920e-03   7.0239751247e-04
[OPT] step = 0  energy = -102.6851740014  dE =               N/A  grad_max =  6.6161627827e-02  grad_rms =  1.3192630946e-02
[OPT] Geometry optimization did not converge in 1 steps.
Kylin-PBC Done.
Timer "Kylin-PBC main" used time: 41.80129 s.
