#INFO: **** input file is /home/rudin/code/kylin-pbc/art/example/extern/CsI-PBE-gamma-pyscf-FFTDF/run-pyscf.py ****
#!/usr/bin/env python3
# PySCF input for CsI-PBE-gamma (external benchmark)
# Engine: FFTDF (default with_df); basis/pseudo match kylin & CP2K.
# NOTE: verify 'gth-dzvp-molopt-sr' / 'gth-pbe' cover Cs and I in your
#       PySCF install; heavy elements may need an explicit basis/pseudo dict.
import time, os
import pyscf.pbc.gto as pbcgto
import pyscf.pbc.dft as pbcdft

tic = time.time()

cell = pbcgto.Cell()
cell.a = """
        4.5670000000     0.0000000000     0.0000000000
        0.0000000000     4.5670000000     0.0000000000
        0.0000000000     0.0000000000     4.5670000000
"""
cell.atom = """
    Cs      0.0000000000     0.0000000000     0.0000000000
    I       2.2835000000     2.2835000000     2.2835000000
"""
cell.basis = "gth-dzvp-molopt-sr"
cell.pseudo = "gth-pbe"
cell.unit = "A"
cell.precision = 1e-10
cell.verbose = 4
cell.build()

kpts = cell.make_kpts([1, 1, 1])
kmf = pbcdft.KRKS(cell, kpts)
kmf.xc = "PBE"
kmf.max_cycle = 200
kmf.conv_tol = 1e-7
etot = kmf.kernel()
print("E_tot (Ha) =", etot)

# approximate band gap from k-point eigenvalues
try:
    homo = max(kmf.mo_energy[i][kmf.mo_occ[i] > 0].max() for i in range(len(kpts)))
    lumo = min(kmf.mo_energy[i][kmf.mo_occ[i] == 0].min() for i in range(len(kpts)))
    print("Band gap (eV) =", (lumo - homo) * 27.211386245988)
except Exception as ex:
    print("gap calc skipped:", ex)

print("wall time (s):", time.time() - tic)
print("OMP_NUM_THREADS:", os.getenv("OMP_NUM_THREADS", "not set"))
#INFO: ******************** input file end ********************


System: uname_result(system='Linux', node='cu01', release='5.15.0-139-generic', version='#149-Ubuntu SMP Fri Apr 11 22:06:13 UTC 2025', machine='x86_64')  Threads 32
Python 3.12.7 | packaged by Anaconda, Inc. | (main, Oct  4 2024, 13:27:36) [GCC 11.2.0]
numpy 2.4.2  scipy 1.17.0  h5py 3.15.1
Date: Tue Jun 23 16:45:08 2026
PySCF version 2.12.0
PySCF path  /software/Applications/pyscf/pyscf-2.12.0/pyscf

[CONFIG] conf_file None
[INPUT] verbose = 4
[INPUT] num. atoms = 2
[INPUT] num. electrons = 16
[INPUT] charge = 0
[INPUT] spin (= nelec alpha-beta = 2S) = 0
[INPUT] symmetry False subgroup None
[INPUT] Mole.unit = A
[INPUT] Symbol           X                Y                Z      unit          X                Y                Z       unit  Magmom
[INPUT]  1 Cs     0.000000000000   0.000000000000   0.000000000000 AA    0.000000000000   0.000000000000   0.000000000000 Bohr   0.0
[INPUT]  2 I      2.283500000000   2.283500000000   2.283500000000 AA    4.315189605444   4.315189605444   4.315189605444 Bohr   0.0

nuclear repulsion = -27.2231725323938
number of shells = 6
number of NR pGTOs = 99
number of NR cGTOs = 27
basis = gth-dzvp-molopt-sr
ecp = {}
CPU time:         7.29
lattice vectors  a1 [8.630379211, 0.000000000, 0.000000000]
                 a2 [0.000000000, 8.630379211, 0.000000000]
                 a3 [0.000000000, 0.000000000, 8.630379211]
dimension = 3
low_dim_ft_type = None
Cell volume = 642.82
rcut = 49.83011722780598 (nimgs = [6 6 6])
precision = 1e-10
pseudo = gth-pbe
ke_cutoff = 135.83727523940362
    = [47 47 47] mesh (103823 PWs)


******** <class 'pyscf.pbc.dft.krks.KRKS'> ********
method = KRKS
initial guess = minao
damping factor = 0
level_shift factor = 0
DIIS = <class 'pyscf.scf.diis.CDIIS'>
diis_start_cycle = 1
diis_space = 8
diis_damp = 0
SCF conv_tol = 1e-07
SCF conv_tol_grad = None
SCF max_cycles = 200
direct_scf = True
direct_scf_tol = 1e-13
chkfile to save SCF result = /tmp/tmpb1bi5r_q
max_memory 4000 MB (current use 130 MB)


******** PBC SCF flags ********
N kpts = 1
Exchange divergence treatment (exxdiv) = ewald
    madelung (= occupied orbital energy shift) = 0.32875698855745583
    Total energy shift due to Ewald probe charge = -1/2 * Nelec*madelung = -2.63005590846
DF object = <pyscf.pbc.df.fft.FFTDF object at 0x7f18193d7680>
XC functionals = PBE
small_rho_cutoff = 1e-07
Uniform grid, mesh = [47 47 47]
Set gradient conv threshold to 0.000316228
nelec by numeric integration = 16.000000000000036
init E= -30.2615222564745
HOMO = 0.12415521427  LUMO = 0.185433560725
nelec by numeric integration = 15.999999999999815
cycle= 1 E= -31.422893530384  delta_E= -1.16  |g|= 0.654  |ddm|= 64.6
HOMO = 0.156351770583  LUMO = 0.286903924094
nelec by numeric integration = 16.00000000000002
cycle= 2 E= -31.5514011567387  delta_E= -0.129  |g|= 0.217  |ddm|= 61.4
HOMO = 0.144446485551  LUMO = 0.273630563007
nelec by numeric integration = 16.000000000000032
cycle= 3 E= -31.5671038942342  delta_E= -0.0157  |g|= 0.00325  |ddm|= 7.91
HOMO = 0.144325969754  LUMO = 0.274254702104
nelec by numeric integration = 16.00000000000002
cycle= 4 E= -31.5671074541244  delta_E= -3.56e-06  |g|= 0.000597  |ddm|= 0.126
HOMO = 0.144485258371  LUMO = 0.274277146792
nelec by numeric integration = 16.000000000000036
cycle= 5 E= -31.5671076228957  delta_E= -1.69e-07  |g|= 2.73e-05  |ddm|= 0.00583
HOMO = 0.14448005199  LUMO = 0.274274510737
nelec by numeric integration = 16.00000000000003
cycle= 6 E= -31.567107623201  delta_E= -3.05e-10  |g|= 3.57e-07  |ddm|= 0.000223
HOMO = 0.144479916074  LUMO = 0.274274447227
nelec by numeric integration = 16.000000000000036
Extra cycle  E= -31.567107623201  delta_E= -2.49e-14  |g|= 2.07e-07  |ddm|= 6.49e-06
converged SCF energy = -31.567107623201
E_tot (Ha) = -31.56710762320098
Band gap (eV) = 3.531889119827834
wall time (s): 11.65837836265564
OMP_NUM_THREADS: 32
