Kylin-PBC: v1.0.0

System time = 2026-09-30 19:55:38

OMP threads = 32

KYLIN_PBC_ROOT = "/home/rudin/code/kylin-pbc"
KYLIN_SCR_PATH = "/tmp"
KYLIN_JOB_PATH = "/home/rudin/tmp-review-ionic/MgO16/full/c20"

SCF.xcfun                      = HSE06
SCF.basis                      = dzvp-sr
SCF.psudo                      = gth-pbe
SCF.kmesh                      = 1 1 1
SCF.gmesh                      = 5.0e-01
SCF.ispin                      = OFF
SCF.dspin                      = 0
SCF.eps_engy                   = 3.7e-09 [AU]
SCF.eps_grad                   = 1.0e-05 [AU]
SCF.eps_dmat                   = 1.0e-03
SCF.chk_load                   = 
SCF.chk_save                   = 
SCF.scf_guess                  = ATOM
SCF.max_cycle                  = 200
SCF.vdw_method                 = NONE
SCF.coul_method                = MGDF
SCF.xchg_method                = LSDF
SCF.xchg_exxocc                = OFF
SCF.xchg_exxace                = NONE
SCF.xchg_robust                = FULL
SCF.xchg_exxdiv                = EWALD
SCF.xchg_dropG0                = ON
SCF.lsdf_cparam                = 20
SCF.lsdf_mparam                = 5
SCF.lsdf_ipslct                = QRCP
SCF.lsdf_chocut                = 1.0e-08
SCF.lsdf_atmcut                = 2.5e+01
SCF.lsdf_aovcut                = 1.0e-07
SCF.lsdf_swzcut                = 0.0e+00
SCF.lsdf_pnocut                = 0.0e+00
SCF.lsdf_nafcut                = 0.0e+00
SCF.mgdf_ntasks                = 4
SCF.mgdf_kratio                = 3.0e+00
SCF.mgdf_cutoff                = 3.0e+02 [AU]
SCF.mgdf_relcut                = 3.0e+01
SCF.mgdf_prprec                = 1.0e-14
SCF.dmx_mix_method             = NONE
SCF.dmx_mix_start              = 1
SCF.dmx_mix_space              = 8
SCF.dmx_mix_alpha              = 3.0e-01
SCF.rho_mix_method             = NONE
SCF.rho_mix_start              = 1
SCF.rho_mix_space              = 8
SCF.rho_mix_alpha              = 3.0e-01
SCF.hks_mix_method             = BROY
SCF.hks_mix_start              = 1
SCF.hks_mix_space              = 8
SCF.hks_mix_alpha              = 3.0e-01
SCF.damp_factor                = 0.0e+00
SCF.level_shift                = 0.0e+00 [AU]
SCF.smear_method               = NONE
SCF.smear_sigma                = 0.0e+00 [AU]
SCF.soc                        = OFF
SCF.soc_window                 = 1.8e+00 [AU]
SCF.print_bandgap              = OFF
SCF.print_time                 = OFF

OPT.opt_method                 = BFGS
OPT.max_cycle                  = 1
OPT.eps_engy                   = 4.0e-06 [AU]
OPT.eps_grad                   = 4.0e-04 [AU]
OPT.trust_limit                = 3.0e-01 [AU]
OPT.damp_factor                = 0.0e+00
OPT.opt_mix_method             = NONE
OPT.opt_mix_start              = 1
OPT.opt_mix_space              = 5
OPT.opt_mix_alpha              = 3.0e-01
OPT.neb_method                 = FIRE
OPT.neb_lclimb                 = ON
OPT.neb_interp                 = IDPP
OPT.neb_nimage                 = 5
OPT.neb_spring                 = 1.0e-02 [AU]
OPT.neb_maxstep                = 7.6e-02 [AU]

PROP.calculation               = NONE
FREQ.freq_method               = FREE2
FREQ.fd_stepsize               = 2.8e-02 [AU]
DOS.dos_method                 = GAUSS
DOS.dos_sigma                  = 3.7e-03 [AU]
DOS.dos_npoint                 = 1001
DOS.dos_emin                   = 0.0e+00 [AU]
DOS.dos_emax                   = 0.0e+00 [AU]

OPT.mdx_ensemble               = NVE
OPT.mdx_thermostat             = NHC
OPT.mdx_max_step               = 0
OPT.mdx_timestep               = 4.0e+01 [AU]
OPT.mdx_temperature            = 9.5e-04 [AU]
OPT.mdx_pressure               = 0.0e+00 [AU]
OPT.mdx_thermo_tau             = 4.0e+03 [AU]
OPT.mdx_baro_tau               = 2.0e+04 [AU]
OPT.mdx_nhc_length             = 3
OPT.mdx_nhc_mts                = 3
OPT.mdx_constraint             = OFF
OPT.mdx_constraint_tol         = 1.0e-10
OPT.mdx_rng_seed               = 42

K-points mesh = 1 1 1

xc functional: "HSE06"
is hybrid: YES
HFX coeff: 0.25

Basis Set Name: "dzvp-sr"
number of shell = 40
number of basis = 176
gmesh = 98 98 195

Pseudopotential Name: "gth-pbe"
number of valence electron = 128

OPT Calculation.

==============================================================
                   Geometry Optimization                      
==============================================================
  method      = BFGS
  max_cycle   = 1
  eps_engy    = 4.000000e-06
  eps_grad    = 4.000000e-04
  trust_limit = 0.300000
  natom       = 16
  nfree       = 48 / 48
==============================================================

--------------------------------------------------------------
  OPT step 0
--------------------------------------------------------------
[OPT] Cell structure (Angstrom):
       4.21700000       0.00000000       0.00000000
       0.00000000       4.21700000       0.00000000
       0.00000000       0.00000000       8.43400000

Cart
Mg         0.00000000       0.00000000       0.00000000   T T T
Mg         0.10000000       2.15850000       2.13850000   T T T
Mg         2.10850000       0.00000000       2.10850000   T T T
Mg         2.10850000       2.10850000       0.00000000   T T T
O          2.10850000       2.10850000       2.10850000   T T T
O          2.10850000       4.21700000       4.21700000   T T T
O          4.21700000       2.10850000       4.21700000   T T T
O          4.21700000       4.21700000       2.10850000   T T T
Mg         0.00000000       0.00000000       4.21700000   T T T
Mg         0.00000000       2.10850000       6.32550000   T T T
Mg         2.10850000       0.00000000       6.32550000   T T T
Mg         2.10850000       2.10850000       4.21700000   T T T
O          2.10850000       2.10850000       6.32550000   T T T
O          2.10850000       4.21700000       8.43400000   T T T
O          4.21700000       2.10850000       8.43400000   T T T
O          4.21700000       4.21700000       6.32550000   T T T

[OPT] Cell written to /home/rudin/tmp-review-ionic/MgO16/full/c20/opt_img/cell_opt_0.txt
[LSDF] gmesh = (98, 98, 195), ngrid = 1872780, naofn = 176, natom = 16
Timer "[LSDF] Voronoi partition" used time: 0.022482 s.
Timer "[LSDF] AO evaluation + screening" used time: 4.574993 s.
[LSDF] IP method: randomized QRCP (c=20, m=5)
[LSDF] total IPs selected: 3600 (0.1922% of grid)
Timer "[LSDF] IP selection" used time: 12.12143 s.
Timer "[LSDF] aux basis fitting" used time: 2.944675 s.
[LSDF] Step 5 diagnostics: natom=16, ngrid=1872780, naux_total=3600
[LSDF]   OMP threads=32, MKL threads=32
[LSDF]   Vmat_loc total size: 3600 x 1872780 = 50.23 GB
Timer "[LSDF]   5a Vmat_loc alloc+FFT" used time: 4.281281 s.
[LSDF]   W size: 3600 x 3600 = 98.88 MB, max_npart=118186
Timer "[LSDF]   5b W construction (DGEMM)" used time: 0.695559 s.
Timer "[LSDF]   5c Wmat symmetrize" used time: 0.005559 s.
[LSDF]   robust_mode=FULL: keeping Vmat_loc (50.23 GB) in atom ordering
Timer "[LSDF] V/W construction" used time: 4.982497 s.
[LSDF] xchg phases: A=0.000 s, B(K_W)=0.008 s, C(K_V)=5.013 s, E(reduce)=0.000 s
[NELEC] step = 0  nelec = 128  neInt = 128.000000  dnelc = -3.6099123690e-09
[ENERG] step = 0  eTotl = -635.53098226  eCore = -337.00186663  eCoul = 174.38894144  eExcl = -94.40281749  eNucl = -378.51523958  eDisp = 0.00000000
[ERROR] step = 0  engy error =  0.0000000000e+00  grad error =  0.0000000000e+00  dmat error =  0.0000000000e+00
Timer "SCF cycle: 0" used time: 6.563975 s.

[LSDF] xchg phases: A=0.000 s, B(K_W)=0.007 s, C(K_V)=2.739 s, E(reduce)=0.002 s
[NELEC] step = 1  nelec = 128  neInt = 128.000000  dnelc = -1.8321529183e-08
[ENERG] step = 1  eTotl = -634.35867744  eCore = -366.69514091  eCoul = 212.72479196  eExcl = -101.87308891  eNucl = -378.51523958  eDisp = 0.00000000
[ERROR] step = 1  engy error =  1.1723048200e+00  grad error =  0.0000000000e+00  dmat error =  1.5802231950e+00
Timer "SCF cycle: 1" used time: 4.293123 s.

[LSDF] xchg phases: A=0.001 s, B(K_W)=0.008 s, C(K_V)=3.344 s, E(reduce)=0.000 s
[NELEC] step = 2  nelec = 128  neInt = 128.000000  dnelc = -1.8862252205e-08
[ENERG] step = 2  eTotl = -635.17875797  eCore = -362.43018624  eCoul = 205.69259480  eExcl = -99.92592695  eNucl = -378.51523958  eDisp = 0.00000000
[ERROR] step = 2  engy error = -8.2008052908e-01  grad error =  0.0000000000e+00  dmat error =  2.0801676156e-01
Timer "SCF cycle: 2" used time: 4.820697 s.

[LSDF] xchg phases: A=0.000 s, B(K_W)=0.008 s, C(K_V)=3.540 s, E(reduce)=0.000 s
[NELEC] step = 3  nelec = 128  neInt = 128.000000  dnelc = -1.6024060301e-08
[ENERG] step = 3  eTotl = -635.30522051  eCore = -358.12197050  eCoul = 199.76325729  eExcl = -98.43126772  eNucl = -378.51523958  eDisp = 0.00000000
[ERROR] step = 3  engy error = -1.2646254240e-01  grad error =  0.0000000000e+00  dmat error =  2.6427351421e-01
Timer "SCF cycle: 3" used time: 4.969847 s.

[LSDF] xchg phases: A=0.000 s, B(K_W)=0.008 s, C(K_V)=3.355 s, E(reduce)=0.000 s
[NELEC] step = 4  nelec = 128  neInt = 128.000000  dnelc = -1.3421058043e-08
[ENERG] step = 4  eTotl = -635.32706701  eCore = -357.76602642  eCoul = 199.46286995  eExcl = -98.50867095  eNucl = -378.51523958  eDisp = 0.00000000
[ERROR] step = 4  engy error = -2.1846494909e-02  grad error =  0.0000000000e+00  dmat error =  7.8943635588e-02
Timer "SCF cycle: 4" used time: 4.803072 s.

[LSDF] xchg phases: A=0.000 s, B(K_W)=0.008 s, C(K_V)=3.331 s, E(reduce)=0.000 s
[NELEC] step = 5  nelec = 128  neInt = 128.000000  dnelc = -1.4376979607e-08
[ENERG] step = 5  eTotl = -635.32843989  eCore = -358.27101713  eCoul = 200.10816319  eExcl = -98.65034637  eNucl = -378.51523958  eDisp = 0.00000000
[ERROR] step = 5  engy error = -1.3728888165e-03  grad error =  0.0000000000e+00  dmat error =  3.6472423049e-02
Timer "SCF cycle: 5" used time: 4.769148 s.

[LSDF] xchg phases: A=0.000 s, B(K_W)=0.008 s, C(K_V)=3.776 s, E(reduce)=0.000 s
[NELEC] step = 6  nelec = 128  neInt = 128.000000  dnelc = -1.4317237174e-08
[ENERG] step = 6  eTotl = -635.32845479  eCore = -358.22990134  eCoul = 200.05573447  eExcl = -98.63904834  eNucl = -378.51523958  eDisp = 0.00000000
[ERROR] step = 6  engy error = -1.4894687979e-05  grad error =  0.0000000000e+00  dmat error =  3.0433416586e-03
Timer "SCF cycle: 6" used time: 5.230837 s.

[LSDF] xchg phases: A=0.000 s, B(K_W)=0.009 s, C(K_V)=2.589 s, E(reduce)=0.000 s
[NELEC] step = 7  nelec = 128  neInt = 128.000000  dnelc = -1.4318274566e-08
[ENERG] step = 7  eTotl = -635.32845531  eCore = -358.22739335  eCoul = 200.05253559  eExcl = -98.63835797  eNucl = -378.51523958  eDisp = 0.00000000
[ERROR] step = 7  engy error = -5.2443908771e-07  grad error =  0.0000000000e+00  dmat error =  2.5694654033e-04
Timer "SCF cycle: 7" used time: 4.033076 s.

[NELEC] step = 8  nelec = 128  neInt = 128.000000  dnelc = -1.4322552033e-08
[ENERG] step = 8  eTotl = -635.32845555  eCore = -358.22681106  eCoul = 200.05193094  eExcl = -98.63833585  eNucl = -378.51523958  eDisp = 0.00000000
[ERROR] step = 8  engy error = -2.3700863494e-07  grad error =  0.0000000000e+00  dmat error =  2.2637155854e-04
Timer "SCF cycle: 8" used time: 4.056920 s.

[NELEC] step = 9  nelec = 128  neInt = 128.000000  dnelc = -1.4323717323e-08
[ENERG] step = 9  eTotl = -635.32845556  eCore = -358.22678692  eCoul = 200.05186920  eExcl = -98.63829825  eNucl = -378.51523958  eDisp = 0.00000000
[ERROR] step = 9  engy error = -7.1058821050e-09  grad error =  0.0000000000e+00  dmat error =  4.3595200881e-05
Timer "SCF cycle: 9" used time: 4.021144 s.

[NELEC] step = 10  nelec = 128  neInt = 128.000000  dnelc = -1.4323347841e-08
[ENERG] step = 10  eTotl = -635.32845556  eCore = -358.22663702  eCoul = 200.05170580  eExcl = -98.63828476  eNucl = -378.51523958  eDisp = 0.00000000
[ERROR] step = 10  engy error = -1.7803358787e-10  grad error =  0.0000000000e+00  dmat error =  2.1306478540e-05
SCF converged in 10 steps.
[LSDF] xchg_d10: ISDF-robust path (K_V + K_V~ - K_IP)
[GRADIENT] SCF type: GRKS | atoms: 16 | DOF: 48 | time: 34.229 s
  Atom   0:   1.2046147357e-04  -6.4701199754e-04  -1.3293624166e-04
  Atom   1:   2.1648259826e-02   9.9478057622e-03   7.2020201937e-03
  Atom   2:  -5.8728824395e-03  -2.8496930061e-03  -1.4948903320e-03
  Atom   3:  -1.4988174014e-03   2.2382998510e-04  -3.9639731769e-04
  Atom   4:  -5.1180216455e-03  -1.4567074600e-03  -1.3618014644e-03
  Atom   5:   6.5064411869e-04   3.1958248731e-04   2.2028633896e-04
  Atom   6:  -1.9802360919e-03  -9.7745711336e-04  -8.2429835765e-04
  Atom   7:  -3.0536755419e-03  -2.1798931079e-03  -1.4049611482e-03
  Atom   8:   1.1385797917e-03  -1.5739942584e-03  -1.1379679132e-03
  Atom   9:  -4.1753299321e-04  -1.4094367555e-04   1.8936337048e-03
  Atom  10:   2.9854488992e-04   1.3998165453e-04   2.4603925089e-03
  Atom  11:  -3.3402844036e-03   4.0440268231e-04  -1.1664766298e-03
  Atom  12:  -2.2834572380e-04   3.8679998711e-05   5.0203057590e-04
  Atom  13:   6.0077907533e-04   2.9892659476e-04   3.1339056080e-05
  Atom  14:  -1.9140349463e-03  -9.9002848136e-04  -6.9883886871e-04
  Atom  15:   1.0839792292e-04  -1.0477402451e-04   4.9226601481e-04
[OPT] step = 0  energy = -635.3284555582  dE =               N/A  grad_max =  2.1648259826e-02  grad_rms =  3.9618606062e-03
[OPT] Geometry optimization did not converge in 1 steps.
Kylin-PBC Done.
Timer "Kylin-PBC main" used time: 116.9094 s.
