[MGDF_DIAG] gmesh = 98 98 195  (ngrid=1872780)
[MGDF_DIAG] level 0  mesh=13 13 25  ngrid=4225  tasks=18611
[MGDF_DIAG] level 1  mesh=23 23 43  ngrid=22747  tasks=9968
[MGDF_DIAG] level 2  mesh=37 37 73  ngrid=99937  tasks=8258
[MGDF_DIAG] level 3  mesh=98 98 195  ngrid=1872780  tasks=13145
[MGDF_DIAG] atom_pairs_kept=49982  rejected: atom=54638 set=0 pgf=375347 radius=357
[MGDF_DIAG] max_pair_radius=17.8814  max_pgf_rcut=15.9595  total_pairs=49982  precision_colloc=1e-14  precision_screen=1e-07
OMP: Warning #226: KMP_AFFINITY must be set prior to first parallel region or certain API calls; ignored.
  [bwd-lev0] integ=0.019098s  tasks=18611  us/pair=32.8374  grid=0.0322342MB
  [bwd-lev1] integ=0.010819s  tasks=9968  us/pair=34.7318  grid=0.173546MB
  [bwd-lev2] integ=0.021302s  tasks=8258  us/pair=82.5458  grid=0.762459MB
  [bwd-lev3] integ=0.0296991s  tasks=13145  us/pair=72.299  grid=14.2882MB
  [bwd] fft=0.025877s  integ=0.0809181s  reduce=9.20296e-05s
  [fwd-lev0] colloc=0.0195749s  tasks=18611  us/pair=33.6573  grid=0.0322342MB
  [fwd-lev1] colloc=0.00891018s  tasks=9968  us/pair=28.6041  grid=0.173546MB
  [fwd-lev2] colloc=0.00721693s  tasks=8258  us/pair=27.9658  grid=0.762459MB
  [fwd-lev3] colloc=0.047379s  tasks=13145  us/pair=115.339  grid=14.2882MB
  [fwd] colloc=0.083081s  reduce=0.00226688s  fft=0.0112262s
  [bwd-lev0] integ=0.0568628s  tasks=18611  us/pair=97.7707  grid=0.0322342MB
  [bwd-lev1] integ=0.0249269s  tasks=9968  us/pair=80.0222  grid=0.173546MB
  [bwd-lev2] integ=0.026355s  tasks=8258  us/pair=102.127  grid=0.762459MB
  [bwd-lev3] integ=0.049319s  tasks=13145  us/pair=120.062  grid=14.2882MB
  [bwd] fft=0.034528s  integ=0.157464s  reduce=0.000108004s
  [fwd-lev0] colloc=0.019614s  tasks=18611  us/pair=33.7245  grid=0.0322342MB
  [fwd-lev1] colloc=0.00883102s  tasks=9968  us/pair=28.35  grid=0.173546MB
  [fwd-lev2] colloc=0.00682783s  tasks=8258  us/pair=26.4581  grid=0.762459MB
  [fwd-lev3] colloc=0.0384409s  tasks=13145  us/pair=93.5801  grid=14.2882MB
  [fwd] colloc=0.0737138s  reduce=0.00276017s  fft=0.0219507s
  [bwd-lev0] integ=0.056555s  tasks=18611  us/pair=97.2415  grid=0.0322342MB
  [bwd-lev1] integ=0.0254581s  tasks=9968  us/pair=81.7274  grid=0.173546MB
  [bwd-lev2] integ=0.050544s  tasks=8258  us/pair=195.86  grid=0.762459MB
  [bwd-lev3] integ=0.0457418s  tasks=13145  us/pair=111.353  grid=14.2882MB
  [bwd] fft=0.0596089s  integ=0.178299s  reduce=0.000100851s
  [fwd-lev0] colloc=0.019557s  tasks=18611  us/pair=33.6266  grid=0.0322342MB
  [fwd-lev1] colloc=0.00885701s  tasks=9968  us/pair=28.4334  grid=0.173546MB
  [fwd-lev2] colloc=0.00690389s  tasks=8258  us/pair=26.7528  grid=0.762459MB
  [fwd-lev3] colloc=0.0288751s  tasks=13145  us/pair=70.2932  grid=14.2882MB
  [fwd] colloc=0.064193s  reduce=0.00220203s  fft=0.0115671s
  [bwd-lev0] integ=0.0562561s  tasks=18611  us/pair=96.7274  grid=0.0322342MB
  [bwd-lev1] integ=0.024961s  tasks=9968  us/pair=80.1316  grid=0.173546MB
  [bwd-lev2] integ=0.019706s  tasks=8258  us/pair=76.3614  grid=0.762459MB
  [bwd-lev3] integ=0.0501029s  tasks=13145  us/pair=121.97  grid=14.2882MB
  [bwd] fft=0.0263121s  integ=0.151026s  reduce=0.000124931s
  [fwd-lev0] colloc=0.0196671s  tasks=18611  us/pair=33.816  grid=0.0322342MB
  [fwd-lev1] colloc=0.00883007s  tasks=9968  us/pair=28.3469  grid=0.173546MB
  [fwd-lev2] colloc=0.00683308s  tasks=8258  us/pair=26.4784  grid=0.762459MB
  [fwd-lev3] colloc=0.0279119s  tasks=13145  us/pair=67.9483  grid=14.2882MB
  [fwd] colloc=0.0632422s  reduce=0.00220704s  fft=0.011488s
  [bwd-lev0] integ=0.05351s  tasks=18611  us/pair=92.0057  grid=0.0322342MB
  [bwd-lev1] integ=0.0245771s  tasks=9968  us/pair=78.8993  grid=0.173546MB
  [bwd-lev2] integ=0.0238991s  tasks=8258  us/pair=92.6097  grid=0.762459MB
  [bwd-lev3] integ=0.048836s  tasks=13145  us/pair=118.886  grid=14.2882MB
  [bwd] fft=0.0320399s  integ=0.150822s  reduce=0.000110865s
  [fwd-lev0] colloc=0.019558s  tasks=18611  us/pair=33.6282  grid=0.0322342MB
  [fwd-lev1] colloc=0.00883889s  tasks=9968  us/pair=28.3753  grid=0.173546MB
  [fwd-lev2] colloc=0.00687194s  tasks=8258  us/pair=26.629  grid=0.762459MB
  [fwd-lev3] colloc=0.0278549s  tasks=13145  us/pair=67.8096  grid=14.2882MB
  [fwd] colloc=0.0631237s  reduce=0.00216269s  fft=0.012233s
  [bwd-lev0] integ=0.0575819s  tasks=18611  us/pair=99.0071  grid=0.0322342MB
  [bwd-lev1] integ=0.025589s  tasks=9968  us/pair=82.1476  grid=0.173546MB
  [bwd-lev2] integ=0.0241282s  tasks=8258  us/pair=93.4975  grid=0.762459MB
  [bwd-lev3] integ=0.050262s  tasks=13145  us/pair=122.357  grid=14.2882MB
  [bwd] fft=0.0322087s  integ=0.157561s  reduce=0.000134945s
  [fwd-lev0] colloc=0.0195529s  tasks=18611  us/pair=33.6196  grid=0.0322342MB
  [fwd-lev1] colloc=0.0088582s  tasks=9968  us/pair=28.4373  grid=0.173546MB
  [fwd-lev2] colloc=0.00687003s  tasks=8258  us/pair=26.6216  grid=0.762459MB
  [fwd-lev3] colloc=0.0277679s  tasks=13145  us/pair=67.5978  grid=14.2882MB
  [fwd] colloc=0.0630491s  reduce=0.00219488s  fft=0.0117738s
  [bwd-lev0] integ=0.055177s  tasks=18611  us/pair=94.872  grid=0.0322342MB
  [bwd-lev1] integ=0.0247979s  tasks=9968  us/pair=79.6081  grid=0.173546MB
  [bwd-lev2] integ=0.0245218s  tasks=8258  us/pair=95.0228  grid=0.762459MB
  [bwd-lev3] integ=0.0490539s  tasks=13145  us/pair=119.416  grid=14.2882MB
  [bwd] fft=0.0316479s  integ=0.153551s  reduce=0.000109911s
  [fwd-lev0] colloc=0.0195808s  tasks=18611  us/pair=33.6676  grid=0.0322342MB
  [fwd-lev1] colloc=0.00884914s  tasks=9968  us/pair=28.4082  grid=0.173546MB
  [fwd-lev2] colloc=0.00689101s  tasks=8258  us/pair=26.7029  grid=0.762459MB
  [fwd-lev3] colloc=0.027931s  tasks=13145  us/pair=67.9948  grid=14.2882MB
  [fwd] colloc=0.063252s  reduce=0.00217509s  fft=0.0122943s
  [bwd-lev0] integ=0.0584719s  tasks=18611  us/pair=100.537  grid=0.0322342MB
  [bwd-lev1] integ=0.0259631s  tasks=9968  us/pair=83.3485  grid=0.173546MB
  [bwd-lev2] integ=0.0241029s  tasks=8258  us/pair=93.3996  grid=0.762459MB
  [bwd-lev3] integ=0.0506849s  tasks=13145  us/pair=123.387  grid=14.2882MB
  [bwd] fft=0.0324383s  integ=0.159223s  reduce=0.000120163s
  [fwd-lev0] colloc=0.0195642s  tasks=18611  us/pair=33.6389  grid=0.0322342MB
  [fwd-lev1] colloc=0.00889802s  tasks=9968  us/pair=28.5651  grid=0.173546MB
  [fwd-lev2] colloc=0.00689101s  tasks=8258  us/pair=26.7029  grid=0.762459MB
  [fwd-lev3] colloc=0.0284891s  tasks=13145  us/pair=69.3535  grid=14.2882MB
  [fwd] colloc=0.0638423s  reduce=0.0021708s  fft=0.0116429s
  [bwd-lev0] integ=0.0562301s  tasks=18611  us/pair=96.6827  grid=0.0322342MB
  [bwd-lev1] integ=0.0254149s  tasks=9968  us/pair=81.5889  grid=0.173546MB
  [bwd-lev2] integ=0.0238018s  tasks=8258  us/pair=92.2327  grid=0.762459MB
  [bwd-lev3] integ=0.0500281s  tasks=13145  us/pair=121.788  grid=14.2882MB
  [bwd] fft=0.0319972s  integ=0.155475s  reduce=0.000110149s
  [fwd-lev0] colloc=0.019587s  tasks=18611  us/pair=33.6782  grid=0.0322342MB
  [fwd-lev1] colloc=0.008847s  tasks=9968  us/pair=28.4013  grid=0.173546MB
  [fwd-lev2] colloc=0.00686598s  tasks=8258  us/pair=26.6059  grid=0.762459MB
  [fwd-lev3] colloc=0.0280159s  tasks=13145  us/pair=68.2014  grid=14.2882MB
  [fwd] colloc=0.0633159s  reduce=0.00216722s  fft=0.0115123s
  [bwd-lev0] integ=0.0563869s  tasks=18611  us/pair=96.9525  grid=0.0322342MB
  [bwd-lev1] integ=0.0253861s  tasks=9968  us/pair=81.4963  grid=0.173546MB
  [bwd-lev2] integ=0.0243979s  tasks=8258  us/pair=94.5424  grid=0.762459MB
  [bwd-lev3] integ=0.0498121s  tasks=13145  us/pair=121.262  grid=14.2882MB
  [bwd] fft=0.032522s  integ=0.155983s  reduce=0.000108957s
  [fwd-lev0] colloc=0.0196218s  tasks=18611  us/pair=33.7381  grid=0.0322342MB
  [fwd-lev1] colloc=0.00883293s  tasks=9968  us/pair=28.3561  grid=0.173546MB
  [fwd-lev2] colloc=0.00687408s  tasks=8258  us/pair=26.6373  grid=0.762459MB
  [fwd-lev3] colloc=0.0279231s  tasks=13145  us/pair=67.9756  grid=14.2882MB
  [fwd] colloc=0.063252s  reduce=0.00215793s  fft=0.0122261s
  [bwd-lev0] integ=0.055717s  tasks=18611  us/pair=95.8005  grid=0.0322342MB
  [bwd-lev1] integ=0.0253711s  tasks=9968  us/pair=81.4481  grid=0.173546MB
  [bwd-lev2] integ=0.024121s  tasks=8258  us/pair=93.4698  grid=0.762459MB
  [bwd-lev3] integ=0.0500271s  tasks=13145  us/pair=121.785  grid=14.2882MB
  [bwd] fft=0.0314322s  integ=0.155236s  reduce=0.00010705s
  [fwd-lev0] colloc=0.0195832s  tasks=18611  us/pair=33.6717  grid=0.0322342MB
  [fwd-lev1] colloc=0.0088551s  tasks=9968  us/pair=28.4273  grid=0.173546MB
  [fwd-lev2] colloc=0.00687099s  tasks=8258  us/pair=26.6253  grid=0.762459MB
  [fwd-lev3] colloc=0.027946s  tasks=13145  us/pair=68.0313  grid=14.2882MB
  [fwd] colloc=0.0632553s  reduce=0.00216198s  fft=0.0122268s
  [bwd-lev0] integ=0.0560629s  tasks=18611  us/pair=96.3954  grid=0.0322342MB
  [bwd-lev1] integ=0.02547s  tasks=9968  us/pair=81.7657  grid=0.173546MB
  [bwd-lev2] integ=0.024106s  tasks=8258  us/pair=93.4116  grid=0.762459MB
  [bwd-lev3] integ=0.0501351s  tasks=13145  us/pair=122.048  grid=14.2882MB
  [bwd] fft=0.03145s  integ=0.155774s  reduce=0.000118017s
  [fwd-lev0] colloc=0.0195749s  tasks=18611  us/pair=33.6573  grid=0.0322342MB
  [fwd-lev1] colloc=0.00884414s  tasks=9968  us/pair=28.3921  grid=0.173546MB
  [fwd-lev2] colloc=0.00686407s  tasks=8258  us/pair=26.5985  grid=0.762459MB
  [fwd-lev3] colloc=0.027812s  tasks=13145  us/pair=67.7051  grid=14.2882MB
  [fwd] colloc=0.0630951s  reduce=0.00223565s  fft=0.0117142s
