Kylin-PBC: v1.0.0

System time = 2026-06-28 02:38:27

OMP threads = 32

KYLIN_PBC_ROOT = "/home/rudin/code/kylin-pbc"
KYLIN_SCR_PATH = "/tmp"
KYLIN_JOB_PATH = "/home/rudin/code/kylin-pbc/art/example/fd-verify/Si/ym"

SCF.xcfun                      = HSE06
SCF.basis                      = dzvp-sr
SCF.psudo                      = gth-pbe
SCF.kmesh                      = 1 1 1
SCF.gmesh                      = 6.0e-01
SCF.ispin                      = OFF
SCF.dspin                      = 0
SCF.eps_engy                   = 1.0e-06 [AU]
SCF.eps_grad                   = 1.0e-05 [AU]
SCF.eps_dmat                   = 1.0e-03
SCF.chk_load                   = 
SCF.chk_save                   = 
SCF.scf_guess                  = ATOM
SCF.max_cycle                  = 200
SCF.vdw_method                 = NONE
SCF.coul_method                = FTDF
SCF.xchg_method                = LSDF
SCF.xchg_exxocc                = OFF
SCF.xchg_exxace                = NONE
SCF.xchg_robust                = TILE
SCF.xchg_exxdiv                = NONE
SCF.xchg_dropG0                = OFF
SCF.lsdf_cparam                = 30
SCF.lsdf_mparam                = 5
SCF.lsdf_ipslct                = QRCP
SCF.lsdf_chocut                = 1.0e-08
SCF.lsdf_atmcut                = 2.5e+01
SCF.lsdf_aovcut                = 1.0e-07
SCF.lsdf_swzcut                = 0.0e+00
SCF.lsdf_pnocut                = 0.0e+00
SCF.lsdf_nafcut                = 0.0e+00
SCF.mgdf_ntasks                = 4
SCF.mgdf_kratio                = 3.0e+00
SCF.mgdf_cutoff                = 3.0e+02 [AU]
SCF.mgdf_relcut                = 3.0e+01
SCF.mgdf_prprec                = 1.0e-14
SCF.dmx_mix_method             = NONE
SCF.dmx_mix_start              = 1
SCF.dmx_mix_space              = 8
SCF.dmx_mix_alpha              = 3.0e-01
SCF.rho_mix_method             = NONE
SCF.rho_mix_start              = 1
SCF.rho_mix_space              = 8
SCF.rho_mix_alpha              = 3.0e-01
SCF.hks_mix_method             = BROY
SCF.hks_mix_start              = 1
SCF.hks_mix_space              = 8
SCF.hks_mix_alpha              = 3.0e-01
SCF.damp_factor                = 0.0e+00
SCF.level_shift                = 0.0e+00 [AU]
SCF.smear_method               = NONE
SCF.smear_sigma                = 0.0e+00 [AU]
SCF.soc                        = OFF
SCF.soc_window                 = 1.8e+00 [AU]
SCF.print_bandgap              = OFF
SCF.print_time                 = OFF

OPT.opt_method                 = BFGS
OPT.max_cycle                  = 0
OPT.eps_engy                   = 4.0e-06 [AU]
OPT.eps_grad                   = 4.0e-04 [AU]
OPT.trust_limit                = 3.0e-01 [AU]
OPT.damp_factor                = 0.0e+00
OPT.opt_mix_method             = NONE
OPT.opt_mix_start              = 1
OPT.opt_mix_space              = 5
OPT.opt_mix_alpha              = 3.0e-01
OPT.neb_method                 = FIRE
OPT.neb_lclimb                 = ON
OPT.neb_interp                 = IDPP
OPT.neb_nimage                 = 5
OPT.neb_spring                 = 1.0e-02 [AU]
OPT.neb_maxstep                = 7.6e-02 [AU]

PROP.calculation               = NONE
FREQ.freq_method               = FREE2
FREQ.fd_stepsize               = 2.8e-02 [AU]
DOS.dos_method                 = GAUSS
DOS.dos_sigma                  = 3.7e-03 [AU]
DOS.dos_npoint                 = 1001
DOS.dos_emin                   = 0.0e+00 [AU]
DOS.dos_emax                   = 0.0e+00 [AU]

OPT.mdx_ensemble               = NVE
OPT.mdx_thermostat             = NHC
OPT.mdx_max_step               = 0
OPT.mdx_timestep               = 4.0e+01 [AU]
OPT.mdx_temperature            = 9.5e-04 [AU]
OPT.mdx_pressure               = 0.0e+00 [AU]
OPT.mdx_thermo_tau             = 4.0e+03 [AU]
OPT.mdx_baro_tau               = 2.0e+04 [AU]
OPT.mdx_nhc_length             = 3
OPT.mdx_nhc_mts                = 3
OPT.mdx_constraint             = OFF
OPT.mdx_constraint_tol         = 1.0e-10
OPT.mdx_rng_seed               = 42

K-points mesh = 1 1 1

xc functional: "HSE06"
is hybrid: YES
HFX coeff: 0.25

Basis Set Name: "dzvp-sr"
number of shell = 6
number of basis = 26
gmesh = 25 25 25

Pseudopotential Name: "gth-pbe"
number of valence electron = 8

SCF Calculation.
Gamma point
[LSDF] gmesh = (25, 25, 25), ngrid = 15625, naofn = 26, natom = 2
Timer "[LSDF] Voronoi partition" used time: 0.000601 s.
Timer "[LSDF] AO evaluation + screening" used time: 0.049996 s.
[LSDF] IP method: randomized QRCP (c=30, m=5)
[LSDF] total IPs selected: 690 (4.4160% of grid)
Timer "[LSDF] IP selection" used time: 0.229823 s.
Timer "[LSDF] aux basis fitting" used time: 0.017034 s.
[LSDF] Step 5 diagnostics: natom=2, ngrid=15625, naux_total=690
[LSDF]   OMP threads=32, MKL threads=32
[LSDF]   Vmat_loc total size: 690 x 15625 = 0.08 GB
Timer "[LSDF]   5a Vmat_loc alloc+FFT" used time: 0.004040 s.
[LSDF]   W size: 690 x 690 = 3.63 MB, max_npart=7932
Timer "[LSDF]   5b W construction (DGEMM)" used time: 0.004642 s.
Timer "[LSDF]   5c Wmat symmetrize" used time: 0.000512 s.
[LSDF]   5e Vatm_nby tile extraction starting... (robust_mode=TILE)
[LSDF]   Vatm_nby: range_sep=true
[LSDF]     Vatm_nby tile: 2/2 atoms, cumul 0.08 GB
[LSDF]   Vatm_nby total tile memory: 0.08 GB
Timer "[LSDF]   5e Vatm_nby tile extraction" used time: 0.003296 s.
Timer "[LSDF] V/W construction" used time: 0.014892 s.
[LSDF] xchg phases: A=0.000 s, B(K_W)=0.000 s, C(K_V)=0.003 s, E(reduce)=0.000 s
[NELEC] step = 0  nelec = 8  neInt = 8.000000  dnelc = -3.3537617128e-12
[ENERG] step = 0  eTotl = -9.32841214  eCore = 2.06914099  eCoul = 0.60663838  eExcl = -3.61173261  eNucl = -8.39245890  eDisp = 0.00000000
[ERROR] step = 0  engy error =  0.0000000000e+00  grad error =  0.0000000000e+00  dmat error =  0.0000000000e+00
Timer "SCF cycle: 0" used time: 0.088380 s.

[LSDF] xchg phases: A=0.000 s, B(K_W)=0.000 s, C(K_V)=0.003 s, E(reduce)=0.000 s
[NELEC] step = 1  nelec = 8  neInt = 8.000000  dnelc =  2.5757174171e-13
[ENERG] step = 1  eTotl = -7.92737681  eCore = 2.84352900  eCoul = 0.88319596  eExcl = -3.26164287  eNucl = -8.39245890  eDisp = 0.00000000
[ERROR] step = 1  engy error =  1.4010353305e+00  grad error =  0.0000000000e+00  dmat error =  1.6070620853e+00
Timer "SCF cycle: 1" used time: 0.035126 s.

[LSDF] xchg phases: A=0.000 s, B(K_W)=0.000 s, C(K_V)=0.003 s, E(reduce)=0.000 s
[NELEC] step = 2  nelec = 8  neInt = 8.000000  dnelc =  3.6060043840e-13
[ENERG] step = 2  eTotl = -7.92913500  eCore = 2.84512556  eCoul = 0.87971613  eExcl = -3.26151778  eNucl = -8.39245890  eDisp = 0.00000000
[ERROR] step = 2  engy error = -1.7581889197e-03  grad error =  0.0000000000e+00  dmat error =  8.7131910415e-03
Timer "SCF cycle: 2" used time: 0.028334 s.

[LSDF] xchg phases: A=0.000 s, B(K_W)=0.000 s, C(K_V)=0.003 s, E(reduce)=0.000 s
[NELEC] step = 3  nelec = 8  neInt = 8.000000  dnelc =  5.9685589804e-13
[ENERG] step = 3  eTotl = -7.93118458  eCore = 2.85040056  eCoul = 0.87203757  eExcl = -3.26116381  eNucl = -8.39245890  eDisp = 0.00000000
[ERROR] step = 3  engy error = -2.0495808043e-03  grad error =  0.0000000000e+00  dmat error =  1.8479556984e-02
Timer "SCF cycle: 3" used time: 0.028087 s.

[LSDF] xchg phases: A=0.000 s, B(K_W)=0.000 s, C(K_V)=0.003 s, E(reduce)=0.000 s
[NELEC] step = 4  nelec = 8  neInt = 8.000000  dnelc =  6.7323924213e-13
[ENERG] step = 4  eTotl = -7.93134733  eCore = 2.85097842  eCoul = 0.87186548  eExcl = -3.26173232  eNucl = -8.39245890  eDisp = 0.00000000
[ERROR] step = 4  engy error = -1.6275170210e-04  grad error =  0.0000000000e+00  dmat error =  8.0937021327e-03
Timer "SCF cycle: 4" used time: 0.028050 s.

[LSDF] xchg phases: A=0.000 s, B(K_W)=0.000 s, C(K_V)=0.003 s, E(reduce)=0.000 s
[NELEC] step = 5  nelec = 8  neInt = 8.000000  dnelc =  6.8745009685e-13
[ENERG] step = 5  eTotl = -7.93136065  eCore = 2.85106789  eCoul = 0.87185130  eExcl = -3.26182094  eNucl = -8.39245890  eDisp = 0.00000000
[ERROR] step = 5  engy error = -1.3319457844e-05  grad error =  0.0000000000e+00  dmat error =  1.2296573798e-03
Timer "SCF cycle: 5" used time: 0.028095 s.

[LSDF] xchg phases: A=0.000 s, B(K_W)=0.000 s, C(K_V)=0.003 s, E(reduce)=0.000 s
[NELEC] step = 6  nelec = 8  neInt = 8.000000  dnelc =  7.4251715887e-13
[ENERG] step = 6  eTotl = -7.93138591  eCore = 2.85139044  eCoul = 0.87196602  eExcl = -3.26228347  eNucl = -8.39245890  eDisp = 0.00000000
[ERROR] step = 6  engy error = -2.5262264171e-05  grad error =  0.0000000000e+00  dmat error =  5.8890639804e-03
Timer "SCF cycle: 6" used time: 0.028038 s.

[LSDF] xchg phases: A=0.000 s, B(K_W)=0.000 s, C(K_V)=0.003 s, E(reduce)=0.000 s
[NELEC] step = 7  nelec = 8  neInt = 8.000000  dnelc =  7.4606987255e-13
[ENERG] step = 7  eTotl = -7.93138601  eCore = 2.85136965  eCoul = 0.87196037  eExcl = -3.26225713  eNucl = -8.39245890  eDisp = 0.00000000
[ERROR] step = 7  engy error = -1.0372809101e-07  grad error =  0.0000000000e+00  dmat error =  3.3707928831e-04
SCF converged in 7 steps.
Kylin-PBC Done.
Timer "Kylin-PBC main" used time: 0.715919 s.
