Kylin-PBC: v1.0.0

System time = 2026-09-30 19:58:17

OMP threads = 32

KYLIN_PBC_ROOT = "/home/rudin/code/kylin-pbc"
KYLIN_SCR_PATH = "/tmp"
KYLIN_JOB_PATH = "/home/rudin/tmp-review-ionic/BN16/full/c30"

SCF.xcfun                      = HSE06
SCF.basis                      = dzvp-sr
SCF.psudo                      = gth-pbe
SCF.kmesh                      = 1 1 1
SCF.gmesh                      = 5.0e-01
SCF.ispin                      = OFF
SCF.dspin                      = 0
SCF.eps_engy                   = 3.7e-09 [AU]
SCF.eps_grad                   = 1.0e-05 [AU]
SCF.eps_dmat                   = 1.0e-03
SCF.chk_load                   = 
SCF.chk_save                   = 
SCF.scf_guess                  = ATOM
SCF.max_cycle                  = 200
SCF.vdw_method                 = NONE
SCF.coul_method                = MGDF
SCF.xchg_method                = LSDF
SCF.xchg_exxocc                = OFF
SCF.xchg_exxace                = NONE
SCF.xchg_robust                = FULL
SCF.xchg_exxdiv                = EWALD
SCF.xchg_dropG0                = ON
SCF.lsdf_cparam                = 30
SCF.lsdf_mparam                = 5
SCF.lsdf_ipslct                = QRCP
SCF.lsdf_chocut                = 1.0e-08
SCF.lsdf_atmcut                = 2.5e+01
SCF.lsdf_aovcut                = 1.0e-07
SCF.lsdf_swzcut                = 0.0e+00
SCF.lsdf_pnocut                = 0.0e+00
SCF.lsdf_nafcut                = 0.0e+00
SCF.mgdf_ntasks                = 4
SCF.mgdf_kratio                = 3.0e+00
SCF.mgdf_cutoff                = 3.0e+02 [AU]
SCF.mgdf_relcut                = 3.0e+01
SCF.mgdf_prprec                = 1.0e-14
SCF.dmx_mix_method             = NONE
SCF.dmx_mix_start              = 1
SCF.dmx_mix_space              = 8
SCF.dmx_mix_alpha              = 3.0e-01
SCF.rho_mix_method             = NONE
SCF.rho_mix_start              = 1
SCF.rho_mix_space              = 8
SCF.rho_mix_alpha              = 3.0e-01
SCF.hks_mix_method             = BROY
SCF.hks_mix_start              = 1
SCF.hks_mix_space              = 8
SCF.hks_mix_alpha              = 3.0e-01
SCF.damp_factor                = 0.0e+00
SCF.level_shift                = 0.0e+00 [AU]
SCF.smear_method               = NONE
SCF.smear_sigma                = 0.0e+00 [AU]
SCF.soc                        = OFF
SCF.soc_window                 = 1.8e+00 [AU]
SCF.print_bandgap              = OFF
SCF.print_time                 = OFF

OPT.opt_method                 = BFGS
OPT.max_cycle                  = 1
OPT.eps_engy                   = 4.0e-06 [AU]
OPT.eps_grad                   = 4.0e-04 [AU]
OPT.trust_limit                = 3.0e-01 [AU]
OPT.damp_factor                = 0.0e+00
OPT.opt_mix_method             = NONE
OPT.opt_mix_start              = 1
OPT.opt_mix_space              = 5
OPT.opt_mix_alpha              = 3.0e-01
OPT.neb_method                 = FIRE
OPT.neb_lclimb                 = ON
OPT.neb_interp                 = IDPP
OPT.neb_nimage                 = 5
OPT.neb_spring                 = 1.0e-02 [AU]
OPT.neb_maxstep                = 7.6e-02 [AU]

PROP.calculation               = NONE
FREQ.freq_method               = FREE2
FREQ.fd_stepsize               = 2.8e-02 [AU]
DOS.dos_method                 = GAUSS
DOS.dos_sigma                  = 3.7e-03 [AU]
DOS.dos_npoint                 = 1001
DOS.dos_emin                   = 0.0e+00 [AU]
DOS.dos_emax                   = 0.0e+00 [AU]

OPT.mdx_ensemble               = NVE
OPT.mdx_thermostat             = NHC
OPT.mdx_max_step               = 0
OPT.mdx_timestep               = 4.0e+01 [AU]
OPT.mdx_temperature            = 9.5e-04 [AU]
OPT.mdx_pressure               = 0.0e+00 [AU]
OPT.mdx_thermo_tau             = 4.0e+03 [AU]
OPT.mdx_baro_tau               = 2.0e+04 [AU]
OPT.mdx_nhc_length             = 3
OPT.mdx_nhc_mts                = 3
OPT.mdx_constraint             = OFF
OPT.mdx_constraint_tol         = 1.0e-10
OPT.mdx_rng_seed               = 42

K-points mesh = 1 1 1

xc functional: "HSE06"
is hybrid: YES
HFX coeff: 0.25

Basis Set Name: "dzvp-sr"
number of shell = 48
number of basis = 208
gmesh = 44 44 87

Pseudopotential Name: "gth-pbe"
number of valence electron = 64

OPT Calculation.

==============================================================
                   Geometry Optimization                      
==============================================================
  method      = BFGS
  max_cycle   = 1
  eps_engy    = 4.000000e-06
  eps_grad    = 4.000000e-04
  trust_limit = 0.300000
  natom       = 16
  nfree       = 48 / 48
==============================================================

--------------------------------------------------------------
  OPT step 0
--------------------------------------------------------------
[OPT] Cell structure (Angstrom):
       3.61500000       0.00000000       0.00000000
       0.00000000       3.61500000       0.00000000
       0.00000000       0.00000000       7.23000000

Cart
B          0.00000000       0.00000000       0.00000000   T T T
B          0.10000000       1.85750000       1.83750000   T T T
B          1.80750000       0.00000000       1.80750000   T T T
B          1.80750000       1.80750000       0.00000000   T T T
N          0.90375000       0.90375000       0.90375000   T T T
N          0.90375000       2.71125000       2.71125000   T T T
N          2.71125000       0.90375000       2.71125000   T T T
N          2.71125000       2.71125000       0.90375000   T T T
B          0.00000000       0.00000000       3.61500000   T T T
B          0.00000000       1.80750000       5.42250000   T T T
B          1.80750000       0.00000000       5.42250000   T T T
B          1.80750000       1.80750000       3.61500000   T T T
N          0.90375000       0.90375000       4.51875000   T T T
N          0.90375000       2.71125000       6.32625000   T T T
N          2.71125000       0.90375000       6.32625000   T T T
N          2.71125000       2.71125000       4.51875000   T T T

[OPT] Cell written to /home/rudin/tmp-review-ionic/BN16/full/c30/opt_img/cell_opt_0.txt
[LSDF] gmesh = (44, 44, 87), ngrid = 168432, naofn = 208, natom = 16
Timer "[LSDF] Voronoi partition" used time: 0.002839 s.
Timer "[LSDF] AO evaluation + screening" used time: 0.543232 s.
[LSDF] IP method: randomized QRCP (c=30, m=5)
[LSDF] total IPs selected: 6320 (3.7523% of grid)
Timer "[LSDF] IP selection" used time: 0.876849 s.
Timer "[LSDF] aux basis fitting" used time: 0.399398 s.
[LSDF] Step 5 diagnostics: natom=16, ngrid=168432, naux_total=6320
[LSDF]   OMP threads=32, MKL threads=32
[LSDF]   Vmat_loc total size: 6320 x 168432 = 7.93 GB
Timer "[LSDF]   5a Vmat_loc alloc+FFT" used time: 0.702628 s.
[LSDF]   W size: 6320 x 6320 = 304.74 MB, max_npart=10885
Timer "[LSDF]   5b W construction (DGEMM)" used time: 0.276684 s.
Timer "[LSDF]   5c Wmat symmetrize" used time: 0.016265 s.
[LSDF]   robust_mode=FULL: keeping Vmat_loc (7.93 GB) in atom ordering
Timer "[LSDF] V/W construction" used time: 0.995650 s.
[LSDF] xchg phases: A=0.001 s, B(K_W)=0.012 s, C(K_V)=0.410 s, E(reduce)=0.001 s
[NELEC] step = 0  nelec = 64  neInt = 64.000000  dnelc =  2.2468498173e-09
[ENERG] step = 0  eTotl = -105.01635553  eCore = 18.41671619  eCoul = 12.41189606  eExcl = -30.51142726  eNucl = -105.33354051  eDisp = 0.00000000
[ERROR] step = 0  engy error =  0.0000000000e+00  grad error =  0.0000000000e+00  dmat error =  0.0000000000e+00
Timer "SCF cycle: 0" used time: 0.844118 s.

[LSDF] xchg phases: A=0.000 s, B(K_W)=0.012 s, C(K_V)=0.350 s, E(reduce)=0.001 s
[NELEC] step = 1  nelec = 64  neInt = 64.000000  dnelc =  2.9625510933e-09
[ENERG] step = 1  eTotl = -102.55412839  eCore = 16.50431001  eCoul = 16.77777509  eExcl = -30.50267298  eNucl = -105.33354051  eDisp = 0.00000000
[ERROR] step = 1  engy error =  2.4622271332e+00  grad error =  0.0000000000e+00  dmat error =  1.6189617894e+00
Timer "SCF cycle: 1" used time: 0.752220 s.

[LSDF] xchg phases: A=0.001 s, B(K_W)=0.012 s, C(K_V)=0.323 s, E(reduce)=0.001 s
[NELEC] step = 2  nelec = 64  neInt = 64.000000  dnelc =  3.0371012372e-09
[ENERG] step = 2  eTotl = -102.66306858  eCore = 17.32890115  eCoul = 15.51810740  eExcl = -30.17653661  eNucl = -105.33354051  eDisp = 0.00000000
[ERROR] step = 2  engy error = -1.0894018993e-01  grad error =  0.0000000000e+00  dmat error =  1.1233465100e-01
Timer "SCF cycle: 2" used time: 0.721018 s.

[LSDF] xchg phases: A=0.000 s, B(K_W)=0.012 s, C(K_V)=0.327 s, E(reduce)=0.003 s
[NELEC] step = 3  nelec = 64  neInt = 64.000000  dnelc =  3.0921825100e-09
[ENERG] step = 3  eTotl = -102.67422549  eCore = 18.22780085  eCoul = 14.29320685  eExcl = -29.86169268  eNucl = -105.33354051  eDisp = 0.00000000
[ERROR] step = 3  engy error = -1.1156911266e-02  grad error =  0.0000000000e+00  dmat error =  1.3473369689e-01
Timer "SCF cycle: 3" used time: 0.727262 s.

[LSDF] xchg phases: A=0.000 s, B(K_W)=0.012 s, C(K_V)=0.305 s, E(reduce)=0.001 s
[NELEC] step = 4  nelec = 64  neInt = 64.000000  dnelc =  3.1037785675e-09
[ENERG] step = 4  eTotl = -102.68454735  eCore = 17.90641556  eCoul = 14.71680121  eExcl = -29.97422360  eNucl = -105.33354051  eDisp = 0.00000000
[ERROR] step = 4  engy error = -1.0321855199e-02  grad error =  0.0000000000e+00  dmat error =  2.9121712997e-02
Timer "SCF cycle: 4" used time: 0.706662 s.

[LSDF] xchg phases: A=0.001 s, B(K_W)=0.012 s, C(K_V)=0.367 s, E(reduce)=0.001 s
[NELEC] step = 5  nelec = 64  neInt = 64.000000  dnelc =  3.1056686112e-09
[ENERG] step = 5  eTotl = -102.68518747  eCore = 17.80569499  eCoul = 14.85288086  eExcl = -30.01022281  eNucl = -105.33354051  eDisp = 0.00000000
[ERROR] step = 5  engy error = -6.4012566776e-04  grad error =  0.0000000000e+00  dmat error =  9.8497341321e-03
Timer "SCF cycle: 5" used time: 0.769165 s.

[LSDF] xchg phases: A=0.002 s, B(K_W)=0.012 s, C(K_V)=0.347 s, E(reduce)=0.001 s
[NELEC] step = 6  nelec = 64  neInt = 64.000000  dnelc =  3.1060665151e-09
[ENERG] step = 6  eTotl = -102.68519025  eCore = 17.80520527  eCoul = 14.85358337  eExcl = -30.01043837  eNucl = -105.33354051  eDisp = 0.00000000
[ERROR] step = 6  engy error = -2.7720686546e-06  grad error =  0.0000000000e+00  dmat error =  9.4528157289e-04
Timer "SCF cycle: 6" used time: 0.750779 s.

[LSDF] xchg phases: A=0.000 s, B(K_W)=0.012 s, C(K_V)=0.327 s, E(reduce)=0.001 s
[NELEC] step = 7  nelec = 64  neInt = 64.000000  dnelc =  3.1065354733e-09
[ENERG] step = 7  eTotl = -102.68519166  eCore = 17.80529846  eCoul = 14.85351995  eExcl = -30.01046955  eNucl = -105.33354051  eDisp = 0.00000000
[ERROR] step = 7  engy error = -1.4094905936e-06  grad error =  0.0000000000e+00  dmat error =  1.1934259300e-03
Timer "SCF cycle: 7" used time: 0.730116 s.

[NELEC] step = 8  nelec = 64  neInt = 64.000000  dnelc =  3.1065923167e-09
[ENERG] step = 8  eTotl = -102.68519170  eCore = 17.80548295  eCoul = 14.85328149  eExcl = -30.01041564  eNucl = -105.33354051  eDisp = 0.00000000
[ERROR] step = 8  engy error = -4.5208892629e-08  grad error =  0.0000000000e+00  dmat error =  1.7407462096e-04
Timer "SCF cycle: 8" used time: 0.750015 s.

[NELEC] step = 9  nelec = 64  neInt = 64.000000  dnelc =  3.1065070516e-09
[ENERG] step = 9  eTotl = -102.68519171  eCore = 17.80547429  eCoul = 14.85329644  eExcl = -30.01042192  eNucl = -105.33354051  eDisp = 0.00000000
[ERROR] step = 9  engy error = -4.1856935695e-09  grad error =  0.0000000000e+00  dmat error =  5.0342842962e-05
Timer "SCF cycle: 9" used time: 0.711947 s.

[NELEC] step = 10  nelec = 64  neInt = 64.000000  dnelc =  3.1065638950e-09
[ENERG] step = 10  eTotl = -102.68519171  eCore = 17.80546653  eCoul = 14.85330705  eExcl = -30.01042477  eNucl = -105.33354051  eDisp = 0.00000000
[ERROR] step = 10  engy error = -1.4215117972e-10  grad error =  0.0000000000e+00  dmat error =  3.2816035929e-06
SCF converged in 10 steps.
[LSDF] xchg_d10: ISDF-robust path (K_V + K_V~ - K_IP)
[GRADIENT] SCF type: GRKS | atoms: 16 | DOF: 48 | time: 33.545 s
  Atom   0:   5.9019910102e-03  -2.4568357672e-03  -2.2295293618e-03
  Atom   1:   6.6160375511e-02   3.7416008066e-02   2.5909775350e-02
  Atom   2:  -1.2283642328e-02  -6.0495673230e-03   4.1768570287e-03
  Atom   3:  -7.4761269161e-03   1.7603490251e-03  -1.9053660859e-03
  Atom   4:  -9.0054713151e-03  -3.4874984286e-03  -4.1962267984e-03
  Atom   5:  -2.1716184230e-02  -1.7089665146e-02  -1.2299769328e-02
  Atom   6:  -1.0502172268e-02  -7.8105073107e-03  -4.6829897171e-03
  Atom   7:  -9.7490618670e-03  -1.6559062326e-03  -3.8698333969e-03
  Atom   8:   7.6084976649e-03  -6.0790969970e-03  -1.9691292299e-03
  Atom   9:   2.1597454324e-03   1.0666423304e-03  -9.5190283389e-04
  Atom  10:  -2.1698361730e-03  -1.0949455265e-03  -1.1028665476e-03
  Atom  11:  -9.6898497223e-03   5.1607336200e-03  -2.3266472399e-03
  Atom  12:   3.9039561048e-04   8.9386819247e-05   2.0062185740e-03
  Atom  13:  -5.1666717263e-04  -6.9064508479e-04  -6.1162370891e-04
  Atom  14:   2.1925836302e-06  -8.4504382385e-04   3.3923689980e-03
  Atom  15:   8.1711730166e-04   1.7791125589e-03   6.9507569199e-04
[OPT] step = 0  energy = -102.6851917056  dE =               N/A  grad_max =  6.6160375511e-02  grad_rms =  1.3192479644e-02
[OPT] Geometry optimization did not converge in 1 steps.
Kylin-PBC Done.
Timer "Kylin-PBC main" used time: 46.13269 s.
