Kylin-PBC: v1.0.0

System time = 2026-10-01 12:36:54

OMP threads = 32

KYLIN_PBC_ROOT = "/home/rudin/code/kylin-pbc"
KYLIN_SCR_PATH = "/tmp"
KYLIN_JOB_PATH = "/home/rudin/tmp-review-basis/MgO16/tzv2p_FTDF"

SCF.xcfun                      = HSE06
SCF.basis                      = tzv2p
SCF.psudo                      = gth-pbe
SCF.kmesh                      = 1 1 1
SCF.gmesh                      = 5.0e-01
SCF.ispin                      = OFF
SCF.dspin                      = 0
SCF.eps_engy                   = 3.7e-09 [AU]
SCF.eps_grad                   = 1.0e-05 [AU]
SCF.eps_dmat                   = 1.0e-03
SCF.chk_load                   = 
SCF.chk_save                   = 
SCF.scf_guess                  = ATOM
SCF.max_cycle                  = 200
SCF.vdw_method                 = NONE
SCF.coul_method                = MGDF
SCF.xchg_method                = FTDF
SCF.xchg_exxocc                = OFF
SCF.xchg_exxace                = NONE
SCF.xchg_robust                = TILE
SCF.xchg_exxdiv                = EWALD
SCF.xchg_dropG0                = ON
SCF.lsdf_cparam                = 30
SCF.lsdf_mparam                = 5
SCF.lsdf_ipslct                = QRCP
SCF.lsdf_chocut                = 1.0e-08
SCF.lsdf_atmcut                = 2.5e+01
SCF.lsdf_aovcut                = 1.0e-07
SCF.lsdf_swzcut                = 0.0e+00
SCF.lsdf_pnocut                = 0.0e+00
SCF.lsdf_nafcut                = 0.0e+00
SCF.mgdf_ntasks                = 4
SCF.mgdf_kratio                = 3.0e+00
SCF.mgdf_cutoff                = 3.0e+02 [AU]
SCF.mgdf_relcut                = 3.0e+01
SCF.mgdf_prprec                = 1.0e-14
SCF.dmx_mix_method             = NONE
SCF.dmx_mix_start              = 1
SCF.dmx_mix_space              = 8
SCF.dmx_mix_alpha              = 3.0e-01
SCF.rho_mix_method             = NONE
SCF.rho_mix_start              = 1
SCF.rho_mix_space              = 8
SCF.rho_mix_alpha              = 3.0e-01
SCF.hks_mix_method             = BROY
SCF.hks_mix_start              = 1
SCF.hks_mix_space              = 8
SCF.hks_mix_alpha              = 3.0e-01
SCF.damp_factor                = 0.0e+00
SCF.level_shift                = 0.0e+00 [AU]
SCF.smear_method               = NONE
SCF.smear_sigma                = 0.0e+00 [AU]
SCF.soc                        = OFF
SCF.soc_window                 = 1.8e+00 [AU]
SCF.print_bandgap              = OFF
SCF.print_time                 = OFF

OPT.opt_method                 = BFGS
OPT.max_cycle                  = 1
OPT.eps_engy                   = 4.0e-06 [AU]
OPT.eps_grad                   = 4.0e-04 [AU]
OPT.trust_limit                = 3.0e-01 [AU]
OPT.damp_factor                = 0.0e+00
OPT.opt_mix_method             = NONE
OPT.opt_mix_start              = 1
OPT.opt_mix_space              = 5
OPT.opt_mix_alpha              = 3.0e-01
OPT.neb_method                 = FIRE
OPT.neb_lclimb                 = ON
OPT.neb_interp                 = IDPP
OPT.neb_nimage                 = 5
OPT.neb_spring                 = 1.0e-02 [AU]
OPT.neb_maxstep                = 7.6e-02 [AU]

PROP.calculation               = NONE
FREQ.freq_method               = FREE2
FREQ.fd_stepsize               = 2.8e-02 [AU]
DOS.dos_method                 = GAUSS
DOS.dos_sigma                  = 3.7e-03 [AU]
DOS.dos_npoint                 = 1001
DOS.dos_emin                   = 0.0e+00 [AU]
DOS.dos_emax                   = 0.0e+00 [AU]

OPT.mdx_ensemble               = NVE
OPT.mdx_thermostat             = NHC
OPT.mdx_max_step               = 0
OPT.mdx_timestep               = 4.0e+01 [AU]
OPT.mdx_temperature            = 9.5e-04 [AU]
OPT.mdx_pressure               = 0.0e+00 [AU]
OPT.mdx_thermo_tau             = 4.0e+03 [AU]
OPT.mdx_baro_tau               = 2.0e+04 [AU]
OPT.mdx_nhc_length             = 3
OPT.mdx_nhc_mts                = 3
OPT.mdx_constraint             = OFF
OPT.mdx_constraint_tol         = 1.0e-10
OPT.mdx_rng_seed               = 42

K-points mesh = 1 1 1

xc functional: "HSE06"
is hybrid: YES
HFX coeff: 0.25

Basis Set Name: "tzv2p"
number of shell = 56
number of basis = 376
gmesh = 104 104 206

Pseudopotential Name: "gth-pbe"
number of valence electron = 128

OPT Calculation.

==============================================================
                   Geometry Optimization                      
==============================================================
  method      = BFGS
  max_cycle   = 1
  eps_engy    = 4.000000e-06
  eps_grad    = 4.000000e-04
  trust_limit = 0.300000
  natom       = 16
  nfree       = 48 / 48
==============================================================

--------------------------------------------------------------
  OPT step 0
--------------------------------------------------------------
[OPT] Cell structure (Angstrom):
       4.21700000       0.00000000       0.00000000
       0.00000000       4.21700000       0.00000000
       0.00000000       0.00000000       8.43400000

Cart
Mg         0.00000000       0.00000000       0.00000000   T T T
Mg         0.10000000       2.15850000       2.13850000   T T T
Mg         2.10850000       0.00000000       2.10850000   T T T
Mg         2.10850000       2.10850000       0.00000000   T T T
O          2.10850000       2.10850000       2.10850000   T T T
O          2.10850000       4.21700000       4.21700000   T T T
O          4.21700000       2.10850000       4.21700000   T T T
O          4.21700000       4.21700000       2.10850000   T T T
Mg         0.00000000       0.00000000       4.21700000   T T T
Mg         0.00000000       2.10850000       6.32550000   T T T
Mg         2.10850000       0.00000000       6.32550000   T T T
Mg         2.10850000       2.10850000       4.21700000   T T T
O          2.10850000       2.10850000       6.32550000   T T T
O          2.10850000       4.21700000       8.43400000   T T T
O          4.21700000       2.10850000       8.43400000   T T T
O          4.21700000       4.21700000       6.32550000   T T T

[OPT] Cell written to /home/rudin/tmp-review-basis/MgO16/tzv2p_FTDF/opt_img/cell_opt_0.txt
[NELEC] step = 0  nelec = 128  neInt = 128.000000  dnelc =  1.9225467440e-08
[ENERG] step = 0  eTotl = -633.84983448  eCore = -313.27479411  eCoul = 147.69193365  eExcl = -89.75173445  eNucl = -378.51523958  eDisp = 0.00000000
[ERROR] step = 0  engy error =  0.0000000000e+00  grad error =  0.0000000000e+00  dmat error =  0.0000000000e+00
Timer "SCF cycle: 0" used time: 360.1566 s.

[NELEC] step = 1  nelec = 128  neInt = 128.000000  dnelc =  9.0168470024e-08
[ENERG] step = 1  eTotl = -633.03252728  eCore = -376.74542765  eCoul = 226.69690258  eExcl = -104.46876262  eNucl = -378.51523958  eDisp = 0.00000000
[ERROR] step = 1  engy error =  8.1730720925e-01  grad error =  0.0000000000e+00  dmat error =  6.7958889814e+00
Timer "SCF cycle: 1" used time: 322.9810 s.

[NELEC] step = 2  nelec = 128  neInt = 128.000000  dnelc =  5.8613608189e-08
[ENERG] step = 2  eTotl = -634.71128794  eCore = -368.76773085  eCoul = 214.01335946  eExcl = -101.44167696  eNucl = -378.51523958  eDisp = 0.00000000
[ERROR] step = 2  engy error = -1.6787606690e+00  grad error =  0.0000000000e+00  dmat error =  4.7276111016e+00
Timer "SCF cycle: 2" used time: 351.7950 s.

[NELEC] step = 3  nelec = 128  neInt = 128.000000  dnelc =  1.9132500029e-08
[ENERG] step = 3  eTotl = -635.37317036  eCore = -358.98889938  eCoul = 200.74437202  eExcl = -98.61340342  eNucl = -378.51523958  eDisp = 0.00000000
[ERROR] step = 3  engy error = -6.6188241311e-01  grad error =  0.0000000000e+00  dmat error =  3.0401636374e+00
Timer "SCF cycle: 3" used time: 325.1478 s.

[NELEC] step = 4  nelec = 128  neInt = 128.000000  dnelc =  1.1511929188e-08
[ENERG] step = 4  eTotl = -635.39158387  eCore = -357.32689064  eCoul = 198.77162899  eExcl = -98.32108264  eNucl = -378.51523958  eDisp = 0.00000000
[ERROR] step = 4  engy error = -1.8413512654e-02  grad error =  0.0000000000e+00  dmat error =  4.8595807802e-01
Timer "SCF cycle: 4" used time: 339.8627 s.

[NELEC] step = 5  nelec = 128  neInt = 128.000000  dnelc =  1.4440900031e-08
[ENERG] step = 5  eTotl = -635.39512831  eCore = -358.02142300  eCoul = 199.66308230  eExcl = -98.52154804  eNucl = -378.51523958  eDisp = 0.00000000
[ERROR] step = 5  engy error = -3.5444435838e-03  grad error =  0.0000000000e+00  dmat error =  2.9189162096e-01
Timer "SCF cycle: 5" used time: 329.0953 s.

[NELEC] step = 6  nelec = 128  neInt = 128.000000  dnelc =  1.4933561943e-08
[ENERG] step = 6  eTotl = -635.39523470  eCore = -358.09498944  eCoul = 199.74408478  eExcl = -98.52909045  eNucl = -378.51523958  eDisp = 0.00000000
[ERROR] step = 6  engy error = -1.0638258436e-04  grad error =  0.0000000000e+00  dmat error =  3.2443081149e-02
Timer "SCF cycle: 6" used time: 354.0916 s.

[NELEC] step = 7  nelec = 128  neInt = 128.000000  dnelc =  1.4885642940e-08
[ENERG] step = 7  eTotl = -635.39523866  eCore = -358.08717750  eCoul = 199.73583372  eExcl = -98.52865530  eNucl = -378.51523958  eDisp = 0.00000000
[ERROR] step = 7  engy error = -3.9625361978e-06  grad error =  0.0000000000e+00  dmat error =  5.6564741795e-03
Timer "SCF cycle: 7" used time: 327.4712 s.

[NELEC] step = 8  nelec = 128  neInt = 128.000000  dnelc =  1.4865065623e-08
[ENERG] step = 8  eTotl = -635.39523926  eCore = -358.08102342  eCoul = 199.72861130  eExcl = -98.52758756  eNucl = -378.51523958  eDisp = 0.00000000
[ERROR] step = 8  engy error = -6.0134107116e-07  grad error =  0.0000000000e+00  dmat error =  4.4070094966e-03
Timer "SCF cycle: 8" used time: 332.8604 s.

[NELEC] step = 9  nelec = 128  neInt = 128.000000  dnelc =  1.4884761868e-08
[ENERG] step = 9  eTotl = -635.39523936  eCore = -358.08409373  eCoul = 199.73216571  eExcl = -98.52807177  eNucl = -378.51523958  eDisp = 0.00000000
[ERROR] step = 9  engy error = -1.0456653854e-07  grad error =  0.0000000000e+00  dmat error =  7.0360538504e-04
Timer "SCF cycle: 9" used time: 365.7453 s.

[NELEC] step = 10  nelec = 128  neInt = 128.000000  dnelc =  1.4876235355e-08
[ENERG] step = 10  eTotl = -635.39523937  eCore = -358.08229240  eCoul = 199.73000894  eExcl = -98.52771633  eNucl = -378.51523958  eDisp = 0.00000000
[ERROR] step = 10  engy error = -5.1090864872e-09  grad error =  0.0000000000e+00  dmat error =  6.5283547029e-04
Timer "SCF cycle: 10" used time: 325.4923 s.

[NELEC] step = 11  nelec = 128  neInt = 128.000000  dnelc =  1.4879788068e-08
[ENERG] step = 11  eTotl = -635.39523937  eCore = -358.08306295  eCoul = 199.73093100  eExcl = -98.52786785  eNucl = -378.51523958  eDisp = 0.00000000
[ERROR] step = 11  engy error = -4.8532911023e-09  grad error =  0.0000000000e+00  dmat error =  2.8610590607e-04
Timer "SCF cycle: 11" used time: 342.1957 s.

[NELEC] step = 12  nelec = 128  neInt = 128.000000  dnelc =  1.4879788068e-08
[ENERG] step = 12  eTotl = -635.39523938  eCore = -358.08300622  eCoul = 199.73086262  eExcl = -98.52785619  eNucl = -378.51523958  eDisp = 0.00000000
[ERROR] step = 12  engy error = -9.7315933090e-11  grad error =  0.0000000000e+00  dmat error =  3.8974538301e-05
SCF converged in 12 steps.
[GRADIENT] SCF type: GRKS | atoms: 16 | DOF: 48 | time: 756.893 s
  Atom   0:   2.8560299089e-04  -5.6010577824e-04  -4.7929264819e-04
  Atom   1:   1.9261067076e-02   1.2231302276e-02   9.5261406342e-03
  Atom   2:  -5.6479537862e-03  -2.8969865718e-03   1.2533214609e-03
  Atom   3:  -1.3697273511e-03   1.7846434193e-04  -2.8208771121e-04
  Atom   4:  -3.0518292123e-03  -1.7956879822e-03  -1.9517172800e-03
  Atom   5:   7.5309183318e-04   3.8211803692e-04   3.0093466894e-04
  Atom   6:  -2.6093105547e-03  -1.3017723203e-03  -3.7077070457e-04
  Atom   7:  -3.7159563587e-03  -1.1187012183e-03  -1.9870257532e-03
  Atom   8:   3.6852916705e-04  -8.0611574776e-04  -5.8306189953e-04
  Atom   9:  -1.4191839548e-04  -7.1572280184e-05  -1.0724046806e-03
  Atom  10:   8.6178954994e-05   4.2418227491e-05  -6.8406316237e-04
  Atom  11:  -1.8465476440e-03   2.5028990763e-04  -9.7264804089e-04
  Atom  12:  -1.8918570885e-04   8.1914803405e-05   8.9233525385e-04
  Atom  13:   6.2234230904e-04   3.1606906987e-04  -1.7720013461e-05
  Atom  14:  -2.3966137571e-03  -1.1955748641e-03  -5.6445363525e-04
  Atom  15:   1.5883020590e-04  -9.4894203261e-05   8.8940325913e-04
[OPT] step = 0  energy = -635.3952393750  dE =               N/A  grad_max =  1.9261067076e-02  grad_rms =  3.8661342626e-03
[OPT] Geometry optimization did not converge in 1 steps.
Kylin-PBC Done.
Timer "Kylin-PBC main" used time: 5254.238 s.
