Kylin-PBC: v1.0.0

System time = 2026-09-30 20:04:36

OMP threads = 32

KYLIN_PBC_ROOT = "/home/rudin/code/kylin-pbc"
KYLIN_SCR_PATH = "/tmp"
KYLIN_JOB_PATH = "/home/rudin/tmp-review-ionic/BN16/none/c30"

SCF.xcfun                      = HSE06
SCF.basis                      = dzvp-sr
SCF.psudo                      = gth-pbe
SCF.kmesh                      = 1 1 1
SCF.gmesh                      = 5.0e-01
SCF.ispin                      = OFF
SCF.dspin                      = 0
SCF.eps_engy                   = 3.7e-09 [AU]
SCF.eps_grad                   = 1.0e-05 [AU]
SCF.eps_dmat                   = 1.0e-03
SCF.chk_load                   = 
SCF.chk_save                   = 
SCF.scf_guess                  = ATOM
SCF.max_cycle                  = 200
SCF.vdw_method                 = NONE
SCF.coul_method                = MGDF
SCF.xchg_method                = LSDF
SCF.xchg_exxocc                = OFF
SCF.xchg_exxace                = NONE
SCF.xchg_robust                = NONE
SCF.xchg_exxdiv                = EWALD
SCF.xchg_dropG0                = ON
SCF.lsdf_cparam                = 30
SCF.lsdf_mparam                = 5
SCF.lsdf_ipslct                = QRCP
SCF.lsdf_chocut                = 1.0e-08
SCF.lsdf_atmcut                = 2.5e+01
SCF.lsdf_aovcut                = 1.0e-07
SCF.lsdf_swzcut                = 0.0e+00
SCF.lsdf_pnocut                = 0.0e+00
SCF.lsdf_nafcut                = 0.0e+00
SCF.mgdf_ntasks                = 4
SCF.mgdf_kratio                = 3.0e+00
SCF.mgdf_cutoff                = 3.0e+02 [AU]
SCF.mgdf_relcut                = 3.0e+01
SCF.mgdf_prprec                = 1.0e-14
SCF.dmx_mix_method             = NONE
SCF.dmx_mix_start              = 1
SCF.dmx_mix_space              = 8
SCF.dmx_mix_alpha              = 3.0e-01
SCF.rho_mix_method             = NONE
SCF.rho_mix_start              = 1
SCF.rho_mix_space              = 8
SCF.rho_mix_alpha              = 3.0e-01
SCF.hks_mix_method             = BROY
SCF.hks_mix_start              = 1
SCF.hks_mix_space              = 8
SCF.hks_mix_alpha              = 3.0e-01
SCF.damp_factor                = 0.0e+00
SCF.level_shift                = 0.0e+00 [AU]
SCF.smear_method               = NONE
SCF.smear_sigma                = 0.0e+00 [AU]
SCF.soc                        = OFF
SCF.soc_window                 = 1.8e+00 [AU]
SCF.print_bandgap              = OFF
SCF.print_time                 = OFF

OPT.opt_method                 = BFGS
OPT.max_cycle                  = 1
OPT.eps_engy                   = 4.0e-06 [AU]
OPT.eps_grad                   = 4.0e-04 [AU]
OPT.trust_limit                = 3.0e-01 [AU]
OPT.damp_factor                = 0.0e+00
OPT.opt_mix_method             = NONE
OPT.opt_mix_start              = 1
OPT.opt_mix_space              = 5
OPT.opt_mix_alpha              = 3.0e-01
OPT.neb_method                 = FIRE
OPT.neb_lclimb                 = ON
OPT.neb_interp                 = IDPP
OPT.neb_nimage                 = 5
OPT.neb_spring                 = 1.0e-02 [AU]
OPT.neb_maxstep                = 7.6e-02 [AU]

PROP.calculation               = NONE
FREQ.freq_method               = FREE2
FREQ.fd_stepsize               = 2.8e-02 [AU]
DOS.dos_method                 = GAUSS
DOS.dos_sigma                  = 3.7e-03 [AU]
DOS.dos_npoint                 = 1001
DOS.dos_emin                   = 0.0e+00 [AU]
DOS.dos_emax                   = 0.0e+00 [AU]

OPT.mdx_ensemble               = NVE
OPT.mdx_thermostat             = NHC
OPT.mdx_max_step               = 0
OPT.mdx_timestep               = 4.0e+01 [AU]
OPT.mdx_temperature            = 9.5e-04 [AU]
OPT.mdx_pressure               = 0.0e+00 [AU]
OPT.mdx_thermo_tau             = 4.0e+03 [AU]
OPT.mdx_baro_tau               = 2.0e+04 [AU]
OPT.mdx_nhc_length             = 3
OPT.mdx_nhc_mts                = 3
OPT.mdx_constraint             = OFF
OPT.mdx_constraint_tol         = 1.0e-10
OPT.mdx_rng_seed               = 42

K-points mesh = 1 1 1

xc functional: "HSE06"
is hybrid: YES
HFX coeff: 0.25

Basis Set Name: "dzvp-sr"
number of shell = 48
number of basis = 208
gmesh = 44 44 87

Pseudopotential Name: "gth-pbe"
number of valence electron = 64

OPT Calculation.

==============================================================
                   Geometry Optimization                      
==============================================================
  method      = BFGS
  max_cycle   = 1
  eps_engy    = 4.000000e-06
  eps_grad    = 4.000000e-04
  trust_limit = 0.300000
  natom       = 16
  nfree       = 48 / 48
==============================================================

--------------------------------------------------------------
  OPT step 0
--------------------------------------------------------------
[OPT] Cell structure (Angstrom):
       3.61500000       0.00000000       0.00000000
       0.00000000       3.61500000       0.00000000
       0.00000000       0.00000000       7.23000000

Cart
B          0.00000000       0.00000000       0.00000000   T T T
B          0.10000000       1.85750000       1.83750000   T T T
B          1.80750000       0.00000000       1.80750000   T T T
B          1.80750000       1.80750000       0.00000000   T T T
N          0.90375000       0.90375000       0.90375000   T T T
N          0.90375000       2.71125000       2.71125000   T T T
N          2.71125000       0.90375000       2.71125000   T T T
N          2.71125000       2.71125000       0.90375000   T T T
B          0.00000000       0.00000000       3.61500000   T T T
B          0.00000000       1.80750000       5.42250000   T T T
B          1.80750000       0.00000000       5.42250000   T T T
B          1.80750000       1.80750000       3.61500000   T T T
N          0.90375000       0.90375000       4.51875000   T T T
N          0.90375000       2.71125000       6.32625000   T T T
N          2.71125000       0.90375000       6.32625000   T T T
N          2.71125000       2.71125000       4.51875000   T T T

[OPT] Cell written to /home/rudin/tmp-review-ionic/BN16/none/c30/opt_img/cell_opt_0.txt
[LSDF] gmesh = (44, 44, 87), ngrid = 168432, naofn = 208, natom = 16
Timer "[LSDF] Voronoi partition" used time: 0.002853 s.
Timer "[LSDF] AO evaluation + screening" used time: 0.519849 s.
[LSDF] IP method: randomized QRCP (c=30, m=5)
[LSDF] total IPs selected: 6320 (3.7523% of grid)
Timer "[LSDF] IP selection" used time: 0.941115 s.
Timer "[LSDF] aux basis fitting" used time: 0.424383 s.
[LSDF] Step 5 diagnostics: natom=16, ngrid=168432, naux_total=6320
[LSDF]   OMP threads=32, MKL threads=32
[LSDF]   Vmat_loc total size: 6320 x 168432 = 7.93 GB
Timer "[LSDF]   5a Vmat_loc alloc+FFT" used time: 0.707852 s.
[LSDF]   W size: 6320 x 6320 = 304.74 MB, max_npart=10885
Timer "[LSDF]   5b W construction (DGEMM)" used time: 0.273904 s.
Timer "[LSDF]   5c Wmat symmetrize" used time: 0.017459 s.
[LSDF]   robust_mode=NONE: freeing Vmat_loc
Timer "[LSDF] V/W construction" used time: 1.442026 s.
[LSDF] xchg phases: A=0.001 s, B(K_W)=0.013 s, C(K_V)=0.000 s, E(reduce)=0.001 s
[NELEC] step = 0  nelec = 64  neInt = 64.000000  dnelc =  2.2468498173e-09
[ENERG] step = 0  eTotl = -105.01660399  eCore = 18.41671619  eCoul = 12.41189606  eExcl = -30.51167573  eNucl = -105.33354051  eDisp = 0.00000000
[ERROR] step = 0  engy error =  0.0000000000e+00  grad error =  0.0000000000e+00  dmat error =  0.0000000000e+00
Timer "SCF cycle: 0" used time: 0.429165 s.

[LSDF] xchg phases: A=0.000 s, B(K_W)=0.012 s, C(K_V)=0.000 s, E(reduce)=0.000 s
[NELEC] step = 1  nelec = 64  neInt = 64.000000  dnelc =  2.9622384545e-09
[ENERG] step = 1  eTotl = -102.55437169  eCore = 16.50416675  eCoul = 16.77800284  eExcl = -30.50300077  eNucl = -105.33354051  eDisp = 0.00000000
[ERROR] step = 1  engy error =  2.4622322960e+00  grad error =  0.0000000000e+00  dmat error =  1.6189166172e+00
Timer "SCF cycle: 1" used time: 0.404036 s.

[LSDF] xchg phases: A=0.000 s, B(K_W)=0.013 s, C(K_V)=0.000 s, E(reduce)=0.000 s
[NELEC] step = 2  nelec = 64  neInt = 64.000000  dnelc =  3.0368880743e-09
[ENERG] step = 2  eTotl = -102.66332130  eCore = 17.32878905  eCoul = 15.51827223  eExcl = -30.17684207  eNucl = -105.33354051  eDisp = 0.00000000
[ERROR] step = 2  engy error = -1.0894960896e-01  grad error =  0.0000000000e+00  dmat error =  1.1234682805e-01
Timer "SCF cycle: 2" used time: 0.399246 s.

[LSDF] xchg phases: A=0.001 s, B(K_W)=0.013 s, C(K_V)=0.000 s, E(reduce)=0.000 s
[NELEC] step = 3  nelec = 64  neInt = 64.000000  dnelc =  3.0919551364e-09
[ENERG] step = 3  eTotl = -102.67447958  eCore = 18.22772997  eCoul = 14.29330587  eExcl = -29.86197491  eNucl = -105.33354051  eDisp = 0.00000000
[ERROR] step = 3  engy error = -1.1158274627e-02  grad error =  0.0000000000e+00  dmat error =  1.3476124614e-01
Timer "SCF cycle: 3" used time: 0.399468 s.

[LSDF] xchg phases: A=0.000 s, B(K_W)=0.013 s, C(K_V)=0.000 s, E(reduce)=0.000 s
[NELEC] step = 4  nelec = 64  neInt = 64.000000  dnelc =  3.1036080372e-09
[ENERG] step = 4  eTotl = -102.68480210  eCore = 17.90633590  eCoul = 14.71691403  eExcl = -29.97451151  eNucl = -105.33354051  eDisp = 0.00000000
[ERROR] step = 4  engy error = -1.0322525578e-02  grad error =  0.0000000000e+00  dmat error =  2.9122966653e-02
Timer "SCF cycle: 4" used time: 0.399410 s.

[LSDF] xchg phases: A=0.001 s, B(K_W)=0.013 s, C(K_V)=0.000 s, E(reduce)=0.000 s
[NELEC] step = 5  nelec = 64  neInt = 64.000000  dnelc =  3.1053275507e-09
[ENERG] step = 5  eTotl = -102.68544228  eCore = 17.80561113  eCoul = 14.85300022  eExcl = -30.01051312  eNucl = -105.33354051  eDisp = 0.00000000
[ERROR] step = 5  engy error = -6.4018012799e-04  grad error =  0.0000000000e+00  dmat error =  9.8496716241e-03
Timer "SCF cycle: 5" used time: 0.404624 s.

[LSDF] xchg phases: A=0.002 s, B(K_W)=0.013 s, C(K_V)=0.000 s, E(reduce)=0.000 s
[NELEC] step = 6  nelec = 64  neInt = 64.000000  dnelc =  3.1057822980e-09
[ENERG] step = 6  eTotl = -102.68544505  eCore = 17.80512153  eCoul = 14.85370258  eExcl = -30.01072865  eNucl = -105.33354051  eDisp = 0.00000000
[ERROR] step = 6  engy error = -2.7713881678e-06  grad error =  0.0000000000e+00  dmat error =  9.4517703403e-04
Timer "SCF cycle: 6" used time: 0.406547 s.

[LSDF] xchg phases: A=0.000 s, B(K_W)=0.012 s, C(K_V)=0.000 s, E(reduce)=0.000 s
[NELEC] step = 7  nelec = 64  neInt = 64.000000  dnelc =  3.1061233585e-09
[ENERG] step = 7  eTotl = -102.68544646  eCore = 17.80521478  eCoul = 14.85363909  eExcl = -30.01075982  eNucl = -105.33354051  eDisp = 0.00000000
[ERROR] step = 7  engy error = -1.4094560044e-06  grad error =  0.0000000000e+00  dmat error =  1.1933238046e-03
Timer "SCF cycle: 7" used time: 0.403809 s.

[NELEC] step = 8  nelec = 64  neInt = 64.000000  dnelc =  3.1062370454e-09
[ENERG] step = 8  eTotl = -102.68544651  eCore = 17.80539931  eCoul = 14.85340060  eExcl = -30.01070591  eNucl = -105.33354051  eDisp = 0.00000000
[ERROR] step = 8  engy error = -4.5683094640e-08  grad error =  0.0000000000e+00  dmat error =  1.7409190079e-04
Timer "SCF cycle: 8" used time: 0.403815 s.

[NELEC] step = 9  nelec = 64  neInt = 64.000000  dnelc =  3.1061802019e-09
[ENERG] step = 9  eTotl = -102.68544651  eCore = 17.80539060  eCoul = 14.85341561  eExcl = -30.01071221  eNucl = -105.33354051  eDisp = 0.00000000
[ERROR] step = 9  engy error = -4.6041179758e-09  grad error =  0.0000000000e+00  dmat error =  5.0295472331e-05
Timer "SCF cycle: 9" used time: 0.407363 s.

[NELEC] step = 10  nelec = 64  neInt = 64.000000  dnelc =  3.1062938888e-09
[ENERG] step = 10  eTotl = -102.68544651  eCore = 17.80538283  eCoul = 14.85342622  eExcl = -30.01071505  eNucl = -105.33354051  eDisp = 0.00000000
[ERROR] step = 10  engy error = -1.4217960143e-10  grad error =  0.0000000000e+00  dmat error =  3.2839797103e-06
SCF converged in 10 steps.
[LSDF] xchg_d10: robust_mode=NONE, no V data -> full-grid FFT path
[GRADIENT] SCF type: GRKS | atoms: 16 | DOF: 48 | time: 49.338 s
  Atom   0:   5.9002057506e-03  -2.4642842171e-03  -2.2249434217e-03
  Atom   1:   6.6157793813e-02   3.7415471657e-02   2.5905747409e-02
  Atom   2:  -1.2279511836e-02  -6.0436891285e-03   4.1822800102e-03
  Atom   3:  -7.4813831433e-03   1.7578047220e-03  -1.9051684424e-03
  Atom   4:  -9.0018944881e-03  -3.4894481971e-03  -4.1983838627e-03
  Atom   5:  -2.1716492289e-02  -1.7087891219e-02  -1.2296576077e-02
  Atom   6:  -1.0498380498e-02  -7.8082638276e-03  -4.6826432377e-03
  Atom   7:  -9.7478528975e-03  -1.6535648343e-03  -3.8694083062e-03
  Atom   8:   7.6122899597e-03  -6.0850493533e-03  -1.9799109193e-03
  Atom   9:   2.1600561767e-03   1.0652119077e-03  -9.6330074170e-04
  Atom  10:  -2.1631348060e-03  -1.0965073684e-03  -1.0912946468e-03
  Atom  11:  -9.6972969636e-03   5.1601416902e-03  -2.3200020533e-03
  Atom  12:   3.8729759690e-04   9.3756149221e-05   2.0125968860e-03
  Atom  13:  -5.1747613601e-04  -6.8185979500e-04  -6.1230552177e-04
  Atom  14:  -2.1919477331e-06  -8.4431239362e-04   3.3869711913e-03
  Atom  15:   8.1927469947e-04   1.7748175260e-03   6.9077149476e-04
[OPT] step = 0  energy = -102.6854465142  dE =               N/A  grad_max =  6.6157793813e-02  grad_rms =  1.3191881684e-02
[OPT] Geometry optimization did not converge in 1 steps.
Kylin-PBC Done.
Timer "Kylin-PBC main" used time: 58.47482 s.
