Kylin-PBC: v1.0.0

System time = 2026-09-30 20:20:25

OMP threads = 32

KYLIN_PBC_ROOT = "/home/rudin/code/kylin-pbc"
KYLIN_SCR_PATH = "/tmp"
KYLIN_JOB_PATH = "/home/rudin/tmp-review-ionic/CsI16/none/c20"

SCF.xcfun                      = HSE06
SCF.basis                      = dzvp-sr
SCF.psudo                      = gth-pbe
SCF.kmesh                      = 1 1 1
SCF.gmesh                      = 5.0e-01
SCF.ispin                      = OFF
SCF.dspin                      = 0
SCF.eps_engy                   = 3.7e-09 [AU]
SCF.eps_grad                   = 1.0e-05 [AU]
SCF.eps_dmat                   = 1.0e-03
SCF.chk_load                   = 
SCF.chk_save                   = 
SCF.scf_guess                  = ATOM
SCF.max_cycle                  = 200
SCF.vdw_method                 = NONE
SCF.coul_method                = MGDF
SCF.xchg_method                = LSDF
SCF.xchg_exxocc                = OFF
SCF.xchg_exxace                = NONE
SCF.xchg_robust                = NONE
SCF.xchg_exxdiv                = EWALD
SCF.xchg_dropG0                = ON
SCF.lsdf_cparam                = 20
SCF.lsdf_mparam                = 5
SCF.lsdf_ipslct                = QRCP
SCF.lsdf_chocut                = 1.0e-08
SCF.lsdf_atmcut                = 2.5e+01
SCF.lsdf_aovcut                = 1.0e-07
SCF.lsdf_swzcut                = 0.0e+00
SCF.lsdf_pnocut                = 0.0e+00
SCF.lsdf_nafcut                = 0.0e+00
SCF.mgdf_ntasks                = 4
SCF.mgdf_kratio                = 3.0e+00
SCF.mgdf_cutoff                = 3.0e+02 [AU]
SCF.mgdf_relcut                = 3.0e+01
SCF.mgdf_prprec                = 1.0e-14
SCF.dmx_mix_method             = NONE
SCF.dmx_mix_start              = 1
SCF.dmx_mix_space              = 8
SCF.dmx_mix_alpha              = 3.0e-01
SCF.rho_mix_method             = NONE
SCF.rho_mix_start              = 1
SCF.rho_mix_space              = 8
SCF.rho_mix_alpha              = 3.0e-01
SCF.hks_mix_method             = BROY
SCF.hks_mix_start              = 1
SCF.hks_mix_space              = 8
SCF.hks_mix_alpha              = 3.0e-01
SCF.damp_factor                = 0.0e+00
SCF.level_shift                = 0.0e+00 [AU]
SCF.smear_method               = NONE
SCF.smear_sigma                = 0.0e+00 [AU]
SCF.soc                        = OFF
SCF.soc_window                 = 1.8e+00 [AU]
SCF.print_bandgap              = OFF
SCF.print_time                 = OFF

OPT.opt_method                 = BFGS
OPT.max_cycle                  = 1
OPT.eps_engy                   = 4.0e-06 [AU]
OPT.eps_grad                   = 4.0e-04 [AU]
OPT.trust_limit                = 3.0e-01 [AU]
OPT.damp_factor                = 0.0e+00
OPT.opt_mix_method             = NONE
OPT.opt_mix_start              = 1
OPT.opt_mix_space              = 5
OPT.opt_mix_alpha              = 3.0e-01
OPT.neb_method                 = FIRE
OPT.neb_lclimb                 = ON
OPT.neb_interp                 = IDPP
OPT.neb_nimage                 = 5
OPT.neb_spring                 = 1.0e-02 [AU]
OPT.neb_maxstep                = 7.6e-02 [AU]

PROP.calculation               = NONE
FREQ.freq_method               = FREE2
FREQ.fd_stepsize               = 2.8e-02 [AU]
DOS.dos_method                 = GAUSS
DOS.dos_sigma                  = 3.7e-03 [AU]
DOS.dos_npoint                 = 1001
DOS.dos_emin                   = 0.0e+00 [AU]
DOS.dos_emax                   = 0.0e+00 [AU]

OPT.mdx_ensemble               = NVE
OPT.mdx_thermostat             = NHC
OPT.mdx_max_step               = 0
OPT.mdx_timestep               = 4.0e+01 [AU]
OPT.mdx_temperature            = 9.5e-04 [AU]
OPT.mdx_pressure               = 0.0e+00 [AU]
OPT.mdx_thermo_tau             = 4.0e+03 [AU]
OPT.mdx_baro_tau               = 2.0e+04 [AU]
OPT.mdx_nhc_length             = 3
OPT.mdx_nhc_mts                = 3
OPT.mdx_constraint             = OFF
OPT.mdx_constraint_tol         = 1.0e-10
OPT.mdx_rng_seed               = 42

K-points mesh = 1 1 1

xc functional: "HSE06"
is hybrid: YES
HFX coeff: 0.25

Basis Set Name: "dzvp-sr"
number of shell = 48
number of basis = 216
gmesh = 44 44 44

Pseudopotential Name: "gth-pbe"
number of valence electron = 128

OPT Calculation.

==============================================================
                   Geometry Optimization                      
==============================================================
  method      = BFGS
  max_cycle   = 1
  eps_engy    = 4.000000e-06
  eps_grad    = 4.000000e-04
  trust_limit = 0.300000
  natom       = 16
  nfree       = 48 / 48
==============================================================

--------------------------------------------------------------
  OPT step 0
--------------------------------------------------------------
[OPT] Cell structure (Angstrom):
       9.13400000       0.00000000       0.00000000
       0.00000000       9.13400000       0.00000000
       0.00000000       0.00000000       9.13400000

Cart
Cs         0.00000000       0.00000000       0.00000000   T T T
I          2.38350000       2.33350000       2.31350000   T T T
Cs         0.00000000       0.00000000       4.56700000   T T T
I          2.28350000       2.28350000       6.85050000   T T T
Cs         0.00000000       4.56700000       0.00000000   T T T
I          2.28350000       6.85050000       2.28350000   T T T
Cs         0.00000000       4.56700000       4.56700000   T T T
I          2.28350000       6.85050000       6.85050000   T T T
Cs         4.56700000       0.00000000       0.00000000   T T T
I          6.85050000       2.28350000       2.28350000   T T T
Cs         4.56700000       0.00000000       4.56700000   T T T
I          6.85050000       2.28350000       6.85050000   T T T
Cs         4.56700000       4.56700000       0.00000000   T T T
I          6.85050000       6.85050000       2.28350000   T T T
Cs         4.56700000       4.56700000       4.56700000   T T T
I          6.85050000       6.85050000       6.85050000   T T T

[OPT] Cell written to /home/rudin/tmp-review-ionic/CsI16/none/c20/opt_img/cell_opt_0.txt
[LSDF] gmesh = (44, 44, 44), ngrid = 85184, naofn = 216, natom = 16
Timer "[LSDF] Voronoi partition" used time: 0.002683 s.
Timer "[LSDF] AO evaluation + screening" used time: 0.329319 s.
[LSDF] IP method: randomized QRCP (c=20, m=5)
[LSDF] total IPs selected: 4400 (5.1653% of grid)
Timer "[LSDF] IP selection" used time: 0.292561 s.
Timer "[LSDF] aux basis fitting" used time: 0.048583 s.
[LSDF] Step 5 diagnostics: natom=16, ngrid=85184, naux_total=4400
[LSDF]   OMP threads=32, MKL threads=32
[LSDF]   Vmat_loc total size: 4400 x 85184 = 2.79 GB
Timer "[LSDF]   5a Vmat_loc alloc+FFT" used time: 0.147565 s.
[LSDF]   W size: 4400 x 4400 = 147.71 MB, max_npart=5347
Timer "[LSDF]   5b W construction (DGEMM)" used time: 0.078835 s.
Timer "[LSDF]   5c Wmat symmetrize" used time: 0.007945 s.
[LSDF]   robust_mode=NONE: freeing Vmat_loc
Timer "[LSDF] V/W construction" used time: 0.386366 s.
[LSDF] xchg phases: A=0.001 s, B(K_W)=0.009 s, C(K_V)=0.000 s, E(reduce)=0.000 s
[NELEC] step = 0  nelec = 128  neInt = 128.000000  dnelc = -2.7990409990e-09
[ENERG] step = 0  eTotl = -251.70731597  eCore = -20.81066899  eCoul = 30.26755899  eExcl = -43.39533285  eNucl = -217.76887312  eDisp = 0.00000000
[ERROR] step = 0  engy error =  0.0000000000e+00  grad error =  0.0000000000e+00  dmat error =  0.0000000000e+00
Timer "SCF cycle: 0" used time: 2.238630 s.

[LSDF] xchg phases: A=0.003 s, B(K_W)=0.020 s, C(K_V)=0.000 s, E(reduce)=0.000 s
[NELEC] step = 1  nelec = 128  neInt = 128.000000  dnelc =  5.4066617849e-10
[ENERG] step = 1  eTotl = -253.67319258  eCore = -24.17130762  eCoul = 32.50569189  eExcl = -44.23870373  eNucl = -217.76887312  eDisp = 0.00000000
[ERROR] step = 1  engy error = -1.9658766116e+00  grad error =  0.0000000000e+00  dmat error =  1.0242543558e+00
Timer "SCF cycle: 1" used time: 2.394914 s.

[LSDF] xchg phases: A=0.000 s, B(K_W)=0.009 s, C(K_V)=0.000 s, E(reduce)=0.000 s
[NELEC] step = 2  nelec = 128  neInt = 128.000000  dnelc = -1.9676349439e-10
[ENERG] step = 2  eTotl = -253.67891047  eCore = -24.08962965  eCoul = 32.39975304  eExcl = -44.22016073  eNucl = -217.76887312  eDisp = 0.00000000
[ERROR] step = 2  engy error = -5.7178877485e-03  grad error =  0.0000000000e+00  dmat error =  1.1914079666e-01
Timer "SCF cycle: 2" used time: 2.269063 s.

[LSDF] xchg phases: A=0.001 s, B(K_W)=0.009 s, C(K_V)=0.000 s, E(reduce)=0.000 s
[NELEC] step = 3  nelec = 128  neInt = 128.000000  dnelc = -1.5253363017e-09
[ENERG] step = 3  eTotl = -253.68270971  eCore = -23.91544448  eCoul = 32.17606645  eExcl = -44.17445855  eNucl = -217.76887312  eDisp = 0.00000000
[ERROR] step = 3  engy error = -3.7992414155e-03  grad error =  0.0000000000e+00  dmat error =  2.3345656236e-01
Timer "SCF cycle: 3" used time: 2.233942 s.

[LSDF] xchg phases: A=0.001 s, B(K_W)=0.009 s, C(K_V)=0.000 s, E(reduce)=0.000 s
[NELEC] step = 4  nelec = 128  neInt = 128.000000  dnelc = -1.3055938552e-09
[ENERG] step = 4  eTotl = -253.68290985  eCore = -23.92993968  eCoul = 32.19099006  eExcl = -44.17508711  eNucl = -217.76887312  eDisp = 0.00000000
[ERROR] step = 4  engy error = -2.0013826429e-04  grad error =  0.0000000000e+00  dmat error =  3.1840333647e-02
Timer "SCF cycle: 4" used time: 2.249775 s.

[LSDF] xchg phases: A=0.000 s, B(K_W)=0.010 s, C(K_V)=0.000 s, E(reduce)=0.000 s
[NELEC] step = 5  nelec = 128  neInt = 128.000000  dnelc = -1.1975913594e-09
[ENERG] step = 5  eTotl = -253.68292860  eCore = -23.94058904  eCoul = 32.20477034  eExcl = -44.17823678  eNucl = -217.76887312  eDisp = 0.00000000
[ERROR] step = 5  engy error = -1.8755128053e-05  grad error =  0.0000000000e+00  dmat error =  1.5192347619e-02
Timer "SCF cycle: 5" used time: 2.233367 s.

[LSDF] xchg phases: A=0.001 s, B(K_W)=0.010 s, C(K_V)=0.000 s, E(reduce)=0.000 s
[NELEC] step = 6  nelec = 128  neInt = 128.000000  dnelc = -1.1835084024e-09
[ENERG] step = 6  eTotl = -253.68292967  eCore = -23.94371542  eCoul = 32.20981523  eExcl = -44.18015638  eNucl = -217.76887312  eDisp = 0.00000000
[ERROR] step = 6  engy error = -1.0738843059e-06  grad error =  0.0000000000e+00  dmat error =  1.7137611632e-03
Timer "SCF cycle: 6" used time: 2.229948 s.

[LSDF] xchg phases: A=0.002 s, B(K_W)=0.014 s, C(K_V)=0.000 s, E(reduce)=0.000 s
[NELEC] step = 7  nelec = 128  neInt = 128.000000  dnelc = -1.1761045471e-09
[ENERG] step = 7  eTotl = -253.68292975  eCore = -23.94470134  eCoul = 32.21126887  eExcl = -44.18062417  eNucl = -217.76887312  eDisp = 0.00000000
[ERROR] step = 7  engy error = -8.0181877138e-08  grad error =  0.0000000000e+00  dmat error =  9.2526538043e-04
Timer "SCF cycle: 7" used time: 2.353545 s.

[NELEC] step = 8  nelec = 128  neInt = 128.000000  dnelc = -1.1754650586e-09
[ENERG] step = 8  eTotl = -253.68292974  eCore = -23.94495019  eCoul = 32.21172467  eExcl = -44.18083110  eNucl = -217.76887312  eDisp = 0.00000000
[ERROR] step = 8  engy error =  1.6772105482e-08  grad error =  0.0000000000e+00  dmat error =  6.6778047996e-05
Timer "SCF cycle: 8" used time: 2.252079 s.

[NELEC] step = 9  nelec = 128  neInt = 128.000000  dnelc = -1.1753229501e-09
[ENERG] step = 9  eTotl = -253.68292975  eCore = -23.94490520  eCoul = 32.21163416  eExcl = -44.18078559  eNucl = -217.76887312  eDisp = 0.00000000
[ERROR] step = 9  engy error = -1.0415391216e-08  grad error =  0.0000000000e+00  dmat error =  3.4264476218e-05
Timer "SCF cycle: 9" used time: 2.238786 s.

[NELEC] step = 10  nelec = 128  neInt = 128.000000  dnelc = -1.1751808415e-09
[ENERG] step = 10  eTotl = -253.68292975  eCore = -23.94488815  eCoul = 32.21159959  eExcl = -44.18076808  eNucl = -217.76887312  eDisp = 0.00000000
[ERROR] step = 10  engy error = -3.9226222270e-09  grad error =  0.0000000000e+00  dmat error =  1.4980124818e-05
Timer "SCF cycle: 10" used time: 2.265076 s.

[NELEC] step = 11  nelec = 128  neInt = 128.000000  dnelc = -1.1753371609e-09
[ENERG] step = 11  eTotl = -253.68292975  eCore = -23.94488617  eCoul = 32.21159613  eExcl = -44.18076660  eNucl = -217.76887312  eDisp = 0.00000000
[ERROR] step = 11  engy error = -5.7036686485e-10  grad error =  0.0000000000e+00  dmat error =  1.0035890061e-06
SCF converged in 11 steps.
[LSDF] xchg_d10: robust_mode=NONE, no V data -> full-grid FFT path
[GRADIENT] SCF type: GRKS | atoms: 16 | DOF: 48 | time: 35.791 s
  Atom   0:  -8.8630608482e-05  -5.8285332167e-05  -4.5705423004e-05
  Atom   1:   1.5266775172e-03   7.7471615983e-04   4.6711142415e-04
  Atom   2:  -1.0232162494e-04  -3.4974063812e-05   7.2650392368e-06
  Atom   3:   4.2105010205e-04   2.1044459843e-04  -2.7170345930e-04
  Atom   4:  -9.1966880424e-05  -9.6353364631e-06  -5.5622557071e-05
  Atom   5:   4.2319525631e-04  -4.5069643003e-04   1.2676615182e-04
  Atom   6:  -3.4792756986e-05  -5.3777303696e-05  -2.9101279185e-06
  Atom   7:   1.2299050337e-04  -6.1472995004e-05  -3.8615670815e-05
  Atom   8:  -8.4399260395e-05  -2.0164558802e-05   1.8749072509e-05
  Atom   9:  -9.0923204332e-04   2.1211108708e-04   1.3069523441e-04
  Atom  10:  -1.1930980189e-04   3.5399948425e-05  -1.0283275262e-04
  Atom  11:  -1.2284546576e-04   5.9171661402e-05  -3.6591218265e-05
  Atom  12:  -1.6628448585e-04  -1.3195938792e-04   9.8952136099e-05
  Atom  13:  -1.2367974668e-04  -6.1686807760e-05   3.7225417803e-05
  Atom  14:  -2.8816145486e-04  -2.2872237404e-04  -2.2119873730e-04
  Atom  15:  -3.6469375221e-04  -1.8107527046e-04  -1.1149826684e-04
[OPT] step = 0  energy = -253.6829297530  dE =               N/A  grad_max =  1.5266775172e-03  grad_rms =  3.3180506972e-04
[OPT] Geometry optimization did not converge in 1 steps.
Kylin-PBC Done.
Timer "Kylin-PBC main" used time: 65.74877 s.
