Kylin-PBC: v1.0.0

System time = 2026-06-28 02:31:29

OMP threads = 32

KYLIN_PBC_ROOT = "/home/rudin/code/kylin-pbc"
KYLIN_SCR_PATH = "/tmp"
KYLIN_JOB_PATH = "/home/rudin/code/kylin-pbc/art/example/scaling/cip-Si16-HSE06/none/c40"

SCF.xcfun                      = HSE06
SCF.basis                      = dzvp-sr
SCF.psudo                      = gth-pbe
SCF.kmesh                      = 1 1 1
SCF.gmesh                      = 5.0e-01
SCF.ispin                      = OFF
SCF.dspin                      = 0
SCF.eps_engy                   = 1.0e-06 [AU]
SCF.eps_grad                   = 1.0e-05 [AU]
SCF.eps_dmat                   = 1.0e-03
SCF.chk_load                   = 
SCF.chk_save                   = 
SCF.scf_guess                  = ATOM
SCF.max_cycle                  = 100
SCF.vdw_method                 = NONE
SCF.coul_method                = MGDF
SCF.xchg_method                = LSDF
SCF.xchg_exxocc                = OFF
SCF.xchg_exxace                = NONE
SCF.xchg_robust                = NONE
SCF.xchg_exxdiv                = NONE
SCF.xchg_dropG0                = OFF
SCF.lsdf_cparam                = 40
SCF.lsdf_mparam                = 5
SCF.lsdf_ipslct                = QRCP
SCF.lsdf_chocut                = 1.0e-08
SCF.lsdf_atmcut                = 2.5e+01
SCF.lsdf_aovcut                = 1.0e-07
SCF.lsdf_swzcut                = 0.0e+00
SCF.lsdf_pnocut                = 0.0e+00
SCF.lsdf_nafcut                = 0.0e+00
SCF.mgdf_ntasks                = 4
SCF.mgdf_kratio                = 3.0e+00
SCF.mgdf_cutoff                = 3.0e+02 [AU]
SCF.mgdf_relcut                = 3.0e+01
SCF.mgdf_prprec                = 1.0e-14
SCF.dmx_mix_method             = NONE
SCF.dmx_mix_start              = 1
SCF.dmx_mix_space              = 8
SCF.dmx_mix_alpha              = 3.0e-01
SCF.rho_mix_method             = NONE
SCF.rho_mix_start              = 1
SCF.rho_mix_space              = 8
SCF.rho_mix_alpha              = 3.0e-01
SCF.hks_mix_method             = BROY
SCF.hks_mix_start              = 1
SCF.hks_mix_space              = 8
SCF.hks_mix_alpha              = 3.0e-01
SCF.damp_factor                = 0.0e+00
SCF.level_shift                = 0.0e+00 [AU]
SCF.smear_method               = NONE
SCF.smear_sigma                = 0.0e+00 [AU]
SCF.soc                        = OFF
SCF.soc_window                 = 1.8e+00 [AU]
SCF.print_bandgap              = OFF
SCF.print_time                 = OFF

OPT.opt_method                 = BFGS
OPT.max_cycle                  = 1
OPT.eps_engy                   = 4.0e-06 [AU]
OPT.eps_grad                   = 4.0e-04 [AU]
OPT.trust_limit                = 3.0e-01 [AU]
OPT.damp_factor                = 0.0e+00
OPT.opt_mix_method             = NONE
OPT.opt_mix_start              = 1
OPT.opt_mix_space              = 5
OPT.opt_mix_alpha              = 3.0e-01
OPT.neb_method                 = FIRE
OPT.neb_lclimb                 = ON
OPT.neb_interp                 = IDPP
OPT.neb_nimage                 = 5
OPT.neb_spring                 = 1.0e-02 [AU]
OPT.neb_maxstep                = 7.6e-02 [AU]

PROP.calculation               = NONE
FREQ.freq_method               = FREE2
FREQ.fd_stepsize               = 2.8e-02 [AU]
DOS.dos_method                 = GAUSS
DOS.dos_sigma                  = 3.7e-03 [AU]
DOS.dos_npoint                 = 1001
DOS.dos_emin                   = 0.0e+00 [AU]
DOS.dos_emax                   = 0.0e+00 [AU]

OPT.mdx_ensemble               = NVE
OPT.mdx_thermostat             = NHC
OPT.mdx_max_step               = 0
OPT.mdx_timestep               = 4.0e+01 [AU]
OPT.mdx_temperature            = 9.5e-04 [AU]
OPT.mdx_pressure               = 0.0e+00 [AU]
OPT.mdx_thermo_tau             = 4.0e+03 [AU]
OPT.mdx_baro_tau               = 2.0e+04 [AU]
OPT.mdx_nhc_length             = 3
OPT.mdx_nhc_mts                = 3
OPT.mdx_constraint             = OFF
OPT.mdx_constraint_tol         = 1.0e-10
OPT.mdx_rng_seed               = 42

K-points mesh = 1 1 1

xc functional: "HSE06"
is hybrid: YES
HFX coeff: 0.25

Basis Set Name: "dzvp-sr"
number of shell = 48
number of basis = 208
gmesh = 29 29 57

Pseudopotential Name: "gth-pbe"
number of valence electron = 64

OPT Calculation.

==============================================================
                   Geometry Optimization                      
==============================================================
  method      = BFGS
  max_cycle   = 1
  eps_engy    = 4.000000e-06
  eps_grad    = 4.000000e-04
  trust_limit = 0.300000
  natom       = 16
  nfree       = 48 / 48
==============================================================

--------------------------------------------------------------
  OPT step 0
--------------------------------------------------------------
[OPT] Cell structure (Angstrom):
       5.43100000       0.00000000       0.00000000
       0.00000000       5.43100000       0.00000000
       0.00000000       0.00000000      10.86200000

Cart
Si         0.00000000       0.00000000       0.00000000   T T T
Si         0.00000000       2.71550000       2.71550000   T T T
Si         2.71550000       0.00000000       2.71550000   T T T
Si         2.71550000       2.71550000       0.00000000   T T T
Si         1.35775000       1.35775000       1.35775000   T T T
Si         1.35775000       4.07325000       4.07325000   T T T
Si         4.07325000       1.35775000       4.07325000   T T T
Si         4.07325000       4.07325000       1.35775000   T T T
Si         0.00000000       0.00000000       5.43100000   T T T
Si         0.00000000       2.71550000       8.14650000   T T T
Si         2.71550000       0.00000000       8.14650000   T T T
Si         2.71550000       2.71550000       5.43100000   T T T
Si         1.35775000       1.35775000       6.78875000   T T T
Si         1.35775000       4.07325000       9.50425000   T T T
Si         4.07325000       1.35775000       9.50425000   T T T
Si         4.07325000       4.07325000       6.78875000   T T T

[OPT] Cell written to /home/rudin/code/kylin-pbc/art/example/scaling/cip-Si16-HSE06/none/c40/opt_img/cell_opt_0.txt
[LSDF] gmesh = (29, 29, 57), ngrid = 47937, naofn = 208, natom = 16
Timer "[LSDF] Voronoi partition" used time: 0.001358 s.
Timer "[LSDF] AO evaluation + screening" used time: 0.157250 s.
[LSDF] IP method: randomized QRCP (c=40, m=5)
[LSDF] total IPs selected: 8400 (17.5230% of grid)
Timer "[LSDF] IP selection" used time: 0.317835 s.
Timer "[LSDF] aux basis fitting" used time: 0.081143 s.
[LSDF] Step 5 diagnostics: natom=16, ngrid=47937, naux_total=8400
[LSDF]   OMP threads=32, MKL threads=32
[LSDF]   Vmat_loc total size: 8400 x 47937 = 3.00 GB
Timer "[LSDF]   5a Vmat_loc alloc+FFT" used time: 0.321891 s.
[LSDF]   W size: 8400 x 8400 = 538.33 MB, max_npart=3140
Timer "[LSDF]   5b W construction (DGEMM)" used time: 0.258951 s.
Timer "[LSDF]   5c Wmat symmetrize" used time: 0.030197 s.
[LSDF]   robust_mode=NONE: freeing Vmat_loc
Timer "[LSDF] V/W construction" used time: 0.721954 s.
[LSDF] xchg phases: A=0.002 s, B(K_W)=0.040 s, C(K_V)=0.000 s, E(reduce)=0.001 s
[NELEC] step = 0  nelec = 64  neInt = 64.000000  dnelc =  2.1955770535e-11
[ENERG] step = 0  eTotl = -62.95992023  eCore = 19.62269416  eCoul = 4.69090466  eExcl = -20.09011680  eNucl = -67.18340225  eDisp = 0.00000000
[ERROR] step = 0  engy error =  0.0000000000e+00  grad error =  0.0000000000e+00  dmat error =  0.0000000000e+00
Timer "SCF cycle: 0" used time: 1.030090 s.

[LSDF] xchg phases: A=0.001 s, B(K_W)=0.040 s, C(K_V)=0.000 s, E(reduce)=0.000 s
[NELEC] step = 1  nelec = 64  neInt = 64.000000  dnelc =  2.9018565328e-11
[ENERG] step = 1  eTotl = -63.16702517  eCore = 19.34635628  eCoul = 4.50596898  eExcl = -19.83594818  eNucl = -67.18340225  eDisp = 0.00000000
[ERROR] step = 1  engy error = -2.0710494620e-01  grad error =  0.0000000000e+00  dmat error =  1.1563052166e+00
Timer "SCF cycle: 1" used time: 1.042749 s.

[LSDF] xchg phases: A=0.001 s, B(K_W)=0.039 s, C(K_V)=0.000 s, E(reduce)=0.000 s
[NELEC] step = 2  nelec = 64  neInt = 64.000000  dnelc =  2.9359625842e-11
[ENERG] step = 2  eTotl = -63.17261377  eCore = 19.32255891  eCoul = 4.54430776  eExcl = -19.85607819  eNucl = -67.18340225  eDisp = 0.00000000
[ERROR] step = 2  engy error = -5.5885928206e-03  grad error =  0.0000000000e+00  dmat error =  1.7028115359e-02
Timer "SCF cycle: 2" used time: 1.037547 s.

[LSDF] xchg phases: A=0.002 s, B(K_W)=0.040 s, C(K_V)=0.000 s, E(reduce)=0.000 s
[NELEC] step = 3  nelec = 64  neInt = 64.000000  dnelc =  3.0212277125e-11
[ENERG] step = 3  eTotl = -63.17849599  eCore = 19.27690325  eCoul = 4.62973920  eExcl = -19.90173618  eNucl = -67.18340225  eDisp = 0.00000000
[ERROR] step = 3  engy error = -5.8822200657e-03  grad error =  0.0000000000e+00  dmat error =  4.1782509506e-02
Timer "SCF cycle: 3" used time: 1.039089 s.

[LSDF] xchg phases: A=0.003 s, B(K_W)=0.041 s, C(K_V)=0.000 s, E(reduce)=0.000 s
[NELEC] step = 4  nelec = 64  neInt = 64.000000  dnelc =  3.0098590287e-11
[ENERG] step = 4  eTotl = -63.17855670  eCore = 19.28144495  eCoul = 4.62365750  eExcl = -19.90025689  eNucl = -67.18340225  eDisp = 0.00000000
[ERROR] step = 4  engy error = -6.0713278287e-05  grad error =  0.0000000000e+00  dmat error =  6.1798016736e-03
Timer "SCF cycle: 4" used time: 1.061841 s.

[LSDF] xchg phases: A=0.001 s, B(K_W)=0.039 s, C(K_V)=0.000 s, E(reduce)=0.000 s
[NELEC] step = 5  nelec = 64  neInt = 64.000000  dnelc =  3.0070168577e-11
[ENERG] step = 5  eTotl = -63.17855828  eCore = 19.28163406  eCoul = 4.62354057  eExcl = -19.90033066  eNucl = -67.18340225  eDisp = 0.00000000
[ERROR] step = 5  engy error = -1.5819590544e-06  grad error =  0.0000000000e+00  dmat error =  6.2952248347e-04
Timer "SCF cycle: 5" used time: 1.021510 s.

[LSDF] xchg phases: A=0.002 s, B(K_W)=0.039 s, C(K_V)=0.000 s, E(reduce)=0.000 s
[NELEC] step = 6  nelec = 64  neInt = 64.000000  dnelc =  3.0098590287e-11
[ENERG] step = 6  eTotl = -63.17855882  eCore = 19.28151556  eCoul = 4.62392777  eExcl = -19.90059989  eNucl = -67.18340225  eDisp = 0.00000000
[ERROR] step = 6  engy error = -5.4111490044e-07  grad error =  0.0000000000e+00  dmat error =  4.8704349114e-04
SCF converged in 6 steps.
[LSDF] xchg_d10: robust_mode=NONE, no V data -> full-grid FFT path
[GRADIENT] SCF type: GRKS | atoms: 16 | DOF: 48 | time: 19.051 s
  Atom   0:   8.9217310226e-08   3.7962954715e-08  -4.8596743959e-07
  Atom   1:  -3.1157086894e-07   3.6872953197e-07  -1.5222016709e-06
  Atom   2:  -2.2356263559e-07  -5.0224616781e-07  -1.3776960066e-06
  Atom   3:  -1.1310284063e-09   2.1188402378e-07  -5.2000554553e-07
  Atom   4:  -4.0561569063e-07  -2.5301294984e-07  -1.1161835672e-06
  Atom   5:  -2.8181971448e-07   2.8086170245e-07   1.1874329460e-07
  Atom   6:   6.3685356396e-07  -4.3581211560e-07   1.3332821556e-07
  Atom   7:   5.0638844157e-07   7.9242831371e-07  -9.4627254334e-07
  Atom   8:   1.5988387102e-07  -5.9759534977e-07   6.7850189036e-07
  Atom   9:   1.5538821641e-10   3.1519585466e-07   1.9003148287e-06
  Atom  10:  -2.5666996705e-07  -1.0231410277e-07   1.5979417681e-06
  Atom  11:   1.2496323700e-07  -1.6087508507e-08  -7.4969602406e-08
  Atom  12:  -6.6959826186e-07  -7.8079800065e-08   8.8623240754e-07
  Atom  13:  -6.6892409262e-07   4.8222404453e-07   2.4478633582e-07
  Atom  14:   9.5285218016e-07  -9.6991079164e-07  -7.6287356132e-08
  Atom  15:   3.4693542183e-07   4.7391778709e-07   5.5906048100e-07
[OPT] step = 0  energy = -63.1785588216  dE =               N/A  grad_max =  1.9003148287e-06  grad_rms =  6.6219034627e-07
[OPT] Geometry optimization did not converge in 1 steps.
Kylin-PBC Done.
Timer "Kylin-PBC main" used time: 28.49537 s.
