Kylin-PBC: v1.0.0

System time = 2026-09-30 20:33:42

OMP threads = 32

KYLIN_PBC_ROOT = "/home/rudin/code/kylin-pbc"
KYLIN_SCR_PATH = "/tmp"
KYLIN_JOB_PATH = "/home/rudin/tmp-review-ionic/Si16/chol/t1e-06"

SCF.xcfun                      = HSE06
SCF.basis                      = dzvp-sr
SCF.psudo                      = gth-pbe
SCF.kmesh                      = 1 1 1
SCF.gmesh                      = 5.0e-01
SCF.ispin                      = OFF
SCF.dspin                      = 0
SCF.eps_engy                   = 3.7e-09 [AU]
SCF.eps_grad                   = 1.0e-05 [AU]
SCF.eps_dmat                   = 1.0e-03
SCF.chk_load                   = 
SCF.chk_save                   = 
SCF.scf_guess                  = ATOM
SCF.max_cycle                  = 200
SCF.vdw_method                 = NONE
SCF.coul_method                = MGDF
SCF.xchg_method                = LSDF
SCF.xchg_exxocc                = OFF
SCF.xchg_exxace                = NONE
SCF.xchg_robust                = FULL
SCF.xchg_exxdiv                = EWALD
SCF.xchg_dropG0                = ON
SCF.lsdf_cparam                = 30
SCF.lsdf_mparam                = 5
SCF.lsdf_ipslct                = CHOL
SCF.lsdf_chocut                = 1.0e-06
SCF.lsdf_atmcut                = 2.5e+01
SCF.lsdf_aovcut                = 1.0e-07
SCF.lsdf_swzcut                = 0.0e+00
SCF.lsdf_pnocut                = 0.0e+00
SCF.lsdf_nafcut                = 0.0e+00
SCF.mgdf_ntasks                = 4
SCF.mgdf_kratio                = 3.0e+00
SCF.mgdf_cutoff                = 3.0e+02 [AU]
SCF.mgdf_relcut                = 3.0e+01
SCF.mgdf_prprec                = 1.0e-14
SCF.dmx_mix_method             = NONE
SCF.dmx_mix_start              = 1
SCF.dmx_mix_space              = 8
SCF.dmx_mix_alpha              = 3.0e-01
SCF.rho_mix_method             = NONE
SCF.rho_mix_start              = 1
SCF.rho_mix_space              = 8
SCF.rho_mix_alpha              = 3.0e-01
SCF.hks_mix_method             = BROY
SCF.hks_mix_start              = 1
SCF.hks_mix_space              = 8
SCF.hks_mix_alpha              = 3.0e-01
SCF.damp_factor                = 0.0e+00
SCF.level_shift                = 0.0e+00 [AU]
SCF.smear_method               = NONE
SCF.smear_sigma                = 0.0e+00 [AU]
SCF.soc                        = OFF
SCF.soc_window                 = 1.8e+00 [AU]
SCF.print_bandgap              = OFF
SCF.print_time                 = OFF

OPT.opt_method                 = BFGS
OPT.max_cycle                  = 1
OPT.eps_engy                   = 4.0e-06 [AU]
OPT.eps_grad                   = 4.0e-04 [AU]
OPT.trust_limit                = 3.0e-01 [AU]
OPT.damp_factor                = 0.0e+00
OPT.opt_mix_method             = NONE
OPT.opt_mix_start              = 1
OPT.opt_mix_space              = 5
OPT.opt_mix_alpha              = 3.0e-01
OPT.neb_method                 = FIRE
OPT.neb_lclimb                 = ON
OPT.neb_interp                 = IDPP
OPT.neb_nimage                 = 5
OPT.neb_spring                 = 1.0e-02 [AU]
OPT.neb_maxstep                = 7.6e-02 [AU]

PROP.calculation               = NONE
FREQ.freq_method               = FREE2
FREQ.fd_stepsize               = 2.8e-02 [AU]
DOS.dos_method                 = GAUSS
DOS.dos_sigma                  = 3.7e-03 [AU]
DOS.dos_npoint                 = 1001
DOS.dos_emin                   = 0.0e+00 [AU]
DOS.dos_emax                   = 0.0e+00 [AU]

OPT.mdx_ensemble               = NVE
OPT.mdx_thermostat             = NHC
OPT.mdx_max_step               = 0
OPT.mdx_timestep               = 4.0e+01 [AU]
OPT.mdx_temperature            = 9.5e-04 [AU]
OPT.mdx_pressure               = 0.0e+00 [AU]
OPT.mdx_thermo_tau             = 4.0e+03 [AU]
OPT.mdx_baro_tau               = 2.0e+04 [AU]
OPT.mdx_nhc_length             = 3
OPT.mdx_nhc_mts                = 3
OPT.mdx_constraint             = OFF
OPT.mdx_constraint_tol         = 1.0e-10
OPT.mdx_rng_seed               = 42

K-points mesh = 1 1 1

xc functional: "HSE06"
is hybrid: YES
HFX coeff: 0.25

Basis Set Name: "dzvp-sr"
number of shell = 48
number of basis = 208
gmesh = 29 29 57

Pseudopotential Name: "gth-pbe"
number of valence electron = 64

OPT Calculation.

==============================================================
                   Geometry Optimization                      
==============================================================
  method      = BFGS
  max_cycle   = 1
  eps_engy    = 4.000000e-06
  eps_grad    = 4.000000e-04
  trust_limit = 0.300000
  natom       = 16
  nfree       = 48 / 48
==============================================================

--------------------------------------------------------------
  OPT step 0
--------------------------------------------------------------
[OPT] Cell structure (Angstrom):
       5.43100000       0.00000000       0.00000000
       0.00000000       5.43100000       0.00000000
       0.00000000       0.00000000      10.86200000

Cart
Si         0.00000000       0.00000000       0.00000000   T T T
Si         0.10000000       2.76550000       2.74550000   T T T
Si         2.71550000       0.00000000       2.71550000   T T T
Si         2.71550000       2.71550000       0.00000000   T T T
Si         1.35775000       1.35775000       1.35775000   T T T
Si         1.35775000       4.07325000       4.07325000   T T T
Si         4.07325000       1.35775000       4.07325000   T T T
Si         4.07325000       4.07325000       1.35775000   T T T
Si         0.00000000       0.00000000       5.43100000   T T T
Si         0.00000000       2.71550000       8.14650000   T T T
Si         2.71550000       0.00000000       8.14650000   T T T
Si         2.71550000       2.71550000       5.43100000   T T T
Si         1.35775000       1.35775000       6.78875000   T T T
Si         1.35775000       4.07325000       9.50425000   T T T
Si         4.07325000       1.35775000       9.50425000   T T T
Si         4.07325000       4.07325000       6.78875000   T T T

[OPT] Cell written to /home/rudin/tmp-review-ionic/Si16/chol/t1e-06/opt_img/cell_opt_0.txt
[LSDF] gmesh = (29, 29, 57), ngrid = 47937, naofn = 208, natom = 16
Timer "[LSDF] Voronoi partition" used time: 0.001013 s.
Timer "[LSDF] AO evaluation + screening" used time: 0.154920 s.
[LSDF] IP method: pivoted Cholesky (thresh = 1.00e-06)
[LSDF] total IPs selected: 4600 (9.5959% of grid)
Timer "[LSDF] IP selection" used time: 0.111336 s.
Timer "[LSDF] aux basis fitting" used time: 0.041837 s.
[LSDF] Step 5 diagnostics: natom=16, ngrid=47937, naux_total=4600
[LSDF]   OMP threads=32, MKL threads=32
[LSDF]   Vmat_loc total size: 4600 x 47937 = 1.64 GB
Timer "[LSDF]   5a Vmat_loc alloc+FFT" used time: 0.180680 s.
[LSDF]   W size: 4600 x 4600 = 161.44 MB, max_npart=3138
Timer "[LSDF]   5b W construction (DGEMM)" used time: 0.057517 s.
Timer "[LSDF]   5c Wmat symmetrize" used time: 0.009409 s.
[LSDF]   robust_mode=FULL: keeping Vmat_loc (1.64 GB) in atom ordering
Timer "[LSDF] V/W construction" used time: 0.247699 s.
[LSDF] xchg phases: A=0.001 s, B(K_W)=0.026 s, C(K_V)=0.254 s, E(reduce)=0.001 s
[NELEC] step = 0  nelec = 64  neInt = 64.000000  dnelc =  2.1927348826e-11
[ENERG] step = 0  eTotl = -62.54338531  eCore = 19.60664054  eCoul = 4.69704873  eExcl = -19.67456156  eNucl = -67.17251303  eDisp = 0.00000000
[ERROR] step = 0  engy error =  0.0000000000e+00  grad error =  0.0000000000e+00  dmat error =  0.0000000000e+00
Timer "SCF cycle: 0" used time: 1.305774 s.

[LSDF] xchg phases: A=0.001 s, B(K_W)=0.015 s, C(K_V)=0.159 s, E(reduce)=0.001 s
[NELEC] step = 1  nelec = 64  neInt = 64.000000  dnelc =  2.9345414987e-11
[ENERG] step = 1  eTotl = -62.76119095  eCore = 19.33616866  eCoul = 4.50691009  eExcl = -19.43175667  eNucl = -67.17251303  eDisp = 0.00000000
[ERROR] step = 1  engy error = -2.1780563852e-01  grad error =  0.0000000000e+00  dmat error =  1.1761905231e+00
Timer "SCF cycle: 1" used time: 1.169447 s.

[LSDF] xchg phases: A=0.001 s, B(K_W)=0.015 s, C(K_V)=0.118 s, E(reduce)=0.001 s
[NELEC] step = 2  nelec = 64  neInt = 64.000000  dnelc =  2.9885427466e-11
[ENERG] step = 2  eTotl = -62.76668755  eCore = 19.31158634  eCoul = 4.54713441  eExcl = -19.45289527  eNucl = -67.17251303  eDisp = 0.00000000
[ERROR] step = 2  engy error = -5.4965990158e-03  grad error =  0.0000000000e+00  dmat error =  1.7953394735e-02
Timer "SCF cycle: 2" used time: 1.111210 s.

[LSDF] xchg phases: A=0.002 s, B(K_W)=0.014 s, C(K_V)=0.094 s, E(reduce)=0.001 s
[NELEC] step = 3  nelec = 64  neInt = 64.000000  dnelc =  3.0723867894e-11
[ENERG] step = 3  eTotl = -62.77214746  eCore = 19.26604470  eCoul = 4.63233128  eExcl = -19.49801041  eNucl = -67.17251303  eDisp = 0.00000000
[ERROR] step = 3  engy error = -5.4599061855e-03  grad error =  0.0000000000e+00  dmat error =  4.0532363871e-02
Timer "SCF cycle: 3" used time: 1.104092 s.

[LSDF] xchg phases: A=0.003 s, B(K_W)=0.017 s, C(K_V)=0.146 s, E(reduce)=0.001 s
[NELEC] step = 4  nelec = 64  neInt = 64.000000  dnelc =  3.0823343877e-11
[ENERG] step = 4  eTotl = -62.77220823  eCore = 19.26606498  eCoul = 4.63313980  eExcl = -19.49889998  eNucl = -67.17251303  eDisp = 0.00000000
[ERROR] step = 4  engy error = -6.0769538713e-05  grad error =  0.0000000000e+00  dmat error =  3.0937452028e-03
Timer "SCF cycle: 4" used time: 1.202136 s.

[LSDF] xchg phases: A=0.001 s, B(K_W)=0.014 s, C(K_V)=0.198 s, E(reduce)=0.001 s
[NELEC] step = 5  nelec = 64  neInt = 64.000000  dnelc =  3.0752289604e-11
[ENERG] step = 5  eTotl = -62.77223702  eCore = 19.26823153  eCoul = 4.63013784  eExcl = -19.49809337  eNucl = -67.17251303  eDisp = 0.00000000
[ERROR] step = 5  engy error = -2.8796619958e-05  grad error =  0.0000000000e+00  dmat error =  3.7590205196e-03
Timer "SCF cycle: 5" used time: 1.212190 s.

[LSDF] xchg phases: A=0.000 s, B(K_W)=0.015 s, C(K_V)=0.110 s, E(reduce)=0.001 s
[NELEC] step = 6  nelec = 64  neInt = 64.000000  dnelc =  3.0638602766e-11
[ENERG] step = 6  eTotl = -62.77224455  eCore = 19.26990926  eCoul = 4.62775186  eExcl = -19.49739265  eNucl = -67.17251303  eDisp = 0.00000000
[ERROR] step = 6  engy error = -7.5299820423e-06  grad error =  0.0000000000e+00  dmat error =  2.1556529127e-03
Timer "SCF cycle: 6" used time: 1.125304 s.

[LSDF] xchg phases: A=0.000 s, B(K_W)=0.015 s, C(K_V)=0.110 s, E(reduce)=0.001 s
[NELEC] step = 7  nelec = 64  neInt = 64.000000  dnelc =  3.0723867894e-11
[ENERG] step = 7  eTotl = -62.77224527  eCore = 19.27011393  eCoul = 4.62752705  eExcl = -19.49737322  eNucl = -67.17251303  eDisp = 0.00000000
[ERROR] step = 7  engy error = -7.2036236531e-07  grad error =  0.0000000000e+00  dmat error =  4.8785517464e-04
Timer "SCF cycle: 7" used time: 1.107324 s.

[NELEC] step = 8  nelec = 64  neInt = 64.000000  dnelc =  3.0723867894e-11
[ENERG] step = 8  eTotl = -62.77224544  eCore = 19.27010866  eCoul = 4.62758757  eExcl = -19.49742864  eNucl = -67.17251303  eDisp = 0.00000000
[ERROR] step = 8  engy error = -1.6381652301e-07  grad error =  0.0000000000e+00  dmat error =  1.5422277381e-04
Timer "SCF cycle: 8" used time: 1.108084 s.

[NELEC] step = 9  nelec = 64  neInt = 64.000000  dnelc =  3.0681235330e-11
[ENERG] step = 9  eTotl = -62.77224549  eCore = 19.27009997  eCoul = 4.62762816  eExcl = -19.49746059  eNucl = -67.17251303  eDisp = 0.00000000
[ERROR] step = 9  engy error = -4.8177753342e-08  grad error =  0.0000000000e+00  dmat error =  7.7385956702e-05
Timer "SCF cycle: 9" used time: 1.217901 s.

[NELEC] step = 10  nelec = 64  neInt = 64.000000  dnelc =  3.0667024475e-11
[ENERG] step = 10  eTotl = -62.77224551  eCore = 19.27008647  eCoul = 4.62767037  eExcl = -19.49748932  eNucl = -67.17251303  eDisp = 0.00000000
[ERROR] step = 10  engy error = -2.0435649617e-08  grad error =  0.0000000000e+00  dmat error =  6.7288704236e-05
Timer "SCF cycle: 10" used time: 1.199967 s.

[NELEC] step = 11  nelec = 64  neInt = 64.000000  dnelc =  3.0695446185e-11
[ENERG] step = 11  eTotl = -62.77224551  eCore = 19.27008377  eCoul = 4.62767601  eExcl = -19.49749226  eNucl = -67.17251303  eDisp = 0.00000000
[ERROR] step = 11  engy error = -1.3061267623e-09  grad error =  0.0000000000e+00  dmat error =  1.2085365232e-05
SCF converged in 11 steps.
[LSDF] xchg_d10: ISDF-robust path (K_V + K_V~ - K_IP)
[GRADIENT] SCF type: GRKS | atoms: 16 | DOF: 48 | time: 13.848 s
  Atom   0:   2.8682914402e-03  -8.2000158199e-04   1.2233793459e-05
  Atom   1:   2.9001852521e-02   1.6202200051e-02   1.0702192389e-02
  Atom   2:   1.1317619052e-03   6.2192209068e-04   1.2386996564e-03
  Atom   3:  -6.3099942155e-04   1.9712147895e-03   6.2649151803e-05
  Atom   4:  -3.6043707806e-03   2.8341952649e-04   1.4630529322e-05
  Atom   5:  -1.4208940864e-02  -1.3539042431e-02  -1.1410721881e-02
  Atom   6:  -9.0604886477e-03  -7.7520350735e-03   3.4145762157e-03
  Atom   7:  -6.4065280558e-03   2.5930864340e-03  -4.0503104756e-03
  Atom   8:   2.1039490468e-03   5.4237714028e-04   2.0208065852e-04
  Atom   9:  -3.9248905601e-04  -2.3256433416e-04  -2.1919228905e-04
  Atom  10:   1.2622380203e-04   6.4244202735e-05   1.2554596346e-04
  Atom  11:  -7.2331424863e-06   4.6515394899e-04   1.5282006148e-04
  Atom  12:   2.2592298798e-04   2.1591774941e-04   3.3835334932e-04
  Atom  13:  -8.0890133435e-04  -9.3390903106e-04  -1.2974006256e-03
  Atom  14:  -1.6337608373e-04  -2.7992764848e-04   1.2076793099e-03
  Atom  15:  -1.7482260573e-04   5.9797887741e-04  -4.9304388087e-04
[OPT] step = 0  energy = -62.7722455080  dE =               N/A  grad_max =  2.9001852521e-02  grad_rms =  6.4419685298e-03
[OPT] Geometry optimization did not converge in 1 steps.
Kylin-PBC Done.
Timer "Kylin-PBC main" used time: 29.38063 s.
