Kylin-PBC: v1.0.0

System time = 2026-06-25 18:14:49

OMP threads = 32

KYLIN_PBC_ROOT = "/home/rudin/code/kylin-pbc"
KYLIN_SCR_PATH = "/tmp"
KYLIN_JOB_PATH = "/home/rudin/code/kylin-pbc/art/example/internal/BN-HSE06-k333-FTDF"

SCF.xcfun                      = HSE06
SCF.basis                      = dzvp-sr
SCF.psudo                      = gth-pbe
SCF.kmesh                      = 3 3 3
SCF.gmesh                      = 6.0e-01
SCF.ispin                      = OFF
SCF.dspin                      = 0
SCF.eps_engy                   = 3.7e-09 [AU]
SCF.eps_grad                   = 1.0e-05 [AU]
SCF.eps_dmat                   = 1.0e-03
SCF.chk_load                   = 
SCF.chk_save                   = 
SCF.scf_guess                  = ATOM
SCF.max_cycle                  = 200
SCF.vdw_method                 = NONE
SCF.coul_method                = MGDF
SCF.xchg_method                = FTDF
SCF.xchg_exxocc                = OFF
SCF.xchg_exxace                = NONE
SCF.xchg_robust                = TILE
SCF.xchg_exxdiv                = EWALD
SCF.xchg_dropG0                = ON
SCF.lsdf_cparam                = 30
SCF.lsdf_mparam                = 5
SCF.lsdf_ipslct                = QRCP
SCF.lsdf_chocut                = 1.0e-08
SCF.lsdf_atmcut                = 2.5e+01
SCF.lsdf_aovcut                = 1.0e-07
SCF.lsdf_swzcut                = 0.0e+00
SCF.lsdf_pnocut                = 0.0e+00
SCF.lsdf_nafcut                = 0.0e+00
SCF.mgdf_ntasks                = 4
SCF.mgdf_kratio                = 3.0e+00
SCF.mgdf_cutoff                = 3.0e+02 [AU]
SCF.mgdf_relcut                = 3.0e+01
SCF.mgdf_prprec                = 1.0e-14
SCF.dmx_mix_method             = NONE
SCF.dmx_mix_start              = 1
SCF.dmx_mix_space              = 8
SCF.dmx_mix_alpha              = 3.0e-01
SCF.rho_mix_method             = NONE
SCF.rho_mix_start              = 1
SCF.rho_mix_space              = 8
SCF.rho_mix_alpha              = 3.0e-01
SCF.hks_mix_method             = BROY
SCF.hks_mix_start              = 1
SCF.hks_mix_space              = 8
SCF.hks_mix_alpha              = 3.0e-01
SCF.damp_factor                = 0.0e+00
SCF.level_shift                = 0.0e+00 [AU]
SCF.smear_method               = NONE
SCF.smear_sigma                = 0.0e+00 [AU]
SCF.soc                        = OFF
SCF.soc_window                 = 1.8e+00 [AU]
SCF.print_bandgap              = OFF
SCF.print_time                 = OFF

OPT.opt_method                 = BFGS
OPT.max_cycle                  = 0
OPT.eps_engy                   = 4.0e-06 [AU]
OPT.eps_grad                   = 4.0e-04 [AU]
OPT.trust_limit                = 3.0e-01 [AU]
OPT.damp_factor                = 0.0e+00
OPT.opt_mix_method             = NONE
OPT.opt_mix_start              = 1
OPT.opt_mix_space              = 5
OPT.opt_mix_alpha              = 3.0e-01
OPT.neb_method                 = FIRE
OPT.neb_lclimb                 = ON
OPT.neb_interp                 = IDPP
OPT.neb_nimage                 = 5
OPT.neb_spring                 = 1.0e-02 [AU]
OPT.neb_maxstep                = 7.6e-02 [AU]

PROP.calculation               = NONE
FREQ.freq_method               = FREE2
FREQ.fd_stepsize               = 2.8e-02 [AU]
DOS.dos_method                 = GAUSS
DOS.dos_sigma                  = 3.7e-03 [AU]
DOS.dos_npoint                 = 1001
DOS.dos_emin                   = 0.0e+00 [AU]
DOS.dos_emax                   = 0.0e+00 [AU]

OPT.mdx_ensemble               = NVE
OPT.mdx_thermostat             = NHC
OPT.mdx_max_step               = 0
OPT.mdx_timestep               = 4.0e+01 [AU]
OPT.mdx_temperature            = 9.5e-04 [AU]
OPT.mdx_pressure               = 0.0e+00 [AU]
OPT.mdx_thermo_tau             = 4.0e+03 [AU]
OPT.mdx_baro_tau               = 2.0e+04 [AU]
OPT.mdx_nhc_length             = 3
OPT.mdx_nhc_mts                = 3
OPT.mdx_constraint             = OFF
OPT.mdx_constraint_tol         = 1.0e-10
OPT.mdx_rng_seed               = 42

K-points mesh = 3 3 3

xc functional: "HSE06"
is hybrid: YES
HFX coeff: 0.25

Basis Set Name: "dzvp-sr"
number of shell = 6
number of basis = 26
gmesh = 38 38 38

Pseudopotential Name: "gth-pbe"
number of valence electron = 8

SCF Calculation.
K sampling = 3 3 3
[IGUESS] MINAO initial guess done. naofn = 26  nkpot = 27
[NELEC] step = 0  nelec = 8  neInt = 5.252991  dnelc = -2.7470093506e+00
[ENERG] step = 0  eTotl = -12.97625262  eCore = 1.54838293  eCoul = 0.69739627  eExcl = -2.06836111  eNucl = -13.15367071  eDisp = 0.00000000
[ERROR] step = 0  engy error =  0.0000000000e+00  grad error =  0.0000000000e+00  dmat error =  0.0000000000e+00
Timer "SCF cycle: 0" used time: 36.15007 s.

[NELEC] step = 1  nelec = 8  neInt = 8.000000  dnelc =  1.3216094885e-12
[ENERG] step = 1  eTotl = -12.36272346  eCore = 1.37813580  eCoul = 3.61376559  eExcl = -4.20095414  eNucl = -13.15367071  eDisp = 0.00000000
[ERROR] step = 1  engy error =  6.1352915581e-01  grad error =  0.0000000000e+00  dmat error =  1.8608782853e+00
Timer "SCF cycle: 1" used time: 51.04637 s.

[NELEC] step = 2  nelec = 8  neInt = 8.000000  dnelc =  1.6644463585e-12
[ENERG] step = 2  eTotl = -12.78577137  eCore = 1.84956479  eCoul = 2.41066931  eExcl = -3.89233476  eNucl = -13.15367071  eDisp = 0.00000000
[ERROR] step = 2  engy error = -4.2304791067e-01  grad error =  0.0000000000e+00  dmat error =  9.1416904240e-01
Timer "SCF cycle: 2" used time: 47.80800 s.

[NELEC] step = 3  nelec = 8  neInt = 8.000000  dnelc =  1.7852386236e-12
[ENERG] step = 3  eTotl = -12.84753804  eCore = 2.13566196  eCoul = 1.93745736  eExcl = -3.76698665  eNucl = -13.15367071  eDisp = 0.00000000
[ERROR] step = 3  engy error = -6.1766663271e-02  grad error =  0.0000000000e+00  dmat error =  3.9720207709e-01
Timer "SCF cycle: 3" used time: 44.97647 s.

[NELEC] step = 4  nelec = 8  neInt = 8.000000  dnelc =  1.7568169142e-12
[ENERG] step = 4  eTotl = -12.85028554  eCore = 2.19173126  eCoul = 1.85358273  eExcl = -3.74192882  eNucl = -13.15367071  eDisp = 0.00000000
[ERROR] step = 4  engy error = -2.7475010290e-03  grad error =  0.0000000000e+00  dmat error =  1.6856020072e-01
Timer "SCF cycle: 4" used time: 34.39587 s.

[NELEC] step = 5  nelec = 8  neInt = 8.000000  dnelc =  1.7568169142e-12
[ENERG] step = 5  eTotl = -12.85030933  eCore = 2.19814912  eCoul = 1.84447147  eExcl = -3.73925921  eNucl = -13.15367071  eDisp = 0.00000000
[ERROR] step = 5  engy error = -2.3792573236e-05  grad error =  0.0000000000e+00  dmat error =  1.2741605059e-02
Timer "SCF cycle: 5" used time: 36.23242 s.

[NELEC] step = 6  nelec = 8  neInt = 8.000000  dnelc =  1.7568169142e-12
[ENERG] step = 6  eTotl = -12.85032071  eCore = 2.19995347  eCoul = 1.84217356  eExcl = -3.73877703  eNucl = -13.15367071  eDisp = 0.00000000
[ERROR] step = 6  engy error = -1.1380678686e-05  grad error =  0.0000000000e+00  dmat error =  9.1391772141e-03
Timer "SCF cycle: 6" used time: 35.68986 s.

[NELEC] step = 7  nelec = 8  neInt = 8.000000  dnelc =  1.7568169142e-12
[ENERG] step = 7  eTotl = -12.85032072  eCore = 2.20002925  eCoul = 1.84206934  eExcl = -3.73874861  eNucl = -13.15367071  eDisp = 0.00000000
[ERROR] step = 7  engy error = -1.4592819397e-08  grad error =  0.0000000000e+00  dmat error =  2.6948386211e-04
Timer "SCF cycle: 7" used time: 50.54001 s.

[NELEC] step = 8  nelec = 8  neInt = 8.000000  dnelc =  1.7550405573e-12
[ENERG] step = 8  eTotl = -12.85032073  eCore = 2.19998128  eCoul = 1.84213730  eExcl = -3.73876860  eNucl = -13.15367071  eDisp = 0.00000000
[ERROR] step = 8  engy error = -4.2439172177e-09  grad error =  0.0000000000e+00  dmat error =  1.1669314037e-04
Timer "SCF cycle: 8" used time: 48.73486 s.

[NELEC] step = 9  nelec = 8  neInt = 8.000000  dnelc =  1.7550405573e-12
[ENERG] step = 9  eTotl = -12.85032073  eCore = 2.19997277  eCoul = 1.84214724  eExcl = -3.73877003  eNucl = -13.15367071  eDisp = 0.00000000
[ERROR] step = 9  engy error = -4.3296388696e-10  grad error =  0.0000000000e+00  dmat error =  9.3404279283e-05
SCF converged in 9 steps.
Kylin-PBC Done.
Timer "Kylin-PBC main" used time: 419.9067 s.
