Kylin-PBC: v1.0.0

System time = 2026-09-30 20:05:35

OMP threads = 32

KYLIN_PBC_ROOT = "/home/rudin/code/kylin-pbc"
KYLIN_SCR_PATH = "/tmp"
KYLIN_JOB_PATH = "/home/rudin/tmp-review-ionic/BN16/none/c40"

SCF.xcfun                      = HSE06
SCF.basis                      = dzvp-sr
SCF.psudo                      = gth-pbe
SCF.kmesh                      = 1 1 1
SCF.gmesh                      = 5.0e-01
SCF.ispin                      = OFF
SCF.dspin                      = 0
SCF.eps_engy                   = 3.7e-09 [AU]
SCF.eps_grad                   = 1.0e-05 [AU]
SCF.eps_dmat                   = 1.0e-03
SCF.chk_load                   = 
SCF.chk_save                   = 
SCF.scf_guess                  = ATOM
SCF.max_cycle                  = 200
SCF.vdw_method                 = NONE
SCF.coul_method                = MGDF
SCF.xchg_method                = LSDF
SCF.xchg_exxocc                = OFF
SCF.xchg_exxace                = NONE
SCF.xchg_robust                = NONE
SCF.xchg_exxdiv                = EWALD
SCF.xchg_dropG0                = ON
SCF.lsdf_cparam                = 40
SCF.lsdf_mparam                = 5
SCF.lsdf_ipslct                = QRCP
SCF.lsdf_chocut                = 1.0e-08
SCF.lsdf_atmcut                = 2.5e+01
SCF.lsdf_aovcut                = 1.0e-07
SCF.lsdf_swzcut                = 0.0e+00
SCF.lsdf_pnocut                = 0.0e+00
SCF.lsdf_nafcut                = 0.0e+00
SCF.mgdf_ntasks                = 4
SCF.mgdf_kratio                = 3.0e+00
SCF.mgdf_cutoff                = 3.0e+02 [AU]
SCF.mgdf_relcut                = 3.0e+01
SCF.mgdf_prprec                = 1.0e-14
SCF.dmx_mix_method             = NONE
SCF.dmx_mix_start              = 1
SCF.dmx_mix_space              = 8
SCF.dmx_mix_alpha              = 3.0e-01
SCF.rho_mix_method             = NONE
SCF.rho_mix_start              = 1
SCF.rho_mix_space              = 8
SCF.rho_mix_alpha              = 3.0e-01
SCF.hks_mix_method             = BROY
SCF.hks_mix_start              = 1
SCF.hks_mix_space              = 8
SCF.hks_mix_alpha              = 3.0e-01
SCF.damp_factor                = 0.0e+00
SCF.level_shift                = 0.0e+00 [AU]
SCF.smear_method               = NONE
SCF.smear_sigma                = 0.0e+00 [AU]
SCF.soc                        = OFF
SCF.soc_window                 = 1.8e+00 [AU]
SCF.print_bandgap              = OFF
SCF.print_time                 = OFF

OPT.opt_method                 = BFGS
OPT.max_cycle                  = 1
OPT.eps_engy                   = 4.0e-06 [AU]
OPT.eps_grad                   = 4.0e-04 [AU]
OPT.trust_limit                = 3.0e-01 [AU]
OPT.damp_factor                = 0.0e+00
OPT.opt_mix_method             = NONE
OPT.opt_mix_start              = 1
OPT.opt_mix_space              = 5
OPT.opt_mix_alpha              = 3.0e-01
OPT.neb_method                 = FIRE
OPT.neb_lclimb                 = ON
OPT.neb_interp                 = IDPP
OPT.neb_nimage                 = 5
OPT.neb_spring                 = 1.0e-02 [AU]
OPT.neb_maxstep                = 7.6e-02 [AU]

PROP.calculation               = NONE
FREQ.freq_method               = FREE2
FREQ.fd_stepsize               = 2.8e-02 [AU]
DOS.dos_method                 = GAUSS
DOS.dos_sigma                  = 3.7e-03 [AU]
DOS.dos_npoint                 = 1001
DOS.dos_emin                   = 0.0e+00 [AU]
DOS.dos_emax                   = 0.0e+00 [AU]

OPT.mdx_ensemble               = NVE
OPT.mdx_thermostat             = NHC
OPT.mdx_max_step               = 0
OPT.mdx_timestep               = 4.0e+01 [AU]
OPT.mdx_temperature            = 9.5e-04 [AU]
OPT.mdx_pressure               = 0.0e+00 [AU]
OPT.mdx_thermo_tau             = 4.0e+03 [AU]
OPT.mdx_baro_tau               = 2.0e+04 [AU]
OPT.mdx_nhc_length             = 3
OPT.mdx_nhc_mts                = 3
OPT.mdx_constraint             = OFF
OPT.mdx_constraint_tol         = 1.0e-10
OPT.mdx_rng_seed               = 42

K-points mesh = 1 1 1

xc functional: "HSE06"
is hybrid: YES
HFX coeff: 0.25

Basis Set Name: "dzvp-sr"
number of shell = 48
number of basis = 208
gmesh = 44 44 87

Pseudopotential Name: "gth-pbe"
number of valence electron = 64

OPT Calculation.

==============================================================
                   Geometry Optimization                      
==============================================================
  method      = BFGS
  max_cycle   = 1
  eps_engy    = 4.000000e-06
  eps_grad    = 4.000000e-04
  trust_limit = 0.300000
  natom       = 16
  nfree       = 48 / 48
==============================================================

--------------------------------------------------------------
  OPT step 0
--------------------------------------------------------------
[OPT] Cell structure (Angstrom):
       3.61500000       0.00000000       0.00000000
       0.00000000       3.61500000       0.00000000
       0.00000000       0.00000000       7.23000000

Cart
B          0.00000000       0.00000000       0.00000000   T T T
B          0.10000000       1.85750000       1.83750000   T T T
B          1.80750000       0.00000000       1.80750000   T T T
B          1.80750000       1.80750000       0.00000000   T T T
N          0.90375000       0.90375000       0.90375000   T T T
N          0.90375000       2.71125000       2.71125000   T T T
N          2.71125000       0.90375000       2.71125000   T T T
N          2.71125000       2.71125000       0.90375000   T T T
B          0.00000000       0.00000000       3.61500000   T T T
B          0.00000000       1.80750000       5.42250000   T T T
B          1.80750000       0.00000000       5.42250000   T T T
B          1.80750000       1.80750000       3.61500000   T T T
N          0.90375000       0.90375000       4.51875000   T T T
N          0.90375000       2.71125000       6.32625000   T T T
N          2.71125000       0.90375000       6.32625000   T T T
N          2.71125000       2.71125000       4.51875000   T T T

[OPT] Cell written to /home/rudin/tmp-review-ionic/BN16/none/c40/opt_img/cell_opt_0.txt
[LSDF] gmesh = (44, 44, 87), ngrid = 168432, naofn = 208, natom = 16
Timer "[LSDF] Voronoi partition" used time: 0.004204 s.
Timer "[LSDF] AO evaluation + screening" used time: 0.547537 s.
[LSDF] IP method: randomized QRCP (c=40, m=5)
[LSDF] total IPs selected: 8400 (4.9872% of grid)
Timer "[LSDF] IP selection" used time: 1.194434 s.
Timer "[LSDF] aux basis fitting" used time: 0.603466 s.
[LSDF] Step 5 diagnostics: natom=16, ngrid=168432, naux_total=8400
[LSDF]   OMP threads=32, MKL threads=32
[LSDF]   Vmat_loc total size: 8400 x 168432 = 10.54 GB
Timer "[LSDF]   5a Vmat_loc alloc+FFT" used time: 0.986234 s.
[LSDF]   W size: 8400 x 8400 = 538.33 MB, max_npart=10885
Timer "[LSDF]   5b W construction (DGEMM)" used time: 0.401909 s.
Timer "[LSDF]   5c Wmat symmetrize" used time: 0.028318 s.
[LSDF]   robust_mode=NONE: freeing Vmat_loc
Timer "[LSDF] V/W construction" used time: 1.968987 s.
[LSDF] xchg phases: A=0.004 s, B(K_W)=0.035 s, C(K_V)=0.000 s, E(reduce)=0.001 s
[NELEC] step = 0  nelec = 64  neInt = 64.000000  dnelc =  2.2468498173e-09
[ENERG] step = 0  eTotl = -105.01640069  eCore = 18.41671619  eCoul = 12.41189606  eExcl = -30.51147243  eNucl = -105.33354051  eDisp = 0.00000000
[ERROR] step = 0  engy error =  0.0000000000e+00  grad error =  0.0000000000e+00  dmat error =  0.0000000000e+00
Timer "SCF cycle: 0" used time: 0.463672 s.

[LSDF] xchg phases: A=0.001 s, B(K_W)=0.025 s, C(K_V)=0.000 s, E(reduce)=0.000 s
[NELEC] step = 1  nelec = 64  neInt = 64.000000  dnelc =  2.9623095088e-09
[ENERG] step = 1  eTotl = -102.55417760  eCore = 16.50426531  eCoul = 16.77784590  eExcl = -30.50274830  eNucl = -105.33354051  eDisp = 0.00000000
[ERROR] step = 1  engy error =  2.4622230922e+00  grad error =  0.0000000000e+00  dmat error =  1.6189536312e+00
Timer "SCF cycle: 1" used time: 0.414289 s.

[LSDF] xchg phases: A=0.001 s, B(K_W)=0.025 s, C(K_V)=0.000 s, E(reduce)=0.000 s
[NELEC] step = 2  nelec = 64  neInt = 64.000000  dnelc =  3.0370586046e-09
[ENERG] step = 2  eTotl = -102.66312061  eCore = 17.32886593  eCoul = 15.51815871  eExcl = -30.17660474  eNucl = -105.33354051  eDisp = 0.00000000
[ERROR] step = 2  engy error = -1.0894301005e-01  grad error =  0.0000000000e+00  dmat error =  1.1233900741e-01
Timer "SCF cycle: 2" used time: 0.409926 s.

[LSDF] xchg phases: A=0.001 s, B(K_W)=0.025 s, C(K_V)=0.000 s, E(reduce)=0.000 s
[NELEC] step = 3  nelec = 64  neInt = 64.000000  dnelc =  3.0920261906e-09
[ENERG] step = 3  eTotl = -102.67427780  eCore = 18.22777677  eCoul = 14.29323969  eExcl = -29.86175375  eNucl = -105.33354051  eDisp = 0.00000000
[ERROR] step = 3  engy error = -1.1157193121e-02  grad error =  0.0000000000e+00  dmat error =  1.3473500582e-01
Timer "SCF cycle: 3" used time: 0.409725 s.

[LSDF] xchg phases: A=0.001 s, B(K_W)=0.025 s, C(K_V)=0.000 s, E(reduce)=0.000 s
[NELEC] step = 4  nelec = 64  neInt = 64.000000  dnelc =  3.1037643566e-09
[ENERG] step = 4  eTotl = -102.68459983  eCore = 17.90639009  eCoul = 14.71683659  eExcl = -29.97428599  eNucl = -105.33354051  eDisp = 0.00000000
[ERROR] step = 4  engy error = -1.0322024660e-02  grad error =  0.0000000000e+00  dmat error =  2.9123117456e-02
Timer "SCF cycle: 4" used time: 0.409805 s.

[LSDF] xchg phases: A=0.001 s, B(K_W)=0.025 s, C(K_V)=0.000 s, E(reduce)=0.000 s
[NELEC] step = 5  nelec = 64  neInt = 64.000000  dnelc =  3.1054128158e-09
[ENERG] step = 5  eTotl = -102.68523998  eCore = 17.80566764  eCoul = 14.85291904  eExcl = -30.01028615  eNucl = -105.33354051  eDisp = 0.00000000
[ERROR] step = 5  engy error = -6.4015038846e-04  grad error =  0.0000000000e+00  dmat error =  9.8498512613e-03
Timer "SCF cycle: 5" used time: 0.411689 s.

[LSDF] xchg phases: A=0.001 s, B(K_W)=0.025 s, C(K_V)=0.000 s, E(reduce)=0.000 s
[NELEC] step = 6  nelec = 64  neInt = 64.000000  dnelc =  3.1058249306e-09
[ENERG] step = 6  eTotl = -102.68524275  eCore = 17.80517789  eCoul = 14.85362158  eExcl = -30.01050171  eNucl = -105.33354051  eDisp = 0.00000000
[ERROR] step = 6  engy error = -2.7720930262e-06  grad error =  0.0000000000e+00  dmat error =  9.4532772680e-04
Timer "SCF cycle: 6" used time: 0.412750 s.

[LSDF] xchg phases: A=0.001 s, B(K_W)=0.025 s, C(K_V)=0.000 s, E(reduce)=0.000 s
[NELEC] step = 7  nelec = 64  neInt = 64.000000  dnelc =  3.1063507322e-09
[ENERG] step = 7  eTotl = -102.68524416  eCore = 17.80527111  eCoul = 14.85355812  eExcl = -30.01053287  eNucl = -105.33354051  eDisp = 0.00000000
[ERROR] step = 7  engy error = -1.4094971306e-06  grad error =  0.0000000000e+00  dmat error =  1.1934594555e-03
Timer "SCF cycle: 7" used time: 0.413667 s.

[NELEC] step = 8  nelec = 64  neInt = 64.000000  dnelc =  3.1063933648e-09
[ENERG] step = 8  eTotl = -102.68524421  eCore = 17.80545560  eCoul = 14.85331967  eExcl = -30.01047896  eNucl = -105.33354051  eDisp = 0.00000000
[ERROR] step = 8  engy error = -4.3877861344e-08  grad error =  0.0000000000e+00  dmat error =  1.7407467987e-04
Timer "SCF cycle: 8" used time: 0.419040 s.

[NELEC] step = 9  nelec = 64  neInt = 64.000000  dnelc =  3.1062654671e-09
[ENERG] step = 9  eTotl = -102.68524421  eCore = 17.80544695  eCoul = 14.85333460  eExcl = -30.01048525  eNucl = -105.33354051  eDisp = 0.00000000
[ERROR] step = 9  engy error = -5.5220255035e-09  grad error =  0.0000000000e+00  dmat error =  5.0344773438e-05
Timer "SCF cycle: 9" used time: 0.461171 s.

[NELEC] step = 10  nelec = 64  neInt = 64.000000  dnelc =  3.1062796779e-09
[ENERG] step = 10  eTotl = -102.68524421  eCore = 17.80543918  eCoul = 14.85334521  eExcl = -30.01048810  eNucl = -105.33354051  eDisp = 0.00000000
[ERROR] step = 10  engy error = -1.4210854715e-10  grad error =  0.0000000000e+00  dmat error =  3.2816473161e-06
SCF converged in 10 steps.
[LSDF] xchg_d10: robust_mode=NONE, no V data -> full-grid FFT path
[GRADIENT] SCF type: GRKS | atoms: 16 | DOF: 48 | time: 47.503 s
  Atom   0:   5.9033657984e-03  -2.4572172286e-03  -2.2292792413e-03
  Atom   1:   6.6159527288e-02   3.7416106708e-02   2.5908305797e-02
  Atom   2:  -1.2282001325e-02  -6.0514244359e-03   4.1766725533e-03
  Atom   3:  -7.4772612046e-03   1.7608577948e-03  -1.9046218858e-03
  Atom   4:  -9.0064516844e-03  -3.4881454304e-03  -4.1962563034e-03
  Atom   5:  -2.1715107535e-02  -1.7089703959e-02  -1.2298806051e-02
  Atom   6:  -1.0501612945e-02  -7.8094078919e-03  -4.6828080657e-03
  Atom   7:  -9.7496269695e-03  -1.6569309411e-03  -3.8690950162e-03
  Atom   8:   7.6091232737e-03  -6.0784825692e-03  -1.9690616928e-03
  Atom   9:   2.1581103448e-03   1.0678162651e-03  -9.5589951586e-04
  Atom  10:  -2.1686613193e-03  -1.0946374913e-03  -1.0998259743e-03
  Atom  11:  -9.6907283604e-03   5.1596523646e-03  -2.3265142984e-03
  Atom  12:   3.9162316361e-04   9.0232913308e-05   2.0055720866e-03
  Atom  13:  -5.1786132736e-04  -6.9015441531e-04  -6.1133502862e-04
  Atom  14:   1.0213177747e-06  -8.4508870985e-04   3.3920043252e-03
  Atom  15:   8.1791444768e-04   1.7790550578e-03   6.9537396704e-04
[OPT] step = 0  energy = -102.6852442110  dE =               N/A  grad_max =  6.6159527288e-02  grad_rms =  1.3192289634e-02
[OPT] Geometry optimization did not converge in 1 steps.
Kylin-PBC Done.
Timer "Kylin-PBC main" used time: 57.81136 s.
