Kylin-PBC: v1.0.0

System time = 2026-09-30 20:06:44

OMP threads = 32

KYLIN_PBC_ROOT = "/home/rudin/code/kylin-pbc"
KYLIN_SCR_PATH = "/tmp"
KYLIN_JOB_PATH = "/home/rudin/tmp-review-ionic/MgO16/none/c05"

SCF.xcfun                      = HSE06
SCF.basis                      = dzvp-sr
SCF.psudo                      = gth-pbe
SCF.kmesh                      = 1 1 1
SCF.gmesh                      = 5.0e-01
SCF.ispin                      = OFF
SCF.dspin                      = 0
SCF.eps_engy                   = 3.7e-09 [AU]
SCF.eps_grad                   = 1.0e-05 [AU]
SCF.eps_dmat                   = 1.0e-03
SCF.chk_load                   = 
SCF.chk_save                   = 
SCF.scf_guess                  = ATOM
SCF.max_cycle                  = 200
SCF.vdw_method                 = NONE
SCF.coul_method                = MGDF
SCF.xchg_method                = LSDF
SCF.xchg_exxocc                = OFF
SCF.xchg_exxace                = NONE
SCF.xchg_robust                = NONE
SCF.xchg_exxdiv                = EWALD
SCF.xchg_dropG0                = ON
SCF.lsdf_cparam                = 5
SCF.lsdf_mparam                = 5
SCF.lsdf_ipslct                = QRCP
SCF.lsdf_chocut                = 1.0e-08
SCF.lsdf_atmcut                = 2.5e+01
SCF.lsdf_aovcut                = 1.0e-07
SCF.lsdf_swzcut                = 0.0e+00
SCF.lsdf_pnocut                = 0.0e+00
SCF.lsdf_nafcut                = 0.0e+00
SCF.mgdf_ntasks                = 4
SCF.mgdf_kratio                = 3.0e+00
SCF.mgdf_cutoff                = 3.0e+02 [AU]
SCF.mgdf_relcut                = 3.0e+01
SCF.mgdf_prprec                = 1.0e-14
SCF.dmx_mix_method             = NONE
SCF.dmx_mix_start              = 1
SCF.dmx_mix_space              = 8
SCF.dmx_mix_alpha              = 3.0e-01
SCF.rho_mix_method             = NONE
SCF.rho_mix_start              = 1
SCF.rho_mix_space              = 8
SCF.rho_mix_alpha              = 3.0e-01
SCF.hks_mix_method             = BROY
SCF.hks_mix_start              = 1
SCF.hks_mix_space              = 8
SCF.hks_mix_alpha              = 3.0e-01
SCF.damp_factor                = 0.0e+00
SCF.level_shift                = 0.0e+00 [AU]
SCF.smear_method               = NONE
SCF.smear_sigma                = 0.0e+00 [AU]
SCF.soc                        = OFF
SCF.soc_window                 = 1.8e+00 [AU]
SCF.print_bandgap              = OFF
SCF.print_time                 = OFF

OPT.opt_method                 = BFGS
OPT.max_cycle                  = 1
OPT.eps_engy                   = 4.0e-06 [AU]
OPT.eps_grad                   = 4.0e-04 [AU]
OPT.trust_limit                = 3.0e-01 [AU]
OPT.damp_factor                = 0.0e+00
OPT.opt_mix_method             = NONE
OPT.opt_mix_start              = 1
OPT.opt_mix_space              = 5
OPT.opt_mix_alpha              = 3.0e-01
OPT.neb_method                 = FIRE
OPT.neb_lclimb                 = ON
OPT.neb_interp                 = IDPP
OPT.neb_nimage                 = 5
OPT.neb_spring                 = 1.0e-02 [AU]
OPT.neb_maxstep                = 7.6e-02 [AU]

PROP.calculation               = NONE
FREQ.freq_method               = FREE2
FREQ.fd_stepsize               = 2.8e-02 [AU]
DOS.dos_method                 = GAUSS
DOS.dos_sigma                  = 3.7e-03 [AU]
DOS.dos_npoint                 = 1001
DOS.dos_emin                   = 0.0e+00 [AU]
DOS.dos_emax                   = 0.0e+00 [AU]

OPT.mdx_ensemble               = NVE
OPT.mdx_thermostat             = NHC
OPT.mdx_max_step               = 0
OPT.mdx_timestep               = 4.0e+01 [AU]
OPT.mdx_temperature            = 9.5e-04 [AU]
OPT.mdx_pressure               = 0.0e+00 [AU]
OPT.mdx_thermo_tau             = 4.0e+03 [AU]
OPT.mdx_baro_tau               = 2.0e+04 [AU]
OPT.mdx_nhc_length             = 3
OPT.mdx_nhc_mts                = 3
OPT.mdx_constraint             = OFF
OPT.mdx_constraint_tol         = 1.0e-10
OPT.mdx_rng_seed               = 42

K-points mesh = 1 1 1

xc functional: "HSE06"
is hybrid: YES
HFX coeff: 0.25

Basis Set Name: "dzvp-sr"
number of shell = 40
number of basis = 176
gmesh = 98 98 195

Pseudopotential Name: "gth-pbe"
number of valence electron = 128

OPT Calculation.

==============================================================
                   Geometry Optimization                      
==============================================================
  method      = BFGS
  max_cycle   = 1
  eps_engy    = 4.000000e-06
  eps_grad    = 4.000000e-04
  trust_limit = 0.300000
  natom       = 16
  nfree       = 48 / 48
==============================================================

--------------------------------------------------------------
  OPT step 0
--------------------------------------------------------------
[OPT] Cell structure (Angstrom):
       4.21700000       0.00000000       0.00000000
       0.00000000       4.21700000       0.00000000
       0.00000000       0.00000000       8.43400000

Cart
Mg         0.00000000       0.00000000       0.00000000   T T T
Mg         0.10000000       2.15850000       2.13850000   T T T
Mg         2.10850000       0.00000000       2.10850000   T T T
Mg         2.10850000       2.10850000       0.00000000   T T T
O          2.10850000       2.10850000       2.10850000   T T T
O          2.10850000       4.21700000       4.21700000   T T T
O          4.21700000       2.10850000       4.21700000   T T T
O          4.21700000       4.21700000       2.10850000   T T T
Mg         0.00000000       0.00000000       4.21700000   T T T
Mg         0.00000000       2.10850000       6.32550000   T T T
Mg         2.10850000       0.00000000       6.32550000   T T T
Mg         2.10850000       2.10850000       4.21700000   T T T
O          2.10850000       2.10850000       6.32550000   T T T
O          2.10850000       4.21700000       8.43400000   T T T
O          4.21700000       2.10850000       8.43400000   T T T
O          4.21700000       4.21700000       6.32550000   T T T

[OPT] Cell written to /home/rudin/tmp-review-ionic/MgO16/none/c05/opt_img/cell_opt_0.txt
[LSDF] gmesh = (98, 98, 195), ngrid = 1872780, naofn = 176, natom = 16
Timer "[LSDF] Voronoi partition" used time: 0.021791 s.
Timer "[LSDF] AO evaluation + screening" used time: 4.585341 s.
[LSDF] IP method: randomized QRCP (c=5, m=5)
[LSDF] total IPs selected: 960 (0.0513% of grid)
Timer "[LSDF] IP selection" used time: 2.497340 s.
Timer "[LSDF] aux basis fitting" used time: 1.065744 s.
[LSDF] Step 5 diagnostics: natom=16, ngrid=1872780, naux_total=960
[LSDF]   OMP threads=32, MKL threads=32
[LSDF]   Vmat_loc total size: 960 x 1872780 = 13.40 GB
Timer "[LSDF]   5a Vmat_loc alloc+FFT" used time: 1.158589 s.
[LSDF]   W size: 960 x 960 = 7.03 MB, max_npart=118186
Timer "[LSDF]   5b W construction (DGEMM)" used time: 0.090438 s.
Timer "[LSDF]   5c Wmat symmetrize" used time: 0.000372 s.
[LSDF]   robust_mode=NONE: freeing Vmat_loc
Timer "[LSDF] V/W construction" used time: 1.916169 s.
[LSDF] xchg phases: A=0.000 s, B(K_W)=0.002 s, C(K_V)=0.000 s, E(reduce)=0.000 s
[NELEC] step = 0  nelec = 128  neInt = 128.000000  dnelc = -3.6098981582e-09
[ENERG] step = 0  eTotl = -635.48096489  eCore = -337.00186663  eCoul = 174.38894144  eExcl = -94.35280012  eNucl = -378.51523958  eDisp = 0.00000000
[ERROR] step = 0  engy error =  0.0000000000e+00  grad error =  0.0000000000e+00  dmat error =  0.0000000000e+00
Timer "SCF cycle: 0" used time: 1.576198 s.

[LSDF] xchg phases: A=0.000 s, B(K_W)=0.001 s, C(K_V)=0.000 s, E(reduce)=0.000 s
[NELEC] step = 1  nelec = 128  neInt = 128.000000  dnelc = -2.1224664692e-08
[ENERG] step = 1  eTotl = -634.42887013  eCore = -366.78626080  eCoul = 212.96217879  eExcl = -102.08954853  eNucl = -378.51523958  eDisp = 0.00000000
[ERROR] step = 1  engy error =  1.0520947632e+00  grad error =  0.0000000000e+00  dmat error =  1.6421986509e+00
Timer "SCF cycle: 1" used time: 1.501841 s.

[LSDF] xchg phases: A=0.000 s, B(K_W)=0.002 s, C(K_V)=0.000 s, E(reduce)=0.000 s
[NELEC] step = 2  nelec = 128  neInt = 128.000000  dnelc = -2.1300380126e-08
[ENERG] step = 2  eTotl = -635.29405577  eCore = -362.40129427  eCoul = 205.72857989  eExcl = -100.10610181  eNucl = -378.51523958  eDisp = 0.00000000
[ERROR] step = 2  engy error = -8.6518564561e-01  grad error =  0.0000000000e+00  dmat error =  2.1355507537e-01
Timer "SCF cycle: 2" used time: 1.467182 s.

[LSDF] xchg phases: A=0.000 s, B(K_W)=0.001 s, C(K_V)=0.000 s, E(reduce)=0.000 s
[NELEC] step = 3  nelec = 128  neInt = 128.000000  dnelc = -1.7903545313e-08
[ENERG] step = 3  eTotl = -635.42692534  eCore = -357.98268899  eCoul = 199.64577440  eExcl = -98.57477116  eNucl = -378.51523958  eDisp = 0.00000000
[ERROR] step = 3  engy error = -1.3286956294e-01  grad error =  0.0000000000e+00  dmat error =  2.6666195556e-01
Timer "SCF cycle: 3" used time: 1.452069 s.

[LSDF] xchg phases: A=0.000 s, B(K_W)=0.001 s, C(K_V)=0.000 s, E(reduce)=0.000 s
[NELEC] step = 4  nelec = 128  neInt = 128.000000  dnelc = -1.5045870327e-08
[ENERG] step = 4  eTotl = -635.44925928  eCore = -357.64624845  eCoul = 199.37644200  eExcl = -98.66421325  eNucl = -378.51523958  eDisp = 0.00000000
[ERROR] step = 4  engy error = -2.2333944363e-02  grad error =  0.0000000000e+00  dmat error =  7.4585941607e-02
Timer "SCF cycle: 4" used time: 1.465630 s.

[LSDF] xchg phases: A=0.000 s, B(K_W)=0.001 s, C(K_V)=0.000 s, E(reduce)=0.000 s
[NELEC] step = 5  nelec = 128  neInt = 128.000000  dnelc = -1.6073315123e-08
[ENERG] step = 5  eTotl = -635.45074055  eCore = -358.15301021  eCoul = 200.01717478  eExcl = -98.79966554  eNucl = -378.51523958  eDisp = 0.00000000
[ERROR] step = 5  engy error = -1.4812735690e-03  grad error =  0.0000000000e+00  dmat error =  5.0280891657e-02
Timer "SCF cycle: 5" used time: 1.486186 s.

[LSDF] xchg phases: A=0.001 s, B(K_W)=0.003 s, C(K_V)=0.000 s, E(reduce)=0.000 s
[NELEC] step = 6  nelec = 128  neInt = 128.000000  dnelc = -1.5978940837e-08
[ENERG] step = 6  eTotl = -635.45075738  eCore = -358.12079404  eCoul = 199.97968590  eExcl = -98.79440966  eNucl = -378.51523958  eDisp = 0.00000000
[ERROR] step = 6  engy error = -1.6827463469e-05  grad error =  0.0000000000e+00  dmat error =  3.3724720181e-03
Timer "SCF cycle: 6" used time: 1.488692 s.

[LSDF] xchg phases: A=0.000 s, B(K_W)=0.002 s, C(K_V)=0.000 s, E(reduce)=0.000 s
[NELEC] step = 7  nelec = 128  neInt = 128.000000  dnelc = -1.5990082147e-08
[ENERG] step = 7  eTotl = -635.45075765  eCore = -358.12377559  eCoul = 199.98330522  eExcl = -98.79504770  eNucl = -378.51523958  eDisp = 0.00000000
[ERROR] step = 7  engy error = -2.6821851407e-07  grad error =  0.0000000000e+00  dmat error =  3.2297531548e-04
Timer "SCF cycle: 7" used time: 1.506048 s.

[NELEC] step = 8  nelec = 128  neInt = 128.000000  dnelc = -1.5991091118e-08
[ENERG] step = 8  eTotl = -635.45075789  eCore = -358.12272691  eCoul = 199.98215531  eExcl = -98.79494671  eNucl = -378.51523958  eDisp = 0.00000000
[ERROR] step = 8  engy error = -2.4069015581e-07  grad error =  0.0000000000e+00  dmat error =  2.5720314474e-04
Timer "SCF cycle: 8" used time: 1.453144 s.

[NELEC] step = 9  nelec = 128  neInt = 128.000000  dnelc = -1.5991588498e-08
[ENERG] step = 9  eTotl = -635.45075790  eCore = -358.12269237  eCoul = 199.98213372  eExcl = -98.79495967  eNucl = -378.51523958  eDisp = 0.00000000
[ERROR] step = 9  engy error = -9.2315985967e-09  grad error =  0.0000000000e+00  dmat error =  4.2294275770e-05
Timer "SCF cycle: 9" used time: 1.486024 s.

[NELEC] step = 10  nelec = 128  neInt = 128.000000  dnelc = -1.5991531654e-08
[ENERG] step = 10  eTotl = -635.45075791  eCore = -358.12257886  eCoul = 199.98200041  eExcl = -98.79493989  eNucl = -378.51523958  eDisp = 0.00000000
[ERROR] step = 10  engy error = -1.4845454643e-08  grad error =  0.0000000000e+00  dmat error =  2.2214254017e-05
Timer "SCF cycle: 10" used time: 1.495742 s.

[NELEC] step = 11  nelec = 128  neInt = 128.000000  dnelc = -1.5991588498e-08
[ENERG] step = 11  eTotl = -635.45075790  eCore = -358.12261460  eCoul = 199.98204485  eExcl = -98.79494857  eNucl = -378.51523958  eDisp = 0.00000000
[ERROR] step = 11  engy error =  1.4818851923e-08  grad error =  0.0000000000e+00  dmat error =  5.1172683544e-06
Timer "SCF cycle: 11" used time: 1.474183 s.

[NELEC] step = 12  nelec = 128  neInt = 128.000000  dnelc = -1.5991702185e-08
[ENERG] step = 12  eTotl = -635.45075791  eCore = -358.12260204  eCoul = 199.98202897  eExcl = -98.79494526  eNucl = -378.51523958  eDisp = 0.00000000
[ERROR] step = 12  engy error = -1.4680267668e-08  grad error =  0.0000000000e+00  dmat error =  1.1969624205e-06
Timer "SCF cycle: 12" used time: 1.462802 s.

[NELEC] step = 13  nelec = 128  neInt = 128.000000  dnelc = -1.5991702185e-08
[ENERG] step = 13  eTotl = -635.45075791  eCore = -358.12260266  eCoul = 199.98202978  eExcl = -98.79494546  eNucl = -378.51523958  eDisp = 0.00000000
[ERROR] step = 13  engy error = -1.1368683772e-12  grad error =  0.0000000000e+00  dmat error =  8.3209982771e-07
SCF converged in 13 steps.
[LSDF] xchg_d10: robust_mode=NONE, no V data -> full-grid FFT path
[GRADIENT] SCF type: GRKS | atoms: 16 | DOF: 48 | time: 181.640 s
  Atom   0:   1.0231140343e-04  -1.9277662364e-03  -1.9727228495e-03
  Atom   1:   2.3476751832e-02   9.9292943655e-03   7.1958325513e-03
  Atom   2:  -6.9406120059e-03  -3.0375350028e-03  -2.4784065803e-03
  Atom   3:  -3.5946401301e-03   9.2671595331e-04  -1.9996546694e-04
  Atom   4:  -5.2696502132e-03  -1.8829895849e-03  -1.4184179433e-03
  Atom   5:   2.4967520588e-03   7.6854585870e-04   4.2701425098e-04
  Atom   6:  -3.6047679051e-03  -4.1237682664e-04  -3.2340037316e-04
  Atom   7:  -3.5454981314e-03  -1.3708220933e-03  -1.7827090934e-03
  Atom   8:   4.0731019705e-04  -1.3549624492e-03  -1.1138916215e-04
  Atom   9:   5.7785004533e-04  -6.3378856370e-05   3.0188366498e-03
  Atom  10:  -5.4578201027e-05  -3.6270057141e-04   4.1646853161e-03
  Atom  11:  -2.0735041088e-03   5.4514585248e-04  -1.3432152877e-03
  Atom  12:  -1.0926102079e-03   8.0141467418e-05  -1.5871581427e-04
  Atom  13:   9.6857747372e-04   1.8750519579e-04  -1.7012899753e-04
  Atom  14:  -5.3349880521e-04  -1.0204429676e-04  -1.2312126547e-03
  Atom  15:  -2.5030691456e-04  -1.6666064485e-03  -4.5341717432e-04
[OPT] step = 0  energy = -635.4507579134  dE =               N/A  grad_max =  2.3476751832e-02  grad_rms =  4.3305330419e-03
[OPT] Geometry optimization did not converge in 1 steps.
Kylin-PBC Done.
Timer "Kylin-PBC main" used time: 216.5254 s.
