Kylin-PBC: v1.0.0

System time = 2026-09-30 11:38:23

OMP threads = 32

KYLIN_PBC_ROOT = "/home/rudin/code/kylin-pbc"
KYLIN_SCR_PATH = "/tmp"
KYLIN_JOB_PATH = "/home/rudin/tmp-review-gradtoy/si16/tzv2p-sr_FTDF"

SCF.xcfun                      = HSE06
SCF.basis                      = tzv2p
SCF.psudo                      = gth-pbe
SCF.kmesh                      = 1 1 1
SCF.gmesh                      = 5.0e-01
SCF.ispin                      = OFF
SCF.dspin                      = 0
SCF.eps_engy                   = 3.7e-09 [AU]
SCF.eps_grad                   = 1.0e-05 [AU]
SCF.eps_dmat                   = 1.0e-03
SCF.chk_load                   = 
SCF.chk_save                   = 
SCF.scf_guess                  = ATOM
SCF.max_cycle                  = 100
SCF.vdw_method                 = NONE
SCF.coul_method                = MGDF
SCF.xchg_method                = FTDF
SCF.xchg_exxocc                = OFF
SCF.xchg_exxace                = NONE
SCF.ace_eps_engy               = -1.0e+00
SCF.ace_eps_dmat               = -1.0e+00
SCF.ace_max_cycle              = 30
SCF.xchg_robust                = TILE
SCF.xchg_exxdiv                = EWALD
SCF.xchg_dropG0                = ON
SCF.lsdf_cparam                = 30
SCF.lsdf_mparam                = 5
SCF.lsdf_ipslct                = QRCP
SCF.lsdf_chocut                = 1.0e-08
SCF.lsdf_atmcut                = 2.5e+01
SCF.lsdf_aovcut                = 1.0e-07
SCF.lsdf_swzcut                = 0.0e+00
SCF.lsdf_pnocut                = 0.0e+00
SCF.lsdf_nafcut                = 0.0e+00
SCF.mgdf_ortho                 = AUTO
SCF.mgdf_ntasks                = 4
SCF.mgdf_kratio                = 3.0e+00
SCF.mgdf_cutoff                = 3.0e+02 [AU]
SCF.mgdf_relcut                = 3.0e+01
SCF.mgdf_prprec                = 1.0e-14
SCF.dmx_mix_method             = NONE
SCF.dmx_mix_start              = 1
SCF.dmx_mix_space              = 8
SCF.dmx_mix_alpha              = 3.0e-01
SCF.rho_mix_method             = NONE
SCF.rho_mix_start              = 1
SCF.rho_mix_space              = 8
SCF.rho_mix_alpha              = 3.0e-01
SCF.hks_mix_method             = BROY
SCF.hks_mix_start              = 1
SCF.hks_mix_space              = 8
SCF.hks_mix_alpha              = 3.0e-01
SCF.damp_factor                = 0.0e+00
SCF.level_shift                = 0.0e+00 [AU]
SCF.smear_method               = NONE
SCF.smear_sigma                = 0.0e+00 [AU]
SCF.soc                        = OFF
SCF.soc_window                 = 1.8e+00 [AU]
SCF.print_bandgap              = OFF
SCF.print_time                 = OFF

OPT.opt_method                 = BFGS
OPT.max_cycle                  = 1
OPT.eps_engy                   = 4.0e-06 [AU]
OPT.eps_grad                   = 4.0e-04 [AU]
OPT.trust_limit                = 3.0e-01 [AU]
OPT.damp_factor                = 0.0e+00
OPT.opt_mix_method             = NONE
OPT.opt_mix_start              = 1
OPT.opt_mix_space              = 5
OPT.opt_mix_alpha              = 3.0e-01
OPT.neb_method                 = FIRE
OPT.neb_lclimb                 = ON
OPT.neb_interp                 = IDPP
OPT.neb_nimage                 = 5
OPT.neb_spring                 = 1.0e-02 [AU]
OPT.neb_maxstep                = 7.6e-02 [AU]

PROP.calculation               = NONE
FREQ.freq_method               = FREE2
FREQ.fd_stepsize               = 2.8e-02 [AU]
DOS.dos_method                 = GAUSS
DOS.dos_sigma                  = 3.7e-03 [AU]
DOS.dos_npoint                 = 1001
DOS.dos_emin                   = 0.0e+00 [AU]
DOS.dos_emax                   = 0.0e+00 [AU]

OPT.mdx_ensemble               = NVE
OPT.mdx_thermostat             = NHC
OPT.mdx_max_step               = 0
OPT.mdx_timestep               = 4.0e+01 [AU]
OPT.mdx_temperature            = 9.5e-04 [AU]
OPT.mdx_pressure               = 0.0e+00 [AU]
OPT.mdx_thermo_tau             = 4.0e+03 [AU]
OPT.mdx_baro_tau               = 2.0e+04 [AU]
OPT.mdx_nhc_length             = 3
OPT.mdx_nhc_mts                = 3
OPT.mdx_constraint             = OFF
OPT.mdx_constraint_tol         = 1.0e-10
OPT.mdx_rng_seed               = 42
OPT.mdx_dm_extrap              = LINEAR

K-points mesh = 1 1 1

xc functional: "HSE06"
is hybrid: YES
HFX coeff: 0.25

Basis Set Name: "tzv2p"
number of shell = 64
number of basis = 464
gmesh = 31 31 61

Pseudopotential Name: "gth-pbe"
number of valence electron = 64

OPT Calculation.

==============================================================
                   Geometry Optimization                      
==============================================================
  method      = BFGS
  max_cycle   = 1
  eps_engy    = 4.000000e-06
  eps_grad    = 4.000000e-04
  trust_limit = 0.300000
  natom       = 16
  nfree       = 48 / 48
==============================================================

--------------------------------------------------------------
  OPT step 0
--------------------------------------------------------------
[OPT] Cell structure (Angstrom):
       5.43100000       0.00000000       0.00000000
       0.00000000       5.43100000       0.00000000
       0.00000000       0.00000000      10.86200000

Cart
Si         0.00000000       0.00000000       0.00000000   T T T
Si         0.10000000       2.76550000       2.74550000   T T T
Si         2.71550000       0.00000000       2.71550000   T T T
Si         2.71550000       2.71550000       0.00000000   T T T
Si         1.35775000       1.35775000       1.35775000   T T T
Si         1.35775000       4.07325000       4.07325000   T T T
Si         4.07325000       1.35775000       4.07325000   T T T
Si         4.07325000       4.07325000       1.35775000   T T T
Si         0.00000000       0.00000000       5.43100000   T T T
Si         0.00000000       2.71550000       8.14650000   T T T
Si         2.71550000       0.00000000       8.14650000   T T T
Si         2.71550000       2.71550000       5.43100000   T T T
Si         1.35775000       1.35775000       6.78875000   T T T
Si         1.35775000       4.07325000       9.50425000   T T T
Si         4.07325000       1.35775000       9.50425000   T T T
Si         4.07325000       4.07325000       6.78875000   T T T

[OPT] Cell written to /home/rudin/tmp-review-gradtoy/si16/tzv2p-sr_FTDF/opt_img/cell_opt_0.txt
[MGDF] ortho kernel: ON (cell orthorhombic)
[NELEC] step = 0  nelec = 64  neInt = 64.000000  dnelc = -5.9777960359e-11
[ENERG] step = 0  eTotl = -57.90036362  eCore = 22.57669517  eCoul = 6.94704920  eExcl = -20.25159496  eNucl = -67.17251303  eDisp = 0.00000000
[ERROR] step = 0  engy error =  0.0000000000e+00  grad error =  0.0000000000e+00  dmat error =  0.0000000000e+00
Timer "SCF cycle: 0" used time: 22.25449 s.

[NELEC] step = 1  nelec = 64  neInt = 64.000000  dnelc =  3.6355629618e-10
[ENERG] step = 1  eTotl = -62.73843940  eCore = 19.46888553  eCoul = 4.34370497  eExcl = -19.37851687  eNucl = -67.17251303  eDisp = 0.00000000
[ERROR] step = 1  engy error = -4.8380757791e+00  grad error =  0.0000000000e+00  dmat error =  1.3076002790e+00
Timer "SCF cycle: 1" used time: 21.98815 s.

[NELEC] step = 2  nelec = 64  neInt = 64.000000  dnelc =  3.1791103083e-10
[ENERG] step = 2  eTotl = -62.75915828  eCore = 19.36619693  eCoul = 4.48459615  eExcl = -19.43743834  eNucl = -67.17251303  eDisp = 0.00000000
[ERROR] step = 2  engy error = -2.0718883243e-02  grad error =  0.0000000000e+00  dmat error =  6.0578916639e-02
Timer "SCF cycle: 2" used time: 22.12935 s.

[NELEC] step = 3  nelec = 64  neInt = 64.000000  dnelc =  2.3804602733e-10
[ENERG] step = 3  eTotl = -62.77596893  eCore = 19.19707308  eCoul = 4.74713563  eExcl = -19.54766462  eNucl = -67.17251303  eDisp = 0.00000000
[ERROR] step = 3  engy error = -1.6810649229e-02  grad error =  0.0000000000e+00  dmat error =  9.1489727658e-02
Timer "SCF cycle: 3" used time: 22.02761 s.

[NELEC] step = 4  nelec = 64  neInt = 64.000000  dnelc =  2.3869972665e-10
[ENERG] step = 4  eTotl = -62.77612205  eCore = 19.19775386  eCoul = 4.74641303  eExcl = -19.54777591  eNucl = -67.17251303  eDisp = 0.00000000
[ERROR] step = 4  engy error = -1.5311658659e-04  grad error =  0.0000000000e+00  dmat error =  3.1673122961e-03
Timer "SCF cycle: 4" used time: 22.03016 s.

[NELEC] step = 5  nelec = 64  neInt = 64.000000  dnelc =  2.4094504170e-10
[ENERG] step = 5  eTotl = -62.77631995  eCore = 19.20076323  eCoul = 4.74261327  eExcl = -19.54718342  eNucl = -67.17251303  eDisp = 0.00000000
[ERROR] step = 5  engy error = -1.9789881363e-04  grad error =  0.0000000000e+00  dmat error =  6.8520339121e-03
Timer "SCF cycle: 5" used time: 22.15745 s.

[NELEC] step = 6  nelec = 64  neInt = 64.000000  dnelc =  2.4191137982e-10
[ENERG] step = 6  eTotl = -62.77634549  eCore = 19.20201990  eCoul = 4.74094363  eExcl = -19.54679600  eNucl = -67.17251303  eDisp = 0.00000000
[ERROR] step = 6  engy error = -2.5545808775e-05  grad error =  0.0000000000e+00  dmat error =  2.0731855865e-03
Timer "SCF cycle: 6" used time: 22.17374 s.

[NELEC] step = 7  nelec = 64  neInt = 64.000000  dnelc =  2.4247981401e-10
[ENERG] step = 7  eTotl = -62.77635085  eCore = 19.20260899  eCoul = 4.74022466  eExcl = -19.54667147  eNucl = -67.17251303  eDisp = 0.00000000
[ERROR] step = 7  engy error = -5.3538320657e-06  grad error =  0.0000000000e+00  dmat error =  1.2091513164e-03
Timer "SCF cycle: 7" used time: 22.03382 s.

[NELEC] step = 8  nelec = 64  neInt = 64.000000  dnelc =  2.4256507913e-10
[ENERG] step = 8  eTotl = -62.77635117  eCore = 19.20261469  eCoul = 4.74028003  eExcl = -19.54673286  eNucl = -67.17251303  eDisp = 0.00000000
[ERROR] step = 8  engy error = -3.2509984749e-07  grad error =  0.0000000000e+00  dmat error =  2.1004415000e-04
Timer "SCF cycle: 8" used time: 22.16752 s.

[NELEC] step = 9  nelec = 64  neInt = 64.000000  dnelc =  2.4262192255e-10
[ENERG] step = 9  eTotl = -62.77635122  eCore = 19.20261189  eCoul = 4.74030287  eExcl = -19.54675294  eNucl = -67.17251303  eDisp = 0.00000000
[ERROR] step = 9  engy error = -4.1732953093e-08  grad error =  0.0000000000e+00  dmat error =  6.6690306338e-05
Timer "SCF cycle: 9" used time: 22.17368 s.

[NELEC] step = 10  nelec = 64  neInt = 64.000000  dnelc =  2.4262192255e-10
[ENERG] step = 10  eTotl = -62.77635124  eCore = 19.20260808  eCoul = 4.74032083  eExcl = -19.54676712  eNucl = -67.17251303  eDisp = 0.00000000
[ERROR] step = 10  engy error = -2.0170375592e-08  grad error =  0.0000000000e+00  dmat error =  5.8483703406e-05
Timer "SCF cycle: 10" used time: 22.16986 s.

[NELEC] step = 11  nelec = 64  neInt = 64.000000  dnelc =  2.4262192255e-10
[ENERG] step = 11  eTotl = -62.77635124  eCore = 19.20260486  eCoul = 4.74032805  eExcl = -19.54677112  eNucl = -67.17251303  eDisp = 0.00000000
[ERROR] step = 11  engy error = -3.1203413187e-09  grad error =  0.0000000000e+00  dmat error =  2.4000420022e-05
SCF converged in 11 steps.
[GRADIENT] SCF type: GRKS | atoms: 16 | DOF: 48 | time: 54.246 s
  Atom   0:   2.8001689965e-03  -8.4205528049e-04  -1.5054343341e-05
  Atom   1:   2.8386484883e-02   1.5858995558e-02   1.0330008916e-02
  Atom   2:   1.0911260185e-03   5.9724525865e-04   1.2282602913e-03
  Atom   3:  -6.9113427178e-04   1.9573712467e-03   3.9481441497e-05
  Atom   4:  -3.5786993435e-03   2.4993637060e-04  -6.0166111608e-06
  Atom   5:  -1.3787785484e-02  -1.3114564148e-02  -1.0875425454e-02
  Atom   6:  -8.8328866271e-03  -7.5225277456e-03   3.1524592169e-03
  Atom   7:  -6.2446804762e-03   2.4240223217e-03  -3.8270036717e-03
  Atom   8:   2.0135619443e-03   4.9195025027e-04   1.7201681610e-04
  Atom   9:  -3.4308550760e-04  -2.0544582032e-04  -1.7298779362e-04
  Atom  10:   8.3759855979e-05   4.3207432891e-05   1.1166082713e-04
  Atom  11:  -8.5794174952e-05   4.0999245685e-04   1.1965629526e-04
  Atom  12:   2.3706808206e-04   2.2305879164e-04   3.1168032014e-04
  Atom  13:  -7.5215503882e-04  -8.8387836570e-04  -1.2368084323e-03
  Atom  14:  -1.5173866988e-04  -2.7314463808e-04   1.1436647175e-03
  Atom  15:  -1.4426352066e-04   5.8550862804e-04  -4.7508026910e-04
[OPT] step = 0  energy = -62.7763512385  dE =               N/A  grad_max =  2.8386484883e-02  grad_rms =  6.2700198941e-03
[OPT] Geometry optimization did not converge in 1 steps.
Kylin-PBC Done.
Timer "Kylin-PBC main" used time: 320.9946 s.
