Kylin-PBC: v1.0.0

System time = 2026-06-25 18:20:57

OMP threads = 32

KYLIN_PBC_ROOT = "/home/rudin/code/kylin-pbc"
KYLIN_SCR_PATH = "/tmp"
KYLIN_JOB_PATH = "/home/rudin/code/kylin-pbc/art/example/internal/LiH-HSE06-gamma-FTDF"

SCF.xcfun                      = HSE06
SCF.basis                      = dzvp-sr
SCF.psudo                      = gth-pbe
SCF.kmesh                      = 1 1 1
SCF.gmesh                      = 6.0e-01
SCF.ispin                      = OFF
SCF.dspin                      = 0
SCF.eps_engy                   = 3.7e-09 [AU]
SCF.eps_grad                   = 1.0e-05 [AU]
SCF.eps_dmat                   = 1.0e-03
SCF.chk_load                   = 
SCF.chk_save                   = 
SCF.scf_guess                  = ATOM
SCF.max_cycle                  = 200
SCF.vdw_method                 = NONE
SCF.coul_method                = MGDF
SCF.xchg_method                = FTDF
SCF.xchg_exxocc                = OFF
SCF.xchg_exxace                = NONE
SCF.xchg_robust                = TILE
SCF.xchg_exxdiv                = EWALD
SCF.xchg_dropG0                = ON
SCF.lsdf_cparam                = 30
SCF.lsdf_mparam                = 5
SCF.lsdf_ipslct                = QRCP
SCF.lsdf_chocut                = 1.0e-08
SCF.lsdf_atmcut                = 2.5e+01
SCF.lsdf_aovcut                = 1.0e-07
SCF.lsdf_swzcut                = 0.0e+00
SCF.lsdf_pnocut                = 0.0e+00
SCF.lsdf_nafcut                = 0.0e+00
SCF.mgdf_ntasks                = 4
SCF.mgdf_kratio                = 3.0e+00
SCF.mgdf_cutoff                = 3.0e+02 [AU]
SCF.mgdf_relcut                = 3.0e+01
SCF.mgdf_prprec                = 1.0e-14
SCF.dmx_mix_method             = NONE
SCF.dmx_mix_start              = 1
SCF.dmx_mix_space              = 8
SCF.dmx_mix_alpha              = 3.0e-01
SCF.rho_mix_method             = NONE
SCF.rho_mix_start              = 1
SCF.rho_mix_space              = 8
SCF.rho_mix_alpha              = 3.0e-01
SCF.hks_mix_method             = BROY
SCF.hks_mix_start              = 1
SCF.hks_mix_space              = 8
SCF.hks_mix_alpha              = 3.0e-01
SCF.damp_factor                = 0.0e+00
SCF.level_shift                = 0.0e+00 [AU]
SCF.smear_method               = NONE
SCF.smear_sigma                = 0.0e+00 [AU]
SCF.soc                        = OFF
SCF.soc_window                 = 1.8e+00 [AU]
SCF.print_bandgap              = OFF
SCF.print_time                 = OFF

OPT.opt_method                 = BFGS
OPT.max_cycle                  = 1
OPT.eps_engy                   = 4.0e-06 [AU]
OPT.eps_grad                   = 4.0e-04 [AU]
OPT.trust_limit                = 3.0e-01 [AU]
OPT.damp_factor                = 0.0e+00
OPT.opt_mix_method             = NONE
OPT.opt_mix_start              = 1
OPT.opt_mix_space              = 5
OPT.opt_mix_alpha              = 3.0e-01
OPT.neb_method                 = FIRE
OPT.neb_lclimb                 = ON
OPT.neb_interp                 = IDPP
OPT.neb_nimage                 = 5
OPT.neb_spring                 = 1.0e-02 [AU]
OPT.neb_maxstep                = 7.6e-02 [AU]

PROP.calculation               = NONE
FREQ.freq_method               = FREE2
FREQ.fd_stepsize               = 2.8e-02 [AU]
DOS.dos_method                 = GAUSS
DOS.dos_sigma                  = 3.7e-03 [AU]
DOS.dos_npoint                 = 1001
DOS.dos_emin                   = 0.0e+00 [AU]
DOS.dos_emax                   = 0.0e+00 [AU]

OPT.mdx_ensemble               = NVE
OPT.mdx_thermostat             = NHC
OPT.mdx_max_step               = 0
OPT.mdx_timestep               = 4.0e+01 [AU]
OPT.mdx_temperature            = 9.5e-04 [AU]
OPT.mdx_pressure               = 0.0e+00 [AU]
OPT.mdx_thermo_tau             = 4.0e+03 [AU]
OPT.mdx_baro_tau               = 2.0e+04 [AU]
OPT.mdx_nhc_length             = 3
OPT.mdx_nhc_mts                = 3
OPT.mdx_constraint             = OFF
OPT.mdx_constraint_tol         = 1.0e-10
OPT.mdx_rng_seed               = 42

K-points mesh = 1 1 1

xc functional: "HSE06"
is hybrid: YES
HFX coeff: 0.25

Basis Set Name: "dzvp-sr"
number of shell = 4
number of basis = 11
gmesh = 43 43 43

Pseudopotential Name: "gth-pbe"
number of valence electron = 4

OPT Calculation.

==============================================================
                   Geometry Optimization                      
==============================================================
  method      = BFGS
  max_cycle   = 1
  eps_engy    = 4.000000e-06
  eps_grad    = 4.000000e-04
  trust_limit = 0.300000
  natom       = 2
  nfree       = 6 / 6
==============================================================

--------------------------------------------------------------
  OPT step 0
--------------------------------------------------------------
[OPT] Cell structure (Angstrom):
       0.00000000       2.04150000       2.04150000
       2.04150000       0.00000000       2.04150000
       2.04150000       2.04150000       0.00000000

Cart
Li         0.00000000       0.00000000       0.00000000   T T T
H          2.14150000       2.09150000       2.07150000   T T T

[OPT] Cell written to /home/rudin/code/kylin-pbc/art/example/internal/LiH-HSE06-gamma-FTDF/opt_img/cell_opt_0.txt
[NELEC] step = 0  nelec = 4  neInt = 4.000000  dnelc =  7.0391372731e-09
[ENERG] step = 0  eTotl = -5.41986169  eCore = -0.67063840  eCoul = 0.05765047  eExcl = -1.41468203  eNucl = -3.39219173  eDisp = 0.00000000
[ERROR] step = 0  engy error =  0.0000000000e+00  grad error =  0.0000000000e+00  dmat error =  0.0000000000e+00
Timer "SCF cycle: 0" used time: 1.122362 s.

[NELEC] step = 1  nelec = 4  neInt = 4.000001  dnelc =  5.0859961398e-07
[ENERG] step = 1  eTotl = -8.23253686  eCore = -4.77330905  eCoul = 2.31809831  eExcl = -2.38513438  eNucl = -3.39219173  eDisp = 0.00000000
[ERROR] step = 1  engy error = -2.8126751685e+00  grad error =  0.0000000000e+00  dmat error =  2.3575997189e+00
Timer "SCF cycle: 1" used time: 1.109975 s.

[NELEC] step = 2  nelec = 4  neInt = 4.000000  dnelc =  3.1655446175e-07
[ENERG] step = 2  eTotl = -8.30048675  eCore = -4.76998654  eCoul = 2.19892240  eExcl = -2.33723088  eNucl = -3.39219173  eDisp = 0.00000000
[ERROR] step = 2  engy error = -6.7949893376e-02  grad error =  0.0000000000e+00  dmat error =  5.4884608868e-01
Timer "SCF cycle: 2" used time: 1.105760 s.

[NELEC] step = 3  nelec = 4  neInt = 4.000000  dnelc = -5.5327435966e-08
[ENERG] step = 3  eTotl = -8.35602522  eCore = -4.66791192  eCoul = 1.94043514  eExcl = -2.23635672  eNucl = -3.39219173  eDisp = 0.00000000
[ERROR] step = 3  engy error = -5.5538469377e-02  grad error =  0.0000000000e+00  dmat error =  1.0148787405e+00
Timer "SCF cycle: 3" used time: 1.102732 s.

[NELEC] step = 4  nelec = 4  neInt = 4.000000  dnelc = -1.2486552681e-08
[ENERG] step = 4  eTotl = -8.35727637  eCore = -4.69071579  eCoul = 1.97365280  eExcl = -2.24802165  eNucl = -3.39219173  eDisp = 0.00000000
[ERROR] step = 4  engy error = -1.2511518382e-03  grad error =  0.0000000000e+00  dmat error =  1.1414469871e-01
Timer "SCF cycle: 4" used time: 1.098086 s.

[NELEC] step = 5  nelec = 4  neInt = 4.000000  dnelc = -1.5726057345e-08
[ENERG] step = 5  eTotl = -8.35731371  eCore = -4.68873985  eCoul = 1.97116420  eExcl = -2.24754632  eNucl = -3.39219173  eDisp = 0.00000000
[ERROR] step = 5  engy error = -3.7339743434e-05  grad error =  0.0000000000e+00  dmat error =  8.9717430341e-03
Timer "SCF cycle: 5" used time: 1.337888 s.

[NELEC] step = 6  nelec = 4  neInt = 4.000000  dnelc = -1.5984507939e-08
[ENERG] step = 6  eTotl = -8.35731419  eCore = -4.68846115  eCoul = 1.97097376  eExcl = -2.24763507  eNucl = -3.39219173  eDisp = 0.00000000
[ERROR] step = 6  engy error = -4.7501389311e-07  grad error =  0.0000000000e+00  dmat error =  1.6380003183e-03
Timer "SCF cycle: 6" used time: 1.239483 s.

[NELEC] step = 7  nelec = 4  neInt = 4.000000  dnelc = -1.5784234808e-08
[ENERG] step = 7  eTotl = -8.35731426  eCore = -4.68858995  eCoul = 1.97112719  eExcl = -2.24765977  eNucl = -3.39219173  eDisp = 0.00000000
[ERROR] step = 7  engy error = -7.5139967137e-08  grad error =  0.0000000000e+00  dmat error =  5.3336952621e-04
Timer "SCF cycle: 7" used time: 1.138937 s.

[NELEC] step = 8  nelec = 4  neInt = 4.000000  dnelc = -1.5836972622e-08
[ENERG] step = 8  eTotl = -8.35731426  eCore = -4.68856872  eCoul = 1.97109218  eExcl = -2.24764599  eNucl = -3.39219173  eDisp = 0.00000000
[ERROR] step = 8  engy error = -1.7916743644e-09  grad error =  0.0000000000e+00  dmat error =  1.4012389548e-04
SCF converged in 8 steps.
[GRADIENT] SCF type: GRKS | atoms: 2 | DOF: 6 | time: 10.309 s
  Atom   0:  -5.7251877416e-03  -2.7674335788e-03  -1.6484116182e-03
  Atom   1:   5.7251774727e-03   2.7672958308e-03   1.6483381074e-03
[OPT] step = 0  energy = -8.3573142635  dE =               N/A  grad_max =  5.7251877416e-03  grad_rms =  3.7926755283e-03
[OPT] Geometry optimization did not converge in 1 steps.
Kylin-PBC Done.
Timer "Kylin-PBC main" used time: 21.42192 s.
