Kylin-PBC: v1.0.0

System time = 2026-10-01 11:46:46

OMP threads = 32

KYLIN_PBC_ROOT = "/home/rudin/code/kylin-pbc"
KYLIN_SCR_PATH = "/tmp"
KYLIN_JOB_PATH = "/home/rudin/tmp-review-rss/cur/Si256"

SCF.xcfun                      = HSE06
SCF.basis                      = dzvp-sr
SCF.psudo                      = gth-pbe
SCF.kmesh                      = 1 1 1
SCF.gmesh                      = 5.0e-01
SCF.ispin                      = OFF
SCF.dspin                      = 0
SCF.eps_engy                   = 1.0e-06 [AU]
SCF.eps_grad                   = 1.0e-05 [AU]
SCF.eps_dmat                   = 1.0e-03
SCF.chk_load                   = 
SCF.chk_save                   = 
SCF.scf_guess                  = ATOM
SCF.max_cycle                  = 100
SCF.vdw_method                 = NONE
SCF.coul_method                = MGDF
SCF.xchg_method                = LSDF
SCF.xchg_exxocc                = OFF
SCF.xchg_exxace                = NONE
SCF.ace_eps_engy               = -1.0e+00
SCF.ace_eps_dmat               = -1.0e+00
SCF.ace_max_cycle              = 30
SCF.xchg_robust                = TILE
SCF.xchg_exxdiv                = EWALD
SCF.xchg_dropG0                = ON
SCF.lsdf_cparam                = 30
SCF.lsdf_mparam                = 5
SCF.lsdf_ipslct                = QRCP
SCF.lsdf_chocut                = 1.0e-08
SCF.lsdf_atmcut                = 2.5e+01
SCF.lsdf_aovcut                = 1.0e-07
SCF.lsdf_swzcut                = 0.0e+00
SCF.lsdf_pnocut                = 0.0e+00
SCF.lsdf_nafcut                = 0.0e+00
SCF.mgdf_ortho                 = AUTO
SCF.mgdf_ntasks                = 4
SCF.mgdf_kratio                = 3.0e+00
SCF.mgdf_cutoff                = 3.0e+02 [AU]
SCF.mgdf_relcut                = 3.0e+01
SCF.mgdf_prprec                = 1.0e-14
SCF.dmx_mix_method             = NONE
SCF.dmx_mix_start              = 1
SCF.dmx_mix_space              = 8
SCF.dmx_mix_alpha              = 3.0e-01
SCF.rho_mix_method             = NONE
SCF.rho_mix_start              = 1
SCF.rho_mix_space              = 8
SCF.rho_mix_alpha              = 3.0e-01
SCF.hks_mix_method             = BROY
SCF.hks_mix_start              = 1
SCF.hks_mix_space              = 8
SCF.hks_mix_alpha              = 3.0e-01
SCF.damp_factor                = 0.0e+00
SCF.level_shift                = 0.0e+00 [AU]
SCF.smear_method               = NONE
SCF.smear_sigma                = 0.0e+00 [AU]
SCF.soc                        = OFF
SCF.soc_window                 = 1.8e+00 [AU]
SCF.print_bandgap              = ON
SCF.print_time                 = ON

OPT.opt_method                 = BFGS
OPT.max_cycle                  = 0
OPT.eps_engy                   = 4.0e-06 [AU]
OPT.eps_grad                   = 4.0e-04 [AU]
OPT.trust_limit                = 3.0e-01 [AU]
OPT.damp_factor                = 0.0e+00
OPT.opt_mix_method             = NONE
OPT.opt_mix_start              = 1
OPT.opt_mix_space              = 5
OPT.opt_mix_alpha              = 3.0e-01
OPT.neb_method                 = FIRE
OPT.neb_lclimb                 = ON
OPT.neb_interp                 = IDPP
OPT.neb_nimage                 = 5
OPT.neb_spring                 = 1.0e-02 [AU]
OPT.neb_maxstep                = 7.6e-02 [AU]

PROP.calculation               = NONE
FREQ.freq_method               = FREE2
FREQ.fd_stepsize               = 2.8e-02 [AU]
DOS.dos_method                 = GAUSS
DOS.dos_sigma                  = 3.7e-03 [AU]
DOS.dos_npoint                 = 1001
DOS.dos_emin                   = 0.0e+00 [AU]
DOS.dos_emax                   = 0.0e+00 [AU]

OPT.mdx_ensemble               = NVE
OPT.mdx_thermostat             = NHC
OPT.mdx_max_step               = 0
OPT.mdx_timestep               = 4.0e+01 [AU]
OPT.mdx_temperature            = 9.5e-04 [AU]
OPT.mdx_pressure               = 0.0e+00 [AU]
OPT.mdx_thermo_tau             = 4.0e+03 [AU]
OPT.mdx_baro_tau               = 2.0e+04 [AU]
OPT.mdx_nhc_length             = 3
OPT.mdx_nhc_mts                = 3
OPT.mdx_constraint             = OFF
OPT.mdx_constraint_tol         = 1.0e-10
OPT.mdx_rng_seed               = 42
OPT.mdx_dm_extrap              = LINEAR

K-points mesh = 1 1 1

xc functional: "HSE06"
is hybrid: YES
HFX coeff: 0.25

Basis Set Name: "dzvp-sr"
number of shell = 768
number of basis = 3328
gmesh = 113 113 57

Pseudopotential Name: "gth-pbe"
number of valence electron = 1024

SCF Calculation.
Gamma point
[MGDF] ortho kernel: ON (cell orthorhombic)
[LSDF] gmesh = (113, 113, 57), ngrid = 727833, naofn = 3328, natom = 256
Timer "[LSDF] Voronoi partition" used time: 0.038937 s.
Timer "[LSDF] AO evaluation + screening" used time: 3.742534 s.
[LSDF] IP method: randomized QRCP (c=30, m=5)
[LSDF-IP]   ncand=2048 nkeep=588 nfound=395 kron+stage1=0.055s stage2=0.026s
[LSDF-IP] atom nao_loc=1498 npts=2769 naux=24 naux2=576 nip=395 sketch=0.117s proj=0.004s qrcp=0.081s
[LSDF-IP]   ncand=2048 nkeep=588 nfound=395 kron+stage1=0.055s stage2=0.027s
[LSDF-IP] atom nao_loc=1498 npts=2825 naux=24 naux2=576 nip=395 sketch=0.117s proj=0.004s qrcp=0.081s
[LSDF-IP]   ncand=2048 nkeep=590 nfound=395 kron+stage1=0.052s stage2=0.027s
[LSDF-IP] atom nao_loc=1498 npts=3070 naux=24 naux2=576 nip=395 sketch=0.122s proj=0.004s qrcp=0.079s
[LSDF-IP]   ncand=2048 nkeep=589 nfound=395 kron+stage1=0.055s stage2=0.029s
[LSDF-IP] atom nao_loc=1482 npts=2744 naux=24 naux2=576 nip=395 sketch=0.125s proj=0.003s qrcp=0.083s
[LSDF-IP]   ncand=2048 nkeep=587 nfound=395 kron+stage1=0.052s stage2=0.028s
[LSDF-IP] atom nao_loc=1498 npts=3070 naux=24 naux2=576 nip=395 sketch=0.132s proj=0.004s qrcp=0.080s
[LSDF-IP]   ncand=2048 nkeep=586 nfound=395 kron+stage1=0.054s stage2=0.027s
[LSDF-IP] atom nao_loc=1498 npts=2768 naux=24 naux2=576 nip=395 sketch=0.134s proj=0.004s qrcp=0.081s
[LSDF-IP]   ncand=2048 nkeep=585 nfound=395 kron+stage1=0.054s stage2=0.027s
[LSDF-IP] atom nao_loc=1498 npts=2769 naux=24 naux2=576 nip=395 sketch=0.134s proj=0.004s qrcp=0.081s
[LSDF-IP]   ncand=2048 nkeep=588 nfound=395 kron+stage1=0.053s stage2=0.026s
[LSDF-IP] atom nao_loc=1482 npts=2744 naux=24 naux2=576 nip=395 sketch=0.137s proj=0.003s qrcp=0.079s
[LSDF-IP]   ncand=2048 nkeep=584 nfound=395 kron+stage1=0.050s stage2=0.018s
[LSDF-IP] atom nao_loc=1495 npts=2920 naux=24 naux2=576 nip=395 sketch=0.103s proj=0.004s qrcp=0.068s
[LSDF-IP]   ncand=2048 nkeep=587 nfound=395 kron+stage1=0.054s stage2=0.018s
[LSDF-IP] atom nao_loc=1494 npts=2851 naux=24 naux2=576 nip=395 sketch=0.101s proj=0.004s qrcp=0.073s
[LSDF-IP]   ncand=2048 nkeep=584 nfound=395 kron+stage1=0.052s stage2=0.021s
[LSDF-IP] atom nao_loc=1490 npts=2826 naux=24 naux2=576 nip=395 sketch=0.103s proj=0.004s qrcp=0.073s
[LSDF-IP]   ncand=2048 nkeep=589 nfound=395 kron+stage1=0.051s stage2=0.022s
[LSDF-IP]   ncand=2048 nkeep=586 nfound=395 kron+stage1=0.053s stage2=0.023s
[LSDF-IP] atom nao_loc=1492 npts=2830 naux=24 naux2=576 nip=395 sketch=0.119s proj=0.004s qrcp=0.073s
[LSDF-IP] atom nao_loc=1498 npts=2919 naux=24 naux2=576 nip=395 sketch=0.109s proj=0.004s qrcp=0.076s
[LSDF-IP]   ncand=2048 nkeep=583 nfound=395 kron+stage1=0.051s stage2=0.022s
[LSDF-IP] atom nao_loc=1487 npts=2780 naux=24 naux2=576 nip=395 sketch=0.117s proj=0.003s qrcp=0.073s
[LSDF-IP]   ncand=2048 nkeep=588 nfound=395 kron+stage1=0.051s stage2=0.022s
[LSDF-IP] atom nao_loc=1485 npts=2775 naux=24 naux2=576 nip=395 sketch=0.118s proj=0.004s qrcp=0.073s
[LSDF-IP]   ncand=2048 nkeep=588 nfound=395 kron+stage1=0.051s stage2=0.021s
[LSDF-IP] atom nao_loc=1489 npts=2839 naux=24 naux2=576 nip=395 sketch=0.119s proj=0.004s qrcp=0.073s
[LSDF-IP]   ncand=2048 nkeep=588 nfound=395 kron+stage1=0.053s stage2=0.019s
[LSDF-IP] atom nao_loc=1494 npts=2835 naux=24 naux2=576 nip=395 sketch=0.099s proj=0.004s qrcp=0.072s
[LSDF-IP]   ncand=2048 nkeep=586 nfound=395 kron+stage1=0.050s stage2=0.019s
[LSDF-IP] atom nao_loc=1490 npts=2826 naux=24 naux2=576 nip=395 sketch=0.107s proj=0.004s qrcp=0.068s
[LSDF-IP]   ncand=2048 nkeep=590 nfound=395 kron+stage1=0.051s stage2=0.019s
[LSDF-IP] atom nao_loc=1492 npts=2830 naux=24 naux2=576 nip=395 sketch=0.102s proj=0.004s qrcp=0.070s
[LSDF-IP]   ncand=2048 nkeep=586 nfound=395 kron+stage1=0.052s stage2=0.019s
[LSDF-IP] atom nao_loc=1490 npts=2826 naux=24 naux2=576 nip=395 sketch=0.106s proj=0.004s qrcp=0.071s
[LSDF-IP]   ncand=2048 nkeep=586 nfound=395 kron+stage1=0.049s stage2=0.020s
[LSDF-IP] atom nao_loc=1492 npts=2830 naux=24 naux2=576 nip=395 sketch=0.110s proj=0.004s qrcp=0.070s
[LSDF-IP]   ncand=2048 nkeep=584 nfound=395 kron+stage1=0.051s stage2=0.020s
[LSDF-IP] atom nao_loc=1487 npts=2833 naux=24 naux2=576 nip=395 sketch=0.108s proj=0.004s qrcp=0.071s
[LSDF-IP]   ncand=2048 nkeep=588 nfound=395 kron+stage1=0.053s stage2=0.020s
[LSDF-IP] atom nao_loc=1493 npts=2850 naux=24 naux2=576 nip=395 sketch=0.113s proj=0.004s qrcp=0.073s
[LSDF-IP]   ncand=2048 nkeep=585 nfound=395 kron+stage1=0.050s stage2=0.019s
[LSDF-IP] atom nao_loc=1497 npts=2856 naux=24 naux2=576 nip=395 sketch=0.119s proj=0.004s qrcp=0.069s
[LSDF-IP]   ncand=2048 nkeep=588 nfound=395 kron+stage1=0.050s stage2=0.017s
[LSDF-IP] atom nao_loc=1498 npts=2809 naux=24 naux2=576 nip=395 sketch=0.089s proj=0.004s qrcp=0.067s
[LSDF-IP]   ncand=2048 nkeep=590 nfound=395 kron+stage1=0.052s stage2=0.018s
[LSDF-IP] atom nao_loc=1498 npts=2916 naux=24 naux2=576 nip=395 sketch=0.099s proj=0.004s qrcp=0.070s
[LSDF-IP]   ncand=2048 nkeep=589 nfound=395 kron+stage1=0.049s stage2=0.017s
[LSDF-IP] atom nao_loc=1498 npts=2916 naux=24 naux2=576 nip=395 sketch=0.091s proj=0.004s qrcp=0.066s
[LSDF-IP]   ncand=2048 nkeep=588 nfound=395 kron+stage1=0.054s stage2=0.022s
[LSDF-IP] atom nao_loc=1498 npts=2916 naux=24 naux2=576 nip=395 sketch=0.105s proj=0.004s qrcp=0.077s
[LSDF-IP]   ncand=2048 nkeep=589 nfound=395 kron+stage1=0.051s stage2=0.021s
[LSDF-IP] atom nao_loc=1481 npts=2756 naux=24 naux2=576 nip=395 sketch=0.097s proj=0.003s qrcp=0.072s
[LSDF-IP]   ncand=2048 nkeep=588 nfound=395 kron+stage1=0.052s stage2=0.020s
[LSDF-IP] atom nao_loc=1498 npts=2916 naux=24 naux2=576 nip=395 sketch=0.112s proj=0.004s qrcp=0.072s
[LSDF-IP]   ncand=2048 nkeep=588 nfound=395 kron+stage1=0.051s stage2=0.019s
[LSDF-IP] atom nao_loc=1481 npts=2756 naux=24 naux2=576 nip=395 sketch=0.109s proj=0.003s qrcp=0.069s
[LSDF-IP]   ncand=2048 nkeep=585 nfound=395 kron+stage1=0.051s stage2=0.018s
[LSDF-IP] atom nao_loc=1498 npts=2809 naux=24 naux2=576 nip=395 sketch=0.116s proj=0.003s qrcp=0.069s
[LSDF-IP]   ncand=2048 nkeep=586 nfound=395 kron+stage1=0.050s stage2=0.016s
[LSDF-IP] atom nao_loc=1498 npts=2789 naux=24 naux2=576 nip=395 sketch=0.086s proj=0.004s qrcp=0.066s
[LSDF-IP]   ncand=2048 nkeep=592 nfound=395 kron+stage1=0.049s stage2=0.016s
[LSDF-IP] atom nao_loc=1497 npts=2842 naux=24 naux2=576 nip=395 sketch=0.089s proj=0.004s qrcp=0.065s
[LSDF-IP]   ncand=2048 nkeep=588 nfound=395 kron+stage1=0.049s stage2=0.016s
[LSDF-IP] atom nao_loc=1495 npts=2910 naux=24 naux2=576 nip=395 sketch=0.112s proj=0.004s qrcp=0.065s
[LSDF-IP]   ncand=2048 nkeep=583 nfound=395 kron+stage1=0.051s stage2=0.019s
[LSDF-IP] atom nao_loc=1489 npts=2756 naux=24 naux2=576 nip=395 sketch=0.111s proj=0.003s qrcp=0.070s
[LSDF-IP]   ncand=2048 nkeep=585 nfound=395 kron+stage1=0.055s stage2=0.022s
[LSDF-IP] atom nao_loc=1495 npts=2910 naux=24 naux2=576 nip=395 sketch=0.115s proj=0.004s qrcp=0.077s
[LSDF-IP]   ncand=2048 nkeep=587 nfound=395 kron+stage1=0.055s stage2=0.021s
[LSDF-IP] atom nao_loc=1487 npts=2830 naux=24 naux2=576 nip=395 sketch=0.120s proj=0.004s qrcp=0.075s
[LSDF-IP]   ncand=2048 nkeep=587 nfound=395 kron+stage1=0.053s stage2=0.020s
[LSDF-IP] atom nao_loc=1484 npts=2832 naux=24 naux2=576 nip=395 sketch=0.112s proj=0.004s qrcp=0.074s
[LSDF-IP]   ncand=2048 nkeep=584 nfound=395 kron+stage1=0.054s stage2=0.019s
[LSDF-IP] atom nao_loc=1495 npts=2859 naux=24 naux2=576 nip=395 sketch=0.108s proj=0.004s qrcp=0.073s
[LSDF-IP]   ncand=2048 nkeep=591 nfound=395 kron+stage1=0.051s stage2=0.016s
[LSDF-IP] atom nao_loc=1489 npts=2828 naux=24 naux2=576 nip=395 sketch=0.092s proj=0.003s qrcp=0.068s
[LSDF-IP]   ncand=2048 nkeep=591 nfound=395 kron+stage1=0.050s stage2=0.016s
[LSDF-IP] atom nao_loc=1487 npts=2764 naux=24 naux2=576 nip=395 sketch=0.099s proj=0.003s qrcp=0.066s
[LSDF-IP]   ncand=2048 nkeep=589 nfound=395 kron+stage1=0.049s stage2=0.016s
[LSDF-IP] atom nao_loc=1491 npts=2826 naux=24 naux2=576 nip=395 sketch=0.103s proj=0.003s qrcp=0.065s
[LSDF-IP]   ncand=2048 nkeep=587 nfound=395 kron+stage1=0.053s stage2=0.018s
[LSDF-IP] atom nao_loc=1494 npts=2859 naux=24 naux2=576 nip=395 sketch=0.106s proj=0.004s qrcp=0.071s
[LSDF-IP]   ncand=2048 nkeep=584 nfound=395 kron+stage1=0.051s stage2=0.022s
[LSDF-IP] atom nao_loc=1491 npts=2842 naux=24 naux2=576 nip=395 sketch=0.112s proj=0.003s qrcp=0.073s
[LSDF-IP]   ncand=2048 nkeep=589 nfound=395 kron+stage1=0.051s stage2=0.019s
[LSDF-IP] atom nao_loc=1487 npts=2765 naux=24 naux2=576 nip=395 sketch=0.110s proj=0.003s qrcp=0.071s
[LSDF-IP]   ncand=2048 nkeep=589 nfound=395 kron+stage1=0.050s stage2=0.019s
[LSDF-IP] atom nao_loc=1498 npts=2935 naux=24 naux2=576 nip=395 sketch=0.120s proj=0.004s qrcp=0.069s
[LSDF-IP]   ncand=2048 nkeep=586 nfound=395 kron+stage1=0.054s stage2=0.019s
[LSDF-IP] atom nao_loc=1498 npts=2923 naux=24 naux2=576 nip=395 sketch=0.121s proj=0.004s qrcp=0.074s
[LSDF-IP]   ncand=2048 nkeep=589 nfound=395 kron+stage1=0.046s stage2=0.016s
[LSDF-IP] atom nao_loc=1484 npts=2821 naux=24 naux2=576 nip=395 sketch=0.089s proj=0.004s qrcp=0.063s
[LSDF-IP]   ncand=2048 nkeep=586 nfound=395 kron+stage1=0.049s stage2=0.015s
[LSDF-IP] atom nao_loc=1494 npts=2762 naux=24 naux2=576 nip=395 sketch=0.096s proj=0.003s qrcp=0.064s
[LSDF-IP]   ncand=2048 nkeep=586 nfound=395 kron+stage1=0.047s stage2=0.015s
[LSDF-IP] atom nao_loc=1491 npts=2842 naux=24 naux2=576 nip=395 sketch=0.100s proj=0.003s qrcp=0.063s
[LSDF-IP]   ncand=2048 nkeep=589 nfound=395 kron+stage1=0.050s stage2=0.018s
[LSDF-IP] atom nao_loc=1491 npts=2849 naux=24 naux2=576 nip=395 sketch=0.111s proj=0.004s qrcp=0.069s
[LSDF-IP]   ncand=2048 nkeep=588 nfound=395 kron+stage1=0.056s stage2=0.022s
[LSDF-IP] atom nao_loc=1491 npts=2826 naux=24 naux2=576 nip=395 sketch=0.109s proj=0.004s qrcp=0.078s
[LSDF-IP]   ncand=2048 nkeep=587 nfound=395 kron+stage1=0.051s stage2=0.021s
[LSDF-IP] atom nao_loc=1494 npts=2762 naux=24 naux2=576 nip=395 sketch=0.118s proj=0.003s qrcp=0.072s
[LSDF-IP]   ncand=2048 nkeep=587 nfound=395 kron+stage1=0.051s stage2=0.019s
[LSDF-IP] atom nao_loc=1498 npts=2777 naux=24 naux2=576 nip=395 sketch=0.091s proj=0.003s qrcp=0.070s
[LSDF-IP]   ncand=2048 nkeep=585 nfound=395 kron+stage1=0.052s stage2=0.020s
[LSDF-IP] atom nao_loc=1498 npts=2959 naux=24 naux2=576 nip=395 sketch=0.120s proj=0.004s qrcp=0.072s
[LSDF-IP]   ncand=2048 nkeep=589 nfound=395 kron+stage1=0.054s stage2=0.020s
[LSDF-IP] atom nao_loc=1498 npts=2916 naux=24 naux2=576 nip=395 sketch=0.110s proj=0.004s qrcp=0.073s
[LSDF-IP]   ncand=2048 nkeep=588 nfound=395 kron+stage1=0.049s stage2=0.016s
[LSDF-IP] atom nao_loc=1487 npts=2830 naux=24 naux2=576 nip=395 sketch=0.096s proj=0.004s qrcp=0.065s
[LSDF-IP]   ncand=2048 nkeep=585 nfound=395 kron+stage1=0.048s stage2=0.015s
[LSDF-IP] atom nao_loc=1495 npts=2922 naux=24 naux2=576 nip=395 sketch=0.097s proj=0.003s qrcp=0.063s
[LSDF-IP]   ncand=2048 nkeep=588 nfound=395 kron+stage1=0.049s stage2=0.018s
[LSDF-IP] atom nao_loc=1480 npts=2765 naux=24 naux2=576 nip=395 sketch=0.095s proj=0.003s qrcp=0.067s
[LSDF-IP]   ncand=2048 nkeep=588 nfound=395 kron+stage1=0.049s stage2=0.017s
[LSDF-IP] atom nao_loc=1498 npts=3070 naux=24 naux2=576 nip=395 sketch=0.091s proj=0.004s qrcp=0.066s
[LSDF-IP]   ncand=2048 nkeep=590 nfound=395 kron+stage1=0.052s stage2=0.021s
[LSDF-IP] atom nao_loc=1495 npts=2923 naux=24 naux2=576 nip=395 sketch=0.111s proj=0.004s qrcp=0.073s
[LSDF-IP]   ncand=2048 nkeep=589 nfound=395 kron+stage1=0.052s stage2=0.022s
[LSDF-IP] atom nao_loc=1497 npts=2846 naux=24 naux2=576 nip=395 sketch=0.117s proj=0.004s qrcp=0.074s
[LSDF-IP]   ncand=2048 nkeep=588 nfound=395 kron+stage1=0.050s stage2=0.020s
[LSDF-IP] atom nao_loc=1488 npts=2744 naux=24 naux2=576 nip=395 sketch=0.088s proj=0.003s qrcp=0.070s
[LSDF-IP]   ncand=2048 nkeep=590 nfound=395 kron+stage1=0.051s stage2=0.021s
[LSDF-IP] atom nao_loc=1498 npts=2864 naux=24 naux2=576 nip=395 sketch=0.112s proj=0.004s qrcp=0.072s
[LSDF-IP]   ncand=2048 nkeep=585 nfound=395 kron+stage1=0.051s stage2=0.019s
[LSDF-IP] atom nao_loc=1481 npts=2820 naux=24 naux2=576 nip=395 sketch=0.120s proj=0.003s qrcp=0.070s
[LSDF-IP]   ncand=2048 nkeep=590 nfound=395 kron+stage1=0.047s stage2=0.016s
[LSDF-IP] atom nao_loc=1498 npts=2768 naux=24 naux2=576 nip=395 sketch=0.106s proj=0.004s qrcp=0.063s
[LSDF-IP]   ncand=2048 nkeep=582 nfound=395 kron+stage1=0.050s stage2=0.021s
[LSDF-IP] atom nao_loc=1514 npts=3140 naux=24 naux2=576 nip=395 sketch=0.112s proj=0.005s qrcp=0.071s
[LSDF-IP]   ncand=2048 nkeep=586 nfound=395 kron+stage1=0.049s stage2=0.017s
[LSDF-IP] atom nao_loc=1497 npts=2845 naux=24 naux2=576 nip=395 sketch=0.094s proj=0.004s qrcp=0.066s
[LSDF-IP]   ncand=2048 nkeep=587 nfound=395 kron+stage1=0.049s stage2=0.018s
[LSDF-IP] atom nao_loc=1481 npts=2765 naux=24 naux2=576 nip=395 sketch=0.098s proj=0.003s qrcp=0.068s
[LSDF-IP]   ncand=2048 nkeep=587 nfound=395 kron+stage1=0.054s stage2=0.023s
[LSDF-IP] atom nao_loc=1498 npts=2768 naux=24 naux2=576 nip=395 sketch=0.112s proj=0.004s qrcp=0.076s
[LSDF-IP]   ncand=2048 nkeep=586 nfound=395 kron+stage1=0.052s stage2=0.021s
[LSDF-IP] atom nao_loc=1490 npts=2768 naux=24 naux2=576 nip=395 sketch=0.112s proj=0.004s qrcp=0.073s
[LSDF-IP]   ncand=2048 nkeep=587 nfound=395 kron+stage1=0.052s stage2=0.020s
[LSDF-IP] atom nao_loc=1490 npts=2768 naux=24 naux2=576 nip=395 sketch=0.105s proj=0.004s qrcp=0.073s
[LSDF-IP]   ncand=2048 nkeep=590 nfound=395 kron+stage1=0.052s stage2=0.020s
[LSDF-IP] atom nao_loc=1488 npts=2744 naux=24 naux2=576 nip=395 sketch=0.110s proj=0.004s qrcp=0.073s
[LSDF-IP]   ncand=2048 nkeep=592 nfound=395 kron+stage1=0.050s stage2=0.015s
[LSDF-IP] atom nao_loc=1490 npts=2826 naux=24 naux2=576 nip=395 sketch=0.097s proj=0.004s qrcp=0.066s
[LSDF-IP]   ncand=2048 nkeep=590 nfound=395 kron+stage1=0.048s stage2=0.017s
[LSDF-IP] atom nao_loc=1494 npts=2836 naux=24 naux2=576 nip=395 sketch=0.098s proj=0.003s qrcp=0.065s
[LSDF-IP]   ncand=2048 nkeep=587 nfound=395 kron+stage1=0.053s stage2=0.019s
[LSDF-IP] atom nao_loc=1487 npts=2840 naux=24 naux2=576 nip=395 sketch=0.110s proj=0.003s qrcp=0.072s
[LSDF-IP]   ncand=2048 nkeep=586 nfound=395 kron+stage1=0.048s stage2=0.016s
[LSDF-IP] atom nao_loc=1490 npts=2826 naux=24 naux2=576 nip=395 sketch=0.088s proj=0.003s qrcp=0.065s
[LSDF-IP]   ncand=2048 nkeep=586 nfound=395 kron+stage1=0.053s stage2=0.022s
[LSDF-IP] atom nao_loc=1492 npts=2830 naux=24 naux2=576 nip=395 sketch=0.113s proj=0.003s qrcp=0.075s
[LSDF-IP]   ncand=2048 nkeep=585 nfound=395 kron+stage1=0.050s stage2=0.020s
[LSDF-IP] atom nao_loc=1492 npts=2830 naux=24 naux2=576 nip=395 sketch=0.096s proj=0.004s qrcp=0.070s
[LSDF-IP]   ncand=2048 nkeep=591 nfound=395 kron+stage1=0.053s stage2=0.022s
[LSDF-IP] atom nao_loc=1487 npts=2772 naux=24 naux2=576 nip=395 sketch=0.114s proj=0.004s qrcp=0.075s
[LSDF-IP]   ncand=2048 nkeep=587 nfound=395 kron+stage1=0.053s stage2=0.020s
[LSDF-IP] atom nao_loc=1498 npts=2930 naux=24 naux2=576 nip=395 sketch=0.119s proj=0.004s qrcp=0.073s
[LSDF-IP]   ncand=2048 nkeep=585 nfound=395 kron+stage1=0.050s stage2=0.019s
[LSDF-IP] atom nao_loc=1495 npts=2934 naux=24 naux2=576 nip=395 sketch=0.127s proj=0.004s qrcp=0.069s
[LSDF-IP]   ncand=2048 nkeep=586 nfound=395 kron+stage1=0.053s stage2=0.016s
[LSDF-IP] atom nao_loc=1498 npts=2907 naux=24 naux2=576 nip=395 sketch=0.096s proj=0.003s qrcp=0.069s
[LSDF-IP]   ncand=2048 nkeep=588 nfound=395 kron+stage1=0.050s stage2=0.016s
[LSDF-IP] atom nao_loc=1491 npts=2768 naux=24 naux2=576 nip=395 sketch=0.094s proj=0.004s qrcp=0.067s
[LSDF-IP]   ncand=2048 nkeep=588 nfound=395 kron+stage1=0.052s stage2=0.018s
[LSDF-IP] atom nao_loc=1485 npts=2832 naux=24 naux2=576 nip=395 sketch=0.111s proj=0.004s qrcp=0.070s
[LSDF-IP]   ncand=2048 nkeep=589 nfound=395 kron+stage1=0.053s stage2=0.018s
[LSDF-IP] atom nao_loc=1491 npts=2768 naux=24 naux2=576 nip=395 sketch=0.098s proj=0.004s qrcp=0.070s
[LSDF-IP]   ncand=2048 nkeep=587 nfound=395 kron+stage1=0.054s stage2=0.022s
[LSDF-IP] atom nao_loc=1490 npts=2826 naux=24 naux2=576 nip=395 sketch=0.111s proj=0.004s qrcp=0.076s
[LSDF-IP]   ncand=2048 nkeep=590 nfound=395 kron+stage1=0.053s stage2=0.020s
[LSDF-IP] atom nao_loc=1492 npts=2830 naux=24 naux2=576 nip=395 sketch=0.114s proj=0.004s qrcp=0.073s
[LSDF-IP]   ncand=2048 nkeep=588 nfound=395 kron+stage1=0.051s stage2=0.020s
[LSDF-IP] atom nao_loc=1497 npts=2855 naux=24 naux2=576 nip=395 sketch=0.113s proj=0.004s qrcp=0.071s
[LSDF-IP]   ncand=2048 nkeep=589 nfound=395 kron+stage1=0.053s stage2=0.020s
[LSDF-IP] atom nao_loc=1491 npts=2849 naux=24 naux2=576 nip=395 sketch=0.117s proj=0.004s qrcp=0.073s
[LSDF-IP]   ncand=2048 nkeep=586 nfound=395 kron+stage1=0.047s stage2=0.016s
[LSDF-IP] atom nao_loc=1495 npts=2907 naux=24 naux2=576 nip=395 sketch=0.095s proj=0.003s qrcp=0.063s
[LSDF-IP]   ncand=2048 nkeep=586 nfound=395 kron+stage1=0.047s stage2=0.016s
[LSDF-IP] atom nao_loc=1491 npts=2826 naux=24 naux2=576 nip=395 sketch=0.093s proj=0.003s qrcp=0.062s
[LSDF-IP]   ncand=2048 nkeep=590 nfound=395 kron+stage1=0.052s stage2=0.018s
[LSDF-IP] atom nao_loc=1498 npts=2959 naux=24 naux2=576 nip=395 sketch=0.111s proj=0.004s qrcp=0.070s
[LSDF-IP]   ncand=2048 nkeep=584 nfound=395 kron+stage1=0.049s stage2=0.016s
[LSDF-IP] atom nao_loc=1494 npts=2762 naux=24 naux2=576 nip=395 sketch=0.102s proj=0.004s qrcp=0.065s
[LSDF-IP]   ncand=2048 nkeep=586 nfound=395 kron+stage1=0.053s stage2=0.021s
[LSDF-IP] atom nao_loc=1491 npts=2768 naux=24 naux2=576 nip=395 sketch=0.115s proj=0.003s qrcp=0.074s
[LSDF-IP]   ncand=2048 nkeep=586 nfound=395 kron+stage1=0.052s stage2=0.020s
[LSDF-IP] atom nao_loc=1491 npts=2768 naux=24 naux2=576 nip=395 sketch=0.116s proj=0.004s qrcp=0.071s
[LSDF-IP]   ncand=2048 nkeep=588 nfound=395 kron+stage1=0.052s stage2=0.020s
[LSDF-IP] atom nao_loc=1498 npts=2907 naux=24 naux2=576 nip=395 sketch=0.117s proj=0.004s qrcp=0.072s
[LSDF-IP]   ncand=2048 nkeep=588 nfound=395 kron+stage1=0.054s stage2=0.019s
[LSDF-IP] atom nao_loc=1498 npts=2959 naux=24 naux2=576 nip=395 sketch=0.116s proj=0.004s qrcp=0.073s
[LSDF-IP]   ncand=2048 nkeep=593 nfound=395 kron+stage1=0.051s stage2=0.016s
[LSDF-IP] atom nao_loc=1495 npts=2866 naux=24 naux2=576 nip=395 sketch=0.092s proj=0.003s qrcp=0.067s
[LSDF-IP]   ncand=2048 nkeep=587 nfound=395 kron+stage1=0.049s stage2=0.015s
[LSDF-IP] atom nao_loc=1495 npts=2915 naux=24 naux2=576 nip=395 sketch=0.100s proj=0.004s qrcp=0.064s
[LSDF-IP]   ncand=2048 nkeep=589 nfound=395 kron+stage1=0.051s stage2=0.018s
[LSDF-IP] atom nao_loc=1496 npts=2947 naux=24 naux2=576 nip=395 sketch=0.106s proj=0.004s qrcp=0.069s
[LSDF-IP]   ncand=2048 nkeep=585 nfound=395 kron+stage1=0.047s stage2=0.016s
[LSDF-IP] atom nao_loc=1497 npts=2842 naux=24 naux2=576 nip=395 sketch=0.096s proj=0.004s qrcp=0.063s
[LSDF-IP]   ncand=2048 nkeep=587 nfound=395 kron+stage1=0.056s stage2=0.020s
[LSDF-IP] atom nao_loc=1494 npts=2762 naux=24 naux2=576 nip=395 sketch=0.107s proj=0.003s qrcp=0.076s
[LSDF-IP]   ncand=2048 nkeep=589 nfound=395 kron+stage1=0.048s stage2=0.020s
[LSDF-IP] atom nao_loc=1495 npts=2854 naux=24 naux2=576 nip=395 sketch=0.094s proj=0.004s qrcp=0.068s
[LSDF-IP]   ncand=2048 nkeep=589 nfound=395 kron+stage1=0.053s stage2=0.021s
[LSDF-IP] atom nao_loc=1491 npts=2842 naux=24 naux2=576 nip=395 sketch=0.119s proj=0.004s qrcp=0.075s
[LSDF-IP]   ncand=2048 nkeep=588 nfound=395 kron+stage1=0.052s stage2=0.021s
[LSDF-IP] atom nao_loc=1484 npts=2823 naux=24 naux2=576 nip=395 sketch=0.115s proj=0.004s qrcp=0.073s
[LSDF-IP]   ncand=2048 nkeep=588 nfound=395 kron+stage1=0.052s stage2=0.020s
[LSDF-IP] atom nao_loc=1494 npts=2860 naux=24 naux2=576 nip=395 sketch=0.118s proj=0.004s qrcp=0.072s
[LSDF-IP]   ncand=2048 nkeep=587 nfound=395 kron+stage1=0.049s stage2=0.015s
[LSDF-IP] atom nao_loc=1495 npts=2910 naux=24 naux2=576 nip=395 sketch=0.101s proj=0.004s qrcp=0.064s
[LSDF-IP]   ncand=2048 nkeep=590 nfound=395 kron+stage1=0.049s stage2=0.018s
[LSDF-IP] atom nao_loc=1484 npts=2830 naux=24 naux2=576 nip=395 sketch=0.098s proj=0.003s qrcp=0.067s
[LSDF-IP]   ncand=2048 nkeep=587 nfound=395 kron+stage1=0.049s stage2=0.016s
[LSDF-IP] atom nao_loc=1487 npts=2830 naux=24 naux2=576 nip=395 sketch=0.097s proj=0.004s qrcp=0.065s
[LSDF-IP]   ncand=2048 nkeep=592 nfound=395 kron+stage1=0.053s stage2=0.018s
[LSDF-IP] atom nao_loc=1498 npts=2923 naux=24 naux2=576 nip=395 sketch=0.087s proj=0.003s qrcp=0.070s
[LSDF-IP]   ncand=2048 nkeep=588 nfound=395 kron+stage1=0.054s stage2=0.021s
[LSDF-IP] atom nao_loc=1487 npts=2830 naux=24 naux2=576 nip=395 sketch=0.115s proj=0.003s qrcp=0.076s
[LSDF-IP]   ncand=2048 nkeep=587 nfound=395 kron+stage1=0.054s stage2=0.023s
[LSDF-IP] atom nao_loc=1480 npts=2765 naux=24 naux2=576 nip=395 sketch=0.103s proj=0.004s qrcp=0.077s
[LSDF-IP]   ncand=2048 nkeep=585 nfound=395 kron+stage1=0.051s stage2=0.022s
[LSDF-IP] atom nao_loc=1491 npts=2842 naux=24 naux2=576 nip=395 sketch=0.095s proj=0.003s qrcp=0.072s
[LSDF-IP]   ncand=2048 nkeep=587 nfound=395 kron+stage1=0.052s stage2=0.023s
[LSDF-IP] atom nao_loc=1495 npts=2916 naux=24 naux2=576 nip=395 sketch=0.117s proj=0.004s qrcp=0.075s
[LSDF-IP]   ncand=2048 nkeep=584 nfound=395 kron+stage1=0.051s stage2=0.022s
[LSDF-IP] atom nao_loc=1498 npts=2777 naux=24 naux2=576 nip=395 sketch=0.114s proj=0.004s qrcp=0.073s
[LSDF-IP]   ncand=2048 nkeep=586 nfound=395 kron+stage1=0.051s stage2=0.019s
[LSDF-IP] atom nao_loc=1481 npts=2822 naux=24 naux2=576 nip=395 sketch=0.109s proj=0.003s qrcp=0.070s
[LSDF-IP]   ncand=2048 nkeep=593 nfound=395 kron+stage1=0.049s stage2=0.017s
[LSDF-IP] atom nao_loc=1488 npts=2768 naux=24 naux2=576 nip=395 sketch=0.100s proj=0.003s qrcp=0.066s
[LSDF-IP]   ncand=2048 nkeep=584 nfound=395 kron+stage1=0.049s stage2=0.016s
[LSDF-IP] atom nao_loc=1498 npts=2769 naux=24 naux2=576 nip=395 sketch=0.095s proj=0.004s qrcp=0.065s
[LSDF-IP]   ncand=2048 nkeep=588 nfound=395 kron+stage1=0.052s stage2=0.022s
[LSDF-IP] atom nao_loc=1497 npts=2842 naux=24 naux2=576 nip=395 sketch=0.109s proj=0.004s qrcp=0.074s
[LSDF-IP]   ncand=2048 nkeep=586 nfound=395 kron+stage1=0.051s stage2=0.018s
[LSDF-IP] atom nao_loc=1495 npts=2903 naux=24 naux2=576 nip=395 sketch=0.096s proj=0.004s qrcp=0.069s
[LSDF-IP]   ncand=2048 nkeep=585 nfound=395 kron+stage1=0.050s stage2=0.020s
[LSDF-IP] atom nao_loc=1493 npts=2767 naux=24 naux2=576 nip=395 sketch=0.113s proj=0.004s qrcp=0.070s
[LSDF-IP]   ncand=2048 nkeep=587 nfound=395 kron+stage1=0.053s stage2=0.019s
[LSDF-IP] atom nao_loc=1498 npts=2913 naux=24 naux2=576 nip=395 sketch=0.112s proj=0.004s qrcp=0.072s
[LSDF-IP]   ncand=2048 nkeep=587 nfound=395 kron+stage1=0.053s stage2=0.019s
[LSDF-IP] atom nao_loc=1501 npts=2809 naux=24 naux2=576 nip=395 sketch=0.118s proj=0.003s qrcp=0.072s
[LSDF-IP]   ncand=2048 nkeep=586 nfound=395 kron+stage1=0.047s stage2=0.017s
[LSDF-IP] atom nao_loc=1498 npts=2769 naux=24 naux2=576 nip=395 sketch=0.101s proj=0.003s qrcp=0.064s
[LSDF-IP]   ncand=2048 nkeep=586 nfound=395 kron+stage1=0.048s stage2=0.018s
[LSDF-IP] atom nao_loc=1498 npts=2935 naux=24 naux2=576 nip=395 sketch=0.114s proj=0.004s qrcp=0.065s
[LSDF-IP]   ncand=2048 nkeep=591 nfound=395 kron+stage1=0.050s stage2=0.016s
[LSDF-IP] atom nao_loc=1490 npts=2826 naux=24 naux2=576 nip=395 sketch=0.084s proj=0.004s qrcp=0.066s
[LSDF-IP]   ncand=2048 nkeep=586 nfound=395 kron+stage1=0.049s stage2=0.016s
[LSDF-IP] atom nao_loc=1498 npts=2931 naux=24 naux2=576 nip=395 sketch=0.098s proj=0.004s qrcp=0.065s
[LSDF-IP]   ncand=2048 nkeep=585 nfound=395 kron+stage1=0.053s stage2=0.021s
[LSDF-IP] atom nao_loc=1488 npts=2770 naux=24 naux2=576 nip=395 sketch=0.107s proj=0.003s qrcp=0.074s
[LSDF-IP]   ncand=2048 nkeep=591 nfound=395 kron+stage1=0.052s stage2=0.021s
[LSDF-IP] atom nao_loc=1491 npts=2848 naux=24 naux2=576 nip=395 sketch=0.114s proj=0.004s qrcp=0.073s
[LSDF-IP]   ncand=2048 nkeep=588 nfound=395 kron+stage1=0.050s stage2=0.021s
[LSDF-IP] atom nao_loc=1491 npts=2826 naux=24 naux2=576 nip=395 sketch=0.117s proj=0.004s qrcp=0.072s
[LSDF-IP]   ncand=2048 nkeep=588 nfound=395 kron+stage1=0.054s stage2=0.022s
[LSDF-IP] atom nao_loc=1489 npts=2826 naux=24 naux2=576 nip=395 sketch=0.109s proj=0.004s qrcp=0.076s
[LSDF-IP]   ncand=2048 nkeep=591 nfound=395 kron+stage1=0.048s stage2=0.018s
[LSDF-IP] atom nao_loc=1497 npts=2840 naux=24 naux2=576 nip=395 sketch=0.087s proj=0.004s qrcp=0.066s
[LSDF-IP]   ncand=2048 nkeep=583 nfound=395 kron+stage1=0.049s stage2=0.018s
[LSDF-IP] atom nao_loc=1482 npts=2744 naux=24 naux2=576 nip=395 sketch=0.099s proj=0.003s qrcp=0.067s
[LSDF-IP]   ncand=2048 nkeep=587 nfound=395 kron+stage1=0.049s stage2=0.016s
[LSDF-IP] atom nao_loc=1495 npts=2934 naux=24 naux2=576 nip=395 sketch=0.089s proj=0.003s qrcp=0.065s
[LSDF-IP]   ncand=2048 nkeep=590 nfound=395 kron+stage1=0.052s stage2=0.016s
[LSDF-IP] atom nao_loc=1498 npts=2923 naux=24 naux2=576 nip=395 sketch=0.095s proj=0.004s qrcp=0.069s
[LSDF-IP]   ncand=2048 nkeep=588 nfound=395 kron+stage1=0.053s stage2=0.021s
[LSDF-IP] atom nao_loc=1482 npts=2744 naux=24 naux2=576 nip=395 sketch=0.110s proj=0.003s qrcp=0.074s
[LSDF-IP]   ncand=2048 nkeep=585 nfound=395 kron+stage1=0.053s stage2=0.016s
[LSDF-IP] atom nao_loc=1485 npts=2775 naux=24 naux2=576 nip=395 sketch=0.086s proj=0.004s qrcp=0.070s
[LSDF-IP]   ncand=2048 nkeep=588 nfound=395 kron+stage1=0.052s stage2=0.019s
[LSDF-IP] atom nao_loc=1495 npts=2903 naux=24 naux2=576 nip=395 sketch=0.119s proj=0.004s qrcp=0.071s
[LSDF-IP]   ncand=2048 nkeep=593 nfound=395 kron+stage1=0.055s stage2=0.021s
[LSDF-IP]   ncand=2048 nkeep=584 nfound=395 kron+stage1=0.053s stage2=0.020s
[LSDF-IP] atom nao_loc=1495 npts=2903 naux=24 naux2=576 nip=395 sketch=0.117s proj=0.004s qrcp=0.076s
[LSDF-IP] atom nao_loc=1495 npts=2903 naux=24 naux2=576 nip=395 sketch=0.122s proj=0.004s qrcp=0.073s
[LSDF-IP]   ncand=2048 nkeep=590 nfound=395 kron+stage1=0.052s stage2=0.020s
[LSDF-IP] atom nao_loc=1492 npts=2830 naux=24 naux2=576 nip=395 sketch=0.106s proj=0.004s qrcp=0.071s
[LSDF-IP]   ncand=2048 nkeep=589 nfound=395 kron+stage1=0.050s stage2=0.016s
[LSDF-IP] atom nao_loc=1498 npts=2916 naux=24 naux2=576 nip=395 sketch=0.091s proj=0.004s qrcp=0.066s
[LSDF-IP]   ncand=2048 nkeep=587 nfound=395 kron+stage1=0.050s stage2=0.016s
[LSDF-IP] atom nao_loc=1481 npts=2756 naux=24 naux2=576 nip=395 sketch=0.094s proj=0.003s qrcp=0.066s
[LSDF-IP]   ncand=2048 nkeep=593 nfound=395 kron+stage1=0.051s stage2=0.019s
[LSDF-IP] atom nao_loc=1498 npts=2809 naux=24 naux2=576 nip=395 sketch=0.101s proj=0.004s qrcp=0.070s
[LSDF-IP]   ncand=2048 nkeep=589 nfound=395 kron+stage1=0.054s stage2=0.021s
[LSDF-IP] atom nao_loc=1487 npts=2846 naux=24 naux2=576 nip=395 sketch=0.114s proj=0.004s qrcp=0.075s
[LSDF-IP]   ncand=2048 nkeep=586 nfound=395 kron+stage1=0.050s stage2=0.018s
[LSDF-IP] atom nao_loc=1481 npts=2767 naux=24 naux2=576 nip=395 sketch=0.115s proj=0.004s qrcp=0.069s
[LSDF-IP]   ncand=2048 nkeep=588 nfound=395 kron+stage1=0.050s stage2=0.021s
[LSDF-IP] atom nao_loc=1497 npts=2842 naux=24 naux2=576 nip=395 sketch=0.095s proj=0.004s qrcp=0.071s
[LSDF-IP]   ncand=2048 nkeep=590 nfound=395 kron+stage1=0.049s stage2=0.022s
[LSDF-IP] atom nao_loc=1498 npts=2935 naux=24 naux2=576 nip=395 sketch=0.111s proj=0.004s qrcp=0.071s
[LSDF-IP]   ncand=2048 nkeep=588 nfound=395 kron+stage1=0.055s stage2=0.022s
[LSDF-IP]   ncand=2048 nkeep=590 nfound=395 kron+stage1=0.051s stage2=0.022s
[LSDF-IP] atom nao_loc=1490 npts=2776 naux=24 naux2=576 nip=395 sketch=0.117s proj=0.003s qrcp=0.076s
[LSDF-IP] atom nao_loc=1495 npts=2932 naux=24 naux2=576 nip=395 sketch=0.120s proj=0.003s qrcp=0.073s
[LSDF-IP]   ncand=2048 nkeep=587 nfound=395 kron+stage1=0.050s stage2=0.015s
[LSDF-IP] atom nao_loc=1480 npts=2765 naux=24 naux2=576 nip=395 sketch=0.083s proj=0.003s qrcp=0.065s
[LSDF-IP]   ncand=2048 nkeep=589 nfound=395 kron+stage1=0.049s stage2=0.017s
[LSDF-IP] atom nao_loc=1495 npts=2859 naux=24 naux2=576 nip=395 sketch=0.096s proj=0.004s qrcp=0.067s
[LSDF-IP]   ncand=2048 nkeep=587 nfound=395 kron+stage1=0.050s stage2=0.020s
[LSDF-IP] atom nao_loc=1487 npts=2780 naux=24 naux2=576 nip=395 sketch=0.113s proj=0.004s qrcp=0.070s
[LSDF-IP]   ncand=2048 nkeep=587 nfound=395 kron+stage1=0.049s stage2=0.017s
[LSDF-IP] atom nao_loc=1494 npts=2762 naux=24 naux2=576 nip=395 sketch=0.090s proj=0.003s qrcp=0.066s
[LSDF-IP]   ncand=2048 nkeep=590 nfound=395 kron+stage1=0.052s stage2=0.018s
[LSDF-IP] atom nao_loc=1490 npts=2776 naux=24 naux2=576 nip=395 sketch=0.114s proj=0.004s qrcp=0.070s
[LSDF-IP]   ncand=2048 nkeep=586 nfound=395 kron+stage1=0.050s stage2=0.020s
[LSDF-IP] atom nao_loc=1498 npts=2916 naux=24 naux2=576 nip=395 sketch=0.113s proj=0.004s qrcp=0.070s
[LSDF-IP]   ncand=2048 nkeep=588 nfound=395 kron+stage1=0.053s stage2=0.020s
[LSDF-IP] atom nao_loc=1481 npts=2767 naux=24 naux2=576 nip=395 sketch=0.112s proj=0.003s qrcp=0.072s
[LSDF-IP]   ncand=2048 nkeep=589 nfound=395 kron+stage1=0.051s stage2=0.020s
[LSDF-IP] atom nao_loc=1495 npts=2922 naux=24 naux2=576 nip=395 sketch=0.122s proj=0.004s qrcp=0.070s
[LSDF-IP]   ncand=2048 nkeep=592 nfound=395 kron+stage1=0.047s stage2=0.016s
[LSDF-IP] atom nao_loc=1494 npts=2860 naux=24 naux2=576 nip=395 sketch=0.100s proj=0.004s qrcp=0.063s
[LSDF-IP]   ncand=2048 nkeep=585 nfound=395 kron+stage1=0.049s stage2=0.016s
[LSDF-IP] atom nao_loc=1495 npts=2907 naux=24 naux2=576 nip=395 sketch=0.101s proj=0.004s qrcp=0.065s
[LSDF-IP]   ncand=2048 nkeep=589 nfound=395 kron+stage1=0.047s stage2=0.016s
[LSDF-IP] atom nao_loc=1488 npts=2769 naux=24 naux2=576 nip=395 sketch=0.091s proj=0.003s qrcp=0.064s
[LSDF-IP]   ncand=2048 nkeep=585 nfound=395 kron+stage1=0.050s stage2=0.021s
[LSDF-IP] atom nao_loc=1481 npts=2756 naux=24 naux2=576 nip=395 sketch=0.110s proj=0.003s qrcp=0.071s
[LSDF-IP]   ncand=2048 nkeep=588 nfound=395 kron+stage1=0.054s stage2=0.019s
[LSDF-IP] atom nao_loc=1498 npts=2916 naux=24 naux2=576 nip=395 sketch=0.120s proj=0.004s qrcp=0.073s
[LSDF-IP]   ncand=2048 nkeep=590 nfound=395 kron+stage1=0.051s stage2=0.021s
[LSDF-IP] atom nao_loc=1487 npts=2830 naux=24 naux2=576 nip=395 sketch=0.112s proj=0.004s qrcp=0.072s
[LSDF-IP]   ncand=2048 nkeep=588 nfound=395 kron+stage1=0.057s stage2=0.022s
[LSDF-IP] atom nao_loc=1498 npts=2916 naux=24 naux2=576 nip=395 sketch=0.109s proj=0.004s qrcp=0.079s
[LSDF-IP]   ncand=2048 nkeep=587 nfound=395 kron+stage1=0.051s stage2=0.019s
[LSDF-IP] atom nao_loc=1491 npts=2848 naux=24 naux2=576 nip=395 sketch=0.105s proj=0.004s qrcp=0.070s
[LSDF-IP]   ncand=2048 nkeep=589 nfound=395 kron+stage1=0.051s stage2=0.019s
[LSDF-IP] atom nao_loc=1498 npts=2809 naux=24 naux2=576 nip=395 sketch=0.119s proj=0.003s qrcp=0.070s
[LSDF-IP]   ncand=2048 nkeep=589 nfound=395 kron+stage1=0.051s stage2=0.017s
[LSDF-IP] atom nao_loc=1498 npts=2923 naux=24 naux2=576 nip=395 sketch=0.095s proj=0.004s qrcp=0.069s
[LSDF-IP]   ncand=2048 nkeep=586 nfound=395 kron+stage1=0.050s stage2=0.015s
[LSDF-IP] atom nao_loc=1487 npts=2830 naux=24 naux2=576 nip=395 sketch=0.082s proj=0.003s qrcp=0.065s
[LSDF-IP]   ncand=2048 nkeep=593 nfound=395 kron+stage1=0.052s stage2=0.020s
[LSDF-IP] atom nao_loc=1484 npts=2832 naux=24 naux2=576 nip=395 sketch=0.105s proj=0.004s qrcp=0.072s
[LSDF-IP]   ncand=2048 nkeep=585 nfound=395 kron+stage1=0.055s stage2=0.020s
[LSDF-IP] atom nao_loc=1493 npts=2768 naux=24 naux2=576 nip=395 sketch=0.100s proj=0.003s qrcp=0.075s
[LSDF-IP]   ncand=2048 nkeep=586 nfound=395 kron+stage1=0.051s stage2=0.022s
[LSDF-IP] atom nao_loc=1495 npts=2916 naux=24 naux2=576 nip=395 sketch=0.123s proj=0.004s qrcp=0.073s
[LSDF-IP]   ncand=2048 nkeep=586 nfound=395 kron+stage1=0.055s stage2=0.021s
[LSDF-IP] atom nao_loc=1494 npts=2762 naux=24 naux2=576 nip=395 sketch=0.116s proj=0.004s qrcp=0.076s
[LSDF-IP]   ncand=2048 nkeep=589 nfound=395 kron+stage1=0.051s stage2=0.021s
[LSDF-IP] atom nao_loc=1498 npts=2777 naux=24 naux2=576 nip=395 sketch=0.110s proj=0.004s qrcp=0.072s
[LSDF-IP]   ncand=2048 nkeep=587 nfound=395 kron+stage1=0.054s stage2=0.020s
[LSDF-IP] atom nao_loc=1495 npts=2915 naux=24 naux2=576 nip=395 sketch=0.124s proj=0.004s qrcp=0.074s
[LSDF-IP]   ncand=2048 nkeep=584 nfound=395 kron+stage1=0.049s stage2=0.016s
[LSDF-IP] atom nao_loc=1498 npts=2864 naux=24 naux2=576 nip=395 sketch=0.099s proj=0.004s qrcp=0.066s
[LSDF-IP]   ncand=2048 nkeep=586 nfound=395 kron+stage1=0.049s stage2=0.016s
[LSDF-IP] atom nao_loc=1488 npts=2744 naux=24 naux2=576 nip=395 sketch=0.095s proj=0.003s qrcp=0.065s
[LSDF-IP]   ncand=2048 nkeep=583 nfound=395 kron+stage1=0.050s stage2=0.019s
[LSDF-IP] atom nao_loc=1496 npts=2947 naux=24 naux2=576 nip=395 sketch=0.095s proj=0.004s qrcp=0.069s
[LSDF-IP]   ncand=2048 nkeep=585 nfound=395 kron+stage1=0.051s stage2=0.016s
[LSDF-IP] atom nao_loc=1498 npts=2907 naux=24 naux2=576 nip=395 sketch=0.093s proj=0.004s qrcp=0.067s
[LSDF-IP]   ncand=2048 nkeep=585 nfound=395 kron+stage1=0.053s stage2=0.019s
[LSDF-IP] atom nao_loc=1488 npts=2768 naux=24 naux2=576 nip=395 sketch=0.104s proj=0.003s qrcp=0.072s
[LSDF-IP]   ncand=2048 nkeep=585 nfound=395 kron+stage1=0.053s stage2=0.020s
[LSDF-IP] atom nao_loc=1491 npts=2826 naux=24 naux2=576 nip=395 sketch=0.121s proj=0.004s qrcp=0.073s
[LSDF-IP]   ncand=2048 nkeep=589 nfound=395 kron+stage1=0.051s stage2=0.020s
[LSDF-IP] atom nao_loc=1486 npts=2825 naux=24 naux2=576 nip=395 sketch=0.114s proj=0.003s qrcp=0.071s
[LSDF-IP]   ncand=2048 nkeep=588 nfound=395 kron+stage1=0.049s stage2=0.019s
[LSDF-IP] atom nao_loc=1488 npts=2744 naux=24 naux2=576 nip=395 sketch=0.091s proj=0.003s qrcp=0.068s
[LSDF-IP]   ncand=2048 nkeep=586 nfound=395 kron+stage1=0.051s stage2=0.020s
[LSDF-IP] atom nao_loc=1491 npts=2842 naux=24 naux2=576 nip=395 sketch=0.124s proj=0.003s qrcp=0.071s
[LSDF-IP]   ncand=2048 nkeep=587 nfound=395 kron+stage1=0.052s stage2=0.017s
[LSDF-IP] atom nao_loc=1490 npts=2826 naux=24 naux2=576 nip=395 sketch=0.087s proj=0.004s qrcp=0.070s
[LSDF-IP]   ncand=2048 nkeep=589 nfound=395 kron+stage1=0.053s stage2=0.020s
[LSDF-IP] atom nao_loc=1498 npts=2935 naux=24 naux2=576 nip=395 sketch=0.116s proj=0.004s qrcp=0.072s
[LSDF-IP]   ncand=2048 nkeep=587 nfound=395 kron+stage1=0.045s stage2=0.017s
[LSDF-IP] atom nao_loc=1490 npts=2783 naux=24 naux2=576 nip=395 sketch=0.102s proj=0.003s qrcp=0.062s
[LSDF-IP]   ncand=2048 nkeep=585 nfound=395 kron+stage1=0.050s stage2=0.019s
[LSDF-IP] atom nao_loc=1497 npts=2846 naux=24 naux2=576 nip=395 sketch=0.110s proj=0.004s qrcp=0.069s
[LSDF-IP]   ncand=2048 nkeep=590 nfound=395 kron+stage1=0.048s stage2=0.019s
[LSDF-IP] atom nao_loc=1494 npts=2846 naux=24 naux2=576 nip=395 sketch=0.095s proj=0.004s qrcp=0.067s
[LSDF-IP]   ncand=2048 nkeep=585 nfound=395 kron+stage1=0.052s stage2=0.019s
[LSDF-IP] atom nao_loc=1485 npts=2777 naux=24 naux2=576 nip=395 sketch=0.092s proj=0.004s qrcp=0.071s
[LSDF-IP]   ncand=2048 nkeep=587 nfound=395 kron+stage1=0.052s stage2=0.021s
[LSDF-IP] atom nao_loc=1487 npts=2824 naux=24 naux2=576 nip=395 sketch=0.116s proj=0.003s qrcp=0.073s
[LSDF-IP]   ncand=2048 nkeep=585 nfound=395 kron+stage1=0.052s stage2=0.020s
[LSDF-IP] atom nao_loc=1491 npts=2842 naux=24 naux2=576 nip=395 sketch=0.126s proj=0.004s qrcp=0.072s
[LSDF-IP]   ncand=2048 nkeep=586 nfound=395 kron+stage1=0.052s stage2=0.019s
[LSDF-IP] atom nao_loc=1491 npts=2826 naux=24 naux2=576 nip=395 sketch=0.112s proj=0.003s qrcp=0.071s
[LSDF-IP]   ncand=2048 nkeep=586 nfound=395 kron+stage1=0.052s stage2=0.019s
[LSDF-IP] atom nao_loc=1481 npts=2820 naux=24 naux2=576 nip=395 sketch=0.109s proj=0.004s qrcp=0.072s
[LSDF-IP]   ncand=2048 nkeep=585 nfound=395 kron+stage1=0.054s stage2=0.015s
[LSDF-IP] atom nao_loc=1487 npts=2773 naux=24 naux2=576 nip=395 sketch=0.095s proj=0.004s qrcp=0.070s
[LSDF-IP]   ncand=2048 nkeep=592 nfound=395 kron+stage1=0.052s stage2=0.019s
[LSDF-IP] atom nao_loc=1495 npts=2934 naux=24 naux2=576 nip=395 sketch=0.097s proj=0.004s qrcp=0.071s
[LSDF-IP]   ncand=2048 nkeep=588 nfound=395 kron+stage1=0.056s stage2=0.021s
[LSDF-IP] atom nao_loc=1490 npts=2768 naux=24 naux2=576 nip=395 sketch=0.105s proj=0.004s qrcp=0.077s
[LSDF-IP]   ncand=2048 nkeep=583 nfound=395 kron+stage1=0.050s stage2=0.018s
[LSDF-IP] atom nao_loc=1491 npts=2768 naux=24 naux2=576 nip=395 sketch=0.098s proj=0.004s qrcp=0.068s
[LSDF-IP]   ncand=2048 nkeep=585 nfound=395 kron+stage1=0.052s stage2=0.017s
[LSDF-IP] atom nao_loc=1504 npts=2813 naux=24 naux2=576 nip=395 sketch=0.105s proj=0.003s qrcp=0.069s
[LSDF-IP]   ncand=2048 nkeep=580 nfound=395 kron+stage1=0.049s stage2=0.019s
[LSDF-IP] atom nao_loc=1498 npts=2913 naux=24 naux2=576 nip=395 sketch=0.117s proj=0.004s qrcp=0.068s
[LSDF-IP]   ncand=2048 nkeep=588 nfound=395 kron+stage1=0.049s stage2=0.023s
[LSDF-IP] atom nao_loc=1498 npts=2913 naux=24 naux2=576 nip=395 sketch=0.110s proj=0.004s qrcp=0.072s
[LSDF-IP]   ncand=2048 nkeep=587 nfound=395 kron+stage1=0.050s stage2=0.022s
[LSDF-IP] atom nao_loc=1490 npts=2768 naux=24 naux2=576 nip=395 sketch=0.108s proj=0.003s qrcp=0.072s
[LSDF-IP]   ncand=2048 nkeep=589 nfound=395 kron+stage1=0.052s stage2=0.018s
[LSDF-IP] atom nao_loc=1498 npts=2959 naux=24 naux2=576 nip=395 sketch=0.092s proj=0.004s qrcp=0.070s
[LSDF-IP]   ncand=2048 nkeep=588 nfound=395 kron+stage1=0.053s stage2=0.019s
[LSDF-IP] atom nao_loc=1498 npts=2907 naux=24 naux2=576 nip=395 sketch=0.098s proj=0.004s qrcp=0.072s
[LSDF-IP]   ncand=2048 nkeep=588 nfound=395 kron+stage1=0.052s stage2=0.021s
[LSDF-IP] atom nao_loc=1492 npts=2830 naux=24 naux2=576 nip=395 sketch=0.102s proj=0.004s qrcp=0.073s
[LSDF-IP]   ncand=2048 nkeep=585 nfound=395 kron+stage1=0.056s stage2=0.018s
[LSDF-IP] atom nao_loc=1491 npts=2826 naux=24 naux2=576 nip=395 sketch=0.096s proj=0.003s qrcp=0.075s
[LSDF-IP]   ncand=2048 nkeep=586 nfound=395 kron+stage1=0.051s stage2=0.019s
[LSDF-IP] atom nao_loc=1498 npts=2907 naux=24 naux2=576 nip=395 sketch=0.114s proj=0.004s qrcp=0.070s
[LSDF-IP]   ncand=2048 nkeep=585 nfound=395 kron+stage1=0.049s stage2=0.019s
[LSDF-IP] atom nao_loc=1498 npts=2907 naux=24 naux2=576 nip=395 sketch=0.110s proj=0.003s qrcp=0.068s
[LSDF-IP]   ncand=2048 nkeep=586 nfound=395 kron+stage1=0.050s stage2=0.023s
[LSDF-IP] atom nao_loc=1498 npts=2907 naux=24 naux2=576 nip=395 sketch=0.118s proj=0.004s qrcp=0.073s
[LSDF-IP]   ncand=2048 nkeep=586 nfound=395 kron+stage1=0.048s stage2=0.015s
[LSDF-IP] atom nao_loc=1498 npts=2935 naux=24 naux2=576 nip=395 sketch=0.091s proj=0.003s qrcp=0.063s
[LSDF-IP]   ncand=2048 nkeep=587 nfound=395 kron+stage1=0.054s stage2=0.019s
[LSDF-IP] atom nao_loc=1493 npts=2847 naux=24 naux2=576 nip=395 sketch=0.113s proj=0.003s qrcp=0.074s
[LSDF-IP]   ncand=2048 nkeep=586 nfound=395 kron+stage1=0.047s stage2=0.017s
[LSDF-IP] atom nao_loc=1495 npts=2910 naux=24 naux2=576 nip=395 sketch=0.090s proj=0.004s qrcp=0.066s
[LSDF-IP]   ncand=2048 nkeep=591 nfound=395 kron+stage1=0.051s stage2=0.017s
[LSDF-IP] atom nao_loc=1484 npts=2823 naux=24 naux2=576 nip=395 sketch=0.100s proj=0.003s qrcp=0.068s
[LSDF-IP]   ncand=2048 nkeep=591 nfound=395 kron+stage1=0.053s stage2=0.018s
[LSDF-IP] atom nao_loc=1490 npts=2784 naux=24 naux2=576 nip=395 sketch=0.107s proj=0.004s qrcp=0.071s
[LSDF-IP]   ncand=2048 nkeep=585 nfound=395 kron+stage1=0.054s stage2=0.019s
[LSDF-IP] atom nao_loc=1485 npts=2775 naux=24 naux2=576 nip=395 sketch=0.119s proj=0.003s qrcp=0.073s
[LSDF-IP]   ncand=2048 nkeep=585 nfound=395 kron+stage1=0.052s stage2=0.019s
[LSDF-IP] atom nao_loc=1495 npts=2920 naux=24 naux2=576 nip=395 sketch=0.120s proj=0.003s qrcp=0.072s
[LSDF-IP]   ncand=2048 nkeep=588 nfound=395 kron+stage1=0.055s stage2=0.020s
[LSDF-IP] atom nao_loc=1498 npts=2924 naux=24 naux2=576 nip=395 sketch=0.105s proj=0.004s qrcp=0.075s
[LSDF-IP]   ncand=2048 nkeep=592 nfound=395 kron+stage1=0.049s stage2=0.016s
[LSDF-IP] atom nao_loc=1484 npts=2832 naux=24 naux2=576 nip=395 sketch=0.099s proj=0.004s qrcp=0.064s
[LSDF-IP]   ncand=2048 nkeep=587 nfound=395 kron+stage1=0.052s stage2=0.021s
[LSDF-IP] atom nao_loc=1498 npts=2930 naux=24 naux2=576 nip=395 sketch=0.110s proj=0.004s qrcp=0.073s
[LSDF-IP]   ncand=2048 nkeep=586 nfound=395 kron+stage1=0.047s stage2=0.015s
[LSDF-IP] atom nao_loc=1495 npts=2923 naux=24 naux2=576 nip=395 sketch=0.091s proj=0.004s qrcp=0.062s
[LSDF-IP]   ncand=2048 nkeep=594 nfound=395 kron+stage1=0.050s stage2=0.017s
[LSDF-IP] atom nao_loc=1501 npts=2793 naux=24 naux2=576 nip=395 sketch=0.102s proj=0.004s qrcp=0.068s
[LSDF-IP]   ncand=2048 nkeep=593 nfound=395 kron+stage1=0.056s stage2=0.018s
[LSDF-IP] atom nao_loc=1491 npts=2768 naux=24 naux2=576 nip=395 sketch=0.111s proj=0.004s qrcp=0.075s
[LSDF-IP]   ncand=2048 nkeep=592 nfound=395 kron+stage1=0.054s stage2=0.018s
[LSDF-IP] atom nao_loc=1481 npts=2767 naux=24 naux2=576 nip=395 sketch=0.104s proj=0.004s qrcp=0.072s
[LSDF-IP]   ncand=2048 nkeep=591 nfound=395 kron+stage1=0.050s stage2=0.020s
[LSDF-IP] atom nao_loc=1481 npts=2820 naux=24 naux2=576 nip=395 sketch=0.094s proj=0.004s qrcp=0.070s
[LSDF-IP]   ncand=2048 nkeep=584 nfound=395 kron+stage1=0.050s stage2=0.020s
[LSDF-IP] atom nao_loc=1498 npts=2924 naux=24 naux2=576 nip=395 sketch=0.119s proj=0.004s qrcp=0.071s
[LSDF-IP]   ncand=2048 nkeep=585 nfound=395 kron+stage1=0.052s stage2=0.021s
[LSDF-IP] atom nao_loc=1495 npts=2920 naux=24 naux2=576 nip=395 sketch=0.118s proj=0.004s qrcp=0.073s
[LSDF-IP]   ncand=2048 nkeep=586 nfound=395 kron+stage1=0.052s stage2=0.021s
[LSDF-IP] atom nao_loc=1498 npts=2959 naux=24 naux2=576 nip=395 sketch=0.105s proj=0.004s qrcp=0.074s
[LSDF-IP]   ncand=2048 nkeep=590 nfound=395 kron+stage1=0.054s stage2=0.018s
[LSDF-IP] atom nao_loc=1491 npts=2842 naux=24 naux2=576 nip=395 sketch=0.099s proj=0.003s qrcp=0.074s
[LSDF-IP]   ncand=2048 nkeep=585 nfound=395 kron+stage1=0.051s stage2=0.016s
[LSDF-IP] atom nao_loc=1498 npts=2777 naux=24 naux2=576 nip=395 sketch=0.104s proj=0.004s qrcp=0.067s
[LSDF-IP]   ncand=2048 nkeep=587 nfound=395 kron+stage1=0.051s stage2=0.018s
[LSDF-IP] atom nao_loc=1491 npts=2842 naux=24 naux2=576 nip=395 sketch=0.108s proj=0.004s qrcp=0.069s
[LSDF-IP]   ncand=2048 nkeep=588 nfound=395 kron+stage1=0.051s stage2=0.019s
[LSDF-IP] atom nao_loc=1498 npts=2907 naux=24 naux2=576 nip=395 sketch=0.110s proj=0.004s qrcp=0.070s
[LSDF-IP]   ncand=2048 nkeep=588 nfound=395 kron+stage1=0.051s stage2=0.017s
[LSDF-IP] atom nao_loc=1498 npts=2959 naux=24 naux2=576 nip=395 sketch=0.093s proj=0.004s qrcp=0.068s
[LSDF-IP]   ncand=2048 nkeep=585 nfound=395 kron+stage1=0.051s stage2=0.018s
[LSDF-IP] atom nao_loc=1491 npts=2768 naux=24 naux2=576 nip=395 sketch=0.112s proj=0.003s qrcp=0.070s
[LSDF-IP]   ncand=2048 nkeep=588 nfound=395 kron+stage1=0.051s stage2=0.019s
[LSDF-IP] atom nao_loc=1491 npts=2768 naux=24 naux2=576 nip=395 sketch=0.113s proj=0.003s qrcp=0.070s
[LSDF-IP]   ncand=2048 nkeep=589 nfound=395 kron+stage1=0.051s stage2=0.020s
[LSDF-IP] atom nao_loc=1489 npts=2826 naux=24 naux2=576 nip=395 sketch=0.097s proj=0.003s qrcp=0.071s
[LSDF-IP]   ncand=2048 nkeep=585 nfound=395 kron+stage1=0.047s stage2=0.018s
[LSDF-IP] atom nao_loc=1494 npts=2762 naux=24 naux2=576 nip=395 sketch=0.103s proj=0.003s qrcp=0.065s
[LSDF-IP]   ncand=2048 nkeep=585 nfound=395 kron+stage1=0.052s stage2=0.021s
[LSDF-IP] atom nao_loc=1494 npts=2860 naux=24 naux2=576 nip=395 sketch=0.117s proj=0.003s qrcp=0.074s
[LSDF-IP]   ncand=2048 nkeep=590 nfound=395 kron+stage1=0.050s stage2=0.018s
[LSDF-IP] atom nao_loc=1498 npts=2913 naux=24 naux2=576 nip=395 sketch=0.116s proj=0.004s qrcp=0.068s
[LSDF-IP]   ncand=2048 nkeep=587 nfound=395 kron+stage1=0.049s stage2=0.016s
[LSDF-IP] atom nao_loc=1487 npts=2830 naux=24 naux2=576 nip=395 sketch=0.099s proj=0.004s qrcp=0.066s
[LSDF-IP]   ncand=2048 nkeep=585 nfound=395 kron+stage1=0.055s stage2=0.018s
[LSDF-IP] atom nao_loc=1498 npts=2923 naux=24 naux2=576 nip=395 sketch=0.118s proj=0.003s qrcp=0.073s
[LSDF-IP]   ncand=2048 nkeep=590 nfound=395 kron+stage1=0.054s stage2=0.019s
[LSDF-IP] atom nao_loc=1487 npts=2765 naux=24 naux2=576 nip=395 sketch=0.111s proj=0.003s qrcp=0.073s
[LSDF-IP]   ncand=2048 nkeep=589 nfound=395 kron+stage1=0.053s stage2=0.019s
[LSDF-IP] atom nao_loc=1487 npts=2763 naux=24 naux2=576 nip=395 sketch=0.110s proj=0.003s qrcp=0.072s
[LSDF-IP]   ncand=2048 nkeep=584 nfound=395 kron+stage1=0.048s stage2=0.016s
[LSDF-IP] atom nao_loc=1497 npts=2846 naux=24 naux2=576 nip=395 sketch=0.091s proj=0.003s qrcp=0.064s
[LSDF-IP]   ncand=2048 nkeep=587 nfound=395 kron+stage1=0.049s stage2=0.016s
[LSDF-IP] atom nao_loc=1491 npts=2848 naux=24 naux2=576 nip=395 sketch=0.101s proj=0.004s qrcp=0.066s
[LSDF-IP]   ncand=2048 nkeep=583 nfound=395 kron+stage1=0.051s stage2=0.019s
[LSDF-IP] atom nao_loc=1489 npts=2757 naux=24 naux2=576 nip=395 sketch=0.107s proj=0.003s qrcp=0.070s
[LSDF-IP]   ncand=2048 nkeep=585 nfound=395 kron+stage1=0.051s stage2=0.015s
[LSDF-IP] atom nao_loc=1480 npts=2765 naux=24 naux2=576 nip=395 sketch=0.081s proj=0.004s qrcp=0.066s
[LSDF-IP]   ncand=2048 nkeep=584 nfound=395 kron+stage1=0.053s stage2=0.017s
[LSDF-IP] atom nao_loc=1495 npts=2922 naux=24 naux2=576 nip=395 sketch=0.115s proj=0.003s qrcp=0.070s
[LSDF-IP]   ncand=2048 nkeep=583 nfound=395 kron+stage1=0.051s stage2=0.018s
[LSDF-IP] atom nao_loc=1498 npts=2866 naux=24 naux2=576 nip=395 sketch=0.120s proj=0.003s qrcp=0.068s
[LSDF-IP]   ncand=2048 nkeep=588 nfound=395 kron+stage1=0.050s stage2=0.018s
[LSDF-IP] atom nao_loc=1494 npts=2762 naux=24 naux2=576 nip=395 sketch=0.090s proj=0.006s qrcp=0.068s
[LSDF-IP]   ncand=2048 nkeep=587 nfound=395 kron+stage1=0.055s stage2=0.019s
[LSDF-IP] atom nao_loc=1487 npts=2830 naux=24 naux2=576 nip=395 sketch=0.116s proj=0.003s qrcp=0.074s
[LSDF-IP]   ncand=2048 nkeep=588 nfound=395 kron+stage1=0.055s stage2=0.019s
[LSDF-IP] atom nao_loc=1491 npts=2826 naux=24 naux2=576 nip=395 sketch=0.123s proj=0.004s qrcp=0.074s
[LSDF-IP]   ncand=2048 nkeep=588 nfound=395 kron+stage1=0.048s stage2=0.013s
[LSDF-IP] atom nao_loc=1497 npts=2846 naux=24 naux2=576 nip=395 sketch=0.096s proj=0.004s qrcp=0.061s
[LSDF-IP]   ncand=2048 nkeep=586 nfound=395 kron+stage1=0.049s stage2=0.017s
[LSDF-IP] atom nao_loc=1498 npts=2916 naux=24 naux2=576 nip=395 sketch=0.109s proj=0.003s qrcp=0.066s
[LSDF-IP]   ncand=2048 nkeep=584 nfound=395 kron+stage1=0.046s stage2=0.013s
[LSDF-IP] atom nao_loc=1498 npts=2860 naux=24 naux2=576 nip=395 sketch=0.097s proj=0.003s qrcp=0.059s
[LSDF] total IPs selected: 101120 (13.8933% of grid)
Timer "[LSDF] IP selection" used time: 5.839896 s.
Timer "[LSDF] aux basis fitting" used time: 1.799061 s.
[LSDF] Step 5 diagnostics: natom=256, ngrid=727833, naux_total=101120
[LSDF]   OMP threads=32, MKL threads=32
[LSDF]   Vmat_loc equiv size: 101120 x 727833 = 548.35 GB (fused=yes, skip alloc)
[LSDF]   5a  tile-setup = 0.308 s
[LSDF]   5a  FFT+scat   = 289.363 s
Timer "[LSDF]   5a V-tile alloc+FFT (fused)" used time: 289.6709 s.
[LSDF]   W size: 101120 x 101120 = 78012.50 MB
Timer "[LSDF]   5b W construction (DGEMM from tiles)" used time: 268.5821 s.
Timer "[LSDF]   5c Wmat symmetrize" used time: 7.483352 s.
[LSDF]   5e skipped (tiles already built in fused path)
Timer "[LSDF] V/W construction" used time: 565.7372 s.
Timer "SCF::update_rhoR" used time: 2.156035 s.
Timer "SCF::update_rhoG" used time: 0.970937 s.
Timer "SCF::update_vhar" used time: 0.657113 s.
Timer "SCF::update_epsv" used time: 2.873689 s.
Timer "SCF::update_vhxc" used time: 3.037740 s.
[LSDF] xchg phases: A=1.427 s, B(K_W)=29.046 s, C(K_V)=188.061 s, E(reduce)=1.378 s
Timer "SCF::update_xchg" used time: 226.9536 s.
Timer "SCF::update_engy" used time: 0.243733 s.
[NELEC] step = 0  nelec = 1024  neInt = 1023.999980  dnelc = -1.9688804628e-05
[ENERG] step = 0  eTotl = -1000.82519816  eCore = 314.15536541  eCoul = 73.07010042  eExcl = -313.11622795  eNucl = -1074.93443604  eDisp = 0.00000000
[ERROR] step = 0  engy error =  0.0000000000e+00  grad error =  0.0000000000e+00  dmat error =  0.0000000000e+00
Timer "SCF cycle: 0" used time: 244.5336 s.

Timer "SCF::solve_eigen" used time: 0.774796 s.
Timer "SCF::update_rhoR" used time: 1.187909 s.
Timer "SCF::update_rhoG" used time: 0.090911 s.
Timer "SCF::update_vhar" used time: 0.083066 s.
Timer "SCF::update_epsv" used time: 2.070958 s.
Timer "SCF::update_vhxc" used time: 0.823161 s.
[LSDF] xchg phases: A=0.834 s, B(K_W)=28.546 s, C(K_V)=169.976 s, E(reduce)=0.445 s
Timer "SCF::update_xchg" used time: 199.8767 s.
Timer "SCF::update_engy" used time: 0.126802 s.
[NELEC] step = 1  nelec = 1024  neInt = 1024.000000  dnelc = -3.6493474909e-11
[ENERG] step = 1  eTotl = -1007.53282158  eCore = 308.44419700  eCoul = 66.34258654  eExcl = -307.38516908  eNucl = -1074.93443604  eDisp = 0.00000000
[ERROR] step = 1  engy error = -6.7076234179e+00  grad error =  0.0000000000e+00  dmat error =  1.0901242133e+00
Timer "SCF cycle: 1" used time: 206.2340 s.

Timer "SCF::solve_eigen" used time: 0.380746 s.
Timer "SCF::update_rhoR" used time: 0.435869 s.
Timer "SCF::update_rhoG" used time: 0.056779 s.
Timer "SCF::update_vhar" used time: 0.072225 s.
Timer "SCF::update_epsv" used time: 1.725469 s.
Timer "SCF::update_vhxc" used time: 0.720696 s.
[LSDF] xchg phases: A=0.832 s, B(K_W)=28.616 s, C(K_V)=168.363 s, E(reduce)=0.513 s
Timer "SCF::update_xchg" used time: 198.3726 s.
Timer "SCF::update_engy" used time: 0.194707 s.
[NELEC] step = 2  nelec = 1024  neInt = 1024.000000  dnelc = -3.6038727558e-11
[ENERG] step = 2  eTotl = -1007.64798251  eCore = 307.81887939  eCoul = 67.34269948  eExcl = -307.87512534  eNucl = -1074.93443604  eDisp = 0.00000000
[ERROR] step = 2  engy error = -1.1516092862e-01  grad error =  0.0000000000e+00  dmat error =  1.7195187127e-02
Timer "SCF cycle: 2" used time: 202.2274 s.

Timer "SCF::solve_eigen" used time: 0.384531 s.
Timer "SCF::update_rhoR" used time: 0.389408 s.
Timer "SCF::update_rhoG" used time: 0.056101 s.
Timer "SCF::update_vhar" used time: 0.072530 s.
Timer "SCF::update_epsv" used time: 1.231912 s.
Timer "SCF::update_vhxc" used time: 0.685300 s.
[LSDF] xchg phases: A=0.822 s, B(K_W)=29.039 s, C(K_V)=168.074 s, E(reduce)=0.427 s
Timer "SCF::update_xchg" used time: 198.3683 s.
Timer "SCF::update_engy" used time: 0.147944 s.
[NELEC] step = 3  nelec = 1024  neInt = 1024.000000  dnelc = -3.5129232856e-11
[ENERG] step = 3  eTotl = -1007.75978319  eCore = 306.65327251  eCoul = 69.44341759  eExcl = -308.92203725  eNucl = -1074.93443604  eDisp = 0.00000000
[ERROR] step = 3  engy error = -1.1180068565e-01  grad error =  0.0000000000e+00  dmat error =  4.1263390306e-02
Timer "SCF cycle: 3" used time: 201.8665 s.

Timer "SCF::solve_eigen" used time: 0.479764 s.
Timer "SCF::update_rhoR" used time: 0.715430 s.
Timer "SCF::update_rhoG" used time: 0.174170 s.
Timer "SCF::update_vhar" used time: 0.089633 s.
Timer "SCF::update_epsv" used time: 1.226894 s.
Timer "SCF::update_vhxc" used time: 0.773796 s.
[LSDF] xchg phases: A=0.898 s, B(K_W)=30.877 s, C(K_V)=174.425 s, E(reduce)=0.267 s
Timer "SCF::update_xchg" used time: 206.4710 s.
Timer "SCF::update_engy" used time: 0.088006 s.
[NELEC] step = 4  nelec = 1024  neInt = 1024.000000  dnelc = -3.6720848584e-11
[ENERG] step = 4  eTotl = -1007.76164523  eCore = 306.76680318  eCoul = 69.28914183  eExcl = -308.88315420  eNucl = -1074.93443604  eDisp = 0.00000000
[ERROR] step = 4  engy error = -1.8620338388e-03  grad error =  0.0000000000e+00  dmat error =  1.0780784817e-02
Timer "SCF cycle: 4" used time: 210.7229 s.

Timer "SCF::solve_eigen" used time: 0.398908 s.
Timer "SCF::update_rhoR" used time: 0.396884 s.
Timer "SCF::update_rhoG" used time: 0.058441 s.
Timer "SCF::update_vhar" used time: 0.072781 s.
Timer "SCF::update_epsv" used time: 1.302371 s.
Timer "SCF::update_vhxc" used time: 0.684768 s.
[LSDF] xchg phases: A=0.818 s, B(K_W)=28.909 s, C(K_V)=170.633 s, E(reduce)=0.323 s
Timer "SCF::update_xchg" used time: 200.7147 s.
Timer "SCF::update_engy" used time: 0.164695 s.
[NELEC] step = 5  nelec = 1024  neInt = 1024.000000  dnelc = -3.7971403799e-11
[ENERG] step = 5  eTotl = -1007.76165698  eCore = 306.76957934  eCoul = 69.28603976  eExcl = -308.88284004  eNucl = -1074.93443604  eDisp = 0.00000000
[ERROR] step = 5  engy error = -1.1753401964e-05  grad error =  0.0000000000e+00  dmat error =  3.8807127289e-04
Timer "SCF cycle: 5" used time: 204.8523 s.

Timer "SCF::solve_eigen" used time: 0.412946 s.
Timer "SCF::update_rhoR" used time: 0.489353 s.
Timer "SCF::update_rhoG" used time: 0.081958 s.
Timer "SCF::update_vhar" used time: 0.074569 s.
Timer "SCF::update_epsv" used time: 0.577556 s.
Timer "SCF::update_vhxc" used time: 0.754690 s.
[LSDF] xchg phases: A=0.826 s, B(K_W)=28.814 s, C(K_V)=171.506 s, E(reduce)=0.364 s
Timer "SCF::update_xchg" used time: 201.5256 s.
Timer "SCF::update_engy" used time: 0.160185 s.
[NELEC] step = 6  nelec = 1024  neInt = 1024.000000  dnelc = -3.8426151150e-11
[ENERG] step = 6  eTotl = -1007.76166967  eCore = 306.77305621  eCoul = 69.28357073  eExcl = -308.88386058  eNucl = -1074.93443604  eDisp = 0.00000000
[ERROR] step = 6  engy error = -1.2689258028e-05  grad error =  0.0000000000e+00  dmat error =  7.5055111817e-04
Timer "SCF cycle: 6" used time: 205.5096 s.

Timer "SCF::solve_eigen" used time: 0.395761 s.
Timer "SCF::update_rhoR" used time: 0.510544 s.
Timer "SCF::update_rhoG" used time: 0.083167 s.
Timer "SCF::update_vhar" used time: 0.073415 s.
Timer "SCF::update_epsv" used time: 1.401584 s.
Timer "SCF::update_vhxc" used time: 0.735830 s.
[LSDF] xchg phases: A=0.840 s, B(K_W)=28.667 s, C(K_V)=170.538 s, E(reduce)=0.336 s
Timer "SCF::update_xchg" used time: 200.3845 s.
Timer "SCF::update_engy" used time: 0.091476 s.
[NELEC] step = 7  nelec = 1024  neInt = 1024.000000  dnelc = -3.6948222260e-11
[ENERG] step = 7  eTotl = -1007.76167094  eCore = 306.77068978  eCoul = 69.28883777  eExcl = -308.88676245  eNucl = -1074.93443604  eDisp = 0.00000000
[ERROR] step = 7  engy error = -1.2669079297e-06  grad error =  0.0000000000e+00  dmat error =  1.9585333033e-04
Timer "SCF cycle: 7" used time: 205.2982 s.

Timer "SCF::solve_eigen" used time: 0.419836 s.
Timer "SCF::update_rhoR" used time: 0.485587 s.
Timer "SCF::update_rhoG" used time: 0.081493 s.
Timer "SCF::update_vhar" used time: 0.073204 s.
Timer "SCF::update_epsv" used time: 0.494169 s.
Timer "SCF::update_vhxc" used time: 0.718704 s.
Timer "SCF::update_xchg" used time: 202.2309 s.
Timer "SCF::update_engy" used time: 0.134885 s.
[NELEC] step = 8  nelec = 1024  neInt = 1024.000000  dnelc = -3.6948222260e-11
[ENERG] step = 8  eTotl = -1007.76167098  eCore = 306.76961757  eCoul = 69.29066063  eExcl = -308.88751313  eNucl = -1074.93443604  eDisp = 0.00000000
[ERROR] step = 8  engy error = -4.4173475544e-08  grad error =  0.0000000000e+00  dmat error =  2.5570387124e-05
SCF converged in 8 steps.

  Band Gap Analysis (per k-point)
  k-pt    spin         HOMO (eV)       LUMO (eV)        Gap (eV)
  -----------------------------------------------------------
  0       0             5.876159        7.156490        1.280331
  -----------------------------------------------------------
  VBM =       5.876159 eV    CBM =       7.156490 eV    Band Gap =       1.280331 eV

Kylin-PBC Done.
Timer "Kylin-PBC main" used time: 2484.694 s.
