Kylin-PBC: v1.0.0

System time = 2026-06-25 18:11:46

OMP threads = 32

KYLIN_PBC_ROOT = "/home/rudin/code/kylin-pbc"
KYLIN_SCR_PATH = "/nvme"
KYLIN_JOB_PATH = "/home/rudin/code/kylin-pbc/art/example/extern/BN-HSE06-k333-kylin-LSDF"

SCF.xcfun                      = HSE06
SCF.basis                      = dzvp-sr
SCF.psudo                      = gth-pbe
SCF.kmesh                      = 3 3 3
SCF.gmesh                      = 6.0e-01
SCF.ispin                      = OFF
SCF.dspin                      = 0
SCF.eps_engy                   = 3.7e-09 [AU]
SCF.eps_grad                   = 1.0e-05 [AU]
SCF.eps_dmat                   = 1.0e-03
SCF.chk_load                   = 
SCF.chk_save                   = 
SCF.scf_guess                  = ATOM
SCF.max_cycle                  = 200
SCF.vdw_method                 = NONE
SCF.coul_method                = MGDF
SCF.xchg_method                = LSDF
SCF.xchg_exxocc                = OFF
SCF.xchg_exxace                = NONE
SCF.xchg_robust                = TILE
SCF.xchg_exxdiv                = EWALD
SCF.xchg_dropG0                = ON
SCF.lsdf_cparam                = 60
SCF.lsdf_mparam                = 5
SCF.lsdf_ipslct                = QRCP
SCF.lsdf_chocut                = 1.0e-08
SCF.lsdf_atmcut                = 2.5e+01
SCF.lsdf_aovcut                = 1.0e-07
SCF.lsdf_swzcut                = 0.0e+00
SCF.lsdf_pnocut                = 0.0e+00
SCF.lsdf_nafcut                = 0.0e+00
SCF.mgdf_ntasks                = 4
SCF.mgdf_kratio                = 3.0e+00
SCF.mgdf_cutoff                = 3.0e+02 [AU]
SCF.mgdf_relcut                = 3.0e+01
SCF.mgdf_prprec                = 1.0e-14
SCF.dmx_mix_method             = NONE
SCF.dmx_mix_start              = 1
SCF.dmx_mix_space              = 8
SCF.dmx_mix_alpha              = 3.0e-01
SCF.rho_mix_method             = NONE
SCF.rho_mix_start              = 1
SCF.rho_mix_space              = 8
SCF.rho_mix_alpha              = 3.0e-01
SCF.hks_mix_method             = BROY
SCF.hks_mix_start              = 1
SCF.hks_mix_space              = 8
SCF.hks_mix_alpha              = 3.0e-01
SCF.damp_factor                = 0.0e+00
SCF.level_shift                = 0.0e+00 [AU]
SCF.smear_method               = NONE
SCF.smear_sigma                = 0.0e+00 [AU]
SCF.soc                        = OFF
SCF.soc_window                 = 1.8e+00 [AU]
SCF.print_bandgap              = ON
SCF.print_time                 = OFF

OPT.opt_method                 = BFGS
OPT.max_cycle                  = 0
OPT.eps_engy                   = 4.0e-06 [AU]
OPT.eps_grad                   = 4.0e-04 [AU]
OPT.trust_limit                = 3.0e-01 [AU]
OPT.damp_factor                = 0.0e+00
OPT.opt_mix_method             = NONE
OPT.opt_mix_start              = 1
OPT.opt_mix_space              = 5
OPT.opt_mix_alpha              = 3.0e-01
OPT.neb_method                 = FIRE
OPT.neb_lclimb                 = ON
OPT.neb_interp                 = IDPP
OPT.neb_nimage                 = 5
OPT.neb_spring                 = 1.0e-02 [AU]
OPT.neb_maxstep                = 7.6e-02 [AU]

PROP.calculation               = NONE
FREQ.freq_method               = FREE2
FREQ.fd_stepsize               = 2.8e-02 [AU]
DOS.dos_method                 = GAUSS
DOS.dos_sigma                  = 3.7e-03 [AU]
DOS.dos_npoint                 = 1001
DOS.dos_emin                   = 0.0e+00 [AU]
DOS.dos_emax                   = 0.0e+00 [AU]

OPT.mdx_ensemble               = NVE
OPT.mdx_thermostat             = NHC
OPT.mdx_max_step               = 0
OPT.mdx_timestep               = 4.0e+01 [AU]
OPT.mdx_temperature            = 9.5e-04 [AU]
OPT.mdx_pressure               = 0.0e+00 [AU]
OPT.mdx_thermo_tau             = 4.0e+03 [AU]
OPT.mdx_baro_tau               = 2.0e+04 [AU]
OPT.mdx_nhc_length             = 3
OPT.mdx_nhc_mts                = 3
OPT.mdx_constraint             = OFF
OPT.mdx_constraint_tol         = 1.0e-10
OPT.mdx_rng_seed               = 42

K-points mesh = 3 3 3

xc functional: "HSE06"
is hybrid: YES
HFX coeff: 0.25

Basis Set Name: "dzvp-sr"
number of shell = 6
number of basis = 26
gmesh = 38 38 38

Pseudopotential Name: "gth-pbe"
number of valence electron = 8

SCF Calculation.
K sampling = 3 3 3
[LSDF-K] gmesh = (38, 38, 38), nkpts = 27, naofn = 26, natom = 2
Timer "[LSDF-K] Voronoi partition" used time: 0.002286 s.
[LSDF-K]   atom 0: 28519 grid points, 13 AOs
[LSDF-K]   atom 1: 26353 grid points, 13 AOs
[LSDF-K]   atom 0: 26 / 26 AOs kept after screening
[LSDF-K]   atom 1: 26 / 26 AOs kept after screening
Timer "[LSDF-K] AO evaluation + screening" used time: 0.704739 s.
[LSDF-K]   atom 0: 785 IPs selected
[LSDF-K]   atom 1: 785 IPs selected
[LSDF-K]   total IPs: 1570 (2.8612% of grid)
Timer "[LSDF-K] IP selection" used time: 9.448886 s.
[LSDF-K]   aux fitting over k-summed pair products (Nk = 27)
[LSDF-K]   atom 0: aux_basis (785 x 28519), nao_local = 26
[LSDF-K]   atom 1: aux_basis (785 x 26353), nao_local = 26
Timer "[LSDF-K] aux basis fitting" used time: 3.217159 s.
[LSDF-K]   W_k[0]: (1570 x 1570)
[LSDF-K]   W_k[1]: (1570 x 1570)
[LSDF-K]   W_k[2]: (1570 x 1570)
[LSDF-K]   W_k[3]: (1570 x 1570)
[LSDF-K]   W_k[4]: (1570 x 1570)
[LSDF-K]   W_k[5]: (1570 x 1570)
[LSDF-K]   W_k[6]: (1570 x 1570)
[LSDF-K]   W_k[7]: (1570 x 1570)
[LSDF-K]   W_k[8]: (1570 x 1570)
[LSDF-K]   W_k[9]: (1570 x 1570)
[LSDF-K]   W_k[10]: (1570 x 1570)
[LSDF-K]   W_k[11]: (1570 x 1570)
[LSDF-K]   W_k[12]: (1570 x 1570)
[LSDF-K]   W_k[13]: (1570 x 1570)
[LSDF-K]   W_k[14]: (1570 x 1570)
[LSDF-K]   W_k[15]: (1570 x 1570)
[LSDF-K]   W_k[16]: (1570 x 1570)
[LSDF-K]   W_k[17]: (1570 x 1570)
[LSDF-K]   W_k[18]: (1570 x 1570)
[LSDF-K]   W_k[19]: (1570 x 1570)
[LSDF-K]   W_k[20]: (1570 x 1570)
[LSDF-K]   W_k[21]: (1570 x 1570)
[LSDF-K]   W_k[22]: (1570 x 1570)
[LSDF-K]   W_k[23]: (1570 x 1570)
[LSDF-K]   W_k[24]: (1570 x 1570)
[LSDF-K]   W_k[25]: (1570 x 1570)
[LSDF-K]   W_k[26]: (1570 x 1570)
Timer "[LSDF-K] W_k construction" used time: 169.8012 s.
Timer "[LSDF-K] W_k k-mesh DFT" used time: 0.306858 s.
Timer "[LSDF-K] aovals_pivots" used time: 0.063692 s.
Timer "LSDF-K build" used time: 183.5568 s.
[LSDF-K] build complete: naux = 1570
[IGUESS] MINAO initial guess done. naofn = 26  nkpot = 27
[NELEC] step = 0  nelec = 8  neInt = 5.252991  dnelc = -2.7470093506e+00
[ENERG] step = 0  eTotl = -12.98261788  eCore = 1.55961858  eCoul = 0.69569034  eExcl = -2.06753386  eNucl = -13.17039294  eDisp = 0.00000000
[ERROR] step = 0  engy error =  0.0000000000e+00  grad error =  0.0000000000e+00  dmat error =  0.0000000000e+00
Timer "SCF cycle: 0" used time: 1.090121 s.

[NELEC] step = 1  nelec = 8  neInt = 8.000000  dnelc =  1.2878587086e-12
[ENERG] step = 1  eTotl = -12.37302829  eCore = 1.40348063  eCoul = 3.58820774  eExcl = -4.19432372  eNucl = -13.17039294  eDisp = 0.00000000
[ERROR] step = 1  engy error =  6.0958958858e-01  grad error =  0.0000000000e+00  dmat error =  1.8534555573e+00
Timer "SCF cycle: 1" used time: 1.099366 s.

[NELEC] step = 2  nelec = 8  neInt = 8.000000  dnelc =  1.5649703755e-12
[ENERG] step = 2  eTotl = -12.79307475  eCore = 1.87325168  eCoul = 2.39177866  eExcl = -3.88771215  eNucl = -13.17039294  eDisp = 0.00000000
[ERROR] step = 2  engy error = -4.2004645494e-01  grad error =  0.0000000000e+00  dmat error =  8.5873080655e-01
Timer "SCF cycle: 2" used time: 1.092521 s.

[NELEC] step = 3  nelec = 8  neInt = 8.000000  dnelc =  1.6555645743e-12
[ENERG] step = 3  eTotl = -12.85351683  eCore = 2.15484874  eCoul = 1.92666060  eExcl = -3.76463323  eNucl = -13.17039294  eDisp = 0.00000000
[ERROR] step = 3  engy error = -6.0442086000e-02  grad error =  0.0000000000e+00  dmat error =  3.7675131598e-01
Timer "SCF cycle: 3" used time: 1.097127 s.

[NELEC] step = 4  nelec = 8  neInt = 8.000000  dnelc =  1.6271428649e-12
[ENERG] step = 4  eTotl = -12.85626794  eCore = 2.21118305  eCoul = 1.84230881  eExcl = -3.73936685  eNucl = -13.17039294  eDisp = 0.00000000
[ERROR] step = 4  engy error = -2.7511050383e-03  grad error =  0.0000000000e+00  dmat error =  1.6324846286e-01
Timer "SCF cycle: 4" used time: 1.069155 s.

[NELEC] step = 5  nelec = 8  neInt = 8.000000  dnelc =  1.6235901512e-12
[ENERG] step = 5  eTotl = -12.85628711  eCore = 2.21716407  eCoul = 1.83379577  eExcl = -3.73685400  eNucl = -13.17039294  eDisp = 0.00000000
[ERROR] step = 5  engy error = -1.9169910876e-05  grad error =  0.0000000000e+00  dmat error =  1.2260029590e-02
Timer "SCF cycle: 5" used time: 1.086730 s.

[NELEC] step = 6  nelec = 8  neInt = 8.000000  dnelc =  1.6253665081e-12
[ENERG] step = 6  eTotl = -12.85629810  eCore = 2.21872892  eCoul = 1.83185019  eExcl = -3.73648426  eNucl = -13.17039294  eDisp = 0.00000000
[ERROR] step = 6  engy error = -1.0996887587e-05  grad error =  0.0000000000e+00  dmat error =  9.3760354249e-03
Timer "SCF cycle: 6" used time: 1.097956 s.

[NELEC] step = 7  nelec = 8  neInt = 8.000000  dnelc =  1.6253665081e-12
[ENERG] step = 7  eTotl = -12.85629811  eCore = 2.21882681  eCoul = 1.83170587  eExcl = -3.73643785  eNucl = -13.17039294  eDisp = 0.00000000
[ERROR] step = 7  engy error = -4.8690260712e-09  grad error =  0.0000000000e+00  dmat error =  5.2147399811e-04
Timer "SCF cycle: 7" used time: 1.100813 s.

[NELEC] step = 8  nelec = 8  neInt = 8.000000  dnelc =  1.6200374375e-12
[ENERG] step = 8  eTotl = -12.85629811  eCore = 2.21871710  eCoul = 1.83185679  eExcl = -3.73647906  eNucl = -13.17039294  eDisp = 0.00000000
[ERROR] step = 8  engy error = -6.2384497568e-09  grad error =  0.0000000000e+00  dmat error =  1.2722641333e-04
Timer "SCF cycle: 8" used time: 1.094919 s.

[NELEC] step = 9  nelec = 8  neInt = 8.000000  dnelc =  1.6253665081e-12
[ENERG] step = 9  eTotl = -12.85629811  eCore = 2.21870283  eCoul = 1.83187619  eExcl = -3.73648419  eNucl = -13.17039294  eDisp = 0.00000000
[ERROR] step = 9  engy error =  3.4875213828e-11  grad error =  0.0000000000e+00  dmat error =  1.4069499595e-05
SCF converged in 9 steps.

  Band Gap Analysis (per k-point)
  k-pt    spin         HOMO (eV)       LUMO (eV)        Gap (eV)
  -----------------------------------------------------------
  0       0            10.370533       20.929799       10.559267
  1       0             8.685125       22.172611       13.487486
  2       0             8.685125       22.172611       13.487486
  3       0             8.685131       22.172612       13.487481
  4       0             6.021197       17.685567       11.664370
  5       0             6.606867       19.967847       13.360980
  6       0             8.685131       22.172612       13.487481
  7       0             6.606867       19.967846       13.360980
  8       0             6.021198       17.685567       11.664370
  9       0             8.685130       22.172610       13.487480
  10      0             6.021191       17.685569       11.664378
  11      0             6.606863       19.967847       13.360984
  12      0             6.021201       17.685568       11.664368
  13      0             8.685125       22.172612       13.487487
  14      0             6.606859       19.967849       13.360989
  15      0             6.606871       19.967847       13.360976
  16      0             6.606860       19.967849       13.360989
  17      0             6.606866       19.967848       13.360982
  18      0             8.685131       22.172611       13.487480
  19      0             6.606862       19.967846       13.360984
  20      0             6.021190       17.685569       11.664378
  21      0             6.606872       19.967848       13.360976
  22      0             6.606867       19.967849       13.360982
  23      0             6.606860       19.967850       13.360990
  24      0             6.021201       17.685569       11.664368
  25      0             6.606859       19.967849       13.360990
  26      0             8.685124       22.172613       13.487488
  -----------------------------------------------------------
  VBM =      10.370533 eV    CBM =      17.685567 eV    Band Gap =       7.315034 eV

Kylin-PBC Done.
Timer "Kylin-PBC main" used time: 195.3115 s.
