Kylin-PBC: v1.0.0

System time = 2026-06-23 21:41:32

OMP threads = 32

KYLIN_PBC_ROOT = "/home/rudin/code/kylin-pbc"
KYLIN_SCR_PATH = "/nvme"
KYLIN_JOB_PATH = "/home/rudin/code/kylin-pbc/art/example/extern/LiH-PBE-k333-kylin-MGDF"

SCF.xcfun                      = PBE
SCF.basis                      = dzvp-sr
SCF.psudo                      = gth-pbe
SCF.kmesh                      = 3 3 3
SCF.gmesh                      = 6.0e-01
SCF.ispin                      = OFF
SCF.dspin                      = 0
SCF.eps_engy                   = 3.7e-09 [AU]
SCF.eps_grad                   = 1.0e-05 [AU]
SCF.eps_dmat                   = 1.0e-03
SCF.chk_load                   = 
SCF.chk_save                   = 
SCF.scf_guess                  = ATOM
SCF.max_cycle                  = 200
SCF.vdw_method                 = NONE
SCF.coul_method                = MGDF
SCF.xchg_method                = LSDF
SCF.xchg_exxocc                = OFF
SCF.xchg_exxace                = NONE
SCF.xchg_robust                = TILE
SCF.xchg_exxdiv                = NONE
SCF.lsdf_cparam                = 30
SCF.lsdf_mparam                = 5
SCF.lsdf_ipslct                = QRCP
SCF.lsdf_chocut                = 1.0e-08
SCF.lsdf_atmcut                = 2.5e+01
SCF.lsdf_aovcut                = 1.0e-07
SCF.lsdf_swzcut                = 0.0e+00
SCF.lsdf_pnocut                = 0.0e+00
SCF.lsdf_nafcut                = 0.0e+00
SCF.mgdf_ntasks                = 4
SCF.mgdf_kratio                = 3.0e+00
SCF.mgdf_cutoff                = 3.0e+02 [AU]
SCF.mgdf_relcut                = 3.0e+01
SCF.mgdf_prprec                = 1.0e-14
SCF.dmx_mix_method             = NONE
SCF.dmx_mix_start              = 1
SCF.dmx_mix_space              = 8
SCF.dmx_mix_alpha              = 3.0e-01
SCF.rho_mix_method             = NONE
SCF.rho_mix_start              = 1
SCF.rho_mix_space              = 8
SCF.rho_mix_alpha              = 3.0e-01
SCF.hks_mix_method             = BROY
SCF.hks_mix_start              = 1
SCF.hks_mix_space              = 8
SCF.hks_mix_alpha              = 3.0e-01
SCF.damp_factor                = 0.0e+00
SCF.level_shift                = 0.0e+00 [AU]
SCF.smear_method               = NONE
SCF.smear_sigma                = 0.0e+00 [AU]
SCF.soc                        = OFF
SCF.soc_window                 = 1.8e+00 [AU]
SCF.print_bandgap              = ON
SCF.print_time                 = OFF

OPT.opt_method                 = BFGS
OPT.max_cycle                  = 0
OPT.eps_engy                   = 4.0e-06 [AU]
OPT.eps_grad                   = 4.0e-04 [AU]
OPT.trust_limit                = 3.0e-01 [AU]
OPT.damp_factor                = 0.0e+00
OPT.opt_mix_method             = NONE
OPT.opt_mix_start              = 1
OPT.opt_mix_space              = 5
OPT.opt_mix_alpha              = 3.0e-01
OPT.neb_method                 = FIRE
OPT.neb_lclimb                 = ON
OPT.neb_interp                 = IDPP
OPT.neb_nimage                 = 5
OPT.neb_spring                 = 1.0e-02 [AU]
OPT.neb_maxstep                = 7.6e-02 [AU]

PROP.calculation               = NONE
FREQ.freq_method               = FREE2
FREQ.fd_stepsize               = 2.8e-02 [AU]
DOS.dos_method                 = GAUSS
DOS.dos_sigma                  = 3.7e-03 [AU]
DOS.dos_npoint                 = 1001
DOS.dos_emin                   = 0.0e+00 [AU]
DOS.dos_emax                   = 0.0e+00 [AU]

OPT.mdx_ensemble               = NVE
OPT.mdx_thermostat             = NHC
OPT.mdx_max_step               = 0
OPT.mdx_timestep               = 4.0e+01 [AU]
OPT.mdx_temperature            = 9.5e-04 [AU]
OPT.mdx_pressure               = 0.0e+00 [AU]
OPT.mdx_thermo_tau             = 4.0e+03 [AU]
OPT.mdx_baro_tau               = 2.0e+04 [AU]
OPT.mdx_nhc_length             = 3
OPT.mdx_nhc_mts                = 3
OPT.mdx_constraint             = OFF
OPT.mdx_constraint_tol         = 1.0e-10
OPT.mdx_rng_seed               = 42

K-points mesh = 3 3 3

xc functional: "PBE"
is hybrid: NO

Basis Set Name: "dzvp-sr"
number of shell = 4
number of basis = 11
gmesh = 43 43 43

Pseudopotential Name: "gth-pbe"
number of valence electron = 4

SCF Calculation.
K sampling = 3 3 3
[IGUESS] MINAO initial guess done. naofn = 11  nkpot = 27
[NELEC] step = 0  nelec = 4  neInt = 0.787201  dnelc = -3.2127994803e+00
[ENERG] step = 0  eTotl = -4.46128884  eCore = -0.86249100  eCoul = 0.07500203  eExcl = -0.27899017  eNucl = -3.39480971  eDisp = 0.00000000
[ERROR] step = 0  engy error =  0.0000000000e+00  grad error =  0.0000000000e+00  dmat error =  0.0000000000e+00
Timer "SCF cycle: 0" used time: 0.383025 s.

[NELEC] step = 1  nelec = 4  neInt = 4.000000  dnelc =  8.3142381868e-12
[ENERG] step = 1  eTotl = -8.00210883  eCore = -4.49860243  eCoul = 2.20783037  eExcl = -2.31652707  eNucl = -3.39480971  eDisp = 0.00000000
[ERROR] step = 1  engy error = -3.5408199900e+00  grad error =  0.0000000000e+00  dmat error =  3.5662873020e+01
Timer "SCF cycle: 1" used time: 0.359375 s.

[NELEC] step = 2  nelec = 4  neInt = 4.000000  dnelc =  4.9764636856e-12
[ENERG] step = 2  eTotl = -8.03766660  eCore = -4.49475297  eCoul = 2.14562227  eExcl = -2.29372619  eNucl = -3.39480971  eDisp = 0.00000000
[ERROR] step = 2  engy error = -3.5557765284e-02  grad error =  0.0000000000e+00  dmat error =  1.7474058565e+01
Timer "SCF cycle: 2" used time: 0.352092 s.

[NELEC] step = 3  nelec = 4  neInt = 4.000000  dnelc =  1.5187850977e-12
[ENERG] step = 3  eTotl = -8.07502268  eCore = -4.42803464  eCoul = 1.96324317  eExcl = -2.21542150  eNucl = -3.39480971  eDisp = 0.00000000
[ERROR] step = 3  engy error = -3.7356082475e-02  grad error =  0.0000000000e+00  dmat error =  1.9361526767e+01
Timer "SCF cycle: 3" used time: 0.351934 s.

[NELEC] step = 4  nelec = 4  neInt = 4.000000  dnelc =  1.5161205624e-12
[ENERG] step = 4  eTotl = -8.07497738  eCore = -4.42707632  eCoul = 1.96218808  eExcl = -2.21527944  eNucl = -3.39480971  eDisp = 0.00000000
[ERROR] step = 4  engy error =  4.5299493696e-05  grad error =  0.0000000000e+00  dmat error =  5.1578527056e-02
Timer "SCF cycle: 4" used time: 0.349045 s.

[NELEC] step = 5  nelec = 4  neInt = 4.000000  dnelc =  1.5321077740e-12
[ENERG] step = 5  eTotl = -8.07515100  eCore = -4.43231569  eCoul = 1.96635078  eExcl = -2.21437638  eNucl = -3.39480971  eDisp = 0.00000000
[ERROR] step = 5  engy error = -1.7361949135e-04  grad error =  0.0000000000e+00  dmat error =  2.9267026270e-01
Timer "SCF cycle: 5" used time: 0.351950 s.

[NELEC] step = 6  nelec = 4  neInt = 4.000000  dnelc =  1.5312195956e-12
[ENERG] step = 6  eTotl = -8.07515731  eCore = -4.43369356  eCoul = 1.96914075  eExcl = -2.21579479  eNucl = -3.39480971  eDisp = 0.00000000
[ERROR] step = 6  engy error = -6.3094493630e-06  grad error =  0.0000000000e+00  dmat error =  1.1518487307e-01
Timer "SCF cycle: 6" used time: 0.348952 s.

[NELEC] step = 7  nelec = 4  neInt = 4.000000  dnelc =  1.5214496329e-12
[ENERG] step = 7  eTotl = -8.07515735  eCore = -4.43349443  eCoul = 1.96895592  eExcl = -2.21580913  eNucl = -3.39480971  eDisp = 0.00000000
[ERROR] step = 7  engy error = -4.2471489436e-08  grad error =  0.0000000000e+00  dmat error =  1.0399773963e-02
Timer "SCF cycle: 7" used time: 0.350955 s.

[NELEC] step = 8  nelec = 4  neInt = 4.000000  dnelc =  1.5241141682e-12
[ENERG] step = 8  eTotl = -8.07515743  eCore = -4.43349830  eCoul = 1.96882526  eExcl = -2.21567469  eNucl = -3.39480971  eDisp = 0.00000000
[ERROR] step = 8  engy error = -8.0125401425e-08  grad error =  0.0000000000e+00  dmat error =  4.1097851703e-03
Timer "SCF cycle: 8" used time: 0.351117 s.

[NELEC] step = 9  nelec = 4  neInt = 4.000000  dnelc =  1.5267787035e-12
[ENERG] step = 9  eTotl = -8.07515743  eCore = -4.43349872  eCoul = 1.96882676  eExcl = -2.21567577  eNucl = -3.39480971  eDisp = 0.00000000
[ERROR] step = 9  engy error = -1.0938805417e-11  grad error =  0.0000000000e+00  dmat error =  5.3613101548e-05
SCF converged in 9 steps.

  Band Gap Analysis (per k-point)
  k-pt    spin         HOMO (eV)       LUMO (eV)        Gap (eV)
  -----------------------------------------------------------
  0       0            -4.880079       16.457375       21.337454
  1       0            -3.079243        8.313953       11.393197
  2       0            -3.079243        8.313953       11.393197
  3       0            -3.079243        8.313953       11.393197
  4       0            -2.098695        9.196953       11.295648
  5       0            -0.400155        5.743575        6.143730
  6       0            -3.079243        8.313953       11.393197
  7       0            -0.400155        5.743575        6.143730
  8       0            -2.098695        9.196953       11.295648
  9       0            -3.079243        8.313953       11.393197
  10      0            -2.098695        9.196953       11.295648
  11      0            -0.400155        5.743575        6.143730
  12      0            -2.098695        9.196953       11.295648
  13      0            -3.079243        8.313953       11.393197
  14      0            -0.400155        5.743575        6.143730
  15      0            -0.400155        5.743575        6.143730
  16      0            -0.400155        5.743575        6.143730
  17      0            -0.400155        5.743575        6.143730
  18      0            -3.079243        8.313953       11.393197
  19      0            -0.400155        5.743575        6.143730
  20      0            -2.098695        9.196953       11.295648
  21      0            -0.400155        5.743575        6.143730
  22      0            -0.400155        5.743575        6.143730
  23      0            -0.400155        5.743575        6.143730
  24      0            -2.098695        9.196953       11.295648
  25      0            -0.400155        5.743575        6.143730
  26      0            -3.079243        8.313953       11.393197
  -----------------------------------------------------------
  VBM =      -0.400155 eV    CBM =       5.743575 eV    Band Gap =       6.143730 eV

Kylin-PBC Done.
Timer "Kylin-PBC main" used time: 4.304289 s.
