Kylin-PBC: v1.0.0

System time = 2026-06-24 02:11:32

OMP threads = 32

KYLIN_PBC_ROOT = "/home/rudin/code/kylin-pbc"
KYLIN_SCR_PATH = "/tmp"
KYLIN_JOB_PATH = "/home/rudin/code/kylin-pbc/art/example/internal/LiH-PBE-k333-MGDF"

SCF.xcfun                      = PBE
SCF.basis                      = dzvp-sr
SCF.psudo                      = gth-pbe
SCF.kmesh                      = 3 3 3
SCF.gmesh                      = 6.0e-01
SCF.ispin                      = OFF
SCF.dspin                      = 0
SCF.eps_engy                   = 3.7e-09 [AU]
SCF.eps_grad                   = 1.0e-05 [AU]
SCF.eps_dmat                   = 1.0e-03
SCF.chk_load                   = 
SCF.chk_save                   = 
SCF.scf_guess                  = ATOM
SCF.max_cycle                  = 200
SCF.vdw_method                 = NONE
SCF.coul_method                = MGDF
SCF.xchg_method                = LSDF
SCF.xchg_exxocc                = OFF
SCF.xchg_exxace                = NONE
SCF.xchg_robust                = TILE
SCF.xchg_exxdiv                = NONE
SCF.lsdf_cparam                = 30
SCF.lsdf_mparam                = 5
SCF.lsdf_ipslct                = QRCP
SCF.lsdf_chocut                = 1.0e-08
SCF.lsdf_atmcut                = 2.5e+01
SCF.lsdf_aovcut                = 1.0e-07
SCF.lsdf_swzcut                = 0.0e+00
SCF.lsdf_pnocut                = 0.0e+00
SCF.lsdf_nafcut                = 0.0e+00
SCF.mgdf_ntasks                = 4
SCF.mgdf_kratio                = 3.0e+00
SCF.mgdf_cutoff                = 3.0e+02 [AU]
SCF.mgdf_relcut                = 3.0e+01
SCF.mgdf_prprec                = 1.0e-14
SCF.dmx_mix_method             = NONE
SCF.dmx_mix_start              = 1
SCF.dmx_mix_space              = 8
SCF.dmx_mix_alpha              = 3.0e-01
SCF.rho_mix_method             = NONE
SCF.rho_mix_start              = 1
SCF.rho_mix_space              = 8
SCF.rho_mix_alpha              = 3.0e-01
SCF.hks_mix_method             = BROY
SCF.hks_mix_start              = 1
SCF.hks_mix_space              = 8
SCF.hks_mix_alpha              = 3.0e-01
SCF.damp_factor                = 0.0e+00
SCF.level_shift                = 0.0e+00 [AU]
SCF.smear_method               = NONE
SCF.smear_sigma                = 0.0e+00 [AU]
SCF.soc                        = OFF
SCF.soc_window                 = 1.8e+00 [AU]
SCF.print_bandgap              = OFF
SCF.print_time                 = OFF

OPT.opt_method                 = BFGS
OPT.max_cycle                  = 0
OPT.eps_engy                   = 4.0e-06 [AU]
OPT.eps_grad                   = 4.0e-04 [AU]
OPT.trust_limit                = 3.0e-01 [AU]
OPT.damp_factor                = 0.0e+00
OPT.opt_mix_method             = NONE
OPT.opt_mix_start              = 1
OPT.opt_mix_space              = 5
OPT.opt_mix_alpha              = 3.0e-01
OPT.neb_method                 = FIRE
OPT.neb_lclimb                 = ON
OPT.neb_interp                 = IDPP
OPT.neb_nimage                 = 5
OPT.neb_spring                 = 1.0e-02 [AU]
OPT.neb_maxstep                = 7.6e-02 [AU]

PROP.calculation               = NONE
FREQ.freq_method               = FREE2
FREQ.fd_stepsize               = 2.8e-02 [AU]
DOS.dos_method                 = GAUSS
DOS.dos_sigma                  = 3.7e-03 [AU]
DOS.dos_npoint                 = 1001
DOS.dos_emin                   = 0.0e+00 [AU]
DOS.dos_emax                   = 0.0e+00 [AU]

OPT.mdx_ensemble               = NVE
OPT.mdx_thermostat             = NHC
OPT.mdx_max_step               = 0
OPT.mdx_timestep               = 4.0e+01 [AU]
OPT.mdx_temperature            = 9.5e-04 [AU]
OPT.mdx_pressure               = 0.0e+00 [AU]
OPT.mdx_thermo_tau             = 4.0e+03 [AU]
OPT.mdx_baro_tau               = 2.0e+04 [AU]
OPT.mdx_nhc_length             = 3
OPT.mdx_nhc_mts                = 3
OPT.mdx_constraint             = OFF
OPT.mdx_constraint_tol         = 1.0e-10
OPT.mdx_rng_seed               = 42

K-points mesh = 3 3 3

xc functional: "PBE"
is hybrid: NO

Basis Set Name: "dzvp-sr"
number of shell = 4
number of basis = 11
gmesh = 43 43 43

Pseudopotential Name: "gth-pbe"
number of valence electron = 4

SCF Calculation.
K sampling = 3 3 3
[IGUESS] MINAO initial guess done. naofn = 11  nkpot = 27
[NELEC] step = 0  nelec = 4  neInt = 0.787743  dnelc = -3.2122572194e+00
[ENERG] step = 0  eTotl = -4.46003584  eCore = -0.86373358  eCoul = 0.07517999  eExcl = -0.27929053  eNucl = -3.39219173  eDisp = 0.00000000
[ERROR] step = 0  engy error =  0.0000000000e+00  grad error =  0.0000000000e+00  dmat error =  0.0000000000e+00
Timer "SCF cycle: 0" used time: 0.382388 s.

[NELEC] step = 1  nelec = 4  neInt = 4.000000  dnelc =  8.1863404944e-12
[ENERG] step = 1  eTotl = -8.00151262  eCore = -4.50320207  eCoul = 2.21213037  eExcl = -2.31824919  eNucl = -3.39219173  eDisp = 0.00000000
[ERROR] step = 1  engy error = -3.5414767762e+00  grad error =  0.0000000000e+00  dmat error =  3.5873143496e+01
Timer "SCF cycle: 1" used time: 0.357363 s.

[NELEC] step = 2  nelec = 4  neInt = 4.000000  dnelc =  4.9187320883e-12
[ENERG] step = 2  eTotl = -8.03729033  eCore = -4.49952666  eCoul = 2.14930936  eExcl = -2.29488130  eNucl = -3.39219173  eDisp = 0.00000000
[ERROR] step = 2  engy error = -3.5777713687e-02  grad error =  0.0000000000e+00  dmat error =  1.7679161252e+01
Timer "SCF cycle: 2" used time: 0.353696 s.

[NELEC] step = 3  nelec = 4  neInt = 4.000000  dnelc =  1.4583889651e-12
[ENERG] step = 3  eTotl = -8.07487910  eCore = -4.43252553  eCoul = 1.96540398  eExcl = -2.21556582  eNucl = -3.39219173  eDisp = 0.00000000
[ERROR] step = 3  engy error = -3.7588761554e-02  grad error =  0.0000000000e+00  dmat error =  1.9448498936e+01
Timer "SCF cycle: 3" used time: 0.352763 s.

[NELEC] step = 4  nelec = 4  neInt = 4.000000  dnelc =  1.4557244299e-12
[ENERG] step = 4  eTotl = -8.07482869  eCore = -4.43142785  eCoul = 1.96413277  eExcl = -2.21534188  eNucl = -3.39219173  eDisp = 0.00000000
[ERROR] step = 4  engy error =  5.0403994045e-05  grad error =  0.0000000000e+00  dmat error =  5.9805467820e-02
Timer "SCF cycle: 4" used time: 0.355128 s.

[NELEC] step = 5  nelec = 4  neInt = 4.000000  dnelc =  1.4672707493e-12
[ENERG] step = 5  eTotl = -8.07500307  eCore = -4.43682343  eCoul = 1.96884864  eExcl = -2.21483655  eNucl = -3.39219173  eDisp = 0.00000000
[ERROR] step = 5  engy error = -1.7437963654e-04  grad error =  0.0000000000e+00  dmat error =  3.0907766214e-01
Timer "SCF cycle: 5" used time: 0.348523 s.

[NELEC] step = 6  nelec = 4  neInt = 4.000000  dnelc =  1.4583889651e-12
[ENERG] step = 6  eTotl = -8.07500968  eCore = -4.43822259  eCoul = 1.97164910  eExcl = -2.21624445  eNucl = -3.39219173  eDisp = 0.00000000
[ERROR] step = 6  engy error = -6.6085594259e-06  grad error =  0.0000000000e+00  dmat error =  1.1473340692e-01
Timer "SCF cycle: 6" used time: 0.356283 s.

[NELEC] step = 7  nelec = 4  neInt = 4.000000  dnelc =  1.4557244299e-12
[ENERG] step = 7  eTotl = -8.07500967  eCore = -4.43802529  eCoul = 1.97149350  eExcl = -2.21628615  eNucl = -3.39219173  eDisp = 0.00000000
[ERROR] step = 7  engy error =  5.4171565012e-09  grad error =  0.0000000000e+00  dmat error =  9.5083979927e-03
Timer "SCF cycle: 7" used time: 0.348766 s.

[NELEC] step = 8  nelec = 4  neInt = 4.000000  dnelc =  1.4583889651e-12
[ENERG] step = 8  eTotl = -8.07500977  eCore = -4.43805319  eCoul = 1.97139091  eExcl = -2.21615576  eNucl = -3.39219173  eDisp = 0.00000000
[ERROR] step = 8  engy error = -9.9080462945e-08  grad error =  0.0000000000e+00  dmat error =  3.5130687050e-03
Timer "SCF cycle: 8" used time: 0.354500 s.

[NELEC] step = 9  nelec = 4  neInt = 4.000000  dnelc =  1.4717116414e-12
[ENERG] step = 9  eTotl = -8.07500977  eCore = -4.43805351  eCoul = 1.97139116  eExcl = -2.21615569  eNucl = -3.39219173  eDisp = 0.00000000
[ERROR] step = 9  engy error = -1.1546319456e-12  grad error =  0.0000000000e+00  dmat error =  1.0269211111e-05
SCF converged in 9 steps.
Kylin-PBC Done.
Timer "Kylin-PBC main" used time: 4.237669 s.
