Kylin-PBC: v1.0.0

System time = 2026-09-30 19:44:22

OMP threads = 32

KYLIN_PBC_ROOT = "/home/rudin/code/kylin-pbc"
KYLIN_SCR_PATH = "/tmp"
KYLIN_JOB_PATH = "/home/rudin/tmp-review-ionic/LiH16/full/c20"

SCF.xcfun                      = HSE06
SCF.basis                      = dzvp-sr
SCF.psudo                      = gth-pbe
SCF.kmesh                      = 1 1 1
SCF.gmesh                      = 5.0e-01
SCF.ispin                      = OFF
SCF.dspin                      = 0
SCF.eps_engy                   = 3.7e-09 [AU]
SCF.eps_grad                   = 1.0e-05 [AU]
SCF.eps_dmat                   = 1.0e-03
SCF.chk_load                   = 
SCF.chk_save                   = 
SCF.scf_guess                  = ATOM
SCF.max_cycle                  = 200
SCF.vdw_method                 = NONE
SCF.coul_method                = MGDF
SCF.xchg_method                = LSDF
SCF.xchg_exxocc                = OFF
SCF.xchg_exxace                = NONE
SCF.xchg_robust                = FULL
SCF.xchg_exxdiv                = EWALD
SCF.xchg_dropG0                = ON
SCF.lsdf_cparam                = 20
SCF.lsdf_mparam                = 5
SCF.lsdf_ipslct                = QRCP
SCF.lsdf_chocut                = 1.0e-08
SCF.lsdf_atmcut                = 2.5e+01
SCF.lsdf_aovcut                = 1.0e-07
SCF.lsdf_swzcut                = 0.0e+00
SCF.lsdf_pnocut                = 0.0e+00
SCF.lsdf_nafcut                = 0.0e+00
SCF.mgdf_ntasks                = 4
SCF.mgdf_kratio                = 3.0e+00
SCF.mgdf_cutoff                = 3.0e+02 [AU]
SCF.mgdf_relcut                = 3.0e+01
SCF.mgdf_prprec                = 1.0e-14
SCF.dmx_mix_method             = NONE
SCF.dmx_mix_start              = 1
SCF.dmx_mix_space              = 8
SCF.dmx_mix_alpha              = 3.0e-01
SCF.rho_mix_method             = NONE
SCF.rho_mix_start              = 1
SCF.rho_mix_space              = 8
SCF.rho_mix_alpha              = 3.0e-01
SCF.hks_mix_method             = BROY
SCF.hks_mix_start              = 1
SCF.hks_mix_space              = 8
SCF.hks_mix_alpha              = 3.0e-01
SCF.damp_factor                = 0.0e+00
SCF.level_shift                = 0.0e+00 [AU]
SCF.smear_method               = NONE
SCF.smear_sigma                = 0.0e+00 [AU]
SCF.soc                        = OFF
SCF.soc_window                 = 1.8e+00 [AU]
SCF.print_bandgap              = OFF
SCF.print_time                 = OFF

OPT.opt_method                 = BFGS
OPT.max_cycle                  = 1
OPT.eps_engy                   = 4.0e-06 [AU]
OPT.eps_grad                   = 4.0e-04 [AU]
OPT.trust_limit                = 3.0e-01 [AU]
OPT.damp_factor                = 0.0e+00
OPT.opt_mix_method             = NONE
OPT.opt_mix_start              = 1
OPT.opt_mix_space              = 5
OPT.opt_mix_alpha              = 3.0e-01
OPT.neb_method                 = FIRE
OPT.neb_lclimb                 = ON
OPT.neb_interp                 = IDPP
OPT.neb_nimage                 = 5
OPT.neb_spring                 = 1.0e-02 [AU]
OPT.neb_maxstep                = 7.6e-02 [AU]

PROP.calculation               = NONE
FREQ.freq_method               = FREE2
FREQ.fd_stepsize               = 2.8e-02 [AU]
DOS.dos_method                 = GAUSS
DOS.dos_sigma                  = 3.7e-03 [AU]
DOS.dos_npoint                 = 1001
DOS.dos_emin                   = 0.0e+00 [AU]
DOS.dos_emax                   = 0.0e+00 [AU]

OPT.mdx_ensemble               = NVE
OPT.mdx_thermostat             = NHC
OPT.mdx_max_step               = 0
OPT.mdx_timestep               = 4.0e+01 [AU]
OPT.mdx_temperature            = 9.5e-04 [AU]
OPT.mdx_pressure               = 0.0e+00 [AU]
OPT.mdx_thermo_tau             = 4.0e+03 [AU]
OPT.mdx_baro_tau               = 2.0e+04 [AU]
OPT.mdx_nhc_length             = 3
OPT.mdx_nhc_mts                = 3
OPT.mdx_constraint             = OFF
OPT.mdx_constraint_tol         = 1.0e-10
OPT.mdx_rng_seed               = 42

K-points mesh = 1 1 1

xc functional: "HSE06"
is hybrid: YES
HFX coeff: 0.25

Basis Set Name: "dzvp-sr"
number of shell = 32
number of basis = 88
gmesh = 50 50 99

Pseudopotential Name: "gth-pbe"
number of valence electron = 32

OPT Calculation.

==============================================================
                   Geometry Optimization                      
==============================================================
  method      = BFGS
  max_cycle   = 1
  eps_engy    = 4.000000e-06
  eps_grad    = 4.000000e-04
  trust_limit = 0.300000
  natom       = 16
  nfree       = 48 / 48
==============================================================

--------------------------------------------------------------
  OPT step 0
--------------------------------------------------------------
[OPT] Cell structure (Angstrom):
       4.08300000       0.00000000       0.00000000
       0.00000000       4.08300000       0.00000000
       0.00000000       0.00000000       8.16600000

Cart
Li         0.00000000       0.00000000       0.00000000   T T T
Li         0.10000000       2.09150000       2.07150000   T T T
Li         2.04150000       0.00000000       2.04150000   T T T
Li         2.04150000       2.04150000       0.00000000   T T T
H          2.04150000       2.04150000       2.04150000   T T T
H          2.04150000       4.08300000       4.08300000   T T T
H          4.08300000       2.04150000       4.08300000   T T T
H          4.08300000       4.08300000       2.04150000   T T T
Li         0.00000000       0.00000000       4.08300000   T T T
Li         0.00000000       2.04150000       6.12450000   T T T
Li         2.04150000       0.00000000       6.12450000   T T T
Li         2.04150000       2.04150000       4.08300000   T T T
H          2.04150000       2.04150000       6.12450000   T T T
H          2.04150000       4.08300000       8.16600000   T T T
H          4.08300000       2.04150000       8.16600000   T T T
H          4.08300000       4.08300000       6.12450000   T T T

[OPT] Cell written to /home/rudin/tmp-review-ionic/LiH16/full/c20/opt_img/cell_opt_0.txt
[LSDF] gmesh = (50, 50, 99), ngrid = 247500, naofn = 88, natom = 16
Timer "[LSDF] Voronoi partition" used time: 0.004867 s.
Timer "[LSDF] AO evaluation + screening" used time: 1.110702 s.
[LSDF] IP method: randomized QRCP (c=20, m=5)
[LSDF] total IPs selected: 1840 (0.7434% of grid)
Timer "[LSDF] IP selection" used time: 0.417131 s.
Timer "[LSDF] aux basis fitting" used time: 0.081573 s.
[LSDF] Step 5 diagnostics: natom=16, ngrid=247500, naux_total=1840
[LSDF]   OMP threads=32, MKL threads=32
[LSDF]   Vmat_loc total size: 1840 x 247500 = 3.39 GB
Timer "[LSDF]   5a Vmat_loc alloc+FFT" used time: 0.201851 s.
[LSDF]   W size: 1840 x 1840 = 25.83 MB, max_npart=15655
Timer "[LSDF]   5b W construction (DGEMM)" used time: 0.041233 s.
Timer "[LSDF]   5c Wmat symmetrize" used time: 0.001449 s.
[LSDF]   robust_mode=FULL: keeping Vmat_loc (3.39 GB) in atom ordering
Timer "[LSDF] V/W construction" used time: 0.244581 s.
[LSDF] xchg phases: A=0.000 s, B(K_W)=0.001 s, C(K_V)=0.231 s, E(reduce)=0.000 s
[NELEC] step = 0  nelec = 32  neInt = 32.000000  dnelc =  1.4702898454e-08
[ENERG] step = 0  eTotl = -59.09357913  eCore = -24.56285827  eCoul = 7.55157688  eExcl = -14.93240449  eNucl = -27.14989324  eDisp = 0.00000000
[ERROR] step = 0  engy error =  0.0000000000e+00  grad error =  0.0000000000e+00  dmat error =  0.0000000000e+00
Timer "SCF cycle: 0" used time: 1.044241 s.

[LSDF] xchg phases: A=0.000 s, B(K_W)=0.001 s, C(K_V)=0.119 s, E(reduce)=0.000 s
[NELEC] step = 1  nelec = 32  neInt = 32.000001  dnelc =  6.7077017718e-07
[ENERG] step = 1  eTotl = -64.07224682  eCore = -35.36109788  eCoul = 17.06112479  eExcl = -18.62238049  eNucl = -27.14989324  eDisp = 0.00000000
[ERROR] step = 1  engy error = -4.9786676928e+00  grad error =  0.0000000000e+00  dmat error =  6.2777811838e+00
Timer "SCF cycle: 1" used time: 0.911101 s.

[LSDF] xchg phases: A=0.000 s, B(K_W)=0.001 s, C(K_V)=0.120 s, E(reduce)=0.000 s
[NELEC] step = 2  nelec = 32  neInt = 32.000000  dnelc =  4.4038477398e-07
[ENERG] step = 2  eTotl = -64.14250462  eCore = -35.24529009  eCoul = 16.75855832  eExcl = -18.50587960  eNucl = -27.14989324  eDisp = 0.00000000
[ERROR] step = 2  engy error = -7.0257798125e-02  grad error =  0.0000000000e+00  dmat error =  1.7950841232e+00
Timer "SCF cycle: 2" used time: 0.902302 s.

[LSDF] xchg phases: A=0.000 s, B(K_W)=0.004 s, C(K_V)=0.351 s, E(reduce)=0.000 s
[NELEC] step = 3  nelec = 32  neInt = 32.000000  dnelc = -6.3064177880e-08
[ENERG] step = 3  eTotl = -64.20210816  eCore = -34.87368706  eCoul = 16.03347540  eExcl = -18.21200327  eNucl = -27.14989324  eDisp = 0.00000000
[ERROR] step = 3  engy error = -5.9603545187e-02  grad error =  0.0000000000e+00  dmat error =  2.5111841168e+00
Timer "SCF cycle: 3" used time: 1.157552 s.

[LSDF] xchg phases: A=0.000 s, B(K_W)=0.002 s, C(K_V)=0.440 s, E(reduce)=0.000 s
[NELEC] step = 4  nelec = 32  neInt = 32.000000  dnelc = -4.3742865330e-08
[ENERG] step = 4  eTotl = -64.20283348  eCore = -34.89521050  eCoul = 16.06080559  eExcl = -18.21853533  eNucl = -27.14989324  eDisp = 0.00000000
[ERROR] step = 4  engy error = -7.2531633450e-04  grad error =  0.0000000000e+00  dmat error =  7.8956328863e-02
Timer "SCF cycle: 4" used time: 1.242314 s.

[LSDF] xchg phases: A=0.000 s, B(K_W)=0.003 s, C(K_V)=0.278 s, E(reduce)=0.000 s
[NELEC] step = 5  nelec = 32  neInt = 32.000000  dnelc = -2.3943535155e-08
[ENERG] step = 5  eTotl = -64.20303632  eCore = -34.91550607  eCoul = 16.08933878  eExcl = -18.22697579  eNucl = -27.14989324  eDisp = 0.00000000
[ERROR] step = 5  engy error = -2.0283685282e-04  grad error =  0.0000000000e+00  dmat error =  7.6534116834e-02
Timer "SCF cycle: 5" used time: 1.073002 s.

[LSDF] xchg phases: A=0.000 s, B(K_W)=0.001 s, C(K_V)=0.115 s, E(reduce)=0.000 s
[NELEC] step = 6  nelec = 32  neInt = 32.000000  dnelc = -2.2183989756e-08
[ENERG] step = 6  eTotl = -64.20303907  eCore = -34.91693678  eCoul = 16.09199642  eExcl = -18.22820547  eNucl = -27.14989324  eDisp = 0.00000000
[ERROR] step = 6  engy error = -2.7529027591e-06  grad error =  0.0000000000e+00  dmat error =  6.9669990198e-03
Timer "SCF cycle: 6" used time: 0.897240 s.

[LSDF] xchg phases: A=0.000 s, B(K_W)=0.001 s, C(K_V)=0.115 s, E(reduce)=0.000 s
[NELEC] step = 7  nelec = 32  neInt = 32.000000  dnelc = -2.1886496171e-08
[ENERG] step = 7  eTotl = -64.20303931  eCore = -34.91690224  eCoul = 16.09257592  eExcl = -18.22881976  eNucl = -27.14989324  eDisp = 0.00000000
[ERROR] step = 7  engy error = -2.4461414228e-07  grad error =  0.0000000000e+00  dmat error =  1.8267407261e-03
Timer "SCF cycle: 7" used time: 0.892502 s.

[NELEC] step = 8  nelec = 32  neInt = 32.000000  dnelc = -2.2027538904e-08
[ENERG] step = 8  eTotl = -64.20303930  eCore = -34.91675371  eCoul = 16.09237822  eExcl = -18.22877058  eNucl = -27.14989324  eDisp = 0.00000000
[ERROR] step = 8  engy error =  1.4683976701e-08  grad error =  0.0000000000e+00  dmat error =  5.6937025410e-04
Timer "SCF cycle: 8" used time: 1.013141 s.

[NELEC] step = 9  nelec = 32  neInt = 32.000000  dnelc = -2.1956353180e-08
[ENERG] step = 9  eTotl = -64.20303930  eCore = -34.91681582  eCoul = 16.09248385  eExcl = -18.22881409  eNucl = -27.14989324  eDisp = 0.00000000
[ERROR] step = 9  engy error = -3.5655034480e-09  grad error =  0.0000000000e+00  dmat error =  2.7440564346e-04
SCF converged in 9 steps.
[LSDF] xchg_d10: ISDF-robust path (K_V + K_V~ - K_IP)
[GRADIENT] SCF type: GRKS | atoms: 16 | DOF: 48 | time: 30.137 s
  Atom   0:  -5.3935070114e-04  -5.8365511530e-04  -2.5173791913e-04
  Atom   1:  -5.3840531196e-03  -2.8347326412e-03  -7.3404034773e-04
  Atom   2:  -3.0092428502e-03  -1.5328271118e-03   5.6746473317e-04
  Atom   3:  -1.1643858987e-03  -2.7773361221e-04  -2.2759483642e-04
  Atom   4:   8.8690436708e-03   1.8895995077e-03  -1.4905068229e-04
  Atom   5:   1.8616858385e-07  -4.1221238045e-06   1.6335954282e-04
  Atom   6:  -3.3433911365e-04  -1.4879695427e-04   1.1924047025e-03
  Atom   7:   3.7187396350e-03   4.5407214509e-03  -1.4306562537e-04
  Atom   8:  -5.4278316157e-04  -6.5253577543e-04  -7.0025777239e-04
  Atom   9:  -1.0682730142e-04  -5.6705639180e-05  -1.0533301212e-03
  Atom  10:   7.5805211342e-06   3.1845734508e-06  -7.9887484318e-04
  Atom  11:  -1.3006630545e-03  -2.7649474187e-04  -7.3206421772e-04
  Atom  12:   2.1354714042e-05   1.0338647541e-05   6.9509398735e-04
  Atom  13:  -2.3608731092e-05  -5.0088630168e-06  -1.2698427184e-05
  Atom  14:  -2.2584946954e-04  -9.2062575033e-05   1.5027431387e-03
  Atom  15:   2.1496666966e-05   1.4562426935e-05   6.9414936869e-04
[OPT] step = 0  energy = -64.2030393025  dE =               N/A  grad_max =  8.8690436708e-03  grad_rms =  1.9275098979e-03
[OPT] Geometry optimization did not converge in 1 steps.
Kylin-PBC Done.
Timer "Kylin-PBC main" used time: 43.85346 s.
