Kylin-PBC: v1.0.0

System time = 2026-09-30 19:32:47

OMP threads = 32

KYLIN_PBC_ROOT = "/home/rudin/code/kylin-pbc"
KYLIN_SCR_PATH = "/tmp"
KYLIN_JOB_PATH = "/home/rudin/tmp-review-ionic/Si16/ftdf"

SCF.xcfun                      = HSE06
SCF.basis                      = dzvp-sr
SCF.psudo                      = gth-pbe
SCF.kmesh                      = 1 1 1
SCF.gmesh                      = 5.0e-01
SCF.ispin                      = OFF
SCF.dspin                      = 0
SCF.eps_engy                   = 3.7e-09 [AU]
SCF.eps_grad                   = 1.0e-05 [AU]
SCF.eps_dmat                   = 1.0e-03
SCF.chk_load                   = 
SCF.chk_save                   = 
SCF.scf_guess                  = ATOM
SCF.max_cycle                  = 200
SCF.vdw_method                 = NONE
SCF.coul_method                = MGDF
SCF.xchg_method                = FTDF
SCF.xchg_exxocc                = OFF
SCF.xchg_exxace                = NONE
SCF.xchg_robust                = TILE
SCF.xchg_exxdiv                = EWALD
SCF.xchg_dropG0                = ON
SCF.lsdf_cparam                = 30
SCF.lsdf_mparam                = 5
SCF.lsdf_ipslct                = QRCP
SCF.lsdf_chocut                = 1.0e-08
SCF.lsdf_atmcut                = 2.5e+01
SCF.lsdf_aovcut                = 1.0e-07
SCF.lsdf_swzcut                = 0.0e+00
SCF.lsdf_pnocut                = 0.0e+00
SCF.lsdf_nafcut                = 0.0e+00
SCF.mgdf_ntasks                = 4
SCF.mgdf_kratio                = 3.0e+00
SCF.mgdf_cutoff                = 3.0e+02 [AU]
SCF.mgdf_relcut                = 3.0e+01
SCF.mgdf_prprec                = 1.0e-14
SCF.dmx_mix_method             = NONE
SCF.dmx_mix_start              = 1
SCF.dmx_mix_space              = 8
SCF.dmx_mix_alpha              = 3.0e-01
SCF.rho_mix_method             = NONE
SCF.rho_mix_start              = 1
SCF.rho_mix_space              = 8
SCF.rho_mix_alpha              = 3.0e-01
SCF.hks_mix_method             = BROY
SCF.hks_mix_start              = 1
SCF.hks_mix_space              = 8
SCF.hks_mix_alpha              = 3.0e-01
SCF.damp_factor                = 0.0e+00
SCF.level_shift                = 0.0e+00 [AU]
SCF.smear_method               = NONE
SCF.smear_sigma                = 0.0e+00 [AU]
SCF.soc                        = OFF
SCF.soc_window                 = 1.8e+00 [AU]
SCF.print_bandgap              = OFF
SCF.print_time                 = OFF

OPT.opt_method                 = BFGS
OPT.max_cycle                  = 1
OPT.eps_engy                   = 4.0e-06 [AU]
OPT.eps_grad                   = 4.0e-04 [AU]
OPT.trust_limit                = 3.0e-01 [AU]
OPT.damp_factor                = 0.0e+00
OPT.opt_mix_method             = NONE
OPT.opt_mix_start              = 1
OPT.opt_mix_space              = 5
OPT.opt_mix_alpha              = 3.0e-01
OPT.neb_method                 = FIRE
OPT.neb_lclimb                 = ON
OPT.neb_interp                 = IDPP
OPT.neb_nimage                 = 5
OPT.neb_spring                 = 1.0e-02 [AU]
OPT.neb_maxstep                = 7.6e-02 [AU]

PROP.calculation               = NONE
FREQ.freq_method               = FREE2
FREQ.fd_stepsize               = 2.8e-02 [AU]
DOS.dos_method                 = GAUSS
DOS.dos_sigma                  = 3.7e-03 [AU]
DOS.dos_npoint                 = 1001
DOS.dos_emin                   = 0.0e+00 [AU]
DOS.dos_emax                   = 0.0e+00 [AU]

OPT.mdx_ensemble               = NVE
OPT.mdx_thermostat             = NHC
OPT.mdx_max_step               = 0
OPT.mdx_timestep               = 4.0e+01 [AU]
OPT.mdx_temperature            = 9.5e-04 [AU]
OPT.mdx_pressure               = 0.0e+00 [AU]
OPT.mdx_thermo_tau             = 4.0e+03 [AU]
OPT.mdx_baro_tau               = 2.0e+04 [AU]
OPT.mdx_nhc_length             = 3
OPT.mdx_nhc_mts                = 3
OPT.mdx_constraint             = OFF
OPT.mdx_constraint_tol         = 1.0e-10
OPT.mdx_rng_seed               = 42

K-points mesh = 1 1 1

xc functional: "HSE06"
is hybrid: YES
HFX coeff: 0.25

Basis Set Name: "dzvp-sr"
number of shell = 48
number of basis = 208
gmesh = 29 29 57

Pseudopotential Name: "gth-pbe"
number of valence electron = 64

OPT Calculation.

==============================================================
                   Geometry Optimization                      
==============================================================
  method      = BFGS
  max_cycle   = 1
  eps_engy    = 4.000000e-06
  eps_grad    = 4.000000e-04
  trust_limit = 0.300000
  natom       = 16
  nfree       = 48 / 48
==============================================================

--------------------------------------------------------------
  OPT step 0
--------------------------------------------------------------
[OPT] Cell structure (Angstrom):
       5.43100000       0.00000000       0.00000000
       0.00000000       5.43100000       0.00000000
       0.00000000       0.00000000      10.86200000

Cart
Si         0.00000000       0.00000000       0.00000000   T T T
Si         0.10000000       2.76550000       2.74550000   T T T
Si         2.71550000       0.00000000       2.71550000   T T T
Si         2.71550000       2.71550000       0.00000000   T T T
Si         1.35775000       1.35775000       1.35775000   T T T
Si         1.35775000       4.07325000       4.07325000   T T T
Si         4.07325000       1.35775000       4.07325000   T T T
Si         4.07325000       4.07325000       1.35775000   T T T
Si         0.00000000       0.00000000       5.43100000   T T T
Si         0.00000000       2.71550000       8.14650000   T T T
Si         2.71550000       0.00000000       8.14650000   T T T
Si         2.71550000       2.71550000       5.43100000   T T T
Si         1.35775000       1.35775000       6.78875000   T T T
Si         1.35775000       4.07325000       9.50425000   T T T
Si         4.07325000       1.35775000       9.50425000   T T T
Si         4.07325000       4.07325000       6.78875000   T T T

[OPT] Cell written to /home/rudin/tmp-review-ionic/Si16/ftdf/opt_img/cell_opt_0.txt
[NELEC] step = 0  nelec = 64  neInt = 64.000000  dnelc =  2.1927348826e-11
[ENERG] step = 0  eTotl = -62.54338649  eCore = 19.60664054  eCoul = 4.69704873  eExcl = -19.67456273  eNucl = -67.17251303  eDisp = 0.00000000
[ERROR] step = 0  engy error =  0.0000000000e+00  grad error =  0.0000000000e+00  dmat error =  0.0000000000e+00
Timer "SCF cycle: 0" used time: 4.674299 s.

[NELEC] step = 1  nelec = 64  neInt = 64.000000  dnelc =  2.9402258406e-11
[ENERG] step = 1  eTotl = -62.76119183  eCore = 19.33616892  eCoul = 4.50690970  eExcl = -19.43175743  eNucl = -67.17251303  eDisp = 0.00000000
[ERROR] step = 1  engy error = -2.1780534197e-01  grad error =  0.0000000000e+00  dmat error =  1.1761905590e+00
Timer "SCF cycle: 1" used time: 4.153243 s.

[NELEC] step = 2  nelec = 64  neInt = 64.000000  dnelc =  2.9842794902e-11
[ENERG] step = 2  eTotl = -62.76668844  eCore = 19.31158657  eCoul = 4.54713406  eExcl = -19.45289603  eNucl = -67.17251303  eDisp = 0.00000000
[ERROR] step = 2  engy error = -5.4966027295e-03  grad error =  0.0000000000e+00  dmat error =  1.7953395204e-02
Timer "SCF cycle: 2" used time: 4.134261 s.

[NELEC] step = 3  nelec = 64  neInt = 64.000000  dnelc =  3.0766500458e-11
[ENERG] step = 3  eTotl = -62.77214835  eCore = 19.26604481  eCoul = 4.63233115  eExcl = -19.49801127  eNucl = -67.17251303  eDisp = 0.00000000
[ERROR] step = 3  engy error = -5.4599130027e-03  grad error =  0.0000000000e+00  dmat error =  4.0532418939e-02
Timer "SCF cycle: 3" used time: 4.112127 s.

[NELEC] step = 4  nelec = 64  neInt = 64.000000  dnelc =  3.0880187296e-11
[ENERG] step = 4  eTotl = -62.77220912  eCore = 19.26606517  eCoul = 4.63313950  eExcl = -19.49890076  eNucl = -67.17251303  eDisp = 0.00000000
[ERROR] step = 4  engy error = -6.0766737533e-05  grad error =  0.0000000000e+00  dmat error =  3.0936863562e-03
Timer "SCF cycle: 4" used time: 4.488530 s.

[NELEC] step = 5  nelec = 64  neInt = 64.000000  dnelc =  3.0752289604e-11
[ENERG] step = 5  eTotl = -62.77223791  eCore = 19.26823172  eCoul = 4.63013754  eExcl = -19.49809414  eNucl = -67.17251303  eDisp = 0.00000000
[ERROR] step = 5  engy error = -2.8796482525e-05  grad error =  0.0000000000e+00  dmat error =  3.7590121470e-03
Timer "SCF cycle: 5" used time: 4.131349 s.

[NELEC] step = 6  nelec = 64  neInt = 64.000000  dnelc =  3.0695446185e-11
[ENERG] step = 6  eTotl = -62.77224544  eCore = 19.26990945  eCoul = 4.62775157  eExcl = -19.49739343  eNucl = -67.17251303  eDisp = 0.00000000
[ERROR] step = 6  engy error = -7.5299575286e-06  grad error =  0.0000000000e+00  dmat error =  2.1556473151e-03
Timer "SCF cycle: 6" used time: 4.119603 s.

[NELEC] step = 7  nelec = 64  neInt = 64.000000  dnelc =  3.0695446185e-11
[ENERG] step = 7  eTotl = -62.77224616  eCore = 19.27011412  eCoul = 4.62752675  eExcl = -19.49737400  eNucl = -67.17251303  eDisp = 0.00000000
[ERROR] step = 7  engy error = -7.2036140608e-07  grad error =  0.0000000000e+00  dmat error =  4.8785466361e-04
Timer "SCF cycle: 7" used time: 4.107511 s.

[NELEC] step = 8  nelec = 64  neInt = 64.000000  dnelc =  3.0695446185e-11
[ENERG] step = 8  eTotl = -62.77224633  eCore = 19.27010884  eCoul = 4.62758728  eExcl = -19.49742942  eNucl = -67.17251303  eDisp = 0.00000000
[ERROR] step = 8  engy error = -1.6381977019e-07  grad error =  0.0000000000e+00  dmat error =  1.5422732443e-04
Timer "SCF cycle: 8" used time: 4.106219 s.

[NELEC] step = 9  nelec = 64  neInt = 64.000000  dnelc =  3.0624391911e-11
[ENERG] step = 9  eTotl = -62.77224637  eCore = 19.27010016  eCoul = 4.62762786  eExcl = -19.49746137  eNucl = -67.17251303  eDisp = 0.00000000
[ERROR] step = 9  engy error = -4.8174570111e-08  grad error =  0.0000000000e+00  dmat error =  7.7382194958e-05
Timer "SCF cycle: 9" used time: 4.121546 s.

[NELEC] step = 10  nelec = 64  neInt = 64.000000  dnelc =  3.0695446185e-11
[ENERG] step = 10  eTotl = -62.77224639  eCore = 19.27008665  eCoul = 4.62767008  eExcl = -19.49749009  eNucl = -67.17251303  eDisp = 0.00000000
[ERROR] step = 10  engy error = -2.0435379611e-08  grad error =  0.0000000000e+00  dmat error =  6.7288232197e-05
Timer "SCF cycle: 10" used time: 4.119043 s.

[NELEC] step = 11  nelec = 64  neInt = 64.000000  dnelc =  3.0738078749e-11
[ENERG] step = 11  eTotl = -62.77224640  eCore = 19.27008396  eCoul = 4.62767572  eExcl = -19.49749304  eNucl = -67.17251303  eDisp = 0.00000000
[ERROR] step = 11  engy error = -1.3061338677e-09  grad error =  0.0000000000e+00  dmat error =  1.2085329254e-05
SCF converged in 11 steps.
[GRADIENT] SCF type: GRKS | atoms: 16 | DOF: 48 | time: 18.260 s
  Atom   0:   2.8683556854e-03  -8.1998093494e-04   1.2256711752e-05
  Atom   1:   2.9001896390e-02   1.6202194686e-02   1.0702253874e-02
  Atom   2:   1.1317870040e-03   6.2189998671e-04   1.2386762917e-03
  Atom   3:  -6.3099462577e-04   1.9712033633e-03   6.2650529560e-05
  Atom   4:  -3.6044152789e-03   2.8345354945e-04   1.4657445419e-05
  Atom   5:  -1.4208968838e-02  -1.3539079657e-02  -1.1410706608e-02
  Atom   6:  -9.0604483630e-03  -7.7520406244e-03   3.4145823369e-03
  Atom   7:  -6.4065430430e-03   2.5930546512e-03  -4.0503530932e-03
  Atom   8:   2.1039226128e-03   5.4235464649e-04   2.0206218429e-04
  Atom   9:  -3.9246517079e-04  -2.3256299797e-04  -2.1916707562e-04
  Atom  10:   1.2620493386e-04   6.4251440631e-05   1.2554504429e-04
  Atom  11:  -7.2563247678e-06   4.6516332761e-04   1.5283719644e-04
  Atom  12:   2.2594326194e-04   2.1588682711e-04   3.3834777089e-04
  Atom  13:  -8.0888487224e-04  -9.3386924244e-04  -1.2973498404e-03
  Atom  14:  -1.6339507750e-04  -2.7990249161e-04   1.2076996611e-03
  Atom  15:  -1.7484796853e-04   5.9799202843e-04  -4.9306710478e-04
[OPT] step = 0  energy = -62.7722463957  dE =               N/A  grad_max =  2.9001896390e-02  grad_rms =  6.4419769268e-03
[OPT] Geometry optimization did not converge in 1 steps.
Kylin-PBC Done.
Timer "Kylin-PBC main" used time: 69.46258 s.
