Kylin-PBC: v1.0.0

System time = 2026-06-25 18:24:35

OMP threads = 32

KYLIN_PBC_ROOT = "/home/rudin/code/kylin-pbc"
KYLIN_SCR_PATH = "/tmp"
KYLIN_JOB_PATH = "/home/rudin/code/kylin-pbc/art/example/internal/MgO-HSE06-k333-FTDF"

SCF.xcfun                      = HSE06
SCF.basis                      = dzvp-sr
SCF.psudo                      = gth-pbe
SCF.kmesh                      = 3 3 3
SCF.gmesh                      = 6.0e-01
SCF.ispin                      = OFF
SCF.dspin                      = 0
SCF.eps_engy                   = 3.7e-09 [AU]
SCF.eps_grad                   = 1.0e-05 [AU]
SCF.eps_dmat                   = 1.0e-03
SCF.chk_load                   = 
SCF.chk_save                   = 
SCF.scf_guess                  = ATOM
SCF.max_cycle                  = 200
SCF.vdw_method                 = NONE
SCF.coul_method                = MGDF
SCF.xchg_method                = FTDF
SCF.xchg_exxocc                = OFF
SCF.xchg_exxace                = NONE
SCF.xchg_robust                = TILE
SCF.xchg_exxdiv                = EWALD
SCF.xchg_dropG0                = ON
SCF.lsdf_cparam                = 30
SCF.lsdf_mparam                = 5
SCF.lsdf_ipslct                = QRCP
SCF.lsdf_chocut                = 1.0e-08
SCF.lsdf_atmcut                = 2.5e+01
SCF.lsdf_aovcut                = 1.0e-07
SCF.lsdf_swzcut                = 0.0e+00
SCF.lsdf_pnocut                = 0.0e+00
SCF.lsdf_nafcut                = 0.0e+00
SCF.mgdf_ntasks                = 4
SCF.mgdf_kratio                = 3.0e+00
SCF.mgdf_cutoff                = 3.0e+02 [AU]
SCF.mgdf_relcut                = 3.0e+01
SCF.mgdf_prprec                = 1.0e-14
SCF.dmx_mix_method             = NONE
SCF.dmx_mix_start              = 1
SCF.dmx_mix_space              = 8
SCF.dmx_mix_alpha              = 3.0e-01
SCF.rho_mix_method             = NONE
SCF.rho_mix_start              = 1
SCF.rho_mix_space              = 8
SCF.rho_mix_alpha              = 3.0e-01
SCF.hks_mix_method             = BROY
SCF.hks_mix_start              = 1
SCF.hks_mix_space              = 8
SCF.hks_mix_alpha              = 3.0e-01
SCF.damp_factor                = 0.0e+00
SCF.level_shift                = 0.0e+00 [AU]
SCF.smear_method               = NONE
SCF.smear_sigma                = 0.0e+00 [AU]
SCF.soc                        = OFF
SCF.soc_window                 = 1.8e+00 [AU]
SCF.print_bandgap              = OFF
SCF.print_time                 = OFF

OPT.opt_method                 = BFGS
OPT.max_cycle                  = 0
OPT.eps_engy                   = 4.0e-06 [AU]
OPT.eps_grad                   = 4.0e-04 [AU]
OPT.trust_limit                = 3.0e-01 [AU]
OPT.damp_factor                = 0.0e+00
OPT.opt_mix_method             = NONE
OPT.opt_mix_start              = 1
OPT.opt_mix_space              = 5
OPT.opt_mix_alpha              = 3.0e-01
OPT.neb_method                 = FIRE
OPT.neb_lclimb                 = ON
OPT.neb_interp                 = IDPP
OPT.neb_nimage                 = 5
OPT.neb_spring                 = 1.0e-02 [AU]
OPT.neb_maxstep                = 7.6e-02 [AU]

PROP.calculation               = NONE
FREQ.freq_method               = FREE2
FREQ.fd_stepsize               = 2.8e-02 [AU]
DOS.dos_method                 = GAUSS
DOS.dos_sigma                  = 3.7e-03 [AU]
DOS.dos_npoint                 = 1001
DOS.dos_emin                   = 0.0e+00 [AU]
DOS.dos_emax                   = 0.0e+00 [AU]

OPT.mdx_ensemble               = NVE
OPT.mdx_thermostat             = NHC
OPT.mdx_max_step               = 0
OPT.mdx_timestep               = 4.0e+01 [AU]
OPT.mdx_temperature            = 9.5e-04 [AU]
OPT.mdx_pressure               = 0.0e+00 [AU]
OPT.mdx_thermo_tau             = 4.0e+03 [AU]
OPT.mdx_baro_tau               = 2.0e+04 [AU]
OPT.mdx_nhc_length             = 3
OPT.mdx_nhc_mts                = 3
OPT.mdx_constraint             = OFF
OPT.mdx_constraint_tol         = 1.0e-10
OPT.mdx_rng_seed               = 42

K-points mesh = 3 3 3

xc functional: "HSE06"
is hybrid: YES
HFX coeff: 0.25

Basis Set Name: "dzvp-sr"
number of shell = 5
number of basis = 22
gmesh = 83 83 83

Pseudopotential Name: "gth-pbe"
number of valence electron = 16

SCF Calculation.
K sampling = 3 3 3
[IGUESS] MINAO initial guess done. naofn = 22  nkpot = 27
[NELEC] step = 0  nelec = 16  neInt = 9.640958  dnelc = -6.3590418112e+00
[ENERG] step = 0  eTotl = -71.29450898  eCore = -26.98865796  eCoul = 8.88495225  eExcl = -5.91046142  eNucl = -47.28034185  eDisp = 0.00000000
[ERROR] step = 0  engy error =  0.0000000000e+00  grad error =  0.0000000000e+00  dmat error =  0.0000000000e+00
Timer "SCF cycle: 0" used time: 665.8874 s.

[NELEC] step = 1  nelec = 16  neInt = 16.000000  dnelc =  1.9895196601e-12
[ENERG] step = 1  eTotl = -77.68770703  eCore = -48.36128061  eCoul = 31.95574153  eExcl = -14.00182610  eNucl = -47.28034185  eDisp = 0.00000000
[ERROR] step = 1  engy error = -6.3931980492e+00  grad error =  0.0000000000e+00  dmat error =  3.3446586051e+00
Timer "SCF cycle: 1" used time: 811.1735 s.

[NELEC] step = 2  nelec = 16  neInt = 16.000000  dnelc =  1.4743761767e-12
[ENERG] step = 2  eTotl = -78.98912407  eCore = -47.17320462  eCoul = 28.58304938  eExcl = -13.11862698  eNucl = -47.28034185  eDisp = 0.00000000
[ERROR] step = 2  engy error = -1.3014170332e+00  grad error =  0.0000000000e+00  dmat error =  1.8607321568e+00
Timer "SCF cycle: 2" used time: 691.3625 s.

[NELEC] step = 3  nelec = 16  neInt = 16.000000  dnelc =  1.1546319456e-12
[ENERG] step = 3  eTotl = -79.35374928  eCore = -45.39424058  eCoul = 25.71317955  eExcl = -12.39234640  eNucl = -47.28034185  eDisp = 0.00000000
[ERROR] step = 3  engy error = -3.6462521676e-01  grad error =  0.0000000000e+00  dmat error =  2.2628105771e+00
Timer "SCF cycle: 3" used time: 546.9686 s.

[NELEC] step = 4  nelec = 16  neInt = 16.000000  dnelc =  1.4104273305e-12
[ENERG] step = 4  eTotl = -79.41998355  eCore = -44.93439180  eCoul = 25.16803669  eExcl = -12.37328659  eNucl = -47.28034185  eDisp = 0.00000000
[ERROR] step = 4  engy error = -6.6234266577e-02  grad error =  0.0000000000e+00  dmat error =  5.7776168715e-01
Timer "SCF cycle: 4" used time: 549.5640 s.

[NELEC] step = 5  nelec = 16  neInt = 16.000000  dnelc =  1.3997691894e-12
[ENERG] step = 5  eTotl = -79.42211395  eCore = -44.90965364  eCoul = 25.12749133  eExcl = -12.35960979  eNucl = -47.28034185  eDisp = 0.00000000
[ERROR] step = 5  engy error = -2.1304020747e-03  grad error =  0.0000000000e+00  dmat error =  2.1239488174e-02
Timer "SCF cycle: 5" used time: 547.4633 s.

[NELEC] step = 6  nelec = 16  neInt = 16.000000  dnelc =  1.3997691894e-12
[ENERG] step = 6  eTotl = -79.42499404  eCore = -44.82633830  eCoul = 24.99654872  eExcl = -12.31486261  eNucl = -47.28034185  eDisp = 0.00000000
[ERROR] step = 6  engy error = -2.8800895357e-03  grad error =  0.0000000000e+00  dmat error =  1.2573477185e-01
Timer "SCF cycle: 6" used time: 547.4561 s.

[NELEC] step = 7  nelec = 16  neInt = 16.000000  dnelc =  1.4104273305e-12
[ENERG] step = 7  eTotl = -79.42501269  eCore = -44.79392104  eCoul = 24.95944382  eExcl = -12.31019363  eNucl = -47.28034185  eDisp = 0.00000000
[ERROR] step = 7  engy error = -1.8653997685e-05  grad error =  0.0000000000e+00  dmat error =  2.7976506571e-02
Timer "SCF cycle: 7" used time: 547.3043 s.

[NELEC] step = 8  nelec = 16  neInt = 16.000000  dnelc =  1.4033219031e-12
[ENERG] step = 8  eTotl = -79.42504237  eCore = -44.80722075  eCoul = 24.97475846  eExcl = -12.31223823  eNucl = -47.28034185  eDisp = 0.00000000
[ERROR] step = 8  engy error = -2.9671681133e-05  grad error =  0.0000000000e+00  dmat error =  1.1286835005e-02
Timer "SCF cycle: 8" used time: 546.3235 s.

[NELEC] step = 9  nelec = 16  neInt = 16.000000  dnelc =  1.4033219031e-12
[ENERG] step = 9  eTotl = -79.42504278  eCore = -44.80836862  eCoul = 24.97587077  eExcl = -12.31220308  eNucl = -47.28034185  eDisp = 0.00000000
[ERROR] step = 9  engy error = -4.1162499542e-07  grad error =  0.0000000000e+00  dmat error =  1.4608455012e-03
Timer "SCF cycle: 9" used time: 546.5328 s.

[NELEC] step = 10  nelec = 16  neInt = 16.000000  dnelc =  1.4033219031e-12
[ENERG] step = 10  eTotl = -79.42504283  eCore = -44.80799747  eCoul = 24.97547655  eExcl = -12.31218006  eNucl = -47.28034185  eDisp = 0.00000000
[ERROR] step = 10  engy error = -4.6812488108e-08  grad error =  0.0000000000e+00  dmat error =  3.9666137813e-04
Timer "SCF cycle: 10" used time: 545.7502 s.

[NELEC] step = 11  nelec = 16  neInt = 16.000000  dnelc =  1.4033219031e-12
[ENERG] step = 11  eTotl = -79.42504283  eCore = -44.80800064  eCoul = 24.97548675  eExcl = -12.31218709  eNucl = -47.28034185  eDisp = 0.00000000
[ERROR] step = 11  engy error = -4.7165826800e-11  grad error =  0.0000000000e+00  dmat error =  1.4905410019e-05
SCF converged in 11 steps.
Kylin-PBC Done.
Timer "Kylin-PBC main" used time: 7092.515 s.
