[MGDF_DIAG] gmesh = 83 83 163  (ngrid=1122907)
[MGDF_DIAG] level 0  mesh=17 17 33  ngrid=9537  tasks=11328
[MGDF_DIAG] level 1  mesh=29 29 55  ngrid=46255  tasks=7680
[MGDF_DIAG] level 2  mesh=49 49 95  ngrid=228095  tasks=4176
[MGDF_DIAG] level 3  mesh=83 83 163  ngrid=1122907  tasks=0
[MGDF_DIAG] atom_pairs_kept=23184  rejected: atom=27368 set=0 pgf=71024 radius=1024
[MGDF_DIAG] max_pair_radius=15.7373  max_pgf_rcut=14.1991  total_pairs=23184  precision_colloc=1e-14  precision_screen=1e-07
  [bwd-lev0] integ=0.028883s  tasks=11328  us/pair=81.5903  grid=0.0727615MB
  [bwd-lev1] integ=0.0184369s  tasks=7680  us/pair=76.8205  grid=0.352898MB
  [bwd-lev2] integ=0.0127459s  tasks=4176  us/pair=97.6694  grid=1.74023MB
  [bwd] fft=0.00593615s  integ=0.0600657s  reduce=0.000152111s
  [fwd-lev0] colloc=0.015342s  tasks=11328  us/pair=43.339  grid=0.0727615MB
  [fwd-lev1] colloc=0.00887704s  tasks=7680  us/pair=36.9877  grid=0.352898MB
  [fwd-lev2] colloc=0.00612783s  tasks=4176  us/pair=46.9566  grid=1.74023MB
  [fwd] colloc=0.0303469s  reduce=0.000479221s  fft=0.00208735s
  [bwd-lev0] integ=0.0411718s  tasks=11328  us/pair=116.304  grid=0.0727615MB
  [bwd-lev1] integ=0.0247712s  tasks=7680  us/pair=103.213  grid=0.352898MB
  [bwd-lev2] integ=0.016309s  tasks=4176  us/pair=124.973  grid=1.74023MB
  [bwd] fft=0.0090723s  integ=0.082252s  reduce=0.000231981s
  [fwd-lev0] colloc=0.012969s  tasks=11328  us/pair=36.6356  grid=0.0727615MB
  [fwd-lev1] colloc=0.00810194s  tasks=7680  us/pair=33.7581  grid=0.352898MB
  [fwd-lev2] colloc=0.00638199s  tasks=4176  us/pair=48.9041  grid=1.74023MB
  [fwd] colloc=0.0274529s  reduce=0.000326872s  fft=0.00209117s
  [bwd-lev0] integ=0.044317s  tasks=11328  us/pair=125.189  grid=0.0727615MB
  [bwd-lev1] integ=0.025872s  tasks=7680  us/pair=107.8  grid=0.352898MB
  [bwd-lev2] integ=0.0169461s  tasks=4176  us/pair=129.855  grid=1.74023MB
  [bwd] fft=0.0066421s  integ=0.0871351s  reduce=0.000163078s
  [fwd-lev0] colloc=0.0129261s  tasks=11328  us/pair=36.5144  grid=0.0727615MB
  [fwd-lev1] colloc=0.00794005s  tasks=7680  us/pair=33.0836  grid=0.352898MB
  [fwd-lev2] colloc=0.00569701s  tasks=4176  us/pair=43.6553  grid=1.74023MB
  [fwd] colloc=0.0265632s  reduce=0.000576973s  fft=0.00265002s
  [bwd-lev0] integ=0.0427179s  tasks=11328  us/pair=120.672  grid=0.0727615MB
  [bwd-lev1] integ=0.0253851s  tasks=7680  us/pair=105.771  grid=0.352898MB
  [bwd-lev2] integ=0.0166049s  tasks=4176  us/pair=127.241  grid=1.74023MB
  [bwd] fft=0.00802231s  integ=0.084708s  reduce=0.000161886s
  [fwd-lev0] colloc=0.012903s  tasks=11328  us/pair=36.4491  grid=0.0727615MB
  [fwd-lev1] colloc=0.00793314s  tasks=7680  us/pair=33.0547  grid=0.352898MB
  [fwd-lev2] colloc=0.00560403s  tasks=4176  us/pair=42.9427  grid=1.74023MB
  [fwd] colloc=0.0264401s  reduce=0.000337839s  fft=0.00195575s
  [bwd-lev0] integ=0.0441082s  tasks=11328  us/pair=124.599  grid=0.0727615MB
  [bwd-lev1] integ=0.0256541s  tasks=7680  us/pair=106.892  grid=0.352898MB
  [bwd-lev2] integ=0.01682s  tasks=4176  us/pair=128.889  grid=1.74023MB
  [bwd] fft=0.00736809s  integ=0.0865822s  reduce=0.000161171s
  [fwd-lev0] colloc=0.0128999s  tasks=11328  us/pair=36.4403  grid=0.0727615MB
  [fwd-lev1] colloc=0.00791883s  tasks=7680  us/pair=32.9951  grid=0.352898MB
  [fwd-lev2] colloc=0.00558805s  tasks=4176  us/pair=42.8203  grid=1.74023MB
  [fwd] colloc=0.0264068s  reduce=0.000339985s  fft=0.00192213s
  [bwd-lev0] integ=0.0426118s  tasks=11328  us/pair=120.372  grid=0.0727615MB
  [bwd-lev1] integ=0.0249779s  tasks=7680  us/pair=104.075  grid=0.352898MB
  [bwd-lev2] integ=0.0164139s  tasks=4176  us/pair=125.777  grid=1.74023MB
  [bwd] fft=0.00746226s  integ=0.0840037s  reduce=0.000163078s
  [fwd-lev0] colloc=0.0129292s  tasks=11328  us/pair=36.5232  grid=0.0727615MB
  [fwd-lev1] colloc=0.00795913s  tasks=7680  us/pair=33.163  grid=0.352898MB
  [fwd-lev2] colloc=0.00569987s  tasks=4176  us/pair=43.6772  grid=1.74023MB
  [fwd] colloc=0.0265882s  reduce=0.000411987s  fft=0.00261092s
  [bwd-lev0] integ=0.0405169s  tasks=11328  us/pair=114.454  grid=0.0727615MB
  [bwd-lev1] integ=0.024375s  tasks=7680  us/pair=101.562  grid=0.352898MB
  [bwd-lev2] integ=0.0161059s  tasks=4176  us/pair=123.417  grid=1.74023MB
  [bwd] fft=0.00773811s  integ=0.0809977s  reduce=0.000159979s
  [fwd-lev0] colloc=0.0129049s  tasks=11328  us/pair=36.4545  grid=0.0727615MB
  [fwd-lev1] colloc=0.00792003s  tasks=7680  us/pair=33.0001  grid=0.352898MB
  [fwd-lev2] colloc=0.00557208s  tasks=4176  us/pair=42.6979  grid=1.74023MB
  [fwd] colloc=0.026397s  reduce=0.000344992s  fft=0.00193977s
  [bwd-lev0] integ=0.044373s  tasks=11328  us/pair=125.348  grid=0.0727615MB
  [bwd-lev1] integ=0.0256379s  tasks=7680  us/pair=106.824  grid=0.352898MB
  [bwd-lev2] integ=0.0168469s  tasks=4176  us/pair=129.095  grid=1.74023MB
  [bwd] fft=0.00739908s  integ=0.0868578s  reduce=0.000159979s
  [fwd-lev0] colloc=0.0195839s  tasks=11328  us/pair=55.3219  grid=0.0727615MB
  [fwd-lev1] colloc=0.01191s  tasks=7680  us/pair=49.6248  grid=0.352898MB
  [fwd-lev2] colloc=0.00853395s  tasks=4176  us/pair=65.3943  grid=1.74023MB
  [fwd] colloc=0.0400279s  reduce=0.000452042s  fft=0.00195003s
