Kylin-PBC: v1.0.0

System time = 2026-09-30 12:11:14

OMP threads = 32

KYLIN_PBC_ROOT = "/home/rudin/code/kylin-pbc"
KYLIN_SCR_PATH = "/tmp"
KYLIN_JOB_PATH = "/home/rudin/tmp-review-gradtoy/si16_jul2/tzv2p-sr_naive"

SCF.xcfun                      = HSE06
SCF.basis                      = tzv2p
SCF.psudo                      = gth-pbe
SCF.kmesh                      = 1 1 1
SCF.gmesh                      = 5.0e-01
SCF.ispin                      = OFF
SCF.dspin                      = 0
SCF.eps_engy                   = 3.7e-09 [AU]
SCF.eps_grad                   = 1.0e-05 [AU]
SCF.eps_dmat                   = 1.0e-03
SCF.chk_load                   = 
SCF.chk_save                   = 
SCF.scf_guess                  = ATOM
SCF.max_cycle                  = 100
SCF.vdw_method                 = NONE
SCF.coul_method                = MGDF
SCF.xchg_method                = LSDF
SCF.xchg_exxocc                = OFF
SCF.xchg_exxace                = NONE
SCF.xchg_robust                = NONE
SCF.xchg_exxdiv                = EWALD
SCF.xchg_dropG0                = ON
SCF.lsdf_cparam                = 30
SCF.lsdf_mparam                = 5
SCF.lsdf_ipslct                = QRCP
SCF.lsdf_chocut                = 1.0e-08
SCF.lsdf_atmcut                = 2.5e+01
SCF.lsdf_aovcut                = 1.0e-07
SCF.lsdf_swzcut                = 0.0e+00
SCF.lsdf_pnocut                = 0.0e+00
SCF.lsdf_nafcut                = 0.0e+00
SCF.mgdf_ntasks                = 4
SCF.mgdf_kratio                = 3.0e+00
SCF.mgdf_cutoff                = 3.0e+02 [AU]
SCF.mgdf_relcut                = 3.0e+01
SCF.mgdf_prprec                = 1.0e-14
SCF.dmx_mix_method             = NONE
SCF.dmx_mix_start              = 1
SCF.dmx_mix_space              = 8
SCF.dmx_mix_alpha              = 3.0e-01
SCF.rho_mix_method             = NONE
SCF.rho_mix_start              = 1
SCF.rho_mix_space              = 8
SCF.rho_mix_alpha              = 3.0e-01
SCF.hks_mix_method             = BROY
SCF.hks_mix_start              = 1
SCF.hks_mix_space              = 8
SCF.hks_mix_alpha              = 3.0e-01
SCF.damp_factor                = 0.0e+00
SCF.level_shift                = 0.0e+00 [AU]
SCF.smear_method               = NONE
SCF.smear_sigma                = 0.0e+00 [AU]
SCF.soc                        = OFF
SCF.soc_window                 = 1.8e+00 [AU]
SCF.print_bandgap              = OFF
SCF.print_time                 = OFF

OPT.opt_method                 = BFGS
OPT.max_cycle                  = 1
OPT.eps_engy                   = 4.0e-06 [AU]
OPT.eps_grad                   = 4.0e-04 [AU]
OPT.trust_limit                = 3.0e-01 [AU]
OPT.damp_factor                = 0.0e+00
OPT.opt_mix_method             = NONE
OPT.opt_mix_start              = 1
OPT.opt_mix_space              = 5
OPT.opt_mix_alpha              = 3.0e-01
OPT.neb_method                 = FIRE
OPT.neb_lclimb                 = ON
OPT.neb_interp                 = IDPP
OPT.neb_nimage                 = 5
OPT.neb_spring                 = 1.0e-02 [AU]
OPT.neb_maxstep                = 7.6e-02 [AU]

PROP.calculation               = NONE
FREQ.freq_method               = FREE2
FREQ.fd_stepsize               = 2.8e-02 [AU]
DOS.dos_method                 = GAUSS
DOS.dos_sigma                  = 3.7e-03 [AU]
DOS.dos_npoint                 = 1001
DOS.dos_emin                   = 0.0e+00 [AU]
DOS.dos_emax                   = 0.0e+00 [AU]

OPT.mdx_ensemble               = NVE
OPT.mdx_thermostat             = NHC
OPT.mdx_max_step               = 0
OPT.mdx_timestep               = 4.0e+01 [AU]
OPT.mdx_temperature            = 9.5e-04 [AU]
OPT.mdx_pressure               = 0.0e+00 [AU]
OPT.mdx_thermo_tau             = 4.0e+03 [AU]
OPT.mdx_baro_tau               = 2.0e+04 [AU]
OPT.mdx_nhc_length             = 3
OPT.mdx_nhc_mts                = 3
OPT.mdx_constraint             = OFF
OPT.mdx_constraint_tol         = 1.0e-10
OPT.mdx_rng_seed               = 42

K-points mesh = 1 1 1

xc functional: "HSE06"
is hybrid: YES
HFX coeff: 0.25

Basis Set Name: "tzv2p"
number of shell = 64
number of basis = 464
gmesh = 31 31 61

Pseudopotential Name: "gth-pbe"
number of valence electron = 64

OPT Calculation.

==============================================================
                   Geometry Optimization                      
==============================================================
  method      = BFGS
  max_cycle   = 1
  eps_engy    = 4.000000e-06
  eps_grad    = 4.000000e-04
  trust_limit = 0.300000
  natom       = 16
  nfree       = 48 / 48
==============================================================

--------------------------------------------------------------
  OPT step 0
--------------------------------------------------------------
[OPT] Cell structure (Angstrom):
       5.43100000       0.00000000       0.00000000
       0.00000000       5.43100000       0.00000000
       0.00000000       0.00000000      10.86200000

Cart
Si         0.00000000       0.00000000       0.00000000   T T T
Si         0.10000000       2.76550000       2.74550000   T T T
Si         2.71550000       0.00000000       2.71550000   T T T
Si         2.71550000       2.71550000       0.00000000   T T T
Si         1.35775000       1.35775000       1.35775000   T T T
Si         1.35775000       4.07325000       4.07325000   T T T
Si         4.07325000       1.35775000       4.07325000   T T T
Si         4.07325000       4.07325000       1.35775000   T T T
Si         0.00000000       0.00000000       5.43100000   T T T
Si         0.00000000       2.71550000       8.14650000   T T T
Si         2.71550000       0.00000000       8.14650000   T T T
Si         2.71550000       2.71550000       5.43100000   T T T
Si         1.35775000       1.35775000       6.78875000   T T T
Si         1.35775000       4.07325000       9.50425000   T T T
Si         4.07325000       1.35775000       9.50425000   T T T
Si         4.07325000       4.07325000       6.78875000   T T T

[OPT] Cell written to /home/rudin/tmp-review-gradtoy/si16_jul2/tzv2p-sr_naive/opt_img/cell_opt_0.txt
[MGDF_DIAG] gmesh = 83 83 163  (ngrid=1122907)
[MGDF_DIAG] level 0  mesh=17 17 33  ngrid=9537  tasks=28692
[MGDF_DIAG] level 1  mesh=29 29 55  ngrid=46255  tasks=11913
[MGDF_DIAG] level 2  mesh=49 49 95  ngrid=228095  tasks=8214
[MGDF_DIAG] level 3  mesh=83 83 163  ngrid=1122907  tasks=0
[MGDF_DIAG] atom_pairs_kept=48819  rejected: atom=41659 set=0 pgf=163733 radius=2184
[MGDF_DIAG] max_pair_radius=23.1866  max_pgf_rcut=18.5278  total_pairs=48819  precision_colloc=1e-14  precision_screen=1e-07
OMP: Warning #226: KMP_AFFINITY must be set prior to first parallel region or certain API calls; ignored.
[LSDF] gmesh = (31, 31, 61), ngrid = 58621, naofn = 464, natom = 16
Timer "[LSDF] Voronoi partition" used time: 0.000817 s.
Timer "[LSDF] AO evaluation + screening" used time: 0.356691 s.
[LSDF] IP method: randomized QRCP (c=30, m=5)
[LSDF] total IPs selected: 14000 (23.8822% of grid)
Timer "[LSDF] IP selection" used time: 0.735633 s.
Timer "[LSDF] aux basis fitting" used time: 0.192909 s.
[LSDF] Step 5 diagnostics: natom=16, ngrid=58621, naux_total=14000
[LSDF]   OMP threads=32, MKL threads=32
[LSDF]   Vmat_loc total size: 14000 x 58621 = 6.11 GB
Timer "[LSDF]   5a Vmat_loc alloc+FFT" used time: 1.127811 s.
[LSDF]   W size: 14000 x 14000 = 1495.36 MB, max_npart=3871
Timer "[LSDF]   5b W construction (DGEMM)" used time: 0.662833 s.
Timer "[LSDF]   5c Wmat symmetrize" used time: 0.078120 s.
[LSDF]   robust_mode=NONE: freeing Vmat_loc
Timer "[LSDF] V/W construction" used time: 2.151474 s.
  [bwd-lev0] integ=0.144559s  tasks=28692  us/pair=161.226  grid=0.0727615MB
  [bwd-lev1] integ=0.04442s  tasks=11913  us/pair=119.318  grid=0.352898MB
  [bwd-lev2] integ=0.0331619s  tasks=8214  us/pair=129.192  grid=1.74023MB
  [bwd] fft=0.00778174s  integ=0.222141s  reduce=0.000594854s
  [fwd-lev0] colloc=0.116432s  tasks=28692  us/pair=129.856  grid=0.0727615MB
  [fwd-lev1] colloc=0.0336499s  tasks=11913  us/pair=90.3884  grid=0.352898MB
  [fwd-lev2] colloc=0.0240438s  tasks=8214  us/pair=93.6695  grid=1.74023MB
  [fwd] colloc=0.174126s  reduce=0.000304937s  fft=0.00207305s
  [bwd-lev0] integ=0.223924s  tasks=28692  us/pair=249.741  grid=0.0727615MB
  [bwd-lev1] integ=0.0448179s  tasks=11913  us/pair=120.387  grid=0.352898MB
  [bwd-lev2] integ=0.033093s  tasks=8214  us/pair=128.923  grid=1.74023MB
  [bwd] fft=0.00585604s  integ=0.301835s  reduce=0.00031209s
[LSDF] xchg phases: A=0.010 s, B(K_W)=0.194 s, C(K_V)=0.000 s, E(reduce)=0.002 s
[NELEC] step = 0  nelec = 64  neInt = 64.000000  dnelc = -6.3529626004e-11
[ENERG] step = 0  eTotl = -57.90037610  eCore = 22.57669517  eCoul = 6.94704920  eExcl = -20.25160744  eNucl = -67.17251303  eDisp = 0.00000000
[ERROR] step = 0  engy error =  0.0000000000e+00  grad error =  0.0000000000e+00  dmat error =  0.0000000000e+00
Timer "SCF cycle: 0" used time: 1.656566 s.

  [fwd-lev0] colloc=0.116785s  tasks=28692  us/pair=130.249  grid=0.0727615MB
  [fwd-lev1] colloc=0.0335689s  tasks=11913  us/pair=90.1707  grid=0.352898MB
  [fwd-lev2] colloc=0.0232441s  tasks=8214  us/pair=90.5542  grid=1.74023MB
  [fwd] colloc=0.173598s  reduce=0.000317335s  fft=0.00196195s
  [bwd-lev0] integ=0.231645s  tasks=28692  us/pair=258.352  grid=0.0727615MB
  [bwd-lev1] integ=0.045454s  tasks=11913  us/pair=122.096  grid=0.352898MB
  [bwd-lev2] integ=0.033093s  tasks=8214  us/pair=128.923  grid=1.74023MB
  [bwd] fft=0.00603604s  integ=0.310192s  reduce=0.000309944s
[LSDF] xchg phases: A=0.006 s, B(K_W)=0.156 s, C(K_V)=0.000 s, E(reduce)=0.001 s
[NELEC] step = 1  nelec = 64  neInt = 64.000000  dnelc =  3.6384051327e-10
[ENERG] step = 1  eTotl = -62.73844839  eCore = 19.46888325  eCoul = 4.34370845  eExcl = -19.37852707  eNucl = -67.17251303  eDisp = 0.00000000
[ERROR] step = 1  engy error = -4.8380722960e+00  grad error =  0.0000000000e+00  dmat error =  1.3075994533e+00
Timer "SCF cycle: 1" used time: 1.545034 s.

  [fwd-lev0] colloc=0.116671s  tasks=28692  us/pair=130.122  grid=0.0727615MB
  [fwd-lev1] colloc=0.033566s  tasks=11913  us/pair=90.163  grid=0.352898MB
  [fwd-lev2] colloc=0.0232911s  tasks=8214  us/pair=90.7372  grid=1.74023MB
  [fwd] colloc=0.173528s  reduce=0.000330925s  fft=0.00202918s
  [bwd-lev0] integ=0.223614s  tasks=28692  us/pair=249.395  grid=0.0727615MB
  [bwd-lev1] integ=0.0450311s  tasks=11913  us/pair=120.96  grid=0.352898MB
  [bwd-lev2] integ=0.033113s  tasks=8214  us/pair=129.001  grid=1.74023MB
  [bwd] fft=0.00611067s  integ=0.301758s  reduce=0.000306129s
[LSDF] xchg phases: A=0.004 s, B(K_W)=0.156 s, C(K_V)=0.000 s, E(reduce)=0.001 s
[NELEC] step = 2  nelec = 64  neInt = 64.000000  dnelc =  3.1802471767e-10
[ENERG] step = 2  eTotl = -62.75916724  eCore = 19.36619495  eCoul = 4.48459928  eExcl = -19.43744845  eNucl = -67.17251303  eDisp = 0.00000000
[ERROR] step = 2  engy error = -2.0718850556e-02  grad error =  0.0000000000e+00  dmat error =  6.0579779303e-02
Timer "SCF cycle: 2" used time: 1.530787 s.

  [fwd-lev0] colloc=0.116623s  tasks=28692  us/pair=130.069  grid=0.0727615MB
  [fwd-lev1] colloc=0.0335619s  tasks=11913  us/pair=90.1521  grid=0.352898MB
  [fwd-lev2] colloc=0.023278s  tasks=8214  us/pair=90.6861  grid=1.74023MB
  [fwd] colloc=0.173463s  reduce=0.000319242s  fft=0.00198221s
  [bwd-lev0] integ=0.225141s  tasks=28692  us/pair=251.098  grid=0.0727615MB
  [bwd-lev1] integ=0.0454719s  tasks=11913  us/pair=122.144  grid=0.352898MB
  [bwd-lev2] integ=0.0333352s  tasks=8214  us/pair=129.867  grid=1.74023MB
  [bwd] fft=0.0076232s  integ=0.303948s  reduce=0.000309944s
[LSDF] xchg phases: A=0.004 s, B(K_W)=0.157 s, C(K_V)=0.000 s, E(reduce)=0.001 s
[NELEC] step = 3  nelec = 64  neInt = 64.000000  dnelc =  2.3801760562e-10
[ENERG] step = 3  eTotl = -62.77597790  eCore = 19.19707134  eCoul = 4.74713850  eExcl = -19.54767471  eNucl = -67.17251303  eDisp = 0.00000000
[ERROR] step = 3  engy error = -1.6810655621e-02  grad error =  0.0000000000e+00  dmat error =  9.1490760406e-02
Timer "SCF cycle: 3" used time: 1.556582 s.

  [fwd-lev0] colloc=0.116618s  tasks=28692  us/pair=130.063  grid=0.0727615MB
  [fwd-lev1] colloc=0.03356s  tasks=11913  us/pair=90.147  grid=0.352898MB
  [fwd-lev2] colloc=0.0233061s  tasks=8214  us/pair=90.7957  grid=1.74023MB
  [fwd] colloc=0.173484s  reduce=0.000332117s  fft=0.00194716s
  [bwd-lev0] integ=0.225936s  tasks=28692  us/pair=251.985  grid=0.0727615MB
  [bwd-lev1] integ=0.0451171s  tasks=11913  us/pair=121.191  grid=0.352898MB
  [bwd-lev2] integ=0.0331271s  tasks=8214  us/pair=129.056  grid=1.74023MB
  [bwd] fft=0.00548911s  integ=0.30418s  reduce=0.000307083s
[LSDF] xchg phases: A=0.004 s, B(K_W)=0.157 s, C(K_V)=0.000 s, E(reduce)=0.002 s
[NELEC] step = 4  nelec = 64  neInt = 64.000000  dnelc =  2.3865709409e-10
[ENERG] step = 4  eTotl = -62.77613102  eCore = 19.19775245  eCoul = 4.74641540  eExcl = -19.54778584  eNucl = -67.17251303  eDisp = 0.00000000
[ERROR] step = 4  engy error = -1.5312340953e-04  grad error =  0.0000000000e+00  dmat error =  3.1676627025e-03
Timer "SCF cycle: 4" used time: 1.539620 s.

  [fwd-lev0] colloc=0.116539s  tasks=28692  us/pair=129.975  grid=0.0727615MB
  [fwd-lev1] colloc=0.033561s  tasks=11913  us/pair=90.1496  grid=0.352898MB
  [fwd-lev2] colloc=0.0232942s  tasks=8214  us/pair=90.7493  grid=1.74023MB
  [fwd] colloc=0.173394s  reduce=0.000337124s  fft=0.00190282s
  [bwd-lev0] integ=0.21438s  tasks=28692  us/pair=239.096  grid=0.0727615MB
  [bwd-lev1] integ=0.0469341s  tasks=11913  us/pair=126.072  grid=0.352898MB
  [bwd-lev2] integ=0.033124s  tasks=8214  us/pair=129.044  grid=1.74023MB
  [bwd] fft=0.00542212s  integ=0.294438s  reduce=0.000511885s
[LSDF] xchg phases: A=0.010 s, B(K_W)=0.182 s, C(K_V)=0.000 s, E(reduce)=0.002 s
[NELEC] step = 5  nelec = 64  neInt = 64.000000  dnelc =  2.4093083084e-10
[ENERG] step = 5  eTotl = -62.77632891  eCore = 19.20076161  eCoul = 4.74261586  eExcl = -19.54719335  eNucl = -67.17251303  eDisp = 0.00000000
[ERROR] step = 5  engy error = -1.9788211937e-04  grad error =  0.0000000000e+00  dmat error =  6.8515079375e-03
Timer "SCF cycle: 5" used time: 1.624004 s.

  [fwd-lev0] colloc=0.116807s  tasks=28692  us/pair=130.274  grid=0.0727615MB
  [fwd-lev1] colloc=0.0335269s  tasks=11913  us/pair=90.058  grid=0.352898MB
  [fwd-lev2] colloc=0.0233021s  tasks=8214  us/pair=90.7799  grid=1.74023MB
  [fwd] colloc=0.173636s  reduce=0.000317812s  fft=0.00194407s
  [bwd-lev0] integ=0.228018s  tasks=28692  us/pair=254.307  grid=0.0727615MB
  [bwd-lev1] integ=0.0450821s  tasks=11913  us/pair=121.097  grid=0.352898MB
  [bwd-lev2] integ=0.0331099s  tasks=8214  us/pair=128.989  grid=1.74023MB
  [bwd] fft=0.00558496s  integ=0.30621s  reduce=0.000310898s
[LSDF] xchg phases: A=0.004 s, B(K_W)=0.196 s, C(K_V)=0.000 s, E(reduce)=0.001 s
[NELEC] step = 6  nelec = 64  neInt = 64.000000  dnelc =  2.4198243409e-10
[ENERG] step = 6  eTotl = -62.77635445  eCore = 19.20201834  eCoul = 4.74094614  eExcl = -19.54680590  eNucl = -67.17251303  eDisp = 0.00000000
[ERROR] step = 6  engy error = -2.5546892857e-05  grad error =  0.0000000000e+00  dmat error =  2.0732953794e-03
Timer "SCF cycle: 6" used time: 1.603334 s.

  [fwd-lev0] colloc=0.116612s  tasks=28692  us/pair=130.057  grid=0.0727615MB
  [fwd-lev1] colloc=0.0335488s  tasks=11913  us/pair=90.1169  grid=0.352898MB
  [fwd-lev2] colloc=0.023257s  tasks=8214  us/pair=90.6044  grid=1.74023MB
  [fwd] colloc=0.173418s  reduce=0.000306368s  fft=0.00191736s
  [bwd-lev0] integ=0.23028s  tasks=28692  us/pair=256.83  grid=0.0727615MB
  [bwd-lev1] integ=0.0453341s  tasks=11913  us/pair=121.774  grid=0.352898MB
  [bwd-lev2] integ=0.0331609s  tasks=8214  us/pair=129.188  grid=1.74023MB
  [bwd] fft=0.00560212s  integ=0.308775s  reduce=0.000311852s
[LSDF] xchg phases: A=0.004 s, B(K_W)=0.155 s, C(K_V)=0.000 s, E(reduce)=0.001 s
[NELEC] step = 7  nelec = 64  neInt = 64.000000  dnelc =  2.4256507913e-10
[ENERG] step = 7  eTotl = -62.77635981  eCore = 19.20260738  eCoul = 4.74022723  eExcl = -19.54668139  eNucl = -67.17251303  eDisp = 0.00000000
[ERROR] step = 7  engy error = -5.3531182900e-06  grad error =  0.0000000000e+00  dmat error =  1.2090783546e-03
Timer "SCF cycle: 7" used time: 1.554626 s.

  [fwd-lev0] colloc=0.116621s  tasks=28692  us/pair=130.067  grid=0.0727615MB
  [fwd-lev1] colloc=0.0334749s  tasks=11913  us/pair=89.9184  grid=0.352898MB
  [fwd-lev2] colloc=0.023299s  tasks=8214  us/pair=90.7679  grid=1.74023MB
  [fwd] colloc=0.173395s  reduce=0.000316858s  fft=0.00192833s
  [bwd-lev0] integ=0.226832s  tasks=28692  us/pair=252.984  grid=0.0727615MB
  [bwd-lev1] integ=0.0450611s  tasks=11913  us/pair=121.041  grid=0.352898MB
  [bwd-lev2] integ=0.033108s  tasks=8214  us/pair=128.982  grid=1.74023MB
  [bwd] fft=0.00468206s  integ=0.305001s  reduce=0.000329018s
[NELEC] step = 8  nelec = 64  neInt = 64.000000  dnelc =  2.4263613341e-10
[ENERG] step = 8  eTotl = -62.77636013  eCore = 19.20261308  eCoul = 4.74028260  eExcl = -19.54674278  eNucl = -67.17251303  eDisp = 0.00000000
[ERROR] step = 8  engy error = -3.2472816258e-07  grad error =  0.0000000000e+00  dmat error =  2.1005065793e-04
Timer "SCF cycle: 8" used time: 1.561686 s.

  [fwd-lev0] colloc=0.116655s  tasks=28692  us/pair=130.105  grid=0.0727615MB
  [fwd-lev1] colloc=0.03354s  tasks=11913  us/pair=90.0932  grid=0.352898MB
  [fwd-lev2] colloc=0.0233209s  tasks=8214  us/pair=90.8533  grid=1.74023MB
  [fwd] colloc=0.173516s  reduce=0.000308037s  fft=0.00192404s
  [bwd-lev0] integ=0.223472s  tasks=28692  us/pair=249.237  grid=0.0727615MB
  [bwd-lev1] integ=0.0451741s  tasks=11913  us/pair=121.344  grid=0.352898MB
  [bwd-lev2] integ=0.0330989s  tasks=8214  us/pair=128.946  grid=1.74023MB
  [bwd] fft=0.00484991s  integ=0.301745s  reduce=0.000303984s
[NELEC] step = 9  nelec = 64  neInt = 64.000000  dnelc =  2.4256507913e-10
[ENERG] step = 9  eTotl = -62.77636017  eCore = 19.20261028  eCoul = 4.74030543  eExcl = -19.54676285  eNucl = -67.17251303  eDisp = 0.00000000
[ERROR] step = 9  engy error = -4.2699866754e-08  grad error =  0.0000000000e+00  dmat error =  6.6686782254e-05
Timer "SCF cycle: 9" used time: 1.610803 s.

  [fwd-lev0] colloc=0.116562s  tasks=28692  us/pair=130.001  grid=0.0727615MB
  [fwd-lev1] colloc=0.0335629s  tasks=11913  us/pair=90.1547  grid=0.352898MB
  [fwd-lev2] colloc=0.023289s  tasks=8214  us/pair=90.7289  grid=1.74023MB
  [fwd] colloc=0.173414s  reduce=0.000313044s  fft=0.00194311s
  [bwd-lev0] integ=0.23183s  tasks=28692  us/pair=258.558  grid=0.0727615MB
  [bwd-lev1] integ=0.0457828s  tasks=11913  us/pair=122.979  grid=0.352898MB
  [bwd-lev2] integ=0.033525s  tasks=8214  us/pair=130.606  grid=1.74023MB
  [bwd] fft=0.00469184s  integ=0.311138s  reduce=0.000360966s
[NELEC] step = 10  nelec = 64  neInt = 64.000000  dnelc =  2.4257928999e-10
[ENERG] step = 10  eTotl = -62.77636019  eCore = 19.20260647  eCoul = 4.74032340  eExcl = -19.54677703  eNucl = -67.17251303  eDisp = 0.00000000
[ERROR] step = 10  engy error = -1.9696550169e-08  grad error =  0.0000000000e+00  dmat error =  5.8477893567e-05
Timer "SCF cycle: 10" used time: 1.588167 s.

  [fwd-lev0] colloc=0.116688s  tasks=28692  us/pair=130.141  grid=0.0727615MB
  [fwd-lev1] colloc=0.0335591s  tasks=11913  us/pair=90.1444  grid=0.352898MB
  [fwd-lev2] colloc=0.023308s  tasks=8214  us/pair=90.8032  grid=1.74023MB
  [fwd] colloc=0.173555s  reduce=0.000324011s  fft=0.00192881s
  [bwd-lev0] integ=0.226992s  tasks=28692  us/pair=253.163  grid=0.0727615MB
  [bwd-lev1] integ=0.0450661s  tasks=11913  us/pair=121.054  grid=0.352898MB
  [bwd-lev2] integ=0.033129s  tasks=8214  us/pair=129.063  grid=1.74023MB
  [bwd] fft=0.00559211s  integ=0.305187s  reduce=0.000302076s
[NELEC] step = 11  nelec = 64  neInt = 64.000000  dnelc =  2.4270718768e-10
[ENERG] step = 11  eTotl = -62.77636020  eCore = 19.20260325  eCoul = 4.74033061  eExcl = -19.54678103  eNucl = -67.17251303  eDisp = 0.00000000
[ERROR] step = 11  engy error = -3.1773623732e-09  grad error =  0.0000000000e+00  dmat error =  2.3998778545e-05
SCF converged in 11 steps.
[LSDF] xchg_d10: robust_mode=NONE, no V data -> full-grid FFT path
  [fwd-lev0] colloc=0.165962s  tasks=28692  us/pair=185.096  grid=0.0727615MB
  [fwd-lev1] colloc=0.0352259s  tasks=11913  us/pair=94.6217  grid=0.352898MB
  [fwd-lev2] colloc=0.0233769s  tasks=8214  us/pair=91.0716  grid=1.74023MB
  [fwd] colloc=0.224565s  reduce=0.000393391s  fft=0.00269365s
[GRADIENT] SCF type: GRKS | atoms: 16 | DOF: 48 | time: 223.674 s
  Atom   0:   2.8002684348e-03  -8.4203661958e-04  -1.4998248006e-05
  Atom   1:   2.8386486274e-02   1.5858841538e-02   1.0330066302e-02
  Atom   2:   1.0910588265e-03   5.9713078950e-04   1.2281546496e-03
  Atom   3:  -6.9118912387e-04   1.9574606461e-03   3.9379467920e-05
  Atom   4:  -3.5787149946e-03   2.4999605309e-04  -6.0298040536e-06
  Atom   5:  -1.3787715556e-02  -1.3114442542e-02  -1.0875319902e-02
  Atom   6:  -8.8328045065e-03  -7.5224426061e-03   3.1525137875e-03
  Atom   7:  -6.2447850154e-03   2.4241434219e-03  -3.8269902025e-03
  Atom   8:   2.0135133256e-03   4.9191907411e-04   1.7196590390e-04
  Atom   9:  -3.4314651027e-04  -2.0532993883e-04  -1.7295484477e-04
  Atom  10:   8.3720323068e-05   4.3318726916e-05   1.1176626172e-04
  Atom  11:  -8.5751284666e-05   4.1000875861e-04   1.1962855639e-04
  Atom  12:   2.3700182957e-04   2.2285443230e-04   3.1165922136e-04
  Atom  13:  -7.5213477381e-04  -8.8403082930e-04  -1.2368559077e-03
  Atom  14:  -1.5176571371e-04  -2.7321282132e-04   1.1436692288e-03
  Atom  15:  -1.4409453295e-04   5.8549400124e-04  -4.7514182318e-04
[OPT] step = 0  energy = -62.7763601960  dE =               N/A  grad_max =  2.8386486274e-02  grad_rms =  6.2700015237e-03
[OPT] Geometry optimization did not converge in 1 steps.
Kylin-PBC Done.
Timer "Kylin-PBC main" used time: 247.7472 s.
