Kylin-PBC: v1.0.0

System time = 2026-06-23 21:32:01

OMP threads = 32

KYLIN_PBC_ROOT = "/home/rudin/code/kylin-pbc"
KYLIN_SCR_PATH = "/nvme"
KYLIN_JOB_PATH = "/home/rudin/code/kylin-pbc/art/example/extern/BN-PBE-gamma-kylin-MGDF"

SCF.xcfun                      = PBE
SCF.basis                      = dzvp-sr
SCF.psudo                      = gth-pbe
SCF.kmesh                      = 1 1 1
SCF.gmesh                      = 6.0e-01
SCF.ispin                      = OFF
SCF.dspin                      = 0
SCF.eps_engy                   = 3.7e-09 [AU]
SCF.eps_grad                   = 1.0e-05 [AU]
SCF.eps_dmat                   = 1.0e-03
SCF.chk_load                   = 
SCF.chk_save                   = 
SCF.scf_guess                  = ATOM
SCF.max_cycle                  = 200
SCF.vdw_method                 = NONE
SCF.coul_method                = MGDF
SCF.xchg_method                = LSDF
SCF.xchg_exxocc                = OFF
SCF.xchg_exxace                = NONE
SCF.xchg_robust                = TILE
SCF.xchg_exxdiv                = NONE
SCF.lsdf_cparam                = 30
SCF.lsdf_mparam                = 5
SCF.lsdf_ipslct                = QRCP
SCF.lsdf_chocut                = 1.0e-08
SCF.lsdf_atmcut                = 2.5e+01
SCF.lsdf_aovcut                = 1.0e-07
SCF.lsdf_swzcut                = 0.0e+00
SCF.lsdf_pnocut                = 0.0e+00
SCF.lsdf_nafcut                = 0.0e+00
SCF.mgdf_ntasks                = 4
SCF.mgdf_kratio                = 3.0e+00
SCF.mgdf_cutoff                = 3.0e+02 [AU]
SCF.mgdf_relcut                = 3.0e+01
SCF.mgdf_prprec                = 1.0e-14
SCF.dmx_mix_method             = NONE
SCF.dmx_mix_start              = 1
SCF.dmx_mix_space              = 8
SCF.dmx_mix_alpha              = 3.0e-01
SCF.rho_mix_method             = NONE
SCF.rho_mix_start              = 1
SCF.rho_mix_space              = 8
SCF.rho_mix_alpha              = 3.0e-01
SCF.hks_mix_method             = BROY
SCF.hks_mix_start              = 1
SCF.hks_mix_space              = 8
SCF.hks_mix_alpha              = 3.0e-01
SCF.damp_factor                = 0.0e+00
SCF.level_shift                = 0.0e+00 [AU]
SCF.smear_method               = NONE
SCF.smear_sigma                = 0.0e+00 [AU]
SCF.soc                        = OFF
SCF.soc_window                 = 1.8e+00 [AU]
SCF.print_bandgap              = ON
SCF.print_time                 = OFF

OPT.opt_method                 = BFGS
OPT.max_cycle                  = 0
OPT.eps_engy                   = 4.0e-06 [AU]
OPT.eps_grad                   = 4.0e-04 [AU]
OPT.trust_limit                = 3.0e-01 [AU]
OPT.damp_factor                = 0.0e+00
OPT.opt_mix_method             = NONE
OPT.opt_mix_start              = 1
OPT.opt_mix_space              = 5
OPT.opt_mix_alpha              = 3.0e-01
OPT.neb_method                 = FIRE
OPT.neb_lclimb                 = ON
OPT.neb_interp                 = IDPP
OPT.neb_nimage                 = 5
OPT.neb_spring                 = 1.0e-02 [AU]
OPT.neb_maxstep                = 7.6e-02 [AU]

PROP.calculation               = NONE
FREQ.freq_method               = FREE2
FREQ.fd_stepsize               = 2.8e-02 [AU]
DOS.dos_method                 = GAUSS
DOS.dos_sigma                  = 3.7e-03 [AU]
DOS.dos_npoint                 = 1001
DOS.dos_emin                   = 0.0e+00 [AU]
DOS.dos_emax                   = 0.0e+00 [AU]

OPT.mdx_ensemble               = NVE
OPT.mdx_thermostat             = NHC
OPT.mdx_max_step               = 0
OPT.mdx_timestep               = 4.0e+01 [AU]
OPT.mdx_temperature            = 9.5e-04 [AU]
OPT.mdx_pressure               = 0.0e+00 [AU]
OPT.mdx_thermo_tau             = 4.0e+03 [AU]
OPT.mdx_baro_tau               = 2.0e+04 [AU]
OPT.mdx_nhc_length             = 3
OPT.mdx_nhc_mts                = 3
OPT.mdx_constraint             = OFF
OPT.mdx_constraint_tol         = 1.0e-10
OPT.mdx_rng_seed               = 42

K-points mesh = 1 1 1

xc functional: "PBE"
is hybrid: NO

Basis Set Name: "dzvp-sr"
number of shell = 6
number of basis = 26
gmesh = 38 38 38

Pseudopotential Name: "gth-pbe"
number of valence electron = 8

SCF Calculation.
Gamma point
[NELEC] step = 0  nelec = 8  neInt = 8.000000  dnelc =  3.2466296318e-10
[ENERG] step = 0  eTotl = -14.12275566  eCore = 1.71752119  eCoul = 0.74719246  eExcl = -3.41707637  eNucl = -13.17039294  eDisp = 0.00000000
[ERROR] step = 0  engy error =  0.0000000000e+00  grad error =  0.0000000000e+00  dmat error =  0.0000000000e+00
Timer "SCF cycle: 0" used time: 0.142693 s.

[NELEC] step = 1  nelec = 8  neInt = 8.000000  dnelc =  8.2213347241e-11
[ENERG] step = 1  eTotl = -11.12726135  eCore = 1.47571133  eCoul = 5.15638948  eExcl = -4.58896922  eNucl = -13.17039294  eDisp = 0.00000000
[ERROR] step = 1  engy error =  2.9954943057e+00  grad error =  0.0000000000e+00  dmat error =  1.8355800909e+00
Timer "SCF cycle: 1" used time: 0.071184 s.

[NELEC] step = 2  nelec = 8  neInt = 8.000000  dnelc =  7.3543304779e-10
[ENERG] step = 2  eTotl = -11.83403631  eCore = 2.10567898  eCoul = 3.39911910  eExcl = -4.16844145  eNucl = -13.17039294  eDisp = 0.00000000
[ERROR] step = 2  engy error = -7.0677495517e-01  grad error =  0.0000000000e+00  dmat error =  7.5628737581e-01
Timer "SCF cycle: 2" used time: 0.063677 s.

[NELEC] step = 3  nelec = 8  neInt = 8.000000  dnelc =  5.5197446613e-10
[ENERG] step = 3  eTotl = -11.92169239  eCore = 2.86572224  eCoul = 2.28886189  eExcl = -3.90588358  eNucl = -13.17039294  eDisp = 0.00000000
[ERROR] step = 3  engy error = -8.7656083622e-02  grad error =  0.0000000000e+00  dmat error =  5.0745100421e-01
Timer "SCF cycle: 3" used time: 0.063277 s.

[NELEC] step = 4  nelec = 8  neInt = 8.000000  dnelc =  4.1171333010e-10
[ENERG] step = 4  eTotl = -11.85469698  eCore = 3.10741750  eCoul = 2.06378604  eExcl = -3.85550757  eNucl = -13.17039294  eDisp = 0.00000000
[ERROR] step = 4  engy error =  6.6995412311e-02  grad error =  0.0000000000e+00  dmat error =  1.5661867755e-01
Timer "SCF cycle: 4" used time: 0.063368 s.

[NELEC] step = 5  nelec = 8  neInt = 8.000000  dnelc =  8.4654416810e-10
[ENERG] step = 5  eTotl = -11.94531083  eCore = 2.54434520  eCoul = 2.66953145  eExcl = -3.98879454  eNucl = -13.17039294  eDisp = 0.00000000
[ERROR] step = 5  engy error = -9.0613855516e-02  grad error =  0.0000000000e+00  dmat error =  3.6087576617e-01
Timer "SCF cycle: 5" used time: 0.063706 s.

[NELEC] step = 6  nelec = 8  neInt = 8.000000  dnelc =  7.9844575396e-10
[ENERG] step = 6  eTotl = -11.94813446  eCore = 2.60078449  eCoul = 2.59295899  eExcl = -3.97148500  eNucl = -13.17039294  eDisp = 0.00000000
[ERROR] step = 6  engy error = -2.8236281615e-03  grad error =  0.0000000000e+00  dmat error =  3.6582677076e-02
Timer "SCF cycle: 6" used time: 0.063309 s.

[NELEC] step = 7  nelec = 8  neInt = 8.000000  dnelc =  7.7450046376e-10
[ENERG] step = 7  eTotl = -11.94842773  eCore = 2.63044590  eCoul = 2.55425425  eExcl = -3.96273494  eNucl = -13.17039294  eDisp = 0.00000000
[ERROR] step = 7  engy error = -2.9326409647e-04  grad error =  0.0000000000e+00  dmat error =  1.7506089459e-02
Timer "SCF cycle: 7" used time: 0.063980 s.

[NELEC] step = 8  nelec = 8  neInt = 8.000000  dnelc =  7.7775474949e-10
[ENERG] step = 8  eTotl = -11.94843388  eCore = 2.62540574  eCoul = 2.56079710  eExcl = -3.96424377  eNucl = -13.17039294  eDisp = 0.00000000
[ERROR] step = 8  engy error = -6.1494959631e-06  grad error =  0.0000000000e+00  dmat error =  3.1079666240e-03
Timer "SCF cycle: 8" used time: 0.063222 s.

[NELEC] step = 9  nelec = 8  neInt = 8.000000  dnelc =  7.7727868586e-10
[ENERG] step = 9  eTotl = -11.94843428  eCore = 2.62606320  eCoul = 2.55994344  eExcl = -3.96404797  eNucl = -13.17039294  eDisp = 0.00000000
[ERROR] step = 9  engy error = -3.9951813235e-07  grad error =  0.0000000000e+00  dmat error =  4.0973242845e-04
Timer "SCF cycle: 9" used time: 0.068374 s.

[NELEC] step = 10  nelec = 8  neInt = 8.000000  dnelc =  7.7714901181e-10
[ENERG] step = 10  eTotl = -11.94843432  eCore = 2.62624459  eCoul = 2.55970816  eExcl = -3.96399413  eNucl = -13.17039294  eDisp = 0.00000000
[ERROR] step = 10  engy error = -4.2281113721e-08  grad error =  0.0000000000e+00  dmat error =  1.0759934706e-04
Timer "SCF cycle: 10" used time: 0.063784 s.

[NELEC] step = 11  nelec = 8  neInt = 8.000000  dnelc =  7.7696959977e-10
[ENERG] step = 11  eTotl = -11.94843433  eCore = 2.62645152  eCoul = 2.55944120  eExcl = -3.96393411  eNucl = -13.17039294  eDisp = 0.00000000
[ERROR] step = 11  engy error = -1.2590591680e-08  grad error =  0.0000000000e+00  dmat error =  1.1248478737e-04
Timer "SCF cycle: 11" used time: 0.063402 s.

[NELEC] step = 12  nelec = 8  neInt = 8.000000  dnelc =  7.7699979784e-10
[ENERG] step = 12  eTotl = -11.94843433  eCore = 2.62641171  eCoul = 2.55949264  eExcl = -3.96394574  eNucl = -13.17039294  eDisp = 0.00000000
[ERROR] step = 12  engy error = -7.8501649625e-10  grad error =  0.0000000000e+00  dmat error =  2.2189747733e-05
SCF converged in 12 steps.

  Band Gap Analysis (per k-point)
  k-pt    spin         HOMO (eV)       LUMO (eV)        Gap (eV)
  -----------------------------------------------------------
  0       0            14.152555       20.808748        6.656193
  -----------------------------------------------------------
  VBM =      14.152555 eV    CBM =      20.808748 eV    Band Gap =       6.656193 eV

Kylin-PBC Done.
Timer "Kylin-PBC main" used time: 1.334135 s.
