[MGDF_DIAG] gmesh = 39 39 39  (ngrid=59319)
[MGDF_DIAG] level 0  mesh=9 9 9  ngrid=729  tasks=2354
[MGDF_DIAG] level 1  mesh=15 15 15  ngrid=3375  tasks=4610
[MGDF_DIAG] level 2  mesh=23 23 23  ngrid=12167  tasks=1892
[MGDF_DIAG] level 3  mesh=39 39 39  ngrid=59319  tasks=897
[MGDF_DIAG] atom_pairs_kept=9753  rejected: atom=7615 set=0 pgf=39406 radius=620
[MGDF_DIAG] max_pair_radius=14.5332  max_pgf_rcut=13.4326  total_pairs=9753  precision_colloc=1e-14  precision_screen=1e-07
  [bwd-lev0] integ=0.0200758s  tasks=2354  us/pair=272.908  grid=0.00556183MB
  [bwd-lev1] integ=0.031574s  tasks=4610  us/pair=219.169  grid=0.0257492MB
  [bwd-lev2] integ=0.00847697s  tasks=1892  us/pair=143.374  grid=0.0928268MB
  [bwd-lev3] integ=0.00425196s  tasks=897  us/pair=151.686  grid=0.452568MB
  [bwd] fft=0.00132895s  integ=0.0643787s  reduce=1.69277e-05s
  [fwd-lev0] colloc=0.011158s  tasks=2354  us/pair=151.68  grid=0.00556183MB
  [fwd-lev1] colloc=0.0199001s  tasks=4610  us/pair=138.135  grid=0.0257492MB
  [fwd-lev2] colloc=0.00494385s  tasks=1892  us/pair=83.6169  grid=0.0928268MB
  [fwd-lev3] colloc=0.0024581s  tasks=897  us/pair=87.6913  grid=0.452568MB
  [fwd] colloc=0.03846s  reduce=0.0002141s  fft=0.000585079s
  [bwd-lev0] integ=0.00922704s  tasks=2354  us/pair=125.431  grid=0.00556183MB
  [bwd-lev1] integ=0.0166931s  tasks=4610  us/pair=115.874  grid=0.0257492MB
  [bwd-lev2] integ=0.00909805s  tasks=1892  us/pair=153.878  grid=0.0928268MB
  [bwd-lev3] integ=0.00250196s  tasks=897  us/pair=89.2563  grid=0.452568MB
  [bwd] fft=0.000724077s  integ=0.0375202s  reduce=6.91414e-06s
  [fwd-lev0] colloc=0.00760102s  tasks=2354  us/pair=103.327  grid=0.00556183MB
  [fwd-lev1] colloc=0.0142288s  tasks=4610  us/pair=98.7684  grid=0.0257492MB
  [fwd-lev2] colloc=0.00350499s  tasks=1892  us/pair=59.281  grid=0.0928268MB
  [fwd-lev3] colloc=0.00167298s  tasks=897  us/pair=59.6828  grid=0.452568MB
  [fwd] colloc=0.0270078s  reduce=0.00151896s  fft=0.000478029s
  [bwd-lev0] integ=0.00742483s  tasks=2354  us/pair=100.932  grid=0.00556183MB
  [bwd-lev1] integ=0.014225s  tasks=4610  us/pair=98.7419  grid=0.0257492MB
  [bwd-lev2] integ=0.00405693s  tasks=1892  us/pair=68.6162  grid=0.0928268MB
  [bwd-lev3] integ=0.00214195s  tasks=897  us/pair=76.413  grid=0.452568MB
  [bwd] fft=0.000692606s  integ=0.0278487s  reduce=5.96046e-06s
  [fwd-lev0] colloc=0.00691009s  tasks=2354  us/pair=93.9349  grid=0.00556183MB
  [fwd-lev1] colloc=0.013294s  tasks=4610  us/pair=92.2793  grid=0.0257492MB
  [fwd-lev2] colloc=0.00341415s  tasks=1892  us/pair=57.7447  grid=0.0928268MB
  [fwd-lev3] colloc=0.00160694s  tasks=897  us/pair=57.3268  grid=0.452568MB
  [fwd] colloc=0.0252252s  reduce=0.000114918s  fft=0.000411034s
  [bwd-lev0] integ=0.00731683s  tasks=2354  us/pair=99.4641  grid=0.00556183MB
  [bwd-lev1] integ=0.0140672s  tasks=4610  us/pair=97.6463  grid=0.0257492MB
  [bwd-lev2] integ=0.00397611s  tasks=1892  us/pair=67.2492  grid=0.0928268MB
  [bwd-lev3] integ=0.00210404s  tasks=897  us/pair=75.0607  grid=0.452568MB
  [bwd] fft=0.000666142s  integ=0.0274642s  reduce=5.96046e-06s
  [fwd-lev0] colloc=0.00687099s  tasks=2354  us/pair=93.4034  grid=0.00556183MB
  [fwd-lev1] colloc=0.0132461s  tasks=4610  us/pair=91.9466  grid=0.0257492MB
  [fwd-lev2] colloc=0.00340295s  tasks=1892  us/pair=57.5552  grid=0.0928268MB
  [fwd-lev3] colloc=0.00160909s  tasks=897  us/pair=57.4033  grid=0.452568MB
  [fwd] colloc=0.0251291s  reduce=0.000112057s  fft=0.000386s
  [bwd-lev0] integ=0.00732398s  tasks=2354  us/pair=99.5613  grid=0.00556183MB
  [bwd-lev1] integ=0.0140629s  tasks=4610  us/pair=97.6165  grid=0.0257492MB
  [bwd-lev2] integ=0.00400686s  tasks=1892  us/pair=67.7693  grid=0.0928268MB
  [bwd-lev3] integ=0.00209808s  tasks=897  us/pair=74.848  grid=0.452568MB
  [bwd] fft=0.000651121s  integ=0.0274918s  reduce=5.00679e-06s
  [fwd-lev0] colloc=0.00686002s  tasks=2354  us/pair=93.2543  grid=0.00556183MB
  [fwd-lev1] colloc=0.0132492s  tasks=4610  us/pair=91.9681  grid=0.0257492MB
  [fwd-lev2] colloc=0.00340199s  tasks=1892  us/pair=57.539  grid=0.0928268MB
  [fwd-lev3] colloc=0.00161099s  tasks=897  us/pair=57.4714  grid=0.452568MB
  [fwd] colloc=0.0251222s  reduce=0.000118017s  fft=0.00039196s
  [bwd-lev0] integ=0.00732994s  tasks=2354  us/pair=99.6424  grid=0.00556183MB
  [bwd-lev1] integ=0.01407s  tasks=4610  us/pair=97.6662  grid=0.0257492MB
  [bwd-lev2] integ=0.0039711s  tasks=1892  us/pair=67.1645  grid=0.0928268MB
  [bwd-lev3] integ=0.00210404s  tasks=897  us/pair=75.0607  grid=0.452568MB
  [bwd] fft=0.000628233s  integ=0.0274751s  reduce=5.96046e-06s
  [fwd-lev0] colloc=0.00686407s  tasks=2354  us/pair=93.3094  grid=0.00556183MB
  [fwd-lev1] colloc=0.0132382s  tasks=4610  us/pair=91.892  grid=0.0257492MB
  [fwd-lev2] colloc=0.00340486s  tasks=1892  us/pair=57.5874  grid=0.0928268MB
  [fwd-lev3] colloc=0.00161099s  tasks=897  us/pair=57.4714  grid=0.452568MB
  [fwd] colloc=0.0251181s  reduce=0.000108004s  fft=0.000380993s
  [bwd-lev0] integ=0.00732398s  tasks=2354  us/pair=99.5613  grid=0.00556183MB
  [bwd-lev1] integ=0.014081s  tasks=4610  us/pair=97.7423  grid=0.0257492MB
  [bwd-lev2] integ=0.00404s  tasks=1892  us/pair=68.3299  grid=0.0928268MB
  [bwd-lev3] integ=0.00209498s  tasks=897  us/pair=74.7374  grid=0.452568MB
  [bwd] fft=0.00063777s  integ=0.02754s  reduce=5.96046e-06s
  [fwd-lev0] colloc=0.00686598s  tasks=2354  us/pair=93.3353  grid=0.00556183MB
  [fwd-lev1] colloc=0.013247s  tasks=4610  us/pair=91.9532  grid=0.0257492MB
  [fwd-lev2] colloc=0.00339508s  tasks=1892  us/pair=57.4221  grid=0.0928268MB
  [fwd-lev3] colloc=0.00162196s  tasks=897  us/pair=57.8626  grid=0.452568MB
  [fwd] colloc=0.02513s  reduce=0.000107765s  fft=0.000380993s
  [bwd-lev0] integ=0.00730896s  tasks=2354  us/pair=99.3571  grid=0.00556183MB
  [bwd-lev1] integ=0.0140529s  tasks=4610  us/pair=97.547  grid=0.0257492MB
  [bwd-lev2] integ=0.00397301s  tasks=1892  us/pair=67.1967  grid=0.0928268MB
  [bwd-lev3] integ=0.00208688s  tasks=897  us/pair=74.4483  grid=0.452568MB
  [bwd] fft=0.000665188s  integ=0.0274217s  reduce=6.91414e-06s
  [fwd-lev0] colloc=0.00686812s  tasks=2354  us/pair=93.3645  grid=0.00556183MB
  [fwd-lev1] colloc=0.0132439s  tasks=4610  us/pair=91.9317  grid=0.0257492MB
  [fwd-lev2] colloc=0.00339913s  tasks=1892  us/pair=57.4906  grid=0.0928268MB
  [fwd-lev3] colloc=0.00161505s  tasks=897  us/pair=57.616  grid=0.452568MB
  [fwd] colloc=0.0251262s  reduce=0.000109911s  fft=0.000384808s
  [bwd-lev0] integ=0.00733709s  tasks=2354  us/pair=99.7396  grid=0.00556183MB
  [bwd-lev1] integ=0.01408s  tasks=4610  us/pair=97.7357  grid=0.0257492MB
  [bwd-lev2] integ=0.00398493s  tasks=1892  us/pair=67.3984  grid=0.0928268MB
  [bwd-lev3] integ=0.0021112s  tasks=897  us/pair=75.3158  grid=0.452568MB
  [bwd] fft=0.000578165s  integ=0.0275133s  reduce=5.96046e-06s
  [fwd-lev0] colloc=0.00686407s  tasks=2354  us/pair=93.3094  grid=0.00556183MB
  [fwd-lev1] colloc=0.0132391s  tasks=4610  us/pair=91.8986  grid=0.0257492MB
  [fwd-lev2] colloc=0.0033958s  tasks=1892  us/pair=57.4342  grid=0.0928268MB
  [fwd-lev3] colloc=0.00162911s  tasks=897  us/pair=58.1178  grid=0.452568MB
  [fwd] colloc=0.0251281s  reduce=0.00010705s  fft=0.000363111s
  [bwd-lev0] integ=0.00732589s  tasks=2354  us/pair=99.5873  grid=0.00556183MB
  [bwd-lev1] integ=0.014055s  tasks=4610  us/pair=97.5619  grid=0.0257492MB
  [bwd-lev2] integ=0.00397301s  tasks=1892  us/pair=67.1967  grid=0.0928268MB
  [bwd-lev3] integ=0.00209594s  tasks=897  us/pair=74.7715  grid=0.452568MB
  [bwd] fft=0.000636101s  integ=0.0274498s  reduce=7.15256e-06s
  [fwd-lev0] colloc=0.00687003s  tasks=2354  us/pair=93.3904  grid=0.00556183MB
  [fwd-lev1] colloc=0.013644s  tasks=4610  us/pair=94.7088  grid=0.0257492MB
  [fwd-lev2] colloc=0.00345016s  tasks=1892  us/pair=58.3536  grid=0.0928268MB
  [fwd-lev3] colloc=0.00171399s  tasks=897  us/pair=61.1457  grid=0.452568MB
  [fwd] colloc=0.0256782s  reduce=0.000272751s  fft=0.00106001s
  [bwd-lev0] integ=0.00735688s  tasks=2354  us/pair=100.009  grid=0.00556183MB
  [bwd-lev1] integ=0.0140719s  tasks=4610  us/pair=97.6794  grid=0.0257492MB
  [bwd-lev2] integ=0.00403786s  tasks=1892  us/pair=68.2936  grid=0.0928268MB
  [bwd-lev3] integ=0.00210714s  tasks=897  us/pair=75.1712  grid=0.452568MB
  [bwd] fft=0.00125217s  integ=0.0275738s  reduce=5.96046e-06s
  [fwd-lev0] colloc=0.00686789s  tasks=2354  us/pair=93.3612  grid=0.00556183MB
  [fwd-lev1] colloc=0.0132139s  tasks=4610  us/pair=91.7232  grid=0.0257492MB
  [fwd-lev2] colloc=0.00340295s  tasks=1892  us/pair=57.5552  grid=0.0928268MB
  [fwd-lev3] colloc=0.00171709s  tasks=897  us/pair=61.2563  grid=0.452568MB
  [fwd] colloc=0.0252018s  reduce=8.32081e-05s  fft=0.000435114s
  [bwd-lev0] integ=0.00733399s  tasks=2354  us/pair=99.6975  grid=0.00556183MB
  [bwd-lev1] integ=0.0140631s  tasks=4610  us/pair=97.6182  grid=0.0257492MB
  [bwd-lev2] integ=0.00397396s  tasks=1892  us/pair=67.2129  grid=0.0928268MB
  [bwd-lev3] integ=0.00209713s  tasks=897  us/pair=74.814  grid=0.452568MB
  [bwd] fft=0.000594139s  integ=0.0274682s  reduce=7.15256e-06s
  [fwd-lev0] colloc=0.00686193s  tasks=2354  us/pair=93.2802  grid=0.00556183MB
  [fwd-lev1] colloc=0.0132179s  tasks=4610  us/pair=91.7513  grid=0.0257492MB
  [fwd-lev2] colloc=0.00339794s  tasks=1892  us/pair=57.4705  grid=0.0928268MB
  [fwd-lev3] colloc=0.00171399s  tasks=897  us/pair=61.1457  grid=0.452568MB
  [fwd] colloc=0.0251918s  reduce=7.89165e-05s  fft=0.000442505s
  [bwd-lev0] integ=0.00732899s  tasks=2354  us/pair=99.6294  grid=0.00556183MB
  [bwd-lev1] integ=0.0140479s  tasks=4610  us/pair=97.5123  grid=0.0257492MB
  [bwd-lev2] integ=0.004004s  tasks=1892  us/pair=67.721  grid=0.0928268MB
  [bwd-lev3] integ=0.00209594s  tasks=897  us/pair=74.7715  grid=0.452568MB
  [bwd] fft=0.000607252s  integ=0.0274768s  reduce=5.96046e-06s
  [fwd-lev0] colloc=0.00687003s  tasks=2354  us/pair=93.3904  grid=0.00556183MB
  [fwd-lev1] colloc=0.013236s  tasks=4610  us/pair=91.8771  grid=0.0257492MB
  [fwd-lev2] colloc=0.00338197s  tasks=1892  us/pair=57.2003  grid=0.0928268MB
  [fwd-lev3] colloc=0.00159907s  tasks=897  us/pair=57.0461  grid=0.452568MB
  [fwd] colloc=0.0250871s  reduce=8.70228e-05s  fft=0.000409126s
  [bwd-lev0] integ=0.00732398s  tasks=2354  us/pair=99.5613  grid=0.00556183MB
  [bwd-lev1] integ=0.0140522s  tasks=4610  us/pair=97.5421  grid=0.0257492MB
  [bwd-lev2] integ=0.00397897s  tasks=1892  us/pair=67.2976  grid=0.0928268MB
  [bwd-lev3] integ=0.00211906s  tasks=897  us/pair=75.5965  grid=0.452568MB
  [bwd] fft=0.000602961s  integ=0.0274742s  reduce=5.96046e-06s
