Kylin-PBC: v1.0.0

System time = 2026-06-28 02:28:26

OMP threads = 32

KYLIN_PBC_ROOT = "/home/rudin/code/kylin-pbc"
KYLIN_SCR_PATH = "/tmp"
KYLIN_JOB_PATH = "/home/rudin/code/kylin-pbc/art/example/scaling/cip-Si16-HSE06/full/c05"

SCF.xcfun                      = HSE06
SCF.basis                      = dzvp-sr
SCF.psudo                      = gth-pbe
SCF.kmesh                      = 1 1 1
SCF.gmesh                      = 5.0e-01
SCF.ispin                      = OFF
SCF.dspin                      = 0
SCF.eps_engy                   = 1.0e-06 [AU]
SCF.eps_grad                   = 1.0e-05 [AU]
SCF.eps_dmat                   = 1.0e-03
SCF.chk_load                   = 
SCF.chk_save                   = 
SCF.scf_guess                  = ATOM
SCF.max_cycle                  = 100
SCF.vdw_method                 = NONE
SCF.coul_method                = MGDF
SCF.xchg_method                = LSDF
SCF.xchg_exxocc                = OFF
SCF.xchg_exxace                = NONE
SCF.xchg_robust                = FULL
SCF.xchg_exxdiv                = NONE
SCF.xchg_dropG0                = OFF
SCF.lsdf_cparam                = 5
SCF.lsdf_mparam                = 5
SCF.lsdf_ipslct                = QRCP
SCF.lsdf_chocut                = 1.0e-08
SCF.lsdf_atmcut                = 2.5e+01
SCF.lsdf_aovcut                = 1.0e-07
SCF.lsdf_swzcut                = 0.0e+00
SCF.lsdf_pnocut                = 0.0e+00
SCF.lsdf_nafcut                = 0.0e+00
SCF.mgdf_ntasks                = 4
SCF.mgdf_kratio                = 3.0e+00
SCF.mgdf_cutoff                = 3.0e+02 [AU]
SCF.mgdf_relcut                = 3.0e+01
SCF.mgdf_prprec                = 1.0e-14
SCF.dmx_mix_method             = NONE
SCF.dmx_mix_start              = 1
SCF.dmx_mix_space              = 8
SCF.dmx_mix_alpha              = 3.0e-01
SCF.rho_mix_method             = NONE
SCF.rho_mix_start              = 1
SCF.rho_mix_space              = 8
SCF.rho_mix_alpha              = 3.0e-01
SCF.hks_mix_method             = BROY
SCF.hks_mix_start              = 1
SCF.hks_mix_space              = 8
SCF.hks_mix_alpha              = 3.0e-01
SCF.damp_factor                = 0.0e+00
SCF.level_shift                = 0.0e+00 [AU]
SCF.smear_method               = NONE
SCF.smear_sigma                = 0.0e+00 [AU]
SCF.soc                        = OFF
SCF.soc_window                 = 1.8e+00 [AU]
SCF.print_bandgap              = OFF
SCF.print_time                 = OFF

OPT.opt_method                 = BFGS
OPT.max_cycle                  = 1
OPT.eps_engy                   = 4.0e-06 [AU]
OPT.eps_grad                   = 4.0e-04 [AU]
OPT.trust_limit                = 3.0e-01 [AU]
OPT.damp_factor                = 0.0e+00
OPT.opt_mix_method             = NONE
OPT.opt_mix_start              = 1
OPT.opt_mix_space              = 5
OPT.opt_mix_alpha              = 3.0e-01
OPT.neb_method                 = FIRE
OPT.neb_lclimb                 = ON
OPT.neb_interp                 = IDPP
OPT.neb_nimage                 = 5
OPT.neb_spring                 = 1.0e-02 [AU]
OPT.neb_maxstep                = 7.6e-02 [AU]

PROP.calculation               = NONE
FREQ.freq_method               = FREE2
FREQ.fd_stepsize               = 2.8e-02 [AU]
DOS.dos_method                 = GAUSS
DOS.dos_sigma                  = 3.7e-03 [AU]
DOS.dos_npoint                 = 1001
DOS.dos_emin                   = 0.0e+00 [AU]
DOS.dos_emax                   = 0.0e+00 [AU]

OPT.mdx_ensemble               = NVE
OPT.mdx_thermostat             = NHC
OPT.mdx_max_step               = 0
OPT.mdx_timestep               = 4.0e+01 [AU]
OPT.mdx_temperature            = 9.5e-04 [AU]
OPT.mdx_pressure               = 0.0e+00 [AU]
OPT.mdx_thermo_tau             = 4.0e+03 [AU]
OPT.mdx_baro_tau               = 2.0e+04 [AU]
OPT.mdx_nhc_length             = 3
OPT.mdx_nhc_mts                = 3
OPT.mdx_constraint             = OFF
OPT.mdx_constraint_tol         = 1.0e-10
OPT.mdx_rng_seed               = 42

K-points mesh = 1 1 1

xc functional: "HSE06"
is hybrid: YES
HFX coeff: 0.25

Basis Set Name: "dzvp-sr"
number of shell = 48
number of basis = 208
gmesh = 29 29 57

Pseudopotential Name: "gth-pbe"
number of valence electron = 64

OPT Calculation.

==============================================================
                   Geometry Optimization                      
==============================================================
  method      = BFGS
  max_cycle   = 1
  eps_engy    = 4.000000e-06
  eps_grad    = 4.000000e-04
  trust_limit = 0.300000
  natom       = 16
  nfree       = 48 / 48
==============================================================

--------------------------------------------------------------
  OPT step 0
--------------------------------------------------------------
[OPT] Cell structure (Angstrom):
       5.43100000       0.00000000       0.00000000
       0.00000000       5.43100000       0.00000000
       0.00000000       0.00000000      10.86200000

Cart
Si         0.00000000       0.00000000       0.00000000   T T T
Si         0.00000000       2.71550000       2.71550000   T T T
Si         2.71550000       0.00000000       2.71550000   T T T
Si         2.71550000       2.71550000       0.00000000   T T T
Si         1.35775000       1.35775000       1.35775000   T T T
Si         1.35775000       4.07325000       4.07325000   T T T
Si         4.07325000       1.35775000       4.07325000   T T T
Si         4.07325000       4.07325000       1.35775000   T T T
Si         0.00000000       0.00000000       5.43100000   T T T
Si         0.00000000       2.71550000       8.14650000   T T T
Si         2.71550000       0.00000000       8.14650000   T T T
Si         2.71550000       2.71550000       5.43100000   T T T
Si         1.35775000       1.35775000       6.78875000   T T T
Si         1.35775000       4.07325000       9.50425000   T T T
Si         4.07325000       1.35775000       9.50425000   T T T
Si         4.07325000       4.07325000       6.78875000   T T T

[OPT] Cell written to /home/rudin/code/kylin-pbc/art/example/scaling/cip-Si16-HSE06/full/c05/opt_img/cell_opt_0.txt
[LSDF] gmesh = (29, 29, 57), ngrid = 47937, naofn = 208, natom = 16
Timer "[LSDF] Voronoi partition" used time: 0.001257 s.
Timer "[LSDF] AO evaluation + screening" used time: 0.170663 s.
[LSDF] IP method: randomized QRCP (c=5, m=5)
[LSDF] total IPs selected: 1120 (2.3364% of grid)
Timer "[LSDF] IP selection" used time: 0.029601 s.
Timer "[LSDF] aux basis fitting" used time: 0.009730 s.
[LSDF] Step 5 diagnostics: natom=16, ngrid=47937, naux_total=1120
[LSDF]   OMP threads=32, MKL threads=32
[LSDF]   Vmat_loc total size: 1120 x 47937 = 0.40 GB
Timer "[LSDF]   5a Vmat_loc alloc+FFT" used time: 0.046559 s.
[LSDF]   W size: 1120 x 1120 = 9.57 MB, max_npart=3140
Timer "[LSDF]   5b W construction (DGEMM)" used time: 0.009342 s.
Timer "[LSDF]   5c Wmat symmetrize" used time: 0.000468 s.
[LSDF]   robust_mode=FULL: keeping Vmat_loc (0.40 GB) in atom ordering
Timer "[LSDF] V/W construction" used time: 0.056408 s.
[LSDF] xchg phases: A=0.000 s, B(K_W)=0.003 s, C(K_V)=0.094 s, E(reduce)=0.001 s
[NELEC] step = 0  nelec = 64  neInt = 64.000000  dnelc =  2.1927348826e-11
[ENERG] step = 0  eTotl = -62.95167156  eCore = 19.62269416  eCoul = 4.69090466  eExcl = -20.08186814  eNucl = -67.18340225  eDisp = 0.00000000
[ERROR] step = 0  engy error =  0.0000000000e+00  grad error =  0.0000000000e+00  dmat error =  0.0000000000e+00
Timer "SCF cycle: 0" used time: 1.095806 s.

[LSDF] xchg phases: A=0.000 s, B(K_W)=0.002 s, C(K_V)=0.097 s, E(reduce)=0.001 s
[NELEC] step = 1  nelec = 64  neInt = 64.000000  dnelc =  2.8961721910e-11
[ENERG] step = 1  eTotl = -63.16014315  eCore = 19.34425791  eCoul = 4.50916706  eExcl = -19.83016586  eNucl = -67.18340225  eDisp = 0.00000000
[ERROR] step = 1  engy error = -2.0847158211e-01  grad error =  0.0000000000e+00  dmat error =  1.1572392875e+00
Timer "SCF cycle: 1" used time: 1.096826 s.

[LSDF] xchg phases: A=0.000 s, B(K_W)=0.002 s, C(K_V)=0.071 s, E(reduce)=0.001 s
[NELEC] step = 2  nelec = 64  neInt = 64.000000  dnelc =  2.9288571568e-11
[ENERG] step = 2  eTotl = -63.16571264  eCore = 19.32061513  eCoul = 4.54735991  eExcl = -19.85028543  eNucl = -67.18340225  eDisp = 0.00000000
[ERROR] step = 2  engy error = -5.5694931579e-03  grad error =  0.0000000000e+00  dmat error =  1.7029637662e-02
Timer "SCF cycle: 2" used time: 1.068516 s.

[LSDF] xchg phases: A=0.000 s, B(K_W)=0.002 s, C(K_V)=0.047 s, E(reduce)=0.001 s
[NELEC] step = 3  nelec = 64  neInt = 64.000000  dnelc =  3.0098590287e-11
[ENERG] step = 3  eTotl = -63.17157325  eCore = 19.27530205  eCoul = 4.63242336  eExcl = -19.89589640  eNucl = -67.18340225  eDisp = 0.00000000
[ERROR] step = 3  engy error = -5.8606058423e-03  grad error =  0.0000000000e+00  dmat error =  4.1842606959e-02
Timer "SCF cycle: 3" used time: 1.036479 s.

[LSDF] xchg phases: A=0.001 s, B(K_W)=0.005 s, C(K_V)=0.108 s, E(reduce)=0.001 s
[NELEC] step = 4  nelec = 64  neInt = 64.000000  dnelc =  3.0055957723e-11
[ENERG] step = 4  eTotl = -63.17161862  eCore = 19.27787614  eCoul = 4.62897895  eExcl = -19.89507146  eNucl = -67.18340225  eDisp = 0.00000000
[ERROR] step = 4  engy error = -4.5374602330e-05  grad error =  0.0000000000e+00  dmat error =  3.7422174962e-03
Timer "SCF cycle: 4" used time: 1.155610 s.

[LSDF] xchg phases: A=0.002 s, B(K_W)=0.003 s, C(K_V)=0.085 s, E(reduce)=0.001 s
[NELEC] step = 5  nelec = 64  neInt = 64.000000  dnelc =  3.0055957723e-11
[ENERG] step = 5  eTotl = -63.17163496  eCore = 19.27989890  eCoul = 4.62632674  eExcl = -19.89445835  eNucl = -67.18340225  eDisp = 0.00000000
[ERROR] step = 5  engy error = -1.6343775584e-05  grad error =  0.0000000000e+00  dmat error =  2.9184790782e-03
Timer "SCF cycle: 5" used time: 1.163728 s.

[LSDF] xchg phases: A=0.000 s, B(K_W)=0.003 s, C(K_V)=0.046 s, E(reduce)=0.001 s
[NELEC] step = 6  nelec = 64  neInt = 64.000000  dnelc =  2.9970692594e-11
[ENERG] step = 6  eTotl = -63.17163597  eCore = 19.27996791  eCoul = 4.62637121  eExcl = -19.89457283  eNucl = -67.18340225  eDisp = 0.00000000
[ERROR] step = 6  engy error = -1.0025176636e-06  grad error =  0.0000000000e+00  dmat error =  4.9761404044e-04
Timer "SCF cycle: 6" used time: 1.036231 s.

[LSDF] xchg phases: A=0.000 s, B(K_W)=0.002 s, C(K_V)=0.046 s, E(reduce)=0.001 s
[NELEC] step = 7  nelec = 64  neInt = 64.000000  dnelc =  2.9984903449e-11
[ENERG] step = 7  eTotl = -63.17163630  eCore = 19.27985359  eCoul = 4.62670984  eExcl = -19.89479748  eNucl = -67.18340225  eDisp = 0.00000000
[ERROR] step = 7  engy error = -3.3270302424e-07  grad error =  0.0000000000e+00  dmat error =  3.7254046422e-04
SCF converged in 7 steps.
[LSDF] xchg_d10: ISDF-robust path (K_V + K_V~ - K_IP)
[GRADIENT] SCF type: GRKS | atoms: 16 | DOF: 48 | time: 14.470 s
  Atom   0:   1.0590497151e-04  -3.3520315845e-04  -4.7831683248e-05
  Atom   1:   1.4806694906e-05  -1.5096439483e-04  -1.5163876260e-04
  Atom   2:  -1.9319836837e-05   1.2057340751e-04  -9.6477661261e-05
  Atom   3:   6.0542714142e-05   1.7304050550e-04  -9.5691726869e-06
  Atom   4:  -1.1442897438e-04   1.9201025922e-04   1.8228900244e-04
  Atom   5:   3.4309989361e-05   3.9908412374e-05   3.4204862681e-04
  Atom   6:  -1.6870091411e-04   1.0425085870e-04   2.3114851819e-04
  Atom   7:  -8.0437932428e-05   4.1639687236e-06   9.0176767119e-05
  Atom   8:   2.3576866145e-05   7.4247770741e-05  -8.0385581316e-06
  Atom   9:  -8.2666077211e-05  -3.3914606215e-04  -1.8678429074e-04
  Atom  10:  -2.4409404682e-04   1.2854587134e-04   8.0746244070e-06
  Atom  11:  -1.5520621721e-05  -2.8662501253e-05  -6.7788529317e-05
  Atom  12:  -1.2337727600e-04  -1.5942827298e-04   1.5300921939e-04
  Atom  13:  -3.5003482374e-05  -6.2975960904e-05   2.2123547156e-05
  Atom  14:  -1.1903874729e-04   2.6800899715e-05   1.8525931870e-05
  Atom  15:  -9.7115807316e-05   2.1995313412e-05  -2.2817245793e-05
[OPT] step = 0  energy = -63.1716362988  dE =               N/A  grad_max =  3.4204862681e-04  grad_rms =  1.3541811113e-04
[OPT] Geometry optimization did not converge in 1 steps.
Kylin-PBC Done.
Timer "Kylin-PBC main" used time: 24.40022 s.
