Kylin-PBC: v1.0.0

System time = 2026-09-30 19:56:09

OMP threads = 32

KYLIN_PBC_ROOT = "/home/rudin/code/kylin-pbc"
KYLIN_SCR_PATH = "/tmp"
KYLIN_JOB_PATH = "/home/rudin/tmp-review-ionic/BN16/full/c10"

SCF.xcfun                      = HSE06
SCF.basis                      = dzvp-sr
SCF.psudo                      = gth-pbe
SCF.kmesh                      = 1 1 1
SCF.gmesh                      = 5.0e-01
SCF.ispin                      = OFF
SCF.dspin                      = 0
SCF.eps_engy                   = 3.7e-09 [AU]
SCF.eps_grad                   = 1.0e-05 [AU]
SCF.eps_dmat                   = 1.0e-03
SCF.chk_load                   = 
SCF.chk_save                   = 
SCF.scf_guess                  = ATOM
SCF.max_cycle                  = 200
SCF.vdw_method                 = NONE
SCF.coul_method                = MGDF
SCF.xchg_method                = LSDF
SCF.xchg_exxocc                = OFF
SCF.xchg_exxace                = NONE
SCF.xchg_robust                = FULL
SCF.xchg_exxdiv                = EWALD
SCF.xchg_dropG0                = ON
SCF.lsdf_cparam                = 10
SCF.lsdf_mparam                = 5
SCF.lsdf_ipslct                = QRCP
SCF.lsdf_chocut                = 1.0e-08
SCF.lsdf_atmcut                = 2.5e+01
SCF.lsdf_aovcut                = 1.0e-07
SCF.lsdf_swzcut                = 0.0e+00
SCF.lsdf_pnocut                = 0.0e+00
SCF.lsdf_nafcut                = 0.0e+00
SCF.mgdf_ntasks                = 4
SCF.mgdf_kratio                = 3.0e+00
SCF.mgdf_cutoff                = 3.0e+02 [AU]
SCF.mgdf_relcut                = 3.0e+01
SCF.mgdf_prprec                = 1.0e-14
SCF.dmx_mix_method             = NONE
SCF.dmx_mix_start              = 1
SCF.dmx_mix_space              = 8
SCF.dmx_mix_alpha              = 3.0e-01
SCF.rho_mix_method             = NONE
SCF.rho_mix_start              = 1
SCF.rho_mix_space              = 8
SCF.rho_mix_alpha              = 3.0e-01
SCF.hks_mix_method             = BROY
SCF.hks_mix_start              = 1
SCF.hks_mix_space              = 8
SCF.hks_mix_alpha              = 3.0e-01
SCF.damp_factor                = 0.0e+00
SCF.level_shift                = 0.0e+00 [AU]
SCF.smear_method               = NONE
SCF.smear_sigma                = 0.0e+00 [AU]
SCF.soc                        = OFF
SCF.soc_window                 = 1.8e+00 [AU]
SCF.print_bandgap              = OFF
SCF.print_time                 = OFF

OPT.opt_method                 = BFGS
OPT.max_cycle                  = 1
OPT.eps_engy                   = 4.0e-06 [AU]
OPT.eps_grad                   = 4.0e-04 [AU]
OPT.trust_limit                = 3.0e-01 [AU]
OPT.damp_factor                = 0.0e+00
OPT.opt_mix_method             = NONE
OPT.opt_mix_start              = 1
OPT.opt_mix_space              = 5
OPT.opt_mix_alpha              = 3.0e-01
OPT.neb_method                 = FIRE
OPT.neb_lclimb                 = ON
OPT.neb_interp                 = IDPP
OPT.neb_nimage                 = 5
OPT.neb_spring                 = 1.0e-02 [AU]
OPT.neb_maxstep                = 7.6e-02 [AU]

PROP.calculation               = NONE
FREQ.freq_method               = FREE2
FREQ.fd_stepsize               = 2.8e-02 [AU]
DOS.dos_method                 = GAUSS
DOS.dos_sigma                  = 3.7e-03 [AU]
DOS.dos_npoint                 = 1001
DOS.dos_emin                   = 0.0e+00 [AU]
DOS.dos_emax                   = 0.0e+00 [AU]

OPT.mdx_ensemble               = NVE
OPT.mdx_thermostat             = NHC
OPT.mdx_max_step               = 0
OPT.mdx_timestep               = 4.0e+01 [AU]
OPT.mdx_temperature            = 9.5e-04 [AU]
OPT.mdx_pressure               = 0.0e+00 [AU]
OPT.mdx_thermo_tau             = 4.0e+03 [AU]
OPT.mdx_baro_tau               = 2.0e+04 [AU]
OPT.mdx_nhc_length             = 3
OPT.mdx_nhc_mts                = 3
OPT.mdx_constraint             = OFF
OPT.mdx_constraint_tol         = 1.0e-10
OPT.mdx_rng_seed               = 42

K-points mesh = 1 1 1

xc functional: "HSE06"
is hybrid: YES
HFX coeff: 0.25

Basis Set Name: "dzvp-sr"
number of shell = 48
number of basis = 208
gmesh = 44 44 87

Pseudopotential Name: "gth-pbe"
number of valence electron = 64

OPT Calculation.

==============================================================
                   Geometry Optimization                      
==============================================================
  method      = BFGS
  max_cycle   = 1
  eps_engy    = 4.000000e-06
  eps_grad    = 4.000000e-04
  trust_limit = 0.300000
  natom       = 16
  nfree       = 48 / 48
==============================================================

--------------------------------------------------------------
  OPT step 0
--------------------------------------------------------------
[OPT] Cell structure (Angstrom):
       3.61500000       0.00000000       0.00000000
       0.00000000       3.61500000       0.00000000
       0.00000000       0.00000000       7.23000000

Cart
B          0.00000000       0.00000000       0.00000000   T T T
B          0.10000000       1.85750000       1.83750000   T T T
B          1.80750000       0.00000000       1.80750000   T T T
B          1.80750000       1.80750000       0.00000000   T T T
N          0.90375000       0.90375000       0.90375000   T T T
N          0.90375000       2.71125000       2.71125000   T T T
N          2.71125000       0.90375000       2.71125000   T T T
N          2.71125000       2.71125000       0.90375000   T T T
B          0.00000000       0.00000000       3.61500000   T T T
B          0.00000000       1.80750000       5.42250000   T T T
B          1.80750000       0.00000000       5.42250000   T T T
B          1.80750000       1.80750000       3.61500000   T T T
N          0.90375000       0.90375000       4.51875000   T T T
N          0.90375000       2.71125000       6.32625000   T T T
N          2.71125000       0.90375000       6.32625000   T T T
N          2.71125000       2.71125000       4.51875000   T T T

[OPT] Cell written to /home/rudin/tmp-review-ionic/BN16/full/c10/opt_img/cell_opt_0.txt
[LSDF] gmesh = (44, 44, 87), ngrid = 168432, naofn = 208, natom = 16
Timer "[LSDF] Voronoi partition" used time: 0.004246 s.
Timer "[LSDF] AO evaluation + screening" used time: 0.555641 s.
[LSDF] IP method: randomized QRCP (c=10, m=5)
[LSDF] total IPs selected: 2160 (1.2824% of grid)
Timer "[LSDF] IP selection" used time: 0.270945 s.
Timer "[LSDF] aux basis fitting" used time: 0.059208 s.
[LSDF] Step 5 diagnostics: natom=16, ngrid=168432, naux_total=2160
[LSDF]   OMP threads=32, MKL threads=32
[LSDF]   Vmat_loc total size: 2160 x 168432 = 2.71 GB
Timer "[LSDF]   5a Vmat_loc alloc+FFT" used time: 0.262343 s.
[LSDF]   W size: 2160 x 2160 = 35.60 MB, max_npart=10885
Timer "[LSDF]   5b W construction (DGEMM)" used time: 0.064647 s.
Timer "[LSDF]   5c Wmat symmetrize" used time: 0.001808 s.
[LSDF]   robust_mode=FULL: keeping Vmat_loc (2.71 GB) in atom ordering
Timer "[LSDF] V/W construction" used time: 0.328851 s.
[LSDF] xchg phases: A=0.000 s, B(K_W)=0.002 s, C(K_V)=0.304 s, E(reduce)=0.001 s
[NELEC] step = 0  nelec = 64  neInt = 64.000000  dnelc =  2.2468498173e-09
[ENERG] step = 0  eTotl = -105.01606365  eCore = 18.41671619  eCoul = 12.41189606  eExcl = -30.51113539  eNucl = -105.33354051  eDisp = 0.00000000
[ERROR] step = 0  engy error =  0.0000000000e+00  grad error =  0.0000000000e+00  dmat error =  0.0000000000e+00
Timer "SCF cycle: 0" used time: 0.716715 s.

[LSDF] xchg phases: A=0.000 s, B(K_W)=0.002 s, C(K_V)=0.253 s, E(reduce)=0.001 s
[NELEC] step = 1  nelec = 64  neInt = 64.000000  dnelc =  2.9619826591e-09
[ENERG] step = 1  eTotl = -102.55388785  eCore = 16.50419983  eCoul = 16.77794436  eExcl = -30.50249153  eNucl = -105.33354051  eDisp = 0.00000000
[ERROR] step = 1  engy error =  2.4621757978e+00  grad error =  0.0000000000e+00  dmat error =  1.6189578090e+00
Timer "SCF cycle: 1" used time: 0.648628 s.

[LSDF] xchg phases: A=0.000 s, B(K_W)=0.002 s, C(K_V)=0.103 s, E(reduce)=0.001 s
[NELEC] step = 2  nelec = 64  neInt = 64.000000  dnelc =  3.0366749115e-09
[ENERG] step = 2  eTotl = -102.66283111  eCore = 17.32879466  eCoul = 15.51826055  eExcl = -30.17634580  eNucl = -105.33354051  eDisp = 0.00000000
[ERROR] step = 2  engy error = -1.0894325453e-01  grad error =  0.0000000000e+00  dmat error =  1.1233215417e-01
Timer "SCF cycle: 2" used time: 0.495860 s.

[LSDF] xchg phases: A=0.000 s, B(K_W)=0.002 s, C(K_V)=0.103 s, E(reduce)=0.001 s
[NELEC] step = 3  nelec = 64  neInt = 64.000000  dnelc =  3.0916567084e-09
[ENERG] step = 3  eTotl = -102.67398731  eCore = 18.22768705  eCoul = 14.29336307  eExcl = -29.86149692  eNucl = -105.33354051  eDisp = 0.00000000
[ERROR] step = 3  engy error = -1.1156202535e-02  grad error =  0.0000000000e+00  dmat error =  1.3471557568e-01
Timer "SCF cycle: 3" used time: 0.490980 s.

[LSDF] xchg phases: A=0.000 s, B(K_W)=0.002 s, C(K_V)=0.103 s, E(reduce)=0.001 s
[NELEC] step = 4  nelec = 64  neInt = 64.000000  dnelc =  3.1033096093e-09
[ENERG] step = 4  eTotl = -102.68430957  eCore = 17.90629482  eCoul = 14.71696991  eExcl = -29.97403379  eNucl = -105.33354051  eDisp = 0.00000000
[ERROR] step = 4  engy error = -1.0322263452e-02  grad error =  0.0000000000e+00  dmat error =  2.9121619444e-02
Timer "SCF cycle: 4" used time: 0.492121 s.

[LSDF] xchg phases: A=0.000 s, B(K_W)=0.002 s, C(K_V)=0.103 s, E(reduce)=0.001 s
[NELEC] step = 5  nelec = 64  neInt = 64.000000  dnelc =  3.1050433336e-09
[ENERG] step = 5  eTotl = -102.68494968  eCore = 17.80557795  eCoul = 14.85304561  eExcl = -30.01003272  eNucl = -105.33354051  eDisp = 0.00000000
[ERROR] step = 5  engy error = -6.4010116165e-04  grad error =  0.0000000000e+00  dmat error =  9.8497733387e-03
Timer "SCF cycle: 5" used time: 0.496563 s.

[LSDF] xchg phases: A=0.002 s, B(K_W)=0.007 s, C(K_V)=0.132 s, E(reduce)=0.001 s
[NELEC] step = 6  nelec = 64  neInt = 64.000000  dnelc =  3.1054128158e-09
[ENERG] step = 6  eTotl = -102.68495244  eCore = 17.80508823  eCoul = 14.85374809  eExcl = -30.01024826  eNucl = -105.33354051  eDisp = 0.00000000
[ERROR] step = 6  engy error = -2.7686891002e-06  grad error =  0.0000000000e+00  dmat error =  9.4519016014e-04
Timer "SCF cycle: 6" used time: 0.546559 s.

[LSDF] xchg phases: A=0.000 s, B(K_W)=0.002 s, C(K_V)=0.115 s, E(reduce)=0.001 s
[NELEC] step = 7  nelec = 64  neInt = 64.000000  dnelc =  3.1058959848e-09
[ENERG] step = 7  eTotl = -102.68495385  eCore = 17.80518135  eCoul = 14.85368473  eExcl = -30.01027942  eNucl = -105.33354051  eDisp = 0.00000000
[ERROR] step = 7  engy error = -1.4086176066e-06  grad error =  0.0000000000e+00  dmat error =  1.1931915266e-03
Timer "SCF cycle: 7" used time: 0.517364 s.

[NELEC] step = 8  nelec = 64  neInt = 64.000000  dnelc =  3.1060665151e-09
[ENERG] step = 8  eTotl = -102.68495390  eCore = 17.80536591  eCoul = 14.85344621  eExcl = -30.01022550  eNucl = -105.33354051  eDisp = 0.00000000
[ERROR] step = 8  engy error = -4.7137675097e-08  grad error =  0.0000000000e+00  dmat error =  1.7410766036e-04
Timer "SCF cycle: 8" used time: 0.498309 s.

[NELEC] step = 9  nelec = 64  neInt = 64.000000  dnelc =  3.1059244066e-09
[ENERG] step = 9  eTotl = -102.68495390  eCore = 17.80535729  eCoul = 14.85346109  eExcl = -30.01023177  eNucl = -105.33354051  eDisp = 0.00000000
[ERROR] step = 9  engy error = -3.9601246726e-09  grad error =  0.0000000000e+00  dmat error =  5.0357095762e-05
Timer "SCF cycle: 9" used time: 0.524463 s.

[NELEC] step = 10  nelec = 64  neInt = 64.000000  dnelc =  3.1058959848e-09
[ENERG] step = 10  eTotl = -102.68495390  eCore = 17.80534953  eCoul = 14.85347169  eExcl = -30.01023462  eNucl = -105.33354051  eDisp = 0.00000000
[ERROR] step = 10  engy error =  4.7072035159e-10  grad error =  0.0000000000e+00  dmat error =  3.2819395459e-06
SCF converged in 10 steps.
[LSDF] xchg_d10: ISDF-robust path (K_V + K_V~ - K_IP)
[GRADIENT] SCF type: GRKS | atoms: 16 | DOF: 48 | time: 32.492 s
  Atom   0:   5.9010389830e-03  -2.4598380917e-03  -2.2334845899e-03
  Atom   1:   6.6163162847e-02   3.7423862296e-02   2.5909937679e-02
  Atom   2:  -1.2280763924e-02  -6.0522382525e-03   4.1769004711e-03
  Atom   3:  -7.4774181650e-03   1.7595572004e-03  -1.9017247236e-03
  Atom   4:  -9.0195669168e-03  -3.4935527850e-03  -4.1773830791e-03
  Atom   5:  -2.1760051556e-02  -1.7044160324e-02  -1.2270387687e-02
  Atom   6:  -1.0467844290e-02  -7.8143718203e-03  -4.6620417113e-03
  Atom   7:  -9.7964376801e-03  -1.6958132488e-03  -3.8658211575e-03
  Atom   8:   7.6096381148e-03  -6.0780352118e-03  -1.9671067536e-03
  Atom   9:   2.1699875648e-03   1.0738239620e-03  -9.4380332511e-04
  Atom  10:  -2.1683192306e-03  -1.0964406540e-03  -1.1042615672e-03
  Atom  11:  -9.6767292557e-03   5.1636504646e-03  -2.3319051389e-03
  Atom  12:   4.0398421461e-04   6.9116413933e-05   2.0026350073e-03
  Atom  13:  -5.6227154420e-04  -6.2784981063e-04  -6.5596216280e-04
  Atom  14:  -5.5471500248e-05  -8.4376334162e-04   3.4034024149e-03
  Atom  15:   8.1451354668e-04   1.7956264488e-03   7.2471234844e-04
[OPT] step = 0  energy = -102.6849539035  dE =               N/A  grad_max =  6.6163162847e-02  grad_rms =  1.3193209696e-02
[OPT] Geometry optimization did not converge in 1 steps.
Kylin-PBC Done.
Timer "Kylin-PBC main" used time: 40.94474 s.
