Kylin-PBC: v1.0.0

System time = 2026-06-24 04:05:18

OMP threads = 32

KYLIN_PBC_ROOT = "/home/rudin/code/kylin-pbc"
KYLIN_SCR_PATH = "/tmp"
KYLIN_JOB_PATH = "/home/rudin/code/kylin-pbc/art/example/internal/MgO-PBE-k333-FTDF"

SCF.xcfun                      = PBE
SCF.basis                      = dzvp-sr
SCF.psudo                      = gth-pbe
SCF.kmesh                      = 3 3 3
SCF.gmesh                      = 6.0e-01
SCF.ispin                      = OFF
SCF.dspin                      = 0
SCF.eps_engy                   = 3.7e-09 [AU]
SCF.eps_grad                   = 1.0e-05 [AU]
SCF.eps_dmat                   = 1.0e-03
SCF.chk_load                   = 
SCF.chk_save                   = 
SCF.scf_guess                  = ATOM
SCF.max_cycle                  = 200
SCF.vdw_method                 = NONE
SCF.coul_method                = FTDF
SCF.xchg_method                = LSDF
SCF.xchg_exxocc                = OFF
SCF.xchg_exxace                = NONE
SCF.xchg_robust                = TILE
SCF.xchg_exxdiv                = NONE
SCF.lsdf_cparam                = 30
SCF.lsdf_mparam                = 5
SCF.lsdf_ipslct                = QRCP
SCF.lsdf_chocut                = 1.0e-08
SCF.lsdf_atmcut                = 2.5e+01
SCF.lsdf_aovcut                = 1.0e-07
SCF.lsdf_swzcut                = 0.0e+00
SCF.lsdf_pnocut                = 0.0e+00
SCF.lsdf_nafcut                = 0.0e+00
SCF.mgdf_ntasks                = 4
SCF.mgdf_kratio                = 3.0e+00
SCF.mgdf_cutoff                = 3.0e+02 [AU]
SCF.mgdf_relcut                = 3.0e+01
SCF.mgdf_prprec                = 1.0e-14
SCF.dmx_mix_method             = NONE
SCF.dmx_mix_start              = 1
SCF.dmx_mix_space              = 8
SCF.dmx_mix_alpha              = 3.0e-01
SCF.rho_mix_method             = NONE
SCF.rho_mix_start              = 1
SCF.rho_mix_space              = 8
SCF.rho_mix_alpha              = 3.0e-01
SCF.hks_mix_method             = BROY
SCF.hks_mix_start              = 1
SCF.hks_mix_space              = 8
SCF.hks_mix_alpha              = 3.0e-01
SCF.damp_factor                = 0.0e+00
SCF.level_shift                = 0.0e+00 [AU]
SCF.smear_method               = NONE
SCF.smear_sigma                = 0.0e+00 [AU]
SCF.soc                        = OFF
SCF.soc_window                 = 1.8e+00 [AU]
SCF.print_bandgap              = OFF
SCF.print_time                 = OFF

OPT.opt_method                 = BFGS
OPT.max_cycle                  = 0
OPT.eps_engy                   = 4.0e-06 [AU]
OPT.eps_grad                   = 4.0e-04 [AU]
OPT.trust_limit                = 3.0e-01 [AU]
OPT.damp_factor                = 0.0e+00
OPT.opt_mix_method             = NONE
OPT.opt_mix_start              = 1
OPT.opt_mix_space              = 5
OPT.opt_mix_alpha              = 3.0e-01
OPT.neb_method                 = FIRE
OPT.neb_lclimb                 = ON
OPT.neb_interp                 = IDPP
OPT.neb_nimage                 = 5
OPT.neb_spring                 = 1.0e-02 [AU]
OPT.neb_maxstep                = 7.6e-02 [AU]

PROP.calculation               = NONE
FREQ.freq_method               = FREE2
FREQ.fd_stepsize               = 2.8e-02 [AU]
DOS.dos_method                 = GAUSS
DOS.dos_sigma                  = 3.7e-03 [AU]
DOS.dos_npoint                 = 1001
DOS.dos_emin                   = 0.0e+00 [AU]
DOS.dos_emax                   = 0.0e+00 [AU]

OPT.mdx_ensemble               = NVE
OPT.mdx_thermostat             = NHC
OPT.mdx_max_step               = 0
OPT.mdx_timestep               = 4.0e+01 [AU]
OPT.mdx_temperature            = 9.5e-04 [AU]
OPT.mdx_pressure               = 0.0e+00 [AU]
OPT.mdx_thermo_tau             = 4.0e+03 [AU]
OPT.mdx_baro_tau               = 2.0e+04 [AU]
OPT.mdx_nhc_length             = 3
OPT.mdx_nhc_mts                = 3
OPT.mdx_constraint             = OFF
OPT.mdx_constraint_tol         = 1.0e-10
OPT.mdx_rng_seed               = 42

K-points mesh = 3 3 3

xc functional: "PBE"
is hybrid: NO

Basis Set Name: "dzvp-sr"
number of shell = 5
number of basis = 22
gmesh = 83 83 83

Pseudopotential Name: "gth-pbe"
number of valence electron = 16

SCF Calculation.
K sampling = 3 3 3
[IGUESS] MINAO initial guess done. naofn = 22  nkpot = 27
[NELEC] step = 0  nelec = 16  neInt = 9.640958  dnelc = -6.3590418113e+00
[ENERG] step = 0  eTotl = -71.65907881  eCore = -26.98865796  eCoul = 8.88495225  eExcl = -6.27503124  eNucl = -47.28034185  eDisp = 0.00000000
[ERROR] step = 0  engy error =  0.0000000000e+00  grad error =  0.0000000000e+00  dmat error =  0.0000000000e+00
Timer "SCF cycle: 0" used time: 16.20269 s.

[NELEC] step = 1  nelec = 16  neInt = 16.000000  dnelc =  9.0519591822e-11
[ENERG] step = 1  eTotl = -77.36476614  eCore = -48.49427652  eCoul = 32.53988504  eExcl = -14.13003282  eNucl = -47.28034185  eDisp = 0.00000000
[ERROR] step = 1  engy error = -5.7056873376e+00  grad error =  0.0000000000e+00  dmat error =  3.7047292821e+00
Timer "SCF cycle: 1" used time: 1.281813 s.

[NELEC] step = 2  nelec = 16  neInt = 16.000000  dnelc =  5.8669513692e-11
[ENERG] step = 2  eTotl = -78.97245519  eCore = -47.19876856  eCoul = 28.61785036  eExcl = -13.11119515  eNucl = -47.28034185  eDisp = 0.00000000
[ERROR] step = 2  engy error = -1.6076890505e+00  grad error =  0.0000000000e+00  dmat error =  1.9585158648e+00
Timer "SCF cycle: 2" used time: 1.205589 s.

[NELEC] step = 3  nelec = 16  neInt = 16.000000  dnelc =  3.3622882256e-11
[ENERG] step = 3  eTotl = -79.33819898  eCore = -45.38090370  eCoul = 25.69472277  eExcl = -12.37167621  eNucl = -47.28034185  eDisp = 0.00000000
[ERROR] step = 3  engy error = -3.6574378887e-01  grad error =  0.0000000000e+00  dmat error =  2.4852765709e+00
Timer "SCF cycle: 3" used time: 1.331283 s.

[NELEC] step = 4  nelec = 16  neInt = 16.000000  dnelc =  8.7538865046e-12
[ENERG] step = 4  eTotl = -79.41079404  eCore = -44.88570051  eCoul = 25.13625981  eExcl = -12.38101149  eNucl = -47.28034185  eDisp = 0.00000000
[ERROR] step = 4  engy error = -7.2595056426e-02  grad error =  0.0000000000e+00  dmat error =  6.7274426820e-01
Timer "SCF cycle: 4" used time: 1.196515 s.

[NELEC] step = 5  nelec = 16  neInt = 16.000000  dnelc =  7.4678041528e-12
[ENERG] step = 5  eTotl = -79.39257525  eCore = -44.94432458  eCoul = 25.25564363  eExcl = -12.42355244  eNucl = -47.28034185  eDisp = 0.00000000
[ERROR] step = 5  engy error =  1.8218793977e-02  grad error =  0.0000000000e+00  dmat error =  6.2994573197e-02
Timer "SCF cycle: 5" used time: 1.268303 s.

[NELEC] step = 6  nelec = 16  neInt = 16.000000  dnelc =  1.4399148540e-11
[ENERG] step = 6  eTotl = -79.42652805  eCore = -44.83613128  eCoul = 25.00373167  eExcl = -12.31378659  eNucl = -47.28034185  eDisp = 0.00000000
[ERROR] step = 6  engy error = -3.3952806541e-02  grad error =  0.0000000000e+00  dmat error =  2.6898859416e-01
Timer "SCF cycle: 6" used time: 1.153310 s.

[NELEC] step = 7  nelec = 16  neInt = 16.000000  dnelc =  1.2807532812e-11
[ENERG] step = 7  eTotl = -79.42671921  eCore = -44.75385701  eCoul = 24.90071367  eExcl = -12.29323402  eNucl = -47.28034185  eDisp = 0.00000000
[ERROR] step = 7  engy error = -1.9115426934e-04  grad error =  0.0000000000e+00  dmat error =  4.7287581799e-02
Timer "SCF cycle: 7" used time: 1.226855 s.

[NELEC] step = 8  nelec = 16  neInt = 16.000000  dnelc =  1.3315570868e-11
[ENERG] step = 8  eTotl = -79.42673361  eCore = -44.77305296  eCoul = 24.92311878  eExcl = -12.29645757  eNucl = -47.28034185  eDisp = 0.00000000
[ERROR] step = 8  engy error = -1.4399154296e-05  grad error =  0.0000000000e+00  dmat error =  1.4528717703e-02
Timer "SCF cycle: 8" used time: 1.205667 s.

[NELEC] step = 9  nelec = 16  neInt = 16.000000  dnelc =  1.3169909607e-11
[ENERG] step = 9  eTotl = -79.42673852  eCore = -44.76887597  eCoul = 24.91859124  eExcl = -12.29611194  eNucl = -47.28034185  eDisp = 0.00000000
[ERROR] step = 9  engy error = -4.9114293148e-06  grad error =  0.0000000000e+00  dmat error =  3.8930774935e-03
Timer "SCF cycle: 9" used time: 1.166942 s.

[NELEC] step = 10  nelec = 16  neInt = 16.000000  dnelc =  1.3177015035e-11
[ENERG] step = 10  eTotl = -79.42673882  eCore = -44.77065024  eCoul = 24.92099380  eExcl = -12.29674054  eNucl = -47.28034185  eDisp = 0.00000000
[ERROR] step = 10  engy error = -3.0807339613e-07  grad error =  0.0000000000e+00  dmat error =  1.8790566894e-03
Timer "SCF cycle: 10" used time: 1.190350 s.

[NELEC] step = 11  nelec = 16  neInt = 16.000000  dnelc =  1.3180567748e-11
[ENERG] step = 11  eTotl = -79.42673883  eCore = -44.77076364  eCoul = 24.92113618  eExcl = -12.29676951  eNucl = -47.28034185  eDisp = 0.00000000
[ERROR] step = 11  engy error = -9.3004359769e-10  grad error =  0.0000000000e+00  dmat error =  1.1994516186e-04
SCF converged in 11 steps.
Kylin-PBC Done.
Timer "Kylin-PBC main" used time: 89.21409 s.
