Kylin-PBC: v1.0.0

System time = 2026-10-01 11:50:25

OMP threads = 32

KYLIN_PBC_ROOT = "/home/rudin/code/kylin-pbc"
KYLIN_SCR_PATH = "/tmp"
KYLIN_JOB_PATH = "/home/rudin/tmp-review-nk/Si2-k444-FTDF"

SCF.xcfun                      = HSE06
SCF.basis                      = dzvp-sr
SCF.psudo                      = gth-pbe
SCF.kmesh                      = 4 4 4
SCF.gmesh                      = 6.0e-01
SCF.ispin                      = OFF
SCF.dspin                      = 0
SCF.eps_engy                   = 3.7e-09 [AU]
SCF.eps_grad                   = 1.0e-05 [AU]
SCF.eps_dmat                   = 1.0e-03
SCF.chk_load                   = 
SCF.chk_save                   = 
SCF.scf_guess                  = ATOM
SCF.max_cycle                  = 200
SCF.vdw_method                 = NONE
SCF.coul_method                = MGDF
SCF.xchg_method                = FTDF
SCF.xchg_exxocc                = OFF
SCF.xchg_exxace                = NONE
SCF.xchg_robust                = TILE
SCF.xchg_exxdiv                = EWALD
SCF.xchg_dropG0                = ON
SCF.lsdf_cparam                = 30
SCF.lsdf_mparam                = 5
SCF.lsdf_ipslct                = QRCP
SCF.lsdf_chocut                = 1.0e-08
SCF.lsdf_atmcut                = 2.5e+01
SCF.lsdf_aovcut                = 1.0e-07
SCF.lsdf_swzcut                = 0.0e+00
SCF.lsdf_pnocut                = 0.0e+00
SCF.lsdf_nafcut                = 0.0e+00
SCF.mgdf_ntasks                = 4
SCF.mgdf_kratio                = 3.0e+00
SCF.mgdf_cutoff                = 3.0e+02 [AU]
SCF.mgdf_relcut                = 3.0e+01
SCF.mgdf_prprec                = 1.0e-14
SCF.dmx_mix_method             = NONE
SCF.dmx_mix_start              = 1
SCF.dmx_mix_space              = 8
SCF.dmx_mix_alpha              = 3.0e-01
SCF.rho_mix_method             = NONE
SCF.rho_mix_start              = 1
SCF.rho_mix_space              = 8
SCF.rho_mix_alpha              = 3.0e-01
SCF.hks_mix_method             = BROY
SCF.hks_mix_start              = 1
SCF.hks_mix_space              = 8
SCF.hks_mix_alpha              = 3.0e-01
SCF.damp_factor                = 0.0e+00
SCF.level_shift                = 0.0e+00 [AU]
SCF.smear_method               = NONE
SCF.smear_sigma                = 0.0e+00 [AU]
SCF.soc                        = OFF
SCF.soc_window                 = 1.8e+00 [AU]
SCF.print_bandgap              = OFF
SCF.print_time                 = ON

OPT.opt_method                 = BFGS
OPT.max_cycle                  = 0
OPT.eps_engy                   = 4.0e-06 [AU]
OPT.eps_grad                   = 4.0e-04 [AU]
OPT.trust_limit                = 3.0e-01 [AU]
OPT.damp_factor                = 0.0e+00
OPT.opt_mix_method             = NONE
OPT.opt_mix_start              = 1
OPT.opt_mix_space              = 5
OPT.opt_mix_alpha              = 3.0e-01
OPT.neb_method                 = FIRE
OPT.neb_lclimb                 = ON
OPT.neb_interp                 = IDPP
OPT.neb_nimage                 = 5
OPT.neb_spring                 = 1.0e-02 [AU]
OPT.neb_maxstep                = 7.6e-02 [AU]

PROP.calculation               = NONE
FREQ.freq_method               = FREE2
FREQ.fd_stepsize               = 2.8e-02 [AU]
DOS.dos_method                 = GAUSS
DOS.dos_sigma                  = 3.7e-03 [AU]
DOS.dos_npoint                 = 1001
DOS.dos_emin                   = 0.0e+00 [AU]
DOS.dos_emax                   = 0.0e+00 [AU]

OPT.mdx_ensemble               = NVE
OPT.mdx_thermostat             = NHC
OPT.mdx_max_step               = 0
OPT.mdx_timestep               = 4.0e+01 [AU]
OPT.mdx_temperature            = 9.5e-04 [AU]
OPT.mdx_pressure               = 0.0e+00 [AU]
OPT.mdx_thermo_tau             = 4.0e+03 [AU]
OPT.mdx_baro_tau               = 2.0e+04 [AU]
OPT.mdx_nhc_length             = 3
OPT.mdx_nhc_mts                = 3
OPT.mdx_constraint             = OFF
OPT.mdx_constraint_tol         = 1.0e-10
OPT.mdx_rng_seed               = 42

K-points mesh = 4 4 4

xc functional: "HSE06"
is hybrid: YES
HFX coeff: 0.25

Basis Set Name: "dzvp-sr"
number of shell = 6
number of basis = 26
gmesh = 25 25 25

Pseudopotential Name: "gth-pbe"
number of valence electron = 8

SCF Calculation.
K sampling = 4 4 4
[IGUESS] MINAO initial guess done. naofn = 26  nkpot = 64
Timer "SCF::update_rhoR" used time: 0.049945 s.
Timer "SCF::update_rhoG" used time: 0.008638 s.
Timer "SCF::update_epsv" used time: 0.115402 s.
Timer "SCF::update_vhxc" used time: 0.180548 s.
Timer "SCF::update_xchg" used time: 18.91740 s.
Timer "SCF::update_engy" used time: 0.003561 s.
[NELEC] step = 0  nelec = 8  neInt = 8.164970  dnelc =  1.6497048647e-01
[ENERG] step = 0  eTotl = -7.81588121  eCore = 2.49863718  eCoul = 0.59631351  eExcl = -2.51839182  eNucl = -8.39244008  eDisp = 0.00000000
[ERROR] step = 0  engy error =  0.0000000000e+00  grad error =  0.0000000000e+00  dmat error =  0.0000000000e+00
Timer "SCF cycle: 0" used time: 19.30462 s.

Timer "SCF::solve_eigen" used time: 0.010563 s.
Timer "SCF::update_rhoR" used time: 0.058998 s.
Timer "SCF::update_rhoG" used time: 0.007608 s.
Timer "SCF::update_rhoG" used time: 0.007066 s.
Timer "SCF::update_epsv" used time: 0.113151 s.
Timer "SCF::update_vhxc" used time: 0.196815 s.
Timer "SCF::update_xchg" used time: 18.50630 s.
Timer "SCF::update_engy" used time: 0.002370 s.
[NELEC] step = 1  nelec = 8  neInt = 8.000000  dnelc = -1.0595968547e-12
[ENERG] step = 1  eTotl = -7.86166299  eCore = 2.41158382  eCoul = 0.52354371  eExcl = -2.40435043  eNucl = -8.39244008  eDisp = 0.00000000
[ERROR] step = 1  engy error = -4.5781782262e-02  grad error =  0.0000000000e+00  dmat error =  1.6065308018e+00
Timer "SCF cycle: 1" used time: 18.92023 s.

Timer "SCF::solve_eigen" used time: 0.009132 s.
Timer "SCF::update_rhoR" used time: 0.050223 s.
Timer "SCF::update_rhoG" used time: 0.008685 s.
Timer "SCF::update_rhoG" used time: 0.007060 s.
Timer "SCF::update_epsv" used time: 0.112990 s.
Timer "SCF::update_vhxc" used time: 0.177923 s.
Timer "SCF::update_xchg" used time: 18.25437 s.
Timer "SCF::update_engy" used time: 0.002303 s.
[NELEC] step = 2  nelec = 8  neInt = 8.000000  dnelc = -1.0667022821e-12
[ENERG] step = 2  eTotl = -7.86273909  eCore = 2.40546631  eCoul = 0.53308906  eExcl = -2.40885438  eNucl = -8.39244008  eDisp = 0.00000000
[ERROR] step = 2  engy error = -1.0761000475e-03  grad error =  0.0000000000e+00  dmat error =  2.1819959963e-02
Timer "SCF cycle: 2" used time: 18.63847 s.

Timer "SCF::solve_eigen" used time: 0.009297 s.
Timer "SCF::update_rhoR" used time: 0.049885 s.
Timer "SCF::update_rhoG" used time: 0.007340 s.
Timer "SCF::update_rhoG" used time: 0.007074 s.
Timer "SCF::update_epsv" used time: 0.112700 s.
Timer "SCF::update_vhxc" used time: 0.184297 s.
Timer "SCF::update_xchg" used time: 18.22852 s.
Timer "SCF::update_engy" used time: 0.001107 s.
[NELEC] step = 3  nelec = 8  neInt = 8.000000  dnelc = -1.0871303857e-12
[ENERG] step = 3  eTotl = -7.86372868  eCore = 2.39391829  eCoul = 0.55335192  eExcl = -2.41855881  eNucl = -8.39244008  eDisp = 0.00000000
[ERROR] step = 3  engy error = -9.8959229289e-04  grad error =  0.0000000000e+00  dmat error =  4.8463711186e-02
Timer "SCF cycle: 3" used time: 18.61490 s.

Timer "SCF::solve_eigen" used time: 0.009022 s.
Timer "SCF::update_rhoR" used time: 0.046966 s.
Timer "SCF::update_rhoG" used time: 0.007201 s.
Timer "SCF::update_rhoG" used time: 0.007039 s.
Timer "SCF::update_epsv" used time: 0.112548 s.
Timer "SCF::update_vhxc" used time: 0.192326 s.
Timer "SCF::update_xchg" used time: 18.43675 s.
Timer "SCF::update_engy" used time: 0.002247 s.
[NELEC] step = 4  nelec = 8  neInt = 8.000000  dnelc = -1.0809131368e-12
[ENERG] step = 4  eTotl = -7.86374426  eCore = 2.39516674  eCoul = 0.55150580  eExcl = -2.41797673  eNucl = -8.39244008  eDisp = 0.00000000
[ERROR] step = 4  engy error = -1.5582017829e-05  grad error =  0.0000000000e+00  dmat error =  1.1319470718e-02
Timer "SCF cycle: 4" used time: 18.83293 s.

Timer "SCF::solve_eigen" used time: 0.008221 s.
Timer "SCF::update_rhoR" used time: 0.050656 s.
Timer "SCF::update_rhoG" used time: 0.007255 s.
Timer "SCF::update_rhoG" used time: 0.007108 s.
Timer "SCF::update_epsv" used time: 0.113096 s.
Timer "SCF::update_vhxc" used time: 0.195425 s.
Timer "SCF::update_xchg" used time: 18.35818 s.
Timer "SCF::update_engy" used time: 0.001113 s.
[NELEC] step = 5  nelec = 8  neInt = 8.000000  dnelc = -1.0826894936e-12
[ENERG] step = 5  eTotl = -7.86374439  eCore = 2.39523601  eCoul = 0.55140662  eExcl = -2.41794694  eNucl = -8.39244008  eDisp = 0.00000000
[ERROR] step = 5  engy error = -1.3094278994e-07  grad error =  0.0000000000e+00  dmat error =  7.2945437181e-04
Timer "SCF cycle: 5" used time: 18.75953 s.

Timer "SCF::solve_eigen" used time: 0.008115 s.
Timer "SCF::update_rhoR" used time: 0.047311 s.
Timer "SCF::update_rhoG" used time: 0.007223 s.
Timer "SCF::update_rhoG" used time: 0.007175 s.
Timer "SCF::update_epsv" used time: 0.112503 s.
Timer "SCF::update_vhxc" used time: 0.189131 s.
Timer "SCF::update_xchg" used time: 18.17792 s.
Timer "SCF::update_engy" used time: 0.001119 s.
[NELEC] step = 6  nelec = 8  neInt = 8.000000  dnelc = -1.0809131368e-12
[ENERG] step = 6  eTotl = -7.86374443  eCore = 2.39521217  eCoul = 0.55146083  eExcl = -2.41797735  eNucl = -8.39244008  eDisp = 0.00000000
[ERROR] step = 6  engy error = -3.6717273666e-08  grad error =  0.0000000000e+00  dmat error =  3.4526234501e-04
Timer "SCF cycle: 6" used time: 18.57063 s.

Timer "SCF::solve_eigen" used time: 0.008097 s.
Timer "SCF::update_rhoR" used time: 0.047028 s.
Timer "SCF::update_rhoG" used time: 0.007184 s.
Timer "SCF::update_rhoG" used time: 0.007040 s.
Timer "SCF::update_epsv" used time: 0.112591 s.
Timer "SCF::update_vhxc" used time: 0.192021 s.
Timer "SCF::update_xchg" used time: 18.12384 s.
Timer "SCF::update_engy" used time: 0.001107 s.
[NELEC] step = 7  nelec = 8  neInt = 8.000000  dnelc = -1.0835776720e-12
[ENERG] step = 7  eTotl = -7.86374443  eCore = 2.39521391  eCoul = 0.55146341  eExcl = -2.41798168  eNucl = -8.39244008  eDisp = 0.00000000
[ERROR] step = 7  engy error = -3.0744216062e-09  grad error =  0.0000000000e+00  dmat error =  1.4916162948e-04
SCF converged in 7 steps.
Kylin-PBC Done.
Timer "Kylin-PBC main" used time: 150.7560 s.
