[MGDF_DIAG] gmesh = 63 63 123  (ngrid=488187)
[MGDF_DIAG] level 0  mesh=13 13 25  ngrid=4225  tasks=63563
[MGDF_DIAG] level 1  mesh=23 23 43  ngrid=22747  tasks=20701
[MGDF_DIAG] level 2  mesh=37 37 71  ngrid=97199  tasks=15077
[MGDF_DIAG] level 3  mesh=63 63 123  ngrid=488187  tasks=11852
[MGDF_DIAG] atom_pairs_kept=111193  rejected: atom=84740 set=0 pgf=554483 radius=224
[MGDF_DIAG] max_pair_radius=24.3329  max_pgf_rcut=20.6046  total_pairs=111193  precision_colloc=1e-14  precision_screen=1e-07
OMP: Warning #226: KMP_AFFINITY must be set prior to first parallel region or certain API calls; ignored.
  [bwd-lev0] integ=0.104983s  tasks=63563  us/pair=52.8523  grid=0.0322342MB
  [bwd-lev1] integ=0.0177069s  tasks=20701  us/pair=27.3716  grid=0.173546MB
  [bwd-lev2] integ=0.011548s  tasks=15077  us/pair=24.51  grid=0.74157MB
  [bwd-lev3] integ=0.00752807s  tasks=11852  us/pair=20.3255  grid=3.72457MB
  [bwd] fft=0.0153708s  integ=0.141766s  reduce=2.7895e-05s
  [fwd-lev0] colloc=0.130271s  tasks=63563  us/pair=65.5834  grid=0.0322342MB
  [fwd-lev1] colloc=0.01634s  tasks=20701  us/pair=25.2587  grid=0.173546MB
  [fwd-lev2] colloc=0.0091908s  tasks=15077  us/pair=19.5069  grid=0.74157MB
  [fwd-lev3] colloc=0.0075891s  tasks=11852  us/pair=20.4903  grid=3.72457MB
  [fwd] colloc=0.163391s  reduce=0.000632763s  fft=0.00870204s
  [bwd-lev0] integ=0.215369s  tasks=63563  us/pair=108.425  grid=0.0322342MB
  [bwd-lev1] integ=0.0217781s  tasks=20701  us/pair=33.665  grid=0.173546MB
  [bwd-lev2] integ=0.0131001s  tasks=15077  us/pair=27.8043  grid=0.74157MB
  [bwd-lev3] integ=0.00817108s  tasks=11852  us/pair=22.0616  grid=3.72457MB
  [bwd] fft=0.0124469s  integ=0.258418s  reduce=3.00407e-05s
  [fwd-lev0] colloc=0.130929s  tasks=63563  us/pair=65.9146  grid=0.0322342MB
  [fwd-lev1] colloc=0.0163131s  tasks=20701  us/pair=25.2171  grid=0.173546MB
  [fwd-lev2] colloc=0.00886893s  tasks=15077  us/pair=18.8238  grid=0.74157MB
  [fwd-lev3] colloc=0.00605607s  tasks=11852  us/pair=16.3512  grid=3.72457MB
  [fwd] colloc=0.162167s  reduce=0.000651836s  fft=0.00865078s
  [bwd-lev0] integ=0.212434s  tasks=63563  us/pair=106.947  grid=0.0322342MB
  [bwd-lev1] integ=0.022119s  tasks=20701  us/pair=34.192  grid=0.173546MB
  [bwd-lev2] integ=0.0132461s  tasks=15077  us/pair=28.1139  grid=0.74157MB
  [bwd-lev3] integ=0.00824499s  tasks=11852  us/pair=22.2612  grid=3.72457MB
  [bwd] fft=0.012501s  integ=0.256044s  reduce=2.7895e-05s
  [fwd-lev0] colloc=0.130536s  tasks=63563  us/pair=65.7166  grid=0.0322342MB
  [fwd-lev1] colloc=0.0163319s  tasks=20701  us/pair=25.2462  grid=0.173546MB
  [fwd-lev2] colloc=0.00888586s  tasks=15077  us/pair=18.8597  grid=0.74157MB
  [fwd-lev3] colloc=0.00604296s  tasks=11852  us/pair=16.3158  grid=3.72457MB
  [fwd] colloc=0.161797s  reduce=0.00063014s  fft=0.00862002s
  [bwd-lev0] integ=0.204637s  tasks=63563  us/pair=103.022  grid=0.0322342MB
  [bwd-lev1] integ=0.0216529s  tasks=20701  us/pair=33.4715  grid=0.173546MB
  [bwd-lev2] integ=0.0131118s  tasks=15077  us/pair=27.829  grid=0.74157MB
  [bwd-lev3] integ=0.00818491s  tasks=11852  us/pair=22.099  grid=3.72457MB
  [bwd] fft=0.01702s  integ=0.247587s  reduce=4.98295e-05s
  [fwd-lev0] colloc=0.130438s  tasks=63563  us/pair=65.6673  grid=0.0322342MB
  [fwd-lev1] colloc=0.0162821s  tasks=20701  us/pair=25.1692  grid=0.173546MB
  [fwd-lev2] colloc=0.00884414s  tasks=15077  us/pair=18.7711  grid=0.74157MB
  [fwd-lev3] colloc=0.00786805s  tasks=11852  us/pair=21.2435  grid=3.72457MB
  [fwd] colloc=0.163432s  reduce=0.000622034s  fft=0.00899959s
  [bwd-lev0] integ=0.215295s  tasks=63563  us/pair=108.388  grid=0.0322342MB
  [bwd-lev1] integ=0.0217941s  tasks=20701  us/pair=33.6897  grid=0.173546MB
  [bwd-lev2] integ=0.01299s  tasks=15077  us/pair=27.5705  grid=0.74157MB
  [bwd-lev3] integ=0.00813699s  tasks=11852  us/pair=21.9696  grid=3.72457MB
  [bwd] fft=0.0124199s  integ=0.258216s  reduce=3.09944e-05s
  [fwd-lev0] colloc=0.130351s  tasks=63563  us/pair=65.6235  grid=0.0322342MB
  [fwd-lev1] colloc=0.0163162s  tasks=20701  us/pair=25.2219  grid=0.173546MB
  [fwd-lev2] colloc=0.00886106s  tasks=15077  us/pair=18.8071  grid=0.74157MB
  [fwd-lev3] colloc=0.0060358s  tasks=11852  us/pair=16.2965  grid=3.72457MB
  [fwd] colloc=0.161564s  reduce=0.000625372s  fft=0.00863481s
  [bwd-lev0] integ=0.217016s  tasks=63563  us/pair=109.254  grid=0.0322342MB
  [bwd-lev1] integ=0.0217459s  tasks=20701  us/pair=33.6153  grid=0.173546MB
  [bwd-lev2] integ=0.0130389s  tasks=15077  us/pair=27.6742  grid=0.74157MB
  [bwd-lev3] integ=0.008183s  tasks=11852  us/pair=22.0938  grid=3.72457MB
  [bwd] fft=0.0118494s  integ=0.259984s  reduce=2.81334e-05s
  [fwd-lev0] colloc=0.130468s  tasks=63563  us/pair=65.6824  grid=0.0322342MB
  [fwd-lev1] colloc=0.016315s  tasks=20701  us/pair=25.22  grid=0.173546MB
  [fwd-lev2] colloc=0.00887895s  tasks=15077  us/pair=18.845  grid=0.74157MB
  [fwd-lev3] colloc=0.00603294s  tasks=11852  us/pair=16.2887  grid=3.72457MB
  [fwd] colloc=0.161695s  reduce=0.00062108s  fft=0.0086s
  [bwd-lev0] integ=0.223871s  tasks=63563  us/pair=112.705  grid=0.0322342MB
  [bwd-lev1] integ=0.0221782s  tasks=20701  us/pair=34.2834  grid=0.173546MB
  [bwd-lev2] integ=0.0131941s  tasks=15077  us/pair=28.0036  grid=0.74157MB
  [bwd-lev3] integ=0.00846601s  tasks=11852  us/pair=22.8579  grid=3.72457MB
  [bwd] fft=0.0119488s  integ=0.267709s  reduce=4.1008e-05s
  [fwd-lev0] colloc=0.133655s  tasks=63563  us/pair=67.287  grid=0.0322342MB
  [fwd-lev1] colloc=0.016459s  tasks=20701  us/pair=25.4426  grid=0.173546MB
  [fwd-lev2] colloc=0.00891185s  tasks=15077  us/pair=18.9148  grid=0.74157MB
  [fwd-lev3] colloc=0.00608706s  tasks=11852  us/pair=16.4349  grid=3.72457MB
  [fwd] colloc=0.165113s  reduce=0.000650883s  fft=0.00858021s
  [bwd-lev0] integ=0.214979s  tasks=63563  us/pair=108.228  grid=0.0322342MB
  [bwd-lev1] integ=0.0218189s  tasks=20701  us/pair=33.728  grid=0.173546MB
  [bwd-lev2] integ=0.0132051s  tasks=15077  us/pair=28.0269  grid=0.74157MB
  [bwd-lev3] integ=0.00826883s  tasks=11852  us/pair=22.3256  grid=3.72457MB
  [bwd] fft=0.0126209s  integ=0.258272s  reduce=2.81334e-05s
  [fwd-lev0] colloc=0.13035s  tasks=63563  us/pair=65.6231  grid=0.0322342MB
  [fwd-lev1] colloc=0.0163229s  tasks=20701  us/pair=25.2322  grid=0.173546MB
  [fwd-lev2] colloc=0.00890017s  tasks=15077  us/pair=18.8901  grid=0.74157MB
  [fwd-lev3] colloc=0.00606108s  tasks=11852  us/pair=16.3647  grid=3.72457MB
  [fwd] colloc=0.161634s  reduce=0.000645876s  fft=0.00862408s
  [bwd-lev0] integ=0.215974s  tasks=63563  us/pair=108.729  grid=0.0322342MB
  [bwd-lev1] integ=0.0219588s  tasks=20701  us/pair=33.9444  grid=0.173546MB
  [bwd-lev2] integ=0.0131998s  tasks=15077  us/pair=28.0158  grid=0.74157MB
  [bwd-lev3] integ=0.00825596s  tasks=11852  us/pair=22.2908  grid=3.72457MB
  [bwd] fft=0.0131161s  integ=0.259389s  reduce=2.7895e-05s
  [fwd-lev0] colloc=0.130678s  tasks=63563  us/pair=65.7883  grid=0.0322342MB
  [fwd-lev1] colloc=0.0163441s  tasks=20701  us/pair=25.265  grid=0.173546MB
  [fwd-lev2] colloc=0.00889492s  tasks=15077  us/pair=18.8789  grid=0.74157MB
  [fwd-lev3] colloc=0.00603199s  tasks=11852  us/pair=16.2862  grid=3.72457MB
  [fwd] colloc=0.161949s  reduce=0.000636816s  fft=0.00859618s
  [bwd-lev0] integ=0.216751s  tasks=63563  us/pair=109.121  grid=0.0322342MB
  [bwd-lev1] integ=0.0223448s  tasks=20701  us/pair=34.5411  grid=0.173546MB
  [bwd-lev2] integ=0.013253s  tasks=15077  us/pair=28.1286  grid=0.74157MB
  [bwd-lev3] integ=0.00837708s  tasks=11852  us/pair=22.6178  grid=3.72457MB
  [bwd] fft=0.013577s  integ=0.260726s  reduce=3.31402e-05s
  [fwd-lev0] colloc=0.129598s  tasks=63563  us/pair=65.2446  grid=0.0322342MB
  [fwd-lev1] colloc=0.016283s  tasks=20701  us/pair=25.1706  grid=0.173546MB
  [fwd-lev2] colloc=0.0087471s  tasks=15077  us/pair=18.5652  grid=0.74157MB
  [fwd-lev3] colloc=0.00639296s  tasks=11852  us/pair=17.2608  grid=3.72457MB
  [fwd] colloc=0.161021s  reduce=0.000901699s  fft=0.00985694s
