Kylin-PBC: v1.0.0

System time = 2026-06-23 22:07:45

OMP threads = 32

KYLIN_PBC_ROOT = "/home/rudin/code/kylin-pbc"
KYLIN_SCR_PATH = "/nvme"
KYLIN_JOB_PATH = "/home/rudin/code/kylin-pbc/art/example/extern/MgO-PBE-gamma-kylin-MGDF"

SCF.xcfun                      = PBE
SCF.basis                      = dzvp-sr
SCF.psudo                      = gth-pbe
SCF.kmesh                      = 1 1 1
SCF.gmesh                      = 6.0e-01
SCF.ispin                      = OFF
SCF.dspin                      = 0
SCF.eps_engy                   = 3.7e-09 [AU]
SCF.eps_grad                   = 1.0e-05 [AU]
SCF.eps_dmat                   = 1.0e-03
SCF.chk_load                   = 
SCF.chk_save                   = 
SCF.scf_guess                  = ATOM
SCF.max_cycle                  = 200
SCF.vdw_method                 = NONE
SCF.coul_method                = MGDF
SCF.xchg_method                = LSDF
SCF.xchg_exxocc                = OFF
SCF.xchg_exxace                = NONE
SCF.xchg_robust                = TILE
SCF.xchg_exxdiv                = NONE
SCF.lsdf_cparam                = 30
SCF.lsdf_mparam                = 5
SCF.lsdf_ipslct                = QRCP
SCF.lsdf_chocut                = 1.0e-08
SCF.lsdf_atmcut                = 2.5e+01
SCF.lsdf_aovcut                = 1.0e-07
SCF.lsdf_swzcut                = 0.0e+00
SCF.lsdf_pnocut                = 0.0e+00
SCF.lsdf_nafcut                = 0.0e+00
SCF.mgdf_ntasks                = 4
SCF.mgdf_kratio                = 3.0e+00
SCF.mgdf_cutoff                = 3.0e+02 [AU]
SCF.mgdf_relcut                = 3.0e+01
SCF.mgdf_prprec                = 1.0e-14
SCF.dmx_mix_method             = NONE
SCF.dmx_mix_start              = 1
SCF.dmx_mix_space              = 8
SCF.dmx_mix_alpha              = 3.0e-01
SCF.rho_mix_method             = NONE
SCF.rho_mix_start              = 1
SCF.rho_mix_space              = 8
SCF.rho_mix_alpha              = 3.0e-01
SCF.hks_mix_method             = BROY
SCF.hks_mix_start              = 1
SCF.hks_mix_space              = 8
SCF.hks_mix_alpha              = 3.0e-01
SCF.damp_factor                = 0.0e+00
SCF.level_shift                = 0.0e+00 [AU]
SCF.smear_method               = NONE
SCF.smear_sigma                = 0.0e+00 [AU]
SCF.soc                        = OFF
SCF.soc_window                 = 1.8e+00 [AU]
SCF.print_bandgap              = ON
SCF.print_time                 = OFF

OPT.opt_method                 = BFGS
OPT.max_cycle                  = 0
OPT.eps_engy                   = 4.0e-06 [AU]
OPT.eps_grad                   = 4.0e-04 [AU]
OPT.trust_limit                = 3.0e-01 [AU]
OPT.damp_factor                = 0.0e+00
OPT.opt_mix_method             = NONE
OPT.opt_mix_start              = 1
OPT.opt_mix_space              = 5
OPT.opt_mix_alpha              = 3.0e-01
OPT.neb_method                 = FIRE
OPT.neb_lclimb                 = ON
OPT.neb_interp                 = IDPP
OPT.neb_nimage                 = 5
OPT.neb_spring                 = 1.0e-02 [AU]
OPT.neb_maxstep                = 7.6e-02 [AU]

PROP.calculation               = NONE
FREQ.freq_method               = FREE2
FREQ.fd_stepsize               = 2.8e-02 [AU]
DOS.dos_method                 = GAUSS
DOS.dos_sigma                  = 3.7e-03 [AU]
DOS.dos_npoint                 = 1001
DOS.dos_emin                   = 0.0e+00 [AU]
DOS.dos_emax                   = 0.0e+00 [AU]

OPT.mdx_ensemble               = NVE
OPT.mdx_thermostat             = NHC
OPT.mdx_max_step               = 0
OPT.mdx_timestep               = 4.0e+01 [AU]
OPT.mdx_temperature            = 9.5e-04 [AU]
OPT.mdx_pressure               = 0.0e+00 [AU]
OPT.mdx_thermo_tau             = 4.0e+03 [AU]
OPT.mdx_baro_tau               = 2.0e+04 [AU]
OPT.mdx_nhc_length             = 3
OPT.mdx_nhc_mts                = 3
OPT.mdx_constraint             = OFF
OPT.mdx_constraint_tol         = 1.0e-10
OPT.mdx_rng_seed               = 42

K-points mesh = 1 1 1

xc functional: "PBE"
is hybrid: NO

Basis Set Name: "dzvp-sr"
number of shell = 5
number of basis = 22
gmesh = 83 83 83

Pseudopotential Name: "gth-pbe"
number of valence electron = 16

SCF Calculation.
Gamma point
[NELEC] step = 0  nelec = 16  neInt = 16.000000  dnelc = -5.7813487331e-10
[ENERG] step = 0  eTotl = -72.73854824  eCore = -24.60693119  eCoul = 8.19862482  eExcl = -9.00237465  eNucl = -47.32786722  eDisp = 0.00000000
[ERROR] step = 0  engy error =  0.0000000000e+00  grad error =  0.0000000000e+00  dmat error =  0.0000000000e+00
Timer "SCF cycle: 0" used time: 0.593546 s.

[NELEC] step = 1  nelec = 16  neInt = 16.000000  dnelc = -8.5372754199e-08
[ENERG] step = 1  eTotl = -77.21039002  eCore = -48.61704628  eCoul = 32.95181144  eExcl = -14.21728796  eNucl = -47.32786722  eDisp = 0.00000000
[ERROR] step = 1  engy error = -4.4718417850e+00  grad error =  0.0000000000e+00  dmat error =  1.8280414100e+00
Timer "SCF cycle: 1" used time: 0.330808 s.

[NELEC] step = 2  nelec = 16  neInt = 16.000000  dnelc = -8.0146854486e-08
[ENERG] step = 2  eTotl = -78.50076090  eCore = -47.43007112  eCoul = 29.65708333  eExcl = -13.39990590  eNucl = -47.32786722  eDisp = 0.00000000
[ERROR] step = 2  engy error = -1.2903708803e+00  grad error =  0.0000000000e+00  dmat error =  6.7087642575e-01
Timer "SCF cycle: 2" used time: 0.322695 s.

[NELEC] step = 3  nelec = 16  neInt = 16.000000  dnelc = -3.9664371343e-08
[ENERG] step = 3  eTotl = -78.96757335  eCore = -44.91207180  eCoul = 25.74612271  eExcl = -12.47375704  eNucl = -47.32786722  eDisp = 0.00000000
[ERROR] step = 3  engy error = -4.6681244294e-01  grad error =  0.0000000000e+00  dmat error =  7.0624938973e-01
Timer "SCF cycle: 3" used time: 0.322609 s.

[NELEC] step = 4  nelec = 16  neInt = 16.000000  dnelc = -1.8685655689e-08
[ENERG] step = 4  eTotl = -79.02953640  eCore = -44.86840339  eCoul = 25.74290403  eExcl = -12.57616982  eNucl = -47.32786722  eDisp = 0.00000000
[ERROR] step = 4  engy error = -6.1963050118e-02  grad error =  0.0000000000e+00  dmat error =  2.5607603158e-01
Timer "SCF cycle: 4" used time: 0.322288 s.

[NELEC] step = 5  nelec = 16  neInt = 16.000000  dnelc = -1.8208773156e-08
[ENERG] step = 5  eTotl = -79.03554023  eCore = -44.71916157  eCoul = 25.53154603  eExcl = -12.52005746  eNucl = -47.32786722  eDisp = 0.00000000
[ERROR] step = 5  engy error = -6.0038289864e-03  grad error =  0.0000000000e+00  dmat error =  4.9198913980e-02
Timer "SCF cycle: 5" used time: 0.321542 s.

[NELEC] step = 6  nelec = 16  neInt = 16.000000  dnelc = -2.0829661551e-08
[ENERG] step = 6  eTotl = -79.03611569  eCore = -44.76048783  eCoul = 25.56563800  eExcl = -12.51339864  eNucl = -47.32786722  eDisp = 0.00000000
[ERROR] step = 6  engy error = -5.7546209932e-04  grad error =  0.0000000000e+00  dmat error =  4.4395544541e-02
Timer "SCF cycle: 6" used time: 0.321213 s.

[NELEC] step = 7  nelec = 16  neInt = 16.000000  dnelc = -1.8437638971e-08
[ENERG] step = 7  eTotl = -79.03661349  eCore = -44.67833220  eCoul = 25.46837575  eExcl = -12.49878982  eNucl = -47.32786722  eDisp = 0.00000000
[ERROR] step = 7  engy error = -4.9780261925e-04  grad error =  0.0000000000e+00  dmat error =  3.7204809076e-02
Timer "SCF cycle: 7" used time: 0.322184 s.

[NELEC] step = 8  nelec = 16  neInt = 16.000000  dnelc = -1.8795136114e-08
[ENERG] step = 8  eTotl = -79.03662661  eCore = -44.69186984  eCoul = 25.48447924  eExcl = -12.50136879  eNucl = -47.32786722  eDisp = 0.00000000
[ERROR] step = 8  engy error = -1.3121794524e-05  grad error =  0.0000000000e+00  dmat error =  5.7891523316e-03
Timer "SCF cycle: 8" used time: 0.321634 s.

[NELEC] step = 9  nelec = 16  neInt = 16.000000  dnelc = -1.8763797627e-08
[ENERG] step = 9  eTotl = -79.03662671  eCore = -44.69080578  eCoul = 25.48320917  eExcl = -12.50116287  eNucl = -47.32786722  eDisp = 0.00000000
[ERROR] step = 9  engy error = -9.4971539966e-08  grad error =  0.0000000000e+00  dmat error =  4.4439791940e-04
Timer "SCF cycle: 9" used time: 0.325765 s.

[NELEC] step = 10  nelec = 16  neInt = 16.000000  dnelc = -1.8760266229e-08
[ENERG] step = 10  eTotl = -79.03662671  eCore = -44.69069810  eCoul = 25.48308509  eExcl = -12.50114647  eNucl = -47.32786722  eDisp = 0.00000000
[ERROR] step = 10  engy error =  1.0244889381e-09  grad error =  0.0000000000e+00  dmat error =  5.2840856160e-05
SCF converged in 10 steps.

  Band Gap Analysis (per k-point)
  k-pt    spin         HOMO (eV)       LUMO (eV)        Gap (eV)
  -----------------------------------------------------------
  0       0            11.106325       14.277769        3.171444
  -----------------------------------------------------------
  VBM =      11.106325 eV    CBM =      14.277769 eV    Band Gap =       3.171444 eV

Kylin-PBC Done.
Timer "Kylin-PBC main" used time: 5.185234 s.
