Kylin-PBC: v1.0.0

System time = 2026-09-30 19:39:01

OMP threads = 32

KYLIN_PBC_ROOT = "/home/rudin/code/kylin-pbc"
KYLIN_SCR_PATH = "/tmp"
KYLIN_JOB_PATH = "/home/rudin/tmp-review-ionic/Si16/none/c20"

SCF.xcfun                      = HSE06
SCF.basis                      = dzvp-sr
SCF.psudo                      = gth-pbe
SCF.kmesh                      = 1 1 1
SCF.gmesh                      = 5.0e-01
SCF.ispin                      = OFF
SCF.dspin                      = 0
SCF.eps_engy                   = 3.7e-09 [AU]
SCF.eps_grad                   = 1.0e-05 [AU]
SCF.eps_dmat                   = 1.0e-03
SCF.chk_load                   = 
SCF.chk_save                   = 
SCF.scf_guess                  = ATOM
SCF.max_cycle                  = 200
SCF.vdw_method                 = NONE
SCF.coul_method                = MGDF
SCF.xchg_method                = LSDF
SCF.xchg_exxocc                = OFF
SCF.xchg_exxace                = NONE
SCF.xchg_robust                = NONE
SCF.xchg_exxdiv                = EWALD
SCF.xchg_dropG0                = ON
SCF.lsdf_cparam                = 20
SCF.lsdf_mparam                = 5
SCF.lsdf_ipslct                = QRCP
SCF.lsdf_chocut                = 1.0e-08
SCF.lsdf_atmcut                = 2.5e+01
SCF.lsdf_aovcut                = 1.0e-07
SCF.lsdf_swzcut                = 0.0e+00
SCF.lsdf_pnocut                = 0.0e+00
SCF.lsdf_nafcut                = 0.0e+00
SCF.mgdf_ntasks                = 4
SCF.mgdf_kratio                = 3.0e+00
SCF.mgdf_cutoff                = 3.0e+02 [AU]
SCF.mgdf_relcut                = 3.0e+01
SCF.mgdf_prprec                = 1.0e-14
SCF.dmx_mix_method             = NONE
SCF.dmx_mix_start              = 1
SCF.dmx_mix_space              = 8
SCF.dmx_mix_alpha              = 3.0e-01
SCF.rho_mix_method             = NONE
SCF.rho_mix_start              = 1
SCF.rho_mix_space              = 8
SCF.rho_mix_alpha              = 3.0e-01
SCF.hks_mix_method             = BROY
SCF.hks_mix_start              = 1
SCF.hks_mix_space              = 8
SCF.hks_mix_alpha              = 3.0e-01
SCF.damp_factor                = 0.0e+00
SCF.level_shift                = 0.0e+00 [AU]
SCF.smear_method               = NONE
SCF.smear_sigma                = 0.0e+00 [AU]
SCF.soc                        = OFF
SCF.soc_window                 = 1.8e+00 [AU]
SCF.print_bandgap              = OFF
SCF.print_time                 = OFF

OPT.opt_method                 = BFGS
OPT.max_cycle                  = 1
OPT.eps_engy                   = 4.0e-06 [AU]
OPT.eps_grad                   = 4.0e-04 [AU]
OPT.trust_limit                = 3.0e-01 [AU]
OPT.damp_factor                = 0.0e+00
OPT.opt_mix_method             = NONE
OPT.opt_mix_start              = 1
OPT.opt_mix_space              = 5
OPT.opt_mix_alpha              = 3.0e-01
OPT.neb_method                 = FIRE
OPT.neb_lclimb                 = ON
OPT.neb_interp                 = IDPP
OPT.neb_nimage                 = 5
OPT.neb_spring                 = 1.0e-02 [AU]
OPT.neb_maxstep                = 7.6e-02 [AU]

PROP.calculation               = NONE
FREQ.freq_method               = FREE2
FREQ.fd_stepsize               = 2.8e-02 [AU]
DOS.dos_method                 = GAUSS
DOS.dos_sigma                  = 3.7e-03 [AU]
DOS.dos_npoint                 = 1001
DOS.dos_emin                   = 0.0e+00 [AU]
DOS.dos_emax                   = 0.0e+00 [AU]

OPT.mdx_ensemble               = NVE
OPT.mdx_thermostat             = NHC
OPT.mdx_max_step               = 0
OPT.mdx_timestep               = 4.0e+01 [AU]
OPT.mdx_temperature            = 9.5e-04 [AU]
OPT.mdx_pressure               = 0.0e+00 [AU]
OPT.mdx_thermo_tau             = 4.0e+03 [AU]
OPT.mdx_baro_tau               = 2.0e+04 [AU]
OPT.mdx_nhc_length             = 3
OPT.mdx_nhc_mts                = 3
OPT.mdx_constraint             = OFF
OPT.mdx_constraint_tol         = 1.0e-10
OPT.mdx_rng_seed               = 42

K-points mesh = 1 1 1

xc functional: "HSE06"
is hybrid: YES
HFX coeff: 0.25

Basis Set Name: "dzvp-sr"
number of shell = 48
number of basis = 208
gmesh = 29 29 57

Pseudopotential Name: "gth-pbe"
number of valence electron = 64

OPT Calculation.

==============================================================
                   Geometry Optimization                      
==============================================================
  method      = BFGS
  max_cycle   = 1
  eps_engy    = 4.000000e-06
  eps_grad    = 4.000000e-04
  trust_limit = 0.300000
  natom       = 16
  nfree       = 48 / 48
==============================================================

--------------------------------------------------------------
  OPT step 0
--------------------------------------------------------------
[OPT] Cell structure (Angstrom):
       5.43100000       0.00000000       0.00000000
       0.00000000       5.43100000       0.00000000
       0.00000000       0.00000000      10.86200000

Cart
Si         0.00000000       0.00000000       0.00000000   T T T
Si         0.10000000       2.76550000       2.74550000   T T T
Si         2.71550000       0.00000000       2.71550000   T T T
Si         2.71550000       2.71550000       0.00000000   T T T
Si         1.35775000       1.35775000       1.35775000   T T T
Si         1.35775000       4.07325000       4.07325000   T T T
Si         4.07325000       1.35775000       4.07325000   T T T
Si         4.07325000       4.07325000       1.35775000   T T T
Si         0.00000000       0.00000000       5.43100000   T T T
Si         0.00000000       2.71550000       8.14650000   T T T
Si         2.71550000       0.00000000       8.14650000   T T T
Si         2.71550000       2.71550000       5.43100000   T T T
Si         1.35775000       1.35775000       6.78875000   T T T
Si         1.35775000       4.07325000       9.50425000   T T T
Si         4.07325000       1.35775000       9.50425000   T T T
Si         4.07325000       4.07325000       6.78875000   T T T

[OPT] Cell written to /home/rudin/tmp-review-ionic/Si16/none/c20/opt_img/cell_opt_0.txt
[LSDF] gmesh = (29, 29, 57), ngrid = 47937, naofn = 208, natom = 16
Timer "[LSDF] Voronoi partition" used time: 0.001524 s.
Timer "[LSDF] AO evaluation + screening" used time: 0.173239 s.
[LSDF] IP method: randomized QRCP (c=20, m=5)
[LSDF] total IPs selected: 4240 (8.8449% of grid)
Timer "[LSDF] IP selection" used time: 0.131638 s.
Timer "[LSDF] aux basis fitting" used time: 0.025689 s.
[LSDF] Step 5 diagnostics: natom=16, ngrid=47937, naux_total=4240
[LSDF]   OMP threads=32, MKL threads=32
[LSDF]   Vmat_loc total size: 4240 x 47937 = 1.51 GB
Timer "[LSDF]   5a Vmat_loc alloc+FFT" used time: 0.168178 s.
[LSDF]   W size: 4240 x 4240 = 137.16 MB, max_npart=3138
Timer "[LSDF]   5b W construction (DGEMM)" used time: 0.050589 s.
Timer "[LSDF]   5c Wmat symmetrize" used time: 0.007567 s.
[LSDF]   robust_mode=NONE: freeing Vmat_loc
Timer "[LSDF] V/W construction" used time: 0.316671 s.
[LSDF] xchg phases: A=0.001 s, B(K_W)=0.023 s, C(K_V)=0.000 s, E(reduce)=0.000 s
[NELEC] step = 0  nelec = 64  neInt = 64.000000  dnelc =  2.1927348826e-11
[ENERG] step = 0  eTotl = -62.54501457  eCore = 19.60664054  eCoul = 4.69704873  eExcl = -19.67619082  eNucl = -67.17251303  eDisp = 0.00000000
[ERROR] step = 0  engy error =  0.0000000000e+00  grad error =  0.0000000000e+00  dmat error =  0.0000000000e+00
Timer "SCF cycle: 0" used time: 1.036456 s.

[LSDF] xchg phases: A=0.001 s, B(K_W)=0.013 s, C(K_V)=0.000 s, E(reduce)=0.000 s
[NELEC] step = 1  nelec = 64  neInt = 64.000000  dnelc =  2.9444890970e-11
[ENERG] step = 1  eTotl = -62.76236280  eCore = 19.33636357  eCoul = 4.50660543  eExcl = -19.43281877  eNucl = -67.17251303  eDisp = 0.00000000
[ERROR] step = 1  engy error = -2.1734822468e-01  grad error =  0.0000000000e+00  dmat error =  1.1761495836e+00
Timer "SCF cycle: 1" used time: 1.031489 s.

[LSDF] xchg phases: A=0.002 s, B(K_W)=0.009 s, C(K_V)=0.000 s, E(reduce)=0.000 s
[NELEC] step = 2  nelec = 64  neInt = 64.000000  dnelc =  2.9842794902e-11
[ENERG] step = 2  eTotl = -62.76786603  eCore = 19.31173038  eCoul = 4.54689409  eExcl = -19.45397747  eNucl = -67.17251303  eDisp = 0.00000000
[ERROR] step = 2  engy error = -5.5032311320e-03  grad error =  0.0000000000e+00  dmat error =  1.7953938239e-02
Timer "SCF cycle: 2" used time: 1.018807 s.

[LSDF] xchg phases: A=0.000 s, B(K_W)=0.013 s, C(K_V)=0.000 s, E(reduce)=0.000 s
[NELEC] step = 3  nelec = 64  neInt = 64.000000  dnelc =  3.0809133023e-11
[ENERG] step = 3  eTotl = -62.77333068  eCore = 19.26611419  eCoul = 4.63217287  eExcl = -19.49910472  eNucl = -67.17251303  eDisp = 0.00000000
[ERROR] step = 3  engy error = -5.4646517789e-03  grad error =  0.0000000000e+00  dmat error =  4.0547330105e-02
Timer "SCF cycle: 3" used time: 1.012999 s.

[LSDF] xchg phases: A=0.002 s, B(K_W)=0.019 s, C(K_V)=0.000 s, E(reduce)=0.000 s
[NELEC] step = 4  nelec = 64  neInt = 64.000000  dnelc =  3.0837554732e-11
[ENERG] step = 4  eTotl = -62.77339241  eCore = 19.26610599  eCoul = 4.63303635  eExcl = -19.50002173  eNucl = -67.17251303  eDisp = 0.00000000
[ERROR] step = 4  engy error = -6.1734713910e-05  grad error =  0.0000000000e+00  dmat error =  3.1225396743e-03
Timer "SCF cycle: 4" used time: 1.037472 s.

[LSDF] xchg phases: A=0.000 s, B(K_W)=0.013 s, C(K_V)=0.000 s, E(reduce)=0.000 s
[NELEC] step = 5  nelec = 64  neInt = 64.000000  dnelc =  3.0766500458e-11
[ENERG] step = 5  eTotl = -62.77342134  eCore = 19.26828163  eCoul = 4.63002050  eExcl = -19.49921043  eNucl = -67.17251303  eDisp = 0.00000000
[ERROR] step = 5  engy error = -2.8925184139e-05  grad error =  0.0000000000e+00  dmat error =  3.7755405654e-03
Timer "SCF cycle: 5" used time: 1.030877 s.

[LSDF] xchg phases: A=0.001 s, B(K_W)=0.013 s, C(K_V)=0.000 s, E(reduce)=0.000 s
[NELEC] step = 6  nelec = 64  neInt = 64.000000  dnelc =  3.0723867894e-11
[ENERG] step = 6  eTotl = -62.77342887  eCore = 19.26995942  eCoul = 4.62763346  eExcl = -19.49850872  eNucl = -67.17251303  eDisp = 0.00000000
[ERROR] step = 6  engy error = -7.5286037884e-06  grad error =  0.0000000000e+00  dmat error =  2.1574675579e-03
Timer "SCF cycle: 6" used time: 1.017853 s.

[LSDF] xchg phases: A=0.002 s, B(K_W)=0.014 s, C(K_V)=0.000 s, E(reduce)=0.001 s
[NELEC] step = 7  nelec = 64  neInt = 64.000000  dnelc =  3.0681235330e-11
[ENERG] step = 7  eTotl = -62.77342959  eCore = 19.27016430  eCoul = 4.62740822  eExcl = -19.49848908  eNucl = -67.17251303  eDisp = 0.00000000
[ERROR] step = 7  engy error = -7.2426644238e-07  grad error =  0.0000000000e+00  dmat error =  4.8861811266e-04
Timer "SCF cycle: 7" used time: 1.042917 s.

[NELEC] step = 8  nelec = 64  neInt = 64.000000  dnelc =  3.0595970202e-11
[ENERG] step = 8  eTotl = -62.77342976  eCore = 19.27015879  eCoul = 4.62746946  eExcl = -19.49854498  eNucl = -67.17251303  eDisp = 0.00000000
[ERROR] step = 8  engy error = -1.6615322807e-07  grad error =  0.0000000000e+00  dmat error =  1.5572874687e-04
Timer "SCF cycle: 8" used time: 1.020152 s.

[NELEC] step = 9  nelec = 64  neInt = 64.000000  dnelc =  3.0652813621e-11
[ENERG] step = 9  eTotl = -62.77342981  eCore = 19.27015006  eCoul = 4.62750969  eExcl = -19.49857653  eNucl = -67.17251303  eDisp = 0.00000000
[ERROR] step = 9  engy error = -4.7026745165e-08  grad error =  0.0000000000e+00  dmat error =  7.6373704067e-05
Timer "SCF cycle: 9" used time: 1.019615 s.

[NELEC] step = 10  nelec = 64  neInt = 64.000000  dnelc =  3.0709657040e-11
[ENERG] step = 10  eTotl = -62.77342983  eCore = 19.27013650  eCoul = 4.62755195  eExcl = -19.49860525  eNucl = -67.17251303  eDisp = 0.00000000
[ERROR] step = 10  engy error = -2.0362421083e-08  grad error =  0.0000000000e+00  dmat error =  6.7370663841e-05
Timer "SCF cycle: 10" used time: 1.015954 s.

[NELEC] step = 11  nelec = 64  neInt = 64.000000  dnelc =  3.0652813621e-11
[ENERG] step = 11  eTotl = -62.77342983  eCore = 19.27013379  eCoul = 4.62755763  eExcl = -19.49860822  eNucl = -67.17251303  eDisp = 0.00000000
[ERROR] step = 11  engy error = -1.0812328810e-09  grad error =  0.0000000000e+00  dmat error =  1.2108176802e-05
SCF converged in 11 steps.
[LSDF] xchg_d10: robust_mode=NONE, no V data -> full-grid FFT path
[GRADIENT] SCF type: GRKS | atoms: 16 | DOF: 48 | time: 18.298 s
  Atom   0:   2.8675327836e-03  -8.1750383850e-04   1.0149878564e-05
  Atom   1:   2.8996463106e-02   1.6202807631e-02   1.0704731985e-02
  Atom   2:   1.1332736815e-03   6.2157778463e-04   1.2381038994e-03
  Atom   3:  -6.2856578200e-04   1.9774509456e-03   6.1486123978e-05
  Atom   4:  -3.6057787726e-03   2.8148956483e-04   1.5382375678e-05
  Atom   5:  -1.4210374169e-02  -1.3541775303e-02  -1.1415629551e-02
  Atom   6:  -9.0613686144e-03  -7.7520602122e-03   3.4120813853e-03
  Atom   7:  -6.4015583857e-03   2.5929498294e-03  -4.0466958338e-03
  Atom   8:   2.1045998972e-03   5.4518996324e-04   2.0411826361e-04
  Atom   9:  -3.9251890216e-04  -2.2924165495e-04  -2.2415445392e-04
  Atom  10:   1.3069286073e-04   6.7507695077e-05   1.3370271596e-04
  Atom  11:  -5.9680132488e-06   4.6316289676e-04   1.4776913848e-04
  Atom  12:   2.2077834765e-04   2.1190461099e-04   3.4272847808e-04
  Atom  13:  -8.1575503387e-04  -9.3778609425e-04  -1.3002260057e-03
  Atom  14:  -1.6259799538e-04  -2.8004096628e-04   1.2075826695e-03
  Atom  15:  -1.6896489337e-04   5.9438193565e-04  -4.9020566957e-04
[OPT] step = 0  energy = -62.7734298276  dE =               N/A  grad_max =  2.8996463106e-02  grad_rms =  6.4418719197e-03
[OPT] Geometry optimization did not converge in 1 steps.
Kylin-PBC Done.
Timer "Kylin-PBC main" used time: 32.24883 s.
