Kylin-PBC: v1.0.0

System time = 2026-06-28 11:32:34

OMP threads = 32

KYLIN_PBC_ROOT = "/home/rudin/code/kylin-pbc"
KYLIN_SCR_PATH = "/tmp"
KYLIN_JOB_PATH = "/home/rudin/code/kylin-pbc/art/example/scaling/Si16-PBE"

SCF.xcfun                      = PBE
SCF.basis                      = dzvp-sr
SCF.psudo                      = gth-pbe
SCF.kmesh                      = 1 1 1
SCF.gmesh                      = 5.0e-01
SCF.ispin                      = OFF
SCF.dspin                      = 0
SCF.eps_engy                   = 1.0e-06 [AU]
SCF.eps_grad                   = 1.0e-05 [AU]
SCF.eps_dmat                   = 1.0e-03
SCF.chk_load                   = 
SCF.chk_save                   = 
SCF.scf_guess                  = ATOM
SCF.max_cycle                  = 100
SCF.vdw_method                 = NONE
SCF.coul_method                = MGDF
SCF.xchg_method                = LSDF
SCF.xchg_exxocc                = OFF
SCF.xchg_exxace                = NONE
SCF.xchg_robust                = TILE
SCF.xchg_exxdiv                = NONE
SCF.xchg_dropG0                = OFF
SCF.lsdf_cparam                = 30
SCF.lsdf_mparam                = 5
SCF.lsdf_ipslct                = QRCP
SCF.lsdf_chocut                = 1.0e-08
SCF.lsdf_atmcut                = 2.5e+01
SCF.lsdf_aovcut                = 1.0e-07
SCF.lsdf_swzcut                = 0.0e+00
SCF.lsdf_pnocut                = 0.0e+00
SCF.lsdf_nafcut                = 0.0e+00
SCF.mgdf_ntasks                = 4
SCF.mgdf_kratio                = 3.0e+00
SCF.mgdf_cutoff                = 3.0e+02 [AU]
SCF.mgdf_relcut                = 3.0e+01
SCF.mgdf_prprec                = 1.0e-14
SCF.dmx_mix_method             = NONE
SCF.dmx_mix_start              = 1
SCF.dmx_mix_space              = 8
SCF.dmx_mix_alpha              = 3.0e-01
SCF.rho_mix_method             = NONE
SCF.rho_mix_start              = 1
SCF.rho_mix_space              = 8
SCF.rho_mix_alpha              = 3.0e-01
SCF.hks_mix_method             = BROY
SCF.hks_mix_start              = 1
SCF.hks_mix_space              = 8
SCF.hks_mix_alpha              = 3.0e-01
SCF.damp_factor                = 0.0e+00
SCF.level_shift                = 0.0e+00 [AU]
SCF.smear_method               = NONE
SCF.smear_sigma                = 0.0e+00 [AU]
SCF.soc                        = OFF
SCF.soc_window                 = 1.8e+00 [AU]
SCF.print_bandgap              = OFF
SCF.print_time                 = OFF

OPT.opt_method                 = BFGS
OPT.max_cycle                  = 0
OPT.eps_engy                   = 4.0e-06 [AU]
OPT.eps_grad                   = 4.0e-04 [AU]
OPT.trust_limit                = 3.0e-01 [AU]
OPT.damp_factor                = 0.0e+00
OPT.opt_mix_method             = NONE
OPT.opt_mix_start              = 1
OPT.opt_mix_space              = 5
OPT.opt_mix_alpha              = 3.0e-01
OPT.neb_method                 = FIRE
OPT.neb_lclimb                 = ON
OPT.neb_interp                 = IDPP
OPT.neb_nimage                 = 5
OPT.neb_spring                 = 1.0e-02 [AU]
OPT.neb_maxstep                = 7.6e-02 [AU]

PROP.calculation               = NONE
FREQ.freq_method               = FREE2
FREQ.fd_stepsize               = 2.8e-02 [AU]
DOS.dos_method                 = GAUSS
DOS.dos_sigma                  = 3.7e-03 [AU]
DOS.dos_npoint                 = 1001
DOS.dos_emin                   = 0.0e+00 [AU]
DOS.dos_emax                   = 0.0e+00 [AU]

OPT.mdx_ensemble               = NVE
OPT.mdx_thermostat             = NHC
OPT.mdx_max_step               = 0
OPT.mdx_timestep               = 4.0e+01 [AU]
OPT.mdx_temperature            = 9.5e-04 [AU]
OPT.mdx_pressure               = 0.0e+00 [AU]
OPT.mdx_thermo_tau             = 4.0e+03 [AU]
OPT.mdx_baro_tau               = 2.0e+04 [AU]
OPT.mdx_nhc_length             = 3
OPT.mdx_nhc_mts                = 3
OPT.mdx_constraint             = OFF
OPT.mdx_constraint_tol         = 1.0e-10
OPT.mdx_rng_seed               = 42

K-points mesh = 1 1 1

xc functional: "PBE"
is hybrid: NO

Basis Set Name: "dzvp-sr"
number of shell = 48
number of basis = 208
gmesh = 29 29 57

Pseudopotential Name: "gth-pbe"
number of valence electron = 64

SCF Calculation.
Gamma point
[NELEC] step = 0  nelec = 64  neInt = 64.000000  dnelc =  2.1927348826e-11
[ENERG] step = 0  eTotl = -62.34204460  eCore = 19.62269416  eCoul = 4.69090466  eExcl = -19.47224118  eNucl = -67.18340225  eDisp = 0.00000000
[ERROR] step = 0  engy error =  0.0000000000e+00  grad error =  0.0000000000e+00  dmat error =  0.0000000000e+00
Timer "SCF cycle: 0" used time: 0.585219 s.

[NELEC] step = 1  nelec = 64  neInt = 64.000000  dnelc =  2.7768010114e-11
[ENERG] step = 1  eTotl = -62.71027027  eCore = 19.31045416  eCoul = 4.56500789  eExcl = -19.40233006  eNucl = -67.18340225  eDisp = 0.00000000
[ERROR] step = 1  engy error = -3.6822566576e-01  grad error =  0.0000000000e+00  dmat error =  1.1847949100e+00
Timer "SCF cycle: 1" used time: 0.431213 s.

[NELEC] step = 2  nelec = 64  neInt = 64.000000  dnelc =  2.7839064387e-11
[ENERG] step = 2  eTotl = -62.71045828  eCore = 19.30303887  eCoul = 4.57683582  eExcl = -19.40693071  eNucl = -67.18340225  eDisp = 0.00000000
[ERROR] step = 2  engy error = -1.8801459793e-04  grad error =  0.0000000000e+00  dmat error =  1.4039011585e-03
Timer "SCF cycle: 2" used time: 0.409470 s.

[NELEC] step = 3  nelec = 64  neInt = 64.000000  dnelc =  2.8094859772e-11
[ENERG] step = 3  eTotl = -62.71061018  eCore = 19.28829213  eCoul = 4.60061529  eExcl = -19.41611535  eNucl = -67.18340225  eDisp = 0.00000000
[ERROR] step = 3  engy error = -1.5190031729e-04  grad error =  0.0000000000e+00  dmat error =  2.8760295846e-03
Timer "SCF cycle: 3" used time: 0.402489 s.

[NELEC] step = 4  nelec = 64  neInt = 64.000000  dnelc =  2.8080648917e-11
[ENERG] step = 4  eTotl = -62.71061249  eCore = 19.29038906  eCoul = 4.59700777  eExcl = -19.41460706  eNucl = -67.18340225  eDisp = 0.00000000
[ERROR] step = 4  engy error = -2.3057316767e-06  grad error =  0.0000000000e+00  dmat error =  8.5410648762e-04
Timer "SCF cycle: 4" used time: 0.395261 s.

[NELEC] step = 5  nelec = 64  neInt = 64.000000  dnelc =  2.8038016353e-11
[ENERG] step = 5  eTotl = -62.71061249  eCore = 19.29039388  eCoul = 4.59699923  eExcl = -19.41460335  eNucl = -67.18340225  eDisp = 0.00000000
[ERROR] step = 5  engy error = -5.9422688992e-10  grad error =  0.0000000000e+00  dmat error =  5.4056903362e-06
SCF converged in 5 steps.
Kylin-PBC Done.
Timer "Kylin-PBC main" used time: 3.394023 s.
