Kylin-PBC: v1.0.0

System time = 2026-06-28 02:38:30

OMP threads = 32

KYLIN_PBC_ROOT = "/home/rudin/code/kylin-pbc"
KYLIN_SCR_PATH = "/tmp"
KYLIN_JOB_PATH = "/home/rudin/code/kylin-pbc/art/example/fd-verify/MgO/base"

SCF.xcfun                      = HSE06
SCF.basis                      = dzvp-sr
SCF.psudo                      = gth-pbe
SCF.kmesh                      = 1 1 1
SCF.gmesh                      = 6.0e-01
SCF.ispin                      = OFF
SCF.dspin                      = 0
SCF.eps_engy                   = 1.0e-06 [AU]
SCF.eps_grad                   = 1.0e-05 [AU]
SCF.eps_dmat                   = 1.0e-03
SCF.chk_load                   = 
SCF.chk_save                   = 
SCF.scf_guess                  = ATOM
SCF.max_cycle                  = 200
SCF.vdw_method                 = NONE
SCF.coul_method                = FTDF
SCF.xchg_method                = LSDF
SCF.xchg_exxocc                = OFF
SCF.xchg_exxace                = NONE
SCF.xchg_robust                = TILE
SCF.xchg_exxdiv                = NONE
SCF.xchg_dropG0                = OFF
SCF.lsdf_cparam                = 30
SCF.lsdf_mparam                = 5
SCF.lsdf_ipslct                = QRCP
SCF.lsdf_chocut                = 1.0e-08
SCF.lsdf_atmcut                = 2.5e+01
SCF.lsdf_aovcut                = 1.0e-07
SCF.lsdf_swzcut                = 0.0e+00
SCF.lsdf_pnocut                = 0.0e+00
SCF.lsdf_nafcut                = 0.0e+00
SCF.mgdf_ntasks                = 4
SCF.mgdf_kratio                = 3.0e+00
SCF.mgdf_cutoff                = 3.0e+02 [AU]
SCF.mgdf_relcut                = 3.0e+01
SCF.mgdf_prprec                = 1.0e-14
SCF.dmx_mix_method             = NONE
SCF.dmx_mix_start              = 1
SCF.dmx_mix_space              = 8
SCF.dmx_mix_alpha              = 3.0e-01
SCF.rho_mix_method             = NONE
SCF.rho_mix_start              = 1
SCF.rho_mix_space              = 8
SCF.rho_mix_alpha              = 3.0e-01
SCF.hks_mix_method             = BROY
SCF.hks_mix_start              = 1
SCF.hks_mix_space              = 8
SCF.hks_mix_alpha              = 3.0e-01
SCF.damp_factor                = 0.0e+00
SCF.level_shift                = 0.0e+00 [AU]
SCF.smear_method               = NONE
SCF.smear_sigma                = 0.0e+00 [AU]
SCF.soc                        = OFF
SCF.soc_window                 = 1.8e+00 [AU]
SCF.print_bandgap              = OFF
SCF.print_time                 = OFF

OPT.opt_method                 = BFGS
OPT.max_cycle                  = 1
OPT.eps_engy                   = 4.0e-06 [AU]
OPT.eps_grad                   = 4.0e-04 [AU]
OPT.trust_limit                = 3.0e-01 [AU]
OPT.damp_factor                = 0.0e+00
OPT.opt_mix_method             = NONE
OPT.opt_mix_start              = 1
OPT.opt_mix_space              = 5
OPT.opt_mix_alpha              = 3.0e-01
OPT.neb_method                 = FIRE
OPT.neb_lclimb                 = ON
OPT.neb_interp                 = IDPP
OPT.neb_nimage                 = 5
OPT.neb_spring                 = 1.0e-02 [AU]
OPT.neb_maxstep                = 7.6e-02 [AU]

PROP.calculation               = NONE
FREQ.freq_method               = FREE2
FREQ.fd_stepsize               = 2.8e-02 [AU]
DOS.dos_method                 = GAUSS
DOS.dos_sigma                  = 3.7e-03 [AU]
DOS.dos_npoint                 = 1001
DOS.dos_emin                   = 0.0e+00 [AU]
DOS.dos_emax                   = 0.0e+00 [AU]

OPT.mdx_ensemble               = NVE
OPT.mdx_thermostat             = NHC
OPT.mdx_max_step               = 0
OPT.mdx_timestep               = 4.0e+01 [AU]
OPT.mdx_temperature            = 9.5e-04 [AU]
OPT.mdx_pressure               = 0.0e+00 [AU]
OPT.mdx_thermo_tau             = 4.0e+03 [AU]
OPT.mdx_baro_tau               = 2.0e+04 [AU]
OPT.mdx_nhc_length             = 3
OPT.mdx_nhc_mts                = 3
OPT.mdx_constraint             = OFF
OPT.mdx_constraint_tol         = 1.0e-10
OPT.mdx_rng_seed               = 42

K-points mesh = 1 1 1

xc functional: "HSE06"
is hybrid: YES
HFX coeff: 0.25

Basis Set Name: "dzvp-sr"
number of shell = 5
number of basis = 22
gmesh = 83 83 83

Pseudopotential Name: "gth-pbe"
number of valence electron = 16

OPT Calculation.

==============================================================
                   Geometry Optimization                      
==============================================================
  method      = BFGS
  max_cycle   = 1
  eps_engy    = 4.000000e-06
  eps_grad    = 4.000000e-04
  trust_limit = 0.300000
  natom       = 2
  nfree       = 6 / 6
==============================================================

--------------------------------------------------------------
  OPT step 0
--------------------------------------------------------------
[OPT] Cell structure (Angstrom):
       0.00000000       2.10850000       2.10850000
       2.10850000       0.00000000       2.10850000
       2.10850000       2.10850000       0.00000000

Cart
Mg         0.00000000       0.00000000       0.00000000   T T T
O          2.20850000       2.15850000       2.13850000   T T T

[OPT] Cell written to /home/rudin/code/kylin-pbc/art/example/fd-verify/MgO/base/opt_img/cell_opt_0.txt
[LSDF] gmesh = (83, 83, 83), ngrid = 571787, naofn = 22, natom = 2
Timer "[LSDF] Voronoi partition" used time: 0.008702 s.
Timer "[LSDF] AO evaluation + screening" used time: 1.164002 s.
[LSDF] IP method: randomized QRCP (c=30, m=5)
[LSDF] total IPs selected: 504 (0.0881% of grid)
Timer "[LSDF] IP selection" used time: 4.419276 s.
Timer "[LSDF] aux basis fitting" used time: 0.625590 s.
[LSDF] Step 5 diagnostics: natom=2, ngrid=571787, naux_total=504
[LSDF]   OMP threads=32, MKL threads=32
[LSDF]   Vmat_loc total size: 504 x 571787 = 2.15 GB
Timer "[LSDF]   5a Vmat_loc alloc+FFT" used time: 0.613036 s.
[LSDF]   W size: 504 x 504 = 1.94 MB, max_npart=285910
Timer "[LSDF]   5b W construction (DGEMM)" used time: 0.056912 s.
Timer "[LSDF]   5c Wmat symmetrize" used time: 0.000323 s.
[LSDF]   5e Vatm_nby tile extraction starting... (robust_mode=TILE)
[LSDF]   Vatm_nby: range_sep=true
[LSDF]     Vatm_nby tile: 2/2 atoms, cumul 2.15 GB
[LSDF]   Vatm_nby total tile memory: 2.15 GB
Timer "[LSDF]   5e Vatm_nby tile extraction" used time: 0.100155 s.
Timer "[LSDF] V/W construction" used time: 0.847195 s.
[LSDF] xchg phases: A=0.000 s, B(K_W)=0.000 s, C(K_V)=0.178 s, E(reduce)=0.000 s
[NELEC] step = 0  nelec = 16  neInt = 16.000000  dnelc = -9.0238927442e-13
[ENERG] step = 0  eTotl = -81.89719265  eCore = -24.65813477  eCoul = 8.21185964  eExcl = -18.17057567  eNucl = -47.28034185  eDisp = 0.00000000
[ERROR] step = 0  engy error =  0.0000000000e+00  grad error =  0.0000000000e+00  dmat error =  0.0000000000e+00
Timer "SCF cycle: 0" used time: 3.508805 s.

[LSDF] xchg phases: A=0.000 s, B(K_W)=0.001 s, C(K_V)=0.299 s, E(reduce)=0.000 s
[NELEC] step = 1  nelec = 16  neInt = 16.000000  dnelc =  6.3948846218e-14
[ENERG] step = 1  eTotl = -81.16802354  eCore = -47.53098422  eCoul = 30.34229052  eExcl = -16.69898799  eNucl = -47.28034185  eDisp = 0.00000000
[ERROR] step = 1  engy error =  7.2916911571e-01  grad error =  0.0000000000e+00  dmat error =  1.7130153366e+00
Timer "SCF cycle: 1" used time: 2.126007 s.

[LSDF] xchg phases: A=0.000 s, B(K_W)=0.000 s, C(K_V)=0.514 s, E(reduce)=0.000 s
[NELEC] step = 2  nelec = 16  neInt = 16.000000  dnelc =  3.5527136788e-15
[ENERG] step = 2  eTotl = -81.69919377  eCore = -46.90799929  eCoul = 28.85587198  eExcl = -16.36672461  eNucl = -47.28034185  eDisp = 0.00000000
[ERROR] step = 2  engy error = -5.3117023395e-01  grad error =  0.0000000000e+00  dmat error =  3.7781170192e-01
Timer "SCF cycle: 2" used time: 2.330471 s.

[LSDF] xchg phases: A=0.000 s, B(K_W)=0.000 s, C(K_V)=0.099 s, E(reduce)=0.000 s
[NELEC] step = 3  nelec = 16  neInt = 16.000000  dnelc = -1.1013412404e-13
[ENERG] step = 3  eTotl = -82.23927201  eCore = -44.18058997  eCoul = 24.77065326  eExcl = -15.54899345  eNucl = -47.28034185  eDisp = 0.00000000
[ERROR] step = 3  engy error = -5.4007823643e-01  grad error =  0.0000000000e+00  dmat error =  9.8085660162e-01
Timer "SCF cycle: 3" used time: 2.005924 s.

[LSDF] xchg phases: A=0.000 s, B(K_W)=0.000 s, C(K_V)=0.099 s, E(reduce)=0.000 s
[NELEC] step = 4  nelec = 16  neInt = 16.000000  dnelc = -1.0658141036e-13
[ENERG] step = 4  eTotl = -82.26123748  eCore = -44.35154824  eCoul = 24.98068385  eExcl = -15.61003124  eNucl = -47.28034185  eDisp = 0.00000000
[ERROR] step = 4  engy error = -2.1965469550e-02  grad error =  0.0000000000e+00  dmat error =  9.8615101727e-02
Timer "SCF cycle: 4" used time: 1.905842 s.

[LSDF] xchg phases: A=0.000 s, B(K_W)=0.001 s, C(K_V)=0.218 s, E(reduce)=0.000 s
[NELEC] step = 5  nelec = 16  neInt = 16.000000  dnelc = -1.2434497876e-13
[ENERG] step = 5  eTotl = -82.28582767  eCore = -44.74429347  eCoul = 25.48904141  eExcl = -15.75023376  eNucl = -47.28034185  eDisp = 0.00000000
[ERROR] step = 5  engy error = -2.4590191002e-02  grad error =  0.0000000000e+00  dmat error =  2.5144771828e-01
Timer "SCF cycle: 5" used time: 2.032805 s.

[LSDF] xchg phases: A=0.000 s, B(K_W)=0.000 s, C(K_V)=0.099 s, E(reduce)=0.000 s
[NELEC] step = 6  nelec = 16  neInt = 16.000000  dnelc = -1.2079226508e-13
[ENERG] step = 6  eTotl = -82.28866045  eCore = -44.78820750  eCoul = 25.53800371  eExcl = -15.75811482  eNucl = -47.28034185  eDisp = 0.00000000
[ERROR] step = 6  engy error = -2.8327842677e-03  grad error =  0.0000000000e+00  dmat error =  4.5370521420e-02
Timer "SCF cycle: 6" used time: 1.899171 s.

[LSDF] xchg phases: A=0.000 s, B(K_W)=0.000 s, C(K_V)=0.165 s, E(reduce)=0.000 s
[NELEC] step = 7  nelec = 16  neInt = 16.000000  dnelc = -1.1013412404e-13
[ENERG] step = 7  eTotl = -82.28881591  eCore = -44.79648835  eCoul = 25.54852090  eExcl = -15.76050661  eNucl = -47.28034185  eDisp = 0.00000000
[ERROR] step = 7  engy error = -1.5545148244e-04  grad error =  0.0000000000e+00  dmat error =  6.6277560840e-03
Timer "SCF cycle: 7" used time: 1.962635 s.

[NELEC] step = 8  nelec = 16  neInt = 16.000000  dnelc = -1.1013412404e-13
[ENERG] step = 8  eTotl = -82.28916693  eCore = -44.80404434  eCoul = 25.55960136  eExcl = -15.76438211  eNucl = -47.28034185  eDisp = 0.00000000
[ERROR] step = 8  engy error = -3.5102572384e-04  grad error =  0.0000000000e+00  dmat error =  2.0809629958e-02
Timer "SCF cycle: 8" used time: 1.943225 s.

[NELEC] step = 9  nelec = 16  neInt = 16.000000  dnelc = -1.1723955140e-13
[ENERG] step = 9  eTotl = -82.28941566  eCore = -44.79880539  eCoul = 25.55232541  eExcl = -15.76259383  eNucl = -47.28034185  eDisp = 0.00000000
[ERROR] step = 9  engy error = -2.4872458253e-04  grad error =  0.0000000000e+00  dmat error =  3.6402640989e-02
Timer "SCF cycle: 9" used time: 1.897405 s.

[NELEC] step = 10  nelec = 16  neInt = 16.000000  dnelc = -1.2434497876e-13
[ENERG] step = 10  eTotl = -82.28943063  eCore = -44.79838824  eCoul = 25.55211122  eExcl = -15.76281175  eNucl = -47.28034185  eDisp = 0.00000000
[ERROR] step = 10  engy error = -1.4973997608e-05  grad error =  0.0000000000e+00  dmat error =  2.3788534204e-03
Timer "SCF cycle: 10" used time: 1.965579 s.

[NELEC] step = 11  nelec = 16  neInt = 16.000000  dnelc = -1.1013412404e-13
[ENERG] step = 11  eTotl = -82.28943976  eCore = -44.79748031  eCoul = 25.55115327  eExcl = -15.76277087  eNucl = -47.28034185  eDisp = 0.00000000
[ERROR] step = 11  engy error = -9.1310130728e-06  grad error =  0.0000000000e+00  dmat error =  4.4883970588e-03
Timer "SCF cycle: 11" used time: 2.053785 s.

[NELEC] step = 12  nelec = 16  neInt = 16.000000  dnelc = -1.1013412404e-13
[ENERG] step = 12  eTotl = -82.28944084  eCore = -44.79754198  eCoul = 25.55124969  eExcl = -15.76280670  eNucl = -47.28034185  eDisp = 0.00000000
[ERROR] step = 12  engy error = -1.0786429812e-06  grad error =  0.0000000000e+00  dmat error =  1.8885700067e-03
Timer "SCF cycle: 12" used time: 1.945741 s.

[NELEC] step = 13  nelec = 16  neInt = 16.000000  dnelc = -9.7699626167e-14
[ENERG] step = 13  eTotl = -82.28944115  eCore = -44.79762409  eCoul = 25.55142032  eExcl = -15.76289553  eNucl = -47.28034185  eDisp = 0.00000000
[ERROR] step = 13  engy error = -3.0793411554e-07  grad error =  0.0000000000e+00  dmat error =  1.4304849520e-03
Timer "SCF cycle: 13" used time: 1.898284 s.

[NELEC] step = 14  nelec = 16  neInt = 16.000000  dnelc = -1.2612133560e-13
[ENERG] step = 14  eTotl = -82.28944116  eCore = -44.79758999  eCoul = 25.55139244  eExcl = -15.76290175  eNucl = -47.28034185  eDisp = 0.00000000
[ERROR] step = 14  engy error = -7.8832158579e-09  grad error =  0.0000000000e+00  dmat error =  1.4370557339e-04
SCF converged in 14 steps.
[LSDF] xchg_d10: ISDF-robust path (K_V + K_V~ - K_IP)
[GRADIENT] SCF type: GRKS | atoms: 2 | DOF: 6 | time: 21.601 s
  Atom   0:   5.5632286175e-03   3.1360649712e-03   1.9264968171e-03
  Atom   1:  -5.5648026084e-03  -3.1362674280e-03  -1.9195814130e-03
[OPT] step = 0  energy = -82.2894411553  dE =               N/A  grad_max =  5.5648026084e-03  grad_rms =  3.8510561407e-03
[OPT] Geometry optimization did not converge in 1 steps.
Kylin-PBC Done.
Timer "Kylin-PBC main" used time: 63.48586 s.
