Kylin-PBC: v1.0.0

System time = 2026-06-25 18:21:32

OMP threads = 32

KYLIN_PBC_ROOT = "/home/rudin/code/kylin-pbc"
KYLIN_SCR_PATH = "/tmp"
KYLIN_JOB_PATH = "/home/rudin/code/kylin-pbc/art/example/internal/LiH-HSE06-k333-FTDF"

SCF.xcfun                      = HSE06
SCF.basis                      = dzvp-sr
SCF.psudo                      = gth-pbe
SCF.kmesh                      = 3 3 3
SCF.gmesh                      = 6.0e-01
SCF.ispin                      = OFF
SCF.dspin                      = 0
SCF.eps_engy                   = 3.7e-09 [AU]
SCF.eps_grad                   = 1.0e-05 [AU]
SCF.eps_dmat                   = 1.0e-03
SCF.chk_load                   = 
SCF.chk_save                   = 
SCF.scf_guess                  = ATOM
SCF.max_cycle                  = 200
SCF.vdw_method                 = NONE
SCF.coul_method                = MGDF
SCF.xchg_method                = FTDF
SCF.xchg_exxocc                = OFF
SCF.xchg_exxace                = NONE
SCF.xchg_robust                = TILE
SCF.xchg_exxdiv                = EWALD
SCF.xchg_dropG0                = ON
SCF.lsdf_cparam                = 30
SCF.lsdf_mparam                = 5
SCF.lsdf_ipslct                = QRCP
SCF.lsdf_chocut                = 1.0e-08
SCF.lsdf_atmcut                = 2.5e+01
SCF.lsdf_aovcut                = 1.0e-07
SCF.lsdf_swzcut                = 0.0e+00
SCF.lsdf_pnocut                = 0.0e+00
SCF.lsdf_nafcut                = 0.0e+00
SCF.mgdf_ntasks                = 4
SCF.mgdf_kratio                = 3.0e+00
SCF.mgdf_cutoff                = 3.0e+02 [AU]
SCF.mgdf_relcut                = 3.0e+01
SCF.mgdf_prprec                = 1.0e-14
SCF.dmx_mix_method             = NONE
SCF.dmx_mix_start              = 1
SCF.dmx_mix_space              = 8
SCF.dmx_mix_alpha              = 3.0e-01
SCF.rho_mix_method             = NONE
SCF.rho_mix_start              = 1
SCF.rho_mix_space              = 8
SCF.rho_mix_alpha              = 3.0e-01
SCF.hks_mix_method             = BROY
SCF.hks_mix_start              = 1
SCF.hks_mix_space              = 8
SCF.hks_mix_alpha              = 3.0e-01
SCF.damp_factor                = 0.0e+00
SCF.level_shift                = 0.0e+00 [AU]
SCF.smear_method               = NONE
SCF.smear_sigma                = 0.0e+00 [AU]
SCF.soc                        = OFF
SCF.soc_window                 = 1.8e+00 [AU]
SCF.print_bandgap              = OFF
SCF.print_time                 = OFF

OPT.opt_method                 = BFGS
OPT.max_cycle                  = 0
OPT.eps_engy                   = 4.0e-06 [AU]
OPT.eps_grad                   = 4.0e-04 [AU]
OPT.trust_limit                = 3.0e-01 [AU]
OPT.damp_factor                = 0.0e+00
OPT.opt_mix_method             = NONE
OPT.opt_mix_start              = 1
OPT.opt_mix_space              = 5
OPT.opt_mix_alpha              = 3.0e-01
OPT.neb_method                 = FIRE
OPT.neb_lclimb                 = ON
OPT.neb_interp                 = IDPP
OPT.neb_nimage                 = 5
OPT.neb_spring                 = 1.0e-02 [AU]
OPT.neb_maxstep                = 7.6e-02 [AU]

PROP.calculation               = NONE
FREQ.freq_method               = FREE2
FREQ.fd_stepsize               = 2.8e-02 [AU]
DOS.dos_method                 = GAUSS
DOS.dos_sigma                  = 3.7e-03 [AU]
DOS.dos_npoint                 = 1001
DOS.dos_emin                   = 0.0e+00 [AU]
DOS.dos_emax                   = 0.0e+00 [AU]

OPT.mdx_ensemble               = NVE
OPT.mdx_thermostat             = NHC
OPT.mdx_max_step               = 0
OPT.mdx_timestep               = 4.0e+01 [AU]
OPT.mdx_temperature            = 9.5e-04 [AU]
OPT.mdx_pressure               = 0.0e+00 [AU]
OPT.mdx_thermo_tau             = 4.0e+03 [AU]
OPT.mdx_baro_tau               = 2.0e+04 [AU]
OPT.mdx_nhc_length             = 3
OPT.mdx_nhc_mts                = 3
OPT.mdx_constraint             = OFF
OPT.mdx_constraint_tol         = 1.0e-10
OPT.mdx_rng_seed               = 42

K-points mesh = 3 3 3

xc functional: "HSE06"
is hybrid: YES
HFX coeff: 0.25

Basis Set Name: "dzvp-sr"
number of shell = 4
number of basis = 11
gmesh = 43 43 43

Pseudopotential Name: "gth-pbe"
number of valence electron = 4

SCF Calculation.
K sampling = 3 3 3
[IGUESS] MINAO initial guess done. naofn = 11  nkpot = 27
[NELEC] step = 0  nelec = 4  neInt = 0.787743  dnelc = -3.2122572194e+00
[ENERG] step = 0  eTotl = -4.42444751  eCore = -0.86373358  eCoul = 0.07517999  eExcl = -0.24370219  eNucl = -3.39219173  eDisp = 0.00000000
[ERROR] step = 0  engy error =  0.0000000000e+00  grad error =  0.0000000000e+00  dmat error =  0.0000000000e+00
Timer "SCF cycle: 0" used time: 58.84761 s.

[NELEC] step = 1  nelec = 4  neInt = 4.000000  dnelc =  7.4988903975e-12
[ENERG] step = 1  eTotl = -8.01861721  eCore = -4.51061174  eCoul = 2.19408387  eExcl = -2.30989760  eNucl = -3.39219173  eDisp = 0.00000000
[ERROR] step = 1  engy error = -3.5941696971e+00  grad error =  0.0000000000e+00  dmat error =  3.1752902822e+01
Timer "SCF cycle: 1" used time: 54.05903 s.

[NELEC] step = 2  nelec = 4  neInt = 4.000000  dnelc =  4.6362913508e-12
[ENERG] step = 2  eTotl = -8.05251317  eCore = -4.50196126  eCoul = 2.13582633  eExcl = -2.29418651  eNucl = -3.39219173  eDisp = 0.00000000
[ERROR] step = 2  engy error = -3.3895964407e-02  grad error =  0.0000000000e+00  dmat error =  1.4940949152e+01
Timer "SCF cycle: 2" used time: 49.22160 s.

[NELEC] step = 3  nelec = 4  neInt = 4.000000  dnelc =  1.4512835378e-12
[ENERG] step = 3  eTotl = -8.08487972  eCore = -4.43936246  eCoul = 1.98203026  eExcl = -2.23535578  eNucl = -3.39219173  eDisp = 0.00000000
[ERROR] step = 3  engy error = -3.2366544443e-02  grad error =  0.0000000000e+00  dmat error =  1.6617815881e+01
Timer "SCF cycle: 3" used time: 49.28647 s.

[NELEC] step = 4  nelec = 4  neInt = 4.000000  dnelc =  1.4708234630e-12
[ENERG] step = 4  eTotl = -8.08498259  eCore = -4.43972730  eCoul = 1.97933721  eExcl = -2.23240076  eNucl = -3.39219173  eDisp = 0.00000000
[ERROR] step = 4  engy error = -1.0287493614e-04  grad error =  0.0000000000e+00  dmat error =  8.7375489965e-02
Timer "SCF cycle: 4" used time: 50.30592 s.

[NELEC] step = 5  nelec = 4  neInt = 4.000000  dnelc =  1.4912515667e-12
[ENERG] step = 5  eTotl = -8.08500170  eCore = -4.44030741  eCoul = 1.97771552  eExcl = -2.23021809  eNucl = -3.39219173  eDisp = 0.00000000
[ERROR] step = 5  engy error = -1.9114390501e-05  grad error =  0.0000000000e+00  dmat error =  6.0615457722e-02
Timer "SCF cycle: 5" used time: 49.86265 s.

[NELEC] step = 6  nelec = 4  neInt = 4.000000  dnelc =  1.4850343177e-12
[ENERG] step = 6  eTotl = -8.08500325  eCore = -4.44044622  eCoul = 1.97852542  eExcl = -2.23089071  eNucl = -3.39219173  eDisp = 0.00000000
[ERROR] step = 6  engy error = -1.5422510398e-06  grad error =  0.0000000000e+00  dmat error =  3.0845369440e-02
Timer "SCF cycle: 6" used time: 49.86739 s.

[NELEC] step = 7  nelec = 4  neInt = 4.000000  dnelc =  1.4894752098e-12
[ENERG] step = 7  eTotl = -8.08500325  eCore = -4.44043194  eCoul = 1.97852715  eExcl = -2.23090672  eNucl = -3.39219173  eDisp = 0.00000000
[ERROR] step = 7  engy error =  1.1815330936e-09  grad error =  0.0000000000e+00  dmat error =  2.5956130160e-04
SCF converged in 7 steps.
Kylin-PBC Done.
Timer "Kylin-PBC main" used time: 412.1166 s.
