Kylin-PBC: v1.0.0

System time = 2026-10-01 11:46:54

OMP threads = 32

KYLIN_PBC_ROOT = "/home/rudin/code/kylin-pbc"
KYLIN_SCR_PATH = "/tmp"
KYLIN_JOB_PATH = "/home/rudin/tmp-review-nk/Si2-k222-LSDF"

SCF.xcfun                      = HSE06
SCF.basis                      = dzvp-sr
SCF.psudo                      = gth-pbe
SCF.kmesh                      = 2 2 2
SCF.gmesh                      = 6.0e-01
SCF.ispin                      = OFF
SCF.dspin                      = 0
SCF.eps_engy                   = 3.7e-09 [AU]
SCF.eps_grad                   = 1.0e-05 [AU]
SCF.eps_dmat                   = 1.0e-03
SCF.chk_load                   = 
SCF.chk_save                   = 
SCF.scf_guess                  = ATOM
SCF.max_cycle                  = 200
SCF.vdw_method                 = NONE
SCF.coul_method                = MGDF
SCF.xchg_method                = LSDF
SCF.xchg_exxocc                = OFF
SCF.xchg_exxace                = NONE
SCF.xchg_robust                = NONE
SCF.xchg_exxdiv                = EWALD
SCF.xchg_dropG0                = ON
SCF.lsdf_cparam                = 60
SCF.lsdf_mparam                = 5
SCF.lsdf_ipslct                = QRCP
SCF.lsdf_chocut                = 1.0e-08
SCF.lsdf_atmcut                = 2.5e+01
SCF.lsdf_aovcut                = 1.0e-07
SCF.lsdf_swzcut                = 0.0e+00
SCF.lsdf_pnocut                = 0.0e+00
SCF.lsdf_nafcut                = 0.0e+00
SCF.mgdf_ntasks                = 4
SCF.mgdf_kratio                = 3.0e+00
SCF.mgdf_cutoff                = 3.0e+02 [AU]
SCF.mgdf_relcut                = 3.0e+01
SCF.mgdf_prprec                = 1.0e-14
SCF.dmx_mix_method             = NONE
SCF.dmx_mix_start              = 1
SCF.dmx_mix_space              = 8
SCF.dmx_mix_alpha              = 3.0e-01
SCF.rho_mix_method             = NONE
SCF.rho_mix_start              = 1
SCF.rho_mix_space              = 8
SCF.rho_mix_alpha              = 3.0e-01
SCF.hks_mix_method             = BROY
SCF.hks_mix_start              = 1
SCF.hks_mix_space              = 8
SCF.hks_mix_alpha              = 3.0e-01
SCF.damp_factor                = 0.0e+00
SCF.level_shift                = 0.0e+00 [AU]
SCF.smear_method               = NONE
SCF.smear_sigma                = 0.0e+00 [AU]
SCF.soc                        = OFF
SCF.soc_window                 = 1.8e+00 [AU]
SCF.print_bandgap              = OFF
SCF.print_time                 = ON

OPT.opt_method                 = BFGS
OPT.max_cycle                  = 0
OPT.eps_engy                   = 4.0e-06 [AU]
OPT.eps_grad                   = 4.0e-04 [AU]
OPT.trust_limit                = 3.0e-01 [AU]
OPT.damp_factor                = 0.0e+00
OPT.opt_mix_method             = NONE
OPT.opt_mix_start              = 1
OPT.opt_mix_space              = 5
OPT.opt_mix_alpha              = 3.0e-01
OPT.neb_method                 = FIRE
OPT.neb_lclimb                 = ON
OPT.neb_interp                 = IDPP
OPT.neb_nimage                 = 5
OPT.neb_spring                 = 1.0e-02 [AU]
OPT.neb_maxstep                = 7.6e-02 [AU]

PROP.calculation               = NONE
FREQ.freq_method               = FREE2
FREQ.fd_stepsize               = 2.8e-02 [AU]
DOS.dos_method                 = GAUSS
DOS.dos_sigma                  = 3.7e-03 [AU]
DOS.dos_npoint                 = 1001
DOS.dos_emin                   = 0.0e+00 [AU]
DOS.dos_emax                   = 0.0e+00 [AU]

OPT.mdx_ensemble               = NVE
OPT.mdx_thermostat             = NHC
OPT.mdx_max_step               = 0
OPT.mdx_timestep               = 4.0e+01 [AU]
OPT.mdx_temperature            = 9.5e-04 [AU]
OPT.mdx_pressure               = 0.0e+00 [AU]
OPT.mdx_thermo_tau             = 4.0e+03 [AU]
OPT.mdx_baro_tau               = 2.0e+04 [AU]
OPT.mdx_nhc_length             = 3
OPT.mdx_nhc_mts                = 3
OPT.mdx_constraint             = OFF
OPT.mdx_constraint_tol         = 1.0e-10
OPT.mdx_rng_seed               = 42

K-points mesh = 2 2 2

xc functional: "HSE06"
is hybrid: YES
HFX coeff: 0.25

Basis Set Name: "dzvp-sr"
number of shell = 6
number of basis = 26
gmesh = 25 25 25

Pseudopotential Name: "gth-pbe"
number of valence electron = 8

SCF Calculation.
K sampling = 2 2 2
[LSDF-K] gmesh = (25, 25, 25), nkpts = 8, naofn = 26, natom = 2
Timer "[LSDF-K] Voronoi partition" used time: 0.000452 s.
[LSDF-K]   atom 0: 7690 grid points, 13 AOs
[LSDF-K]   atom 1: 7935 grid points, 13 AOs
[LSDF-K]   atom 0: 26 / 26 AOs kept after screening
[LSDF-K]   atom 1: 26 / 26 AOs kept after screening
Timer "[LSDF-K] AO evaluation + screening" used time: 0.076550 s.
[LSDF-K]   atom 0: 785 IPs selected
[LSDF-K]   atom 1: 785 IPs selected
[LSDF-K]   total IPs: 1570 (10.0480% of grid)
Timer "[LSDF-K] IP selection" used time: 1.742959 s.
[LSDF-K]   aux fitting over k-summed pair products (Nk = 8)
[LSDF-K]   atom 0: aux_basis (785 x 7690), nao_local = 26
[LSDF-K]   atom 1: aux_basis (785 x 7935), nao_local = 26
Timer "[LSDF-K] aux basis fitting" used time: 0.566967 s.
[LSDF-K]   W_k[0]: (1570 x 1570)
[LSDF-K]   W_k[1]: (1570 x 1570)
[LSDF-K]   W_k[2]: (1570 x 1570)
[LSDF-K]   W_k[3]: (1570 x 1570)
[LSDF-K]   W_k[4]: (1570 x 1570)
[LSDF-K]   W_k[5]: (1570 x 1570)
[LSDF-K]   W_k[6]: (1570 x 1570)
[LSDF-K]   W_k[7]: (1570 x 1570)
Timer "[LSDF-K] W_k construction" used time: 11.27904 s.
Timer "[LSDF-K] W_k k-mesh DFT" used time: 0.114045 s.
Timer "[LSDF-K] aovals_pivots" used time: 0.009804 s.
Timer "LSDF-K build" used time: 13.79132 s.
[LSDF-K] build complete: naux = 1570
[IGUESS] MINAO initial guess done. naofn = 26  nkpot = 8
Timer "SCF::update_rhoR" used time: 0.046323 s.
Timer "SCF::update_rhoG" used time: 0.008663 s.
Timer "SCF::update_epsv" used time: 0.115287 s.
Timer "SCF::update_vhxc" used time: 0.054605 s.
Timer "SCF::update_xchg" used time: 0.196703 s.
Timer "SCF::update_engy" used time: 0.000309 s.
[NELEC] step = 0  nelec = 8  neInt = 8.160857  dnelc =  1.6085675803e-01
[ENERG] step = 0  eTotl = -7.81554386  eCore = 2.50017058  eCoul = 0.59588361  eExcl = -2.51915797  eNucl = -8.39244008  eDisp = 0.00000000
[ERROR] step = 0  engy error =  0.0000000000e+00  grad error =  0.0000000000e+00  dmat error =  0.0000000000e+00
Timer "SCF cycle: 0" used time: 0.446243 s.

Timer "SCF::solve_eigen" used time: 0.002357 s.
Timer "SCF::update_rhoR" used time: 0.044633 s.
Timer "SCF::update_rhoG" used time: 0.007170 s.
Timer "SCF::update_rhoG" used time: 0.007059 s.
Timer "SCF::update_epsv" used time: 0.116405 s.
Timer "SCF::update_vhxc" used time: 0.054720 s.
Timer "SCF::update_xchg" used time: 0.194369 s.
Timer "SCF::update_engy" used time: 0.000295 s.
[NELEC] step = 1  nelec = 8  neInt = 8.000000  dnelc = -2.3092638912e-12
[ENERG] step = 1  eTotl = -7.78160195  eCore = 2.44968311  eCoul = 0.61336150  eExcl = -2.45220649  eNucl = -8.39244008  eDisp = 0.00000000
[ERROR] step = 1  engy error =  3.3941908182e-02  grad error =  0.0000000000e+00  dmat error =  1.6065125269e+00
Timer "SCF cycle: 1" used time: 0.436312 s.

Timer "SCF::solve_eigen" used time: 0.001112 s.
Timer "SCF::update_rhoR" used time: 0.045036 s.
Timer "SCF::update_rhoG" used time: 0.007223 s.
Timer "SCF::update_rhoG" used time: 0.007131 s.
Timer "SCF::update_epsv" used time: 0.114002 s.
Timer "SCF::update_vhxc" used time: 0.054788 s.
Timer "SCF::update_xchg" used time: 0.190912 s.
Timer "SCF::update_engy" used time: 0.000295 s.
[NELEC] step = 2  nelec = 8  neInt = 8.000000  dnelc = -2.3137047833e-12
[ENERG] step = 2  eTotl = -7.78215053  eCore = 2.44757134  eCoul = 0.61681407  eExcl = -2.45409586  eNucl = -8.39244008  eDisp = 0.00000000
[ERROR] step = 2  engy error = -5.4857801924e-04  grad error =  0.0000000000e+00  dmat error =  2.0498380440e-02
Timer "SCF cycle: 2" used time: 0.429902 s.

Timer "SCF::solve_eigen" used time: 0.001073 s.
Timer "SCF::update_rhoR" used time: 0.044566 s.
Timer "SCF::update_rhoG" used time: 0.007166 s.
Timer "SCF::update_rhoG" used time: 0.007112 s.
Timer "SCF::update_epsv" used time: 0.114147 s.
Timer "SCF::update_vhxc" used time: 0.054558 s.
Timer "SCF::update_xchg" used time: 0.193485 s.
Timer "SCF::update_engy" used time: 0.000289 s.
[NELEC] step = 3  nelec = 8  neInt = 8.000000  dnelc = -2.3234747459e-12
[ENERG] step = 3  eTotl = -7.78271021  eCore = 2.44353642  eCoul = 0.62468329  eExcl = -2.45848984  eNucl = -8.39244008  eDisp = 0.00000000
[ERROR] step = 3  engy error = -5.5967322657e-04  grad error =  0.0000000000e+00  dmat error =  5.0523740939e-02
Timer "SCF cycle: 3" used time: 0.432117 s.

Timer "SCF::solve_eigen" used time: 0.001105 s.
Timer "SCF::update_rhoR" used time: 0.044518 s.
Timer "SCF::update_rhoG" used time: 0.007175 s.
Timer "SCF::update_rhoG" used time: 0.007057 s.
Timer "SCF::update_epsv" used time: 0.114169 s.
Timer "SCF::update_vhxc" used time: 0.055182 s.
Timer "SCF::update_xchg" used time: 0.194144 s.
Timer "SCF::update_engy" used time: 0.000299 s.
[NELEC] step = 4  nelec = 8  neInt = 8.000000  dnelc = -2.3270274596e-12
[ENERG] step = 4  eTotl = -7.78271544  eCore = 2.44403337  eCoul = 0.62394807  eExcl = -2.45825681  eNucl = -8.39244008  eDisp = 0.00000000
[ERROR] step = 4  engy error = -5.2394644348e-06  grad error =  0.0000000000e+00  dmat error =  4.2796319166e-03
Timer "SCF cycle: 4" used time: 0.433001 s.

Timer "SCF::solve_eigen" used time: 0.001115 s.
Timer "SCF::update_rhoR" used time: 0.044949 s.
Timer "SCF::update_rhoG" used time: 0.007315 s.
Timer "SCF::update_rhoG" used time: 0.007121 s.
Timer "SCF::update_epsv" used time: 0.114189 s.
Timer "SCF::update_vhxc" used time: 0.054009 s.
Timer "SCF::update_xchg" used time: 0.191671 s.
Timer "SCF::update_engy" used time: 0.000288 s.
[NELEC] step = 5  nelec = 8  neInt = 8.000000  dnelc = -2.3234747459e-12
[ENERG] step = 5  eTotl = -7.78271556  eCore = 2.44408093  eCoul = 0.62387892  eExcl = -2.45823533  eNucl = -8.39244008  eDisp = 0.00000000
[ERROR] step = 5  engy error = -1.1778999998e-07  grad error =  0.0000000000e+00  dmat error =  4.5860670647e-04
Timer "SCF cycle: 5" used time: 0.430554 s.

Timer "SCF::solve_eigen" used time: 0.001102 s.
Timer "SCF::update_rhoR" used time: 0.044526 s.
Timer "SCF::update_rhoG" used time: 0.007234 s.
Timer "SCF::update_rhoG" used time: 0.007033 s.
Timer "SCF::update_epsv" used time: 0.114089 s.
Timer "SCF::update_vhxc" used time: 0.054873 s.
Timer "SCF::update_xchg" used time: 0.194160 s.
Timer "SCF::update_engy" used time: 0.000292 s.
[NELEC] step = 6  nelec = 8  neInt = 8.000000  dnelc = -2.3261392812e-12
[ENERG] step = 6  eTotl = -7.78271563  eCore = 2.44409217  eCoul = 0.62387891  eExcl = -2.45824663  eNucl = -8.39244008  eDisp = 0.00000000
[ERROR] step = 6  engy error = -6.9898510979e-08  grad error =  0.0000000000e+00  dmat error =  6.0011902772e-04
Timer "SCF cycle: 6" used time: 0.433117 s.

Timer "SCF::solve_eigen" used time: 0.001097 s.
Timer "SCF::update_rhoR" used time: 0.044427 s.
Timer "SCF::update_rhoG" used time: 0.007195 s.
Timer "SCF::update_rhoG" used time: 0.007148 s.
Timer "SCF::update_epsv" used time: 0.114119 s.
Timer "SCF::update_vhxc" used time: 0.054840 s.
Timer "SCF::update_xchg" used time: 0.193273 s.
Timer "SCF::update_engy" used time: 0.000293 s.
[NELEC] step = 7  nelec = 8  neInt = 8.000000  dnelc = -2.3279156380e-12
[ENERG] step = 7  eTotl = -7.78271563  eCore = 2.44409257  eCoul = 0.62387983  eExcl = -2.45824795  eNucl = -8.39244008  eDisp = 0.00000000
[ERROR] step = 7  engy error = -1.3275469612e-09  grad error =  0.0000000000e+00  dmat error =  4.1638897468e-05
SCF converged in 7 steps.
Kylin-PBC Done.
Timer "Kylin-PBC main" used time: 17.56620 s.
