Kylin-PBC: v1.0.0

System time = 2026-09-30 20:18:17

OMP threads = 32

KYLIN_PBC_ROOT = "/home/rudin/code/kylin-pbc"
KYLIN_SCR_PATH = "/tmp"
KYLIN_JOB_PATH = "/home/rudin/tmp-review-ionic/CsI16/none/c10"

SCF.xcfun                      = HSE06
SCF.basis                      = dzvp-sr
SCF.psudo                      = gth-pbe
SCF.kmesh                      = 1 1 1
SCF.gmesh                      = 5.0e-01
SCF.ispin                      = OFF
SCF.dspin                      = 0
SCF.eps_engy                   = 3.7e-09 [AU]
SCF.eps_grad                   = 1.0e-05 [AU]
SCF.eps_dmat                   = 1.0e-03
SCF.chk_load                   = 
SCF.chk_save                   = 
SCF.scf_guess                  = ATOM
SCF.max_cycle                  = 200
SCF.vdw_method                 = NONE
SCF.coul_method                = MGDF
SCF.xchg_method                = LSDF
SCF.xchg_exxocc                = OFF
SCF.xchg_exxace                = NONE
SCF.xchg_robust                = NONE
SCF.xchg_exxdiv                = EWALD
SCF.xchg_dropG0                = ON
SCF.lsdf_cparam                = 10
SCF.lsdf_mparam                = 5
SCF.lsdf_ipslct                = QRCP
SCF.lsdf_chocut                = 1.0e-08
SCF.lsdf_atmcut                = 2.5e+01
SCF.lsdf_aovcut                = 1.0e-07
SCF.lsdf_swzcut                = 0.0e+00
SCF.lsdf_pnocut                = 0.0e+00
SCF.lsdf_nafcut                = 0.0e+00
SCF.mgdf_ntasks                = 4
SCF.mgdf_kratio                = 3.0e+00
SCF.mgdf_cutoff                = 3.0e+02 [AU]
SCF.mgdf_relcut                = 3.0e+01
SCF.mgdf_prprec                = 1.0e-14
SCF.dmx_mix_method             = NONE
SCF.dmx_mix_start              = 1
SCF.dmx_mix_space              = 8
SCF.dmx_mix_alpha              = 3.0e-01
SCF.rho_mix_method             = NONE
SCF.rho_mix_start              = 1
SCF.rho_mix_space              = 8
SCF.rho_mix_alpha              = 3.0e-01
SCF.hks_mix_method             = BROY
SCF.hks_mix_start              = 1
SCF.hks_mix_space              = 8
SCF.hks_mix_alpha              = 3.0e-01
SCF.damp_factor                = 0.0e+00
SCF.level_shift                = 0.0e+00 [AU]
SCF.smear_method               = NONE
SCF.smear_sigma                = 0.0e+00 [AU]
SCF.soc                        = OFF
SCF.soc_window                 = 1.8e+00 [AU]
SCF.print_bandgap              = OFF
SCF.print_time                 = OFF

OPT.opt_method                 = BFGS
OPT.max_cycle                  = 1
OPT.eps_engy                   = 4.0e-06 [AU]
OPT.eps_grad                   = 4.0e-04 [AU]
OPT.trust_limit                = 3.0e-01 [AU]
OPT.damp_factor                = 0.0e+00
OPT.opt_mix_method             = NONE
OPT.opt_mix_start              = 1
OPT.opt_mix_space              = 5
OPT.opt_mix_alpha              = 3.0e-01
OPT.neb_method                 = FIRE
OPT.neb_lclimb                 = ON
OPT.neb_interp                 = IDPP
OPT.neb_nimage                 = 5
OPT.neb_spring                 = 1.0e-02 [AU]
OPT.neb_maxstep                = 7.6e-02 [AU]

PROP.calculation               = NONE
FREQ.freq_method               = FREE2
FREQ.fd_stepsize               = 2.8e-02 [AU]
DOS.dos_method                 = GAUSS
DOS.dos_sigma                  = 3.7e-03 [AU]
DOS.dos_npoint                 = 1001
DOS.dos_emin                   = 0.0e+00 [AU]
DOS.dos_emax                   = 0.0e+00 [AU]

OPT.mdx_ensemble               = NVE
OPT.mdx_thermostat             = NHC
OPT.mdx_max_step               = 0
OPT.mdx_timestep               = 4.0e+01 [AU]
OPT.mdx_temperature            = 9.5e-04 [AU]
OPT.mdx_pressure               = 0.0e+00 [AU]
OPT.mdx_thermo_tau             = 4.0e+03 [AU]
OPT.mdx_baro_tau               = 2.0e+04 [AU]
OPT.mdx_nhc_length             = 3
OPT.mdx_nhc_mts                = 3
OPT.mdx_constraint             = OFF
OPT.mdx_constraint_tol         = 1.0e-10
OPT.mdx_rng_seed               = 42

K-points mesh = 1 1 1

xc functional: "HSE06"
is hybrid: YES
HFX coeff: 0.25

Basis Set Name: "dzvp-sr"
number of shell = 48
number of basis = 216
gmesh = 44 44 44

Pseudopotential Name: "gth-pbe"
number of valence electron = 128

OPT Calculation.

==============================================================
                   Geometry Optimization                      
==============================================================
  method      = BFGS
  max_cycle   = 1
  eps_engy    = 4.000000e-06
  eps_grad    = 4.000000e-04
  trust_limit = 0.300000
  natom       = 16
  nfree       = 48 / 48
==============================================================

--------------------------------------------------------------
  OPT step 0
--------------------------------------------------------------
[OPT] Cell structure (Angstrom):
       9.13400000       0.00000000       0.00000000
       0.00000000       9.13400000       0.00000000
       0.00000000       0.00000000       9.13400000

Cart
Cs         0.00000000       0.00000000       0.00000000   T T T
I          2.38350000       2.33350000       2.31350000   T T T
Cs         0.00000000       0.00000000       4.56700000   T T T
I          2.28350000       2.28350000       6.85050000   T T T
Cs         0.00000000       4.56700000       0.00000000   T T T
I          2.28350000       6.85050000       2.28350000   T T T
Cs         0.00000000       4.56700000       4.56700000   T T T
I          2.28350000       6.85050000       6.85050000   T T T
Cs         4.56700000       0.00000000       0.00000000   T T T
I          6.85050000       2.28350000       2.28350000   T T T
Cs         4.56700000       0.00000000       4.56700000   T T T
I          6.85050000       2.28350000       6.85050000   T T T
Cs         4.56700000       4.56700000       0.00000000   T T T
I          6.85050000       6.85050000       2.28350000   T T T
Cs         4.56700000       4.56700000       4.56700000   T T T
I          6.85050000       6.85050000       6.85050000   T T T

[OPT] Cell written to /home/rudin/tmp-review-ionic/CsI16/none/c10/opt_img/cell_opt_0.txt
[LSDF] gmesh = (44, 44, 44), ngrid = 85184, naofn = 216, natom = 16
Timer "[LSDF] Voronoi partition" used time: 0.002977 s.
Timer "[LSDF] AO evaluation + screening" used time: 0.330250 s.
[LSDF] IP method: randomized QRCP (c=10, m=5)
[LSDF] total IPs selected: 2240 (2.6296% of grid)
Timer "[LSDF] IP selection" used time: 0.135755 s.
Timer "[LSDF] aux basis fitting" used time: 0.045507 s.
[LSDF] Step 5 diagnostics: natom=16, ngrid=85184, naux_total=2240
[LSDF]   OMP threads=32, MKL threads=32
[LSDF]   Vmat_loc total size: 2240 x 85184 = 1.42 GB
Timer "[LSDF]   5a Vmat_loc alloc+FFT" used time: 0.075851 s.
[LSDF]   W size: 2240 x 2240 = 38.28 MB, max_npart=5347
Timer "[LSDF]   5b W construction (DGEMM)" used time: 0.039437 s.
Timer "[LSDF]   5c Wmat symmetrize" used time: 0.002210 s.
[LSDF]   robust_mode=NONE: freeing Vmat_loc
Timer "[LSDF] V/W construction" used time: 0.201379 s.
[LSDF] xchg phases: A=0.001 s, B(K_W)=0.006 s, C(K_V)=0.000 s, E(reduce)=0.000 s
[NELEC] step = 0  nelec = 128  neInt = 128.000000  dnelc = -2.7990125773e-09
[ENERG] step = 0  eTotl = -251.72074414  eCore = -20.81066899  eCoul = 30.26755899  eExcl = -43.40876103  eNucl = -217.76887312  eDisp = 0.00000000
[ERROR] step = 0  engy error =  0.0000000000e+00  grad error =  0.0000000000e+00  dmat error =  0.0000000000e+00
Timer "SCF cycle: 0" used time: 2.289431 s.

[LSDF] xchg phases: A=0.002 s, B(K_W)=0.005 s, C(K_V)=0.000 s, E(reduce)=0.000 s
[NELEC] step = 1  nelec = 128  neInt = 128.000000  dnelc =  7.9293727140e-10
[ENERG] step = 1  eTotl = -253.68849194  eCore = -24.16413549  eCoul = 32.49426341  eExcl = -44.24974674  eNucl = -217.76887312  eDisp = 0.00000000
[ERROR] step = 1  engy error = -1.9677477990e+00  grad error =  0.0000000000e+00  dmat error =  1.0316594684e+00
Timer "SCF cycle: 1" used time: 2.306893 s.

[LSDF] xchg phases: A=0.002 s, B(K_W)=0.008 s, C(K_V)=0.000 s, E(reduce)=0.000 s
[NELEC] step = 2  nelec = 128  neInt = 128.000000  dnelc =  6.2584604166e-11
[ENERG] step = 2  eTotl = -253.69427858  eCore = -24.08303848  eCoul = 32.38946804  eExcl = -44.23183503  eNucl = -217.76887312  eDisp = 0.00000000
[ERROR] step = 2  engy error = -5.7866342072e-03  grad error =  0.0000000000e+00  dmat error =  1.2029515193e-01
Timer "SCF cycle: 2" used time: 2.373558 s.

[LSDF] xchg phases: A=0.000 s, B(K_W)=0.003 s, C(K_V)=0.000 s, E(reduce)=0.000 s
[NELEC] step = 3  nelec = 128  neInt = 128.000000  dnelc = -1.2484946410e-09
[ENERG] step = 3  eTotl = -253.69812905  eCore = -23.90986656  eCoul = 32.16794401  eExcl = -44.18733339  eNucl = -217.76887312  eDisp = 0.00000000
[ERROR] step = 3  engy error = -3.8504781552e-03  grad error =  0.0000000000e+00  dmat error =  2.3551503373e-01
Timer "SCF cycle: 3" used time: 2.234683 s.

[LSDF] xchg phases: A=0.002 s, B(K_W)=0.012 s, C(K_V)=0.000 s, E(reduce)=0.000 s
[NELEC] step = 4  nelec = 128  neInt = 128.000000  dnelc = -1.0282121821e-09
[ENERG] step = 4  eTotl = -253.69833171  eCore = -23.92394207  eCoul = 32.18228344  eExcl = -44.18779996  eNucl = -217.76887312  eDisp = 0.00000000
[ERROR] step = 4  engy error = -2.0265203133e-04  grad error =  0.0000000000e+00  dmat error =  3.1656639108e-02
Timer "SCF cycle: 4" used time: 2.399783 s.

[LSDF] xchg phases: A=0.000 s, B(K_W)=0.002 s, C(K_V)=0.000 s, E(reduce)=0.000 s
[NELEC] step = 5  nelec = 128  neInt = 128.000000  dnelc = -9.2001073426e-10
[ENERG] step = 5  eTotl = -253.69835054  eCore = -23.93446076  eCoul = 32.19588477  eExcl = -44.19090142  eNucl = -217.76887312  eDisp = 0.00000000
[ERROR] step = 5  engy error = -1.8833275647e-05  grad error =  0.0000000000e+00  dmat error =  1.5125666321e-02
Timer "SCF cycle: 5" used time: 2.270954 s.

[LSDF] xchg phases: A=0.000 s, B(K_W)=0.002 s, C(K_V)=0.000 s, E(reduce)=0.000 s
[NELEC] step = 6  nelec = 128  neInt = 128.000000  dnelc = -9.0579987955e-10
[ENERG] step = 6  eTotl = -253.69835166  eCore = -23.93761951  eCoul = 32.20098418  eExcl = -44.19284321  eNucl = -217.76887312  eDisp = 0.00000000
[ERROR] step = 6  engy error = -1.1168906440e-06  grad error =  0.0000000000e+00  dmat error =  1.7275000022e-03
Timer "SCF cycle: 6" used time: 2.220576 s.

[LSDF] xchg phases: A=0.000 s, B(K_W)=0.002 s, C(K_V)=0.000 s, E(reduce)=0.000 s
[NELEC] step = 7  nelec = 128  neInt = 128.000000  dnelc = -8.9814022886e-10
[ENERG] step = 7  eTotl = -253.69835174  eCore = -23.93859792  eCoul = 32.20242435  eExcl = -44.19330505  eNucl = -217.76887312  eDisp = 0.00000000
[ERROR] step = 7  engy error = -8.5122167093e-08  grad error =  0.0000000000e+00  dmat error =  9.3041338003e-04
Timer "SCF cycle: 7" used time: 2.252521 s.

[NELEC] step = 8  nelec = 128  neInt = 128.000000  dnelc = -8.9782759005e-10
[ENERG] step = 8  eTotl = -253.69835171  eCore = -23.93884282  eCoul = 32.20287507  eExcl = -44.19351085  eNucl = -217.76887312  eDisp = 0.00000000
[ERROR] step = 8  engy error =  2.8059304213e-08  grad error =  0.0000000000e+00  dmat error =  7.0426550585e-05
Timer "SCF cycle: 8" used time: 2.348048 s.

[NELEC] step = 9  nelec = 128  neInt = 128.000000  dnelc = -8.9741547527e-10
[ENERG] step = 9  eTotl = -253.69835173  eCore = -23.93879482  eCoul = 32.20277869  eExcl = -44.19346248  eNucl = -217.76887312  eDisp = 0.00000000
[ERROR] step = 9  engy error = -1.5627193761e-08  grad error =  0.0000000000e+00  dmat error =  3.7254270615e-05
Timer "SCF cycle: 9" used time: 2.292072 s.

[NELEC] step = 10  nelec = 128  neInt = 128.000000  dnelc = -8.9731599928e-10
[ENERG] step = 10  eTotl = -253.69835173  eCore = -23.93878163  eCoul = 32.20275197  eExcl = -44.19344896  eNucl = -217.76887312  eDisp = 0.00000000
[ERROR] step = 10  engy error = -2.4965913781e-09  grad error =  0.0000000000e+00  dmat error =  1.2207085355e-05
SCF converged in 10 steps.
[LSDF] xchg_d10: robust_mode=NONE, no V data -> full-grid FFT path
[GRADIENT] SCF type: GRKS | atoms: 16 | DOF: 48 | time: 35.639 s
  Atom   0:  -1.6712302782e-04  -1.4248435405e-04   3.0721568528e-05
  Atom   1:   1.5337058709e-03   7.7520465065e-04   4.7211929671e-04
  Atom   2:  -6.3870105477e-05  -5.0523769037e-05  -5.9054767414e-05
  Atom   3:   4.3040936052e-04   2.1303050655e-04  -2.9487986718e-04
  Atom   4:  -2.1284951057e-05   8.1149438413e-05  -1.3548582081e-04
  Atom   5:   4.2994998275e-04  -4.5762829786e-04   1.1621917971e-04
  Atom   6:   4.5515176566e-05  -5.1187547470e-05   7.7627255691e-05
  Atom   7:   1.1753835081e-04  -6.2552339231e-05  -2.8030205377e-05
  Atom   8:  -7.7195603824e-06  -7.1705287145e-05  -7.6611849862e-05
  Atom   9:  -8.8902034122e-04   2.0190877850e-04   1.4117578687e-04
  Atom  10:  -1.8272359995e-04   9.0830279937e-05  -4.0279012516e-05
  Atom  11:  -1.2296800233e-04   3.3519940519e-05  -3.0638277705e-05
  Atom  12:  -2.4591837406e-04  -8.6577383488e-05   1.5870841236e-04
  Atom  13:  -1.1770438351e-04  -4.6029283375e-05   4.7434352872e-05
  Atom  14:  -3.7555170725e-04  -2.4970052760e-04  -2.7491446435e-04
  Atom  15:  -3.6504985423e-04  -1.7790297086e-04  -1.0353079550e-04
[OPT] step = 0  energy = -253.6983517308  dE =               N/A  grad_max =  1.5337058709e-03  grad_rms =  3.3862279616e-04
[OPT] Geometry optimization did not converge in 1 steps.
Kylin-PBC Done.
Timer "Kylin-PBC main" used time: 63.40188 s.
