Kylin-PBC: v1.0.0

System time = 2026-06-28 02:29:39

OMP threads = 32

KYLIN_PBC_ROOT = "/home/rudin/code/kylin-pbc"
KYLIN_SCR_PATH = "/tmp"
KYLIN_JOB_PATH = "/home/rudin/code/kylin-pbc/art/example/scaling/cip-Si16-HSE06/full/c30"

SCF.xcfun                      = HSE06
SCF.basis                      = dzvp-sr
SCF.psudo                      = gth-pbe
SCF.kmesh                      = 1 1 1
SCF.gmesh                      = 5.0e-01
SCF.ispin                      = OFF
SCF.dspin                      = 0
SCF.eps_engy                   = 1.0e-06 [AU]
SCF.eps_grad                   = 1.0e-05 [AU]
SCF.eps_dmat                   = 1.0e-03
SCF.chk_load                   = 
SCF.chk_save                   = 
SCF.scf_guess                  = ATOM
SCF.max_cycle                  = 100
SCF.vdw_method                 = NONE
SCF.coul_method                = MGDF
SCF.xchg_method                = LSDF
SCF.xchg_exxocc                = OFF
SCF.xchg_exxace                = NONE
SCF.xchg_robust                = FULL
SCF.xchg_exxdiv                = NONE
SCF.xchg_dropG0                = OFF
SCF.lsdf_cparam                = 30
SCF.lsdf_mparam                = 5
SCF.lsdf_ipslct                = QRCP
SCF.lsdf_chocut                = 1.0e-08
SCF.lsdf_atmcut                = 2.5e+01
SCF.lsdf_aovcut                = 1.0e-07
SCF.lsdf_swzcut                = 0.0e+00
SCF.lsdf_pnocut                = 0.0e+00
SCF.lsdf_nafcut                = 0.0e+00
SCF.mgdf_ntasks                = 4
SCF.mgdf_kratio                = 3.0e+00
SCF.mgdf_cutoff                = 3.0e+02 [AU]
SCF.mgdf_relcut                = 3.0e+01
SCF.mgdf_prprec                = 1.0e-14
SCF.dmx_mix_method             = NONE
SCF.dmx_mix_start              = 1
SCF.dmx_mix_space              = 8
SCF.dmx_mix_alpha              = 3.0e-01
SCF.rho_mix_method             = NONE
SCF.rho_mix_start              = 1
SCF.rho_mix_space              = 8
SCF.rho_mix_alpha              = 3.0e-01
SCF.hks_mix_method             = BROY
SCF.hks_mix_start              = 1
SCF.hks_mix_space              = 8
SCF.hks_mix_alpha              = 3.0e-01
SCF.damp_factor                = 0.0e+00
SCF.level_shift                = 0.0e+00 [AU]
SCF.smear_method               = NONE
SCF.smear_sigma                = 0.0e+00 [AU]
SCF.soc                        = OFF
SCF.soc_window                 = 1.8e+00 [AU]
SCF.print_bandgap              = OFF
SCF.print_time                 = OFF

OPT.opt_method                 = BFGS
OPT.max_cycle                  = 1
OPT.eps_engy                   = 4.0e-06 [AU]
OPT.eps_grad                   = 4.0e-04 [AU]
OPT.trust_limit                = 3.0e-01 [AU]
OPT.damp_factor                = 0.0e+00
OPT.opt_mix_method             = NONE
OPT.opt_mix_start              = 1
OPT.opt_mix_space              = 5
OPT.opt_mix_alpha              = 3.0e-01
OPT.neb_method                 = FIRE
OPT.neb_lclimb                 = ON
OPT.neb_interp                 = IDPP
OPT.neb_nimage                 = 5
OPT.neb_spring                 = 1.0e-02 [AU]
OPT.neb_maxstep                = 7.6e-02 [AU]

PROP.calculation               = NONE
FREQ.freq_method               = FREE2
FREQ.fd_stepsize               = 2.8e-02 [AU]
DOS.dos_method                 = GAUSS
DOS.dos_sigma                  = 3.7e-03 [AU]
DOS.dos_npoint                 = 1001
DOS.dos_emin                   = 0.0e+00 [AU]
DOS.dos_emax                   = 0.0e+00 [AU]

OPT.mdx_ensemble               = NVE
OPT.mdx_thermostat             = NHC
OPT.mdx_max_step               = 0
OPT.mdx_timestep               = 4.0e+01 [AU]
OPT.mdx_temperature            = 9.5e-04 [AU]
OPT.mdx_pressure               = 0.0e+00 [AU]
OPT.mdx_thermo_tau             = 4.0e+03 [AU]
OPT.mdx_baro_tau               = 2.0e+04 [AU]
OPT.mdx_nhc_length             = 3
OPT.mdx_nhc_mts                = 3
OPT.mdx_constraint             = OFF
OPT.mdx_constraint_tol         = 1.0e-10
OPT.mdx_rng_seed               = 42

K-points mesh = 1 1 1

xc functional: "HSE06"
is hybrid: YES
HFX coeff: 0.25

Basis Set Name: "dzvp-sr"
number of shell = 48
number of basis = 208
gmesh = 29 29 57

Pseudopotential Name: "gth-pbe"
number of valence electron = 64

OPT Calculation.

==============================================================
                   Geometry Optimization                      
==============================================================
  method      = BFGS
  max_cycle   = 1
  eps_engy    = 4.000000e-06
  eps_grad    = 4.000000e-04
  trust_limit = 0.300000
  natom       = 16
  nfree       = 48 / 48
==============================================================

--------------------------------------------------------------
  OPT step 0
--------------------------------------------------------------
[OPT] Cell structure (Angstrom):
       5.43100000       0.00000000       0.00000000
       0.00000000       5.43100000       0.00000000
       0.00000000       0.00000000      10.86200000

Cart
Si         0.00000000       0.00000000       0.00000000   T T T
Si         0.00000000       2.71550000       2.71550000   T T T
Si         2.71550000       0.00000000       2.71550000   T T T
Si         2.71550000       2.71550000       0.00000000   T T T
Si         1.35775000       1.35775000       1.35775000   T T T
Si         1.35775000       4.07325000       4.07325000   T T T
Si         4.07325000       1.35775000       4.07325000   T T T
Si         4.07325000       4.07325000       1.35775000   T T T
Si         0.00000000       0.00000000       5.43100000   T T T
Si         0.00000000       2.71550000       8.14650000   T T T
Si         2.71550000       0.00000000       8.14650000   T T T
Si         2.71550000       2.71550000       5.43100000   T T T
Si         1.35775000       1.35775000       6.78875000   T T T
Si         1.35775000       4.07325000       9.50425000   T T T
Si         4.07325000       1.35775000       9.50425000   T T T
Si         4.07325000       4.07325000       6.78875000   T T T

[OPT] Cell written to /home/rudin/code/kylin-pbc/art/example/scaling/cip-Si16-HSE06/full/c30/opt_img/cell_opt_0.txt
[LSDF] gmesh = (29, 29, 57), ngrid = 47937, naofn = 208, natom = 16
Timer "[LSDF] Voronoi partition" used time: 0.001543 s.
Timer "[LSDF] AO evaluation + screening" used time: 0.171937 s.
[LSDF] IP method: randomized QRCP (c=30, m=5)
[LSDF] total IPs selected: 6320 (13.1840% of grid)
Timer "[LSDF] IP selection" used time: 0.221453 s.
Timer "[LSDF] aux basis fitting" used time: 0.056327 s.
[LSDF] Step 5 diagnostics: natom=16, ngrid=47937, naux_total=6320
[LSDF]   OMP threads=32, MKL threads=32
[LSDF]   Vmat_loc total size: 6320 x 47937 = 2.26 GB
Timer "[LSDF]   5a Vmat_loc alloc+FFT" used time: 0.242686 s.
[LSDF]   W size: 6320 x 6320 = 304.74 MB, max_npart=3140
Timer "[LSDF]   5b W construction (DGEMM)" used time: 0.084437 s.
Timer "[LSDF]   5c Wmat symmetrize" used time: 0.016387 s.
[LSDF]   robust_mode=FULL: keeping Vmat_loc (2.26 GB) in atom ordering
Timer "[LSDF] V/W construction" used time: 0.343588 s.
[LSDF] xchg phases: A=0.001 s, B(K_W)=0.021 s, C(K_V)=0.154 s, E(reduce)=0.001 s
[NELEC] step = 0  nelec = 64  neInt = 64.000000  dnelc =  2.1927348826e-11
[ENERG] step = 0  eTotl = -62.95986895  eCore = 19.62269416  eCoul = 4.69090466  eExcl = -20.09006553  eNucl = -67.18340225  eDisp = 0.00000000
[ERROR] step = 0  engy error =  0.0000000000e+00  grad error =  0.0000000000e+00  dmat error =  0.0000000000e+00
Timer "SCF cycle: 0" used time: 1.172916 s.

[LSDF] xchg phases: A=0.000 s, B(K_W)=0.021 s, C(K_V)=0.113 s, E(reduce)=0.001 s
[NELEC] step = 1  nelec = 64  neInt = 64.000000  dnelc =  2.9018565328e-11
[ENERG] step = 1  eTotl = -63.16699076  eCore = 19.34636652  eCoul = 4.50595217  eExcl = -19.83590719  eNucl = -67.18340225  eDisp = 0.00000000
[ERROR] step = 1  engy error = -2.0712180505e-01  grad error =  0.0000000000e+00  dmat error =  1.1563091815e+00
Timer "SCF cycle: 1" used time: 1.126892 s.

[LSDF] xchg phases: A=0.003 s, B(K_W)=0.021 s, C(K_V)=0.179 s, E(reduce)=0.001 s
[NELEC] step = 2  nelec = 64  neInt = 64.000000  dnelc =  2.9316993277e-11
[ENERG] step = 2  eTotl = -63.17257937  eCore = 19.32256779  eCoul = 4.54429324  eExcl = -19.85603815  eNucl = -67.18340225  eDisp = 0.00000000
[ERROR] step = 2  engy error = -5.5886144996e-03  grad error =  0.0000000000e+00  dmat error =  1.7025680702e-02
Timer "SCF cycle: 2" used time: 1.182121 s.

[LSDF] xchg phases: A=0.000 s, B(K_W)=0.021 s, C(K_V)=0.139 s, E(reduce)=0.001 s
[NELEC] step = 3  nelec = 64  neInt = 64.000000  dnelc =  3.0212277125e-11
[ENERG] step = 3  eTotl = -63.17846157  eCore = 19.27690929  eCoul = 4.62972962  eExcl = -19.90169823  eNucl = -67.18340225  eDisp = 0.00000000
[ERROR] step = 3  engy error = -5.8822015267e-03  grad error =  0.0000000000e+00  dmat error =  4.1778058772e-02
Timer "SCF cycle: 3" used time: 1.142813 s.

[LSDF] xchg phases: A=0.002 s, B(K_W)=0.024 s, C(K_V)=0.109 s, E(reduce)=0.001 s
[NELEC] step = 4  nelec = 64  neInt = 64.000000  dnelc =  3.0127011996e-11
[ENERG] step = 4  eTotl = -63.17852229  eCore = 19.28145152  eCoul = 4.62364720  eExcl = -19.90021875  eNucl = -67.18340225  eDisp = 0.00000000
[ERROR] step = 4  engy error = -6.0713647365e-05  grad error =  0.0000000000e+00  dmat error =  6.1804971210e-03
Timer "SCF cycle: 4" used time: 1.138921 s.

[LSDF] xchg phases: A=0.000 s, B(K_W)=0.031 s, C(K_V)=0.117 s, E(reduce)=0.001 s
[NELEC] step = 5  nelec = 64  neInt = 64.000000  dnelc =  3.0055957723e-11
[ENERG] step = 5  eTotl = -63.17852390  eCore = 19.28164602  eCoul = 4.62352717  eExcl = -19.90029484  eNucl = -67.18340225  eDisp = 0.00000000
[ERROR] step = 5  engy error = -1.6143545594e-06  grad error =  0.0000000000e+00  dmat error =  6.4670838346e-04
Timer "SCF cycle: 5" used time: 1.151423 s.

[LSDF] xchg phases: A=0.000 s, B(K_W)=0.033 s, C(K_V)=0.158 s, E(reduce)=0.001 s
[NELEC] step = 6  nelec = 64  neInt = 64.000000  dnelc =  3.0070168577e-11
[ENERG] step = 6  eTotl = -63.17852441  eCore = 19.28150016  eCoul = 4.62396238  eExcl = -19.90058469  eNucl = -67.18340225  eDisp = 0.00000000
[ERROR] step = 6  engy error = -5.1128847645e-07  grad error =  0.0000000000e+00  dmat error =  4.8225073206e-04
SCF converged in 6 steps.
[LSDF] xchg_d10: ISDF-robust path (K_V + K_V~ - K_IP)
[GRADIENT] SCF type: GRKS | atoms: 16 | DOF: 48 | time: 14.709 s
  Atom   0:  -2.0134365978e-09  -2.7704720961e-09  -5.4618285135e-09
  Atom   1:  -1.4624680330e-09  -1.8346217962e-09   3.5195472294e-07
  Atom   2:  -2.2607477437e-09  -2.0605100211e-10   3.5515104732e-07
  Atom   3:   4.2256894714e-09  -1.1493645685e-11  -4.2946367501e-09
  Atom   4:  -4.1525991799e-07  -4.1212969081e-07   9.1823629148e-07
  Atom   5:  -4.1207612576e-07   4.1585960376e-07   1.0011027656e-06
  Atom   6:   4.2333448904e-07  -4.2156196441e-07   9.9786568873e-07
  Atom   7:   4.2061325212e-07   4.1702494832e-07   9.2614398239e-07
  Atom   8:  -1.9343400198e-09   6.1369378536e-09  -4.0035023782e-09
  Atom   9:   9.2932756900e-10  -4.7535242030e-09  -3.4977651828e-07
  Atom  10:   1.6093173618e-09   5.7352744673e-09  -3.5562364059e-07
  Atom  11:   8.8876551155e-10  -3.0687212988e-09  -2.3058579773e-09
  Atom  12:  -4.1596471152e-07  -4.1541545059e-07  -9.9901305469e-07
  Atom  13:  -4.0924861451e-07   4.1576294231e-07  -9.1801147414e-07
  Atom  14:   4.1987496108e-07  -4.2650742992e-07  -9.2333200123e-07
  Atom  15:   4.1865528480e-07   4.1999696050e-07  -9.9941226002e-07
[OPT] step = 0  energy = -63.1785244112  dE =               N/A  grad_max =  1.0011027656e-06  grad_rms =  4.7166861417e-07
[OPT] Geometry optimization did not converge in 1 steps.
Kylin-PBC Done.
Timer "Kylin-PBC main" used time: 24.84298 s.
