Kylin-PBC: v1.0.0

System time = 2026-06-23 22:11:28

OMP threads = 32

KYLIN_PBC_ROOT = "/home/rudin/code/kylin-pbc"
KYLIN_SCR_PATH = "/nvme"
KYLIN_JOB_PATH = "/home/rudin/code/kylin-pbc/art/example/extern/Si-PBE-k333-kylin-MGDF"

SCF.xcfun                      = PBE
SCF.basis                      = dzvp-sr
SCF.psudo                      = gth-pbe
SCF.kmesh                      = 3 3 3
SCF.gmesh                      = 6.0e-01
SCF.ispin                      = OFF
SCF.dspin                      = 0
SCF.eps_engy                   = 3.7e-09 [AU]
SCF.eps_grad                   = 1.0e-05 [AU]
SCF.eps_dmat                   = 1.0e-03
SCF.chk_load                   = 
SCF.chk_save                   = 
SCF.scf_guess                  = ATOM
SCF.max_cycle                  = 200
SCF.vdw_method                 = NONE
SCF.coul_method                = MGDF
SCF.xchg_method                = LSDF
SCF.xchg_exxocc                = OFF
SCF.xchg_exxace                = NONE
SCF.xchg_robust                = TILE
SCF.xchg_exxdiv                = NONE
SCF.lsdf_cparam                = 30
SCF.lsdf_mparam                = 5
SCF.lsdf_ipslct                = QRCP
SCF.lsdf_chocut                = 1.0e-08
SCF.lsdf_atmcut                = 2.5e+01
SCF.lsdf_aovcut                = 1.0e-07
SCF.lsdf_swzcut                = 0.0e+00
SCF.lsdf_pnocut                = 0.0e+00
SCF.lsdf_nafcut                = 0.0e+00
SCF.mgdf_ntasks                = 4
SCF.mgdf_kratio                = 3.0e+00
SCF.mgdf_cutoff                = 3.0e+02 [AU]
SCF.mgdf_relcut                = 3.0e+01
SCF.mgdf_prprec                = 1.0e-14
SCF.dmx_mix_method             = NONE
SCF.dmx_mix_start              = 1
SCF.dmx_mix_space              = 8
SCF.dmx_mix_alpha              = 3.0e-01
SCF.rho_mix_method             = NONE
SCF.rho_mix_start              = 1
SCF.rho_mix_space              = 8
SCF.rho_mix_alpha              = 3.0e-01
SCF.hks_mix_method             = BROY
SCF.hks_mix_start              = 1
SCF.hks_mix_space              = 8
SCF.hks_mix_alpha              = 3.0e-01
SCF.damp_factor                = 0.0e+00
SCF.level_shift                = 0.0e+00 [AU]
SCF.smear_method               = NONE
SCF.smear_sigma                = 0.0e+00 [AU]
SCF.soc                        = OFF
SCF.soc_window                 = 1.8e+00 [AU]
SCF.print_bandgap              = ON
SCF.print_time                 = OFF

OPT.opt_method                 = BFGS
OPT.max_cycle                  = 0
OPT.eps_engy                   = 4.0e-06 [AU]
OPT.eps_grad                   = 4.0e-04 [AU]
OPT.trust_limit                = 3.0e-01 [AU]
OPT.damp_factor                = 0.0e+00
OPT.opt_mix_method             = NONE
OPT.opt_mix_start              = 1
OPT.opt_mix_space              = 5
OPT.opt_mix_alpha              = 3.0e-01
OPT.neb_method                 = FIRE
OPT.neb_lclimb                 = ON
OPT.neb_interp                 = IDPP
OPT.neb_nimage                 = 5
OPT.neb_spring                 = 1.0e-02 [AU]
OPT.neb_maxstep                = 7.6e-02 [AU]

PROP.calculation               = NONE
FREQ.freq_method               = FREE2
FREQ.fd_stepsize               = 2.8e-02 [AU]
DOS.dos_method                 = GAUSS
DOS.dos_sigma                  = 3.7e-03 [AU]
DOS.dos_npoint                 = 1001
DOS.dos_emin                   = 0.0e+00 [AU]
DOS.dos_emax                   = 0.0e+00 [AU]

OPT.mdx_ensemble               = NVE
OPT.mdx_thermostat             = NHC
OPT.mdx_max_step               = 0
OPT.mdx_timestep               = 4.0e+01 [AU]
OPT.mdx_temperature            = 9.5e-04 [AU]
OPT.mdx_pressure               = 0.0e+00 [AU]
OPT.mdx_thermo_tau             = 4.0e+03 [AU]
OPT.mdx_baro_tau               = 2.0e+04 [AU]
OPT.mdx_nhc_length             = 3
OPT.mdx_nhc_mts                = 3
OPT.mdx_constraint             = OFF
OPT.mdx_constraint_tol         = 1.0e-10
OPT.mdx_rng_seed               = 42

K-points mesh = 3 3 3

xc functional: "PBE"
is hybrid: NO

Basis Set Name: "dzvp-sr"
number of shell = 6
number of basis = 26
gmesh = 25 25 25

Pseudopotential Name: "gth-pbe"
number of valence electron = 8

SCF Calculation.
K sampling = 3 3 3
[IGUESS] MINAO initial guess done. naofn = 26  nkpot = 27
[NELEC] step = 0  nelec = 8  neInt = 8.164970  dnelc =  1.6497037851e-01
[ENERG] step = 0  eTotl = -7.79080367  eCore = 2.50495043  eCoul = 0.59464670  eExcl = -2.49247552  eNucl = -8.39792528  eDisp = 0.00000000
[ERROR] step = 0  engy error =  0.0000000000e+00  grad error =  0.0000000000e+00  dmat error =  0.0000000000e+00
Timer "SCF cycle: 0" used time: 0.235495 s.

[NELEC] step = 1  nelec = 8  neInt = 8.000000  dnelc = -1.1457501614e-12
[ENERG] step = 1  eTotl = -7.84994586  eCore = 2.41380714  eCoul = 0.55094082  eExcl = -2.41676854  eNucl = -8.39792528  eDisp = 0.00000000
[ERROR] step = 1  engy error = -5.9142186683e-02  grad error =  0.0000000000e+00  dmat error =  1.6056617661e+00
Timer "SCF cycle: 1" used time: 0.196166 s.

[NELEC] step = 2  nelec = 8  neInt = 8.000000  dnelc = -1.1484146967e-12
[ENERG] step = 2  eTotl = -7.85008152  eCore = 2.41072414  eCoul = 0.55588275  eExcl = -2.41876313  eNucl = -8.39792528  eDisp = 0.00000000
[ERROR] step = 2  engy error = -1.3566074551e-04  grad error =  0.0000000000e+00  dmat error =  8.5980560978e-03
Timer "SCF cycle: 2" used time: 0.190016 s.

[NELEC] step = 3  nelec = 8  neInt = 8.000000  dnelc = -1.1581846593e-12
[ENERG] step = 3  eTotl = -7.85017042  eCore = 2.40516076  eCoul = 0.56505943  eExcl = -2.42246533  eNucl = -8.39792528  eDisp = 0.00000000
[ERROR] step = 3  engy error = -8.8903346117e-05  grad error =  0.0000000000e+00  dmat error =  1.5925885404e-02
Timer "SCF cycle: 3" used time: 0.200298 s.

[NELEC] step = 4  nelec = 8  neInt = 8.000000  dnelc = -1.1546319456e-12
[ENERG] step = 4  eTotl = -7.85017149  eCore = 2.40566821  eCoul = 0.56418977  eExcl = -2.42210419  eNucl = -8.39792528  eDisp = 0.00000000
[ERROR] step = 4  engy error = -1.0708894349e-06  grad error =  0.0000000000e+00  dmat error =  2.2173186647e-03
Timer "SCF cycle: 4" used time: 0.195073 s.

[NELEC] step = 5  nelec = 8  neInt = 8.000000  dnelc = -1.1555201240e-12
[ENERG] step = 5  eTotl = -7.85017149  eCore = 2.40567960  eCoul = 0.56417066  eExcl = -2.42209647  eNucl = -8.39792528  eDisp = 0.00000000
[ERROR] step = 5  engy error = -2.6435920120e-10  grad error =  0.0000000000e+00  dmat error =  3.4836928863e-05
SCF converged in 5 steps.

  Band Gap Analysis (per k-point)
  k-pt    spin         HOMO (eV)       LUMO (eV)        Gap (eV)
  -----------------------------------------------------------
  0       0             6.303748        8.876068        2.572320
  1       0             5.305069        8.085250        2.780181
  2       0             5.305069        8.085250        2.780181
  3       0             5.305069        8.085250        2.780181
  4       0             3.880183        7.052848        3.172665
  5       0             4.187773        7.893051        3.705278
  6       0             5.305069        8.085250        2.780181
  7       0             4.187773        7.893051        3.705278
  8       0             3.880183        7.052848        3.172665
  9       0             5.305069        8.085250        2.780181
  10      0             3.880183        7.052848        3.172665
  11      0             4.187773        7.893051        3.705278
  12      0             3.880183        7.052848        3.172665
  13      0             5.305069        8.085250        2.780181
  14      0             4.187773        7.893051        3.705278
  15      0             4.187773        7.893051        3.705278
  16      0             4.187773        7.893051        3.705278
  17      0             4.187773        7.893051        3.705278
  18      0             5.305069        8.085250        2.780181
  19      0             4.187773        7.893051        3.705278
  20      0             3.880183        7.052848        3.172665
  21      0             4.187773        7.893051        3.705278
  22      0             4.187773        7.893051        3.705278
  23      0             4.187773        7.893051        3.705278
  24      0             3.880183        7.052848        3.172665
  25      0             4.187773        7.893051        3.705278
  26      0             5.305069        8.085250        2.780181
  -----------------------------------------------------------
  VBM =       6.303748 eV    CBM =       7.052848 eV    Band Gap =       0.749100 eV

Kylin-PBC Done.
Timer "Kylin-PBC main" used time: 1.625217 s.
