Kylin-PBC: v1.0.0

System time = 2026-09-30 20:35:56

OMP threads = 32

KYLIN_PBC_ROOT = "/home/rudin/code/kylin-pbc"
KYLIN_SCR_PATH = "/tmp"
KYLIN_JOB_PATH = "/home/rudin/tmp-review-ionic/LiH16/chol/t1e-07"

SCF.xcfun                      = HSE06
SCF.basis                      = dzvp-sr
SCF.psudo                      = gth-pbe
SCF.kmesh                      = 1 1 1
SCF.gmesh                      = 5.0e-01
SCF.ispin                      = OFF
SCF.dspin                      = 0
SCF.eps_engy                   = 3.7e-09 [AU]
SCF.eps_grad                   = 1.0e-05 [AU]
SCF.eps_dmat                   = 1.0e-03
SCF.chk_load                   = 
SCF.chk_save                   = 
SCF.scf_guess                  = ATOM
SCF.max_cycle                  = 200
SCF.vdw_method                 = NONE
SCF.coul_method                = MGDF
SCF.xchg_method                = LSDF
SCF.xchg_exxocc                = OFF
SCF.xchg_exxace                = NONE
SCF.xchg_robust                = FULL
SCF.xchg_exxdiv                = EWALD
SCF.xchg_dropG0                = ON
SCF.lsdf_cparam                = 30
SCF.lsdf_mparam                = 5
SCF.lsdf_ipslct                = CHOL
SCF.lsdf_chocut                = 1.0e-07
SCF.lsdf_atmcut                = 2.5e+01
SCF.lsdf_aovcut                = 1.0e-07
SCF.lsdf_swzcut                = 0.0e+00
SCF.lsdf_pnocut                = 0.0e+00
SCF.lsdf_nafcut                = 0.0e+00
SCF.mgdf_ntasks                = 4
SCF.mgdf_kratio                = 3.0e+00
SCF.mgdf_cutoff                = 3.0e+02 [AU]
SCF.mgdf_relcut                = 3.0e+01
SCF.mgdf_prprec                = 1.0e-14
SCF.dmx_mix_method             = NONE
SCF.dmx_mix_start              = 1
SCF.dmx_mix_space              = 8
SCF.dmx_mix_alpha              = 3.0e-01
SCF.rho_mix_method             = NONE
SCF.rho_mix_start              = 1
SCF.rho_mix_space              = 8
SCF.rho_mix_alpha              = 3.0e-01
SCF.hks_mix_method             = BROY
SCF.hks_mix_start              = 1
SCF.hks_mix_space              = 8
SCF.hks_mix_alpha              = 3.0e-01
SCF.damp_factor                = 0.0e+00
SCF.level_shift                = 0.0e+00 [AU]
SCF.smear_method               = NONE
SCF.smear_sigma                = 0.0e+00 [AU]
SCF.soc                        = OFF
SCF.soc_window                 = 1.8e+00 [AU]
SCF.print_bandgap              = OFF
SCF.print_time                 = OFF

OPT.opt_method                 = BFGS
OPT.max_cycle                  = 1
OPT.eps_engy                   = 4.0e-06 [AU]
OPT.eps_grad                   = 4.0e-04 [AU]
OPT.trust_limit                = 3.0e-01 [AU]
OPT.damp_factor                = 0.0e+00
OPT.opt_mix_method             = NONE
OPT.opt_mix_start              = 1
OPT.opt_mix_space              = 5
OPT.opt_mix_alpha              = 3.0e-01
OPT.neb_method                 = FIRE
OPT.neb_lclimb                 = ON
OPT.neb_interp                 = IDPP
OPT.neb_nimage                 = 5
OPT.neb_spring                 = 1.0e-02 [AU]
OPT.neb_maxstep                = 7.6e-02 [AU]

PROP.calculation               = NONE
FREQ.freq_method               = FREE2
FREQ.fd_stepsize               = 2.8e-02 [AU]
DOS.dos_method                 = GAUSS
DOS.dos_sigma                  = 3.7e-03 [AU]
DOS.dos_npoint                 = 1001
DOS.dos_emin                   = 0.0e+00 [AU]
DOS.dos_emax                   = 0.0e+00 [AU]

OPT.mdx_ensemble               = NVE
OPT.mdx_thermostat             = NHC
OPT.mdx_max_step               = 0
OPT.mdx_timestep               = 4.0e+01 [AU]
OPT.mdx_temperature            = 9.5e-04 [AU]
OPT.mdx_pressure               = 0.0e+00 [AU]
OPT.mdx_thermo_tau             = 4.0e+03 [AU]
OPT.mdx_baro_tau               = 2.0e+04 [AU]
OPT.mdx_nhc_length             = 3
OPT.mdx_nhc_mts                = 3
OPT.mdx_constraint             = OFF
OPT.mdx_constraint_tol         = 1.0e-10
OPT.mdx_rng_seed               = 42

K-points mesh = 1 1 1

xc functional: "HSE06"
is hybrid: YES
HFX coeff: 0.25

Basis Set Name: "dzvp-sr"
number of shell = 32
number of basis = 88
gmesh = 50 50 99

Pseudopotential Name: "gth-pbe"
number of valence electron = 32

OPT Calculation.

==============================================================
                   Geometry Optimization                      
==============================================================
  method      = BFGS
  max_cycle   = 1
  eps_engy    = 4.000000e-06
  eps_grad    = 4.000000e-04
  trust_limit = 0.300000
  natom       = 16
  nfree       = 48 / 48
==============================================================

--------------------------------------------------------------
  OPT step 0
--------------------------------------------------------------
[OPT] Cell structure (Angstrom):
       4.08300000       0.00000000       0.00000000
       0.00000000       4.08300000       0.00000000
       0.00000000       0.00000000       8.16600000

Cart
Li         0.00000000       0.00000000       0.00000000   T T T
Li         0.10000000       2.09150000       2.07150000   T T T
Li         2.04150000       0.00000000       2.04150000   T T T
Li         2.04150000       2.04150000       0.00000000   T T T
H          2.04150000       2.04150000       2.04150000   T T T
H          2.04150000       4.08300000       4.08300000   T T T
H          4.08300000       2.04150000       4.08300000   T T T
H          4.08300000       4.08300000       2.04150000   T T T
Li         0.00000000       0.00000000       4.08300000   T T T
Li         0.00000000       2.04150000       6.12450000   T T T
Li         2.04150000       0.00000000       6.12450000   T T T
Li         2.04150000       2.04150000       4.08300000   T T T
H          2.04150000       2.04150000       6.12450000   T T T
H          2.04150000       4.08300000       8.16600000   T T T
H          4.08300000       2.04150000       8.16600000   T T T
H          4.08300000       4.08300000       6.12450000   T T T

[OPT] Cell written to /home/rudin/tmp-review-ionic/LiH16/chol/t1e-07/opt_img/cell_opt_0.txt
[LSDF] gmesh = (50, 50, 99), ngrid = 247500, naofn = 88, natom = 16
Timer "[LSDF] Voronoi partition" used time: 0.004722 s.
Timer "[LSDF] AO evaluation + screening" used time: 1.157220 s.
[LSDF] IP method: pivoted Cholesky (thresh = 1.00e-07)
[LSDF] total IPs selected: 2377 (0.9604% of grid)
Timer "[LSDF] IP selection" used time: 0.846592 s.
Timer "[LSDF] aux basis fitting" used time: 0.134948 s.
[LSDF] Step 5 diagnostics: natom=16, ngrid=247500, naux_total=2377
[LSDF]   OMP threads=32, MKL threads=32
[LSDF]   Vmat_loc total size: 2377 x 247500 = 4.38 GB
Timer "[LSDF]   5a Vmat_loc alloc+FFT" used time: 0.266378 s.
[LSDF]   W size: 2377 x 2377 = 43.11 MB, max_npart=15655
Timer "[LSDF]   5b W construction (DGEMM)" used time: 0.064486 s.
Timer "[LSDF]   5c Wmat symmetrize" used time: 0.001780 s.
[LSDF]   robust_mode=FULL: keeping Vmat_loc (4.38 GB) in atom ordering
Timer "[LSDF] V/W construction" used time: 0.332692 s.
[LSDF] xchg phases: A=0.000 s, B(K_W)=0.001 s, C(K_V)=0.086 s, E(reduce)=0.000 s
[NELEC] step = 0  nelec = 32  neInt = 32.000000  dnelc =  1.4702898454e-08
[ENERG] step = 0  eTotl = -59.09358094  eCore = -24.56285827  eCoul = 7.55157688  eExcl = -14.93240630  eNucl = -27.14989324  eDisp = 0.00000000
[ERROR] step = 0  engy error =  0.0000000000e+00  grad error =  0.0000000000e+00  dmat error =  0.0000000000e+00
Timer "SCF cycle: 0" used time: 0.900583 s.

[LSDF] xchg phases: A=0.000 s, B(K_W)=0.002 s, C(K_V)=0.180 s, E(reduce)=0.000 s
[NELEC] step = 1  nelec = 32  neInt = 32.000001  dnelc =  6.7076825161e-07
[ENERG] step = 1  eTotl = -64.07224878  eCore = -35.36109788  eCoul = 17.06112396  eExcl = -18.62238162  eNucl = -27.14989324  eDisp = 0.00000000
[ERROR] step = 1  engy error = -4.9786678463e+00  grad error =  0.0000000000e+00  dmat error =  6.2777686223e+00
Timer "SCF cycle: 1" used time: 0.981674 s.

[LSDF] xchg phases: A=0.000 s, B(K_W)=0.001 s, C(K_V)=0.079 s, E(reduce)=0.000 s
[NELEC] step = 2  nelec = 32  neInt = 32.000000  dnelc =  4.4038350211e-07
[ENERG] step = 2  eTotl = -64.14250658  eCore = -35.24529004  eCoul = 16.75855731  eExcl = -18.50588061  eNucl = -27.14989324  eDisp = 0.00000000
[ERROR] step = 2  engy error = -7.0257797671e-02  grad error =  0.0000000000e+00  dmat error =  1.7950806261e+00
Timer "SCF cycle: 2" used time: 0.857082 s.

[LSDF] xchg phases: A=0.000 s, B(K_W)=0.001 s, C(K_V)=0.225 s, E(reduce)=0.000 s
[NELEC] step = 3  nelec = 32  neInt = 32.000000  dnelc = -6.3064820921e-08
[ENERG] step = 3  eTotl = -64.20211009  eCore = -34.87368705  eCoul = 16.03347445  eExcl = -18.21200425  eNucl = -27.14989324  eDisp = 0.00000000
[ERROR] step = 3  engy error = -5.9603509023e-02  grad error =  0.0000000000e+00  dmat error =  2.5111659532e+00
Timer "SCF cycle: 3" used time: 1.011329 s.

[LSDF] xchg phases: A=0.000 s, B(K_W)=0.001 s, C(K_V)=0.158 s, E(reduce)=0.000 s
[NELEC] step = 4  nelec = 32  neInt = 32.000000  dnelc = -4.3743302314e-08
[ENERG] step = 4  eTotl = -64.20283541  eCore = -34.89521050  eCoul = 16.06080465  eExcl = -18.21853632  eNucl = -27.14989324  eDisp = 0.00000000
[ERROR] step = 4  engy error = -7.2531781107e-04  grad error =  0.0000000000e+00  dmat error =  7.8956633191e-02
Timer "SCF cycle: 4" used time: 0.944183 s.

[LSDF] xchg phases: A=0.000 s, B(K_W)=0.001 s, C(K_V)=0.079 s, E(reduce)=0.000 s
[NELEC] step = 5  nelec = 32  neInt = 32.000000  dnelc = -2.3944036087e-08
[ENERG] step = 5  eTotl = -64.20303824  eCore = -34.91550602  eCoul = 16.08933776  eExcl = -18.22697674  eNucl = -27.14989324  eDisp = 0.00000000
[ERROR] step = 5  engy error = -2.0283538142e-04  grad error =  0.0000000000e+00  dmat error =  7.6534114873e-02
Timer "SCF cycle: 5" used time: 0.859954 s.

[LSDF] xchg phases: A=0.000 s, B(K_W)=0.001 s, C(K_V)=0.102 s, E(reduce)=0.000 s
[NELEC] step = 6  nelec = 32  neInt = 32.000000  dnelc = -2.2184590165e-08
[ENERG] step = 6  eTotl = -64.20304100  eCore = -34.91693673  eCoul = 16.09199541  eExcl = -18.22820644  eNucl = -27.14989324  eDisp = 0.00000000
[ERROR] step = 6  engy error = -2.7546235373e-06  grad error =  0.0000000000e+00  dmat error =  6.9668678335e-03
Timer "SCF cycle: 6" used time: 0.880399 s.

[LSDF] xchg phases: A=0.000 s, B(K_W)=0.001 s, C(K_V)=0.109 s, E(reduce)=0.000 s
[NELEC] step = 7  nelec = 32  neInt = 32.000000  dnelc = -2.1887071711e-08
[ENERG] step = 7  eTotl = -64.20304124  eCore = -34.91690218  eCoul = 16.09257489  eExcl = -18.22882071  eNucl = -27.14989324  eDisp = 0.00000000
[ERROR] step = 7  engy error = -2.4351896855e-07  grad error =  0.0000000000e+00  dmat error =  1.8268112544e-03
Timer "SCF cycle: 7" used time: 0.889918 s.

[NELEC] step = 8  nelec = 32  neInt = 32.000000  dnelc = -2.2028057600e-08
[ENERG] step = 8  eTotl = -64.20304123  eCore = -34.91675366  eCoul = 16.09237720  eExcl = -18.22877153  eNucl = -27.14989324  eDisp = 0.00000000
[ERROR] step = 8  engy error =  1.5318818214e-08  grad error =  0.0000000000e+00  dmat error =  5.6934510968e-04
Timer "SCF cycle: 8" used time: 0.928137 s.

[NELEC] step = 9  nelec = 32  neInt = 32.000000  dnelc = -2.1957173857e-08
[ENERG] step = 9  eTotl = -64.20304123  eCore = -34.91681577  eCoul = 16.09248283  eExcl = -18.22881505  eNucl = -27.14989324  eDisp = 0.00000000
[ERROR] step = 9  engy error = -3.5651339658e-09  grad error =  0.0000000000e+00  dmat error =  2.7438439453e-04
SCF converged in 9 steps.
[LSDF] xchg_d10: ISDF-robust path (K_V + K_V~ - K_IP)
[GRADIENT] SCF type: GRKS | atoms: 16 | DOF: 48 | time: 29.984 s
  Atom   0:  -5.3957669697e-04  -5.8289739143e-04  -2.4889269389e-04
  Atom   1:  -5.3866817990e-03  -2.8330708756e-03  -7.3423323603e-04
  Atom   2:  -3.0103853673e-03  -1.5336898541e-03   5.6646338309e-04
  Atom   3:  -1.1659256678e-03  -2.7755216528e-04  -2.3022362305e-04
  Atom   4:   8.8708107036e-03   1.8885697930e-03  -1.5027021154e-04
  Atom   5:  -5.6250703128e-06   6.0386931011e-06   1.5971106789e-04
  Atom   6:  -3.3689468511e-04  -1.4774196245e-04   1.1928298655e-03
  Atom   7:   3.7200078236e-03   4.5438146960e-03  -1.3972808807e-04
  Atom   8:  -5.4403782212e-04  -6.5210453757e-04  -6.9924177683e-04
  Atom   9:  -1.0989781999e-04  -5.5673377929e-05  -1.0564745989e-03
  Atom  10:   1.4169625793e-06  -2.2392523686e-06  -7.9797679659e-04
  Atom  11:  -1.3027356905e-03  -2.7815657024e-04  -7.3048056296e-04
  Atom  12:   2.5966880333e-05   9.7597622733e-06   6.9633769342e-04
  Atom  13:  -2.4058333445e-05  -4.1908806911e-06  -1.1313964479e-05
  Atom  14:  -2.2235996188e-04  -9.3383061372e-05   1.4964449869e-03
  Atom  15:   2.2209165420e-05   1.5437054845e-05   6.9543929917e-04
[OPT] step = 0  energy = -64.2030412287  dE =               N/A  grad_max =  8.8708107036e-03  grad_rms =  1.9279882270e-03
[OPT] Geometry optimization did not converge in 1 steps.
Kylin-PBC Done.
Timer "Kylin-PBC main" used time: 43.25379 s.
