Kylin-PBC: v1.0.0

System time = 2026-09-30 20:06:32

OMP threads = 32

KYLIN_PBC_ROOT = "/home/rudin/code/kylin-pbc"
KYLIN_SCR_PATH = "/tmp"
KYLIN_JOB_PATH = "/home/rudin/tmp-review-ionic/BN16/none/c60"

SCF.xcfun                      = HSE06
SCF.basis                      = dzvp-sr
SCF.psudo                      = gth-pbe
SCF.kmesh                      = 1 1 1
SCF.gmesh                      = 5.0e-01
SCF.ispin                      = OFF
SCF.dspin                      = 0
SCF.eps_engy                   = 3.7e-09 [AU]
SCF.eps_grad                   = 1.0e-05 [AU]
SCF.eps_dmat                   = 1.0e-03
SCF.chk_load                   = 
SCF.chk_save                   = 
SCF.scf_guess                  = ATOM
SCF.max_cycle                  = 200
SCF.vdw_method                 = NONE
SCF.coul_method                = MGDF
SCF.xchg_method                = LSDF
SCF.xchg_exxocc                = OFF
SCF.xchg_exxace                = NONE
SCF.xchg_robust                = NONE
SCF.xchg_exxdiv                = EWALD
SCF.xchg_dropG0                = ON
SCF.lsdf_cparam                = 60
SCF.lsdf_mparam                = 5
SCF.lsdf_ipslct                = QRCP
SCF.lsdf_chocut                = 1.0e-08
SCF.lsdf_atmcut                = 2.5e+01
SCF.lsdf_aovcut                = 1.0e-07
SCF.lsdf_swzcut                = 0.0e+00
SCF.lsdf_pnocut                = 0.0e+00
SCF.lsdf_nafcut                = 0.0e+00
SCF.mgdf_ntasks                = 4
SCF.mgdf_kratio                = 3.0e+00
SCF.mgdf_cutoff                = 3.0e+02 [AU]
SCF.mgdf_relcut                = 3.0e+01
SCF.mgdf_prprec                = 1.0e-14
SCF.dmx_mix_method             = NONE
SCF.dmx_mix_start              = 1
SCF.dmx_mix_space              = 8
SCF.dmx_mix_alpha              = 3.0e-01
SCF.rho_mix_method             = NONE
SCF.rho_mix_start              = 1
SCF.rho_mix_space              = 8
SCF.rho_mix_alpha              = 3.0e-01
SCF.hks_mix_method             = BROY
SCF.hks_mix_start              = 1
SCF.hks_mix_space              = 8
SCF.hks_mix_alpha              = 3.0e-01
SCF.damp_factor                = 0.0e+00
SCF.level_shift                = 0.0e+00 [AU]
SCF.smear_method               = NONE
SCF.smear_sigma                = 0.0e+00 [AU]
SCF.soc                        = OFF
SCF.soc_window                 = 1.8e+00 [AU]
SCF.print_bandgap              = OFF
SCF.print_time                 = OFF

OPT.opt_method                 = BFGS
OPT.max_cycle                  = 1
OPT.eps_engy                   = 4.0e-06 [AU]
OPT.eps_grad                   = 4.0e-04 [AU]
OPT.trust_limit                = 3.0e-01 [AU]
OPT.damp_factor                = 0.0e+00
OPT.opt_mix_method             = NONE
OPT.opt_mix_start              = 1
OPT.opt_mix_space              = 5
OPT.opt_mix_alpha              = 3.0e-01
OPT.neb_method                 = FIRE
OPT.neb_lclimb                 = ON
OPT.neb_interp                 = IDPP
OPT.neb_nimage                 = 5
OPT.neb_spring                 = 1.0e-02 [AU]
OPT.neb_maxstep                = 7.6e-02 [AU]

PROP.calculation               = NONE
FREQ.freq_method               = FREE2
FREQ.fd_stepsize               = 2.8e-02 [AU]
DOS.dos_method                 = GAUSS
DOS.dos_sigma                  = 3.7e-03 [AU]
DOS.dos_npoint                 = 1001
DOS.dos_emin                   = 0.0e+00 [AU]
DOS.dos_emax                   = 0.0e+00 [AU]

OPT.mdx_ensemble               = NVE
OPT.mdx_thermostat             = NHC
OPT.mdx_max_step               = 0
OPT.mdx_timestep               = 4.0e+01 [AU]
OPT.mdx_temperature            = 9.5e-04 [AU]
OPT.mdx_pressure               = 0.0e+00 [AU]
OPT.mdx_thermo_tau             = 4.0e+03 [AU]
OPT.mdx_baro_tau               = 2.0e+04 [AU]
OPT.mdx_nhc_length             = 3
OPT.mdx_nhc_mts                = 3
OPT.mdx_constraint             = OFF
OPT.mdx_constraint_tol         = 1.0e-10
OPT.mdx_rng_seed               = 42

K-points mesh = 1 1 1

xc functional: "HSE06"
is hybrid: YES
HFX coeff: 0.25

Basis Set Name: "dzvp-sr"
number of shell = 48
number of basis = 208
gmesh = 44 44 87

Pseudopotential Name: "gth-pbe"
number of valence electron = 64

OPT Calculation.

==============================================================
                   Geometry Optimization                      
==============================================================
  method      = BFGS
  max_cycle   = 1
  eps_engy    = 4.000000e-06
  eps_grad    = 4.000000e-04
  trust_limit = 0.300000
  natom       = 16
  nfree       = 48 / 48
==============================================================

--------------------------------------------------------------
  OPT step 0
--------------------------------------------------------------
[OPT] Cell structure (Angstrom):
       3.61500000       0.00000000       0.00000000
       0.00000000       3.61500000       0.00000000
       0.00000000       0.00000000       7.23000000

Cart
B          0.00000000       0.00000000       0.00000000   T T T
B          0.10000000       1.85750000       1.83750000   T T T
B          1.80750000       0.00000000       1.80750000   T T T
B          1.80750000       1.80750000       0.00000000   T T T
N          0.90375000       0.90375000       0.90375000   T T T
N          0.90375000       2.71125000       2.71125000   T T T
N          2.71125000       0.90375000       2.71125000   T T T
N          2.71125000       2.71125000       0.90375000   T T T
B          0.00000000       0.00000000       3.61500000   T T T
B          0.00000000       1.80750000       5.42250000   T T T
B          1.80750000       0.00000000       5.42250000   T T T
B          1.80750000       1.80750000       3.61500000   T T T
N          0.90375000       0.90375000       4.51875000   T T T
N          0.90375000       2.71125000       6.32625000   T T T
N          2.71125000       0.90375000       6.32625000   T T T
N          2.71125000       2.71125000       4.51875000   T T T

[OPT] Cell written to /home/rudin/tmp-review-ionic/BN16/none/c60/opt_img/cell_opt_0.txt
[LSDF] gmesh = (44, 44, 87), ngrid = 168432, naofn = 208, natom = 16
Timer "[LSDF] Voronoi partition" used time: 0.004149 s.
Timer "[LSDF] AO evaluation + screening" used time: 0.556462 s.
[LSDF] IP method: randomized QRCP (c=60, m=5)
[LSDF] total IPs selected: 12560 (7.4570% of grid)
Timer "[LSDF] IP selection" used time: 1.916736 s.
Timer "[LSDF] aux basis fitting" used time: 0.825481 s.
[LSDF] Step 5 diagnostics: natom=16, ngrid=168432, naux_total=12560
[LSDF]   OMP threads=32, MKL threads=32
[LSDF]   Vmat_loc total size: 12560 x 168432 = 15.76 GB
Timer "[LSDF]   5a Vmat_loc alloc+FFT" used time: 1.426192 s.
[LSDF]   W size: 12560 x 12560 = 1203.56 MB, max_npart=10885
Timer "[LSDF]   5b W construction (DGEMM)" used time: 0.774038 s.
Timer "[LSDF]   5c Wmat symmetrize" used time: 0.062596 s.
[LSDF]   robust_mode=NONE: freeing Vmat_loc
Timer "[LSDF] V/W construction" used time: 3.083592 s.
[LSDF] xchg phases: A=0.003 s, B(K_W)=0.055 s, C(K_V)=0.000 s, E(reduce)=0.001 s
[NELEC] step = 0  nelec = 64  neInt = 64.000000  dnelc =  2.2468498173e-09
[ENERG] step = 0  eTotl = -105.01635787  eCore = 18.41671619  eCoul = 12.41189606  eExcl = -30.51142960  eNucl = -105.33354051  eDisp = 0.00000000
[ERROR] step = 0  engy error =  0.0000000000e+00  grad error =  0.0000000000e+00  dmat error =  0.0000000000e+00
Timer "SCF cycle: 0" used time: 0.472534 s.

[LSDF] xchg phases: A=0.002 s, B(K_W)=0.055 s, C(K_V)=0.000 s, E(reduce)=0.000 s
[NELEC] step = 1  nelec = 64  neInt = 64.000000  dnelc =  2.9624658282e-09
[ENERG] step = 1  eTotl = -102.55413070  eCore = 16.50430738  eCoul = 16.77777926  eExcl = -30.50267683  eNucl = -105.33354051  eDisp = 0.00000000
[ERROR] step = 1  engy error =  2.4622271669e+00  grad error =  0.0000000000e+00  dmat error =  1.6189607271e+00
Timer "SCF cycle: 1" used time: 0.448292 s.

[LSDF] xchg phases: A=0.001 s, B(K_W)=0.055 s, C(K_V)=0.000 s, E(reduce)=0.000 s
[NELEC] step = 2  nelec = 64  neInt = 64.000000  dnelc =  3.0371438697e-09
[ENERG] step = 2  eTotl = -102.66307104  eCore = 17.32889898  eCoul = 15.51811057  eExcl = -30.17654007  eNucl = -105.33354051  eDisp = 0.00000000
[ERROR] step = 2  engy error = -1.0894033993e-01  grad error =  0.0000000000e+00  dmat error =  1.1233493272e-01
Timer "SCF cycle: 2" used time: 0.440003 s.

[LSDF] xchg phases: A=0.002 s, B(K_W)=0.055 s, C(K_V)=0.000 s, E(reduce)=0.000 s
[NELEC] step = 3  nelec = 64  neInt = 64.000000  dnelc =  3.0921825100e-09
[ENERG] step = 3  eTotl = -102.67422797  eCore = 18.22779916  eCoul = 14.29320917  eExcl = -29.86169578  eNucl = -105.33354051  eDisp = 0.00000000
[ERROR] step = 3  engy error = -1.1156931238e-02  grad error =  0.0000000000e+00  dmat error =  1.3473342403e-01
Timer "SCF cycle: 3" used time: 0.444411 s.

[LSDF] xchg phases: A=0.001 s, B(K_W)=0.055 s, C(K_V)=0.000 s, E(reduce)=0.000 s
[NELEC] step = 4  nelec = 64  neInt = 64.000000  dnelc =  3.1038922543e-09
[ENERG] step = 4  eTotl = -102.68454983  eCore = 17.90641374  eCoul = 14.71680374  eExcl = -29.97422680  eNucl = -105.33354051  eDisp = 0.00000000
[ERROR] step = 4  engy error = -1.0321865320e-02  grad error =  0.0000000000e+00  dmat error =  2.9121851860e-02
Timer "SCF cycle: 4" used time: 0.441890 s.

[LSDF] xchg phases: A=0.001 s, B(K_W)=0.055 s, C(K_V)=0.000 s, E(reduce)=0.000 s
[NELEC] step = 5  nelec = 64  neInt = 64.000000  dnelc =  3.1056544003e-09
[ENERG] step = 5  eTotl = -102.68518996  eCore = 17.80569312  eCoul = 14.85288348  eExcl = -30.01022605  eNucl = -105.33354051  eDisp = 0.00000000
[ERROR] step = 5  engy error = -6.4012643115e-04  grad error =  0.0000000000e+00  dmat error =  9.8497419146e-03
Timer "SCF cycle: 5" used time: 0.444512 s.

[LSDF] xchg phases: A=0.001 s, B(K_W)=0.055 s, C(K_V)=0.000 s, E(reduce)=0.000 s
[NELEC] step = 6  nelec = 64  neInt = 64.000000  dnelc =  3.1060096717e-09
[ENERG] step = 6  eTotl = -102.68519273  eCore = 17.80520340  eCoul = 14.85358599  eExcl = -30.01044161  eNucl = -105.33354051  eDisp = 0.00000000
[ERROR] step = 6  engy error = -2.7720806486e-06  grad error =  0.0000000000e+00  dmat error =  9.4528825282e-04
Timer "SCF cycle: 6" used time: 0.446208 s.

[LSDF] xchg phases: A=0.001 s, B(K_W)=0.055 s, C(K_V)=0.000 s, E(reduce)=0.000 s
[NELEC] step = 7  nelec = 64  neInt = 64.000000  dnelc =  3.1064928407e-09
[ENERG] step = 7  eTotl = -102.68519414  eCore = 17.80529658  eCoul = 14.85352257  eExcl = -30.01047278  eNucl = -105.33354051  eDisp = 0.00000000
[ERROR] step = 7  engy error = -1.4094961642e-06  grad error =  0.0000000000e+00  dmat error =  1.1934331970e-03
Timer "SCF cycle: 7" used time: 0.447042 s.

[NELEC] step = 8  nelec = 64  neInt = 64.000000  dnelc =  3.1065354733e-09
[ENERG] step = 8  eTotl = -102.68519419  eCore = 17.80548108  eCoul = 14.85328412  eExcl = -30.01041887  eNucl = -105.33354051  eDisp = 0.00000000
[ERROR] step = 8  engy error = -4.5209063160e-08  grad error =  0.0000000000e+00  dmat error =  1.7407490228e-04
Timer "SCF cycle: 8" used time: 0.446585 s.

[NELEC] step = 9  nelec = 64  neInt = 64.000000  dnelc =  3.1064644190e-09
[ENERG] step = 9  eTotl = -102.68519419  eCore = 17.80547242  eCoul = 14.85329906  eExcl = -30.01042516  eNucl = -105.33354051  eDisp = 0.00000000
[ERROR] step = 9  engy error = -4.1856793587e-09  grad error =  0.0000000000e+00  dmat error =  5.0342939436e-05
Timer "SCF cycle: 9" used time: 0.450834 s.

[NELEC] step = 10  nelec = 64  neInt = 64.000000  dnelc =  3.1065354733e-09
[ENERG] step = 10  eTotl = -102.68519419  eCore = 17.80546466  eCoul = 14.85330967  eExcl = -30.01042801  eNucl = -105.33354051  eDisp = 0.00000000
[ERROR] step = 10  engy error = -1.4209433630e-10  grad error =  0.0000000000e+00  dmat error =  3.2816186691e-06
SCF converged in 10 steps.
[LSDF] xchg_d10: robust_mode=NONE, no V data -> full-grid FFT path
[GRADIENT] SCF type: GRKS | atoms: 16 | DOF: 48 | time: 49.340 s
  Atom   0:   5.9018150131e-03  -2.4568277551e-03  -2.2295163972e-03
  Atom   1:   6.6160235006e-02   3.7416036080e-02   2.5909594846e-02
  Atom   2:  -1.2283933219e-02  -6.0494852402e-03   4.1771885174e-03
  Atom   3:  -7.4762435211e-03   1.7604402651e-03  -1.9052365401e-03
  Atom   4:  -9.0053019370e-03  -3.4875002280e-03  -4.1960977013e-03
  Atom   5:  -2.1716243692e-02  -1.7089675453e-02  -1.2300051410e-02
  Atom   6:  -1.0501968605e-02  -7.8103584046e-03  -4.6828545349e-03
  Atom   7:  -9.7488268041e-03  -1.6560486016e-03  -3.8700041935e-03
  Atom   8:   7.6085885126e-03  -6.0791807073e-03  -1.9689619244e-03
  Atom   9:   2.1595793485e-03   1.0665699196e-03  -9.5194198847e-04
  Atom  10:  -2.1699412217e-03  -1.0948786602e-03  -1.1028844928e-03
  Atom  11:  -9.6897753616e-03   5.1606951740e-03  -2.3269190963e-03
  Atom  12:   3.9041002788e-04   8.9168116614e-05   2.0062561374e-03
  Atom  13:  -5.1652101905e-04  -6.9068406774e-04  -6.1168743487e-04
  Atom  14:   2.4856097098e-06  -8.4495398816e-04   3.3923201275e-03
  Atom  15:   8.1704839842e-04   1.7791911700e-03   6.9521181824e-04
[OPT] step = 0  energy = -102.6851941924  dE =               N/A  grad_max =  6.6160235006e-02  grad_rms =  1.3192462479e-02
[OPT] Geometry optimization did not converge in 1 steps.
Kylin-PBC Done.
Timer "Kylin-PBC main" used time: 62.06584 s.
