Kylin-PBC: v1.0.0

System time = 2026-09-30 20:21:30

OMP threads = 32

KYLIN_PBC_ROOT = "/home/rudin/code/kylin-pbc"
KYLIN_SCR_PATH = "/tmp"
KYLIN_JOB_PATH = "/home/rudin/tmp-review-ionic/CsI16/none/c30"

SCF.xcfun                      = HSE06
SCF.basis                      = dzvp-sr
SCF.psudo                      = gth-pbe
SCF.kmesh                      = 1 1 1
SCF.gmesh                      = 5.0e-01
SCF.ispin                      = OFF
SCF.dspin                      = 0
SCF.eps_engy                   = 3.7e-09 [AU]
SCF.eps_grad                   = 1.0e-05 [AU]
SCF.eps_dmat                   = 1.0e-03
SCF.chk_load                   = 
SCF.chk_save                   = 
SCF.scf_guess                  = ATOM
SCF.max_cycle                  = 200
SCF.vdw_method                 = NONE
SCF.coul_method                = MGDF
SCF.xchg_method                = LSDF
SCF.xchg_exxocc                = OFF
SCF.xchg_exxace                = NONE
SCF.xchg_robust                = NONE
SCF.xchg_exxdiv                = EWALD
SCF.xchg_dropG0                = ON
SCF.lsdf_cparam                = 30
SCF.lsdf_mparam                = 5
SCF.lsdf_ipslct                = QRCP
SCF.lsdf_chocut                = 1.0e-08
SCF.lsdf_atmcut                = 2.5e+01
SCF.lsdf_aovcut                = 1.0e-07
SCF.lsdf_swzcut                = 0.0e+00
SCF.lsdf_pnocut                = 0.0e+00
SCF.lsdf_nafcut                = 0.0e+00
SCF.mgdf_ntasks                = 4
SCF.mgdf_kratio                = 3.0e+00
SCF.mgdf_cutoff                = 3.0e+02 [AU]
SCF.mgdf_relcut                = 3.0e+01
SCF.mgdf_prprec                = 1.0e-14
SCF.dmx_mix_method             = NONE
SCF.dmx_mix_start              = 1
SCF.dmx_mix_space              = 8
SCF.dmx_mix_alpha              = 3.0e-01
SCF.rho_mix_method             = NONE
SCF.rho_mix_start              = 1
SCF.rho_mix_space              = 8
SCF.rho_mix_alpha              = 3.0e-01
SCF.hks_mix_method             = BROY
SCF.hks_mix_start              = 1
SCF.hks_mix_space              = 8
SCF.hks_mix_alpha              = 3.0e-01
SCF.damp_factor                = 0.0e+00
SCF.level_shift                = 0.0e+00 [AU]
SCF.smear_method               = NONE
SCF.smear_sigma                = 0.0e+00 [AU]
SCF.soc                        = OFF
SCF.soc_window                 = 1.8e+00 [AU]
SCF.print_bandgap              = OFF
SCF.print_time                 = OFF

OPT.opt_method                 = BFGS
OPT.max_cycle                  = 1
OPT.eps_engy                   = 4.0e-06 [AU]
OPT.eps_grad                   = 4.0e-04 [AU]
OPT.trust_limit                = 3.0e-01 [AU]
OPT.damp_factor                = 0.0e+00
OPT.opt_mix_method             = NONE
OPT.opt_mix_start              = 1
OPT.opt_mix_space              = 5
OPT.opt_mix_alpha              = 3.0e-01
OPT.neb_method                 = FIRE
OPT.neb_lclimb                 = ON
OPT.neb_interp                 = IDPP
OPT.neb_nimage                 = 5
OPT.neb_spring                 = 1.0e-02 [AU]
OPT.neb_maxstep                = 7.6e-02 [AU]

PROP.calculation               = NONE
FREQ.freq_method               = FREE2
FREQ.fd_stepsize               = 2.8e-02 [AU]
DOS.dos_method                 = GAUSS
DOS.dos_sigma                  = 3.7e-03 [AU]
DOS.dos_npoint                 = 1001
DOS.dos_emin                   = 0.0e+00 [AU]
DOS.dos_emax                   = 0.0e+00 [AU]

OPT.mdx_ensemble               = NVE
OPT.mdx_thermostat             = NHC
OPT.mdx_max_step               = 0
OPT.mdx_timestep               = 4.0e+01 [AU]
OPT.mdx_temperature            = 9.5e-04 [AU]
OPT.mdx_pressure               = 0.0e+00 [AU]
OPT.mdx_thermo_tau             = 4.0e+03 [AU]
OPT.mdx_baro_tau               = 2.0e+04 [AU]
OPT.mdx_nhc_length             = 3
OPT.mdx_nhc_mts                = 3
OPT.mdx_constraint             = OFF
OPT.mdx_constraint_tol         = 1.0e-10
OPT.mdx_rng_seed               = 42

K-points mesh = 1 1 1

xc functional: "HSE06"
is hybrid: YES
HFX coeff: 0.25

Basis Set Name: "dzvp-sr"
number of shell = 48
number of basis = 216
gmesh = 44 44 44

Pseudopotential Name: "gth-pbe"
number of valence electron = 128

OPT Calculation.

==============================================================
                   Geometry Optimization                      
==============================================================
  method      = BFGS
  max_cycle   = 1
  eps_engy    = 4.000000e-06
  eps_grad    = 4.000000e-04
  trust_limit = 0.300000
  natom       = 16
  nfree       = 48 / 48
==============================================================

--------------------------------------------------------------
  OPT step 0
--------------------------------------------------------------
[OPT] Cell structure (Angstrom):
       9.13400000       0.00000000       0.00000000
       0.00000000       9.13400000       0.00000000
       0.00000000       0.00000000       9.13400000

Cart
Cs         0.00000000       0.00000000       0.00000000   T T T
I          2.38350000       2.33350000       2.31350000   T T T
Cs         0.00000000       0.00000000       4.56700000   T T T
I          2.28350000       2.28350000       6.85050000   T T T
Cs         0.00000000       4.56700000       0.00000000   T T T
I          2.28350000       6.85050000       2.28350000   T T T
Cs         0.00000000       4.56700000       4.56700000   T T T
I          2.28350000       6.85050000       6.85050000   T T T
Cs         4.56700000       0.00000000       0.00000000   T T T
I          6.85050000       2.28350000       2.28350000   T T T
Cs         4.56700000       0.00000000       4.56700000   T T T
I          6.85050000       2.28350000       6.85050000   T T T
Cs         4.56700000       4.56700000       0.00000000   T T T
I          6.85050000       6.85050000       2.28350000   T T T
Cs         4.56700000       4.56700000       4.56700000   T T T
I          6.85050000       6.85050000       6.85050000   T T T

[OPT] Cell written to /home/rudin/tmp-review-ionic/CsI16/none/c30/opt_img/cell_opt_0.txt
[LSDF] gmesh = (44, 44, 44), ngrid = 85184, naofn = 216, natom = 16
Timer "[LSDF] Voronoi partition" used time: 0.003450 s.
Timer "[LSDF] AO evaluation + screening" used time: 0.343249 s.
[LSDF] IP method: randomized QRCP (c=30, m=5)
[LSDF] total IPs selected: 6560 (7.7010% of grid)
Timer "[LSDF] IP selection" used time: 0.476635 s.
Timer "[LSDF] aux basis fitting" used time: 0.109079 s.
[LSDF] Step 5 diagnostics: natom=16, ngrid=85184, naux_total=6560
[LSDF]   OMP threads=32, MKL threads=32
[LSDF]   Vmat_loc total size: 6560 x 85184 = 4.16 GB
Timer "[LSDF]   5a Vmat_loc alloc+FFT" used time: 0.214210 s.
[LSDF]   W size: 6560 x 6560 = 328.32 MB, max_npart=5347
Timer "[LSDF]   5b W construction (DGEMM)" used time: 0.139868 s.
Timer "[LSDF]   5c Wmat symmetrize" used time: 0.017922 s.
[LSDF]   robust_mode=NONE: freeing Vmat_loc
Timer "[LSDF] V/W construction" used time: 0.600300 s.
[LSDF] xchg phases: A=0.003 s, B(K_W)=0.016 s, C(K_V)=0.000 s, E(reduce)=0.000 s
[NELEC] step = 0  nelec = 128  neInt = 128.000000  dnelc = -2.7990552098e-09
[ENERG] step = 0  eTotl = -251.70658749  eCore = -20.81066899  eCoul = 30.26755899  eExcl = -43.39460438  eNucl = -217.76887312  eDisp = 0.00000000
[ERROR] step = 0  engy error =  0.0000000000e+00  grad error =  0.0000000000e+00  dmat error =  0.0000000000e+00
Timer "SCF cycle: 0" used time: 2.290800 s.

[LSDF] xchg phases: A=0.002 s, B(K_W)=0.017 s, C(K_V)=0.000 s, E(reduce)=0.000 s
[NELEC] step = 1  nelec = 128  neInt = 128.000000  dnelc =  5.0559378906e-10
[ENERG] step = 1  eTotl = -253.67279057  eCore = -24.16960983  eCoul = 32.50324179  eExcl = -44.23754941  eNucl = -217.76887312  eDisp = 0.00000000
[ERROR] step = 1  engy error = -1.9662030799e+00  grad error =  0.0000000000e+00  dmat error =  1.0241484989e+00
Timer "SCF cycle: 1" used time: 2.285103 s.

[LSDF] xchg phases: A=0.003 s, B(K_W)=0.035 s, C(K_V)=0.000 s, E(reduce)=0.000 s
[NELEC] step = 2  nelec = 128  neInt = 128.000000  dnelc = -2.3327118015e-10
[ENERG] step = 2  eTotl = -253.67849466  eCore = -24.08811707  eCoul = 32.39760808  eExcl = -44.21911255  eNucl = -217.76887312  eDisp = 0.00000000
[ERROR] step = 2  engy error = -5.7040875519e-03  grad error =  0.0000000000e+00  dmat error =  1.1947330998e-01
Timer "SCF cycle: 2" used time: 2.370638 s.

[LSDF] xchg phases: A=0.002 s, B(K_W)=0.022 s, C(K_V)=0.000 s, E(reduce)=0.000 s
[NELEC] step = 3  nelec = 128  neInt = 128.000000  dnelc = -1.5655103880e-09
[ENERG] step = 3  eTotl = -253.68228023  eCore = -23.91431500  eCoul = 32.17452610  eExcl = -44.17361822  eNucl = -217.76887312  eDisp = 0.00000000
[ERROR] step = 3  engy error = -3.7855744350e-03  grad error =  0.0000000000e+00  dmat error =  2.3401583733e-01
Timer "SCF cycle: 3" used time: 2.279736 s.

[LSDF] xchg phases: A=0.000 s, B(K_W)=0.015 s, C(K_V)=0.000 s, E(reduce)=0.000 s
[NELEC] step = 4  nelec = 128  neInt = 128.000000  dnelc = -1.3465495385e-09
[ENERG] step = 4  eTotl = -253.68248035  eCore = -23.92878786  eCoul = 32.18940333  eExcl = -44.17422271  eNucl = -217.76887312  eDisp = 0.00000000
[ERROR] step = 4  engy error = -2.0011778176e-04  grad error =  0.0000000000e+00  dmat error =  3.1804476506e-02
Timer "SCF cycle: 4" used time: 2.264904 s.

[LSDF] xchg phases: A=0.002 s, B(K_W)=0.023 s, C(K_V)=0.000 s, E(reduce)=0.000 s
[NELEC] step = 5  nelec = 128  neInt = 128.000000  dnelc = -1.2387459947e-09
[ENERG] step = 5  eTotl = -253.68249911  eCore = -23.93942219  eCoul = 32.20315581  eExcl = -44.17735962  eNucl = -217.76887312  eDisp = 0.00000000
[ERROR] step = 5  engy error = -1.8757414921e-05  grad error =  0.0000000000e+00  dmat error =  1.5189513048e-02
Timer "SCF cycle: 5" used time: 2.309768 s.

[LSDF] xchg phases: A=0.000 s, B(K_W)=0.015 s, C(K_V)=0.000 s, E(reduce)=0.000 s
[NELEC] step = 6  nelec = 128  neInt = 128.000000  dnelc = -1.2248051462e-09
[ENERG] step = 6  eTotl = -253.68250015  eCore = -23.94254806  eCoul = 32.20819805  eExcl = -44.17927702  eNucl = -217.76887312  eDisp = 0.00000000
[ERROR] step = 6  engy error = -1.0386399651e-06  grad error =  0.0000000000e+00  dmat error =  1.7102207129e-03
Timer "SCF cycle: 6" used time: 2.256275 s.

[LSDF] xchg phases: A=0.002 s, B(K_W)=0.028 s, C(K_V)=0.000 s, E(reduce)=0.000 s
[NELEC] step = 7  nelec = 128  neInt = 128.000000  dnelc = -1.2173444475e-09
[ENERG] step = 7  eTotl = -253.68250023  eCore = -23.94353344  eCoul = 32.20965029  eExcl = -44.17974396  eNucl = -217.76887312  eDisp = 0.00000000
[ERROR] step = 7  engy error = -7.9937677810e-08  grad error =  0.0000000000e+00  dmat error =  9.2262750946e-04
Timer "SCF cycle: 7" used time: 2.266879 s.

[NELEC] step = 8  nelec = 128  neInt = 128.000000  dnelc = -1.2169181218e-09
[ENERG] step = 8  eTotl = -253.68250021  eCore = -23.94378269  eCoul = 32.21010638  eExcl = -44.17995079  eNucl = -217.76887312  eDisp = 0.00000000
[ERROR] step = 8  engy error =  1.5255096741e-08  grad error =  0.0000000000e+00  dmat error =  6.6591676188e-05
Timer "SCF cycle: 8" used time: 2.260012 s.

[NELEC] step = 9  nelec = 128  neInt = 128.000000  dnelc = -1.2165486396e-09
[ENERG] step = 9  eTotl = -253.68250022  eCore = -23.94373759  eCoul = 32.21001559  eExcl = -44.17990510  eNucl = -217.76887312  eDisp = 0.00000000
[ERROR] step = 9  engy error = -7.9330959579e-09  grad error =  0.0000000000e+00  dmat error =  3.4424092944e-05
Timer "SCF cycle: 9" used time: 2.238605 s.

[NELEC] step = 10  nelec = 128  neInt = 128.000000  dnelc = -1.2165628505e-09
[ENERG] step = 10  eTotl = -253.68250022  eCore = -23.94372103  eCoul = 32.20998197  eExcl = -44.17988805  eNucl = -217.76887312  eDisp = 0.00000000
[ERROR] step = 10  engy error = -3.2642049064e-09  grad error =  0.0000000000e+00  dmat error =  1.4635108527e-05
SCF converged in 10 steps.
[LSDF] xchg_d10: robust_mode=NONE, no V data -> full-grid FFT path
[GRADIENT] SCF type: GRKS | atoms: 16 | DOF: 48 | time: 35.812 s
  Atom   0:  -8.0355245444e-05  -6.3923273872e-05  -4.2605654393e-05
  Atom   1:   1.5254790410e-03   7.7332302898e-04   4.6575935598e-04
  Atom   2:  -8.8484193053e-05  -6.2374974539e-05   5.4108422703e-06
  Atom   3:   4.2127787048e-04   2.1095663240e-04  -2.7105797037e-04
  Atom   4:  -9.3346665871e-05  -3.0490169968e-06  -4.8759974269e-05
  Atom   5:   4.2196629267e-04  -4.5263292529e-04   1.2706571540e-04
  Atom   6:  -6.5892987972e-05  -2.5838057725e-05  -8.9335278999e-06
  Atom   7:   1.1917605264e-04  -6.1903128405e-05  -3.7126096862e-05
  Atom   8:  -9.2032000774e-05  -2.1721700784e-05  -2.6019965302e-06
  Atom   9:  -9.0967303024e-04   2.1324667014e-04   1.2797023425e-04
  Atom  10:  -1.3097130141e-04   4.3271029256e-05  -8.2106755728e-05
  Atom  11:  -1.2257489300e-04   6.0515348582e-05  -3.7379600224e-05
  Atom  12:  -1.6474434764e-04  -1.3258743785e-04   1.2410734616e-04
  Atom  13:  -1.2252529667e-04  -6.1736023836e-05   3.6279574837e-05
  Atom  14:  -2.5546752716e-04  -2.3300420362e-04  -2.4570605926e-04
  Atom  15:  -3.6429738276e-04  -1.8309486369e-04  -1.1026440461e-04
[OPT] step = 0  energy = -253.6825002242  dE =               N/A  grad_max =  1.5254790410e-03  grad_rms =  3.3163182688e-04
[OPT] Geometry optimization did not converge in 1 steps.
Kylin-PBC Done.
Timer "Kylin-PBC main" used time: 64.29084 s.
