Kylin-PBC: v1.0.0

System time = 2026-09-30 19:37:57

OMP threads = 32

KYLIN_PBC_ROOT = "/home/rudin/code/kylin-pbc"
KYLIN_SCR_PATH = "/tmp"
KYLIN_JOB_PATH = "/home/rudin/tmp-review-ionic/Si16/none/c10"

SCF.xcfun                      = HSE06
SCF.basis                      = dzvp-sr
SCF.psudo                      = gth-pbe
SCF.kmesh                      = 1 1 1
SCF.gmesh                      = 5.0e-01
SCF.ispin                      = OFF
SCF.dspin                      = 0
SCF.eps_engy                   = 3.7e-09 [AU]
SCF.eps_grad                   = 1.0e-05 [AU]
SCF.eps_dmat                   = 1.0e-03
SCF.chk_load                   = 
SCF.chk_save                   = 
SCF.scf_guess                  = ATOM
SCF.max_cycle                  = 200
SCF.vdw_method                 = NONE
SCF.coul_method                = MGDF
SCF.xchg_method                = LSDF
SCF.xchg_exxocc                = OFF
SCF.xchg_exxace                = NONE
SCF.xchg_robust                = NONE
SCF.xchg_exxdiv                = EWALD
SCF.xchg_dropG0                = ON
SCF.lsdf_cparam                = 10
SCF.lsdf_mparam                = 5
SCF.lsdf_ipslct                = QRCP
SCF.lsdf_chocut                = 1.0e-08
SCF.lsdf_atmcut                = 2.5e+01
SCF.lsdf_aovcut                = 1.0e-07
SCF.lsdf_swzcut                = 0.0e+00
SCF.lsdf_pnocut                = 0.0e+00
SCF.lsdf_nafcut                = 0.0e+00
SCF.mgdf_ntasks                = 4
SCF.mgdf_kratio                = 3.0e+00
SCF.mgdf_cutoff                = 3.0e+02 [AU]
SCF.mgdf_relcut                = 3.0e+01
SCF.mgdf_prprec                = 1.0e-14
SCF.dmx_mix_method             = NONE
SCF.dmx_mix_start              = 1
SCF.dmx_mix_space              = 8
SCF.dmx_mix_alpha              = 3.0e-01
SCF.rho_mix_method             = NONE
SCF.rho_mix_start              = 1
SCF.rho_mix_space              = 8
SCF.rho_mix_alpha              = 3.0e-01
SCF.hks_mix_method             = BROY
SCF.hks_mix_start              = 1
SCF.hks_mix_space              = 8
SCF.hks_mix_alpha              = 3.0e-01
SCF.damp_factor                = 0.0e+00
SCF.level_shift                = 0.0e+00 [AU]
SCF.smear_method               = NONE
SCF.smear_sigma                = 0.0e+00 [AU]
SCF.soc                        = OFF
SCF.soc_window                 = 1.8e+00 [AU]
SCF.print_bandgap              = OFF
SCF.print_time                 = OFF

OPT.opt_method                 = BFGS
OPT.max_cycle                  = 1
OPT.eps_engy                   = 4.0e-06 [AU]
OPT.eps_grad                   = 4.0e-04 [AU]
OPT.trust_limit                = 3.0e-01 [AU]
OPT.damp_factor                = 0.0e+00
OPT.opt_mix_method             = NONE
OPT.opt_mix_start              = 1
OPT.opt_mix_space              = 5
OPT.opt_mix_alpha              = 3.0e-01
OPT.neb_method                 = FIRE
OPT.neb_lclimb                 = ON
OPT.neb_interp                 = IDPP
OPT.neb_nimage                 = 5
OPT.neb_spring                 = 1.0e-02 [AU]
OPT.neb_maxstep                = 7.6e-02 [AU]

PROP.calculation               = NONE
FREQ.freq_method               = FREE2
FREQ.fd_stepsize               = 2.8e-02 [AU]
DOS.dos_method                 = GAUSS
DOS.dos_sigma                  = 3.7e-03 [AU]
DOS.dos_npoint                 = 1001
DOS.dos_emin                   = 0.0e+00 [AU]
DOS.dos_emax                   = 0.0e+00 [AU]

OPT.mdx_ensemble               = NVE
OPT.mdx_thermostat             = NHC
OPT.mdx_max_step               = 0
OPT.mdx_timestep               = 4.0e+01 [AU]
OPT.mdx_temperature            = 9.5e-04 [AU]
OPT.mdx_pressure               = 0.0e+00 [AU]
OPT.mdx_thermo_tau             = 4.0e+03 [AU]
OPT.mdx_baro_tau               = 2.0e+04 [AU]
OPT.mdx_nhc_length             = 3
OPT.mdx_nhc_mts                = 3
OPT.mdx_constraint             = OFF
OPT.mdx_constraint_tol         = 1.0e-10
OPT.mdx_rng_seed               = 42

K-points mesh = 1 1 1

xc functional: "HSE06"
is hybrid: YES
HFX coeff: 0.25

Basis Set Name: "dzvp-sr"
number of shell = 48
number of basis = 208
gmesh = 29 29 57

Pseudopotential Name: "gth-pbe"
number of valence electron = 64

OPT Calculation.

==============================================================
                   Geometry Optimization                      
==============================================================
  method      = BFGS
  max_cycle   = 1
  eps_engy    = 4.000000e-06
  eps_grad    = 4.000000e-04
  trust_limit = 0.300000
  natom       = 16
  nfree       = 48 / 48
==============================================================

--------------------------------------------------------------
  OPT step 0
--------------------------------------------------------------
[OPT] Cell structure (Angstrom):
       5.43100000       0.00000000       0.00000000
       0.00000000       5.43100000       0.00000000
       0.00000000       0.00000000      10.86200000

Cart
Si         0.00000000       0.00000000       0.00000000   T T T
Si         0.10000000       2.76550000       2.74550000   T T T
Si         2.71550000       0.00000000       2.71550000   T T T
Si         2.71550000       2.71550000       0.00000000   T T T
Si         1.35775000       1.35775000       1.35775000   T T T
Si         1.35775000       4.07325000       4.07325000   T T T
Si         4.07325000       1.35775000       4.07325000   T T T
Si         4.07325000       4.07325000       1.35775000   T T T
Si         0.00000000       0.00000000       5.43100000   T T T
Si         0.00000000       2.71550000       8.14650000   T T T
Si         2.71550000       0.00000000       8.14650000   T T T
Si         2.71550000       2.71550000       5.43100000   T T T
Si         1.35775000       1.35775000       6.78875000   T T T
Si         1.35775000       4.07325000       9.50425000   T T T
Si         4.07325000       1.35775000       9.50425000   T T T
Si         4.07325000       4.07325000       6.78875000   T T T

[OPT] Cell written to /home/rudin/tmp-review-ionic/Si16/none/c10/opt_img/cell_opt_0.txt
[LSDF] gmesh = (29, 29, 57), ngrid = 47937, naofn = 208, natom = 16
Timer "[LSDF] Voronoi partition" used time: 0.000955 s.
Timer "[LSDF] AO evaluation + screening" used time: 0.157232 s.
[LSDF] IP method: randomized QRCP (c=10, m=5)
[LSDF] total IPs selected: 2160 (4.5059% of grid)
Timer "[LSDF] IP selection" used time: 0.069581 s.
Timer "[LSDF] aux basis fitting" used time: 0.017592 s.
[LSDF] Step 5 diagnostics: natom=16, ngrid=47937, naux_total=2160
[LSDF]   OMP threads=32, MKL threads=32
[LSDF]   Vmat_loc total size: 2160 x 47937 = 0.77 GB
Timer "[LSDF]   5a Vmat_loc alloc+FFT" used time: 0.086385 s.
[LSDF]   W size: 2160 x 2160 = 35.60 MB, max_npart=3138
Timer "[LSDF]   5b W construction (DGEMM)" used time: 0.025891 s.
Timer "[LSDF]   5c Wmat symmetrize" used time: 0.002056 s.
[LSDF]   robust_mode=NONE: freeing Vmat_loc
Timer "[LSDF] V/W construction" used time: 0.160031 s.
[LSDF] xchg phases: A=0.001 s, B(K_W)=0.006 s, C(K_V)=0.000 s, E(reduce)=0.000 s
[NELEC] step = 0  nelec = 64  neInt = 64.000000  dnelc =  2.1927348826e-11
[ENERG] step = 0  eTotl = -62.57158874  eCore = 19.60664054  eCoul = 4.69704873  eExcl = -19.70276498  eNucl = -67.17251303  eDisp = 0.00000000
[ERROR] step = 0  engy error =  0.0000000000e+00  grad error =  0.0000000000e+00  dmat error =  0.0000000000e+00
Timer "SCF cycle: 0" used time: 1.030977 s.

[LSDF] xchg phases: A=0.001 s, B(K_W)=0.003 s, C(K_V)=0.000 s, E(reduce)=0.000 s
[NELEC] step = 1  nelec = 64  neInt = 64.000000  dnelc =  2.9274360713e-11
[ENERG] step = 1  eTotl = -62.78395262  eCore = 19.34085238  eCoul = 4.49945872  eExcl = -19.45175069  eNucl = -67.17251303  eDisp = 0.00000000
[ERROR] step = 1  engy error = -2.1236388432e-01  grad error =  0.0000000000e+00  dmat error =  1.1765054389e+00
Timer "SCF cycle: 1" used time: 1.025518 s.

[LSDF] xchg phases: A=0.000 s, B(K_W)=0.003 s, C(K_V)=0.000 s, E(reduce)=0.000 s
[NELEC] step = 2  nelec = 64  neInt = 64.000000  dnelc =  2.9686475500e-11
[ENERG] step = 2  eTotl = -62.78952814  eCore = 19.31526800  eCoul = 4.54103168  eExcl = -19.47331479  eNucl = -67.17251303  eDisp = 0.00000000
[ERROR] step = 2  engy error = -5.5755149478e-03  grad error =  0.0000000000e+00  dmat error =  1.7575596494e-02
Timer "SCF cycle: 2" used time: 0.998021 s.

[LSDF] xchg phases: A=0.002 s, B(K_W)=0.004 s, C(K_V)=0.000 s, E(reduce)=0.000 s
[NELEC] step = 3  nelec = 64  neInt = 64.000000  dnelc =  3.0667024475e-11
[ENERG] step = 3  eTotl = -62.79501813  eCore = 19.26828949  eCoul = 4.62777338  eExcl = -19.51856798  eNucl = -67.17251303  eDisp = 0.00000000
[ERROR] step = 3  engy error = -5.4899952344e-03  grad error =  0.0000000000e+00  dmat error =  3.9605659133e-02
Timer "SCF cycle: 3" used time: 1.017499 s.

[LSDF] xchg phases: A=0.000 s, B(K_W)=0.003 s, C(K_V)=0.000 s, E(reduce)=0.000 s
[NELEC] step = 4  nelec = 64  neInt = 64.000000  dnelc =  3.0667024475e-11
[ENERG] step = 4  eTotl = -62.79510216  eCore = 19.26765209  eCoul = 4.62988043  eExcl = -19.52012165  eNucl = -67.17251303  eDisp = 0.00000000
[ERROR] step = 4  engy error = -8.4025461391e-05  grad error =  0.0000000000e+00  dmat error =  3.6577003017e-03
Timer "SCF cycle: 4" used time: 1.005191 s.

[LSDF] xchg phases: A=0.003 s, B(K_W)=0.008 s, C(K_V)=0.000 s, E(reduce)=0.001 s
[NELEC] step = 5  nelec = 64  neInt = 64.000000  dnelc =  3.0553337638e-11
[ENERG] step = 5  eTotl = -62.79513276  eCore = 19.26993091  eCoul = 4.62670037  eExcl = -19.51925101  eNucl = -67.17251303  eDisp = 0.00000000
[ERROR] step = 5  engy error = -3.0604291489e-05  grad error =  0.0000000000e+00  dmat error =  3.9482179243e-03
Timer "SCF cycle: 5" used time: 1.059537 s.

[LSDF] xchg phases: A=0.002 s, B(K_W)=0.005 s, C(K_V)=0.000 s, E(reduce)=0.001 s
[NELEC] step = 6  nelec = 64  neInt = 64.000000  dnelc =  3.0496494219e-11
[ENERG] step = 6  eTotl = -62.79514059  eCore = 19.27167117  eCoul = 4.62420420  eExcl = -19.51850294  eNucl = -67.17251303  eDisp = 0.00000000
[ERROR] step = 6  engy error = -7.8299793529e-06  grad error =  0.0000000000e+00  dmat error =  2.2465179654e-03
Timer "SCF cycle: 6" used time: 1.043425 s.

[LSDF] xchg phases: A=0.000 s, B(K_W)=0.004 s, C(K_V)=0.000 s, E(reduce)=0.000 s
[NELEC] step = 7  nelec = 64  neInt = 64.000000  dnelc =  3.0553337638e-11
[ENERG] step = 7  eTotl = -62.79514132  eCore = 19.27186503  eCoul = 4.62399225  eExcl = -19.51848557  eNucl = -67.17251303  eDisp = 0.00000000
[ERROR] step = 7  engy error = -7.2314551147e-07  grad error =  0.0000000000e+00  dmat error =  4.8376113061e-04
Timer "SCF cycle: 7" used time: 1.013403 s.

[NELEC] step = 8  nelec = 64  neInt = 64.000000  dnelc =  3.0411229091e-11
[ENERG] step = 8  eTotl = -62.79514149  eCore = 19.27185535  eCoul = 4.62405869  eExcl = -19.51854250  eNucl = -67.17251303  eDisp = 0.00000000
[ERROR] step = 8  engy error = -1.7242444983e-07  grad error =  0.0000000000e+00  dmat error =  1.5770371971e-04
Timer "SCF cycle: 8" used time: 1.009143 s.

[NELEC] step = 9  nelec = 64  neInt = 64.000000  dnelc =  3.0539126783e-11
[ENERG] step = 9  eTotl = -62.79514154  eCore = 19.27184468  eCoul = 4.62410212  eExcl = -19.51857531  eNucl = -67.17251303  eDisp = 0.00000000
[ERROR] step = 9  engy error = -5.1281631386e-08  grad error =  0.0000000000e+00  dmat error =  7.9057925720e-05
Timer "SCF cycle: 9" used time: 1.013041 s.

[NELEC] step = 10  nelec = 64  neInt = 64.000000  dnelc =  3.0496494219e-11
[ENERG] step = 10  eTotl = -62.79514156  eCore = 19.27182962  eCoul = 4.62414618  eExcl = -19.51860434  eNucl = -67.17251303  eDisp = 0.00000000
[ERROR] step = 10  engy error = -2.2196616101e-08  grad error =  0.0000000000e+00  dmat error =  6.8822792857e-05
Timer "SCF cycle: 10" used time: 1.027490 s.

[NELEC] step = 11  nelec = 64  neInt = 64.000000  dnelc =  3.0439650800e-11
[ENERG] step = 11  eTotl = -62.79514156  eCore = 19.27182694  eCoul = 4.62415170  eExcl = -19.51860717  eNucl = -67.17251303  eDisp = 0.00000000
[ERROR] step = 11  engy error = -1.8425723169e-09  grad error =  0.0000000000e+00  dmat error =  1.3145521182e-05
SCF converged in 11 steps.
[LSDF] xchg_d10: robust_mode=NONE, no V data -> full-grid FFT path
[GRADIENT] SCF type: GRKS | atoms: 16 | DOF: 48 | time: 18.433 s
  Atom   0:   2.7978961463e-03  -8.8076822042e-04  -4.3157333176e-05
  Atom   1:   2.8999489001e-02   1.6063309824e-02   1.0620699030e-02
  Atom   2:   1.1426695975e-03   5.3735173166e-04   1.2493378513e-03
  Atom   3:  -6.1236416500e-04   1.9769409786e-03   1.5564201308e-04
  Atom   4:  -3.5802552508e-03   3.5292971991e-04  -4.6588555271e-05
  Atom   5:  -1.4220228859e-02  -1.3623458236e-02  -1.1371061197e-02
  Atom   6:  -9.0691916954e-03  -7.6828390320e-03   3.4417260929e-03
  Atom   7:  -6.4303715253e-03   2.6463291717e-03  -4.0627498560e-03
  Atom   8:   2.0581682117e-03   5.8929850971e-04   2.6087796611e-04
  Atom   9:  -4.1977184009e-04  -1.5171945294e-04  -2.3923230751e-04
  Atom  10:   1.2801062979e-04   9.9024753759e-05   2.0751080406e-04
  Atom  11:  -2.4329497472e-05   5.4752683560e-04   1.7750157776e-04
  Atom  12:   2.6143435031e-04   2.0477990783e-04   2.6316970895e-04
  Atom  13:  -8.0222904310e-04  -8.7370565738e-04  -1.2792910915e-03
  Atom  14:  -1.2360603825e-04  -3.5461692512e-04   1.2213595842e-03
  Atom  15:  -1.0550515441e-04   5.4963670352e-04  -5.5485013734e-04
[OPT] step = 0  energy = -62.7951415628  dE =               N/A  grad_max =  2.8999489001e-02  grad_rms =  6.4334638949e-03
[OPT] Geometry optimization did not converge in 1 steps.
Kylin-PBC Done.
Timer "Kylin-PBC main" used time: 31.96559 s.
