Kylin-PBC: v1.0.0

System time = 2026-10-01 11:48:09

OMP threads = 32

KYLIN_PBC_ROOT = "/home/rudin/code/kylin-pbc"
KYLIN_SCR_PATH = "/tmp"
KYLIN_JOB_PATH = "/home/rudin/tmp-review-nk/Si2-k333-FTDF"

SCF.xcfun                      = HSE06
SCF.basis                      = dzvp-sr
SCF.psudo                      = gth-pbe
SCF.kmesh                      = 3 3 3
SCF.gmesh                      = 6.0e-01
SCF.ispin                      = OFF
SCF.dspin                      = 0
SCF.eps_engy                   = 3.7e-09 [AU]
SCF.eps_grad                   = 1.0e-05 [AU]
SCF.eps_dmat                   = 1.0e-03
SCF.chk_load                   = 
SCF.chk_save                   = 
SCF.scf_guess                  = ATOM
SCF.max_cycle                  = 200
SCF.vdw_method                 = NONE
SCF.coul_method                = MGDF
SCF.xchg_method                = FTDF
SCF.xchg_exxocc                = OFF
SCF.xchg_exxace                = NONE
SCF.xchg_robust                = TILE
SCF.xchg_exxdiv                = EWALD
SCF.xchg_dropG0                = ON
SCF.lsdf_cparam                = 30
SCF.lsdf_mparam                = 5
SCF.lsdf_ipslct                = QRCP
SCF.lsdf_chocut                = 1.0e-08
SCF.lsdf_atmcut                = 2.5e+01
SCF.lsdf_aovcut                = 1.0e-07
SCF.lsdf_swzcut                = 0.0e+00
SCF.lsdf_pnocut                = 0.0e+00
SCF.lsdf_nafcut                = 0.0e+00
SCF.mgdf_ntasks                = 4
SCF.mgdf_kratio                = 3.0e+00
SCF.mgdf_cutoff                = 3.0e+02 [AU]
SCF.mgdf_relcut                = 3.0e+01
SCF.mgdf_prprec                = 1.0e-14
SCF.dmx_mix_method             = NONE
SCF.dmx_mix_start              = 1
SCF.dmx_mix_space              = 8
SCF.dmx_mix_alpha              = 3.0e-01
SCF.rho_mix_method             = NONE
SCF.rho_mix_start              = 1
SCF.rho_mix_space              = 8
SCF.rho_mix_alpha              = 3.0e-01
SCF.hks_mix_method             = BROY
SCF.hks_mix_start              = 1
SCF.hks_mix_space              = 8
SCF.hks_mix_alpha              = 3.0e-01
SCF.damp_factor                = 0.0e+00
SCF.level_shift                = 0.0e+00 [AU]
SCF.smear_method               = NONE
SCF.smear_sigma                = 0.0e+00 [AU]
SCF.soc                        = OFF
SCF.soc_window                 = 1.8e+00 [AU]
SCF.print_bandgap              = OFF
SCF.print_time                 = ON

OPT.opt_method                 = BFGS
OPT.max_cycle                  = 0
OPT.eps_engy                   = 4.0e-06 [AU]
OPT.eps_grad                   = 4.0e-04 [AU]
OPT.trust_limit                = 3.0e-01 [AU]
OPT.damp_factor                = 0.0e+00
OPT.opt_mix_method             = NONE
OPT.opt_mix_start              = 1
OPT.opt_mix_space              = 5
OPT.opt_mix_alpha              = 3.0e-01
OPT.neb_method                 = FIRE
OPT.neb_lclimb                 = ON
OPT.neb_interp                 = IDPP
OPT.neb_nimage                 = 5
OPT.neb_spring                 = 1.0e-02 [AU]
OPT.neb_maxstep                = 7.6e-02 [AU]

PROP.calculation               = NONE
FREQ.freq_method               = FREE2
FREQ.fd_stepsize               = 2.8e-02 [AU]
DOS.dos_method                 = GAUSS
DOS.dos_sigma                  = 3.7e-03 [AU]
DOS.dos_npoint                 = 1001
DOS.dos_emin                   = 0.0e+00 [AU]
DOS.dos_emax                   = 0.0e+00 [AU]

OPT.mdx_ensemble               = NVE
OPT.mdx_thermostat             = NHC
OPT.mdx_max_step               = 0
OPT.mdx_timestep               = 4.0e+01 [AU]
OPT.mdx_temperature            = 9.5e-04 [AU]
OPT.mdx_pressure               = 0.0e+00 [AU]
OPT.mdx_thermo_tau             = 4.0e+03 [AU]
OPT.mdx_baro_tau               = 2.0e+04 [AU]
OPT.mdx_nhc_length             = 3
OPT.mdx_nhc_mts                = 3
OPT.mdx_constraint             = OFF
OPT.mdx_constraint_tol         = 1.0e-10
OPT.mdx_rng_seed               = 42

K-points mesh = 3 3 3

xc functional: "HSE06"
is hybrid: YES
HFX coeff: 0.25

Basis Set Name: "dzvp-sr"
number of shell = 6
number of basis = 26
gmesh = 25 25 25

Pseudopotential Name: "gth-pbe"
number of valence electron = 8

SCF Calculation.
K sampling = 3 3 3
[IGUESS] MINAO initial guess done. naofn = 26  nkpot = 27
Timer "SCF::update_rhoR" used time: 0.087886 s.
Timer "SCF::update_rhoG" used time: 0.015487 s.
Timer "SCF::update_epsv" used time: 0.142793 s.
Timer "SCF::update_vhxc" used time: 0.094841 s.
Timer "SCF::update_xchg" used time: 3.426126 s.
Timer "SCF::update_engy" used time: 0.002197 s.
[NELEC] step = 0  nelec = 8  neInt = 8.164970  dnelc =  1.6497037851e-01
[ENERG] step = 0  eTotl = -7.81604061  eCore = 2.49863732  eCoul = 0.59631351  eExcl = -2.51855136  eNucl = -8.39244008  eDisp = 0.00000000
[ERROR] step = 0  engy error =  0.0000000000e+00  grad error =  0.0000000000e+00  dmat error =  0.0000000000e+00
Timer "SCF cycle: 0" used time: 3.848476 s.

Timer "SCF::solve_eigen" used time: 0.003813 s.
Timer "SCF::update_rhoR" used time: 0.052062 s.
Timer "SCF::update_rhoG" used time: 0.007343 s.
Timer "SCF::update_rhoG" used time: 0.007145 s.
Timer "SCF::update_epsv" used time: 0.113243 s.
Timer "SCF::update_vhxc" used time: 0.100168 s.
Timer "SCF::update_xchg" used time: 3.232061 s.
Timer "SCF::update_engy" used time: 0.000604 s.
[NELEC] step = 1  nelec = 8  neInt = 8.000000  dnelc = -1.1901590824e-12
[ENERG] step = 1  eTotl = -7.84704909  eCore = 2.41513081  eCoul = 0.54562911  eExcl = -2.41536894  eNucl = -8.39244008  eDisp = 0.00000000
[ERROR] step = 1  engy error = -3.1008482755e-02  grad error =  0.0000000000e+00  dmat error =  1.6065288269e+00
Timer "SCF cycle: 1" used time: 3.527291 s.

Timer "SCF::solve_eigen" used time: 0.003492 s.
Timer "SCF::update_rhoR" used time: 0.046476 s.
Timer "SCF::update_rhoG" used time: 0.007225 s.
Timer "SCF::update_rhoG" used time: 0.007147 s.
Timer "SCF::update_epsv" used time: 0.112910 s.
Timer "SCF::update_vhxc" used time: 0.102082 s.
Timer "SCF::update_xchg" used time: 3.271087 s.
Timer "SCF::update_engy" used time: 0.001295 s.
[NELEC] step = 2  nelec = 8  neInt = 8.000000  dnelc = -1.1937117961e-12
[ENERG] step = 2  eTotl = -7.84795021  eCore = 2.41016765  eCoul = 0.55347820  eExcl = -2.41915598  eNucl = -8.39244008  eDisp = 0.00000000
[ERROR] step = 2  engy error = -9.0111662695e-04  grad error =  0.0000000000e+00  dmat error =  1.6594642815e-02
Timer "SCF cycle: 2" used time: 3.563577 s.

Timer "SCF::solve_eigen" used time: 0.003512 s.
Timer "SCF::update_rhoR" used time: 0.049213 s.
Timer "SCF::update_rhoG" used time: 0.007249 s.
Timer "SCF::update_rhoG" used time: 0.007069 s.
Timer "SCF::update_epsv" used time: 0.113322 s.
Timer "SCF::update_vhxc" used time: 0.101915 s.
Timer "SCF::update_xchg" used time: 3.228804 s.
Timer "SCF::update_engy" used time: 0.000567 s.
[NELEC] step = 3  nelec = 8  neInt = 8.000000  dnelc = -1.1937117961e-12
[ENERG] step = 3  eTotl = -7.84880332  eCore = 2.40055940  eCoul = 0.57064657  eExcl = -2.42756921  eNucl = -8.39244008  eDisp = 0.00000000
[ERROR] step = 3  engy error = -8.5310759081e-04  grad error =  0.0000000000e+00  dmat error =  4.1502797785e-02
Timer "SCF cycle: 3" used time: 3.522948 s.

Timer "SCF::solve_eigen" used time: 0.003459 s.
Timer "SCF::update_rhoR" used time: 0.046853 s.
Timer "SCF::update_rhoG" used time: 0.007222 s.
Timer "SCF::update_rhoG" used time: 0.007091 s.
Timer "SCF::update_epsv" used time: 0.112939 s.
Timer "SCF::update_vhxc" used time: 0.098251 s.
Timer "SCF::update_xchg" used time: 3.274655 s.
Timer "SCF::update_engy" used time: 0.000576 s.
[NELEC] step = 4  nelec = 8  neInt = 8.000000  dnelc = -1.1892709040e-12
[ENERG] step = 4  eTotl = -7.84881463  eCore = 2.40178412  eCoul = 0.56875723  eExcl = -2.42691590  eNucl = -8.39244008  eDisp = 0.00000000
[ERROR] step = 4  engy error = -1.1317209410e-05  grad error =  0.0000000000e+00  dmat error =  8.8107761911e-03
Timer "SCF cycle: 4" used time: 3.563112 s.

Timer "SCF::solve_eigen" used time: 0.003542 s.
Timer "SCF::update_rhoR" used time: 0.045903 s.
Timer "SCF::update_rhoG" used time: 0.007224 s.
Timer "SCF::update_rhoG" used time: 0.007160 s.
Timer "SCF::update_epsv" used time: 0.112790 s.
Timer "SCF::update_vhxc" used time: 0.098580 s.
Timer "SCF::update_xchg" used time: 3.246542 s.
Timer "SCF::update_engy" used time: 0.000577 s.
[NELEC] step = 5  nelec = 8  neInt = 8.000000  dnelc = -1.1866063687e-12
[ENERG] step = 5  eTotl = -7.84881474  eCore = 2.40183972  eCoul = 0.56867452  eExcl = -2.42688890  eNucl = -8.39244008  eDisp = 0.00000000
[ERROR] step = 5  engy error = -1.0285686258e-07  grad error =  0.0000000000e+00  dmat error =  4.9705690646e-04
Timer "SCF cycle: 5" used time: 3.534847 s.

Timer "SCF::solve_eigen" used time: 0.003585 s.
Timer "SCF::update_rhoR" used time: 0.045348 s.
Timer "SCF::update_rhoG" used time: 0.007185 s.
Timer "SCF::update_rhoG" used time: 0.007062 s.
Timer "SCF::update_epsv" used time: 0.113047 s.
Timer "SCF::update_vhxc" used time: 0.104443 s.
Timer "SCF::update_xchg" used time: 3.292870 s.
Timer "SCF::update_engy" used time: 0.001429 s.
[NELEC] step = 6  nelec = 8  neInt = 8.000000  dnelc = -1.1910472608e-12
[ENERG] step = 6  eTotl = -7.84881478  eCore = 2.40182805  eCoul = 0.56870993  eExcl = -2.42691269  eNucl = -8.39244008  eDisp = 0.00000000
[ERROR] step = 6  engy error = -4.4110329611e-08  grad error =  0.0000000000e+00  dmat error =  4.1124340439e-04
Timer "SCF cycle: 6" used time: 3.592230 s.

Timer "SCF::solve_eigen" used time: 0.003911 s.
Timer "SCF::update_rhoR" used time: 0.048395 s.
Timer "SCF::update_rhoG" used time: 0.008034 s.
Timer "SCF::update_rhoG" used time: 0.007066 s.
Timer "SCF::update_epsv" used time: 0.113112 s.
Timer "SCF::update_vhxc" used time: 0.102948 s.
Timer "SCF::update_xchg" used time: 3.202749 s.
Timer "SCF::update_engy" used time: 0.000577 s.
[NELEC] step = 7  nelec = 8  neInt = 8.000000  dnelc = -1.1874945471e-12
[ENERG] step = 7  eTotl = -7.84881478  eCore = 2.40183118  eCoul = 0.56870962  eExcl = -2.42691551  eNucl = -8.39244008  eDisp = 0.00000000
[ERROR] step = 7  engy error = -3.3068374705e-09  grad error =  0.0000000000e+00  dmat error =  1.3658910829e-04
SCF converged in 7 steps.
Kylin-PBC Done.
Timer "Kylin-PBC main" used time: 29.09346 s.
