Kylin-PBC: v1.0.0

System time = 2026-09-30 11:32:36

OMP threads = 8

KYLIN_PBC_ROOT = "/home/rudin/code/kylin-pbc"
KYLIN_SCR_PATH = "/tmp"
KYLIN_JOB_PATH = "/home/rudin/tmp-review-gradtoy/He2_robust"

SCF.xcfun                      = HSE06
SCF.basis                      = szv-sr
SCF.psudo                      = gth-pbe
SCF.kmesh                      = 1 1 1
SCF.gmesh                      = 4.0e-01
SCF.ispin                      = OFF
SCF.dspin                      = 0
SCF.eps_engy                   = 1.0e-09 [AU]
SCF.eps_grad                   = 1.0e-05 [AU]
SCF.eps_dmat                   = 1.0e-03
SCF.chk_load                   = 
SCF.chk_save                   = 
SCF.scf_guess                  = ATOM
SCF.max_cycle                  = 100
SCF.vdw_method                 = NONE
SCF.coul_method                = MGDF
SCF.xchg_method                = LSDF
SCF.xchg_exxocc                = OFF
SCF.xchg_exxace                = NONE
SCF.ace_eps_engy               = -1.0e+00
SCF.ace_eps_dmat               = -1.0e+00
SCF.ace_max_cycle              = 30
SCF.xchg_robust                = FULL
SCF.xchg_exxdiv                = NONE
SCF.xchg_dropG0                = OFF
SCF.lsdf_cparam                = 30
SCF.lsdf_mparam                = 5
SCF.lsdf_ipslct                = QRCP
SCF.lsdf_chocut                = 1.0e-08
SCF.lsdf_atmcut                = 2.5e+01
SCF.lsdf_aovcut                = 1.0e-07
SCF.lsdf_swzcut                = 0.0e+00
SCF.lsdf_pnocut                = 0.0e+00
SCF.lsdf_nafcut                = 0.0e+00
SCF.mgdf_ortho                 = AUTO
SCF.mgdf_ntasks                = 4
SCF.mgdf_kratio                = 3.0e+00
SCF.mgdf_cutoff                = 3.0e+02 [AU]
SCF.mgdf_relcut                = 3.0e+01
SCF.mgdf_prprec                = 1.0e-14
SCF.dmx_mix_method             = NONE
SCF.dmx_mix_start              = 1
SCF.dmx_mix_space              = 8
SCF.dmx_mix_alpha              = 3.0e-01
SCF.rho_mix_method             = NONE
SCF.rho_mix_start              = 1
SCF.rho_mix_space              = 8
SCF.rho_mix_alpha              = 3.0e-01
SCF.hks_mix_method             = BROY
SCF.hks_mix_start              = 1
SCF.hks_mix_space              = 8
SCF.hks_mix_alpha              = 3.0e-01
SCF.damp_factor                = 0.0e+00
SCF.level_shift                = 0.0e+00 [AU]
SCF.smear_method               = NONE
SCF.smear_sigma                = 0.0e+00 [AU]
SCF.soc                        = OFF
SCF.soc_window                 = 1.8e+00 [AU]
SCF.print_bandgap              = OFF
SCF.print_time                 = OFF

OPT.opt_method                 = BFGS
OPT.max_cycle                  = 1
OPT.eps_engy                   = 4.0e-06 [AU]
OPT.eps_grad                   = 4.0e-04 [AU]
OPT.trust_limit                = 3.0e-01 [AU]
OPT.damp_factor                = 0.0e+00
OPT.opt_mix_method             = NONE
OPT.opt_mix_start              = 1
OPT.opt_mix_space              = 5
OPT.opt_mix_alpha              = 3.0e-01
OPT.neb_method                 = FIRE
OPT.neb_lclimb                 = ON
OPT.neb_interp                 = IDPP
OPT.neb_nimage                 = 5
OPT.neb_spring                 = 1.0e-02 [AU]
OPT.neb_maxstep                = 7.6e-02 [AU]

PROP.calculation               = NONE
FREQ.freq_method               = FREE2
FREQ.fd_stepsize               = 2.8e-02 [AU]
DOS.dos_method                 = GAUSS
DOS.dos_sigma                  = 3.7e-03 [AU]
DOS.dos_npoint                 = 1001
DOS.dos_emin                   = 0.0e+00 [AU]
DOS.dos_emax                   = 0.0e+00 [AU]

OPT.mdx_ensemble               = NVE
OPT.mdx_thermostat             = NHC
OPT.mdx_max_step               = 0
OPT.mdx_timestep               = 4.0e+01 [AU]
OPT.mdx_temperature            = 9.5e-04 [AU]
OPT.mdx_pressure               = 0.0e+00 [AU]
OPT.mdx_thermo_tau             = 4.0e+03 [AU]
OPT.mdx_baro_tau               = 2.0e+04 [AU]
OPT.mdx_nhc_length             = 3
OPT.mdx_nhc_mts                = 3
OPT.mdx_constraint             = OFF
OPT.mdx_constraint_tol         = 1.0e-10
OPT.mdx_rng_seed               = 42
OPT.mdx_dm_extrap              = LINEAR

K-points mesh = 1 1 1

xc functional: "HSE06"
is hybrid: YES
HFX coeff: 0.25

Basis Set Name: "szv-sr"
number of shell = 2
number of basis = 2
gmesh = 80 80 80

Pseudopotential Name: "gth-pbe"
number of valence electron = 4

OPT Calculation.

==============================================================
                   Geometry Optimization                      
==============================================================
  method      = BFGS
  max_cycle   = 1
  eps_engy    = 4.000000e-06
  eps_grad    = 4.000000e-04
  trust_limit = 0.300000
  natom       = 2
  nfree       = 6 / 6
==============================================================

--------------------------------------------------------------
  OPT step 0
--------------------------------------------------------------
[OPT] Cell structure (Angstrom):
       8.00000000       0.00000000       0.00000000
       0.00000000       8.00000000       0.00000000
       0.00000000       0.00000000       8.00000000

Cart
He         3.43000000       3.97000000       4.21000000   T T T
He         5.03000000       4.17000000       3.95000000   T T T

[OPT] Cell written to /home/rudin/tmp-review-gradtoy/He2_robust/opt_img/cell_opt_0.txt
[MGDF] ortho kernel: ON (cell orthorhombic)
[MGDF_DIAG] gmesh = 119 119 119  (ngrid=1685159)
[MGDF_DIAG] level 0  mesh=25 25 25  ngrid=15625  tasks=0
[MGDF_DIAG] level 1  mesh=41 41 41  ngrid=68921  tasks=24
[MGDF_DIAG] level 2  mesh=71 71 71  ngrid=357911  tasks=9
[MGDF_DIAG] level 3  mesh=119 119 119  ngrid=1685159  tasks=29
[MGDF_DIAG] atom_pairs_kept=62  rejected: atom=357 set=0 pgf=226 radius=0
[MGDF_DIAG] max_pair_radius=8.51653  max_pgf_rcut=7.74942  total_pairs=62  precision_colloc=1e-14  precision_screen=1e-07
OMP: Warning #226: KMP_AFFINITY must be set prior to first parallel region or certain API calls; ignored.
[LSDF] gmesh = (80, 80, 80), ngrid = 512000, naofn = 2, natom = 2
Timer "[LSDF] Voronoi partition" used time: 0.008391 s.
Timer "[LSDF] AO evaluation + screening" used time: 0.024171 s.
[LSDF] IP method: randomized QRCP (c=30, m=5)
[LSDF-IP]   ncand=2048 nkeep=8 nfound=3 kron+stage1=0.001s stage2=0.000s
[LSDF-IP] atom nao_loc=2 npts=255958 naux=2 naux2=4 nip=3 sketch=0.000s proj=0.000s qrcp=0.003s
[LSDF-IP]   ncand=2048 nkeep=8 nfound=3 kron+stage1=0.000s stage2=0.000s
[LSDF-IP] atom nao_loc=2 npts=256042 naux=2 naux2=4 nip=3 sketch=0.000s proj=0.000s qrcp=0.003s
[LSDF] total IPs selected: 6 (0.0012% of grid)
Timer "[LSDF] IP selection" used time: 0.005876 s.
Timer "[LSDF] aux basis fitting" used time: 0.012836 s.
[LSDF] Step 5 diagnostics: natom=2, ngrid=512000, naux_total=6
[LSDF]   OMP threads=8, MKL threads=8
[LSDF]   Vmat_loc equiv size: 6 x 512000 = 0.02 GB (fused=no)
Timer "[LSDF]   5a Vmat_loc alloc+FFT" used time: 0.009963 s.
Timer "[LSDF]   5b W construction (DGEMM)" used time: 0.002786 s.
Timer "[LSDF]   5c Wmat symmetrize" used time: 0.000003 s.
[LSDF]   robust_mode=FULL: keeping Vmat_loc (0.02 GB) in atom ordering
Timer "[LSDF] V/W construction" used time: 0.012777 s.
  [bwd-lev1] integ=0.0164521s  tasks=24  us/pair=5484.02  grid=0.525826MB  avg_rad=5.01378  max_rad=8.51653  avg_bbox=28869.2  est_gpts=363058  ns/gpt=362.522
  [bwd-lev2] integ=0.0330458s  tasks=9  us/pair=29374  grid=2.73064MB  avg_rad=3.64818  max_rad=4.55307  avg_bbox=47149.6  est_gpts=222357  ns/gpt=1188.92
  [bwd-lev3] integ=0.000158072s  tasks=29  us/pair=43.6059  grid=12.8567MB  avg_rad=1.87021  max_rad=3.00833  avg_bbox=37368.3  est_gpts=567849  ns/gpt=2.22695
  [bwd] fft=0.0509932s  integ=0.0496559s  reduce=5.00679e-06s
  [fwd-lev1] colloc=5.29289e-05s  tasks=24  us/pair=17.643  grid=0.525826MB
  [fwd-lev2] colloc=0.00123191s  tasks=9  us/pair=1095.03  grid=2.73064MB
  [fwd-lev3] colloc=0.012224s  tasks=29  us/pair=3372.13  grid=12.8567MB
  [fwd] colloc=0.0135088s  reduce=0.00164127s  fft=0.0297751s
  [bwd-lev1] integ=0.016191s  tasks=24  us/pair=5397  grid=0.525826MB  avg_rad=5.01378  max_rad=8.51653  avg_bbox=28869.2  est_gpts=363058  ns/gpt=356.769
  [bwd-lev2] integ=0.0347428s  tasks=9  us/pair=30882.5  grid=2.73064MB  avg_rad=3.64818  max_rad=4.55307  avg_bbox=47149.6  est_gpts=222357  ns/gpt=1249.98
  [bwd-lev3] integ=0.000140905s  tasks=29  us/pair=38.8704  grid=12.8567MB  avg_rad=1.87021  max_rad=3.00833  avg_bbox=37368.3  est_gpts=567849  ns/gpt=1.98511
  [bwd] fft=0.0525501s  integ=0.0510747s  reduce=4.05312e-06s
[LSDF] xchg phases: A=0.000 s, B(K_W)=0.000 s, C(K_V)=0.002 s, E(reduce)=0.000 s
[NELEC] step = 0  nelec = 4  neInt = 3.999066  dnelc = -9.3399506967e-04
[ENERG] step = 0  eTotl = -5.80175769  eCore = -7.42116004  eCoul = 3.93787479  eExcl = -2.13728190  eNucl = -0.18119054  eDisp = 0.00000000
[ERROR] step = 0  engy error =  0.0000000000e+00  grad error =  0.0000000000e+00  dmat error =  0.0000000000e+00
Timer "SCF cycle: 0" used time: 0.277095 s.

  [fwd-lev1] colloc=3.71933e-05s  tasks=24  us/pair=12.3978  grid=0.525826MB
  [fwd-lev2] colloc=0.00133896s  tasks=9  us/pair=1190.19  grid=2.73064MB
  [fwd-lev3] colloc=5.00679e-06s  tasks=29  us/pair=1.38118  grid=12.8567MB
  [fwd] colloc=0.00138116s  reduce=0.00165486s  fft=0.0295031s
  [bwd-lev1] integ=0.0182071s  tasks=24  us/pair=6069.02  grid=0.525826MB  avg_rad=5.01378  max_rad=8.51653  avg_bbox=28869.2  est_gpts=363058  ns/gpt=401.193
  [bwd-lev2] integ=0.0401139s  tasks=9  us/pair=35656.8  grid=2.73064MB  avg_rad=3.64818  max_rad=4.55307  avg_bbox=47149.6  est_gpts=222357  ns/gpt=1443.22
  [bwd-lev3] integ=0.00016284s  tasks=29  us/pair=44.9213  grid=12.8567MB  avg_rad=1.87021  max_rad=3.00833  avg_bbox=37368.3  est_gpts=567849  ns/gpt=2.29413
  [bwd] fft=0.06038s  integ=0.0584838s  reduce=5.00679e-06s
[LSDF] xchg phases: A=0.000 s, B(K_W)=0.000 s, C(K_V)=0.004 s, E(reduce)=0.000 s
[NELEC] step = 1  nelec = 4  neInt = 4.000000  dnelc =  1.2390088955e-12
[ENERG] step = 1  eTotl = -5.77975906  eCore = -7.40942901  eCoul = 3.95939295  eExcl = -2.14853245  eNucl = -0.18119054  eDisp = 0.00000000
[ERROR] step = 1  engy error =  2.1998631746e-02  grad error =  0.0000000000e+00  dmat error =  2.3071052226e-01
Timer "SCF cycle: 1" used time: 0.257087 s.

  [fwd-lev1] colloc=9.53674e-07s  tasks=24  us/pair=0.317891  grid=0.525826MB
  [fwd-lev2] colloc=0.000735044s  tasks=9  us/pair=653.373  grid=2.73064MB
  [fwd-lev3] colloc=0.00997996s  tasks=29  us/pair=2753.09  grid=12.8567MB
  [fwd] colloc=0.010716s  reduce=0.00164413s  fft=0.0297837s
  [bwd-lev1] integ=0.0162408s  tasks=24  us/pair=5413.61  grid=0.525826MB  avg_rad=5.01378  max_rad=8.51653  avg_bbox=28869.2  est_gpts=363058  ns/gpt=357.867
  [bwd-lev2] integ=0.0344062s  tasks=9  us/pair=30583.3  grid=2.73064MB  avg_rad=3.64818  max_rad=4.55307  avg_bbox=47149.6  est_gpts=222357  ns/gpt=1237.87
  [bwd-lev3] integ=0.000152111s  tasks=29  us/pair=41.9617  grid=12.8567MB  avg_rad=1.87021  max_rad=3.00833  avg_bbox=37368.3  est_gpts=567849  ns/gpt=2.14298
  [bwd] fft=0.0522878s  integ=0.0507991s  reduce=4.05312e-06s
[LSDF] xchg phases: A=0.000 s, B(K_W)=0.000 s, C(K_V)=0.002 s, E(reduce)=0.000 s
[NELEC] step = 2  nelec = 4  neInt = 4.000000  dnelc =  1.2390088955e-12
[ENERG] step = 2  eTotl = -5.77975906  eCore = -7.40942901  eCoul = 3.95939295  eExcl = -2.14853245  eNucl = -0.18119054  eDisp = 0.00000000
[ERROR] step = 2  engy error = -8.8817841970e-16  grad error =  0.0000000000e+00  dmat error =  1.1102230246e-16
SCF converged in 2 steps.
[LSDF] xchg_d10: ISDF-robust path (K_V + K_V~ - K_IP)
  [fwd-lev1] colloc=3.69549e-05s  tasks=24  us/pair=12.3183  grid=0.525826MB
  [fwd-lev2] colloc=0.00120091s  tasks=9  us/pair=1067.48  grid=2.73064MB
  [fwd-lev3] colloc=4.05312e-06s  tasks=29  us/pair=1.1181  grid=12.8567MB
  [fwd] colloc=0.00124192s  reduce=0.00165915s  fft=0.0297041s
[GRADIENT] SCF type: GRKS | atoms: 2 | DOF: 6 | time: 0.255 s
  Atom   0:   2.8800298436e-02   3.5971144201e-03  -4.6798814266e-03
  Atom   1:  -2.8799050206e-02  -3.6018187290e-03   4.6722795698e-03
[OPT] step = 0  energy = -5.7797590618  dE =               N/A  grad_max =  2.8800298436e-02  grad_rms =  1.6972950537e-02
[OPT] Geometry optimization did not converge in 1 steps.
Kylin-PBC Done.
Timer "Kylin-PBC main" used time: 1.777428 s.
