Kylin-PBC: v1.0.0

System time = 2026-09-30 19:59:03

OMP threads = 32

KYLIN_PBC_ROOT = "/home/rudin/code/kylin-pbc"
KYLIN_SCR_PATH = "/tmp"
KYLIN_JOB_PATH = "/home/rudin/tmp-review-ionic/BN16/full/c40"

SCF.xcfun                      = HSE06
SCF.basis                      = dzvp-sr
SCF.psudo                      = gth-pbe
SCF.kmesh                      = 1 1 1
SCF.gmesh                      = 5.0e-01
SCF.ispin                      = OFF
SCF.dspin                      = 0
SCF.eps_engy                   = 3.7e-09 [AU]
SCF.eps_grad                   = 1.0e-05 [AU]
SCF.eps_dmat                   = 1.0e-03
SCF.chk_load                   = 
SCF.chk_save                   = 
SCF.scf_guess                  = ATOM
SCF.max_cycle                  = 200
SCF.vdw_method                 = NONE
SCF.coul_method                = MGDF
SCF.xchg_method                = LSDF
SCF.xchg_exxocc                = OFF
SCF.xchg_exxace                = NONE
SCF.xchg_robust                = FULL
SCF.xchg_exxdiv                = EWALD
SCF.xchg_dropG0                = ON
SCF.lsdf_cparam                = 40
SCF.lsdf_mparam                = 5
SCF.lsdf_ipslct                = QRCP
SCF.lsdf_chocut                = 1.0e-08
SCF.lsdf_atmcut                = 2.5e+01
SCF.lsdf_aovcut                = 1.0e-07
SCF.lsdf_swzcut                = 0.0e+00
SCF.lsdf_pnocut                = 0.0e+00
SCF.lsdf_nafcut                = 0.0e+00
SCF.mgdf_ntasks                = 4
SCF.mgdf_kratio                = 3.0e+00
SCF.mgdf_cutoff                = 3.0e+02 [AU]
SCF.mgdf_relcut                = 3.0e+01
SCF.mgdf_prprec                = 1.0e-14
SCF.dmx_mix_method             = NONE
SCF.dmx_mix_start              = 1
SCF.dmx_mix_space              = 8
SCF.dmx_mix_alpha              = 3.0e-01
SCF.rho_mix_method             = NONE
SCF.rho_mix_start              = 1
SCF.rho_mix_space              = 8
SCF.rho_mix_alpha              = 3.0e-01
SCF.hks_mix_method             = BROY
SCF.hks_mix_start              = 1
SCF.hks_mix_space              = 8
SCF.hks_mix_alpha              = 3.0e-01
SCF.damp_factor                = 0.0e+00
SCF.level_shift                = 0.0e+00 [AU]
SCF.smear_method               = NONE
SCF.smear_sigma                = 0.0e+00 [AU]
SCF.soc                        = OFF
SCF.soc_window                 = 1.8e+00 [AU]
SCF.print_bandgap              = OFF
SCF.print_time                 = OFF

OPT.opt_method                 = BFGS
OPT.max_cycle                  = 1
OPT.eps_engy                   = 4.0e-06 [AU]
OPT.eps_grad                   = 4.0e-04 [AU]
OPT.trust_limit                = 3.0e-01 [AU]
OPT.damp_factor                = 0.0e+00
OPT.opt_mix_method             = NONE
OPT.opt_mix_start              = 1
OPT.opt_mix_space              = 5
OPT.opt_mix_alpha              = 3.0e-01
OPT.neb_method                 = FIRE
OPT.neb_lclimb                 = ON
OPT.neb_interp                 = IDPP
OPT.neb_nimage                 = 5
OPT.neb_spring                 = 1.0e-02 [AU]
OPT.neb_maxstep                = 7.6e-02 [AU]

PROP.calculation               = NONE
FREQ.freq_method               = FREE2
FREQ.fd_stepsize               = 2.8e-02 [AU]
DOS.dos_method                 = GAUSS
DOS.dos_sigma                  = 3.7e-03 [AU]
DOS.dos_npoint                 = 1001
DOS.dos_emin                   = 0.0e+00 [AU]
DOS.dos_emax                   = 0.0e+00 [AU]

OPT.mdx_ensemble               = NVE
OPT.mdx_thermostat             = NHC
OPT.mdx_max_step               = 0
OPT.mdx_timestep               = 4.0e+01 [AU]
OPT.mdx_temperature            = 9.5e-04 [AU]
OPT.mdx_pressure               = 0.0e+00 [AU]
OPT.mdx_thermo_tau             = 4.0e+03 [AU]
OPT.mdx_baro_tau               = 2.0e+04 [AU]
OPT.mdx_nhc_length             = 3
OPT.mdx_nhc_mts                = 3
OPT.mdx_constraint             = OFF
OPT.mdx_constraint_tol         = 1.0e-10
OPT.mdx_rng_seed               = 42

K-points mesh = 1 1 1

xc functional: "HSE06"
is hybrid: YES
HFX coeff: 0.25

Basis Set Name: "dzvp-sr"
number of shell = 48
number of basis = 208
gmesh = 44 44 87

Pseudopotential Name: "gth-pbe"
number of valence electron = 64

OPT Calculation.

==============================================================
                   Geometry Optimization                      
==============================================================
  method      = BFGS
  max_cycle   = 1
  eps_engy    = 4.000000e-06
  eps_grad    = 4.000000e-04
  trust_limit = 0.300000
  natom       = 16
  nfree       = 48 / 48
==============================================================

--------------------------------------------------------------
  OPT step 0
--------------------------------------------------------------
[OPT] Cell structure (Angstrom):
       3.61500000       0.00000000       0.00000000
       0.00000000       3.61500000       0.00000000
       0.00000000       0.00000000       7.23000000

Cart
B          0.00000000       0.00000000       0.00000000   T T T
B          0.10000000       1.85750000       1.83750000   T T T
B          1.80750000       0.00000000       1.80750000   T T T
B          1.80750000       1.80750000       0.00000000   T T T
N          0.90375000       0.90375000       0.90375000   T T T
N          0.90375000       2.71125000       2.71125000   T T T
N          2.71125000       0.90375000       2.71125000   T T T
N          2.71125000       2.71125000       0.90375000   T T T
B          0.00000000       0.00000000       3.61500000   T T T
B          0.00000000       1.80750000       5.42250000   T T T
B          1.80750000       0.00000000       5.42250000   T T T
B          1.80750000       1.80750000       3.61500000   T T T
N          0.90375000       0.90375000       4.51875000   T T T
N          0.90375000       2.71125000       6.32625000   T T T
N          2.71125000       0.90375000       6.32625000   T T T
N          2.71125000       2.71125000       4.51875000   T T T

[OPT] Cell written to /home/rudin/tmp-review-ionic/BN16/full/c40/opt_img/cell_opt_0.txt
[LSDF] gmesh = (44, 44, 87), ngrid = 168432, naofn = 208, natom = 16
Timer "[LSDF] Voronoi partition" used time: 0.002894 s.
Timer "[LSDF] AO evaluation + screening" used time: 0.536311 s.
[LSDF] IP method: randomized QRCP (c=40, m=5)
[LSDF] total IPs selected: 8400 (4.9872% of grid)
Timer "[LSDF] IP selection" used time: 1.185353 s.
Timer "[LSDF] aux basis fitting" used time: 0.507187 s.
[LSDF] Step 5 diagnostics: natom=16, ngrid=168432, naux_total=8400
[LSDF]   OMP threads=32, MKL threads=32
[LSDF]   Vmat_loc total size: 8400 x 168432 = 10.54 GB
Timer "[LSDF]   5a Vmat_loc alloc+FFT" used time: 0.939482 s.
[LSDF]   W size: 8400 x 8400 = 538.33 MB, max_npart=10885
Timer "[LSDF]   5b W construction (DGEMM)" used time: 0.407292 s.
Timer "[LSDF]   5c Wmat symmetrize" used time: 0.029428 s.
[LSDF]   robust_mode=FULL: keeping Vmat_loc (10.54 GB) in atom ordering
Timer "[LSDF] V/W construction" used time: 1.376314 s.
[LSDF] xchg phases: A=0.001 s, B(K_W)=0.025 s, C(K_V)=0.545 s, E(reduce)=0.001 s
[NELEC] step = 0  nelec = 64  neInt = 64.000000  dnelc =  2.2468498173e-09
[ENERG] step = 0  eTotl = -105.01635558  eCore = 18.41671619  eCoul = 12.41189606  eExcl = -30.51142732  eNucl = -105.33354051  eDisp = 0.00000000
[ERROR] step = 0  engy error =  0.0000000000e+00  grad error =  0.0000000000e+00  dmat error =  0.0000000000e+00
Timer "SCF cycle: 0" used time: 0.984392 s.

[LSDF] xchg phases: A=0.001 s, B(K_W)=0.025 s, C(K_V)=0.488 s, E(reduce)=0.001 s
[NELEC] step = 1  nelec = 64  neInt = 64.000000  dnelc =  2.9624516173e-09
[ENERG] step = 1  eTotl = -102.55412843  eCore = 16.50430999  eCoul = 16.77777513  eExcl = -30.50267304  eNucl = -105.33354051  eDisp = 0.00000000
[ERROR] step = 1  engy error =  2.4622271419e+00  grad error =  0.0000000000e+00  dmat error =  1.6189617798e+00
Timer "SCF cycle: 1" used time: 0.904429 s.

[LSDF] xchg phases: A=0.001 s, B(K_W)=0.025 s, C(K_V)=0.485 s, E(reduce)=0.001 s
[NELEC] step = 2  nelec = 64  neInt = 64.000000  dnelc =  3.0371722914e-09
[ENERG] step = 2  eTotl = -102.66306863  eCore = 17.32890114  eCoul = 15.51810742  eExcl = -30.17653667  eNucl = -105.33354051  eDisp = 0.00000000
[ERROR] step = 2  engy error = -1.0894019264e-01  grad error =  0.0000000000e+00  dmat error =  1.1233465653e-01
Timer "SCF cycle: 2" used time: 0.893768 s.

[LSDF] xchg phases: A=0.001 s, B(K_W)=0.025 s, C(K_V)=0.492 s, E(reduce)=0.001 s
[NELEC] step = 3  nelec = 64  neInt = 64.000000  dnelc =  3.0922393535e-09
[ENERG] step = 3  eTotl = -102.67422554  eCore = 18.22780084  eCoul = 14.29320686  eExcl = -29.86169273  eNucl = -105.33354051  eDisp = 0.00000000
[ERROR] step = 3  engy error = -1.1156911633e-02  grad error =  0.0000000000e+00  dmat error =  1.3473370185e-01
Timer "SCF cycle: 3" used time: 0.904532 s.

[LSDF] xchg phases: A=0.002 s, B(K_W)=0.025 s, C(K_V)=0.505 s, E(reduce)=0.001 s
[NELEC] step = 4  nelec = 64  neInt = 64.000000  dnelc =  3.1038354109e-09
[ENERG] step = 4  eTotl = -102.68454739  eCore = 17.90641555  eCoul = 14.71680122  eExcl = -29.97422365  eNucl = -105.33354051  eDisp = 0.00000000
[ERROR] step = 4  engy error = -1.0321855337e-02  grad error =  0.0000000000e+00  dmat error =  2.9121714425e-02
Timer "SCF cycle: 4" used time: 0.917322 s.

[LSDF] xchg phases: A=0.001 s, B(K_W)=0.025 s, C(K_V)=0.524 s, E(reduce)=0.001 s
[NELEC] step = 5  nelec = 64  neInt = 64.000000  dnelc =  3.1056544003e-09
[ENERG] step = 5  eTotl = -102.68518752  eCore = 17.80569498  eCoul = 14.85288087  eExcl = -30.01022286  eNucl = -105.33354051  eDisp = 0.00000000
[ERROR] step = 5  engy error = -6.4012568694e-04  grad error =  0.0000000000e+00  dmat error =  9.8497343444e-03
Timer "SCF cycle: 5" used time: 0.936483 s.

[LSDF] xchg phases: A=0.001 s, B(K_W)=0.025 s, C(K_V)=0.523 s, E(reduce)=0.001 s
[NELEC] step = 6  nelec = 64  neInt = 64.000000  dnelc =  3.1060665151e-09
[ENERG] step = 6  eTotl = -102.68519029  eCore = 17.80520526  eCoul = 14.85358338  eExcl = -30.01043842  eNucl = -105.33354051  eDisp = 0.00000000
[ERROR] step = 6  engy error = -2.7720688394e-06  grad error =  0.0000000000e+00  dmat error =  9.4528164178e-04
Timer "SCF cycle: 6" used time: 0.934516 s.

[LSDF] xchg phases: A=0.001 s, B(K_W)=0.025 s, C(K_V)=0.517 s, E(reduce)=0.001 s
[NELEC] step = 7  nelec = 64  neInt = 64.000000  dnelc =  3.1063649431e-09
[ENERG] step = 7  eTotl = -102.68519170  eCore = 17.80529845  eCoul = 14.85351996  eExcl = -30.01046959  eNucl = -105.33354051  eDisp = 0.00000000
[ERROR] step = 7  engy error = -1.4094906788e-06  grad error =  0.0000000000e+00  dmat error =  1.1934260250e-03
Timer "SCF cycle: 7" used time: 0.931841 s.

[NELEC] step = 8  nelec = 64  neInt = 64.000000  dnelc =  3.1065638950e-09
[ENERG] step = 8  eTotl = -102.68519175  eCore = 17.80548295  eCoul = 14.85328150  eExcl = -30.01041569  eNucl = -105.33354051  eDisp = 0.00000000
[ERROR] step = 8  engy error = -4.5208892629e-08  grad error =  0.0000000000e+00  dmat error =  1.7407462163e-04
Timer "SCF cycle: 8" used time: 0.884233 s.

[NELEC] step = 9  nelec = 64  neInt = 64.000000  dnelc =  3.1064786299e-09
[ENERG] step = 9  eTotl = -102.68519175  eCore = 17.80547429  eCoul = 14.85329645  eExcl = -30.01042197  eNucl = -105.33354051  eDisp = 0.00000000
[ERROR] step = 9  engy error = -4.1856935695e-09  grad error =  0.0000000000e+00  dmat error =  5.0342840748e-05
Timer "SCF cycle: 9" used time: 0.897562 s.

[NELEC] step = 10  nelec = 64  neInt = 64.000000  dnelc =  3.1064502082e-09
[ENERG] step = 10  eTotl = -102.68519175  eCore = 17.80546652  eCoul = 14.85330706  eExcl = -30.01042482  eNucl = -105.33354051  eDisp = 0.00000000
[ERROR] step = 10  engy error = -1.4213696886e-10  grad error =  0.0000000000e+00  dmat error =  3.2816048751e-06
SCF converged in 10 steps.
[LSDF] xchg_d10: ISDF-robust path (K_V + K_V~ - K_IP)
[GRADIENT] SCF type: GRKS | atoms: 16 | DOF: 48 | time: 34.302 s
  Atom   0:   5.9019923138e-03  -2.4568352757e-03  -2.2295334152e-03
  Atom   1:   6.6160374158e-02   3.7416005919e-02   2.5909776644e-02
  Atom   2:  -1.2283637228e-02  -6.0495657858e-03   4.1768525090e-03
  Atom   3:  -7.4761263292e-03   1.7603463075e-03  -1.9053618046e-03
  Atom   4:  -9.0054682476e-03  -3.4875193027e-03  -4.1962189432e-03
  Atom   5:  -2.1716197841e-02  -1.7089664082e-02  -1.2299741278e-02
  Atom   6:  -1.0502117599e-02  -7.8104805560e-03  -4.6829718393e-03
  Atom   7:  -9.7490746149e-03  -1.6559354429e-03  -3.8698257308e-03
  Atom   8:   7.6084971213e-03  -6.0790959207e-03  -1.9691265223e-03
  Atom   9:   2.1597483532e-03   1.0666421197e-03  -9.5190325484e-04
  Atom  10:  -2.1698324574e-03  -1.0949408932e-03  -1.1028702109e-03
  Atom  11:  -9.6898500730e-03   5.1607314696e-03  -2.3266508994e-03
  Atom  12:   3.9039804407e-04   8.9364901039e-05   2.0062026435e-03
  Atom  13:  -5.1665862720e-04  -6.9062272553e-04  -6.1164836515e-04
  Atom  14:   2.2138247430e-06  -8.4504598764e-04   3.3923562740e-03
  Atom  15:   8.1714274438e-04   1.7791237659e-03   6.9507457239e-04
[OPT] step = 0  energy = -102.6851917506  dE =               N/A  grad_max =  6.6160374158e-02  grad_rms =  1.3192477962e-02
[OPT] Geometry optimization did not converge in 1 steps.
Kylin-PBC Done.
Timer "Kylin-PBC main" used time: 49.76504 s.
