Kylin-PBC: v1.0.0

System time = 2026-09-30 20:28:10

OMP threads = 32

KYLIN_PBC_ROOT = "/home/rudin/code/kylin-pbc"
KYLIN_SCR_PATH = "/tmp"
KYLIN_JOB_PATH = "/home/rudin/tmp-review-ionic/MgO16/chol/t1e-07"

SCF.xcfun                      = HSE06
SCF.basis                      = dzvp-sr
SCF.psudo                      = gth-pbe
SCF.kmesh                      = 1 1 1
SCF.gmesh                      = 5.0e-01
SCF.ispin                      = OFF
SCF.dspin                      = 0
SCF.eps_engy                   = 3.7e-09 [AU]
SCF.eps_grad                   = 1.0e-05 [AU]
SCF.eps_dmat                   = 1.0e-03
SCF.chk_load                   = 
SCF.chk_save                   = 
SCF.scf_guess                  = ATOM
SCF.max_cycle                  = 200
SCF.vdw_method                 = NONE
SCF.coul_method                = MGDF
SCF.xchg_method                = LSDF
SCF.xchg_exxocc                = OFF
SCF.xchg_exxace                = NONE
SCF.xchg_robust                = FULL
SCF.xchg_exxdiv                = EWALD
SCF.xchg_dropG0                = ON
SCF.lsdf_cparam                = 30
SCF.lsdf_mparam                = 5
SCF.lsdf_ipslct                = CHOL
SCF.lsdf_chocut                = 1.0e-07
SCF.lsdf_atmcut                = 2.5e+01
SCF.lsdf_aovcut                = 1.0e-07
SCF.lsdf_swzcut                = 0.0e+00
SCF.lsdf_pnocut                = 0.0e+00
SCF.lsdf_nafcut                = 0.0e+00
SCF.mgdf_ntasks                = 4
SCF.mgdf_kratio                = 3.0e+00
SCF.mgdf_cutoff                = 3.0e+02 [AU]
SCF.mgdf_relcut                = 3.0e+01
SCF.mgdf_prprec                = 1.0e-14
SCF.dmx_mix_method             = NONE
SCF.dmx_mix_start              = 1
SCF.dmx_mix_space              = 8
SCF.dmx_mix_alpha              = 3.0e-01
SCF.rho_mix_method             = NONE
SCF.rho_mix_start              = 1
SCF.rho_mix_space              = 8
SCF.rho_mix_alpha              = 3.0e-01
SCF.hks_mix_method             = BROY
SCF.hks_mix_start              = 1
SCF.hks_mix_space              = 8
SCF.hks_mix_alpha              = 3.0e-01
SCF.damp_factor                = 0.0e+00
SCF.level_shift                = 0.0e+00 [AU]
SCF.smear_method               = NONE
SCF.smear_sigma                = 0.0e+00 [AU]
SCF.soc                        = OFF
SCF.soc_window                 = 1.8e+00 [AU]
SCF.print_bandgap              = OFF
SCF.print_time                 = OFF

OPT.opt_method                 = BFGS
OPT.max_cycle                  = 1
OPT.eps_engy                   = 4.0e-06 [AU]
OPT.eps_grad                   = 4.0e-04 [AU]
OPT.trust_limit                = 3.0e-01 [AU]
OPT.damp_factor                = 0.0e+00
OPT.opt_mix_method             = NONE
OPT.opt_mix_start              = 1
OPT.opt_mix_space              = 5
OPT.opt_mix_alpha              = 3.0e-01
OPT.neb_method                 = FIRE
OPT.neb_lclimb                 = ON
OPT.neb_interp                 = IDPP
OPT.neb_nimage                 = 5
OPT.neb_spring                 = 1.0e-02 [AU]
OPT.neb_maxstep                = 7.6e-02 [AU]

PROP.calculation               = NONE
FREQ.freq_method               = FREE2
FREQ.fd_stepsize               = 2.8e-02 [AU]
DOS.dos_method                 = GAUSS
DOS.dos_sigma                  = 3.7e-03 [AU]
DOS.dos_npoint                 = 1001
DOS.dos_emin                   = 0.0e+00 [AU]
DOS.dos_emax                   = 0.0e+00 [AU]

OPT.mdx_ensemble               = NVE
OPT.mdx_thermostat             = NHC
OPT.mdx_max_step               = 0
OPT.mdx_timestep               = 4.0e+01 [AU]
OPT.mdx_temperature            = 9.5e-04 [AU]
OPT.mdx_pressure               = 0.0e+00 [AU]
OPT.mdx_thermo_tau             = 4.0e+03 [AU]
OPT.mdx_baro_tau               = 2.0e+04 [AU]
OPT.mdx_nhc_length             = 3
OPT.mdx_nhc_mts                = 3
OPT.mdx_constraint             = OFF
OPT.mdx_constraint_tol         = 1.0e-10
OPT.mdx_rng_seed               = 42

K-points mesh = 1 1 1

xc functional: "HSE06"
is hybrid: YES
HFX coeff: 0.25

Basis Set Name: "dzvp-sr"
number of shell = 40
number of basis = 176
gmesh = 98 98 195

Pseudopotential Name: "gth-pbe"
number of valence electron = 128

OPT Calculation.

==============================================================
                   Geometry Optimization                      
==============================================================
  method      = BFGS
  max_cycle   = 1
  eps_engy    = 4.000000e-06
  eps_grad    = 4.000000e-04
  trust_limit = 0.300000
  natom       = 16
  nfree       = 48 / 48
==============================================================

--------------------------------------------------------------
  OPT step 0
--------------------------------------------------------------
[OPT] Cell structure (Angstrom):
       4.21700000       0.00000000       0.00000000
       0.00000000       4.21700000       0.00000000
       0.00000000       0.00000000       8.43400000

Cart
Mg         0.00000000       0.00000000       0.00000000   T T T
Mg         0.10000000       2.15850000       2.13850000   T T T
Mg         2.10850000       0.00000000       2.10850000   T T T
Mg         2.10850000       2.10850000       0.00000000   T T T
O          2.10850000       2.10850000       2.10850000   T T T
O          2.10850000       4.21700000       4.21700000   T T T
O          4.21700000       2.10850000       4.21700000   T T T
O          4.21700000       4.21700000       2.10850000   T T T
Mg         0.00000000       0.00000000       4.21700000   T T T
Mg         0.00000000       2.10850000       6.32550000   T T T
Mg         2.10850000       0.00000000       6.32550000   T T T
Mg         2.10850000       2.10850000       4.21700000   T T T
O          2.10850000       2.10850000       6.32550000   T T T
O          2.10850000       4.21700000       8.43400000   T T T
O          4.21700000       2.10850000       8.43400000   T T T
O          4.21700000       4.21700000       6.32550000   T T T

[OPT] Cell written to /home/rudin/tmp-review-ionic/MgO16/chol/t1e-07/opt_img/cell_opt_0.txt
[LSDF] gmesh = (98, 98, 195), ngrid = 1872780, naofn = 176, natom = 16
Timer "[LSDF] Voronoi partition" used time: 0.021916 s.
Timer "[LSDF] AO evaluation + screening" used time: 4.564005 s.
[LSDF] IP method: pivoted Cholesky (thresh = 1.00e-07)
[LSDF] total IPs selected: 5474 (0.2923% of grid)
Timer "[LSDF] IP selection" used time: 9.529335 s.
Timer "[LSDF] aux basis fitting" used time: 3.757444 s.
[LSDF] Step 5 diagnostics: natom=16, ngrid=1872780, naux_total=5474
[LSDF]   OMP threads=32, MKL threads=32
[LSDF]   Vmat_loc total size: 5474 x 1872780 = 76.38 GB
Timer "[LSDF]   5a Vmat_loc alloc+FFT" used time: 5.880150 s.
[LSDF]   W size: 5474 x 5474 = 228.61 MB, max_npart=118186
Timer "[LSDF]   5b W construction (DGEMM)" used time: 2.699008 s.
Timer "[LSDF]   5c Wmat symmetrize" used time: 0.011842 s.
[LSDF]   robust_mode=FULL: keeping Vmat_loc (76.38 GB) in atom ordering
Timer "[LSDF] V/W construction" used time: 8.591120 s.
[LSDF] xchg phases: A=0.002 s, B(K_W)=0.013 s, C(K_V)=5.215 s, E(reduce)=0.001 s
[NELEC] step = 0  nelec = 128  neInt = 128.000000  dnelc = -3.6099123690e-09
[ENERG] step = 0  eTotl = -635.53100271  eCore = -337.00186663  eCoul = 174.38894144  eExcl = -94.40283794  eNucl = -378.51523958  eDisp = 0.00000000
[ERROR] step = 0  engy error =  0.0000000000e+00  grad error =  0.0000000000e+00  dmat error =  0.0000000000e+00
Timer "SCF cycle: 0" used time: 6.787414 s.

[LSDF] xchg phases: A=0.001 s, B(K_W)=0.013 s, C(K_V)=4.861 s, E(reduce)=0.000 s
[NELEC] step = 1  nelec = 128  neInt = 128.000000  dnelc = -1.8321159700e-08
[ENERG] step = 1  eTotl = -634.35870983  eCore = -366.69511842  eCoul = 212.72475040  eExcl = -101.87310222  eNucl = -378.51523958  eDisp = 0.00000000
[ERROR] step = 1  engy error =  1.1722928859e+00  grad error =  0.0000000000e+00  dmat error =  1.5801781532e+00
Timer "SCF cycle: 1" used time: 6.409371 s.

[LSDF] xchg phases: A=0.000 s, B(K_W)=0.013 s, C(K_V)=4.728 s, E(reduce)=0.000 s
[NELEC] step = 2  nelec = 128  neInt = 128.000000  dnelc = -1.8862280626e-08
[ENERG] step = 2  eTotl = -635.17878708  eCore = -362.43016024  eCoul = 205.69255831  eExcl = -99.92594557  eNucl = -378.51523958  eDisp = 0.00000000
[ERROR] step = 2  engy error = -8.2007725172e-01  grad error =  0.0000000000e+00  dmat error =  2.0801628867e-01
Timer "SCF cycle: 2" used time: 6.189722 s.

[LSDF] xchg phases: A=0.000 s, B(K_W)=0.013 s, C(K_V)=4.602 s, E(reduce)=0.000 s
[NELEC] step = 3  nelec = 128  neInt = 128.000000  dnelc = -1.6024543470e-08
[ENERG] step = 3  eTotl = -635.30524934  eCore = -358.12193715  eCoul = 199.76321683  eExcl = -98.43128943  eNucl = -378.51523958  eDisp = 0.00000000
[ERROR] step = 3  engy error = -1.2646225633e-01  grad error =  0.0000000000e+00  dmat error =  2.6428752258e-01
Timer "SCF cycle: 3" used time: 6.051906 s.

[LSDF] xchg phases: A=0.000 s, B(K_W)=0.013 s, C(K_V)=3.294 s, E(reduce)=0.000 s
[NELEC] step = 4  nelec = 128  neInt = 128.000000  dnelc = -1.3421697531e-08
[ENERG] step = 4  eTotl = -635.32709577  eCore = -357.76599400  eCoul = 199.46283022  eExcl = -98.50869241  eNucl = -378.51523958  eDisp = 0.00000000
[ERROR] step = 4  engy error = -2.1846435002e-02  grad error =  0.0000000000e+00  dmat error =  7.8949378916e-02
Timer "SCF cycle: 4" used time: 4.768708 s.

[LSDF] xchg phases: A=0.000 s, B(K_W)=0.013 s, C(K_V)=4.958 s, E(reduce)=0.000 s
[NELEC] step = 5  nelec = 128  neInt = 128.000000  dnelc = -1.4377604884e-08
[ENERG] step = 5  eTotl = -635.32846867  eCore = -358.27098595  eCoul = 200.10812487  eExcl = -98.65036800  eNucl = -378.51523958  eDisp = 0.00000000
[ERROR] step = 5  engy error = -1.3728953739e-03  grad error =  0.0000000000e+00  dmat error =  3.6473783690e-02
Timer "SCF cycle: 5" used time: 6.417560 s.

[LSDF] xchg phases: A=0.000 s, B(K_W)=0.013 s, C(K_V)=4.934 s, E(reduce)=0.000 s
[NELEC] step = 6  nelec = 128  neInt = 128.000000  dnelc = -1.4317677710e-08
[ENERG] step = 6  eTotl = -635.32848356  eCore = -358.22987094  eCoul = 200.05569714  eExcl = -98.63907018  eNucl = -378.51523958  eDisp = 0.00000000
[ERROR] step = 6  engy error = -1.4894370565e-05  grad error =  0.0000000000e+00  dmat error =  3.0434282212e-03
Timer "SCF cycle: 6" used time: 6.398974 s.

[LSDF] xchg phases: A=0.000 s, B(K_W)=0.013 s, C(K_V)=4.756 s, E(reduce)=0.000 s
[NELEC] step = 7  nelec = 128  neInt = 128.000000  dnelc = -1.4318942476e-08
[ENERG] step = 7  eTotl = -635.32848409  eCore = -358.22736278  eCoul = 200.05249805  eExcl = -98.63837977  eNucl = -378.51523958  eDisp = 0.00000000
[ERROR] step = 7  engy error = -5.2415293794e-07  grad error =  0.0000000000e+00  dmat error =  2.5697049153e-04
Timer "SCF cycle: 7" used time: 6.218497 s.

[NELEC] step = 8  nelec = 128  neInt = 128.000000  dnelc = -1.4323234154e-08
[ENERG] step = 8  eTotl = -635.32848432  eCore = -358.22678049  eCoul = 200.05189340  eExcl = -98.63835765  eNucl = -378.51523958  eDisp = 0.00000000
[ERROR] step = 8  engy error = -2.3714244435e-07  grad error =  0.0000000000e+00  dmat error =  2.2637009846e-04
Timer "SCF cycle: 8" used time: 5.832778 s.

[NELEC] step = 9  nelec = 128  neInt = 128.000000  dnelc = -1.4324470499e-08
[ENERG] step = 9  eTotl = -635.32848433  eCore = -358.22675634  eCoul = 200.05183163  eExcl = -98.63832004  eNucl = -378.51523958  eDisp = 0.00000000
[ERROR] step = 9  engy error = -7.1062231655e-09  grad error =  0.0000000000e+00  dmat error =  4.3238266276e-05
Timer "SCF cycle: 9" used time: 5.260165 s.

[NELEC] step = 10  nelec = 128  neInt = 128.000000  dnelc = -1.4323831010e-08
[ENERG] step = 10  eTotl = -635.32848433  eCore = -358.22660641  eCoul = 200.05166821  eExcl = -98.63830656  eNucl = -378.51523958  eDisp = 0.00000000
[ERROR] step = 10  engy error = -3.9028691390e-10  grad error =  0.0000000000e+00  dmat error =  2.1311355649e-05
SCF converged in 10 steps.
[LSDF] xchg_d10: ISDF-robust path (K_V + K_V~ - K_IP)
[GRADIENT] SCF type: GRKS | atoms: 16 | DOF: 48 | time: 36.671 s
  Atom   0:  -1.0076410861e-04  -4.3343458759e-04  -2.8470155958e-04
  Atom   1:   2.1898564139e-02   1.0014085403e-02   7.2081282952e-03
  Atom   2:  -5.7689473370e-03  -2.9505068448e-03  -1.4998728909e-03
  Atom   3:  -1.5170822048e-03   1.3816354635e-04  -3.4669376310e-04
  Atom   4:  -5.1070079565e-03  -1.4567692449e-03  -1.3677660513e-03
  Atom   5:   6.3959781664e-04   3.2285906384e-04   2.1416844489e-04
  Atom   6:  -1.9841189150e-03  -9.9116164493e-04  -8.5448160980e-04
  Atom   7:  -3.0676426034e-03  -2.1850310725e-03  -1.4095677018e-03
  Atom   8:   1.1683933563e-03  -1.5739041310e-03  -8.1160817552e-04
  Atom   9:  -8.1116300143e-05  -5.7506001413e-05   1.9497888237e-03
  Atom  10:   1.9158426980e-05   2.3425884836e-05   2.3808013534e-03
  Atom  11:  -3.1601290108e-03   5.9349887037e-04  -1.1359487900e-03
  Atom  12:  -2.3270448196e-04   4.2951240513e-05   5.0462622720e-04
  Atom  13:   5.8651099852e-04   2.9727971394e-04   2.5367877064e-05
  Atom  14:  -1.9113133062e-03  -9.5516787585e-04  -6.9949466241e-04
  Atom  15:   8.5747034123e-05  -1.1599511724e-04   5.0365050959e-04
[OPT] step = 0  energy = -635.3284843296  dE =               N/A  grad_max =  2.1898564139e-02  grad_rms =  3.9866447795e-03
[OPT] Geometry optimization did not converge in 1 steps.
Kylin-PBC Done.
Timer "Kylin-PBC main" used time: 137.7041 s.
