Kylin-PBC: v1.0.0

System time = 2026-09-30 19:32:47

OMP threads = 32

KYLIN_PBC_ROOT = "/home/rudin/code/kylin-pbc"
KYLIN_SCR_PATH = "/tmp"
KYLIN_JOB_PATH = "/home/rudin/tmp-review-ionic/MgO16/ftdf"

SCF.xcfun                      = HSE06
SCF.basis                      = dzvp-sr
SCF.psudo                      = gth-pbe
SCF.kmesh                      = 1 1 1
SCF.gmesh                      = 5.0e-01
SCF.ispin                      = OFF
SCF.dspin                      = 0
SCF.eps_engy                   = 3.7e-09 [AU]
SCF.eps_grad                   = 1.0e-05 [AU]
SCF.eps_dmat                   = 1.0e-03
SCF.chk_load                   = 
SCF.chk_save                   = 
SCF.scf_guess                  = ATOM
SCF.max_cycle                  = 200
SCF.vdw_method                 = NONE
SCF.coul_method                = MGDF
SCF.xchg_method                = FTDF
SCF.xchg_exxocc                = OFF
SCF.xchg_exxace                = NONE
SCF.xchg_robust                = TILE
SCF.xchg_exxdiv                = EWALD
SCF.xchg_dropG0                = ON
SCF.lsdf_cparam                = 30
SCF.lsdf_mparam                = 5
SCF.lsdf_ipslct                = QRCP
SCF.lsdf_chocut                = 1.0e-08
SCF.lsdf_atmcut                = 2.5e+01
SCF.lsdf_aovcut                = 1.0e-07
SCF.lsdf_swzcut                = 0.0e+00
SCF.lsdf_pnocut                = 0.0e+00
SCF.lsdf_nafcut                = 0.0e+00
SCF.mgdf_ntasks                = 4
SCF.mgdf_kratio                = 3.0e+00
SCF.mgdf_cutoff                = 3.0e+02 [AU]
SCF.mgdf_relcut                = 3.0e+01
SCF.mgdf_prprec                = 1.0e-14
SCF.dmx_mix_method             = NONE
SCF.dmx_mix_start              = 1
SCF.dmx_mix_space              = 8
SCF.dmx_mix_alpha              = 3.0e-01
SCF.rho_mix_method             = NONE
SCF.rho_mix_start              = 1
SCF.rho_mix_space              = 8
SCF.rho_mix_alpha              = 3.0e-01
SCF.hks_mix_method             = BROY
SCF.hks_mix_start              = 1
SCF.hks_mix_space              = 8
SCF.hks_mix_alpha              = 3.0e-01
SCF.damp_factor                = 0.0e+00
SCF.level_shift                = 0.0e+00 [AU]
SCF.smear_method               = NONE
SCF.smear_sigma                = 0.0e+00 [AU]
SCF.soc                        = OFF
SCF.soc_window                 = 1.8e+00 [AU]
SCF.print_bandgap              = OFF
SCF.print_time                 = OFF

OPT.opt_method                 = BFGS
OPT.max_cycle                  = 1
OPT.eps_engy                   = 4.0e-06 [AU]
OPT.eps_grad                   = 4.0e-04 [AU]
OPT.trust_limit                = 3.0e-01 [AU]
OPT.damp_factor                = 0.0e+00
OPT.opt_mix_method             = NONE
OPT.opt_mix_start              = 1
OPT.opt_mix_space              = 5
OPT.opt_mix_alpha              = 3.0e-01
OPT.neb_method                 = FIRE
OPT.neb_lclimb                 = ON
OPT.neb_interp                 = IDPP
OPT.neb_nimage                 = 5
OPT.neb_spring                 = 1.0e-02 [AU]
OPT.neb_maxstep                = 7.6e-02 [AU]

PROP.calculation               = NONE
FREQ.freq_method               = FREE2
FREQ.fd_stepsize               = 2.8e-02 [AU]
DOS.dos_method                 = GAUSS
DOS.dos_sigma                  = 3.7e-03 [AU]
DOS.dos_npoint                 = 1001
DOS.dos_emin                   = 0.0e+00 [AU]
DOS.dos_emax                   = 0.0e+00 [AU]

OPT.mdx_ensemble               = NVE
OPT.mdx_thermostat             = NHC
OPT.mdx_max_step               = 0
OPT.mdx_timestep               = 4.0e+01 [AU]
OPT.mdx_temperature            = 9.5e-04 [AU]
OPT.mdx_pressure               = 0.0e+00 [AU]
OPT.mdx_thermo_tau             = 4.0e+03 [AU]
OPT.mdx_baro_tau               = 2.0e+04 [AU]
OPT.mdx_nhc_length             = 3
OPT.mdx_nhc_mts                = 3
OPT.mdx_constraint             = OFF
OPT.mdx_constraint_tol         = 1.0e-10
OPT.mdx_rng_seed               = 42

K-points mesh = 1 1 1

xc functional: "HSE06"
is hybrid: YES
HFX coeff: 0.25

Basis Set Name: "dzvp-sr"
number of shell = 40
number of basis = 176
gmesh = 98 98 195

Pseudopotential Name: "gth-pbe"
number of valence electron = 128

OPT Calculation.

==============================================================
                   Geometry Optimization                      
==============================================================
  method      = BFGS
  max_cycle   = 1
  eps_engy    = 4.000000e-06
  eps_grad    = 4.000000e-04
  trust_limit = 0.300000
  natom       = 16
  nfree       = 48 / 48
==============================================================

--------------------------------------------------------------
  OPT step 0
--------------------------------------------------------------
[OPT] Cell structure (Angstrom):
       4.21700000       0.00000000       0.00000000
       0.00000000       4.21700000       0.00000000
       0.00000000       0.00000000       8.43400000

Cart
Mg         0.00000000       0.00000000       0.00000000   T T T
Mg         0.10000000       2.15850000       2.13850000   T T T
Mg         2.10850000       0.00000000       2.10850000   T T T
Mg         2.10850000       2.10850000       0.00000000   T T T
O          2.10850000       2.10850000       2.10850000   T T T
O          2.10850000       4.21700000       4.21700000   T T T
O          4.21700000       2.10850000       4.21700000   T T T
O          4.21700000       4.21700000       2.10850000   T T T
Mg         0.00000000       0.00000000       4.21700000   T T T
Mg         0.00000000       2.10850000       6.32550000   T T T
Mg         2.10850000       0.00000000       6.32550000   T T T
Mg         2.10850000       2.10850000       4.21700000   T T T
O          2.10850000       2.10850000       6.32550000   T T T
O          2.10850000       4.21700000       8.43400000   T T T
O          4.21700000       2.10850000       8.43400000   T T T
O          4.21700000       4.21700000       6.32550000   T T T

[OPT] Cell written to /home/rudin/tmp-review-ionic/MgO16/ftdf/opt_img/cell_opt_0.txt
[NELEC] step = 0  nelec = 128  neInt = 128.000000  dnelc = -3.6098981582e-09
[ENERG] step = 0  eTotl = -635.53100358  eCore = -337.00186663  eCoul = 174.38894144  eExcl = -94.40283881  eNucl = -378.51523958  eDisp = 0.00000000
[ERROR] step = 0  engy error =  0.0000000000e+00  grad error =  0.0000000000e+00  dmat error =  0.0000000000e+00
Timer "SCF cycle: 0" used time: 94.34897 s.

[NELEC] step = 1  nelec = 128  neInt = 128.000000  dnelc = -1.8321131279e-08
[ENERG] step = 1  eTotl = -634.35871072  eCore = -366.69511900  eCoul = 212.72475112  eExcl = -101.87310327  eNucl = -378.51523958  eDisp = 0.00000000
[ERROR] step = 1  engy error =  1.1722928581e+00  grad error =  0.0000000000e+00  dmat error =  1.5801749815e+00
Timer "SCF cycle: 1" used time: 85.20673 s.

[NELEC] step = 2  nelec = 128  neInt = 128.000000  dnelc = -1.8862337470e-08
[ENERG] step = 2  eTotl = -635.17878801  eCore = -362.43016014  eCoul = 205.69255816  eExcl = -99.92594645  eNucl = -378.51523958  eDisp = 0.00000000
[ERROR] step = 2  engy error = -8.2007728771e-01  grad error =  0.0000000000e+00  dmat error =  2.0801629250e-01
Timer "SCF cycle: 2" used time: 89.96956 s.

[NELEC] step = 3  nelec = 128  neInt = 128.000000  dnelc = -1.6024586103e-08
[ENERG] step = 3  eTotl = -635.30525027  eCore = -358.12193639  eCoul = 199.76321592  eExcl = -98.43129023  eNucl = -378.51523958  eDisp = 0.00000000
[ERROR] step = 3  engy error = -1.2646226379e-01  grad error =  0.0000000000e+00  dmat error =  2.6428821403e-01
Timer "SCF cycle: 3" used time: 86.47043 s.

[NELEC] step = 4  nelec = 128  neInt = 128.000000  dnelc = -1.3421754375e-08
[ENERG] step = 4  eTotl = -635.32709671  eCore = -357.76599318  eCoul = 199.46282925  eExcl = -98.50869319  eNucl = -378.51523958  eDisp = 0.00000000
[ERROR] step = 4  engy error = -2.1846433151e-02  grad error =  0.0000000000e+00  dmat error =  7.8949633616e-02
Timer "SCF cycle: 4" used time: 102.1586 s.

[NELEC] step = 5  nelec = 128  neInt = 128.000000  dnelc = -1.4377476987e-08
[ENERG] step = 5  eTotl = -635.32846960  eCore = -358.27098523  eCoul = 200.10812401  eExcl = -98.65036880  eNucl = -378.51523958  eDisp = 0.00000000
[ERROR] step = 5  engy error = -1.3728961175e-03  grad error =  0.0000000000e+00  dmat error =  3.6473887017e-02
Timer "SCF cycle: 5" used time: 86.19329 s.

[NELEC] step = 6  nelec = 128  neInt = 128.000000  dnelc = -1.4317848240e-08
[ENERG] step = 6  eTotl = -635.32848450  eCore = -358.22987026  eCoul = 200.05569634  eExcl = -98.63907100  eNucl = -378.51523958  eDisp = 0.00000000
[ERROR] step = 6  engy error = -1.4894334299e-05  grad error =  0.0000000000e+00  dmat error =  3.0434349900e-03
Timer "SCF cycle: 6" used time: 85.83771 s.

[NELEC] step = 7  nelec = 128  neInt = 128.000000  dnelc = -1.4318999320e-08
[ENERG] step = 7  eTotl = -635.32848502  eCore = -358.22736212  eCoul = 200.05249726  eExcl = -98.63838058  eNucl = -378.51523958  eDisp = 0.00000000
[ERROR] step = 7  engy error = -5.2415316532e-07  grad error =  0.0000000000e+00  dmat error =  2.5697083347e-04
Timer "SCF cycle: 7" used time: 88.03483 s.

[NELEC] step = 8  nelec = 128  neInt = 128.000000  dnelc = -1.4323063624e-08
[ENERG] step = 8  eTotl = -635.32848526  eCore = -358.22677983  eCoul = 200.05189262  eExcl = -98.63835846  eNucl = -378.51523958  eDisp = 0.00000000
[ERROR] step = 8  engy error = -2.3714233066e-07  grad error =  0.0000000000e+00  dmat error =  2.2637018112e-04
Timer "SCF cycle: 8" used time: 86.28845 s.

[NELEC] step = 9  nelec = 128  neInt = 128.000000  dnelc = -1.4324498920e-08
[ENERG] step = 9  eTotl = -635.32848527  eCore = -358.22675567  eCoul = 200.05183085  eExcl = -98.63832086  eNucl = -378.51523958  eDisp = 0.00000000
[ERROR] step = 9  engy error = -7.1062231655e-09  grad error =  0.0000000000e+00  dmat error =  4.3237090355e-05
Timer "SCF cycle: 9" used time: 86.16759 s.

[NELEC] step = 10  nelec = 128  neInt = 128.000000  dnelc = -1.4324058384e-08
[ENERG] step = 10  eTotl = -635.32848527  eCore = -358.22660574  eCoul = 200.05166743  eExcl = -98.63830737  eNucl = -378.51523958  eDisp = 0.00000000
[ERROR] step = 10  engy error = -3.9028691390e-10  grad error =  0.0000000000e+00  dmat error =  2.1311432014e-05
SCF converged in 10 steps.
[GRADIENT] SCF type: GRKS | atoms: 16 | DOF: 48 | time: 138.407 s
  Atom   0:  -9.0818864943e-05  -4.4253134639e-04  -2.8008809384e-04
  Atom   1:   2.1917711822e-02   1.0012195281e-02   7.2010633053e-03
  Atom   2:  -5.7986501262e-03  -2.9424756821e-03  -1.4951077923e-03
  Atom   3:  -1.5203054132e-03   1.4999262054e-04  -3.6418496266e-04
  Atom   4:  -5.1070731697e-03  -1.4567313212e-03  -1.3674034492e-03
  Atom   5:   6.3962397288e-04   3.2307855235e-04   2.1478963791e-04
  Atom   6:  -1.9838276214e-03  -9.9120642706e-04  -8.5443200903e-04
  Atom   7:  -3.0673506055e-03  -2.1850850804e-03  -1.4101166842e-03
  Atom   8:   1.1671043294e-03  -1.5779181350e-03  -8.1947426262e-04
  Atom   9:  -1.0317557310e-04  -5.1394401719e-05   1.9409086650e-03
  Atom  10:   4.2333997947e-05   2.1224621152e-05   2.3701831967e-03
  Atom  11:  -3.1699830763e-03   5.9198033184e-04  -1.1300034292e-03
  Atom  12:  -2.3261331781e-04   4.3163140002e-05   5.0480761840e-04
  Atom  13:   5.8658159632e-04   2.9747349714e-04   2.5009686484e-05
  Atom  14:  -1.9112342434e-03  -9.5501368115e-04  -6.9985412466e-04
  Atom  15:   8.5803685801e-05  -1.1620359674e-04   5.0357140855e-04
[OPT] step = 0  energy = -635.3284852666  dE =               N/A  grad_max =  2.1917711822e-02  grad_rms =  3.9892536416e-03
[OPT] Geometry optimization did not converge in 1 steps.
Kylin-PBC Done.
Timer "Kylin-PBC main" used time: 1120.013 s.
