Kylin-PBC: v1.0.0

System time = 2026-06-28 02:38:26

OMP threads = 32

KYLIN_PBC_ROOT = "/home/rudin/code/kylin-pbc"
KYLIN_SCR_PATH = "/tmp"
KYLIN_JOB_PATH = "/home/rudin/code/kylin-pbc/art/example/fd-verify/Si/xm"

SCF.xcfun                      = HSE06
SCF.basis                      = dzvp-sr
SCF.psudo                      = gth-pbe
SCF.kmesh                      = 1 1 1
SCF.gmesh                      = 6.0e-01
SCF.ispin                      = OFF
SCF.dspin                      = 0
SCF.eps_engy                   = 1.0e-06 [AU]
SCF.eps_grad                   = 1.0e-05 [AU]
SCF.eps_dmat                   = 1.0e-03
SCF.chk_load                   = 
SCF.chk_save                   = 
SCF.scf_guess                  = ATOM
SCF.max_cycle                  = 200
SCF.vdw_method                 = NONE
SCF.coul_method                = FTDF
SCF.xchg_method                = LSDF
SCF.xchg_exxocc                = OFF
SCF.xchg_exxace                = NONE
SCF.xchg_robust                = TILE
SCF.xchg_exxdiv                = NONE
SCF.xchg_dropG0                = OFF
SCF.lsdf_cparam                = 30
SCF.lsdf_mparam                = 5
SCF.lsdf_ipslct                = QRCP
SCF.lsdf_chocut                = 1.0e-08
SCF.lsdf_atmcut                = 2.5e+01
SCF.lsdf_aovcut                = 1.0e-07
SCF.lsdf_swzcut                = 0.0e+00
SCF.lsdf_pnocut                = 0.0e+00
SCF.lsdf_nafcut                = 0.0e+00
SCF.mgdf_ntasks                = 4
SCF.mgdf_kratio                = 3.0e+00
SCF.mgdf_cutoff                = 3.0e+02 [AU]
SCF.mgdf_relcut                = 3.0e+01
SCF.mgdf_prprec                = 1.0e-14
SCF.dmx_mix_method             = NONE
SCF.dmx_mix_start              = 1
SCF.dmx_mix_space              = 8
SCF.dmx_mix_alpha              = 3.0e-01
SCF.rho_mix_method             = NONE
SCF.rho_mix_start              = 1
SCF.rho_mix_space              = 8
SCF.rho_mix_alpha              = 3.0e-01
SCF.hks_mix_method             = BROY
SCF.hks_mix_start              = 1
SCF.hks_mix_space              = 8
SCF.hks_mix_alpha              = 3.0e-01
SCF.damp_factor                = 0.0e+00
SCF.level_shift                = 0.0e+00 [AU]
SCF.smear_method               = NONE
SCF.smear_sigma                = 0.0e+00 [AU]
SCF.soc                        = OFF
SCF.soc_window                 = 1.8e+00 [AU]
SCF.print_bandgap              = OFF
SCF.print_time                 = OFF

OPT.opt_method                 = BFGS
OPT.max_cycle                  = 0
OPT.eps_engy                   = 4.0e-06 [AU]
OPT.eps_grad                   = 4.0e-04 [AU]
OPT.trust_limit                = 3.0e-01 [AU]
OPT.damp_factor                = 0.0e+00
OPT.opt_mix_method             = NONE
OPT.opt_mix_start              = 1
OPT.opt_mix_space              = 5
OPT.opt_mix_alpha              = 3.0e-01
OPT.neb_method                 = FIRE
OPT.neb_lclimb                 = ON
OPT.neb_interp                 = IDPP
OPT.neb_nimage                 = 5
OPT.neb_spring                 = 1.0e-02 [AU]
OPT.neb_maxstep                = 7.6e-02 [AU]

PROP.calculation               = NONE
FREQ.freq_method               = FREE2
FREQ.fd_stepsize               = 2.8e-02 [AU]
DOS.dos_method                 = GAUSS
DOS.dos_sigma                  = 3.7e-03 [AU]
DOS.dos_npoint                 = 1001
DOS.dos_emin                   = 0.0e+00 [AU]
DOS.dos_emax                   = 0.0e+00 [AU]

OPT.mdx_ensemble               = NVE
OPT.mdx_thermostat             = NHC
OPT.mdx_max_step               = 0
OPT.mdx_timestep               = 4.0e+01 [AU]
OPT.mdx_temperature            = 9.5e-04 [AU]
OPT.mdx_pressure               = 0.0e+00 [AU]
OPT.mdx_thermo_tau             = 4.0e+03 [AU]
OPT.mdx_baro_tau               = 2.0e+04 [AU]
OPT.mdx_nhc_length             = 3
OPT.mdx_nhc_mts                = 3
OPT.mdx_constraint             = OFF
OPT.mdx_constraint_tol         = 1.0e-10
OPT.mdx_rng_seed               = 42

K-points mesh = 1 1 1

xc functional: "HSE06"
is hybrid: YES
HFX coeff: 0.25

Basis Set Name: "dzvp-sr"
number of shell = 6
number of basis = 26
gmesh = 25 25 25

Pseudopotential Name: "gth-pbe"
number of valence electron = 8

SCF Calculation.
Gamma point
[LSDF] gmesh = (25, 25, 25), ngrid = 15625, naofn = 26, natom = 2
Timer "[LSDF] Voronoi partition" used time: 0.000547 s.
Timer "[LSDF] AO evaluation + screening" used time: 0.045554 s.
[LSDF] IP method: randomized QRCP (c=30, m=5)
[LSDF] total IPs selected: 690 (4.4160% of grid)
Timer "[LSDF] IP selection" used time: 0.254927 s.
Timer "[LSDF] aux basis fitting" used time: 0.034551 s.
[LSDF] Step 5 diagnostics: natom=2, ngrid=15625, naux_total=690
[LSDF]   OMP threads=32, MKL threads=32
[LSDF]   Vmat_loc total size: 690 x 15625 = 0.08 GB
Timer "[LSDF]   5a Vmat_loc alloc+FFT" used time: 0.011031 s.
[LSDF]   W size: 690 x 690 = 3.63 MB, max_npart=7933
Timer "[LSDF]   5b W construction (DGEMM)" used time: 0.010563 s.
Timer "[LSDF]   5c Wmat symmetrize" used time: 0.000494 s.
[LSDF]   5e Vatm_nby tile extraction starting... (robust_mode=TILE)
[LSDF]   Vatm_nby: range_sep=true
[LSDF]     Vatm_nby tile: 2/2 atoms, cumul 0.08 GB
[LSDF]   Vatm_nby total tile memory: 0.08 GB
Timer "[LSDF]   5e Vatm_nby tile extraction" used time: 0.005652 s.
Timer "[LSDF] V/W construction" used time: 0.032234 s.
[LSDF] xchg phases: A=0.000 s, B(K_W)=0.000 s, C(K_V)=0.006 s, E(reduce)=0.000 s
[NELEC] step = 0  nelec = 8  neInt = 8.000000  dnelc = -3.3537617128e-12
[ENERG] step = 0  eTotl = -9.32840816  eCore = 2.06917129  eCoul = 0.60663012  eExcl = -3.61172531  eNucl = -8.39248426  eDisp = 0.00000000
[ERROR] step = 0  engy error =  0.0000000000e+00  grad error =  0.0000000000e+00  dmat error =  0.0000000000e+00
Timer "SCF cycle: 0" used time: 0.093605 s.

[LSDF] xchg phases: A=0.000 s, B(K_W)=0.000 s, C(K_V)=0.005 s, E(reduce)=0.000 s
[NELEC] step = 1  nelec = 8  neInt = 8.000000  dnelc =  2.6467716907e-13
[ENERG] step = 1  eTotl = -7.92740957  eCore = 2.84352302  eCoul = 0.88319391  eExcl = -3.26164224  eNucl = -8.39248426  eDisp = 0.00000000
[ERROR] step = 1  engy error =  1.4009985838e+00  grad error =  0.0000000000e+00  dmat error =  1.6070622835e+00
Timer "SCF cycle: 1" used time: 0.036812 s.

[LSDF] xchg phases: A=0.000 s, B(K_W)=0.000 s, C(K_V)=0.004 s, E(reduce)=0.000 s
[NELEC] step = 2  nelec = 8  neInt = 8.000000  dnelc =  3.7303493627e-13
[ENERG] step = 2  eTotl = -7.92916741  eCore = 2.84512028  eCoul = 0.87971332  eExcl = -3.26151674  eNucl = -8.39248426  eDisp = 0.00000000
[ERROR] step = 2  engy error = -1.7578336359e-03  grad error =  0.0000000000e+00  dmat error =  8.7148263418e-03
Timer "SCF cycle: 2" used time: 0.027732 s.

[LSDF] xchg phases: A=0.000 s, B(K_W)=0.000 s, C(K_V)=0.004 s, E(reduce)=0.000 s
[NELEC] step = 3  nelec = 8  neInt = 8.000000  dnelc =  5.9152682752e-13
[ENERG] step = 3  eTotl = -7.93121673  eCore = 2.85039649  eCoul = 0.87203313  eExcl = -3.26116208  eNucl = -8.39248426  eDisp = 0.00000000
[ERROR] step = 3  engy error = -2.0493238177e-03  grad error =  0.0000000000e+00  dmat error =  1.8483045593e-02
Timer "SCF cycle: 3" used time: 0.026956 s.

[LSDF] xchg phases: A=0.000 s, B(K_W)=0.000 s, C(K_V)=0.004 s, E(reduce)=0.000 s
[NELEC] step = 4  nelec = 8  neInt = 8.000000  dnelc =  6.8034466949e-13
[ENERG] step = 4  eTotl = -7.93137947  eCore = 2.85097431  eCoul = 0.87186116  eExcl = -3.26173067  eNucl = -8.39248426  eDisp = 0.00000000
[ERROR] step = 4  engy error = -1.6273596186e-04  grad error =  0.0000000000e+00  dmat error =  8.0929464921e-03
Timer "SCF cycle: 4" used time: 0.026278 s.

[LSDF] xchg phases: A=0.000 s, B(K_W)=0.000 s, C(K_V)=0.003 s, E(reduce)=0.000 s
[NELEC] step = 5  nelec = 8  neInt = 8.000000  dnelc =  6.9633188104e-13
[ENERG] step = 5  eTotl = -7.93139277  eCore = 2.85106368  eCoul = 0.87184702  eExcl = -3.26181921  eNucl = -8.39248426  eDisp = 0.00000000
[ERROR] step = 5  engy error = -1.3304719190e-05  grad error =  0.0000000000e+00  dmat error =  1.2283212167e-03
Timer "SCF cycle: 5" used time: 0.025939 s.

[LSDF] xchg phases: A=0.000 s, B(K_W)=0.000 s, C(K_V)=0.003 s, E(reduce)=0.000 s
[NELEC] step = 6  nelec = 8  neInt = 8.000000  dnelc =  7.4429351571e-13
[ENERG] step = 6  eTotl = -7.93141801  eCore = 2.85138674  eCoul = 0.87196180  eExcl = -3.26228229  eNucl = -8.39248426  eDisp = 0.00000000
[ERROR] step = 6  engy error = -2.5239910031e-05  grad error =  0.0000000000e+00  dmat error =  5.8960558885e-03
Timer "SCF cycle: 6" used time: 0.025777 s.

[LSDF] xchg phases: A=0.000 s, B(K_W)=0.000 s, C(K_V)=0.003 s, E(reduce)=0.000 s
[NELEC] step = 7  nelec = 8  neInt = 8.000000  dnelc =  7.5139894307e-13
[ENERG] step = 7  eTotl = -7.93141812  eCore = 2.85136530  eCoul = 0.87195623  eExcl = -3.26225539  eNucl = -8.39248426  eDisp = 0.00000000
[ERROR] step = 7  engy error = -1.1059564731e-07  grad error =  0.0000000000e+00  dmat error =  3.4469220273e-04
SCF converged in 7 steps.
Kylin-PBC Done.
Timer "Kylin-PBC main" used time: 0.789344 s.
