[MGDF_DIAG] gmesh = 83 83 163  (ngrid=1122907)
[MGDF_DIAG] level 0  mesh=17 17 33  ngrid=9537  tasks=11328
[MGDF_DIAG] level 1  mesh=29 29 55  ngrid=46255  tasks=7680
[MGDF_DIAG] level 2  mesh=49 49 95  ngrid=228095  tasks=4176
[MGDF_DIAG] level 3  mesh=83 83 163  ngrid=1122907  tasks=0
[MGDF_DIAG] atom_pairs_kept=23184  rejected: atom=27368 set=0 pgf=71024 radius=1024
[MGDF_DIAG] max_pair_radius=15.7373  max_pgf_rcut=14.1991  total_pairs=23184  precision_colloc=1e-14  precision_screen=1e-07
OMP: Warning #226: KMP_AFFINITY must be set prior to first parallel region or certain API calls; ignored.
  [bwd-lev0] integ=0.0161819s  tasks=11328  us/pair=45.7117  grid=0.0727615MB
  [bwd-lev1] integ=0.0113339s  tasks=7680  us/pair=47.2248  grid=0.352898MB
  [bwd-lev2] integ=0.00829291s  tasks=4176  us/pair=63.5472  grid=1.74023MB
  [bwd] fft=0.00560308s  integ=0.0358088s  reduce=0.000173092s
  [fwd-lev0] colloc=0.0129812s  tasks=11328  us/pair=36.67  grid=0.0727615MB
  [fwd-lev1] colloc=0.00803518s  tasks=7680  us/pair=33.4799  grid=0.352898MB
  [fwd-lev2] colloc=0.00622702s  tasks=4176  us/pair=47.7166  grid=1.74023MB
  [fwd] colloc=0.0272434s  reduce=0.000319719s  fft=0.00211215s
  [bwd-lev0] integ=0.040524s  tasks=11328  us/pair=114.475  grid=0.0727615MB
  [bwd-lev1] integ=0.024488s  tasks=7680  us/pair=102.033  grid=0.352898MB
  [bwd-lev2] integ=0.016217s  tasks=4176  us/pair=124.268  grid=1.74023MB
  [bwd] fft=0.00686407s  integ=0.081229s  reduce=0.000158072s
  [fwd-lev0] colloc=0.0128942s  tasks=11328  us/pair=36.4242  grid=0.0727615MB
  [fwd-lev1] colloc=0.00794315s  tasks=7680  us/pair=33.0965  grid=0.352898MB
  [fwd-lev2] colloc=0.00555491s  tasks=4176  us/pair=42.5664  grid=1.74023MB
  [fwd] colloc=0.0263922s  reduce=0.000350714s  fft=0.0020721s
  [bwd-lev0] integ=0.0421588s  tasks=11328  us/pair=119.093  grid=0.0727615MB
  [bwd-lev1] integ=0.0250752s  tasks=7680  us/pair=104.48  grid=0.352898MB
  [bwd-lev2] integ=0.016613s  tasks=4176  us/pair=127.303  grid=1.74023MB
  [bwd] fft=0.00673723s  integ=0.083847s  reduce=0.000166178s
  [fwd-lev0] colloc=0.012924s  tasks=11328  us/pair=36.5084  grid=0.0727615MB
  [fwd-lev1] colloc=0.00793815s  tasks=7680  us/pair=33.0756  grid=0.352898MB
  [fwd-lev2] colloc=0.00558686s  tasks=4176  us/pair=42.8112  grid=1.74023MB
  [fwd] colloc=0.026449s  reduce=0.000330925s  fft=0.00199103s
  [bwd-lev0] integ=0.0422459s  tasks=11328  us/pair=119.339  grid=0.0727615MB
  [bwd-lev1] integ=0.02492s  tasks=7680  us/pair=103.833  grid=0.352898MB
  [bwd-lev2] integ=0.0165961s  tasks=4176  us/pair=127.173  grid=1.74023MB
  [bwd] fft=0.00418282s  integ=0.0837619s  reduce=0.000164986s
  [fwd-lev0] colloc=0.0129561s  tasks=11328  us/pair=36.5993  grid=0.0727615MB
  [fwd-lev1] colloc=0.00796103s  tasks=7680  us/pair=33.171  grid=0.352898MB
  [fwd-lev2] colloc=0.00575614s  tasks=4176  us/pair=44.1084  grid=1.74023MB
  [fwd] colloc=0.0266733s  reduce=0.000348568s  fft=0.00218105s
  [bwd-lev0] integ=0.0447531s  tasks=11328  us/pair=126.421  grid=0.0727615MB
  [bwd-lev1] integ=0.0255148s  tasks=7680  us/pair=106.312  grid=0.352898MB
  [bwd-lev2] integ=0.0166399s  tasks=4176  us/pair=127.509  grid=1.74023MB
  [bwd] fft=0.00720525s  integ=0.0869079s  reduce=0.000211954s
  [fwd-lev0] colloc=0.012918s  tasks=11328  us/pair=36.4915  grid=0.0727615MB
  [fwd-lev1] colloc=0.00794816s  tasks=7680  us/pair=33.1173  grid=0.352898MB
  [fwd-lev2] colloc=0.00557399s  tasks=4176  us/pair=42.7126  grid=1.74023MB
  [fwd] colloc=0.0264401s  reduce=0.000361919s  fft=0.00193906s
  [bwd-lev0] integ=0.0443869s  tasks=11328  us/pair=125.387  grid=0.0727615MB
  [bwd-lev1] integ=0.0257978s  tasks=7680  us/pair=107.491  grid=0.352898MB
  [bwd-lev2] integ=0.0168109s  tasks=4176  us/pair=128.819  grid=1.74023MB
  [bwd] fft=0.007195s  integ=0.0869956s  reduce=0.000164986s
  [fwd-lev0] colloc=0.014607s  tasks=11328  us/pair=41.2626  grid=0.0727615MB
  [fwd-lev1] colloc=0.00859499s  tasks=7680  us/pair=35.8125  grid=0.352898MB
  [fwd-lev2] colloc=0.00586295s  tasks=4176  us/pair=44.9268  grid=1.74023MB
  [fwd] colloc=0.0290649s  reduce=0.000341177s  fft=0.00204015s
  [bwd-lev0] integ=0.040067s  tasks=11328  us/pair=113.183  grid=0.0727615MB
  [bwd-lev1] integ=0.0238318s  tasks=7680  us/pair=99.2994  grid=0.352898MB
  [bwd-lev2] integ=0.0157309s  tasks=4176  us/pair=120.543  grid=1.74023MB
  [bwd] fft=0.0100689s  integ=0.0796297s  reduce=0.00031805s
  [fwd-lev0] colloc=0.012881s  tasks=11328  us/pair=36.3871  grid=0.0727615MB
  [fwd-lev1] colloc=0.00795603s  tasks=7680  us/pair=33.1501  grid=0.352898MB
  [fwd-lev2] colloc=0.00562906s  tasks=4176  us/pair=43.1346  grid=1.74023MB
  [fwd] colloc=0.0264661s  reduce=0.00031209s  fft=0.00198483s
  [bwd-lev0] integ=0.0423272s  tasks=11328  us/pair=119.568  grid=0.0727615MB
  [bwd-lev1] integ=0.0249002s  tasks=7680  us/pair=103.751  grid=0.352898MB
  [bwd-lev2] integ=0.0164051s  tasks=4176  us/pair=125.71  grid=1.74023MB
  [bwd] fft=0.00514317s  integ=0.0836325s  reduce=0.000164032s
  [fwd-lev0] colloc=0.013566s  tasks=11328  us/pair=38.3221  grid=0.0727615MB
  [fwd-lev1] colloc=0.00796294s  tasks=7680  us/pair=33.1789  grid=0.352898MB
  [fwd-lev2] colloc=0.00558805s  tasks=4176  us/pair=42.8203  grid=1.74023MB
  [fwd] colloc=0.027117s  reduce=0.00037384s  fft=0.00201392s
