Kylin-PBC: v1.0.0

System time = 2026-06-28 02:29:15

OMP threads = 32

KYLIN_PBC_ROOT = "/home/rudin/code/kylin-pbc"
KYLIN_SCR_PATH = "/tmp"
KYLIN_JOB_PATH = "/home/rudin/code/kylin-pbc/art/example/scaling/cip-Si16-HSE06/full/c20"

SCF.xcfun                      = HSE06
SCF.basis                      = dzvp-sr
SCF.psudo                      = gth-pbe
SCF.kmesh                      = 1 1 1
SCF.gmesh                      = 5.0e-01
SCF.ispin                      = OFF
SCF.dspin                      = 0
SCF.eps_engy                   = 1.0e-06 [AU]
SCF.eps_grad                   = 1.0e-05 [AU]
SCF.eps_dmat                   = 1.0e-03
SCF.chk_load                   = 
SCF.chk_save                   = 
SCF.scf_guess                  = ATOM
SCF.max_cycle                  = 100
SCF.vdw_method                 = NONE
SCF.coul_method                = MGDF
SCF.xchg_method                = LSDF
SCF.xchg_exxocc                = OFF
SCF.xchg_exxace                = NONE
SCF.xchg_robust                = FULL
SCF.xchg_exxdiv                = NONE
SCF.xchg_dropG0                = OFF
SCF.lsdf_cparam                = 20
SCF.lsdf_mparam                = 5
SCF.lsdf_ipslct                = QRCP
SCF.lsdf_chocut                = 1.0e-08
SCF.lsdf_atmcut                = 2.5e+01
SCF.lsdf_aovcut                = 1.0e-07
SCF.lsdf_swzcut                = 0.0e+00
SCF.lsdf_pnocut                = 0.0e+00
SCF.lsdf_nafcut                = 0.0e+00
SCF.mgdf_ntasks                = 4
SCF.mgdf_kratio                = 3.0e+00
SCF.mgdf_cutoff                = 3.0e+02 [AU]
SCF.mgdf_relcut                = 3.0e+01
SCF.mgdf_prprec                = 1.0e-14
SCF.dmx_mix_method             = NONE
SCF.dmx_mix_start              = 1
SCF.dmx_mix_space              = 8
SCF.dmx_mix_alpha              = 3.0e-01
SCF.rho_mix_method             = NONE
SCF.rho_mix_start              = 1
SCF.rho_mix_space              = 8
SCF.rho_mix_alpha              = 3.0e-01
SCF.hks_mix_method             = BROY
SCF.hks_mix_start              = 1
SCF.hks_mix_space              = 8
SCF.hks_mix_alpha              = 3.0e-01
SCF.damp_factor                = 0.0e+00
SCF.level_shift                = 0.0e+00 [AU]
SCF.smear_method               = NONE
SCF.smear_sigma                = 0.0e+00 [AU]
SCF.soc                        = OFF
SCF.soc_window                 = 1.8e+00 [AU]
SCF.print_bandgap              = OFF
SCF.print_time                 = OFF

OPT.opt_method                 = BFGS
OPT.max_cycle                  = 1
OPT.eps_engy                   = 4.0e-06 [AU]
OPT.eps_grad                   = 4.0e-04 [AU]
OPT.trust_limit                = 3.0e-01 [AU]
OPT.damp_factor                = 0.0e+00
OPT.opt_mix_method             = NONE
OPT.opt_mix_start              = 1
OPT.opt_mix_space              = 5
OPT.opt_mix_alpha              = 3.0e-01
OPT.neb_method                 = FIRE
OPT.neb_lclimb                 = ON
OPT.neb_interp                 = IDPP
OPT.neb_nimage                 = 5
OPT.neb_spring                 = 1.0e-02 [AU]
OPT.neb_maxstep                = 7.6e-02 [AU]

PROP.calculation               = NONE
FREQ.freq_method               = FREE2
FREQ.fd_stepsize               = 2.8e-02 [AU]
DOS.dos_method                 = GAUSS
DOS.dos_sigma                  = 3.7e-03 [AU]
DOS.dos_npoint                 = 1001
DOS.dos_emin                   = 0.0e+00 [AU]
DOS.dos_emax                   = 0.0e+00 [AU]

OPT.mdx_ensemble               = NVE
OPT.mdx_thermostat             = NHC
OPT.mdx_max_step               = 0
OPT.mdx_timestep               = 4.0e+01 [AU]
OPT.mdx_temperature            = 9.5e-04 [AU]
OPT.mdx_pressure               = 0.0e+00 [AU]
OPT.mdx_thermo_tau             = 4.0e+03 [AU]
OPT.mdx_baro_tau               = 2.0e+04 [AU]
OPT.mdx_nhc_length             = 3
OPT.mdx_nhc_mts                = 3
OPT.mdx_constraint             = OFF
OPT.mdx_constraint_tol         = 1.0e-10
OPT.mdx_rng_seed               = 42

K-points mesh = 1 1 1

xc functional: "HSE06"
is hybrid: YES
HFX coeff: 0.25

Basis Set Name: "dzvp-sr"
number of shell = 48
number of basis = 208
gmesh = 29 29 57

Pseudopotential Name: "gth-pbe"
number of valence electron = 64

OPT Calculation.

==============================================================
                   Geometry Optimization                      
==============================================================
  method      = BFGS
  max_cycle   = 1
  eps_engy    = 4.000000e-06
  eps_grad    = 4.000000e-04
  trust_limit = 0.300000
  natom       = 16
  nfree       = 48 / 48
==============================================================

--------------------------------------------------------------
  OPT step 0
--------------------------------------------------------------
[OPT] Cell structure (Angstrom):
       5.43100000       0.00000000       0.00000000
       0.00000000       5.43100000       0.00000000
       0.00000000       0.00000000      10.86200000

Cart
Si         0.00000000       0.00000000       0.00000000   T T T
Si         0.00000000       2.71550000       2.71550000   T T T
Si         2.71550000       0.00000000       2.71550000   T T T
Si         2.71550000       2.71550000       0.00000000   T T T
Si         1.35775000       1.35775000       1.35775000   T T T
Si         1.35775000       4.07325000       4.07325000   T T T
Si         4.07325000       1.35775000       4.07325000   T T T
Si         4.07325000       4.07325000       1.35775000   T T T
Si         0.00000000       0.00000000       5.43100000   T T T
Si         0.00000000       2.71550000       8.14650000   T T T
Si         2.71550000       0.00000000       8.14650000   T T T
Si         2.71550000       2.71550000       5.43100000   T T T
Si         1.35775000       1.35775000       6.78875000   T T T
Si         1.35775000       4.07325000       9.50425000   T T T
Si         4.07325000       1.35775000       9.50425000   T T T
Si         4.07325000       4.07325000       6.78875000   T T T

[OPT] Cell written to /home/rudin/code/kylin-pbc/art/example/scaling/cip-Si16-HSE06/full/c20/opt_img/cell_opt_0.txt
[LSDF] gmesh = (29, 29, 57), ngrid = 47937, naofn = 208, natom = 16
Timer "[LSDF] Voronoi partition" used time: 0.001331 s.
Timer "[LSDF] AO evaluation + screening" used time: 0.152762 s.
[LSDF] IP method: randomized QRCP (c=20, m=5)
[LSDF] total IPs selected: 4240 (8.8449% of grid)
Timer "[LSDF] IP selection" used time: 0.141941 s.
Timer "[LSDF] aux basis fitting" used time: 0.026351 s.
[LSDF] Step 5 diagnostics: natom=16, ngrid=47937, naux_total=4240
[LSDF]   OMP threads=32, MKL threads=32
[LSDF]   Vmat_loc total size: 4240 x 47937 = 1.51 GB
Timer "[LSDF]   5a Vmat_loc alloc+FFT" used time: 0.165860 s.
[LSDF]   W size: 4240 x 4240 = 137.16 MB, max_npart=3140
Timer "[LSDF]   5b W construction (DGEMM)" used time: 0.090653 s.
Timer "[LSDF]   5c Wmat symmetrize" used time: 0.024207 s.
[LSDF]   robust_mode=FULL: keeping Vmat_loc (1.51 GB) in atom ordering
Timer "[LSDF] V/W construction" used time: 0.280823 s.
[LSDF] xchg phases: A=0.001 s, B(K_W)=0.013 s, C(K_V)=0.165 s, E(reduce)=0.001 s
[NELEC] step = 0  nelec = 64  neInt = 64.000000  dnelc =  2.1927348826e-11
[ENERG] step = 0  eTotl = -62.95986610  eCore = 19.62269416  eCoul = 4.69090466  eExcl = -20.09006267  eNucl = -67.18340225  eDisp = 0.00000000
[ERROR] step = 0  engy error =  0.0000000000e+00  grad error =  0.0000000000e+00  dmat error =  0.0000000000e+00
Timer "SCF cycle: 0" used time: 1.188785 s.

[LSDF] xchg phases: A=0.000 s, B(K_W)=0.013 s, C(K_V)=0.179 s, E(reduce)=0.001 s
[NELEC] step = 1  nelec = 64  neInt = 64.000000  dnelc =  2.8990143619e-11
[ENERG] step = 1  eTotl = -63.16698869  eCore = 19.34636580  eCoul = 4.50595324  eExcl = -19.83590548  eNucl = -67.18340225  eDisp = 0.00000000
[ERROR] step = 1  engy error = -2.0712259044e-01  grad error =  0.0000000000e+00  dmat error =  1.1563093666e+00
Timer "SCF cycle: 1" used time: 1.192017 s.

[LSDF] xchg phases: A=0.001 s, B(K_W)=0.009 s, C(K_V)=0.161 s, E(reduce)=0.001 s
[NELEC] step = 2  nelec = 64  neInt = 64.000000  dnelc =  2.9359625842e-11
[ENERG] step = 2  eTotl = -63.17257730  eCore = 19.32256714  eCoul = 4.54429424  eExcl = -19.85603642  eNucl = -67.18340225  eDisp = 0.00000000
[ERROR] step = 2  engy error = -5.5886059248e-03  grad error =  0.0000000000e+00  dmat error =  1.7025710288e-02
Timer "SCF cycle: 2" used time: 1.159199 s.

[LSDF] xchg phases: A=0.001 s, B(K_W)=0.013 s, C(K_V)=0.125 s, E(reduce)=0.001 s
[NELEC] step = 3  nelec = 64  neInt = 64.000000  dnelc =  3.0226487979e-11
[ENERG] step = 3  eTotl = -63.17845949  eCore = 19.27690878  eCoul = 4.62973046  eExcl = -19.90169647  eNucl = -67.18340225  eDisp = 0.00000000
[ERROR] step = 3  engy error = -5.8821928660e-03  grad error =  0.0000000000e+00  dmat error =  4.1777988438e-02
Timer "SCF cycle: 3" used time: 1.138074 s.

[LSDF] xchg phases: A=0.000 s, B(K_W)=0.013 s, C(K_V)=0.100 s, E(reduce)=0.001 s
[NELEC] step = 4  nelec = 64  neInt = 64.000000  dnelc =  3.0027536013e-11
[ENERG] step = 4  eTotl = -63.17852020  eCore = 19.28145098  eCoul = 4.62364807  eExcl = -19.90021700  eNucl = -67.18340225  eDisp = 0.00000000
[ERROR] step = 4  engy error = -6.0713399925e-05  grad error =  0.0000000000e+00  dmat error =  6.1805939112e-03
Timer "SCF cycle: 4" used time: 1.104876 s.

[LSDF] xchg phases: A=0.002 s, B(K_W)=0.023 s, C(K_V)=0.129 s, E(reduce)=0.001 s
[NELEC] step = 5  nelec = 64  neInt = 64.000000  dnelc =  3.0098590287e-11
[ENERG] step = 5  eTotl = -63.17852181  eCore = 19.28164473  eCoul = 4.62352847  eExcl = -19.90029277  eNucl = -67.18340225  eDisp = 0.00000000
[ERROR] step = 5  engy error = -1.6102373621e-06  grad error =  0.0000000000e+00  dmat error =  6.4434538426e-04
Timer "SCF cycle: 5" used time: 1.208565 s.

[LSDF] xchg phases: A=0.000 s, B(K_W)=0.013 s, C(K_V)=0.105 s, E(reduce)=0.001 s
[NELEC] step = 6  nelec = 64  neInt = 64.000000  dnelc =  3.0055957723e-11
[ENERG] step = 6  eTotl = -63.17852233  eCore = 19.28150313  eCoul = 4.62395609  eExcl = -19.90057929  eNucl = -67.18340225  eDisp = 0.00000000
[ERROR] step = 6  engy error = -5.1509903898e-07  grad error =  0.0000000000e+00  dmat error =  4.8272791205e-04
SCF converged in 6 steps.
[LSDF] xchg_d10: ISDF-robust path (K_V + K_V~ - K_IP)
[GRADIENT] SCF type: GRKS | atoms: 16 | DOF: 48 | time: 14.697 s
  Atom   0:   8.6144882028e-09   6.6717450843e-08   1.6601323782e-07
  Atom   1:  -1.8296120345e-08  -1.2393086423e-07   4.4875361358e-07
  Atom   2:   3.2315460288e-08  -3.4497550721e-08   4.9051416657e-07
  Atom   3:  -8.3148139853e-09   2.2114911763e-07   6.0459070162e-08
  Atom   4:  -3.9501744962e-07  -4.4039048270e-07   1.1832618764e-06
  Atom   5:  -4.0167259184e-07   4.3310283649e-07   1.0565611746e-06
  Atom   6:   2.7512599038e-07  -2.0810035033e-07   1.3235890299e-06
  Atom   7:   4.6396088097e-07   4.0586704783e-07   1.2063354074e-06
  Atom   8:   1.5141595931e-09  -7.5054202968e-08  -1.1989338282e-07
  Atom   9:  -7.4226348889e-08   3.1500796058e-07  -6.5512468520e-07
  Atom  10:  -3.9714539129e-08  -7.2056380458e-08  -4.2462640400e-07
  Atom  11:   8.0884340543e-08   9.4752082719e-08  -7.6019463552e-08
  Atom  12:  -3.6201088170e-07  -3.2367135243e-07  -1.2800047605e-06
  Atom  13:  -4.7761611179e-07   4.0505719172e-07  -8.8829937353e-07
  Atom  14:   2.7317798210e-07  -2.9619720284e-07  -1.1955094356e-06
  Atom  15:   3.9622574243e-07   4.7668454388e-07  -1.1510912781e-06
[OPT] step = 0  energy = -63.1785223268  dE =               N/A  grad_max =  1.3235890299e-06  grad_rms =  5.5122445085e-07
[OPT] Geometry optimization did not converge in 1 steps.
Kylin-PBC Done.
Timer "Kylin-PBC main" used time: 24.38238 s.
