Kylin-PBC: v1.0.0

System time = 2026-09-30 19:33:57

OMP threads = 32

KYLIN_PBC_ROOT = "/home/rudin/code/kylin-pbc"
KYLIN_SCR_PATH = "/tmp"
KYLIN_JOB_PATH = "/home/rudin/tmp-review-ionic/Si16/full/c05"

SCF.xcfun                      = HSE06
SCF.basis                      = dzvp-sr
SCF.psudo                      = gth-pbe
SCF.kmesh                      = 1 1 1
SCF.gmesh                      = 5.0e-01
SCF.ispin                      = OFF
SCF.dspin                      = 0
SCF.eps_engy                   = 3.7e-09 [AU]
SCF.eps_grad                   = 1.0e-05 [AU]
SCF.eps_dmat                   = 1.0e-03
SCF.chk_load                   = 
SCF.chk_save                   = 
SCF.scf_guess                  = ATOM
SCF.max_cycle                  = 200
SCF.vdw_method                 = NONE
SCF.coul_method                = MGDF
SCF.xchg_method                = LSDF
SCF.xchg_exxocc                = OFF
SCF.xchg_exxace                = NONE
SCF.xchg_robust                = FULL
SCF.xchg_exxdiv                = EWALD
SCF.xchg_dropG0                = ON
SCF.lsdf_cparam                = 5
SCF.lsdf_mparam                = 5
SCF.lsdf_ipslct                = QRCP
SCF.lsdf_chocut                = 1.0e-08
SCF.lsdf_atmcut                = 2.5e+01
SCF.lsdf_aovcut                = 1.0e-07
SCF.lsdf_swzcut                = 0.0e+00
SCF.lsdf_pnocut                = 0.0e+00
SCF.lsdf_nafcut                = 0.0e+00
SCF.mgdf_ntasks                = 4
SCF.mgdf_kratio                = 3.0e+00
SCF.mgdf_cutoff                = 3.0e+02 [AU]
SCF.mgdf_relcut                = 3.0e+01
SCF.mgdf_prprec                = 1.0e-14
SCF.dmx_mix_method             = NONE
SCF.dmx_mix_start              = 1
SCF.dmx_mix_space              = 8
SCF.dmx_mix_alpha              = 3.0e-01
SCF.rho_mix_method             = NONE
SCF.rho_mix_start              = 1
SCF.rho_mix_space              = 8
SCF.rho_mix_alpha              = 3.0e-01
SCF.hks_mix_method             = BROY
SCF.hks_mix_start              = 1
SCF.hks_mix_space              = 8
SCF.hks_mix_alpha              = 3.0e-01
SCF.damp_factor                = 0.0e+00
SCF.level_shift                = 0.0e+00 [AU]
SCF.smear_method               = NONE
SCF.smear_sigma                = 0.0e+00 [AU]
SCF.soc                        = OFF
SCF.soc_window                 = 1.8e+00 [AU]
SCF.print_bandgap              = OFF
SCF.print_time                 = OFF

OPT.opt_method                 = BFGS
OPT.max_cycle                  = 1
OPT.eps_engy                   = 4.0e-06 [AU]
OPT.eps_grad                   = 4.0e-04 [AU]
OPT.trust_limit                = 3.0e-01 [AU]
OPT.damp_factor                = 0.0e+00
OPT.opt_mix_method             = NONE
OPT.opt_mix_start              = 1
OPT.opt_mix_space              = 5
OPT.opt_mix_alpha              = 3.0e-01
OPT.neb_method                 = FIRE
OPT.neb_lclimb                 = ON
OPT.neb_interp                 = IDPP
OPT.neb_nimage                 = 5
OPT.neb_spring                 = 1.0e-02 [AU]
OPT.neb_maxstep                = 7.6e-02 [AU]

PROP.calculation               = NONE
FREQ.freq_method               = FREE2
FREQ.fd_stepsize               = 2.8e-02 [AU]
DOS.dos_method                 = GAUSS
DOS.dos_sigma                  = 3.7e-03 [AU]
DOS.dos_npoint                 = 1001
DOS.dos_emin                   = 0.0e+00 [AU]
DOS.dos_emax                   = 0.0e+00 [AU]

OPT.mdx_ensemble               = NVE
OPT.mdx_thermostat             = NHC
OPT.mdx_max_step               = 0
OPT.mdx_timestep               = 4.0e+01 [AU]
OPT.mdx_temperature            = 9.5e-04 [AU]
OPT.mdx_pressure               = 0.0e+00 [AU]
OPT.mdx_thermo_tau             = 4.0e+03 [AU]
OPT.mdx_baro_tau               = 2.0e+04 [AU]
OPT.mdx_nhc_length             = 3
OPT.mdx_nhc_mts                = 3
OPT.mdx_constraint             = OFF
OPT.mdx_constraint_tol         = 1.0e-10
OPT.mdx_rng_seed               = 42

K-points mesh = 1 1 1

xc functional: "HSE06"
is hybrid: YES
HFX coeff: 0.25

Basis Set Name: "dzvp-sr"
number of shell = 48
number of basis = 208
gmesh = 29 29 57

Pseudopotential Name: "gth-pbe"
number of valence electron = 64

OPT Calculation.

==============================================================
                   Geometry Optimization                      
==============================================================
  method      = BFGS
  max_cycle   = 1
  eps_engy    = 4.000000e-06
  eps_grad    = 4.000000e-04
  trust_limit = 0.300000
  natom       = 16
  nfree       = 48 / 48
==============================================================

--------------------------------------------------------------
  OPT step 0
--------------------------------------------------------------
[OPT] Cell structure (Angstrom):
       5.43100000       0.00000000       0.00000000
       0.00000000       5.43100000       0.00000000
       0.00000000       0.00000000      10.86200000

Cart
Si         0.00000000       0.00000000       0.00000000   T T T
Si         0.10000000       2.76550000       2.74550000   T T T
Si         2.71550000       0.00000000       2.71550000   T T T
Si         2.71550000       2.71550000       0.00000000   T T T
Si         1.35775000       1.35775000       1.35775000   T T T
Si         1.35775000       4.07325000       4.07325000   T T T
Si         4.07325000       1.35775000       4.07325000   T T T
Si         4.07325000       4.07325000       1.35775000   T T T
Si         0.00000000       0.00000000       5.43100000   T T T
Si         0.00000000       2.71550000       8.14650000   T T T
Si         2.71550000       0.00000000       8.14650000   T T T
Si         2.71550000       2.71550000       5.43100000   T T T
Si         1.35775000       1.35775000       6.78875000   T T T
Si         1.35775000       4.07325000       9.50425000   T T T
Si         4.07325000       1.35775000       9.50425000   T T T
Si         4.07325000       4.07325000       6.78875000   T T T

[OPT] Cell written to /home/rudin/tmp-review-ionic/Si16/full/c05/opt_img/cell_opt_0.txt
[LSDF] gmesh = (29, 29, 57), ngrid = 47937, naofn = 208, natom = 16
Timer "[LSDF] Voronoi partition" used time: 0.001014 s.
Timer "[LSDF] AO evaluation + screening" used time: 0.159512 s.
[LSDF] IP method: randomized QRCP (c=5, m=5)
[LSDF] total IPs selected: 1120 (2.3364% of grid)
Timer "[LSDF] IP selection" used time: 0.032168 s.
Timer "[LSDF] aux basis fitting" used time: 0.010706 s.
[LSDF] Step 5 diagnostics: natom=16, ngrid=47937, naux_total=1120
[LSDF]   OMP threads=32, MKL threads=32
[LSDF]   Vmat_loc total size: 1120 x 47937 = 0.40 GB
Timer "[LSDF]   5a Vmat_loc alloc+FFT" used time: 0.050708 s.
[LSDF]   W size: 1120 x 1120 = 9.57 MB, max_npart=3138
Timer "[LSDF]   5b W construction (DGEMM)" used time: 0.009417 s.
Timer "[LSDF]   5c Wmat symmetrize" used time: 0.000602 s.
[LSDF]   robust_mode=FULL: keeping Vmat_loc (0.40 GB) in atom ordering
Timer "[LSDF] V/W construction" used time: 0.060758 s.
[LSDF] xchg phases: A=0.002 s, B(K_W)=0.003 s, C(K_V)=0.132 s, E(reduce)=0.001 s
[NELEC] step = 0  nelec = 64  neInt = 64.000000  dnelc =  2.1927348826e-11
[ENERG] step = 0  eTotl = -62.53700291  eCore = 19.60664054  eCoul = 4.69704873  eExcl = -19.66817915  eNucl = -67.17251303  eDisp = 0.00000000
[ERROR] step = 0  engy error =  0.0000000000e+00  grad error =  0.0000000000e+00  dmat error =  0.0000000000e+00
Timer "SCF cycle: 0" used time: 1.180778 s.

[LSDF] xchg phases: A=0.000 s, B(K_W)=0.002 s, C(K_V)=0.079 s, E(reduce)=0.001 s
[NELEC] step = 1  nelec = 64  neInt = 64.000000  dnelc =  2.9373836696e-11
[ENERG] step = 1  eTotl = -62.75524882  eCore = 19.33415201  eCoul = 4.51000673  eExcl = -19.42689453  eNucl = -67.17251303  eDisp = 0.00000000
[ERROR] step = 1  engy error = -2.1824591362e-01  grad error =  0.0000000000e+00  dmat error =  1.1763707342e+00
Timer "SCF cycle: 1" used time: 1.090325 s.

[LSDF] xchg phases: A=0.000 s, B(K_W)=0.002 s, C(K_V)=0.046 s, E(reduce)=0.001 s
[NELEC] step = 2  nelec = 64  neInt = 64.000000  dnelc =  2.9913849176e-11
[ENERG] step = 2  eTotl = -62.76072712  eCore = 19.30973428  eCoul = 4.55004357  eExcl = -19.44799194  eNucl = -67.17251303  eDisp = 0.00000000
[ERROR] step = 2  engy error = -5.4782987249e-03  grad error =  0.0000000000e+00  dmat error =  1.7973255234e-02
Timer "SCF cycle: 2" used time: 1.028215 s.

[LSDF] xchg phases: A=0.001 s, B(K_W)=0.004 s, C(K_V)=0.064 s, E(reduce)=0.001 s
[NELEC] step = 3  nelec = 64  neInt = 64.000000  dnelc =  3.0752289604e-11
[ENERG] step = 3  eTotl = -62.76616735  eCore = 19.26454447  eCoul = 4.63477681  eExcl = -19.49297560  eNucl = -67.17251303  eDisp = 0.00000000
[ERROR] step = 3  engy error = -5.4402352609e-03  grad error =  0.0000000000e+00  dmat error =  4.0489403316e-02
Timer "SCF cycle: 3" used time: 1.121245 s.

[LSDF] xchg phases: A=0.000 s, B(K_W)=0.002 s, C(K_V)=0.101 s, E(reduce)=0.001 s
[NELEC] step = 4  nelec = 64  neInt = 64.000000  dnelc =  3.0851765587e-11
[ENERG] step = 4  eTotl = -62.76622942  eCore = 19.26453188  eCoul = 4.63565752  eExcl = -19.49390580  eNucl = -67.17251303  eDisp = 0.00000000
[ERROR] step = 4  engy error = -6.2066484688e-05  grad error =  0.0000000000e+00  dmat error =  3.1034110056e-03
Timer "SCF cycle: 4" used time: 1.138305 s.

[LSDF] xchg phases: A=0.000 s, B(K_W)=0.003 s, C(K_V)=0.047 s, E(reduce)=0.001 s
[NELEC] step = 5  nelec = 64  neInt = 64.000000  dnelc =  3.0723867894e-11
[ENERG] step = 5  eTotl = -62.76625819  eCore = 19.26668577  eCoul = 4.63267094  eExcl = -19.49310188  eNucl = -67.17251303  eDisp = 0.00000000
[ERROR] step = 5  engy error = -2.8774838320e-05  grad error =  0.0000000000e+00  dmat error =  3.7151427523e-03
Timer "SCF cycle: 5" used time: 1.041547 s.

[LSDF] xchg phases: A=0.000 s, B(K_W)=0.003 s, C(K_V)=0.047 s, E(reduce)=0.001 s
[NELEC] step = 6  nelec = 64  neInt = 64.000000  dnelc =  3.0638602766e-11
[ENERG] step = 6  eTotl = -62.76626576  eCore = 19.26836691  eCoul = 4.63027656  eExcl = -19.49239619  eNucl = -67.17251303  eDisp = 0.00000000
[ERROR] step = 6  engy error = -7.5610609755e-06  grad error =  0.0000000000e+00  dmat error =  2.1392132413e-03
Timer "SCF cycle: 6" used time: 1.049353 s.

[LSDF] xchg phases: A=0.000 s, B(K_W)=0.003 s, C(K_V)=0.047 s, E(reduce)=0.001 s
[NELEC] step = 7  nelec = 64  neInt = 64.000000  dnelc =  3.0638602766e-11
[ENERG] step = 7  eTotl = -62.76626648  eCore = 19.26857409  eCoul = 4.63004804  eExcl = -19.49237559  eNucl = -67.17251303  eDisp = 0.00000000
[ERROR] step = 7  engy error = -7.2249280691e-07  grad error =  0.0000000000e+00  dmat error =  4.8920663251e-04
Timer "SCF cycle: 7" used time: 1.040597 s.

[NELEC] step = 8  nelec = 64  neInt = 64.000000  dnelc =  3.0695446185e-11
[ENERG] step = 8  eTotl = -62.76626664  eCore = 19.26856939  eCoul = 4.63010640  eExcl = -19.49242940  eNucl = -67.17251303  eDisp = 0.00000000
[ERROR] step = 8  engy error = -1.6144711878e-07  grad error =  0.0000000000e+00  dmat error =  1.5005299086e-04
Timer "SCF cycle: 8" used time: 1.057899 s.

[NELEC] step = 9  nelec = 64  neInt = 64.000000  dnelc =  3.0695446185e-11
[ENERG] step = 9  eTotl = -62.76626669  eCore = 19.26856065  eCoul = 4.63014844  eExcl = -19.49246275  eNucl = -67.17251303  eDisp = 0.00000000
[ERROR] step = 9  engy error = -5.0054524081e-08  grad error =  0.0000000000e+00  dmat error =  8.0007913123e-05
Timer "SCF cycle: 9" used time: 1.136717 s.

[NELEC] step = 10  nelec = 64  neInt = 64.000000  dnelc =  3.0709657040e-11
[ENERG] step = 10  eTotl = -62.76626671  eCore = 19.26854704  eCoul = 4.63019117  eExcl = -19.49249189  eNucl = -67.17251303  eDisp = 0.00000000
[ERROR] step = 10  engy error = -2.1286638230e-08  grad error =  0.0000000000e+00  dmat error =  6.6550378962e-05
Timer "SCF cycle: 10" used time: 1.098439 s.

[NELEC] step = 11  nelec = 64  neInt = 64.000000  dnelc =  3.0652813621e-11
[ENERG] step = 11  eTotl = -62.76626671  eCore = 19.26854438  eCoul = 4.63019674  eExcl = -19.49249481  eNucl = -67.17251303  eDisp = 0.00000000
[ERROR] step = 11  engy error = -2.5197692821e-09  grad error =  0.0000000000e+00  dmat error =  1.1772931832e-05
SCF converged in 11 steps.
[LSDF] xchg_d10: ISDF-robust path (K_V + K_V~ - K_IP)
[GRADIENT] SCF type: GRKS | atoms: 16 | DOF: 48 | time: 13.594 s
  Atom   0:   2.9330096171e-03  -1.0201285011e-03  -1.1509335800e-04
  Atom   1:   2.9035265607e-02   1.6138600643e-02   1.0534342928e-02
  Atom   2:   1.2049242389e-03   6.9807901858e-04   1.1598078902e-03
  Atom   3:  -7.0326911236e-04   1.9101698958e-03   5.2918735116e-06
  Atom   4:  -3.7052981468e-03   4.9194857183e-04   8.3493438480e-05
  Atom   5:  -1.4243826766e-02  -1.3528703902e-02  -1.1354614610e-02
  Atom   6:  -9.1490438051e-03  -7.7647806986e-03   3.4698509357e-03
  Atom   7:  -6.3330042529e-03   2.6304404417e-03  -3.9184828141e-03
  Atom   8:   2.1634130720e-03   5.9651834550e-04   1.8288471946e-04
  Atom   9:  -4.6711244688e-04  -4.5471471166e-04  -3.3326614589e-04
  Atom  10:  -2.4406710072e-05   6.1452357594e-05   7.0928666840e-05
  Atom  11:  -2.0230086113e-04   3.7621192518e-04   2.0345371029e-04
  Atom  12:   2.2144490902e-04   1.7969948741e-04   4.0990755963e-04
  Atom  13:  -8.9379033989e-04  -8.9799590047e-04  -1.2671736272e-03
  Atom  14:  -1.3307689161e-04  -2.5047394766e-04   1.1675409718e-03
  Atom  15:  -4.0512786201e-04   5.2467376646e-04  -4.7695274273e-04
[OPT] step = 0  energy = -62.7662667129  dE =               N/A  grad_max =  2.9035265607e-02  grad_rms =  6.4391423821e-03
[OPT] Geometry optimization did not converge in 1 steps.
Kylin-PBC Done.
Timer "Kylin-PBC main" used time: 27.81084 s.
