[MGDF_DIAG] gmesh = 83 83 163  (ngrid=1122907)
[MGDF_DIAG] level 0  mesh=17 17 33  ngrid=9537  tasks=11328
[MGDF_DIAG] level 1  mesh=29 29 55  ngrid=46255  tasks=7676
[MGDF_DIAG] level 2  mesh=49 49 95  ngrid=228095  tasks=4197
[MGDF_DIAG] level 3  mesh=83 83 163  ngrid=1122907  tasks=0
[MGDF_DIAG] atom_pairs_kept=23201  rejected: atom=27360 set=0 pgf=71118 radius=1041
[MGDF_DIAG] max_pair_radius=15.7373  max_pgf_rcut=14.1991  total_pairs=23201  precision_colloc=1e-14  precision_screen=1e-07
OMP: Warning #226: KMP_AFFINITY must be set prior to first parallel region or certain API calls; ignored.
  [bwd-lev0] integ=0.0162232s  tasks=11328  us/pair=45.8282  grid=0.0727615MB
  [bwd-lev1] integ=0.011369s  tasks=7676  us/pair=47.3955  grid=0.352898MB
  [bwd-lev2] integ=0.0083282s  tasks=4197  us/pair=63.4983  grid=1.74023MB
  [bwd] fft=0.00405622s  integ=0.0359204s  reduce=0.000106096s
  [fwd-lev0] colloc=0.013159s  tasks=11328  us/pair=37.1724  grid=0.0727615MB
  [fwd-lev1] colloc=0.00796509s  tasks=7676  us/pair=33.2052  grid=0.352898MB
  [fwd-lev2] colloc=0.00580597s  tasks=4197  us/pair=44.2676  grid=1.74023MB
  [fwd] colloc=0.0269301s  reduce=0.00047493s  fft=0.00200438s
  [bwd-lev0] integ=0.0407631s  tasks=11328  us/pair=115.15  grid=0.0727615MB
  [bwd-lev1] integ=0.024323s  tasks=7676  us/pair=101.399  grid=0.352898MB
  [bwd-lev2] integ=0.0159631s  tasks=4197  us/pair=121.71  grid=1.74023MB
  [bwd] fft=0.0115321s  integ=0.0810492s  reduce=0.000231981s
  [fwd-lev0] colloc=0.013082s  tasks=11328  us/pair=36.9549  grid=0.0727615MB
  [fwd-lev1] colloc=0.00810099s  tasks=7676  us/pair=33.7717  grid=0.352898MB
  [fwd-lev2] colloc=0.00644016s  tasks=4197  us/pair=49.103  grid=1.74023MB
  [fwd] colloc=0.0276232s  reduce=0.000341177s  fft=0.00198102s
  [bwd-lev0] integ=0.0432291s  tasks=11328  us/pair=122.116  grid=0.0727615MB
  [bwd-lev1] integ=0.0253911s  tasks=7676  us/pair=105.851  grid=0.352898MB
  [bwd-lev2] integ=0.0167561s  tasks=4197  us/pair=127.756  grid=1.74023MB
  [bwd] fft=0.00647497s  integ=0.0853763s  reduce=0.000156879s
  [fwd-lev0] colloc=0.0148201s  tasks=11328  us/pair=41.8647  grid=0.0727615MB
  [fwd-lev1] colloc=0.00890207s  tasks=7676  us/pair=37.1113  grid=0.352898MB
  [fwd-lev2] colloc=0.00611901s  tasks=4197  us/pair=46.6544  grid=1.74023MB
  [fwd] colloc=0.0298412s  reduce=0.000344992s  fft=0.00192499s
  [bwd-lev0] integ=0.04319s  tasks=11328  us/pair=122.006  grid=0.0727615MB
  [bwd-lev1] integ=0.025341s  tasks=7676  us/pair=105.643  grid=0.352898MB
  [bwd-lev2] integ=0.016711s  tasks=4197  us/pair=127.413  grid=1.74023MB
  [bwd] fft=0.00691986s  integ=0.085242s  reduce=0.000161886s
  [fwd-lev0] colloc=0.019166s  tasks=11328  us/pair=54.1412  grid=0.0727615MB
  [fwd-lev1] colloc=0.0110488s  tasks=7676  us/pair=46.0606  grid=0.352898MB
  [fwd-lev2] colloc=0.00746703s  tasks=4197  us/pair=56.9323  grid=1.74023MB
  [fwd] colloc=0.0376818s  reduce=0.000350952s  fft=0.00251317s
  [bwd-lev0] integ=0.0400641s  tasks=11328  us/pair=113.175  grid=0.0727615MB
  [bwd-lev1] integ=0.02403s  tasks=7676  us/pair=100.177  grid=0.352898MB
  [bwd-lev2] integ=0.0157831s  tasks=4197  us/pair=120.338  grid=1.74023MB
  [bwd] fft=0.010524s  integ=0.0798771s  reduce=0.000240088s
  [fwd-lev0] colloc=0.01456s  tasks=11328  us/pair=41.1299  grid=0.0727615MB
  [fwd-lev1] colloc=0.00869608s  tasks=7676  us/pair=36.2525  grid=0.352898MB
  [fwd-lev2] colloc=0.00599504s  tasks=4197  us/pair=45.7091  grid=1.74023MB
  [fwd] colloc=0.0292511s  reduce=0.000323057s  fft=0.00193453s
  [bwd-lev0] integ=0.0614731s  tasks=11328  us/pair=173.653  grid=0.0727615MB
  [bwd-lev1] integ=0.027019s  tasks=7676  us/pair=112.638  grid=0.352898MB
  [bwd-lev2] integ=0.0260189s  tasks=4197  us/pair=198.381  grid=1.74023MB
  [bwd] fft=0.00780892s  integ=0.114511s  reduce=0.000406027s
  [fwd-lev0] colloc=0.022402s  tasks=11328  us/pair=63.2826  grid=0.0727615MB
  [fwd-lev1] colloc=0.0125561s  tasks=7676  us/pair=52.3442  grid=0.352898MB
  [fwd-lev2] colloc=0.00640392s  tasks=4197  us/pair=48.8267  grid=1.74023MB
  [fwd] colloc=0.041362s  reduce=0.000646114s  fft=0.00212884s
  [bwd-lev0] integ=0.043705s  tasks=11328  us/pair=123.46  grid=0.0727615MB
  [bwd-lev1] integ=0.0254881s  tasks=7676  us/pair=106.256  grid=0.352898MB
  [bwd-lev2] integ=0.0168591s  tasks=4197  us/pair=128.542  grid=1.74023MB
  [bwd] fft=0.00671148s  integ=0.0860522s  reduce=0.000157833s
  [fwd-lev0] colloc=0.0190508s  tasks=11328  us/pair=53.8159  grid=0.0727615MB
  [fwd-lev1] colloc=0.0108709s  tasks=7676  us/pair=45.3192  grid=0.352898MB
  [fwd-lev2] colloc=0.00741482s  tasks=4197  us/pair=56.5342  grid=1.74023MB
  [fwd] colloc=0.0373366s  reduce=0.00034523s  fft=0.00227904s
  [bwd-lev0] integ=0.0426109s  tasks=11328  us/pair=120.37  grid=0.0727615MB
  [bwd-lev1] integ=0.025095s  tasks=7676  us/pair=104.617  grid=0.352898MB
  [bwd-lev2] integ=0.016567s  tasks=4197  us/pair=126.315  grid=1.74023MB
  [bwd] fft=0.00732517s  integ=0.0842729s  reduce=0.000161886s
  [fwd-lev0] colloc=0.0189979s  tasks=11328  us/pair=53.6664  grid=0.0727615MB
  [fwd-lev1] colloc=0.0109448s  tasks=7676  us/pair=45.6273  grid=0.352898MB
  [fwd-lev2] colloc=0.00740695s  tasks=4197  us/pair=56.4742  grid=1.74023MB
  [fwd] colloc=0.0373497s  reduce=0.000346899s  fft=0.00247002s
  [bwd-lev0] integ=0.0421438s  tasks=11328  us/pair=119.05  grid=0.0727615MB
  [bwd-lev1] integ=0.024754s  tasks=7676  us/pair=103.196  grid=0.352898MB
  [bwd-lev2] integ=0.0166821s  tasks=4197  us/pair=127.193  grid=1.74023MB
  [bwd] fft=0.00752831s  integ=0.08358s  reduce=0.000181913s
  [fwd-lev0] colloc=0.0186691s  tasks=11328  us/pair=52.7377  grid=0.0727615MB
  [fwd-lev1] colloc=0.010664s  tasks=7676  us/pair=44.4564  grid=0.352898MB
  [fwd-lev2] colloc=0.00722384s  tasks=4197  us/pair=55.0782  grid=1.74023MB
  [fwd] colloc=0.036557s  reduce=0.000346899s  fft=0.00228095s
  [bwd-lev0] integ=0.0428681s  tasks=11328  us/pair=121.096  grid=0.0727615MB
  [bwd-lev1] integ=0.0265291s  tasks=7676  us/pair=110.595  grid=0.352898MB
  [bwd-lev2] integ=0.0161901s  tasks=4197  us/pair=123.441  grid=1.74023MB
  [bwd] fft=0.0103357s  integ=0.0855873s  reduce=0.000167131s
  [fwd-lev0] colloc=0.0150311s  tasks=11328  us/pair=42.4607  grid=0.0727615MB
  [fwd-lev1] colloc=0.00898194s  tasks=7676  us/pair=37.4443  grid=0.352898MB
  [fwd-lev2] colloc=0.0063591s  tasks=4197  us/pair=48.4849  grid=1.74023MB
  [fwd] colloc=0.0303721s  reduce=0.000322104s  fft=0.00190711s
  [bwd-lev0] integ=0.043293s  tasks=11328  us/pair=122.297  grid=0.0727615MB
  [bwd-lev1] integ=0.0245659s  tasks=7676  us/pair=102.411  grid=0.352898MB
  [bwd-lev2] integ=0.0161562s  tasks=4197  us/pair=123.183  grid=1.74023MB
  [bwd] fft=0.00702024s  integ=0.0840151s  reduce=0.000157833s
  [fwd-lev0] colloc=0.0134649s  tasks=11328  us/pair=38.0365  grid=0.0727615MB
  [fwd-lev1] colloc=0.00818992s  tasks=7676  us/pair=34.1424  grid=0.352898MB
  [fwd-lev2] colloc=0.0056839s  tasks=4197  us/pair=43.3369  grid=1.74023MB
  [fwd] colloc=0.0273387s  reduce=0.000329256s  fft=0.00194979s
  [bwd-lev0] integ=0.057574s  tasks=11328  us/pair=162.639  grid=0.0727615MB
  [bwd-lev1] integ=0.0277221s  tasks=7676  us/pair=115.569  grid=0.352898MB
  [bwd-lev2] integ=0.0231352s  tasks=4197  us/pair=176.394  grid=1.74023MB
  [bwd] fft=0.00617218s  integ=0.108431s  reduce=0.000274897s
  [fwd-lev0] colloc=0.01757s  tasks=11328  us/pair=49.6328  grid=0.0727615MB
  [fwd-lev1] colloc=0.00900698s  tasks=7676  us/pair=37.5486  grid=0.352898MB
  [fwd-lev2] colloc=0.00681806s  tasks=4197  us/pair=51.9842  grid=1.74023MB
  [fwd] colloc=0.0333951s  reduce=0.00653863s  fft=0.00195599s
  [bwd-lev0] integ=0.043417s  tasks=11328  us/pair=122.647  grid=0.0727615MB
  [bwd-lev1] integ=0.0254478s  tasks=7676  us/pair=106.088  grid=0.352898MB
  [bwd-lev2] integ=0.0165062s  tasks=4197  us/pair=125.851  grid=1.74023MB
  [bwd] fft=0.00612211s  integ=0.085371s  reduce=0.000158787s
  [fwd-lev0] colloc=0.013108s  tasks=11328  us/pair=37.0283  grid=0.0727615MB
  [fwd-lev1] colloc=0.00793695s  tasks=7676  us/pair=33.0879  grid=0.352898MB
  [fwd-lev2] colloc=0.00545001s  tasks=4197  us/pair=41.5536  grid=1.74023MB
  [fwd] colloc=0.026495s  reduce=0.000387907s  fft=0.00225306s
