Kylin-PBC: v1.0.0

System time = 2026-06-24 04:04:14

OMP threads = 32

KYLIN_PBC_ROOT = "/home/rudin/code/kylin-pbc"
KYLIN_SCR_PATH = "/tmp"
KYLIN_JOB_PATH = "/home/rudin/code/kylin-pbc/art/example/internal/MgO-PBE-gamma-FTDF"

SCF.xcfun                      = PBE
SCF.basis                      = dzvp-sr
SCF.psudo                      = gth-pbe
SCF.kmesh                      = 1 1 1
SCF.gmesh                      = 6.0e-01
SCF.ispin                      = OFF
SCF.dspin                      = 0
SCF.eps_engy                   = 3.7e-09 [AU]
SCF.eps_grad                   = 1.0e-05 [AU]
SCF.eps_dmat                   = 1.0e-03
SCF.chk_load                   = 
SCF.chk_save                   = 
SCF.scf_guess                  = ATOM
SCF.max_cycle                  = 200
SCF.vdw_method                 = NONE
SCF.coul_method                = FTDF
SCF.xchg_method                = LSDF
SCF.xchg_exxocc                = OFF
SCF.xchg_exxace                = NONE
SCF.xchg_robust                = TILE
SCF.xchg_exxdiv                = NONE
SCF.lsdf_cparam                = 30
SCF.lsdf_mparam                = 5
SCF.lsdf_ipslct                = QRCP
SCF.lsdf_chocut                = 1.0e-08
SCF.lsdf_atmcut                = 2.5e+01
SCF.lsdf_aovcut                = 1.0e-07
SCF.lsdf_swzcut                = 0.0e+00
SCF.lsdf_pnocut                = 0.0e+00
SCF.lsdf_nafcut                = 0.0e+00
SCF.mgdf_ntasks                = 4
SCF.mgdf_kratio                = 3.0e+00
SCF.mgdf_cutoff                = 3.0e+02 [AU]
SCF.mgdf_relcut                = 3.0e+01
SCF.mgdf_prprec                = 1.0e-14
SCF.dmx_mix_method             = NONE
SCF.dmx_mix_start              = 1
SCF.dmx_mix_space              = 8
SCF.dmx_mix_alpha              = 3.0e-01
SCF.rho_mix_method             = NONE
SCF.rho_mix_start              = 1
SCF.rho_mix_space              = 8
SCF.rho_mix_alpha              = 3.0e-01
SCF.hks_mix_method             = BROY
SCF.hks_mix_start              = 1
SCF.hks_mix_space              = 8
SCF.hks_mix_alpha              = 3.0e-01
SCF.damp_factor                = 0.0e+00
SCF.level_shift                = 0.0e+00 [AU]
SCF.smear_method               = NONE
SCF.smear_sigma                = 0.0e+00 [AU]
SCF.soc                        = OFF
SCF.soc_window                 = 1.8e+00 [AU]
SCF.print_bandgap              = OFF
SCF.print_time                 = OFF

OPT.opt_method                 = BFGS
OPT.max_cycle                  = 1
OPT.eps_engy                   = 4.0e-06 [AU]
OPT.eps_grad                   = 4.0e-04 [AU]
OPT.trust_limit                = 3.0e-01 [AU]
OPT.damp_factor                = 0.0e+00
OPT.opt_mix_method             = NONE
OPT.opt_mix_start              = 1
OPT.opt_mix_space              = 5
OPT.opt_mix_alpha              = 3.0e-01
OPT.neb_method                 = FIRE
OPT.neb_lclimb                 = ON
OPT.neb_interp                 = IDPP
OPT.neb_nimage                 = 5
OPT.neb_spring                 = 1.0e-02 [AU]
OPT.neb_maxstep                = 7.6e-02 [AU]

PROP.calculation               = NONE
FREQ.freq_method               = FREE2
FREQ.fd_stepsize               = 2.8e-02 [AU]
DOS.dos_method                 = GAUSS
DOS.dos_sigma                  = 3.7e-03 [AU]
DOS.dos_npoint                 = 1001
DOS.dos_emin                   = 0.0e+00 [AU]
DOS.dos_emax                   = 0.0e+00 [AU]

OPT.mdx_ensemble               = NVE
OPT.mdx_thermostat             = NHC
OPT.mdx_max_step               = 0
OPT.mdx_timestep               = 4.0e+01 [AU]
OPT.mdx_temperature            = 9.5e-04 [AU]
OPT.mdx_pressure               = 0.0e+00 [AU]
OPT.mdx_thermo_tau             = 4.0e+03 [AU]
OPT.mdx_baro_tau               = 2.0e+04 [AU]
OPT.mdx_nhc_length             = 3
OPT.mdx_nhc_mts                = 3
OPT.mdx_constraint             = OFF
OPT.mdx_constraint_tol         = 1.0e-10
OPT.mdx_rng_seed               = 42

K-points mesh = 1 1 1

xc functional: "PBE"
is hybrid: NO

Basis Set Name: "dzvp-sr"
number of shell = 5
number of basis = 22
gmesh = 83 83 83

Pseudopotential Name: "gth-pbe"
number of valence electron = 16

OPT Calculation.

==============================================================
                   Geometry Optimization                      
==============================================================
  method      = BFGS
  max_cycle   = 1
  eps_engy    = 4.000000e-06
  eps_grad    = 4.000000e-04
  trust_limit = 0.300000
  natom       = 2
  nfree       = 6 / 6
==============================================================

--------------------------------------------------------------
  OPT step 0
--------------------------------------------------------------
[OPT] Cell structure (Angstrom):
       0.00000000       2.10850000       2.10850000
       2.10850000       0.00000000       2.10850000
       2.10850000       2.10850000       0.00000000

Cart
Mg         0.00000000       0.00000000       0.00000000   T T T
O          2.20850000       2.15850000       2.13850000   T T T

[OPT] Cell written to /home/rudin/code/kylin-pbc/art/example/internal/MgO-PBE-gamma-FTDF/opt_img/cell_opt_0.txt
[NELEC] step = 0  nelec = 16  neInt = 16.000000  dnelc = -9.0238927442e-13
[ENERG] step = 0  eTotl = -72.72936338  eCore = -24.65813477  eCoul = 8.21185964  eExcl = -9.00274640  eNucl = -47.28034185  eDisp = 0.00000000
[ERROR] step = 0  engy error =  0.0000000000e+00  grad error =  0.0000000000e+00  dmat error =  0.0000000000e+00
Timer "SCF cycle: 0" used time: 3.659790 s.

[NELEC] step = 1  nelec = 16  neInt = 16.000000  dnelc = -4.6185277824e-14
[ENERG] step = 1  eTotl = -77.20946199  eCore = -48.71958966  eCoul = 33.00911491  eExcl = -14.21864539  eNucl = -47.28034185  eDisp = 0.00000000
[ERROR] step = 1  engy error = -4.4800986064e+00  grad error =  0.0000000000e+00  dmat error =  1.8325404932e+00
Timer "SCF cycle: 1" used time: 1.716715 s.

[NELEC] step = 2  nelec = 16  neInt = 16.000000  dnelc = -5.3290705182e-14
[ENERG] step = 2  eTotl = -78.49859606  eCore = -47.53238039  eCoul = 29.71842115  eExcl = -13.40429497  eNucl = -47.28034185  eDisp = 0.00000000
[ERROR] step = 2  engy error = -1.2891340728e+00  grad error =  0.0000000000e+00  dmat error =  6.7359492901e-01
Timer "SCF cycle: 2" used time: 1.813000 s.

[NELEC] step = 3  nelec = 16  neInt = 16.000000  dnelc = -9.0594198809e-14
[ENERG] step = 3  eTotl = -78.96569288  eCore = -44.98345241  eCoul = 25.76637078  eExcl = -12.46826940  eNucl = -47.28034185  eDisp = 0.00000000
[ERROR] step = 3  engy error = -4.6709682191e-01  grad error =  0.0000000000e+00  dmat error =  7.0997986149e-01
Timer "SCF cycle: 3" used time: 1.708489 s.

[NELEC] step = 4  nelec = 16  neInt = 16.000000  dnelc = -1.0480505352e-13
[ENERG] step = 4  eTotl = -79.02803671  eCore = -44.98528085  eCoul = 25.82455994  eExcl = -12.58697395  eNucl = -47.28034185  eDisp = 0.00000000
[ERROR] step = 4  engy error = -6.2343828556e-02  grad error =  0.0000000000e+00  dmat error =  2.5706216598e-01
Timer "SCF cycle: 4" used time: 1.761338 s.

[NELEC] step = 5  nelec = 16  neInt = 16.000000  dnelc = -1.0480505352e-13
[ENERG] step = 5  eTotl = -79.03610830  eCore = -44.80077358  eCoul = 25.56277707  eExcl = -12.51776994  eNucl = -47.28034185  eDisp = 0.00000000
[ERROR] step = 5  engy error = -8.0715901982e-03  grad error =  0.0000000000e+00  dmat error =  5.9394065871e-02
Timer "SCF cycle: 5" used time: 1.687785 s.

[NELEC] step = 6  nelec = 16  neInt = 16.000000  dnelc = -1.0480505352e-13
[ENERG] step = 6  eTotl = -79.03714762  eCore = -44.80873502  eCoul = 25.55949108  eExcl = -12.50756184  eNucl = -47.28034185  eDisp = 0.00000000
[ERROR] step = 6  engy error = -1.0393186109e-03  grad error =  0.0000000000e+00  dmat error =  3.3403374247e-02
Timer "SCF cycle: 6" used time: 1.726308 s.

[NELEC] step = 7  nelec = 16  neInt = 16.000000  dnelc = -1.1013412404e-13
[ENERG] step = 7  eTotl = -79.03537491  eCore = -44.64328878  eCoul = 25.36474421  eExcl = -12.47648849  eNucl = -47.28034185  eDisp = 0.00000000
[ERROR] step = 7  engy error =  1.7727132161e-03  grad error =  0.0000000000e+00  dmat error =  6.8976540109e-02
Timer "SCF cycle: 7" used time: 1.833444 s.

[NELEC] step = 8  nelec = 16  neInt = 16.000000  dnelc = -1.1368683772e-13
[ENERG] step = 8  eTotl = -79.03719600  eCore = -44.78899487  eCoul = 25.53546528  eExcl = -12.50332457  eNucl = -47.28034185  eDisp = 0.00000000
[ERROR] step = 8  engy error = -1.8210980691e-03  grad error =  0.0000000000e+00  dmat error =  6.2435095119e-02
Timer "SCF cycle: 8" used time: 1.764748 s.

[NELEC] step = 9  nelec = 16  neInt = 16.000000  dnelc = -1.0480505352e-13
[ENERG] step = 9  eTotl = -79.03719788  eCore = -44.78716983  eCoul = 25.53330438  eExcl = -12.50299058  eNucl = -47.28034185  eDisp = 0.00000000
[ERROR] step = 9  engy error = -1.8713502072e-06  grad error =  0.0000000000e+00  dmat error =  8.1100392482e-04
Timer "SCF cycle: 9" used time: 1.734598 s.

[NELEC] step = 10  nelec = 16  neInt = 16.000000  dnelc = -1.1013412404e-13
[ENERG] step = 10  eTotl = -79.03719982  eCore = -44.78294599  eCoul = 25.52833570  eExcl = -12.50224767  eNucl = -47.28034185  eDisp = 0.00000000
[ERROR] step = 10  engy error = -1.9439804362e-06  grad error =  0.0000000000e+00  dmat error =  1.9135030451e-03
Timer "SCF cycle: 10" used time: 1.713077 s.

[NELEC] step = 11  nelec = 16  neInt = 16.000000  dnelc = -1.1013412404e-13
[ENERG] step = 11  eTotl = -79.03719982  eCore = -44.78262976  eCoul = 25.52795647  eExcl = -12.50218468  eNucl = -47.28034185  eDisp = 0.00000000
[ERROR] step = 11  engy error =  5.9792171214e-10  grad error =  0.0000000000e+00  dmat error =  1.2982180793e-04
SCF converged in 11 steps.
[GRADIENT] SCF type: GRKS | atoms: 2 | DOF: 6 | time: 23.820 s
  Atom   0:   4.1028846715e-03   2.4234076182e-03   1.5009581661e-03
  Atom   1:  -4.1089525715e-03  -2.4263699638e-03  -1.4839237769e-03
[OPT] step = 0  energy = -79.0371998190  dE =               N/A  grad_max =  4.1089525715e-03  grad_rms =  2.8847944681e-03
[OPT] Geometry optimization did not converge in 1 steps.
Kylin-PBC Done.
Timer "Kylin-PBC main" used time: 51.81686 s.
