Kylin-PBC: v1.0.0

System time = 2026-09-30 19:57:36

OMP threads = 32

KYLIN_PBC_ROOT = "/home/rudin/code/kylin-pbc"
KYLIN_SCR_PATH = "/tmp"
KYLIN_JOB_PATH = "/home/rudin/tmp-review-ionic/MgO16/full/c30"

SCF.xcfun                      = HSE06
SCF.basis                      = dzvp-sr
SCF.psudo                      = gth-pbe
SCF.kmesh                      = 1 1 1
SCF.gmesh                      = 5.0e-01
SCF.ispin                      = OFF
SCF.dspin                      = 0
SCF.eps_engy                   = 3.7e-09 [AU]
SCF.eps_grad                   = 1.0e-05 [AU]
SCF.eps_dmat                   = 1.0e-03
SCF.chk_load                   = 
SCF.chk_save                   = 
SCF.scf_guess                  = ATOM
SCF.max_cycle                  = 200
SCF.vdw_method                 = NONE
SCF.coul_method                = MGDF
SCF.xchg_method                = LSDF
SCF.xchg_exxocc                = OFF
SCF.xchg_exxace                = NONE
SCF.xchg_robust                = FULL
SCF.xchg_exxdiv                = EWALD
SCF.xchg_dropG0                = ON
SCF.lsdf_cparam                = 30
SCF.lsdf_mparam                = 5
SCF.lsdf_ipslct                = QRCP
SCF.lsdf_chocut                = 1.0e-08
SCF.lsdf_atmcut                = 2.5e+01
SCF.lsdf_aovcut                = 1.0e-07
SCF.lsdf_swzcut                = 0.0e+00
SCF.lsdf_pnocut                = 0.0e+00
SCF.lsdf_nafcut                = 0.0e+00
SCF.mgdf_ntasks                = 4
SCF.mgdf_kratio                = 3.0e+00
SCF.mgdf_cutoff                = 3.0e+02 [AU]
SCF.mgdf_relcut                = 3.0e+01
SCF.mgdf_prprec                = 1.0e-14
SCF.dmx_mix_method             = NONE
SCF.dmx_mix_start              = 1
SCF.dmx_mix_space              = 8
SCF.dmx_mix_alpha              = 3.0e-01
SCF.rho_mix_method             = NONE
SCF.rho_mix_start              = 1
SCF.rho_mix_space              = 8
SCF.rho_mix_alpha              = 3.0e-01
SCF.hks_mix_method             = BROY
SCF.hks_mix_start              = 1
SCF.hks_mix_space              = 8
SCF.hks_mix_alpha              = 3.0e-01
SCF.damp_factor                = 0.0e+00
SCF.level_shift                = 0.0e+00 [AU]
SCF.smear_method               = NONE
SCF.smear_sigma                = 0.0e+00 [AU]
SCF.soc                        = OFF
SCF.soc_window                 = 1.8e+00 [AU]
SCF.print_bandgap              = OFF
SCF.print_time                 = OFF

OPT.opt_method                 = BFGS
OPT.max_cycle                  = 1
OPT.eps_engy                   = 4.0e-06 [AU]
OPT.eps_grad                   = 4.0e-04 [AU]
OPT.trust_limit                = 3.0e-01 [AU]
OPT.damp_factor                = 0.0e+00
OPT.opt_mix_method             = NONE
OPT.opt_mix_start              = 1
OPT.opt_mix_space              = 5
OPT.opt_mix_alpha              = 3.0e-01
OPT.neb_method                 = FIRE
OPT.neb_lclimb                 = ON
OPT.neb_interp                 = IDPP
OPT.neb_nimage                 = 5
OPT.neb_spring                 = 1.0e-02 [AU]
OPT.neb_maxstep                = 7.6e-02 [AU]

PROP.calculation               = NONE
FREQ.freq_method               = FREE2
FREQ.fd_stepsize               = 2.8e-02 [AU]
DOS.dos_method                 = GAUSS
DOS.dos_sigma                  = 3.7e-03 [AU]
DOS.dos_npoint                 = 1001
DOS.dos_emin                   = 0.0e+00 [AU]
DOS.dos_emax                   = 0.0e+00 [AU]

OPT.mdx_ensemble               = NVE
OPT.mdx_thermostat             = NHC
OPT.mdx_max_step               = 0
OPT.mdx_timestep               = 4.0e+01 [AU]
OPT.mdx_temperature            = 9.5e-04 [AU]
OPT.mdx_pressure               = 0.0e+00 [AU]
OPT.mdx_thermo_tau             = 4.0e+03 [AU]
OPT.mdx_baro_tau               = 2.0e+04 [AU]
OPT.mdx_nhc_length             = 3
OPT.mdx_nhc_mts                = 3
OPT.mdx_constraint             = OFF
OPT.mdx_constraint_tol         = 1.0e-10
OPT.mdx_rng_seed               = 42

K-points mesh = 1 1 1

xc functional: "HSE06"
is hybrid: YES
HFX coeff: 0.25

Basis Set Name: "dzvp-sr"
number of shell = 40
number of basis = 176
gmesh = 98 98 195

Pseudopotential Name: "gth-pbe"
number of valence electron = 128

OPT Calculation.

==============================================================
                   Geometry Optimization                      
==============================================================
  method      = BFGS
  max_cycle   = 1
  eps_engy    = 4.000000e-06
  eps_grad    = 4.000000e-04
  trust_limit = 0.300000
  natom       = 16
  nfree       = 48 / 48
==============================================================

--------------------------------------------------------------
  OPT step 0
--------------------------------------------------------------
[OPT] Cell structure (Angstrom):
       4.21700000       0.00000000       0.00000000
       0.00000000       4.21700000       0.00000000
       0.00000000       0.00000000       8.43400000

Cart
Mg         0.00000000       0.00000000       0.00000000   T T T
Mg         0.10000000       2.15850000       2.13850000   T T T
Mg         2.10850000       0.00000000       2.10850000   T T T
Mg         2.10850000       2.10850000       0.00000000   T T T
O          2.10850000       2.10850000       2.10850000   T T T
O          2.10850000       4.21700000       4.21700000   T T T
O          4.21700000       2.10850000       4.21700000   T T T
O          4.21700000       4.21700000       2.10850000   T T T
Mg         0.00000000       0.00000000       4.21700000   T T T
Mg         0.00000000       2.10850000       6.32550000   T T T
Mg         2.10850000       0.00000000       6.32550000   T T T
Mg         2.10850000       2.10850000       4.21700000   T T T
O          2.10850000       2.10850000       6.32550000   T T T
O          2.10850000       4.21700000       8.43400000   T T T
O          4.21700000       2.10850000       8.43400000   T T T
O          4.21700000       4.21700000       6.32550000   T T T

[OPT] Cell written to /home/rudin/tmp-review-ionic/MgO16/full/c30/opt_img/cell_opt_0.txt
[LSDF] gmesh = (98, 98, 195), ngrid = 1872780, naofn = 176, natom = 16
Timer "[LSDF] Voronoi partition" used time: 0.021682 s.
Timer "[LSDF] AO evaluation + screening" used time: 4.552517 s.
[LSDF] IP method: randomized QRCP (c=30, m=5)
[LSDF] total IPs selected: 5360 (0.2862% of grid)
Timer "[LSDF] IP selection" used time: 17.64331 s.
Timer "[LSDF] aux basis fitting" used time: 3.909537 s.
[LSDF] Step 5 diagnostics: natom=16, ngrid=1872780, naux_total=5360
[LSDF]   OMP threads=32, MKL threads=32
[LSDF]   Vmat_loc total size: 5360 x 1872780 = 74.79 GB
Timer "[LSDF]   5a Vmat_loc alloc+FFT" used time: 5.654809 s.
[LSDF]   W size: 5360 x 5360 = 219.19 MB, max_npart=118186
Timer "[LSDF]   5b W construction (DGEMM)" used time: 2.450049 s.
Timer "[LSDF]   5c Wmat symmetrize" used time: 0.012992 s.
[LSDF]   robust_mode=FULL: keeping Vmat_loc (74.79 GB) in atom ordering
Timer "[LSDF] V/W construction" used time: 8.117935 s.
[LSDF] xchg phases: A=0.001 s, B(K_W)=0.013 s, C(K_V)=4.869 s, E(reduce)=0.000 s
[NELEC] step = 0  nelec = 128  neInt = 128.000000  dnelc = -3.6099123690e-09
[ENERG] step = 0  eTotl = -635.53100241  eCore = -337.00186663  eCoul = 174.38894144  eExcl = -94.40283764  eNucl = -378.51523958  eDisp = 0.00000000
[ERROR] step = 0  engy error =  0.0000000000e+00  grad error =  0.0000000000e+00  dmat error =  0.0000000000e+00
Timer "SCF cycle: 0" used time: 6.449559 s.

[LSDF] xchg phases: A=0.003 s, B(K_W)=0.014 s, C(K_V)=3.519 s, E(reduce)=0.000 s
[NELEC] step = 1  nelec = 128  neInt = 128.000000  dnelc = -1.8321088646e-08
[ENERG] step = 1  eTotl = -634.35870951  eCore = -366.69511832  eCoul = 212.72475028  eExcl = -101.87310189  eNucl = -378.51523958  eDisp = 0.00000000
[ERROR] step = 1  engy error =  1.1722929024e+00  grad error =  0.0000000000e+00  dmat error =  1.5801787348e+00
Timer "SCF cycle: 1" used time: 5.079090 s.

[LSDF] xchg phases: A=0.000 s, B(K_W)=0.012 s, C(K_V)=3.897 s, E(reduce)=0.000 s
[NELEC] step = 2  nelec = 128  neInt = 128.000000  dnelc = -1.8862323259e-08
[ENERG] step = 2  eTotl = -635.17878675  eCore = -362.43016035  eCoul = 205.69255846  eExcl = -99.92594528  eNucl = -378.51523958  eDisp = 0.00000000
[ERROR] step = 2  engy error = -8.2007724842e-01  grad error =  0.0000000000e+00  dmat error =  2.0801628311e-01
Timer "SCF cycle: 2" used time: 5.379471 s.

[LSDF] xchg phases: A=0.000 s, B(K_W)=0.013 s, C(K_V)=4.390 s, E(reduce)=0.000 s
[NELEC] step = 3  nelec = 128  neInt = 128.000000  dnelc = -1.6024557681e-08
[ENERG] step = 3  eTotl = -635.30524901  eCore = -358.12193751  eCoul = 199.76321725  eExcl = -98.43128917  eNucl = -378.51523958  eDisp = 0.00000000
[ERROR] step = 3  engy error = -1.2646225426e-01  grad error =  0.0000000000e+00  dmat error =  2.6428726297e-01
Timer "SCF cycle: 3" used time: 5.831780 s.

[LSDF] xchg phases: A=0.000 s, B(K_W)=0.012 s, C(K_V)=3.623 s, E(reduce)=0.000 s
[NELEC] step = 4  nelec = 128  neInt = 128.000000  dnelc = -1.3421754375e-08
[ENERG] step = 4  eTotl = -635.32709544  eCore = -357.76599439  eCoul = 199.46283069  eExcl = -98.50869216  eNucl = -378.51523958  eDisp = 0.00000000
[ERROR] step = 4  engy error = -2.1846435237e-02  grad error =  0.0000000000e+00  dmat error =  7.8949210149e-02
Timer "SCF cycle: 4" used time: 5.082497 s.

[LSDF] xchg phases: A=0.000 s, B(K_W)=0.013 s, C(K_V)=3.611 s, E(reduce)=0.000 s
[NELEC] step = 5  nelec = 128  neInt = 128.000000  dnelc = -1.4377349089e-08
[ENERG] step = 5  eTotl = -635.32846834  eCore = -358.27098633  eCoul = 200.10812532  eExcl = -98.65036775  eNucl = -378.51523958  eDisp = 0.00000000
[ERROR] step = 5  engy error = -1.3728952217e-03  grad error =  0.0000000000e+00  dmat error =  3.6473802646e-02
Timer "SCF cycle: 5" used time: 5.052828 s.

[LSDF] xchg phases: A=0.000 s, B(K_W)=0.012 s, C(K_V)=3.784 s, E(reduce)=0.000 s
[NELEC] step = 6  nelec = 128  neInt = 128.000000  dnelc = -1.4317791397e-08
[ENERG] step = 6  eTotl = -635.32848323  eCore = -358.22987128  eCoul = 200.05569755  eExcl = -98.63906992  eNucl = -378.51523958  eDisp = 0.00000000
[ERROR] step = 6  engy error = -1.4894385913e-05  grad error =  0.0000000000e+00  dmat error =  3.0434264137e-03
Timer "SCF cycle: 6" used time: 5.231513 s.

[LSDF] xchg phases: A=0.000 s, B(K_W)=0.012 s, C(K_V)=4.110 s, E(reduce)=0.000 s
[NELEC] step = 7  nelec = 128  neInt = 128.000000  dnelc = -1.4318885633e-08
[ENERG] step = 7  eTotl = -635.32848376  eCore = -358.22736313  eCoul = 200.05249846  eExcl = -98.63837951  eNucl = -378.51523958  eDisp = 0.00000000
[ERROR] step = 7  engy error = -5.2448456245e-07  grad error =  0.0000000000e+00  dmat error =  2.5697122077e-04
Timer "SCF cycle: 7" used time: 5.559410 s.

[NELEC] step = 8  nelec = 128  neInt = 128.000000  dnelc = -1.4323148889e-08
[ENERG] step = 8  eTotl = -635.32848399  eCore = -358.22678084  eCoul = 200.05189381  eExcl = -98.63835738  eNucl = -378.51523958  eDisp = 0.00000000
[ERROR] step = 8  engy error = -2.3680934191e-07  grad error =  0.0000000000e+00  dmat error =  2.2637032827e-04
Timer "SCF cycle: 8" used time: 5.932375 s.

[NELEC] step = 9  nelec = 128  neInt = 128.000000  dnelc = -1.4324285758e-08
[ENERG] step = 9  eTotl = -635.32848400  eCore = -358.22675668  eCoul = 200.05183205  eExcl = -98.63831978  eNucl = -378.51523958  eDisp = 0.00000000
[ERROR] step = 9  engy error = -7.1061094786e-09  grad error =  0.0000000000e+00  dmat error =  4.3224606417e-05
Timer "SCF cycle: 9" used time: 5.791900 s.

[NELEC] step = 10  nelec = 128  neInt = 128.000000  dnelc = -1.4323816799e-08
[ENERG] step = 10  eTotl = -635.32848400  eCore = -358.22660675  eCoul = 200.05166862  eExcl = -98.63830629  eNucl = -378.51523958  eDisp = 0.00000000
[ERROR] step = 10  engy error = -3.8983216655e-10  grad error =  0.0000000000e+00  dmat error =  2.1311628280e-05
SCF converged in 10 steps.
[LSDF] xchg_d10: ISDF-robust path (K_V + K_V~ - K_IP)
[GRADIENT] SCF type: GRKS | atoms: 16 | DOF: 48 | time: 40.821 s
  Atom   0:  -1.0963444685e-04  -4.3920234858e-04  -2.5139700128e-04
  Atom   1:   2.1876115127e-02   1.0015078991e-02   7.2082236069e-03
  Atom   2:  -5.8210544360e-03  -2.9617674410e-03  -1.4985188450e-03
  Atom   3:  -1.5043224631e-03   1.3427490269e-04  -3.5556724706e-04
  Atom   4:  -5.1069692439e-03  -1.4565060734e-03  -1.3673098998e-03
  Atom   5:   6.3938614576e-04   3.2311968717e-04   2.1455477328e-04
  Atom   6:  -1.9840136100e-03  -9.9142135861e-04  -8.5399685996e-04
  Atom   7:  -3.0675430073e-03  -2.1846917709e-03  -1.4104819438e-03
  Atom   8:   1.1630494181e-03  -1.5570183488e-03  -8.2202099791e-04
  Atom   9:  -1.0591901142e-04  -7.0679022916e-05   1.9432973068e-03
  Atom  10:   5.7302227549e-05   3.0637463189e-05   2.3905483050e-03
  Atom  11:  -3.1681748387e-03   5.6345364488e-04  -1.1625755740e-03
  Atom  12:  -2.3232787606e-04   4.3764198293e-05   5.0456679111e-04
  Atom  13:   5.8694572284e-04   2.9692136696e-04   2.5616322830e-05
  Atom  14:  -1.9116479233e-03  -9.5508656535e-04  -6.9931033198e-04
  Atom  15:   8.6218434945e-05  -1.1603642951e-04   5.0358598342e-04
[OPT] step = 0  energy = -635.3284840017  dE =               N/A  grad_max =  2.1876115127e-02  grad_rms =  3.9859105723e-03
[OPT] Geometry optimization did not converge in 1 steps.
Kylin-PBC Done.
Timer "Kylin-PBC main" used time: 143.7573 s.
