Kylin-PBC: v1.0.0

System time = 2026-06-25 18:18:22

OMP threads = 32

KYLIN_PBC_ROOT = "/home/rudin/code/kylin-pbc"
KYLIN_SCR_PATH = "/tmp"
KYLIN_JOB_PATH = "/home/rudin/code/kylin-pbc/art/example/internal/CsI-HSE06-k333-FTDF"

SCF.xcfun                      = HSE06
SCF.basis                      = dzvp-sr
SCF.psudo                      = gth-pbe
SCF.kmesh                      = 3 3 3
SCF.gmesh                      = 6.0e-01
SCF.ispin                      = OFF
SCF.dspin                      = 0
SCF.eps_engy                   = 3.7e-09 [AU]
SCF.eps_grad                   = 1.0e-05 [AU]
SCF.eps_dmat                   = 1.0e-03
SCF.chk_load                   = 
SCF.chk_save                   = 
SCF.scf_guess                  = ATOM
SCF.max_cycle                  = 200
SCF.vdw_method                 = NONE
SCF.coul_method                = MGDF
SCF.xchg_method                = FTDF
SCF.xchg_exxocc                = OFF
SCF.xchg_exxace                = NONE
SCF.xchg_robust                = TILE
SCF.xchg_exxdiv                = EWALD
SCF.xchg_dropG0                = ON
SCF.lsdf_cparam                = 30
SCF.lsdf_mparam                = 5
SCF.lsdf_ipslct                = QRCP
SCF.lsdf_chocut                = 1.0e-08
SCF.lsdf_atmcut                = 2.5e+01
SCF.lsdf_aovcut                = 1.0e-07
SCF.lsdf_swzcut                = 0.0e+00
SCF.lsdf_pnocut                = 0.0e+00
SCF.lsdf_nafcut                = 0.0e+00
SCF.mgdf_ntasks                = 4
SCF.mgdf_kratio                = 3.0e+00
SCF.mgdf_cutoff                = 3.0e+02 [AU]
SCF.mgdf_relcut                = 3.0e+01
SCF.mgdf_prprec                = 1.0e-14
SCF.dmx_mix_method             = NONE
SCF.dmx_mix_start              = 1
SCF.dmx_mix_space              = 8
SCF.dmx_mix_alpha              = 3.0e-01
SCF.rho_mix_method             = NONE
SCF.rho_mix_start              = 1
SCF.rho_mix_space              = 8
SCF.rho_mix_alpha              = 3.0e-01
SCF.hks_mix_method             = BROY
SCF.hks_mix_start              = 1
SCF.hks_mix_space              = 8
SCF.hks_mix_alpha              = 3.0e-01
SCF.damp_factor                = 0.0e+00
SCF.level_shift                = 0.0e+00 [AU]
SCF.smear_method               = NONE
SCF.smear_sigma                = 0.0e+00 [AU]
SCF.soc                        = OFF
SCF.soc_window                 = 1.8e+00 [AU]
SCF.print_bandgap              = OFF
SCF.print_time                 = OFF

OPT.opt_method                 = BFGS
OPT.max_cycle                  = 0
OPT.eps_engy                   = 4.0e-06 [AU]
OPT.eps_grad                   = 4.0e-04 [AU]
OPT.trust_limit                = 3.0e-01 [AU]
OPT.damp_factor                = 0.0e+00
OPT.opt_mix_method             = NONE
OPT.opt_mix_start              = 1
OPT.opt_mix_space              = 5
OPT.opt_mix_alpha              = 3.0e-01
OPT.neb_method                 = FIRE
OPT.neb_lclimb                 = ON
OPT.neb_interp                 = IDPP
OPT.neb_nimage                 = 5
OPT.neb_spring                 = 1.0e-02 [AU]
OPT.neb_maxstep                = 7.6e-02 [AU]

PROP.calculation               = NONE
FREQ.freq_method               = FREE2
FREQ.fd_stepsize               = 2.8e-02 [AU]
DOS.dos_method                 = GAUSS
DOS.dos_sigma                  = 3.7e-03 [AU]
DOS.dos_npoint                 = 1001
DOS.dos_emin                   = 0.0e+00 [AU]
DOS.dos_emax                   = 0.0e+00 [AU]

OPT.mdx_ensemble               = NVE
OPT.mdx_thermostat             = NHC
OPT.mdx_max_step               = 0
OPT.mdx_timestep               = 4.0e+01 [AU]
OPT.mdx_temperature            = 9.5e-04 [AU]
OPT.mdx_pressure               = 0.0e+00 [AU]
OPT.mdx_thermo_tau             = 4.0e+03 [AU]
OPT.mdx_baro_tau               = 2.0e+04 [AU]
OPT.mdx_nhc_length             = 3
OPT.mdx_nhc_mts                = 3
OPT.mdx_constraint             = OFF
OPT.mdx_constraint_tol         = 1.0e-10
OPT.mdx_rng_seed               = 42

K-points mesh = 3 3 3

xc functional: "HSE06"
is hybrid: YES
HFX coeff: 0.25

Basis Set Name: "dzvp-sr"
number of shell = 6
number of basis = 27
gmesh = 27 27 27

Pseudopotential Name: "gth-pbe"
number of valence electron = 16

SCF Calculation.
K sampling = 3 3 3
[IGUESS] MINAO initial guess done. naofn = 27  nkpot = 27
[NELEC] step = 0  nelec = 16  neInt = 11.870397  dnelc = -4.1296030216e+00
[ENERG] step = 0  eTotl = -30.64200331  eCore = -1.97676509  eCoul = 2.13372385  eExcl = -3.58561200  eNucl = -27.21335006  eDisp = 0.00000000
[ERROR] step = 0  engy error =  0.0000000000e+00  grad error =  0.0000000000e+00  dmat error =  0.0000000000e+00
Timer "SCF cycle: 0" used time: 8.746222 s.

[NELEC] step = 1  nelec = 16  neInt = 16.000000  dnelc =  2.7117863510e-11
[ENERG] step = 1  eTotl = -31.62212979  eCore = -3.40318987  eCoul = 4.75217517  eExcl = -5.75776502  eNucl = -27.21335006  eDisp = 0.00000000
[ERROR] step = 1  engy error = -9.8012648894e-01  grad error =  0.0000000000e+00  dmat error =  2.4310487303e+01
Timer "SCF cycle: 1" used time: 6.756213 s.

[NELEC] step = 2  nelec = 16  neInt = 16.000000  dnelc =  1.0928147276e-11
[ENERG] step = 2  eTotl = -31.67883031  eCore = -3.27897992  eCoul = 4.47765593  eExcl = -5.66415626  eNucl = -27.21335006  eDisp = 0.00000000
[ERROR] step = 2  engy error = -5.6700514897e-02  grad error =  0.0000000000e+00  dmat error =  1.3395445073e+01
Timer "SCF cycle: 2" used time: 6.648299 s.

[NELEC] step = 3  nelec = 16  neInt = 16.000000  dnelc = -8.2955864400e-13
[ENERG] step = 3  eTotl = -31.71526217  eCore = -3.06441732  eCoul = 4.10144309  eExcl = -5.53893787  eNucl = -27.21335006  eDisp = 0.00000000
[ERROR] step = 3  engy error = -3.6431855912e-02  grad error =  0.0000000000e+00  dmat error =  1.0003290432e+01
Timer "SCF cycle: 3" used time: 6.632657 s.

[NELEC] step = 4  nelec = 16  neInt = 16.000000  dnelc = -1.5702994460e-12
[ENERG] step = 4  eTotl = -31.71716398  eCore = -3.02132155  eCoul = 4.04013710  eExcl = -5.52262947  eNucl = -27.21335006  eDisp = 0.00000000
[ERROR] step = 4  engy error = -1.9018183764e-03  grad error =  0.0000000000e+00  dmat error =  7.5727677899e-01
Timer "SCF cycle: 4" used time: 6.644690 s.

[NELEC] step = 5  nelec = 16  neInt = 16.000000  dnelc = -1.6253665081e-12
[ENERG] step = 5  eTotl = -31.71727123  eCore = -2.98153895  eCoul = 3.98027004  eExcl = -5.50265226  eNucl = -27.21335006  eDisp = 0.00000000
[ERROR] step = 5  engy error = -1.0724827971e-04  grad error =  0.0000000000e+00  dmat error =  4.5546540190e-01
Timer "SCF cycle: 5" used time: 6.233788 s.

[NELEC] step = 6  nelec = 16  neInt = 16.000000  dnelc = -1.6342482922e-12
[ENERG] step = 6  eTotl = -31.71738366  eCore = -2.99696510  eCoul = 4.00259623  eExcl = -5.50966473  eNucl = -27.21335006  eDisp = 0.00000000
[ERROR] step = 6  engy error = -1.1243050246e-04  grad error =  0.0000000000e+00  dmat error =  2.2177909267e-01
Timer "SCF cycle: 6" used time: 6.425880 s.

[NELEC] step = 7  nelec = 16  neInt = 16.000000  dnelc = -1.6271428649e-12
[ENERG] step = 7  eTotl = -31.71738507  eCore = -2.99867830  eCoul = 4.00517016  eExcl = -5.51052688  eNucl = -27.21335006  eDisp = 0.00000000
[ERROR] step = 7  engy error = -1.4114979336e-06  grad error =  0.0000000000e+00  dmat error =  1.9665912450e-02
Timer "SCF cycle: 7" used time: 6.603716 s.

[NELEC] step = 8  nelec = 16  neInt = 16.000000  dnelc = -1.6218137944e-12
[ENERG] step = 8  eTotl = -31.71738511  eCore = -2.99887776  eCoul = 4.00541962  eExcl = -5.51057691  eNucl = -27.21335006  eDisp = 0.00000000
[ERROR] step = 8  engy error = -3.4626008727e-08  grad error =  0.0000000000e+00  dmat error =  4.8868124638e-03
Timer "SCF cycle: 8" used time: 6.491632 s.

[NELEC] step = 9  nelec = 16  neInt = 16.000000  dnelc = -1.6289192217e-12
[ENERG] step = 9  eTotl = -31.71738511  eCore = -2.99890026  eCoul = 4.00546435  eExcl = -5.51059914  eNucl = -27.21335006  eDisp = 0.00000000
[ERROR] step = 9  engy error = -4.6023274081e-10  grad error =  0.0000000000e+00  dmat error =  3.0554507247e-04
SCF converged in 9 steps.
Kylin-PBC Done.
Timer "Kylin-PBC main" used time: 68.36424 s.
