Kylin-PBC: v1.0.0

System time = 2026-09-30 20:35:13

OMP threads = 32

KYLIN_PBC_ROOT = "/home/rudin/code/kylin-pbc"
KYLIN_SCR_PATH = "/tmp"
KYLIN_JOB_PATH = "/home/rudin/tmp-review-ionic/LiH16/chol/t1e-06"

SCF.xcfun                      = HSE06
SCF.basis                      = dzvp-sr
SCF.psudo                      = gth-pbe
SCF.kmesh                      = 1 1 1
SCF.gmesh                      = 5.0e-01
SCF.ispin                      = OFF
SCF.dspin                      = 0
SCF.eps_engy                   = 3.7e-09 [AU]
SCF.eps_grad                   = 1.0e-05 [AU]
SCF.eps_dmat                   = 1.0e-03
SCF.chk_load                   = 
SCF.chk_save                   = 
SCF.scf_guess                  = ATOM
SCF.max_cycle                  = 200
SCF.vdw_method                 = NONE
SCF.coul_method                = MGDF
SCF.xchg_method                = LSDF
SCF.xchg_exxocc                = OFF
SCF.xchg_exxace                = NONE
SCF.xchg_robust                = FULL
SCF.xchg_exxdiv                = EWALD
SCF.xchg_dropG0                = ON
SCF.lsdf_cparam                = 30
SCF.lsdf_mparam                = 5
SCF.lsdf_ipslct                = CHOL
SCF.lsdf_chocut                = 1.0e-06
SCF.lsdf_atmcut                = 2.5e+01
SCF.lsdf_aovcut                = 1.0e-07
SCF.lsdf_swzcut                = 0.0e+00
SCF.lsdf_pnocut                = 0.0e+00
SCF.lsdf_nafcut                = 0.0e+00
SCF.mgdf_ntasks                = 4
SCF.mgdf_kratio                = 3.0e+00
SCF.mgdf_cutoff                = 3.0e+02 [AU]
SCF.mgdf_relcut                = 3.0e+01
SCF.mgdf_prprec                = 1.0e-14
SCF.dmx_mix_method             = NONE
SCF.dmx_mix_start              = 1
SCF.dmx_mix_space              = 8
SCF.dmx_mix_alpha              = 3.0e-01
SCF.rho_mix_method             = NONE
SCF.rho_mix_start              = 1
SCF.rho_mix_space              = 8
SCF.rho_mix_alpha              = 3.0e-01
SCF.hks_mix_method             = BROY
SCF.hks_mix_start              = 1
SCF.hks_mix_space              = 8
SCF.hks_mix_alpha              = 3.0e-01
SCF.damp_factor                = 0.0e+00
SCF.level_shift                = 0.0e+00 [AU]
SCF.smear_method               = NONE
SCF.smear_sigma                = 0.0e+00 [AU]
SCF.soc                        = OFF
SCF.soc_window                 = 1.8e+00 [AU]
SCF.print_bandgap              = OFF
SCF.print_time                 = OFF

OPT.opt_method                 = BFGS
OPT.max_cycle                  = 1
OPT.eps_engy                   = 4.0e-06 [AU]
OPT.eps_grad                   = 4.0e-04 [AU]
OPT.trust_limit                = 3.0e-01 [AU]
OPT.damp_factor                = 0.0e+00
OPT.opt_mix_method             = NONE
OPT.opt_mix_start              = 1
OPT.opt_mix_space              = 5
OPT.opt_mix_alpha              = 3.0e-01
OPT.neb_method                 = FIRE
OPT.neb_lclimb                 = ON
OPT.neb_interp                 = IDPP
OPT.neb_nimage                 = 5
OPT.neb_spring                 = 1.0e-02 [AU]
OPT.neb_maxstep                = 7.6e-02 [AU]

PROP.calculation               = NONE
FREQ.freq_method               = FREE2
FREQ.fd_stepsize               = 2.8e-02 [AU]
DOS.dos_method                 = GAUSS
DOS.dos_sigma                  = 3.7e-03 [AU]
DOS.dos_npoint                 = 1001
DOS.dos_emin                   = 0.0e+00 [AU]
DOS.dos_emax                   = 0.0e+00 [AU]

OPT.mdx_ensemble               = NVE
OPT.mdx_thermostat             = NHC
OPT.mdx_max_step               = 0
OPT.mdx_timestep               = 4.0e+01 [AU]
OPT.mdx_temperature            = 9.5e-04 [AU]
OPT.mdx_pressure               = 0.0e+00 [AU]
OPT.mdx_thermo_tau             = 4.0e+03 [AU]
OPT.mdx_baro_tau               = 2.0e+04 [AU]
OPT.mdx_nhc_length             = 3
OPT.mdx_nhc_mts                = 3
OPT.mdx_constraint             = OFF
OPT.mdx_constraint_tol         = 1.0e-10
OPT.mdx_rng_seed               = 42

K-points mesh = 1 1 1

xc functional: "HSE06"
is hybrid: YES
HFX coeff: 0.25

Basis Set Name: "dzvp-sr"
number of shell = 32
number of basis = 88
gmesh = 50 50 99

Pseudopotential Name: "gth-pbe"
number of valence electron = 32

OPT Calculation.

==============================================================
                   Geometry Optimization                      
==============================================================
  method      = BFGS
  max_cycle   = 1
  eps_engy    = 4.000000e-06
  eps_grad    = 4.000000e-04
  trust_limit = 0.300000
  natom       = 16
  nfree       = 48 / 48
==============================================================

--------------------------------------------------------------
  OPT step 0
--------------------------------------------------------------
[OPT] Cell structure (Angstrom):
       4.08300000       0.00000000       0.00000000
       0.00000000       4.08300000       0.00000000
       0.00000000       0.00000000       8.16600000

Cart
Li         0.00000000       0.00000000       0.00000000   T T T
Li         0.10000000       2.09150000       2.07150000   T T T
Li         2.04150000       0.00000000       2.04150000   T T T
Li         2.04150000       2.04150000       0.00000000   T T T
H          2.04150000       2.04150000       2.04150000   T T T
H          2.04150000       4.08300000       4.08300000   T T T
H          4.08300000       2.04150000       4.08300000   T T T
H          4.08300000       4.08300000       2.04150000   T T T
Li         0.00000000       0.00000000       4.08300000   T T T
Li         0.00000000       2.04150000       6.12450000   T T T
Li         2.04150000       0.00000000       6.12450000   T T T
Li         2.04150000       2.04150000       4.08300000   T T T
H          2.04150000       2.04150000       6.12450000   T T T
H          2.04150000       4.08300000       8.16600000   T T T
H          4.08300000       2.04150000       8.16600000   T T T
H          4.08300000       4.08300000       6.12450000   T T T

[OPT] Cell written to /home/rudin/tmp-review-ionic/LiH16/chol/t1e-06/opt_img/cell_opt_0.txt
[LSDF] gmesh = (50, 50, 99), ngrid = 247500, naofn = 88, natom = 16
Timer "[LSDF] Voronoi partition" used time: 0.005042 s.
Timer "[LSDF] AO evaluation + screening" used time: 1.109286 s.
[LSDF] IP method: pivoted Cholesky (thresh = 1.00e-06)
[LSDF] total IPs selected: 1552 (0.6271% of grid)
Timer "[LSDF] IP selection" used time: 0.367596 s.
Timer "[LSDF] aux basis fitting" used time: 0.094958 s.
[LSDF] Step 5 diagnostics: natom=16, ngrid=247500, naux_total=1552
[LSDF]   OMP threads=32, MKL threads=32
[LSDF]   Vmat_loc total size: 1552 x 247500 = 2.86 GB
Timer "[LSDF]   5a Vmat_loc alloc+FFT" used time: 0.172222 s.
[LSDF]   W size: 1552 x 1552 = 18.38 MB, max_npart=15655
Timer "[LSDF]   5b W construction (DGEMM)" used time: 0.034012 s.
Timer "[LSDF]   5c Wmat symmetrize" used time: 0.000914 s.
[LSDF]   robust_mode=FULL: keeping Vmat_loc (2.86 GB) in atom ordering
Timer "[LSDF] V/W construction" used time: 0.207196 s.
[LSDF] xchg phases: A=0.000 s, B(K_W)=0.001 s, C(K_V)=0.146 s, E(reduce)=0.000 s
[NELEC] step = 0  nelec = 32  neInt = 32.000000  dnelc =  1.4702898454e-08
[ENERG] step = 0  eTotl = -59.09357710  eCore = -24.56285827  eCoul = 7.55157688  eExcl = -14.93240246  eNucl = -27.14989324  eDisp = 0.00000000
[ERROR] step = 0  engy error =  0.0000000000e+00  grad error =  0.0000000000e+00  dmat error =  0.0000000000e+00
Timer "SCF cycle: 0" used time: 0.968556 s.

[LSDF] xchg phases: A=0.000 s, B(K_W)=0.001 s, C(K_V)=0.127 s, E(reduce)=0.000 s
[NELEC] step = 1  nelec = 32  neInt = 32.000001  dnelc =  6.7076678789e-07
[ENERG] step = 1  eTotl = -64.07224106  eCore = -35.36109666  eCoul = 17.06112206  eExcl = -18.62237321  eNucl = -27.14989324  eDisp = 0.00000000
[ERROR] step = 1  engy error = -4.9786639610e+00  grad error =  0.0000000000e+00  dmat error =  6.2777504981e+00
Timer "SCF cycle: 1" used time: 0.913490 s.

[LSDF] xchg phases: A=0.000 s, B(K_W)=0.001 s, C(K_V)=0.105 s, E(reduce)=0.000 s
[NELEC] step = 2  nelec = 32  neInt = 32.000000  dnelc =  4.4038233682e-07
[ENERG] step = 2  eTotl = -64.14249902  eCore = -35.24528859  eCoul = 16.75855623  eExcl = -18.50587342  eNucl = -27.14989324  eDisp = 0.00000000
[ERROR] step = 2  engy error = -7.0257960087e-02  grad error =  0.0000000000e+00  dmat error =  1.7951089714e+00
Timer "SCF cycle: 2" used time: 0.889104 s.

[LSDF] xchg phases: A=0.000 s, B(K_W)=0.001 s, C(K_V)=0.105 s, E(reduce)=0.000 s
[NELEC] step = 3  nelec = 32  neInt = 32.000000  dnelc = -6.3064717892e-08
[ENERG] step = 3  eTotl = -64.20210245  eCore = -34.87368593  eCoul = 16.03347652  eExcl = -18.21199980  eNucl = -27.14989324  eDisp = 0.00000000
[ERROR] step = 3  engy error = -5.9603428969e-02  grad error =  0.0000000000e+00  dmat error =  2.5112146206e+00
Timer "SCF cycle: 3" used time: 0.891901 s.

[LSDF] xchg phases: A=0.000 s, B(K_W)=0.003 s, C(K_V)=0.276 s, E(reduce)=0.000 s
[NELEC] step = 4  nelec = 32  neInt = 32.000000  dnelc = -4.3743479949e-08
[ENERG] step = 4  eTotl = -64.20282777  eCore = -34.89520951  eCoul = 16.06080666  eExcl = -18.21853168  eNucl = -27.14989324  eDisp = 0.00000000
[ERROR] step = 4  engy error = -7.2532757321e-04  grad error =  0.0000000000e+00  dmat error =  7.8956018672e-02
Timer "SCF cycle: 4" used time: 1.083587 s.

[LSDF] xchg phases: A=0.000 s, B(K_W)=0.001 s, C(K_V)=0.122 s, E(reduce)=0.000 s
[NELEC] step = 5  nelec = 32  neInt = 32.000000  dnelc = -2.3943947269e-08
[ENERG] step = 5  eTotl = -64.20303061  eCore = -34.91550527  eCoul = 16.08933993  eExcl = -18.22697204  eNucl = -27.14989324  eDisp = 0.00000000
[ERROR] step = 5  engy error = -2.0283967594e-04  grad error =  0.0000000000e+00  dmat error =  7.6534101440e-02
Timer "SCF cycle: 5" used time: 0.910553 s.

[LSDF] xchg phases: A=0.000 s, B(K_W)=0.001 s, C(K_V)=0.359 s, E(reduce)=0.000 s
[NELEC] step = 6  nelec = 32  neInt = 32.000000  dnelc = -2.2184611481e-08
[ENERG] step = 6  eTotl = -64.20303337  eCore = -34.91693593  eCoul = 16.09199752  eExcl = -18.22820171  eNucl = -27.14989324  eDisp = 0.00000000
[ERROR] step = 6  engy error = -2.7526214978e-06  grad error =  0.0000000000e+00  dmat error =  6.9674224362e-03
Timer "SCF cycle: 6" used time: 1.140047 s.

[LSDF] xchg phases: A=0.000 s, B(K_W)=0.001 s, C(K_V)=0.103 s, E(reduce)=0.000 s
[NELEC] step = 7  nelec = 32  neInt = 32.000000  dnelc = -2.1887117896e-08
[ENERG] step = 7  eTotl = -64.20303361  eCore = -34.91690138  eCoul = 16.09257700  eExcl = -18.22881599  eNucl = -27.14989324  eDisp = 0.00000000
[ERROR] step = 7  engy error = -2.4488223005e-07  grad error =  0.0000000000e+00  dmat error =  1.8276943301e-03
Timer "SCF cycle: 7" used time: 0.890045 s.

[NELEC] step = 8  nelec = 32  neInt = 32.000000  dnelc = -2.2028029179e-08
[ENERG] step = 8  eTotl = -64.20303360  eCore = -34.91675285  eCoul = 16.09237929  eExcl = -18.22876680  eNucl = -27.14989324  eDisp = 0.00000000
[ERROR] step = 8  engy error =  1.4809074855e-08  grad error =  0.0000000000e+00  dmat error =  5.6943612303e-04
Timer "SCF cycle: 8" used time: 1.056477 s.

[NELEC] step = 9  nelec = 32  neInt = 32.000000  dnelc = -2.1956900298e-08
[ENERG] step = 9  eTotl = -64.20303360  eCore = -34.91681497  eCoul = 16.09248493  eExcl = -18.22881032  eNucl = -27.14989324  eDisp = 0.00000000
[ERROR] step = 9  engy error = -2.8772006999e-09  grad error =  0.0000000000e+00  dmat error =  2.7441593169e-04
SCF converged in 9 steps.
[LSDF] xchg_d10: ISDF-robust path (K_V + K_V~ - K_IP)
[GRADIENT] SCF type: GRKS | atoms: 16 | DOF: 48 | time: 29.952 s
  Atom   0:  -5.4466731359e-04  -5.8248565265e-04  -2.5553617679e-04
  Atom   1:  -5.3660089363e-03  -2.8425732102e-03  -7.5365036597e-04
  Atom   2:  -3.0130027989e-03  -1.5411967777e-03   5.6692198169e-04
  Atom   3:  -1.1664477387e-03  -2.7952087011e-04  -2.3370150792e-04
  Atom   4:   8.8694859643e-03   1.8985239973e-03  -1.6047451993e-04
  Atom   5:  -4.3590635680e-06   1.3088475762e-05   1.7249834613e-04
  Atom   6:  -3.3965814885e-04  -1.5322873042e-04   1.1968481332e-03
  Atom   7:   3.7333085555e-03   4.5456286072e-03  -1.3706304265e-04
  Atom   8:  -5.4305173235e-04  -6.4859029231e-04  -7.1447407465e-04
  Atom   9:  -1.1496975809e-04  -5.1064753545e-05  -1.0499128775e-03
  Atom  10:   5.3676443514e-06  -6.7202523096e-06  -7.8959092657e-04
  Atom  11:  -1.2922322921e-03  -2.7631917507e-04  -7.4585223571e-04
  Atom  12:   2.0698401221e-05   1.1082719923e-05   6.9461417526e-04
  Atom  13:  -2.4734676313e-05  -4.6870355117e-06  -2.7475118625e-05
  Atom  14:  -2.2118587303e-04  -9.2248977952e-05   1.5017422347e-03
  Atom  15:   2.3332219548e-05   9.2045804591e-06   6.9406300605e-04
[OPT] step = 0  energy = -64.2030336001  dE =               N/A  grad_max =  8.8694859643e-03  grad_rms =  1.9282963898e-03
[OPT] Geometry optimization did not converge in 1 steps.
Kylin-PBC Done.
Timer "Kylin-PBC main" used time: 42.92016 s.
