Kylin-PBC: v1.0.0

System time = 2026-09-30 20:20:36

OMP threads = 32

KYLIN_PBC_ROOT = "/home/rudin/code/kylin-pbc"
KYLIN_SCR_PATH = "/tmp"
KYLIN_JOB_PATH = "/home/rudin/tmp-review-ionic/MgO16/none/c30"

SCF.xcfun                      = HSE06
SCF.basis                      = dzvp-sr
SCF.psudo                      = gth-pbe
SCF.kmesh                      = 1 1 1
SCF.gmesh                      = 5.0e-01
SCF.ispin                      = OFF
SCF.dspin                      = 0
SCF.eps_engy                   = 3.7e-09 [AU]
SCF.eps_grad                   = 1.0e-05 [AU]
SCF.eps_dmat                   = 1.0e-03
SCF.chk_load                   = 
SCF.chk_save                   = 
SCF.scf_guess                  = ATOM
SCF.max_cycle                  = 200
SCF.vdw_method                 = NONE
SCF.coul_method                = MGDF
SCF.xchg_method                = LSDF
SCF.xchg_exxocc                = OFF
SCF.xchg_exxace                = NONE
SCF.xchg_robust                = NONE
SCF.xchg_exxdiv                = EWALD
SCF.xchg_dropG0                = ON
SCF.lsdf_cparam                = 30
SCF.lsdf_mparam                = 5
SCF.lsdf_ipslct                = QRCP
SCF.lsdf_chocut                = 1.0e-08
SCF.lsdf_atmcut                = 2.5e+01
SCF.lsdf_aovcut                = 1.0e-07
SCF.lsdf_swzcut                = 0.0e+00
SCF.lsdf_pnocut                = 0.0e+00
SCF.lsdf_nafcut                = 0.0e+00
SCF.mgdf_ntasks                = 4
SCF.mgdf_kratio                = 3.0e+00
SCF.mgdf_cutoff                = 3.0e+02 [AU]
SCF.mgdf_relcut                = 3.0e+01
SCF.mgdf_prprec                = 1.0e-14
SCF.dmx_mix_method             = NONE
SCF.dmx_mix_start              = 1
SCF.dmx_mix_space              = 8
SCF.dmx_mix_alpha              = 3.0e-01
SCF.rho_mix_method             = NONE
SCF.rho_mix_start              = 1
SCF.rho_mix_space              = 8
SCF.rho_mix_alpha              = 3.0e-01
SCF.hks_mix_method             = BROY
SCF.hks_mix_start              = 1
SCF.hks_mix_space              = 8
SCF.hks_mix_alpha              = 3.0e-01
SCF.damp_factor                = 0.0e+00
SCF.level_shift                = 0.0e+00 [AU]
SCF.smear_method               = NONE
SCF.smear_sigma                = 0.0e+00 [AU]
SCF.soc                        = OFF
SCF.soc_window                 = 1.8e+00 [AU]
SCF.print_bandgap              = OFF
SCF.print_time                 = OFF

OPT.opt_method                 = BFGS
OPT.max_cycle                  = 1
OPT.eps_engy                   = 4.0e-06 [AU]
OPT.eps_grad                   = 4.0e-04 [AU]
OPT.trust_limit                = 3.0e-01 [AU]
OPT.damp_factor                = 0.0e+00
OPT.opt_mix_method             = NONE
OPT.opt_mix_start              = 1
OPT.opt_mix_space              = 5
OPT.opt_mix_alpha              = 3.0e-01
OPT.neb_method                 = FIRE
OPT.neb_lclimb                 = ON
OPT.neb_interp                 = IDPP
OPT.neb_nimage                 = 5
OPT.neb_spring                 = 1.0e-02 [AU]
OPT.neb_maxstep                = 7.6e-02 [AU]

PROP.calculation               = NONE
FREQ.freq_method               = FREE2
FREQ.fd_stepsize               = 2.8e-02 [AU]
DOS.dos_method                 = GAUSS
DOS.dos_sigma                  = 3.7e-03 [AU]
DOS.dos_npoint                 = 1001
DOS.dos_emin                   = 0.0e+00 [AU]
DOS.dos_emax                   = 0.0e+00 [AU]

OPT.mdx_ensemble               = NVE
OPT.mdx_thermostat             = NHC
OPT.mdx_max_step               = 0
OPT.mdx_timestep               = 4.0e+01 [AU]
OPT.mdx_temperature            = 9.5e-04 [AU]
OPT.mdx_pressure               = 0.0e+00 [AU]
OPT.mdx_thermo_tau             = 4.0e+03 [AU]
OPT.mdx_baro_tau               = 2.0e+04 [AU]
OPT.mdx_nhc_length             = 3
OPT.mdx_nhc_mts                = 3
OPT.mdx_constraint             = OFF
OPT.mdx_constraint_tol         = 1.0e-10
OPT.mdx_rng_seed               = 42

K-points mesh = 1 1 1

xc functional: "HSE06"
is hybrid: YES
HFX coeff: 0.25

Basis Set Name: "dzvp-sr"
number of shell = 40
number of basis = 176
gmesh = 98 98 195

Pseudopotential Name: "gth-pbe"
number of valence electron = 128

OPT Calculation.

==============================================================
                   Geometry Optimization                      
==============================================================
  method      = BFGS
  max_cycle   = 1
  eps_engy    = 4.000000e-06
  eps_grad    = 4.000000e-04
  trust_limit = 0.300000
  natom       = 16
  nfree       = 48 / 48
==============================================================

--------------------------------------------------------------
  OPT step 0
--------------------------------------------------------------
[OPT] Cell structure (Angstrom):
       4.21700000       0.00000000       0.00000000
       0.00000000       4.21700000       0.00000000
       0.00000000       0.00000000       8.43400000

Cart
Mg         0.00000000       0.00000000       0.00000000   T T T
Mg         0.10000000       2.15850000       2.13850000   T T T
Mg         2.10850000       0.00000000       2.10850000   T T T
Mg         2.10850000       2.10850000       0.00000000   T T T
O          2.10850000       2.10850000       2.10850000   T T T
O          2.10850000       4.21700000       4.21700000   T T T
O          4.21700000       2.10850000       4.21700000   T T T
O          4.21700000       4.21700000       2.10850000   T T T
Mg         0.00000000       0.00000000       4.21700000   T T T
Mg         0.00000000       2.10850000       6.32550000   T T T
Mg         2.10850000       0.00000000       6.32550000   T T T
Mg         2.10850000       2.10850000       4.21700000   T T T
O          2.10850000       2.10850000       6.32550000   T T T
O          2.10850000       4.21700000       8.43400000   T T T
O          4.21700000       2.10850000       8.43400000   T T T
O          4.21700000       4.21700000       6.32550000   T T T

[OPT] Cell written to /home/rudin/tmp-review-ionic/MgO16/none/c30/opt_img/cell_opt_0.txt
[LSDF] gmesh = (98, 98, 195), ngrid = 1872780, naofn = 176, natom = 16
Timer "[LSDF] Voronoi partition" used time: 0.024675 s.
Timer "[LSDF] AO evaluation + screening" used time: 4.584410 s.
[LSDF] IP method: randomized QRCP (c=30, m=5)
[LSDF] total IPs selected: 5360 (0.2862% of grid)
Timer "[LSDF] IP selection" used time: 17.72047 s.
Timer "[LSDF] aux basis fitting" used time: 3.848571 s.
[LSDF] Step 5 diagnostics: natom=16, ngrid=1872780, naux_total=5360
[LSDF]   OMP threads=32, MKL threads=32
[LSDF]   Vmat_loc total size: 5360 x 1872780 = 74.79 GB
Timer "[LSDF]   5a Vmat_loc alloc+FFT" used time: 5.739875 s.
[LSDF]   W size: 5360 x 5360 = 219.19 MB, max_npart=118186
Timer "[LSDF]   5b W construction (DGEMM)" used time: 2.566319 s.
Timer "[LSDF]   5c Wmat symmetrize" used time: 0.011914 s.
[LSDF]   robust_mode=NONE: freeing Vmat_loc
Timer "[LSDF] V/W construction" used time: 11.60895 s.
[LSDF] xchg phases: A=0.000 s, B(K_W)=0.013 s, C(K_V)=0.000 s, E(reduce)=0.000 s
[NELEC] step = 0  nelec = 128  neInt = 128.000000  dnelc = -3.6098981582e-09
[ENERG] step = 0  eTotl = -635.53184667  eCore = -337.00186663  eCoul = 174.38894144  eExcl = -94.40368190  eNucl = -378.51523958  eDisp = 0.00000000
[ERROR] step = 0  engy error =  0.0000000000e+00  grad error =  0.0000000000e+00  dmat error =  0.0000000000e+00
Timer "SCF cycle: 0" used time: 1.547227 s.

[LSDF] xchg phases: A=0.000 s, B(K_W)=0.013 s, C(K_V)=0.000 s, E(reduce)=0.000 s
[NELEC] step = 1  nelec = 128  neInt = 128.000000  dnelc = -1.8330453599e-08
[ENERG] step = 1  eTotl = -634.35953532  eCore = -366.69563609  eCoul = 212.72552784  eExcl = -101.87418748  eNucl = -378.51523958  eDisp = 0.00000000
[ERROR] step = 1  engy error =  1.1723113527e+00  grad error =  0.0000000000e+00  dmat error =  1.5818206540e+00
Timer "SCF cycle: 1" used time: 1.481838 s.

[LSDF] xchg phases: A=0.001 s, B(K_W)=0.013 s, C(K_V)=0.000 s, E(reduce)=0.000 s
[NELEC] step = 2  nelec = 128  neInt = 128.000000  dnelc = -1.8870437657e-08
[ENERG] step = 2  eTotl = -635.17963100  eCore = -362.43063473  eCoul = 205.69324803  eExcl = -99.92700471  eNucl = -378.51523958  eDisp = 0.00000000
[ERROR] step = 2  engy error = -8.2009567885e-01  grad error =  0.0000000000e+00  dmat error =  2.0801841993e-01
Timer "SCF cycle: 2" used time: 1.463732 s.

[LSDF] xchg phases: A=0.001 s, B(K_W)=0.013 s, C(K_V)=0.000 s, E(reduce)=0.000 s
[NELEC] step = 3  nelec = 128  neInt = 128.000000  dnelc = -1.6031592054e-08
[ENERG] step = 3  eTotl = -635.30610100  eCore = -358.12220854  eCoul = 199.76359382  eExcl = -98.43224669  eNucl = -378.51523958  eDisp = 0.00000000
[ERROR] step = 3  engy error = -1.2647000026e-01  grad error =  0.0000000000e+00  dmat error =  2.6439831329e-01
Timer "SCF cycle: 3" used time: 1.445388 s.

[LSDF] xchg phases: A=0.000 s, B(K_W)=0.013 s, C(K_V)=0.000 s, E(reduce)=0.000 s
[NELEC] step = 4  nelec = 128  neInt = 128.000000  dnelc = -1.3428547163e-08
[ENERG] step = 4  eTotl = -635.32794764  eCore = -357.76645051  eCoul = 199.46344738  eExcl = -98.50970493  eNucl = -378.51523958  eDisp = 0.00000000
[ERROR] step = 4  engy error = -2.1846648718e-02  grad error =  0.0000000000e+00  dmat error =  7.8898836463e-02
Timer "SCF cycle: 4" used time: 1.464762 s.

[LSDF] xchg phases: A=0.000 s, B(K_W)=0.012 s, C(K_V)=0.000 s, E(reduce)=0.000 s
[NELEC] step = 5  nelec = 128  neInt = 128.000000  dnelc = -1.4384653468e-08
[ENERG] step = 5  eTotl = -635.32932114  eCore = -358.27153366  eCoul = 200.10885970  eExcl = -98.65140760  eNucl = -378.51523958  eDisp = 0.00000000
[ERROR] step = 5  engy error = -1.3734982504e-03  grad error =  0.0000000000e+00  dmat error =  3.6587656264e-02
Timer "SCF cycle: 5" used time: 1.462405 s.

[LSDF] xchg phases: A=0.002 s, B(K_W)=0.015 s, C(K_V)=0.000 s, E(reduce)=0.000 s
[NELEC] step = 6  nelec = 128  neInt = 128.000000  dnelc = -1.4324783137e-08
[ENERG] step = 6  eTotl = -635.32933604  eCore = -358.23041502  eCoul = 200.05642588  eExcl = -98.64010732  eNucl = -378.51523958  eDisp = 0.00000000
[ERROR] step = 6  engy error = -1.4892757804e-05  grad error =  0.0000000000e+00  dmat error =  3.0443717652e-03
Timer "SCF cycle: 6" used time: 1.476196 s.

[LSDF] xchg phases: A=0.000 s, B(K_W)=0.012 s, C(K_V)=0.000 s, E(reduce)=0.000 s
[NELEC] step = 7  nelec = 128  neInt = 128.000000  dnelc = -1.4326062114e-08
[ENERG] step = 7  eTotl = -635.32933656  eCore = -358.22791354  eCoul = 200.05323514  eExcl = -98.63941858  eNucl = -378.51523958  eDisp = 0.00000000
[ERROR] step = 7  engy error = -5.2019436225e-07  grad error =  0.0000000000e+00  dmat error =  2.5661786401e-04
Timer "SCF cycle: 7" used time: 1.480455 s.

[NELEC] step = 8  nelec = 128  neInt = 128.000000  dnelc = -1.4330140630e-08
[ENERG] step = 8  eTotl = -635.32933679  eCore = -358.22732699  eCoul = 200.05262518  eExcl = -98.63939540  eNucl = -378.51523958  eDisp = 0.00000000
[ERROR] step = 8  engy error = -2.3863628940e-07  grad error =  0.0000000000e+00  dmat error =  2.2655448374e-04
Timer "SCF cycle: 8" used time: 1.465387 s.

[NELEC] step = 9  nelec = 128  neInt = 128.000000  dnelc = -1.4331462239e-08
[ENERG] step = 9  eTotl = -635.32933680  eCore = -358.22730446  eCoul = 200.05256525  eExcl = -98.63935802  eNucl = -378.51523958  eDisp = 0.00000000
[ERROR] step = 9  engy error = -6.3040488385e-09  grad error =  0.0000000000e+00  dmat error =  3.3836051071e-05
Timer "SCF cycle: 9" used time: 1.455440 s.

[NELEC] step = 10  nelec = 128  neInt = 128.000000  dnelc = -1.4330879594e-08
[ENERG] step = 10  eTotl = -635.32933680  eCore = -358.22715342  eCoul = 200.05240061  eExcl = -98.63934441  eNucl = -378.51523958  eDisp = 0.00000000
[ERROR] step = 10  engy error = -1.4620127331e-10  grad error =  0.0000000000e+00  dmat error =  2.1480306446e-05
SCF converged in 10 steps.
[LSDF] xchg_d10: robust_mode=NONE, no V data -> full-grid FFT path
[GRADIENT] SCF type: GRKS | atoms: 16 | DOF: 48 | time: 157.529 s
  Atom   0:   1.4788684272e-03  -7.5670051555e-04  -2.1924860303e-04
  Atom   1:   2.1916455146e-02   1.0014303296e-02   7.1996248142e-03
  Atom   2:  -5.7984744064e-03  -2.9429584103e-03  -1.4968467805e-03
  Atom   3:  -3.1173275154e-03  -2.9642791696e-04  -6.0405267521e-05
  Atom   4:  -5.1026272066e-03  -1.4559119306e-03  -1.3692980748e-03
  Atom   5:   6.3835920600e-04   3.1981934241e-04   2.1056286403e-04
  Atom   6:  -1.9859558311e-03  -9.9418348284e-04  -8.5280685740e-04
  Atom   7:  -3.0720664041e-03  -2.1881970143e-03  -1.4095565905e-03
  Atom   8:   1.1727823074e-03  -1.5716047269e-03  -8.2168276293e-04
  Atom   9:  -9.8194218527e-05  -5.4277291328e-05   1.9411790798e-03
  Atom  10:   4.2654299245e-05   2.2650484876e-05   2.3740441461e-03
  Atom  11:  -3.1655605447e-03   5.9640901453e-04  -1.1289864683e-03
  Atom  12:  -2.3595053322e-04   4.6804062491e-05   5.0789708932e-04
  Atom  13:   5.8054881520e-04   2.9776022163e-04   2.7297119083e-05
  Atom  14:  -1.9168793413e-03  -9.5235139592e-04  -7.0167527521e-04
  Atom  15:   8.3601069969e-05  -1.1622631168e-04   5.0543981980e-04
[OPT] step = 0  energy = -635.3293368006  dE =               N/A  grad_max =  2.1916455146e-02  grad_rms =  4.0149029865e-03
[OPT] Geometry optimization did not converge in 1 steps.
Kylin-PBC Done.
Timer "Kylin-PBC main" used time: 216.0226 s.
