Kylin-PBC: v1.0.0

System time = 2026-09-30 19:34:53

OMP threads = 32

KYLIN_PBC_ROOT = "/home/rudin/code/kylin-pbc"
KYLIN_SCR_PATH = "/tmp"
KYLIN_JOB_PATH = "/home/rudin/tmp-review-ionic/Si16/full/c15"

SCF.xcfun                      = HSE06
SCF.basis                      = dzvp-sr
SCF.psudo                      = gth-pbe
SCF.kmesh                      = 1 1 1
SCF.gmesh                      = 5.0e-01
SCF.ispin                      = OFF
SCF.dspin                      = 0
SCF.eps_engy                   = 3.7e-09 [AU]
SCF.eps_grad                   = 1.0e-05 [AU]
SCF.eps_dmat                   = 1.0e-03
SCF.chk_load                   = 
SCF.chk_save                   = 
SCF.scf_guess                  = ATOM
SCF.max_cycle                  = 200
SCF.vdw_method                 = NONE
SCF.coul_method                = MGDF
SCF.xchg_method                = LSDF
SCF.xchg_exxocc                = OFF
SCF.xchg_exxace                = NONE
SCF.xchg_robust                = FULL
SCF.xchg_exxdiv                = EWALD
SCF.xchg_dropG0                = ON
SCF.lsdf_cparam                = 15
SCF.lsdf_mparam                = 5
SCF.lsdf_ipslct                = QRCP
SCF.lsdf_chocut                = 1.0e-08
SCF.lsdf_atmcut                = 2.5e+01
SCF.lsdf_aovcut                = 1.0e-07
SCF.lsdf_swzcut                = 0.0e+00
SCF.lsdf_pnocut                = 0.0e+00
SCF.lsdf_nafcut                = 0.0e+00
SCF.mgdf_ntasks                = 4
SCF.mgdf_kratio                = 3.0e+00
SCF.mgdf_cutoff                = 3.0e+02 [AU]
SCF.mgdf_relcut                = 3.0e+01
SCF.mgdf_prprec                = 1.0e-14
SCF.dmx_mix_method             = NONE
SCF.dmx_mix_start              = 1
SCF.dmx_mix_space              = 8
SCF.dmx_mix_alpha              = 3.0e-01
SCF.rho_mix_method             = NONE
SCF.rho_mix_start              = 1
SCF.rho_mix_space              = 8
SCF.rho_mix_alpha              = 3.0e-01
SCF.hks_mix_method             = BROY
SCF.hks_mix_start              = 1
SCF.hks_mix_space              = 8
SCF.hks_mix_alpha              = 3.0e-01
SCF.damp_factor                = 0.0e+00
SCF.level_shift                = 0.0e+00 [AU]
SCF.smear_method               = NONE
SCF.smear_sigma                = 0.0e+00 [AU]
SCF.soc                        = OFF
SCF.soc_window                 = 1.8e+00 [AU]
SCF.print_bandgap              = OFF
SCF.print_time                 = OFF

OPT.opt_method                 = BFGS
OPT.max_cycle                  = 1
OPT.eps_engy                   = 4.0e-06 [AU]
OPT.eps_grad                   = 4.0e-04 [AU]
OPT.trust_limit                = 3.0e-01 [AU]
OPT.damp_factor                = 0.0e+00
OPT.opt_mix_method             = NONE
OPT.opt_mix_start              = 1
OPT.opt_mix_space              = 5
OPT.opt_mix_alpha              = 3.0e-01
OPT.neb_method                 = FIRE
OPT.neb_lclimb                 = ON
OPT.neb_interp                 = IDPP
OPT.neb_nimage                 = 5
OPT.neb_spring                 = 1.0e-02 [AU]
OPT.neb_maxstep                = 7.6e-02 [AU]

PROP.calculation               = NONE
FREQ.freq_method               = FREE2
FREQ.fd_stepsize               = 2.8e-02 [AU]
DOS.dos_method                 = GAUSS
DOS.dos_sigma                  = 3.7e-03 [AU]
DOS.dos_npoint                 = 1001
DOS.dos_emin                   = 0.0e+00 [AU]
DOS.dos_emax                   = 0.0e+00 [AU]

OPT.mdx_ensemble               = NVE
OPT.mdx_thermostat             = NHC
OPT.mdx_max_step               = 0
OPT.mdx_timestep               = 4.0e+01 [AU]
OPT.mdx_temperature            = 9.5e-04 [AU]
OPT.mdx_pressure               = 0.0e+00 [AU]
OPT.mdx_thermo_tau             = 4.0e+03 [AU]
OPT.mdx_baro_tau               = 2.0e+04 [AU]
OPT.mdx_nhc_length             = 3
OPT.mdx_nhc_mts                = 3
OPT.mdx_constraint             = OFF
OPT.mdx_constraint_tol         = 1.0e-10
OPT.mdx_rng_seed               = 42

K-points mesh = 1 1 1

xc functional: "HSE06"
is hybrid: YES
HFX coeff: 0.25

Basis Set Name: "dzvp-sr"
number of shell = 48
number of basis = 208
gmesh = 29 29 57

Pseudopotential Name: "gth-pbe"
number of valence electron = 64

OPT Calculation.

==============================================================
                   Geometry Optimization                      
==============================================================
  method      = BFGS
  max_cycle   = 1
  eps_engy    = 4.000000e-06
  eps_grad    = 4.000000e-04
  trust_limit = 0.300000
  natom       = 16
  nfree       = 48 / 48
==============================================================

--------------------------------------------------------------
  OPT step 0
--------------------------------------------------------------
[OPT] Cell structure (Angstrom):
       5.43100000       0.00000000       0.00000000
       0.00000000       5.43100000       0.00000000
       0.00000000       0.00000000      10.86200000

Cart
Si         0.00000000       0.00000000       0.00000000   T T T
Si         0.10000000       2.76550000       2.74550000   T T T
Si         2.71550000       0.00000000       2.71550000   T T T
Si         2.71550000       2.71550000       0.00000000   T T T
Si         1.35775000       1.35775000       1.35775000   T T T
Si         1.35775000       4.07325000       4.07325000   T T T
Si         4.07325000       1.35775000       4.07325000   T T T
Si         4.07325000       4.07325000       1.35775000   T T T
Si         0.00000000       0.00000000       5.43100000   T T T
Si         0.00000000       2.71550000       8.14650000   T T T
Si         2.71550000       0.00000000       8.14650000   T T T
Si         2.71550000       2.71550000       5.43100000   T T T
Si         1.35775000       1.35775000       6.78875000   T T T
Si         1.35775000       4.07325000       9.50425000   T T T
Si         4.07325000       1.35775000       9.50425000   T T T
Si         4.07325000       4.07325000       6.78875000   T T T

[OPT] Cell written to /home/rudin/tmp-review-ionic/Si16/full/c15/opt_img/cell_opt_0.txt
[LSDF] gmesh = (29, 29, 57), ngrid = 47937, naofn = 208, natom = 16
Timer "[LSDF] Voronoi partition" used time: 0.001455 s.
Timer "[LSDF] AO evaluation + screening" used time: 0.158652 s.
[LSDF] IP method: randomized QRCP (c=15, m=5)
[LSDF] total IPs selected: 3200 (6.6754% of grid)
Timer "[LSDF] IP selection" used time: 0.111781 s.
Timer "[LSDF] aux basis fitting" used time: 0.020644 s.
[LSDF] Step 5 diagnostics: natom=16, ngrid=47937, naux_total=3200
[LSDF]   OMP threads=32, MKL threads=32
[LSDF]   Vmat_loc total size: 3200 x 47937 = 1.14 GB
Timer "[LSDF]   5a Vmat_loc alloc+FFT" used time: 0.128886 s.
[LSDF]   W size: 3200 x 3200 = 78.12 MB, max_npart=3138
Timer "[LSDF]   5b W construction (DGEMM)" used time: 0.032381 s.
Timer "[LSDF]   5c Wmat symmetrize" used time: 0.004258 s.
[LSDF]   robust_mode=FULL: keeping Vmat_loc (1.14 GB) in atom ordering
Timer "[LSDF] V/W construction" used time: 0.165611 s.
[LSDF] xchg phases: A=0.000 s, B(K_W)=0.012 s, C(K_V)=0.076 s, E(reduce)=0.001 s
[NELEC] step = 0  nelec = 64  neInt = 64.000000  dnelc =  2.1927348826e-11
[ENERG] step = 0  eTotl = -62.54336193  eCore = 19.60664054  eCoul = 4.69704873  eExcl = -19.67453817  eNucl = -67.17251303  eDisp = 0.00000000
[ERROR] step = 0  engy error =  0.0000000000e+00  grad error =  0.0000000000e+00  dmat error =  0.0000000000e+00
Timer "SCF cycle: 0" used time: 1.087895 s.

[LSDF] xchg phases: A=0.000 s, B(K_W)=0.006 s, C(K_V)=0.082 s, E(reduce)=0.001 s
[NELEC] step = 1  nelec = 64  neInt = 64.000000  dnelc =  2.9402258406e-11
[ENERG] step = 1  eTotl = -62.76117266  eCore = 19.33616031  eCoul = 4.50692293  eExcl = -19.43174287  eNucl = -67.17251303  eDisp = 0.00000000
[ERROR] step = 1  engy error = -2.1781072811e-01  grad error =  0.0000000000e+00  dmat error =  1.1761894033e+00
Timer "SCF cycle: 1" used time: 1.083521 s.

[LSDF] xchg phases: A=0.001 s, B(K_W)=0.006 s, C(K_V)=0.173 s, E(reduce)=0.001 s
[NELEC] step = 2  nelec = 64  neInt = 64.000000  dnelc =  2.9800162338e-11
[ENERG] step = 2  eTotl = -62.76666918  eCore = 19.31157890  eCoul = 4.54714611  eExcl = -19.45288116  eNucl = -67.17251303  eDisp = 0.00000000
[ERROR] step = 2  engy error = -5.4965228788e-03  grad error =  0.0000000000e+00  dmat error =  1.7953860628e-02
Timer "SCF cycle: 2" used time: 1.176377 s.

[LSDF] xchg phases: A=0.000 s, B(K_W)=0.006 s, C(K_V)=0.069 s, E(reduce)=0.001 s
[NELEC] step = 3  nelec = 64  neInt = 64.000000  dnelc =  3.0823343877e-11
[ENERG] step = 3  eTotl = -62.77212901  eCore = 19.26603942  eCoul = 4.63233988  eExcl = -19.49799528  eNucl = -67.17251303  eDisp = 0.00000000
[ERROR] step = 3  engy error = -5.4598295334e-03  grad error =  0.0000000000e+00  dmat error =  4.0533151774e-02
Timer "SCF cycle: 3" used time: 1.065587 s.

[LSDF] xchg phases: A=0.002 s, B(K_W)=0.009 s, C(K_V)=0.068 s, E(reduce)=0.001 s
[NELEC] step = 4  nelec = 64  neInt = 64.000000  dnelc =  3.0837554732e-11
[ENERG] step = 4  eTotl = -62.77218979  eCore = 19.26605933  eCoul = 4.63314916  eExcl = -19.49888526  eNucl = -67.17251303  eDisp = 0.00000000
[ERROR] step = 4  engy error = -6.0782096298e-05  grad error =  0.0000000000e+00  dmat error =  3.0941048252e-03
Timer "SCF cycle: 4" used time: 1.091136 s.

[LSDF] xchg phases: A=0.000 s, B(K_W)=0.008 s, C(K_V)=0.097 s, E(reduce)=0.001 s
[NELEC] step = 5  nelec = 64  neInt = 64.000000  dnelc =  3.0738078749e-11
[ENERG] step = 5  eTotl = -62.77221859  eCore = 19.26822586  eCoul = 4.63014723  eExcl = -19.49807865  eNucl = -67.17251303  eDisp = 0.00000000
[ERROR] step = 5  engy error = -2.8796520347e-05  grad error =  0.0000000000e+00  dmat error =  3.7589872581e-03
Timer "SCF cycle: 5" used time: 1.127029 s.

[LSDF] xchg phases: A=0.000 s, B(K_W)=0.006 s, C(K_V)=0.138 s, E(reduce)=0.001 s
[NELEC] step = 6  nelec = 64  neInt = 64.000000  dnelc =  3.0723867894e-11
[ENERG] step = 6  eTotl = -62.77222612  eCore = 19.26990359  eCoul = 4.62776125  eExcl = -19.49737793  eNucl = -67.17251303  eDisp = 0.00000000
[ERROR] step = 6  engy error = -7.5298241171e-06  grad error =  0.0000000000e+00  dmat error =  2.1556448822e-03
Timer "SCF cycle: 6" used time: 1.139626 s.

[LSDF] xchg phases: A=0.000 s, B(K_W)=0.006 s, C(K_V)=0.071 s, E(reduce)=0.001 s
[NELEC] step = 7  nelec = 64  neInt = 64.000000  dnelc =  3.0652813621e-11
[ENERG] step = 7  eTotl = -62.77222684  eCore = 19.27010827  eCoul = 4.62753641  eExcl = -19.49735850  eNucl = -67.17251303  eDisp = 0.00000000
[ERROR] step = 7  engy error = -7.2064656820e-07  grad error =  0.0000000000e+00  dmat error =  4.8788145711e-04
Timer "SCF cycle: 7" used time: 1.070943 s.

[NELEC] step = 8  nelec = 64  neInt = 64.000000  dnelc =  3.0667024475e-11
[ENERG] step = 8  eTotl = -62.77222700  eCore = 19.27010300  eCoul = 4.62759693  eExcl = -19.49741391  eNucl = -67.17251303  eDisp = 0.00000000
[ERROR] step = 8  engy error = -1.6381711987e-07  grad error =  0.0000000000e+00  dmat error =  1.5422697368e-04
Timer "SCF cycle: 8" used time: 1.101176 s.

[NELEC] step = 9  nelec = 64  neInt = 64.000000  dnelc =  3.0681235330e-11
[ENERG] step = 9  eTotl = -62.77222705  eCore = 19.27009432  eCoul = 4.62763752  eExcl = -19.49744586  eNucl = -67.17251303  eDisp = 0.00000000
[ERROR] step = 9  engy error = -4.8178208090e-08  grad error =  0.0000000000e+00  dmat error =  7.7389247384e-05
Timer "SCF cycle: 9" used time: 1.050063 s.

[NELEC] step = 10  nelec = 64  neInt = 64.000000  dnelc =  3.0723867894e-11
[ENERG] step = 10  eTotl = -62.77222707  eCore = 19.27008082  eCoul = 4.62767973  eExcl = -19.49747459  eNucl = -67.17251303  eDisp = 0.00000000
[ERROR] step = 10  engy error = -2.0434953285e-08  grad error =  0.0000000000e+00  dmat error =  6.7287245838e-05
Timer "SCF cycle: 10" used time: 1.079340 s.

[NELEC] step = 11  nelec = 64  neInt = 64.000000  dnelc =  3.0667024475e-11
[ENERG] step = 11  eTotl = -62.77222707  eCore = 19.27007812  eCoul = 4.62768537  eExcl = -19.49747754  eNucl = -67.17251303  eDisp = 0.00000000
[ERROR] step = 11  engy error = -9.7163166402e-10  grad error =  0.0000000000e+00  dmat error =  1.2085042007e-05
SCF converged in 11 steps.
[LSDF] xchg_d10: ISDF-robust path (K_V + K_V~ - K_IP)
[GRADIENT] SCF type: GRKS | atoms: 16 | DOF: 48 | time: 13.625 s
  Atom   0:   2.8679886535e-03  -8.1980074098e-04   1.2066534608e-05
  Atom   1:   2.9002059826e-02   1.6201493915e-02   1.0701715610e-02
  Atom   2:   1.1329630696e-03   6.2224425789e-04   1.2392941708e-03
  Atom   3:  -6.3190130259e-04   1.9711474842e-03   6.2822531532e-05
  Atom   4:  -3.6031159427e-03   2.8508420016e-04   1.4751940908e-05
  Atom   5:  -1.4208122906e-02  -1.3539275295e-02  -1.1409809320e-02
  Atom   6:  -9.0603455268e-03  -7.7518316802e-03   3.4160027912e-03
  Atom   7:  -6.4066256682e-03   2.5941291694e-03  -4.0507789434e-03
  Atom   8:   2.1035584352e-03   5.4259633009e-04   2.0272405443e-04
  Atom   9:  -3.9186910499e-04  -2.3323112040e-04  -2.2050068076e-04
  Atom  10:   1.2645649699e-04   6.1880726898e-05   1.2682240609e-04
  Atom  11:  -6.3456736915e-06   4.6525625599e-04   1.5308809992e-04
  Atom  12:   2.2637875831e-04   2.1628391138e-04   3.3811449817e-04
  Atom  13:  -8.0805079891e-04  -9.3475512068e-04  -1.2982861027e-03
  Atom  14:  -1.6341607101e-04  -2.7993198014e-04   1.2066543256e-03
  Atom  15:  -1.7442798655e-04   5.9889746601e-04  -4.9300152578e-04
[OPT] step = 0  energy = -62.7722270702  dE =               N/A  grad_max =  2.9002059826e-02  grad_rms =  6.4418903023e-03
[OPT] Geometry optimization did not converge in 1 steps.
Kylin-PBC Done.
Timer "Kylin-PBC main" used time: 28.21823 s.
