Kylin-PBC: v1.0.0

System time = 2026-09-30 20:13:44

OMP threads = 32

KYLIN_PBC_ROOT = "/home/rudin/code/kylin-pbc"
KYLIN_SCR_PATH = "/tmp"
KYLIN_JOB_PATH = "/home/rudin/tmp-review-ionic/CsI16/full/c30"

SCF.xcfun                      = HSE06
SCF.basis                      = dzvp-sr
SCF.psudo                      = gth-pbe
SCF.kmesh                      = 1 1 1
SCF.gmesh                      = 5.0e-01
SCF.ispin                      = OFF
SCF.dspin                      = 0
SCF.eps_engy                   = 3.7e-09 [AU]
SCF.eps_grad                   = 1.0e-05 [AU]
SCF.eps_dmat                   = 1.0e-03
SCF.chk_load                   = 
SCF.chk_save                   = 
SCF.scf_guess                  = ATOM
SCF.max_cycle                  = 200
SCF.vdw_method                 = NONE
SCF.coul_method                = MGDF
SCF.xchg_method                = LSDF
SCF.xchg_exxocc                = OFF
SCF.xchg_exxace                = NONE
SCF.xchg_robust                = FULL
SCF.xchg_exxdiv                = EWALD
SCF.xchg_dropG0                = ON
SCF.lsdf_cparam                = 30
SCF.lsdf_mparam                = 5
SCF.lsdf_ipslct                = QRCP
SCF.lsdf_chocut                = 1.0e-08
SCF.lsdf_atmcut                = 2.5e+01
SCF.lsdf_aovcut                = 1.0e-07
SCF.lsdf_swzcut                = 0.0e+00
SCF.lsdf_pnocut                = 0.0e+00
SCF.lsdf_nafcut                = 0.0e+00
SCF.mgdf_ntasks                = 4
SCF.mgdf_kratio                = 3.0e+00
SCF.mgdf_cutoff                = 3.0e+02 [AU]
SCF.mgdf_relcut                = 3.0e+01
SCF.mgdf_prprec                = 1.0e-14
SCF.dmx_mix_method             = NONE
SCF.dmx_mix_start              = 1
SCF.dmx_mix_space              = 8
SCF.dmx_mix_alpha              = 3.0e-01
SCF.rho_mix_method             = NONE
SCF.rho_mix_start              = 1
SCF.rho_mix_space              = 8
SCF.rho_mix_alpha              = 3.0e-01
SCF.hks_mix_method             = BROY
SCF.hks_mix_start              = 1
SCF.hks_mix_space              = 8
SCF.hks_mix_alpha              = 3.0e-01
SCF.damp_factor                = 0.0e+00
SCF.level_shift                = 0.0e+00 [AU]
SCF.smear_method               = NONE
SCF.smear_sigma                = 0.0e+00 [AU]
SCF.soc                        = OFF
SCF.soc_window                 = 1.8e+00 [AU]
SCF.print_bandgap              = OFF
SCF.print_time                 = OFF

OPT.opt_method                 = BFGS
OPT.max_cycle                  = 1
OPT.eps_engy                   = 4.0e-06 [AU]
OPT.eps_grad                   = 4.0e-04 [AU]
OPT.trust_limit                = 3.0e-01 [AU]
OPT.damp_factor                = 0.0e+00
OPT.opt_mix_method             = NONE
OPT.opt_mix_start              = 1
OPT.opt_mix_space              = 5
OPT.opt_mix_alpha              = 3.0e-01
OPT.neb_method                 = FIRE
OPT.neb_lclimb                 = ON
OPT.neb_interp                 = IDPP
OPT.neb_nimage                 = 5
OPT.neb_spring                 = 1.0e-02 [AU]
OPT.neb_maxstep                = 7.6e-02 [AU]

PROP.calculation               = NONE
FREQ.freq_method               = FREE2
FREQ.fd_stepsize               = 2.8e-02 [AU]
DOS.dos_method                 = GAUSS
DOS.dos_sigma                  = 3.7e-03 [AU]
DOS.dos_npoint                 = 1001
DOS.dos_emin                   = 0.0e+00 [AU]
DOS.dos_emax                   = 0.0e+00 [AU]

OPT.mdx_ensemble               = NVE
OPT.mdx_thermostat             = NHC
OPT.mdx_max_step               = 0
OPT.mdx_timestep               = 4.0e+01 [AU]
OPT.mdx_temperature            = 9.5e-04 [AU]
OPT.mdx_pressure               = 0.0e+00 [AU]
OPT.mdx_thermo_tau             = 4.0e+03 [AU]
OPT.mdx_baro_tau               = 2.0e+04 [AU]
OPT.mdx_nhc_length             = 3
OPT.mdx_nhc_mts                = 3
OPT.mdx_constraint             = OFF
OPT.mdx_constraint_tol         = 1.0e-10
OPT.mdx_rng_seed               = 42

K-points mesh = 1 1 1

xc functional: "HSE06"
is hybrid: YES
HFX coeff: 0.25

Basis Set Name: "dzvp-sr"
number of shell = 48
number of basis = 216
gmesh = 44 44 44

Pseudopotential Name: "gth-pbe"
number of valence electron = 128

OPT Calculation.

==============================================================
                   Geometry Optimization                      
==============================================================
  method      = BFGS
  max_cycle   = 1
  eps_engy    = 4.000000e-06
  eps_grad    = 4.000000e-04
  trust_limit = 0.300000
  natom       = 16
  nfree       = 48 / 48
==============================================================

--------------------------------------------------------------
  OPT step 0
--------------------------------------------------------------
[OPT] Cell structure (Angstrom):
       9.13400000       0.00000000       0.00000000
       0.00000000       9.13400000       0.00000000
       0.00000000       0.00000000       9.13400000

Cart
Cs         0.00000000       0.00000000       0.00000000   T T T
I          2.38350000       2.33350000       2.31350000   T T T
Cs         0.00000000       0.00000000       4.56700000   T T T
I          2.28350000       2.28350000       6.85050000   T T T
Cs         0.00000000       4.56700000       0.00000000   T T T
I          2.28350000       6.85050000       2.28350000   T T T
Cs         0.00000000       4.56700000       4.56700000   T T T
I          2.28350000       6.85050000       6.85050000   T T T
Cs         4.56700000       0.00000000       0.00000000   T T T
I          6.85050000       2.28350000       2.28350000   T T T
Cs         4.56700000       0.00000000       4.56700000   T T T
I          6.85050000       2.28350000       6.85050000   T T T
Cs         4.56700000       4.56700000       0.00000000   T T T
I          6.85050000       6.85050000       2.28350000   T T T
Cs         4.56700000       4.56700000       4.56700000   T T T
I          6.85050000       6.85050000       6.85050000   T T T

[OPT] Cell written to /home/rudin/tmp-review-ionic/CsI16/full/c30/opt_img/cell_opt_0.txt
[LSDF] gmesh = (44, 44, 44), ngrid = 85184, naofn = 216, natom = 16
Timer "[LSDF] Voronoi partition" used time: 0.002405 s.
Timer "[LSDF] AO evaluation + screening" used time: 0.327578 s.
[LSDF] IP method: randomized QRCP (c=30, m=5)
[LSDF] total IPs selected: 6560 (7.7010% of grid)
Timer "[LSDF] IP selection" used time: 0.470658 s.
Timer "[LSDF] aux basis fitting" used time: 0.105120 s.
[LSDF] Step 5 diagnostics: natom=16, ngrid=85184, naux_total=6560
[LSDF]   OMP threads=32, MKL threads=32
[LSDF]   Vmat_loc total size: 6560 x 85184 = 4.16 GB
Timer "[LSDF]   5a Vmat_loc alloc+FFT" used time: 0.216765 s.
[LSDF]   W size: 6560 x 6560 = 328.32 MB, max_npart=5347
Timer "[LSDF]   5b W construction (DGEMM)" used time: 0.140923 s.
Timer "[LSDF]   5c Wmat symmetrize" used time: 0.017610 s.
[LSDF]   robust_mode=FULL: keeping Vmat_loc (4.16 GB) in atom ordering
Timer "[LSDF] V/W construction" used time: 0.375360 s.
[LSDF] xchg phases: A=0.003 s, B(K_W)=0.015 s, C(K_V)=0.429 s, E(reduce)=0.001 s
[NELEC] step = 0  nelec = 128  neInt = 128.000000  dnelc = -2.7990409990e-09
[ENERG] step = 0  eTotl = -251.70638733  eCore = -20.81066899  eCoul = 30.26755899  eExcl = -43.39440422  eNucl = -217.76887312  eDisp = 0.00000000
[ERROR] step = 0  engy error =  0.0000000000e+00  grad error =  0.0000000000e+00  dmat error =  0.0000000000e+00
Timer "SCF cycle: 0" used time: 2.671937 s.

[LSDF] xchg phases: A=0.003 s, B(K_W)=0.029 s, C(K_V)=0.189 s, E(reduce)=0.001 s
[NELEC] step = 1  nelec = 128  neInt = 128.000000  dnelc =  4.9479353947e-10
[ENERG] step = 1  eTotl = -253.67258640  eCore = -24.16926009  eCoul = 32.50273321  eExcl = -44.23718640  eNucl = -217.76887312  eDisp = 0.00000000
[ERROR] step = 1  engy error = -1.9661990637e+00  grad error =  0.0000000000e+00  dmat error =  1.0241392863e+00
Timer "SCF cycle: 1" used time: 2.546271 s.

[LSDF] xchg phases: A=0.000 s, B(K_W)=0.026 s, C(K_V)=0.349 s, E(reduce)=0.001 s
[NELEC] step = 2  nelec = 128  neInt = 128.000000  dnelc = -2.4412827315e-10
[ENERG] step = 2  eTotl = -253.67828906  eCore = -24.08778804  eCoul = 32.39713371  eExcl = -44.21876161  eNucl = -217.76887312  eDisp = 0.00000000
[ERROR] step = 2  engy error = -5.7026604214e-03  grad error =  0.0000000000e+00  dmat error =  1.1960827266e-01
Timer "SCF cycle: 2" used time: 2.670675 s.

[LSDF] xchg phases: A=0.000 s, B(K_W)=0.015 s, C(K_V)=0.316 s, E(reduce)=0.001 s
[NELEC] step = 3  nelec = 128  neInt = 128.000000  dnelc = -1.5758985228e-09
[ENERG] step = 3  eTotl = -253.68207360  eCore = -23.91402836  eCoul = 32.17411953  eExcl = -44.17329164  eNucl = -217.76887312  eDisp = 0.00000000
[ERROR] step = 3  engy error = -3.7845425923e-03  grad error =  0.0000000000e+00  dmat error =  2.3425039707e-01
Timer "SCF cycle: 3" used time: 2.561432 s.

[LSDF] xchg phases: A=0.000 s, B(K_W)=0.015 s, C(K_V)=0.286 s, E(reduce)=0.001 s
[NELEC] step = 4  nelec = 128  neInt = 128.000000  dnelc = -1.3567671431e-09
[ENERG] step = 4  eTotl = -253.68227374  eCore = -23.92850717  eCoul = 32.18900287  eExcl = -44.17389633  eNucl = -217.76887312  eDisp = 0.00000000
[ERROR] step = 4  engy error = -2.0014441043e-04  grad error =  0.0000000000e+00  dmat error =  3.1852617266e-02
Timer "SCF cycle: 4" used time: 2.570645 s.

[LSDF] xchg phases: A=0.002 s, B(K_W)=0.015 s, C(K_V)=0.315 s, E(reduce)=0.001 s
[NELEC] step = 5  nelec = 128  neInt = 128.000000  dnelc = -1.2490630752e-09
[ENERG] step = 5  eTotl = -253.68229249  eCore = -23.93913857  eCoul = 32.20275120  eExcl = -44.17703199  eNucl = -217.76887312  eDisp = 0.00000000
[ERROR] step = 5  engy error = -1.8743157426e-05  grad error =  0.0000000000e+00  dmat error =  1.5192222336e-02
Timer "SCF cycle: 5" used time: 2.550987 s.

[LSDF] xchg phases: A=0.002 s, B(K_W)=0.015 s, C(K_V)=0.182 s, E(reduce)=0.001 s
[NELEC] step = 6  nelec = 128  neInt = 128.000000  dnelc = -1.2350369616e-09
[ENERG] step = 6  eTotl = -253.68229353  eCore = -23.94226361  eCoul = 32.20779201  eExcl = -44.17894881  eNucl = -217.76887312  eDisp = 0.00000000
[ERROR] step = 6  engy error = -1.0441785037e-06  grad error =  0.0000000000e+00  dmat error =  1.7094388949e-03
Timer "SCF cycle: 6" used time: 2.446515 s.

[LSDF] xchg phases: A=0.001 s, B(K_W)=0.025 s, C(K_V)=0.190 s, E(reduce)=0.001 s
[NELEC] step = 7  nelec = 128  neInt = 128.000000  dnelc = -1.2275904737e-09
[ENERG] step = 7  eTotl = -253.68229361  eCore = -23.94324914  eCoul = 32.20924438  eExcl = -44.17941574  eNucl = -217.76887312  eDisp = 0.00000000
[ERROR] step = 7  engy error = -7.9106484918e-08  grad error =  0.0000000000e+00  dmat error =  9.2398625458e-04
Timer "SCF cycle: 7" used time: 2.526415 s.

[NELEC] step = 8  nelec = 128  neInt = 128.000000  dnelc = -1.2272352024e-09
[ENERG] step = 8  eTotl = -253.68229359  eCore = -23.94349829  eCoul = 32.20970033  eExcl = -44.17962252  eNucl = -217.76887312  eDisp = 0.00000000
[ERROR] step = 8  engy error =  1.5118814645e-08  grad error =  0.0000000000e+00  dmat error =  6.6799529555e-05
Timer "SCF cycle: 8" used time: 2.439639 s.

[NELEC] step = 9  nelec = 128  neInt = 128.000000  dnelc = -1.2269225635e-09
[ENERG] step = 9  eTotl = -253.68229360  eCore = -23.94345321  eCoul = 32.20960956  eExcl = -44.17957684  eNucl = -217.76887312  eDisp = 0.00000000
[ERROR] step = 9  engy error = -1.0012286111e-08  grad error =  0.0000000000e+00  dmat error =  3.4469223239e-05
Timer "SCF cycle: 9" used time: 2.444164 s.

[NELEC] step = 10  nelec = 128  neInt = 128.000000  dnelc = -1.2268230876e-09
[ENERG] step = 10  eTotl = -253.68229361  eCore = -23.94343664  eCoul = 32.20957593  eExcl = -44.17955978  eNucl = -217.76887312  eDisp = 0.00000000
[ERROR] step = 10  engy error = -3.9104293137e-09  grad error =  0.0000000000e+00  dmat error =  1.4657524346e-05
Timer "SCF cycle: 10" used time: 2.464518 s.

[NELEC] step = 11  nelec = 128  neInt = 128.000000  dnelc = -1.2268088767e-09
[ENERG] step = 11  eTotl = -253.68229361  eCore = -23.94343467  eCoul = 32.20957249  eExcl = -44.17955831  eNucl = -217.76887312  eDisp = 0.00000000
[ERROR] step = 11  engy error = -4.5008619054e-10  grad error =  0.0000000000e+00  dmat error =  9.9441795506e-07
SCF converged in 11 steps.
[LSDF] xchg_d10: ISDF-robust path (K_V + K_V~ - K_IP)
[GRADIENT] SCF type: GRKS | atoms: 16 | DOF: 48 | time: 34.095 s
  Atom   0:  -9.2393979988e-05  -5.7236545306e-05  -4.1656173886e-05
  Atom   1:   1.5252600643e-03   7.7377278176e-04   4.6605015167e-04
  Atom   2:  -9.6991491320e-05  -6.5463113958e-05   4.9664933356e-06
  Atom   3:   4.2097921972e-04   2.1144230201e-04  -2.7123694156e-04
  Atom   4:  -9.0332263143e-05  -1.0361642473e-05  -4.8481197545e-05
  Atom   5:   4.2181752059e-04  -4.5223788029e-04   1.2716746355e-04
  Atom   6:  -6.4594091772e-05  -2.2763328748e-05  -8.9892698787e-06
  Atom   7:   1.1951450474e-04  -6.2000121565e-05  -3.7675536195e-05
  Atom   8:  -7.9252534600e-05  -1.1006672011e-05  -9.8942797132e-07
  Atom   9:  -9.1039868885e-04   2.1282897337e-04   1.2763386096e-04
  Atom  10:  -1.2311454294e-04   4.8721496344e-05  -8.4388324480e-05
  Atom  11:  -1.2264875960e-04   6.0621219382e-05  -3.7846871841e-05
  Atom  12:  -1.6698208001e-04  -1.4246768644e-04   1.1051111171e-04
  Atom  13:  -1.2224666328e-04  -6.1220140041e-05   3.6711285704e-05
  Atom  14:  -2.5664895754e-04  -2.3868787868e-04  -2.3230010104e-04
  Atom  15:  -3.6417626351e-04  -1.8336938856e-04  -1.1002374140e-04
[OPT] step = 0  energy = -253.6822936090  dE =               N/A  grad_max =  1.5252600643e-03  grad_rms =  3.3153295288e-04
[OPT] Geometry optimization did not converge in 1 steps.
Kylin-PBC Done.
Timer "Kylin-PBC main" used time: 67.85392 s.
