Kylin-PBC: v1.0.0

System time = 2026-06-28 02:30:04

OMP threads = 32

KYLIN_PBC_ROOT = "/home/rudin/code/kylin-pbc"
KYLIN_SCR_PATH = "/tmp"
KYLIN_JOB_PATH = "/home/rudin/code/kylin-pbc/art/example/scaling/cip-Si16-HSE06/full/c60"

SCF.xcfun                      = HSE06
SCF.basis                      = dzvp-sr
SCF.psudo                      = gth-pbe
SCF.kmesh                      = 1 1 1
SCF.gmesh                      = 5.0e-01
SCF.ispin                      = OFF
SCF.dspin                      = 0
SCF.eps_engy                   = 1.0e-06 [AU]
SCF.eps_grad                   = 1.0e-05 [AU]
SCF.eps_dmat                   = 1.0e-03
SCF.chk_load                   = 
SCF.chk_save                   = 
SCF.scf_guess                  = ATOM
SCF.max_cycle                  = 100
SCF.vdw_method                 = NONE
SCF.coul_method                = MGDF
SCF.xchg_method                = LSDF
SCF.xchg_exxocc                = OFF
SCF.xchg_exxace                = NONE
SCF.xchg_robust                = FULL
SCF.xchg_exxdiv                = NONE
SCF.xchg_dropG0                = OFF
SCF.lsdf_cparam                = 60
SCF.lsdf_mparam                = 5
SCF.lsdf_ipslct                = QRCP
SCF.lsdf_chocut                = 1.0e-08
SCF.lsdf_atmcut                = 2.5e+01
SCF.lsdf_aovcut                = 1.0e-07
SCF.lsdf_swzcut                = 0.0e+00
SCF.lsdf_pnocut                = 0.0e+00
SCF.lsdf_nafcut                = 0.0e+00
SCF.mgdf_ntasks                = 4
SCF.mgdf_kratio                = 3.0e+00
SCF.mgdf_cutoff                = 3.0e+02 [AU]
SCF.mgdf_relcut                = 3.0e+01
SCF.mgdf_prprec                = 1.0e-14
SCF.dmx_mix_method             = NONE
SCF.dmx_mix_start              = 1
SCF.dmx_mix_space              = 8
SCF.dmx_mix_alpha              = 3.0e-01
SCF.rho_mix_method             = NONE
SCF.rho_mix_start              = 1
SCF.rho_mix_space              = 8
SCF.rho_mix_alpha              = 3.0e-01
SCF.hks_mix_method             = BROY
SCF.hks_mix_start              = 1
SCF.hks_mix_space              = 8
SCF.hks_mix_alpha              = 3.0e-01
SCF.damp_factor                = 0.0e+00
SCF.level_shift                = 0.0e+00 [AU]
SCF.smear_method               = NONE
SCF.smear_sigma                = 0.0e+00 [AU]
SCF.soc                        = OFF
SCF.soc_window                 = 1.8e+00 [AU]
SCF.print_bandgap              = OFF
SCF.print_time                 = OFF

OPT.opt_method                 = BFGS
OPT.max_cycle                  = 1
OPT.eps_engy                   = 4.0e-06 [AU]
OPT.eps_grad                   = 4.0e-04 [AU]
OPT.trust_limit                = 3.0e-01 [AU]
OPT.damp_factor                = 0.0e+00
OPT.opt_mix_method             = NONE
OPT.opt_mix_start              = 1
OPT.opt_mix_space              = 5
OPT.opt_mix_alpha              = 3.0e-01
OPT.neb_method                 = FIRE
OPT.neb_lclimb                 = ON
OPT.neb_interp                 = IDPP
OPT.neb_nimage                 = 5
OPT.neb_spring                 = 1.0e-02 [AU]
OPT.neb_maxstep                = 7.6e-02 [AU]

PROP.calculation               = NONE
FREQ.freq_method               = FREE2
FREQ.fd_stepsize               = 2.8e-02 [AU]
DOS.dos_method                 = GAUSS
DOS.dos_sigma                  = 3.7e-03 [AU]
DOS.dos_npoint                 = 1001
DOS.dos_emin                   = 0.0e+00 [AU]
DOS.dos_emax                   = 0.0e+00 [AU]

OPT.mdx_ensemble               = NVE
OPT.mdx_thermostat             = NHC
OPT.mdx_max_step               = 0
OPT.mdx_timestep               = 4.0e+01 [AU]
OPT.mdx_temperature            = 9.5e-04 [AU]
OPT.mdx_pressure               = 0.0e+00 [AU]
OPT.mdx_thermo_tau             = 4.0e+03 [AU]
OPT.mdx_baro_tau               = 2.0e+04 [AU]
OPT.mdx_nhc_length             = 3
OPT.mdx_nhc_mts                = 3
OPT.mdx_constraint             = OFF
OPT.mdx_constraint_tol         = 1.0e-10
OPT.mdx_rng_seed               = 42

K-points mesh = 1 1 1

xc functional: "HSE06"
is hybrid: YES
HFX coeff: 0.25

Basis Set Name: "dzvp-sr"
number of shell = 48
number of basis = 208
gmesh = 29 29 57

Pseudopotential Name: "gth-pbe"
number of valence electron = 64

OPT Calculation.

==============================================================
                   Geometry Optimization                      
==============================================================
  method      = BFGS
  max_cycle   = 1
  eps_engy    = 4.000000e-06
  eps_grad    = 4.000000e-04
  trust_limit = 0.300000
  natom       = 16
  nfree       = 48 / 48
==============================================================

--------------------------------------------------------------
  OPT step 0
--------------------------------------------------------------
[OPT] Cell structure (Angstrom):
       5.43100000       0.00000000       0.00000000
       0.00000000       5.43100000       0.00000000
       0.00000000       0.00000000      10.86200000

Cart
Si         0.00000000       0.00000000       0.00000000   T T T
Si         0.00000000       2.71550000       2.71550000   T T T
Si         2.71550000       0.00000000       2.71550000   T T T
Si         2.71550000       2.71550000       0.00000000   T T T
Si         1.35775000       1.35775000       1.35775000   T T T
Si         1.35775000       4.07325000       4.07325000   T T T
Si         4.07325000       1.35775000       4.07325000   T T T
Si         4.07325000       4.07325000       1.35775000   T T T
Si         0.00000000       0.00000000       5.43100000   T T T
Si         0.00000000       2.71550000       8.14650000   T T T
Si         2.71550000       0.00000000       8.14650000   T T T
Si         2.71550000       2.71550000       5.43100000   T T T
Si         1.35775000       1.35775000       6.78875000   T T T
Si         1.35775000       4.07325000       9.50425000   T T T
Si         4.07325000       1.35775000       9.50425000   T T T
Si         4.07325000       4.07325000       6.78875000   T T T

[OPT] Cell written to /home/rudin/code/kylin-pbc/art/example/scaling/cip-Si16-HSE06/full/c60/opt_img/cell_opt_0.txt
[LSDF] gmesh = (29, 29, 57), ngrid = 47937, naofn = 208, natom = 16
Timer "[LSDF] Voronoi partition" used time: 0.001262 s.
Timer "[LSDF] AO evaluation + screening" used time: 0.166721 s.
[LSDF] IP method: randomized QRCP (c=60, m=5)
[LSDF] total IPs selected: 12560 (26.2011% of grid)
Timer "[LSDF] IP selection" used time: 0.510624 s.
Timer "[LSDF] aux basis fitting" used time: 0.115043 s.
[LSDF] Step 5 diagnostics: natom=16, ngrid=47937, naux_total=12560
[LSDF]   OMP threads=32, MKL threads=32
[LSDF]   Vmat_loc total size: 12560 x 47937 = 4.49 GB
Timer "[LSDF]   5a Vmat_loc alloc+FFT" used time: 0.481477 s.
[LSDF]   W size: 12560 x 12560 = 1203.56 MB, max_npart=3140
Timer "[LSDF]   5b W construction (DGEMM)" used time: 0.236672 s.
Timer "[LSDF]   5c Wmat symmetrize" used time: 0.091786 s.
[LSDF]   robust_mode=FULL: keeping Vmat_loc (4.49 GB) in atom ordering
Timer "[LSDF] V/W construction" used time: 0.810058 s.
[LSDF] xchg phases: A=0.002 s, B(K_W)=0.102 s, C(K_V)=0.198 s, E(reduce)=0.001 s
[NELEC] step = 0  nelec = 64  neInt = 64.000000  dnelc =  2.1927348826e-11
[ENERG] step = 0  eTotl = -62.95986903  eCore = 19.62269416  eCoul = 4.69090466  eExcl = -20.09006561  eNucl = -67.18340225  eDisp = 0.00000000
[ERROR] step = 0  engy error =  0.0000000000e+00  grad error =  0.0000000000e+00  dmat error =  0.0000000000e+00
Timer "SCF cycle: 0" used time: 1.298126 s.

[LSDF] xchg phases: A=0.001 s, B(K_W)=0.099 s, C(K_V)=0.270 s, E(reduce)=0.001 s
[NELEC] step = 1  nelec = 64  neInt = 64.000000  dnelc =  2.8990143619e-11
[ENERG] step = 1  eTotl = -63.16699082  eCore = 19.34636652  eCoul = 4.50595216  eExcl = -19.83590724  eNucl = -67.18340225  eDisp = 0.00000000
[ERROR] step = 1  engy error = -2.0712178363e-01  grad error =  0.0000000000e+00  dmat error =  1.1563091708e+00
Timer "SCF cycle: 1" used time: 1.352663 s.

[LSDF] xchg phases: A=0.001 s, B(K_W)=0.078 s, C(K_V)=0.288 s, E(reduce)=0.001 s
[NELEC] step = 2  nelec = 64  neInt = 64.000000  dnelc =  2.9345414987e-11
[ENERG] step = 2  eTotl = -63.17257943  eCore = 19.32256779  eCoul = 4.54429323  eExcl = -19.85603820  eNucl = -67.18340225  eDisp = 0.00000000
[ERROR] step = 2  engy error = -5.5886146760e-03  grad error =  0.0000000000e+00  dmat error =  1.7025680780e-02
Timer "SCF cycle: 2" used time: 1.342326 s.

[LSDF] xchg phases: A=0.001 s, B(K_W)=0.075 s, C(K_V)=0.284 s, E(reduce)=0.001 s
[NELEC] step = 3  nelec = 64  neInt = 64.000000  dnelc =  3.0169644560e-11
[ENERG] step = 3  eTotl = -63.17846163  eCore = 19.27690929  eCoul = 4.62972961  eExcl = -19.90169829  eNucl = -67.18340225  eDisp = 0.00000000
[ERROR] step = 3  engy error = -5.8822016952e-03  grad error =  0.0000000000e+00  dmat error =  4.1778059741e-02
Timer "SCF cycle: 3" used time: 1.360878 s.

[LSDF] xchg phases: A=0.001 s, B(K_W)=0.079 s, C(K_V)=0.260 s, E(reduce)=0.001 s
[NELEC] step = 4  nelec = 64  neInt = 64.000000  dnelc =  3.0070168577e-11
[ENERG] step = 4  eTotl = -63.17852235  eCore = 19.28145152  eCoul = 4.62364719  eExcl = -19.90021881  eNucl = -67.18340225  eDisp = 0.00000000
[ERROR] step = 4  engy error = -6.0713652331e-05  grad error =  0.0000000000e+00  dmat error =  6.1804953742e-03
Timer "SCF cycle: 4" used time: 1.320242 s.

[LSDF] xchg phases: A=0.001 s, B(K_W)=0.078 s, C(K_V)=0.277 s, E(reduce)=0.001 s
[NELEC] step = 5  nelec = 64  neInt = 64.000000  dnelc =  3.0098590287e-11
[ENERG] step = 5  eTotl = -63.17852396  eCore = 19.28164604  eCoul = 4.62352715  eExcl = -19.90029490  eNucl = -67.18340225  eDisp = 0.00000000
[ERROR] step = 5  engy error = -1.6144329820e-06  grad error =  0.0000000000e+00  dmat error =  6.4675312409e-04
Timer "SCF cycle: 5" used time: 1.335450 s.

[LSDF] xchg phases: A=0.001 s, B(K_W)=0.079 s, C(K_V)=0.271 s, E(reduce)=0.001 s
[NELEC] step = 6  nelec = 64  neInt = 64.000000  dnelc =  3.0084379432e-11
[ENERG] step = 6  eTotl = -63.17852447  eCore = 19.28150009  eCoul = 4.62396251  eExcl = -19.90058482  eNucl = -67.18340225  eDisp = 0.00000000
[ERROR] step = 6  engy error = -5.1121583056e-07  grad error =  0.0000000000e+00  dmat error =  4.8224192777e-04
SCF converged in 6 steps.
[LSDF] xchg_d10: ISDF-robust path (K_V + K_V~ - K_IP)
[GRADIENT] SCF type: GRKS | atoms: 16 | DOF: 48 | time: 15.073 s
  Atom   0:   3.3213045637e-13   1.4294058266e-12  -2.5015510798e-12
  Atom   1:   5.8576829924e-13   1.7989897045e-12   3.5062002368e-07
  Atom   2:  -4.7118201027e-12   1.8180257494e-12   3.5061216104e-07
  Atom   3:  -8.3525165748e-13   1.8035647324e-12   3.8359482052e-12
  Atom   4:  -4.1537520047e-07  -4.1538406781e-07   9.1824821131e-07
  Atom   5:  -4.1974009461e-07   4.1974560925e-07   9.9743488258e-07
  Atom   6:   4.1973308338e-07  -4.1973641548e-07   9.9742431275e-07
  Atom   7:   4.1538002892e-07   4.1537675787e-07   9.1824158136e-07
  Atom   8:  -2.1327006802e-12   3.2474471102e-12  -6.7181674352e-13
  Atom   9:   2.8861525278e-12  -8.9709266206e-14  -3.5062199127e-07
  Atom  10:  -7.9693373550e-12   9.1388709585e-12  -3.5062164369e-07
  Atom  11:   7.5865262628e-13  -9.4505472794e-13  -1.3310158999e-11
  Atom  12:  -4.1974323337e-07  -4.1973555344e-07  -9.9742472579e-07
  Atom  13:  -4.1538038997e-07   4.1539514025e-07  -9.1823957350e-07
  Atom  14:   4.1537865624e-07  -4.1539228110e-07  -9.1824737484e-07
  Atom  15:   4.1973931073e-07   4.1973617571e-07  -9.9742229025e-07
[OPT] step = 0  energy = -63.1785244711  dE =               N/A  grad_max =  9.9743488258e-07  grad_rms =  4.7067439709e-07
[OPT] Geometry optimization did not converge in 1 steps.
Kylin-PBC Done.
Timer "Kylin-PBC main" used time: 27.13251 s.
