Kylin-PBC: v1.0.0

System time = 2026-10-01 12:22:38

OMP threads = 32

KYLIN_PBC_ROOT = "/home/rudin/code/kylin-pbc"
KYLIN_SCR_PATH = "/tmp"
KYLIN_JOB_PATH = "/home/rudin/tmp-review-basis/MgO16/tzv2p_naive"

SCF.xcfun                      = HSE06
SCF.basis                      = tzv2p
SCF.psudo                      = gth-pbe
SCF.kmesh                      = 1 1 1
SCF.gmesh                      = 5.0e-01
SCF.ispin                      = OFF
SCF.dspin                      = 0
SCF.eps_engy                   = 3.7e-09 [AU]
SCF.eps_grad                   = 1.0e-05 [AU]
SCF.eps_dmat                   = 1.0e-03
SCF.chk_load                   = 
SCF.chk_save                   = 
SCF.scf_guess                  = ATOM
SCF.max_cycle                  = 200
SCF.vdw_method                 = NONE
SCF.coul_method                = MGDF
SCF.xchg_method                = LSDF
SCF.xchg_exxocc                = OFF
SCF.xchg_exxace                = NONE
SCF.xchg_robust                = NONE
SCF.xchg_exxdiv                = EWALD
SCF.xchg_dropG0                = ON
SCF.lsdf_cparam                = 30
SCF.lsdf_mparam                = 5
SCF.lsdf_ipslct                = QRCP
SCF.lsdf_chocut                = 1.0e-08
SCF.lsdf_atmcut                = 2.5e+01
SCF.lsdf_aovcut                = 1.0e-07
SCF.lsdf_swzcut                = 0.0e+00
SCF.lsdf_pnocut                = 0.0e+00
SCF.lsdf_nafcut                = 0.0e+00
SCF.mgdf_ntasks                = 4
SCF.mgdf_kratio                = 3.0e+00
SCF.mgdf_cutoff                = 3.0e+02 [AU]
SCF.mgdf_relcut                = 3.0e+01
SCF.mgdf_prprec                = 1.0e-14
SCF.dmx_mix_method             = NONE
SCF.dmx_mix_start              = 1
SCF.dmx_mix_space              = 8
SCF.dmx_mix_alpha              = 3.0e-01
SCF.rho_mix_method             = NONE
SCF.rho_mix_start              = 1
SCF.rho_mix_space              = 8
SCF.rho_mix_alpha              = 3.0e-01
SCF.hks_mix_method             = BROY
SCF.hks_mix_start              = 1
SCF.hks_mix_space              = 8
SCF.hks_mix_alpha              = 3.0e-01
SCF.damp_factor                = 0.0e+00
SCF.level_shift                = 0.0e+00 [AU]
SCF.smear_method               = NONE
SCF.smear_sigma                = 0.0e+00 [AU]
SCF.soc                        = OFF
SCF.soc_window                 = 1.8e+00 [AU]
SCF.print_bandgap              = OFF
SCF.print_time                 = OFF

OPT.opt_method                 = BFGS
OPT.max_cycle                  = 1
OPT.eps_engy                   = 4.0e-06 [AU]
OPT.eps_grad                   = 4.0e-04 [AU]
OPT.trust_limit                = 3.0e-01 [AU]
OPT.damp_factor                = 0.0e+00
OPT.opt_mix_method             = NONE
OPT.opt_mix_start              = 1
OPT.opt_mix_space              = 5
OPT.opt_mix_alpha              = 3.0e-01
OPT.neb_method                 = FIRE
OPT.neb_lclimb                 = ON
OPT.neb_interp                 = IDPP
OPT.neb_nimage                 = 5
OPT.neb_spring                 = 1.0e-02 [AU]
OPT.neb_maxstep                = 7.6e-02 [AU]

PROP.calculation               = NONE
FREQ.freq_method               = FREE2
FREQ.fd_stepsize               = 2.8e-02 [AU]
DOS.dos_method                 = GAUSS
DOS.dos_sigma                  = 3.7e-03 [AU]
DOS.dos_npoint                 = 1001
DOS.dos_emin                   = 0.0e+00 [AU]
DOS.dos_emax                   = 0.0e+00 [AU]

OPT.mdx_ensemble               = NVE
OPT.mdx_thermostat             = NHC
OPT.mdx_max_step               = 0
OPT.mdx_timestep               = 4.0e+01 [AU]
OPT.mdx_temperature            = 9.5e-04 [AU]
OPT.mdx_pressure               = 0.0e+00 [AU]
OPT.mdx_thermo_tau             = 4.0e+03 [AU]
OPT.mdx_baro_tau               = 2.0e+04 [AU]
OPT.mdx_nhc_length             = 3
OPT.mdx_nhc_mts                = 3
OPT.mdx_constraint             = OFF
OPT.mdx_constraint_tol         = 1.0e-10
OPT.mdx_rng_seed               = 42

K-points mesh = 1 1 1

xc functional: "HSE06"
is hybrid: YES
HFX coeff: 0.25

Basis Set Name: "tzv2p"
number of shell = 56
number of basis = 376
gmesh = 104 104 206

Pseudopotential Name: "gth-pbe"
number of valence electron = 128

OPT Calculation.

==============================================================
                   Geometry Optimization                      
==============================================================
  method      = BFGS
  max_cycle   = 1
  eps_engy    = 4.000000e-06
  eps_grad    = 4.000000e-04
  trust_limit = 0.300000
  natom       = 16
  nfree       = 48 / 48
==============================================================

--------------------------------------------------------------
  OPT step 0
--------------------------------------------------------------
[OPT] Cell structure (Angstrom):
       4.21700000       0.00000000       0.00000000
       0.00000000       4.21700000       0.00000000
       0.00000000       0.00000000       8.43400000

Cart
Mg         0.00000000       0.00000000       0.00000000   T T T
Mg         0.10000000       2.15850000       2.13850000   T T T
Mg         2.10850000       0.00000000       2.10850000   T T T
Mg         2.10850000       2.10850000       0.00000000   T T T
O          2.10850000       2.10850000       2.10850000   T T T
O          2.10850000       4.21700000       4.21700000   T T T
O          4.21700000       2.10850000       4.21700000   T T T
O          4.21700000       4.21700000       2.10850000   T T T
Mg         0.00000000       0.00000000       4.21700000   T T T
Mg         0.00000000       2.10850000       6.32550000   T T T
Mg         2.10850000       0.00000000       6.32550000   T T T
Mg         2.10850000       2.10850000       4.21700000   T T T
O          2.10850000       2.10850000       6.32550000   T T T
O          2.10850000       4.21700000       8.43400000   T T T
O          4.21700000       2.10850000       8.43400000   T T T
O          4.21700000       4.21700000       6.32550000   T T T

[OPT] Cell written to /home/rudin/tmp-review-basis/MgO16/tzv2p_naive/opt_img/cell_opt_0.txt
[LSDF] gmesh = (104, 104, 206), ngrid = 2228096, naofn = 376, natom = 16
Timer "[LSDF] Voronoi partition" used time: 0.025638 s.
Timer "[LSDF] AO evaluation + screening" used time: 9.785400 s.
[LSDF] IP method: randomized QRCP (c=30, m=5)
[LSDF] total IPs selected: 11360 (0.5099% of grid)
Timer "[LSDF] IP selection" used time: 53.45846 s.
Timer "[LSDF] aux basis fitting" used time: 8.736149 s.
[LSDF] Step 5 diagnostics: natom=16, ngrid=2228096, naux_total=11360
[LSDF]   OMP threads=32, MKL threads=32
[LSDF]   Vmat_loc total size: 11360 x 2228096 = 188.58 GB
Timer "[LSDF]   5a Vmat_loc alloc+FFT" used time: 15.43808 s.
[LSDF]   W size: 11360 x 11360 = 984.57 MB, max_npart=143312
Timer "[LSDF]   5b W construction (DGEMM)" used time: 10.89291 s.
Timer "[LSDF]   5c Wmat symmetrize" used time: 0.057117 s.
[LSDF]   robust_mode=NONE: freeing Vmat_loc
Timer "[LSDF] V/W construction" used time: 33.37122 s.
[LSDF] xchg phases: A=0.010 s, B(K_W)=0.131 s, C(K_V)=0.000 s, E(reduce)=0.001 s
[NELEC] step = 0  nelec = 128  neInt = 128.000000  dnelc =  1.9225467440e-08
[ENERG] step = 0  eTotl = -633.85047276  eCore = -313.27479411  eCoul = 147.69193365  eExcl = -89.75237272  eNucl = -378.51523958  eDisp = 0.00000000
[ERROR] step = 0  engy error =  0.0000000000e+00  grad error =  0.0000000000e+00  dmat error =  0.0000000000e+00
Timer "SCF cycle: 0" used time: 2.376522 s.

[LSDF] xchg phases: A=0.002 s, B(K_W)=0.077 s, C(K_V)=0.000 s, E(reduce)=0.001 s
[NELEC] step = 1  nelec = 128  neInt = 128.000000  dnelc =  9.0205304559e-08
[ENERG] step = 1  eTotl = -633.03318185  eCore = -376.74517700  eCoul = 226.69647121  eExcl = -104.46923648  eNucl = -378.51523958  eDisp = 0.00000000
[ERROR] step = 1  engy error =  8.1729090493e-01  grad error =  0.0000000000e+00  dmat error =  6.8133935762e+00
Timer "SCF cycle: 1" used time: 2.209190 s.

[LSDF] xchg phases: A=0.002 s, B(K_W)=0.079 s, C(K_V)=0.000 s, E(reduce)=0.001 s
[NELEC] step = 2  nelec = 128  neInt = 128.000000  dnelc =  5.8648907952e-08
[ENERG] step = 2  eTotl = -634.71191714  eCore = -368.76755640  eCoul = 214.01312799  eExcl = -101.44224915  eNucl = -378.51523958  eDisp = 0.00000000
[ERROR] step = 2  engy error = -1.6787352924e+00  grad error =  0.0000000000e+00  dmat error =  4.7321838471e+00
Timer "SCF cycle: 2" used time: 2.160940 s.

[LSDF] xchg phases: A=0.002 s, B(K_W)=0.085 s, C(K_V)=0.000 s, E(reduce)=0.001 s
[NELEC] step = 3  nelec = 128  neInt = 128.000000  dnelc =  1.9163024945e-08
[ENERG] step = 3  eTotl = -635.37380057  eCore = -358.98860073  eCoul = 200.74403142  eExcl = -98.61399167  eNucl = -378.51523958  eDisp = 0.00000000
[ERROR] step = 3  engy error = -6.6188342378e-01  grad error =  0.0000000000e+00  dmat error =  3.0441630919e+00
Timer "SCF cycle: 3" used time: 2.171910 s.

[LSDF] xchg phases: A=0.002 s, B(K_W)=0.077 s, C(K_V)=0.000 s, E(reduce)=0.001 s
[NELEC] step = 4  nelec = 128  neInt = 128.000000  dnelc =  1.1540663536e-08
[ENERG] step = 4  eTotl = -635.39221255  eCore = -357.32671251  eCoul = 198.77145085  eExcl = -98.32171131  eNucl = -378.51523958  eDisp = 0.00000000
[ERROR] step = 4  engy error = -1.8411986861e-02  grad error =  0.0000000000e+00  dmat error =  4.9284993962e-01
Timer "SCF cycle: 4" used time: 2.186682 s.

[LSDF] xchg phases: A=0.002 s, B(K_W)=0.077 s, C(K_V)=0.000 s, E(reduce)=0.001 s
[NELEC] step = 5  nelec = 128  neInt = 128.000000  dnelc =  1.4467701703e-08
[ENERG] step = 5  eTotl = -635.39575699  eCore = -358.02123156  eCoul = 199.66288415  eExcl = -98.52216999  eNucl = -378.51523958  eDisp = 0.00000000
[ERROR] step = 5  engy error = -3.5444355178e-03  grad error =  0.0000000000e+00  dmat error =  2.9592113059e-01
Timer "SCF cycle: 5" used time: 2.154800 s.

[LSDF] xchg phases: A=0.005 s, B(K_W)=0.085 s, C(K_V)=0.000 s, E(reduce)=0.001 s
[NELEC] step = 6  nelec = 128  neInt = 128.000000  dnelc =  1.4960590988e-08
[ENERG] step = 6  eTotl = -635.39586345  eCore = -358.09481920  eCoul = 199.74391118  eExcl = -98.52971585  eNucl = -378.51523958  eDisp = 0.00000000
[ERROR] step = 6  engy error = -1.0645879115e-04  grad error =  0.0000000000e+00  dmat error =  3.2961457635e-02
Timer "SCF cycle: 6" used time: 2.222538 s.

[LSDF] xchg phases: A=0.004 s, B(K_W)=0.095 s, C(K_V)=0.000 s, E(reduce)=0.001 s
[NELEC] step = 7  nelec = 128  neInt = 128.000000  dnelc =  1.4912615143e-08
[ENERG] step = 7  eTotl = -635.39586743  eCore = -358.08699858  eCoul = 199.73565024  eExcl = -98.52927951  eNucl = -378.51523958  eDisp = 0.00000000
[ERROR] step = 7  engy error = -3.9798511580e-06  grad error =  0.0000000000e+00  dmat error =  5.7132754840e-03
Timer "SCF cycle: 7" used time: 2.265380 s.

[NELEC] step = 8  nelec = 128  neInt = 128.000000  dnelc =  1.4891952560e-08
[ENERG] step = 8  eTotl = -635.39586803  eCore = -358.08084244  eCoul = 199.72842546  eExcl = -98.52821147  eNucl = -378.51523958  eDisp = 0.00000000
[ERROR] step = 8  engy error = -6.0148704506e-07  grad error =  0.0000000000e+00  dmat error =  4.4423419223e-03
Timer "SCF cycle: 8" used time: 2.186202 s.

[NELEC] step = 9  nelec = 128  neInt = 128.000000  dnelc =  1.4911620383e-08
[ENERG] step = 9  eTotl = -635.39586813  eCore = -358.08391661  eCoul = 199.73198443  eExcl = -98.52869638  eNucl = -378.51523958  eDisp = 0.00000000
[ERROR] step = 9  engy error = -1.0307792309e-07  grad error =  0.0000000000e+00  dmat error =  7.1481549090e-04
Timer "SCF cycle: 9" used time: 2.197075 s.

[NELEC] step = 10  nelec = 128  neInt = 128.000000  dnelc =  1.4902980183e-08
[ENERG] step = 10  eTotl = -635.39586815  eCore = -358.08205632  eCoul = 199.72975711  eExcl = -98.52832935  eNucl = -378.51523958  eDisp = 0.00000000
[ERROR] step = 10  engy error = -1.6947524273e-08  grad error =  0.0000000000e+00  dmat error =  6.8343452287e-04
Timer "SCF cycle: 10" used time: 2.262640 s.

[NELEC] step = 11  nelec = 128  neInt = 128.000000  dnelc =  1.4906902379e-08
[ENERG] step = 11  eTotl = -635.39586816  eCore = -358.08292219  eCoul = 199.73079318  eExcl = -98.52849956  eNucl = -378.51523958  eDisp = 0.00000000
[ERROR] step = 11  engy error = -5.8881823861e-09  grad error =  0.0000000000e+00  dmat error =  3.2448130139e-04
Timer "SCF cycle: 11" used time: 2.278468 s.

[NELEC] step = 12  nelec = 128  neInt = 128.000000  dnelc =  1.4906447632e-08
[ENERG] step = 12  eTotl = -635.39586816  eCore = -358.08282662  eCoul = 199.73067838  eExcl = -98.52848033  eNucl = -378.51523958  eDisp = 0.00000000
[ERROR] step = 12  engy error = -1.0868461686e-10  grad error =  0.0000000000e+00  dmat error =  2.9304694118e-05
SCF converged in 12 steps.
[LSDF] xchg_d10: robust_mode=NONE, no V data -> full-grid FFT path
[GRADIENT] SCF type: GRKS | atoms: 16 | DOF: 48 | time: 715.007 s
  Atom   0:   8.2174957195e-04  -1.0628466263e-03  -7.7786773227e-04
  Atom   1:   1.9258931927e-02   1.2237402928e-02   9.5086604435e-03
  Atom   2:  -5.6441079769e-03  -2.8948936553e-03   1.2377189669e-03
  Atom   3:  -2.4339606273e-03   4.6673554074e-04  -4.2533204606e-04
  Atom   4:  -3.0505031156e-03  -1.7957302302e-03  -1.9457524192e-03
  Atom   5:   7.4695154503e-04   3.8258074205e-04   3.0043688722e-04
  Atom   6:  -2.6029332856e-03  -1.2956429253e-03  -3.7086787653e-04
  Atom   7:  -3.7182178668e-03  -1.1227281912e-03  -1.9901215804e-03
  Atom   8:   8.9118082972e-04  -9.5292844842e-04  -7.5883987347e-04
  Atom   9:  -1.4274447027e-04  -7.3601735756e-05  -1.0728792316e-03
  Atom  10:   9.3894485095e-05   4.1634104546e-05  -6.8533754253e-04
  Atom  11:  -2.9303131030e-03   6.5762862783e-04  -1.2402803123e-03
  Atom  12:  -1.9193004968e-04   8.9292316147e-05   9.0711052688e-04
  Atom  13:   6.2725733588e-04   3.1262699301e-04  -9.3934370592e-06
  Atom  14:  -2.3839483794e-03  -1.1913883839e-03  -5.5135667526e-04
  Atom  15:   1.5061602188e-04  -9.3605535276e-05   9.0006753790e-04
[OPT] step = 0  energy = -635.3958681565  dE =               N/A  grad_max =  1.9258931927e-02  grad_rms =  3.9009204153e-03
[OPT] Geometry optimization did not converge in 1 steps.
Kylin-PBC Done.
Timer "Kylin-PBC main" used time: 855.2661 s.
