[MGDF_DIAG] gmesh = 83 83 163  (ngrid=1122907)
[MGDF_DIAG] level 0  mesh=17 17 33  ngrid=9537  tasks=11328
[MGDF_DIAG] level 1  mesh=29 29 55  ngrid=46255  tasks=7676
[MGDF_DIAG] level 2  mesh=49 49 95  ngrid=228095  tasks=4197
[MGDF_DIAG] level 3  mesh=83 83 163  ngrid=1122907  tasks=0
[MGDF_DIAG] atom_pairs_kept=23201  rejected: atom=27360 set=0 pgf=71118 radius=1041
[MGDF_DIAG] max_pair_radius=15.7373  max_pgf_rcut=14.1991  total_pairs=23201  precision_colloc=1e-14  precision_screen=1e-07
OMP: Warning #226: KMP_AFFINITY must be set prior to first parallel region or certain API calls; ignored.
  [bwd-lev0] integ=0.0157759s  tasks=11328  us/pair=44.5647  grid=0.0727615MB
  [bwd-lev1] integ=0.011451s  tasks=7676  us/pair=47.7374  grid=0.352898MB
  [bwd-lev2] integ=0.00837302s  tasks=4197  us/pair=63.8401  grid=1.74023MB
  [bwd] fft=0.00395226s  integ=0.0355999s  reduce=0.000123024s
  [fwd-lev0] colloc=0.0131888s  tasks=11328  us/pair=37.2566  grid=0.0727615MB
  [fwd-lev1] colloc=0.00812316s  tasks=7676  us/pair=33.8641  grid=0.352898MB
  [fwd-lev2] colloc=0.00643802s  tasks=4197  us/pair=49.0866  grid=1.74023MB
  [fwd] colloc=0.02775s  reduce=0.000538826s  fft=0.00258613s
  [bwd-lev0] integ=0.0431159s  tasks=11328  us/pair=121.796  grid=0.0727615MB
  [bwd-lev1] integ=0.0253639s  tasks=7676  us/pair=105.738  grid=0.352898MB
  [bwd-lev2] integ=0.0166881s  tasks=4197  us/pair=127.238  grid=1.74023MB
  [bwd] fft=0.00806713s  integ=0.0851679s  reduce=0.000234127s
  [fwd-lev0] colloc=0.0210559s  tasks=11328  us/pair=59.48  grid=0.0727615MB
  [fwd-lev1] colloc=0.0120749s  tasks=7676  us/pair=50.3385  grid=0.352898MB
  [fwd-lev2] colloc=0.0080688s  tasks=4197  us/pair=61.5205  grid=1.74023MB
  [fwd] colloc=0.0411997s  reduce=0.000360012s  fft=0.00214601s
  [bwd-lev0] integ=0.0440991s  tasks=11328  us/pair=124.574  grid=0.0727615MB
  [bwd-lev1] integ=0.025532s  tasks=7676  us/pair=106.439  grid=0.352898MB
  [bwd-lev2] integ=0.016784s  tasks=4197  us/pair=127.969  grid=1.74023MB
  [bwd] fft=0.00725913s  integ=0.0864151s  reduce=0.000155926s
  [fwd-lev0] colloc=0.0229979s  tasks=11328  us/pair=64.9657  grid=0.0727615MB
  [fwd-lev1] colloc=0.0131011s  tasks=7676  us/pair=54.6164  grid=0.352898MB
  [fwd-lev2] colloc=0.00877905s  tasks=4197  us/pair=66.9358  grid=1.74023MB
  [fwd] colloc=0.044878s  reduce=0.000335932s  fft=0.00269103s
  [bwd-lev0] integ=0.0437369s  tasks=11328  us/pair=123.551  grid=0.0727615MB
  [bwd-lev1] integ=0.025219s  tasks=7676  us/pair=105.134  grid=0.352898MB
  [bwd-lev2] integ=0.0166519s  tasks=4197  us/pair=126.962  grid=1.74023MB
  [bwd] fft=0.00650287s  integ=0.0856078s  reduce=0.000157118s
  [fwd-lev0] colloc=0.0228171s  tasks=11328  us/pair=64.4552  grid=0.0727615MB
  [fwd-lev1] colloc=0.0130198s  tasks=7676  us/pair=54.2774  grid=0.352898MB
  [fwd-lev2] colloc=0.00873995s  tasks=4197  us/pair=66.6377  grid=1.74023MB
  [fwd] colloc=0.0445769s  reduce=0.000360012s  fft=0.00285625s
  [bwd-lev0] integ=0.0447681s  tasks=11328  us/pair=126.464  grid=0.0727615MB
  [bwd-lev1] integ=0.025645s  tasks=7676  us/pair=106.91  grid=0.352898MB
  [bwd-lev2] integ=0.0166719s  tasks=4197  us/pair=127.115  grid=1.74023MB
  [bwd] fft=0.00775003s  integ=0.087085s  reduce=0.000167131s
  [fwd-lev0] colloc=0.0226719s  tasks=11328  us/pair=64.045  grid=0.0727615MB
  [fwd-lev1] colloc=0.0129509s  tasks=7676  us/pair=53.9902  grid=0.352898MB
  [fwd-lev2] colloc=0.00870895s  tasks=4197  us/pair=66.4014  grid=1.74023MB
  [fwd] colloc=0.0443318s  reduce=0.000337362s  fft=0.00213981s
  [bwd-lev0] integ=0.0435579s  tasks=11328  us/pair=123.045  grid=0.0727615MB
  [bwd-lev1] integ=0.02546s  tasks=7676  us/pair=106.139  grid=0.352898MB
  [bwd-lev2] integ=0.0166311s  tasks=4197  us/pair=126.804  grid=1.74023MB
  [bwd] fft=0.00661182s  integ=0.085649s  reduce=0.000158787s
  [fwd-lev0] colloc=0.022727s  tasks=11328  us/pair=64.2006  grid=0.0727615MB
  [fwd-lev1] colloc=0.0130169s  tasks=7676  us/pair=54.2655  grid=0.352898MB
  [fwd-lev2] colloc=0.00869298s  tasks=4197  us/pair=66.2796  grid=1.74023MB
  [fwd] colloc=0.0444369s  reduce=0.000363111s  fft=0.00267696s
  [bwd-lev0] integ=0.0377848s  tasks=11328  us/pair=106.737  grid=0.0727615MB
  [bwd-lev1] integ=0.0233881s  tasks=7676  us/pair=97.5014  grid=0.352898MB
  [bwd-lev2] integ=0.015548s  tasks=4197  us/pair=118.546  grid=1.74023MB
  [bwd] fft=0.0091629s  integ=0.076721s  reduce=0.000234842s
  [fwd-lev0] colloc=0.0192978s  tasks=11328  us/pair=54.5137  grid=0.0727615MB
  [fwd-lev1] colloc=0.011059s  tasks=7676  us/pair=46.1034  grid=0.352898MB
  [fwd-lev2] colloc=0.00736594s  tasks=4197  us/pair=56.1616  grid=1.74023MB
  [fwd] colloc=0.0377228s  reduce=0.000328302s  fft=0.00189567s
  [bwd-lev0] integ=0.044163s  tasks=11328  us/pair=124.754  grid=0.0727615MB
  [bwd-lev1] integ=0.025737s  tasks=7676  us/pair=107.294  grid=0.352898MB
  [bwd-lev2] integ=0.0168421s  tasks=4197  us/pair=128.413  grid=1.74023MB
  [bwd] fft=0.00659513s  integ=0.0867422s  reduce=0.000159025s
  [fwd-lev0] colloc=0.0226541s  tasks=11328  us/pair=63.9945  grid=0.0727615MB
  [fwd-lev1] colloc=0.0129731s  tasks=7676  us/pair=54.0826  grid=0.352898MB
  [fwd-lev2] colloc=0.00870395s  tasks=4197  us/pair=66.3632  grid=1.74023MB
  [fwd] colloc=0.0443311s  reduce=0.000351191s  fft=0.00271964s
  [bwd-lev0] integ=0.0437839s  tasks=11328  us/pair=123.683  grid=0.0727615MB
  [bwd-lev1] integ=0.025408s  tasks=7676  us/pair=105.922  grid=0.352898MB
  [bwd-lev2] integ=0.0167959s  tasks=4197  us/pair=128.06  grid=1.74023MB
  [bwd] fft=0.00655103s  integ=0.0859878s  reduce=0.000153065s
  [fwd-lev0] colloc=0.0223241s  tasks=11328  us/pair=63.0624  grid=0.0727615MB
  [fwd-lev1] colloc=0.012851s  tasks=7676  us/pair=53.5737  grid=0.352898MB
  [fwd-lev2] colloc=0.0086031s  tasks=4197  us/pair=65.5943  grid=1.74023MB
  [fwd] colloc=0.0437782s  reduce=0.000353098s  fft=0.00271988s
  [bwd-lev0] integ=0.044096s  tasks=11328  us/pair=124.565  grid=0.0727615MB
  [bwd-lev1] integ=0.0255349s  tasks=7676  us/pair=106.451  grid=0.352898MB
  [bwd-lev2] integ=0.016772s  tasks=4197  us/pair=127.878  grid=1.74023MB
  [bwd] fft=0.00749135s  integ=0.0864029s  reduce=0.000155926s
  [fwd-lev0] colloc=0.0223761s  tasks=11328  us/pair=63.2092  grid=0.0727615MB
  [fwd-lev1] colloc=0.0127571s  tasks=7676  us/pair=53.1821  grid=0.352898MB
  [fwd-lev2] colloc=0.00836301s  tasks=4197  us/pair=63.7637  grid=1.74023MB
  [fwd] colloc=0.0434961s  reduce=0.000351906s  fft=0.0027318s
  [bwd-lev0] integ=0.043911s  tasks=11328  us/pair=124.042  grid=0.0727615MB
  [bwd-lev1] integ=0.025322s  tasks=7676  us/pair=105.563  grid=0.352898MB
  [bwd-lev2] integ=0.01669s  tasks=4197  us/pair=127.253  grid=1.74023MB
  [bwd] fft=0.00722599s  integ=0.085923s  reduce=0.000158072s
  [fwd-lev0] colloc=0.0218308s  tasks=11328  us/pair=61.6689  grid=0.0727615MB
  [fwd-lev1] colloc=0.0125461s  tasks=7676  us/pair=52.3025  grid=0.352898MB
  [fwd-lev2] colloc=0.00820494s  tasks=4197  us/pair=62.5585  grid=1.74023MB
  [fwd] colloc=0.0425818s  reduce=0.000359297s  fft=0.00260496s
  [bwd-lev0] integ=0.0445831s  tasks=11328  us/pair=125.941  grid=0.0727615MB
  [bwd-lev1] integ=0.025651s  tasks=7676  us/pair=106.935  grid=0.352898MB
  [bwd-lev2] integ=0.016793s  tasks=4197  us/pair=128.038  grid=1.74023MB
  [bwd] fft=0.00751686s  integ=0.0870271s  reduce=0.000158787s
  [fwd-lev0] colloc=0.022537s  tasks=11328  us/pair=63.6638  grid=0.0727615MB
  [fwd-lev1] colloc=0.012964s  tasks=7676  us/pair=54.0449  grid=0.352898MB
  [fwd-lev2] colloc=0.00861907s  tasks=4197  us/pair=65.716  grid=1.74023MB
  [fwd] colloc=0.0441201s  reduce=0.000388861s  fft=0.00274611s
  [bwd-lev0] integ=0.0423551s  tasks=11328  us/pair=119.647  grid=0.0727615MB
  [bwd-lev1] integ=0.0247369s  tasks=7676  us/pair=103.124  grid=0.352898MB
  [bwd-lev2] integ=0.0158749s  tasks=4197  us/pair=121.038  grid=1.74023MB
  [bwd] fft=0.0106609s  integ=0.0829668s  reduce=0.000155926s
  [fwd-lev0] colloc=0.0184052s  tasks=11328  us/pair=51.9921  grid=0.0727615MB
  [fwd-lev1] colloc=0.011102s  tasks=7676  us/pair=46.2823  grid=0.352898MB
  [fwd-lev2] colloc=0.00790501s  tasks=4197  us/pair=60.2717  grid=1.74023MB
  [fwd] colloc=0.0374122s  reduce=0.000394106s  fft=0.00202274s
