Kylin-PBC: v1.0.0

System time = 2026-06-24 04:06:48

OMP threads = 32

KYLIN_PBC_ROOT = "/home/rudin/code/kylin-pbc"
KYLIN_SCR_PATH = "/tmp"
KYLIN_JOB_PATH = "/home/rudin/code/kylin-pbc/art/example/internal/MgO-PBE-k333-MGDF"

SCF.xcfun                      = PBE
SCF.basis                      = dzvp-sr
SCF.psudo                      = gth-pbe
SCF.kmesh                      = 3 3 3
SCF.gmesh                      = 6.0e-01
SCF.ispin                      = OFF
SCF.dspin                      = 0
SCF.eps_engy                   = 3.7e-09 [AU]
SCF.eps_grad                   = 1.0e-05 [AU]
SCF.eps_dmat                   = 1.0e-03
SCF.chk_load                   = 
SCF.chk_save                   = 
SCF.scf_guess                  = ATOM
SCF.max_cycle                  = 200
SCF.vdw_method                 = NONE
SCF.coul_method                = MGDF
SCF.xchg_method                = LSDF
SCF.xchg_exxocc                = OFF
SCF.xchg_exxace                = NONE
SCF.xchg_robust                = TILE
SCF.xchg_exxdiv                = NONE
SCF.lsdf_cparam                = 30
SCF.lsdf_mparam                = 5
SCF.lsdf_ipslct                = QRCP
SCF.lsdf_chocut                = 1.0e-08
SCF.lsdf_atmcut                = 2.5e+01
SCF.lsdf_aovcut                = 1.0e-07
SCF.lsdf_swzcut                = 0.0e+00
SCF.lsdf_pnocut                = 0.0e+00
SCF.lsdf_nafcut                = 0.0e+00
SCF.mgdf_ntasks                = 4
SCF.mgdf_kratio                = 3.0e+00
SCF.mgdf_cutoff                = 3.0e+02 [AU]
SCF.mgdf_relcut                = 3.0e+01
SCF.mgdf_prprec                = 1.0e-14
SCF.dmx_mix_method             = NONE
SCF.dmx_mix_start              = 1
SCF.dmx_mix_space              = 8
SCF.dmx_mix_alpha              = 3.0e-01
SCF.rho_mix_method             = NONE
SCF.rho_mix_start              = 1
SCF.rho_mix_space              = 8
SCF.rho_mix_alpha              = 3.0e-01
SCF.hks_mix_method             = BROY
SCF.hks_mix_start              = 1
SCF.hks_mix_space              = 8
SCF.hks_mix_alpha              = 3.0e-01
SCF.damp_factor                = 0.0e+00
SCF.level_shift                = 0.0e+00 [AU]
SCF.smear_method               = NONE
SCF.smear_sigma                = 0.0e+00 [AU]
SCF.soc                        = OFF
SCF.soc_window                 = 1.8e+00 [AU]
SCF.print_bandgap              = OFF
SCF.print_time                 = OFF

OPT.opt_method                 = BFGS
OPT.max_cycle                  = 0
OPT.eps_engy                   = 4.0e-06 [AU]
OPT.eps_grad                   = 4.0e-04 [AU]
OPT.trust_limit                = 3.0e-01 [AU]
OPT.damp_factor                = 0.0e+00
OPT.opt_mix_method             = NONE
OPT.opt_mix_start              = 1
OPT.opt_mix_space              = 5
OPT.opt_mix_alpha              = 3.0e-01
OPT.neb_method                 = FIRE
OPT.neb_lclimb                 = ON
OPT.neb_interp                 = IDPP
OPT.neb_nimage                 = 5
OPT.neb_spring                 = 1.0e-02 [AU]
OPT.neb_maxstep                = 7.6e-02 [AU]

PROP.calculation               = NONE
FREQ.freq_method               = FREE2
FREQ.fd_stepsize               = 2.8e-02 [AU]
DOS.dos_method                 = GAUSS
DOS.dos_sigma                  = 3.7e-03 [AU]
DOS.dos_npoint                 = 1001
DOS.dos_emin                   = 0.0e+00 [AU]
DOS.dos_emax                   = 0.0e+00 [AU]

OPT.mdx_ensemble               = NVE
OPT.mdx_thermostat             = NHC
OPT.mdx_max_step               = 0
OPT.mdx_timestep               = 4.0e+01 [AU]
OPT.mdx_temperature            = 9.5e-04 [AU]
OPT.mdx_pressure               = 0.0e+00 [AU]
OPT.mdx_thermo_tau             = 4.0e+03 [AU]
OPT.mdx_baro_tau               = 2.0e+04 [AU]
OPT.mdx_nhc_length             = 3
OPT.mdx_nhc_mts                = 3
OPT.mdx_constraint             = OFF
OPT.mdx_constraint_tol         = 1.0e-10
OPT.mdx_rng_seed               = 42

K-points mesh = 3 3 3

xc functional: "PBE"
is hybrid: NO

Basis Set Name: "dzvp-sr"
number of shell = 5
number of basis = 22
gmesh = 83 83 83

Pseudopotential Name: "gth-pbe"
number of valence electron = 16

SCF Calculation.
K sampling = 3 3 3
[IGUESS] MINAO initial guess done. naofn = 22  nkpot = 27
[NELEC] step = 0  nelec = 16  neInt = 9.640958  dnelc = -6.3590418112e+00
[ENERG] step = 0  eTotl = -71.65907926  eCore = -26.98865796  eCoul = 8.88495225  eExcl = -6.27503170  eNucl = -47.28034185  eDisp = 0.00000000
[ERROR] step = 0  engy error =  0.0000000000e+00  grad error =  0.0000000000e+00  dmat error =  0.0000000000e+00
Timer "SCF cycle: 0" used time: 0.610004 s.

[NELEC] step = 1  nelec = 16  neInt = 16.000000  dnelc =  2.1103119252e-12
[ENERG] step = 1  eTotl = -77.36476853  eCore = -48.49427658  eCoul = 32.53988529  eExcl = -14.13003539  eNucl = -47.28034185  eDisp = 0.00000000
[ERROR] step = 1  engy error = -5.7056892662e+00  grad error =  0.0000000000e+00  dmat error =  3.7047305116e+00
Timer "SCF cycle: 1" used time: 0.572715 s.

[NELEC] step = 2  nelec = 16  neInt = 16.000000  dnelc =  1.4743761767e-12
[ENERG] step = 2  eTotl = -78.97245324  eCore = -47.19877449  eCoul = 28.61786368  eExcl = -13.11120058  eNucl = -47.28034185  eDisp = 0.00000000
[ERROR] step = 2  engy error = -1.6076847050e+00  grad error =  0.0000000000e+00  dmat error =  1.9585131278e+00
Timer "SCF cycle: 2" used time: 0.578247 s.

[NELEC] step = 3  nelec = 16  neInt = 16.000000  dnelc =  1.0977885267e-12
[ENERG] step = 3  eTotl = -79.33819907  eCore = -45.38090993  eCoul = 25.69473158  eExcl = -12.37167887  eNucl = -47.28034185  eDisp = 0.00000000
[ERROR] step = 3  engy error = -3.6574583130e-01  grad error =  0.0000000000e+00  dmat error =  2.4852789954e+00
Timer "SCF cycle: 3" used time: 0.575509 s.

[NELEC] step = 4  nelec = 16  neInt = 16.000000  dnelc =  1.4033219031e-12
[ENERG] step = 4  eTotl = -79.41079401  eCore = -44.88570825  eCoul = 25.13627205  eExcl = -12.38101597  eNucl = -47.28034185  eDisp = 0.00000000
[ERROR] step = 4  engy error = -7.2594944417e-02  grad error =  0.0000000000e+00  dmat error =  6.7274814185e-01
Timer "SCF cycle: 4" used time: 0.572556 s.

[NELEC] step = 5  nelec = 16  neInt = 16.000000  dnelc =  1.4210854715e-12
[ENERG] step = 5  eTotl = -79.39257756  eCore = -44.94432740  eCoul = 25.25564383  eExcl = -12.42355215  eNucl = -47.28034185  eDisp = 0.00000000
[ERROR] step = 5  engy error =  1.8216450660e-02  grad error =  0.0000000000e+00  dmat error =  6.2986642569e-02
Timer "SCF cycle: 5" used time: 0.586616 s.

[NELEC] step = 6  nelec = 16  neInt = 16.000000  dnelc =  1.3535839116e-12
[ENERG] step = 6  eTotl = -79.42652895  eCore = -44.83612349  eCoul = 25.00372002  eExcl = -12.31378363  eNucl = -47.28034185  eDisp = 0.00000000
[ERROR] step = 6  engy error = -3.3951388773e-02  grad error =  0.0000000000e+00  dmat error =  2.6899240521e-01
Timer "SCF cycle: 6" used time: 0.579038 s.

[NELEC] step = 7  nelec = 16  neInt = 16.000000  dnelc =  1.3749001937e-12
[ENERG] step = 7  eTotl = -79.42672005  eCore = -44.75385795  eCoul = 24.90071516  eExcl = -12.29323541  eNucl = -47.28034185  eDisp = 0.00000000
[ERROR] step = 7  engy error = -1.9110466113e-04  grad error =  0.0000000000e+00  dmat error =  4.7286910173e-02
Timer "SCF cycle: 7" used time: 0.570272 s.

[NELEC] step = 8  nelec = 16  neInt = 16.000000  dnelc =  1.3713474800e-12
[ENERG] step = 8  eTotl = -79.42673446  eCore = -44.77305547  eCoul = 24.92312261  eExcl = -12.29645975  eNucl = -47.28034185  eDisp = 0.00000000
[ERROR] step = 8  engy error = -1.4408200187e-05  grad error =  0.0000000000e+00  dmat error =  1.4528737423e-02
Timer "SCF cycle: 8" used time: 0.577626 s.

[NELEC] step = 9  nelec = 16  neInt = 16.000000  dnelc =  1.3749001937e-12
[ENERG] step = 9  eTotl = -79.42673937  eCore = -44.76887429  eCoul = 24.91858942  eExcl = -12.29611265  eNucl = -47.28034185  eDisp = 0.00000000
[ERROR] step = 9  engy error = -4.9049526041e-06  grad error =  0.0000000000e+00  dmat error =  3.8945566721e-03
Timer "SCF cycle: 9" used time: 0.570648 s.

[NELEC] step = 10  nelec = 16  neInt = 16.000000  dnelc =  1.3713474800e-12
[ENERG] step = 10  eTotl = -79.42673968  eCore = -44.77065083  eCoul = 24.92099461  eExcl = -12.29674161  eNucl = -47.28034185  eDisp = 0.00000000
[ERROR] step = 10  engy error = -3.0798641149e-07  grad error =  0.0000000000e+00  dmat error =  1.8800552803e-03
Timer "SCF cycle: 10" used time: 0.564491 s.

[NELEC] step = 11  nelec = 16  neInt = 16.000000  dnelc =  1.3713474800e-12
[ENERG] step = 11  eTotl = -79.42673968  eCore = -44.77076393  eCoul = 24.92113657  eExcl = -12.29677047  eNucl = -47.28034185  eDisp = 0.00000000
[ERROR] step = 11  engy error = -9.3025676051e-10  grad error =  0.0000000000e+00  dmat error =  1.1958855549e-04
SCF converged in 11 steps.
Kylin-PBC Done.
Timer "Kylin-PBC main" used time: 8.304181 s.
