Kylin-PBC: v1.0.0

System time = 2026-06-24 02:04:18

OMP threads = 32

KYLIN_PBC_ROOT = "/home/rudin/code/kylin-pbc"
KYLIN_SCR_PATH = "/tmp"
KYLIN_JOB_PATH = "/home/rudin/code/kylin-pbc/art/example/internal/CsI-PBE-k333-MGDF"

SCF.xcfun                      = PBE
SCF.basis                      = dzvp-sr
SCF.psudo                      = gth-pbe
SCF.kmesh                      = 3 3 3
SCF.gmesh                      = 6.0e-01
SCF.ispin                      = OFF
SCF.dspin                      = 0
SCF.eps_engy                   = 3.7e-09 [AU]
SCF.eps_grad                   = 1.0e-05 [AU]
SCF.eps_dmat                   = 1.0e-03
SCF.chk_load                   = 
SCF.chk_save                   = 
SCF.scf_guess                  = ATOM
SCF.max_cycle                  = 200
SCF.vdw_method                 = NONE
SCF.coul_method                = MGDF
SCF.xchg_method                = LSDF
SCF.xchg_exxocc                = OFF
SCF.xchg_exxace                = NONE
SCF.xchg_robust                = TILE
SCF.xchg_exxdiv                = NONE
SCF.lsdf_cparam                = 30
SCF.lsdf_mparam                = 5
SCF.lsdf_ipslct                = QRCP
SCF.lsdf_chocut                = 1.0e-08
SCF.lsdf_atmcut                = 2.5e+01
SCF.lsdf_aovcut                = 1.0e-07
SCF.lsdf_swzcut                = 0.0e+00
SCF.lsdf_pnocut                = 0.0e+00
SCF.lsdf_nafcut                = 0.0e+00
SCF.mgdf_ntasks                = 4
SCF.mgdf_kratio                = 3.0e+00
SCF.mgdf_cutoff                = 3.0e+02 [AU]
SCF.mgdf_relcut                = 3.0e+01
SCF.mgdf_prprec                = 1.0e-14
SCF.dmx_mix_method             = NONE
SCF.dmx_mix_start              = 1
SCF.dmx_mix_space              = 8
SCF.dmx_mix_alpha              = 3.0e-01
SCF.rho_mix_method             = NONE
SCF.rho_mix_start              = 1
SCF.rho_mix_space              = 8
SCF.rho_mix_alpha              = 3.0e-01
SCF.hks_mix_method             = BROY
SCF.hks_mix_start              = 1
SCF.hks_mix_space              = 8
SCF.hks_mix_alpha              = 3.0e-01
SCF.damp_factor                = 0.0e+00
SCF.level_shift                = 0.0e+00 [AU]
SCF.smear_method               = NONE
SCF.smear_sigma                = 0.0e+00 [AU]
SCF.soc                        = OFF
SCF.soc_window                 = 1.8e+00 [AU]
SCF.print_bandgap              = OFF
SCF.print_time                 = OFF

OPT.opt_method                 = BFGS
OPT.max_cycle                  = 0
OPT.eps_engy                   = 4.0e-06 [AU]
OPT.eps_grad                   = 4.0e-04 [AU]
OPT.trust_limit                = 3.0e-01 [AU]
OPT.damp_factor                = 0.0e+00
OPT.opt_mix_method             = NONE
OPT.opt_mix_start              = 1
OPT.opt_mix_space              = 5
OPT.opt_mix_alpha              = 3.0e-01
OPT.neb_method                 = FIRE
OPT.neb_lclimb                 = ON
OPT.neb_interp                 = IDPP
OPT.neb_nimage                 = 5
OPT.neb_spring                 = 1.0e-02 [AU]
OPT.neb_maxstep                = 7.6e-02 [AU]

PROP.calculation               = NONE
FREQ.freq_method               = FREE2
FREQ.fd_stepsize               = 2.8e-02 [AU]
DOS.dos_method                 = GAUSS
DOS.dos_sigma                  = 3.7e-03 [AU]
DOS.dos_npoint                 = 1001
DOS.dos_emin                   = 0.0e+00 [AU]
DOS.dos_emax                   = 0.0e+00 [AU]

OPT.mdx_ensemble               = NVE
OPT.mdx_thermostat             = NHC
OPT.mdx_max_step               = 0
OPT.mdx_timestep               = 4.0e+01 [AU]
OPT.mdx_temperature            = 9.5e-04 [AU]
OPT.mdx_pressure               = 0.0e+00 [AU]
OPT.mdx_thermo_tau             = 4.0e+03 [AU]
OPT.mdx_baro_tau               = 2.0e+04 [AU]
OPT.mdx_nhc_length             = 3
OPT.mdx_nhc_mts                = 3
OPT.mdx_constraint             = OFF
OPT.mdx_constraint_tol         = 1.0e-10
OPT.mdx_rng_seed               = 42

K-points mesh = 3 3 3

xc functional: "PBE"
is hybrid: NO

Basis Set Name: "dzvp-sr"
number of shell = 6
number of basis = 27
gmesh = 27 27 27

Pseudopotential Name: "gth-pbe"
number of valence electron = 16

SCF Calculation.
K sampling = 3 3 3
[IGUESS] MINAO initial guess done. naofn = 27  nkpot = 27
[NELEC] step = 0  nelec = 16  neInt = 11.870397  dnelc = -4.1296030216e+00
[ENERG] step = 0  eTotl = -30.76166377  eCore = -1.97676509  eCoul = 2.13372385  eExcl = -3.70527247  eNucl = -27.21335006  eDisp = 0.00000000
[ERROR] step = 0  engy error =  0.0000000000e+00  grad error =  0.0000000000e+00  dmat error =  0.0000000000e+00
Timer "SCF cycle: 0" used time: 0.280591 s.

[NELEC] step = 1  nelec = 16  neInt = 16.000000  dnelc =  3.1366909070e-11
[ENERG] step = 1  eTotl = -31.59749104  eCore = -3.44178313  eCoul = 4.85469865  eExcl = -5.79705649  eNucl = -27.21335006  eDisp = 0.00000000
[ERROR] step = 1  engy error = -8.3582726130e-01  grad error =  0.0000000000e+00  dmat error =  2.7711451923e+01
Timer "SCF cycle: 1" used time: 0.262116 s.

[NELEC] step = 2  nelec = 16  neInt = 16.000000  dnelc =  1.2356338175e-11
[ENERG] step = 2  eTotl = -31.67236071  eCore = -3.30305310  eCoul = 4.52544955  eExcl = -5.68140710  eNucl = -27.21335006  eDisp = 0.00000000
[ERROR] step = 2  engy error = -7.4869677214e-02  grad error =  0.0000000000e+00  dmat error =  1.5737764795e+01
Timer "SCF cycle: 2" used time: 0.267348 s.

[NELEC] step = 3  nelec = 16  neInt = 16.000000  dnelc = -7.3363537467e-13
[ENERG] step = 3  eTotl = -31.71473941  eCore = -3.07037884  eCoul = 4.10763856  eExcl = -5.53864906  eNucl = -27.21335006  eDisp = 0.00000000
[ERROR] step = 3  engy error = -4.2378697247e-02  grad error =  0.0000000000e+00  dmat error =  1.1040953397e+01
Timer "SCF cycle: 3" used time: 0.265071 s.

[NELEC] step = 4  nelec = 16  neInt = 16.000000  dnelc = -1.5987211555e-12
[ENERG] step = 4  eTotl = -31.71696627  eCore = -3.02591791  eCoul = 4.04601312  eExcl = -5.52371142  eNucl = -27.21335006  eDisp = 0.00000000
[ERROR] step = 4  engy error = -2.2268642485e-03  grad error =  0.0000000000e+00  dmat error =  8.9578562489e-01
Timer "SCF cycle: 4" used time: 0.248979 s.

[NELEC] step = 5  nelec = 16  neInt = 16.000000  dnelc = -1.5987211555e-12
[ENERG] step = 5  eTotl = -31.71714670  eCore = -2.98912389  eCoul = 3.98813022  eExcl = -5.50280297  eNucl = -27.21335006  eDisp = 0.00000000
[ERROR] step = 5  engy error = -1.8042289168e-04  grad error =  0.0000000000e+00  dmat error =  3.4148976221e-01
Timer "SCF cycle: 5" used time: 0.245475 s.

[NELEC] step = 6  nelec = 16  neInt = 16.000000  dnelc = -1.6058265828e-12
[ENERG] step = 6  eTotl = -31.71723485  eCore = -3.00068632  eCoul = 4.00560738  eExcl = -5.50880584  eNucl = -27.21335006  eDisp = 0.00000000
[ERROR] step = 6  engy error = -8.8151149765e-05  grad error =  0.0000000000e+00  dmat error =  1.4130146766e-01
Timer "SCF cycle: 6" used time: 0.265032 s.

[NELEC] step = 7  nelec = 16  neInt = 16.000000  dnelc = -1.6058265828e-12
[ENERG] step = 7  eTotl = -31.71724010  eCore = -3.00324338  eCoul = 4.00968441  eExcl = -5.51033107  eNucl = -27.21335006  eDisp = 0.00000000
[ERROR] step = 7  engy error = -5.2537015840e-06  grad error =  0.0000000000e+00  dmat error =  2.1794493332e-02
Timer "SCF cycle: 7" used time: 0.253197 s.

[NELEC] step = 8  nelec = 16  neInt = 16.000000  dnelc = -1.6129320102e-12
[ENERG] step = 8  eTotl = -31.71724017  eCore = -3.00360293  eCoul = 4.01018290  eExcl = -5.51047007  eNucl = -27.21335006  eDisp = 0.00000000
[ERROR] step = 8  engy error = -6.8131107867e-08  grad error =  0.0000000000e+00  dmat error =  6.3845467994e-03
Timer "SCF cycle: 8" used time: 0.265683 s.

[NELEC] step = 9  nelec = 16  neInt = 16.000000  dnelc = -1.6040502260e-12
[ENERG] step = 9  eTotl = -31.71724017  eCore = -3.00362154  eCoul = 4.01023461  eExcl = -5.51050318  eNucl = -27.21335006  eDisp = 0.00000000
[ERROR] step = 9  engy error = -3.3875622307e-09  grad error =  0.0000000000e+00  dmat error =  9.4628834815e-04
SCF converged in 9 steps.
Kylin-PBC Done.
Timer "Kylin-PBC main" used time: 3.127940 s.
