[MGDF_DIAG] gmesh = 83 83 163  (ngrid=1122907)
[MGDF_DIAG] level 0  mesh=17 17 33  ngrid=9537  tasks=11328
[MGDF_DIAG] level 1  mesh=29 29 55  ngrid=46255  tasks=7676
[MGDF_DIAG] level 2  mesh=49 49 95  ngrid=228095  tasks=4197
[MGDF_DIAG] level 3  mesh=83 83 163  ngrid=1122907  tasks=0
[MGDF_DIAG] atom_pairs_kept=23201  rejected: atom=27360 set=0 pgf=71118 radius=1041
[MGDF_DIAG] max_pair_radius=15.7373  max_pgf_rcut=14.1991  total_pairs=23201  precision_colloc=1e-14  precision_screen=1e-07
OMP: Warning #226: KMP_AFFINITY must be set prior to first parallel region or certain API calls; ignored.
  [bwd-lev0] integ=0.0162511s  tasks=11328  us/pair=45.907  grid=0.0727615MB
  [bwd-lev1] integ=0.0114541s  tasks=7676  us/pair=47.7503  grid=0.352898MB
  [bwd-lev2] integ=0.00833678s  tasks=4197  us/pair=63.5637  grid=1.74023MB
  [bwd] fft=0.007128s  integ=0.036042s  reduce=0.000102997s
  [fwd-lev0] colloc=0.0130699s  tasks=11328  us/pair=36.9205  grid=0.0727615MB
  [fwd-lev1] colloc=0.00809908s  tasks=7676  us/pair=33.7637  grid=0.352898MB
  [fwd-lev2] colloc=0.00637507s  tasks=4197  us/pair=48.6067  grid=1.74023MB
  [fwd] colloc=0.027544s  reduce=0.000315905s  fft=0.00197506s
  [bwd-lev0] integ=0.0410469s  tasks=11328  us/pair=115.952  grid=0.0727615MB
  [bwd-lev1] integ=0.0240941s  tasks=7676  us/pair=100.444  grid=0.352898MB
  [bwd-lev2] integ=0.016011s  tasks=4197  us/pair=122.076  grid=1.74023MB
  [bwd] fft=0.00756693s  integ=0.081152s  reduce=0.000151157s
  [fwd-lev0] colloc=0.0184278s  tasks=11328  us/pair=52.0561  grid=0.0727615MB
  [fwd-lev1] colloc=0.010572s  tasks=7676  us/pair=44.0728  grid=0.352898MB
  [fwd-lev2] colloc=0.00712585s  tasks=4197  us/pair=54.331  grid=1.74023MB
  [fwd] colloc=0.0361257s  reduce=0.000346184s  fft=0.0023632s
  [bwd-lev0] integ=0.0436289s  tasks=11328  us/pair=123.246  grid=0.0727615MB
  [bwd-lev1] integ=0.0256441s  tasks=7676  us/pair=106.906  grid=0.352898MB
  [bwd-lev2] integ=0.0168061s  tasks=4197  us/pair=128.138  grid=1.74023MB
  [bwd] fft=0.00690198s  integ=0.0860791s  reduce=0.000158072s
  [fwd-lev0] colloc=0.0214419s  tasks=11328  us/pair=60.5704  grid=0.0727615MB
  [fwd-lev1] colloc=0.0124092s  tasks=7676  us/pair=51.732  grid=0.352898MB
  [fwd-lev2] colloc=0.00832415s  tasks=4197  us/pair=63.4674  grid=1.74023MB
  [fwd] colloc=0.0421753s  reduce=0.000331879s  fft=0.00273705s
  [bwd-lev0] integ=0.04267s  tasks=11328  us/pair=120.537  grid=0.0727615MB
  [bwd-lev1] integ=0.025218s  tasks=7676  us/pair=105.13  grid=0.352898MB
  [bwd-lev2] integ=0.0165911s  tasks=4197  us/pair=126.499  grid=1.74023MB
  [bwd] fft=0.00690818s  integ=0.0844791s  reduce=0.000166893s
  [fwd-lev0] colloc=0.017395s  tasks=11328  us/pair=49.1385  grid=0.0727615MB
  [fwd-lev1] colloc=0.010211s  tasks=7676  us/pair=42.568  grid=0.352898MB
  [fwd-lev2] colloc=0.00703692s  tasks=4197  us/pair=53.653  grid=1.74023MB
  [fwd] colloc=0.0346429s  reduce=0.000357866s  fft=0.00263214s
  [bwd-lev0] integ=0.044184s  tasks=11328  us/pair=124.813  grid=0.0727615MB
  [bwd-lev1] integ=0.025491s  tasks=7676  us/pair=106.268  grid=0.352898MB
  [bwd-lev2] integ=0.0168328s  tasks=4197  us/pair=128.342  grid=1.74023MB
  [bwd] fft=0.00808406s  integ=0.0865078s  reduce=0.000156879s
  [fwd-lev0] colloc=0.016484s  tasks=11328  us/pair=46.565  grid=0.0727615MB
  [fwd-lev1] colloc=0.00958705s  tasks=7676  us/pair=39.9669  grid=0.352898MB
  [fwd-lev2] colloc=0.00649095s  tasks=4197  us/pair=49.4902  grid=1.74023MB
  [fwd] colloc=0.032562s  reduce=0.000336885s  fft=0.00203109s
  [bwd-lev0] integ=0.043895s  tasks=11328  us/pair=123.997  grid=0.0727615MB
  [bwd-lev1] integ=0.0254371s  tasks=7676  us/pair=106.043  grid=0.352898MB
  [bwd-lev2] integ=0.0166831s  tasks=4197  us/pair=127.2  grid=1.74023MB
  [bwd] fft=0.0076499s  integ=0.0860152s  reduce=0.000165939s
  [fwd-lev0] colloc=0.02124s  tasks=11328  us/pair=60  grid=0.0727615MB
  [fwd-lev1] colloc=0.012259s  tasks=7676  us/pair=51.1058  grid=0.352898MB
  [fwd-lev2] colloc=0.0082581s  tasks=4197  us/pair=62.9639  grid=1.74023MB
  [fwd] colloc=0.0417571s  reduce=0.000347853s  fft=0.00268793s
  [bwd-lev0] integ=0.0358989s  tasks=11328  us/pair=101.409  grid=0.0727615MB
  [bwd-lev1] integ=0.0222909s  tasks=7676  us/pair=92.9273  grid=0.352898MB
  [bwd-lev2] integ=0.0149419s  tasks=4197  us/pair=113.925  grid=1.74023MB
  [bwd] fft=0.0106173s  integ=0.0731318s  reduce=0.000247955s
  [fwd-lev0] colloc=0.015866s  tasks=11328  us/pair=44.8193  grid=0.0727615MB
  [fwd-lev1] colloc=0.00923395s  tasks=7676  us/pair=38.4948  grid=0.352898MB
  [fwd-lev2] colloc=0.00635386s  tasks=4197  us/pair=48.4449  grid=1.74023MB
  [fwd] colloc=0.0314538s  reduce=0.000317097s  fft=0.00223303s
  [bwd-lev0] integ=0.044425s  tasks=11328  us/pair=125.494  grid=0.0727615MB
  [bwd-lev1] integ=0.0256021s  tasks=7676  us/pair=106.731  grid=0.352898MB
  [bwd-lev2] integ=0.0167911s  tasks=4197  us/pair=128.024  grid=1.74023MB
  [bwd] fft=0.00769591s  integ=0.0868182s  reduce=0.000156879s
  [fwd-lev0] colloc=0.020911s  tasks=11328  us/pair=59.0706  grid=0.0727615MB
  [fwd-lev1] colloc=0.012017s  tasks=7676  us/pair=50.097  grid=0.352898MB
  [fwd-lev2] colloc=0.00805497s  tasks=4197  us/pair=61.4151  grid=1.74023MB
  [fwd] colloc=0.040983s  reduce=0.00032711s  fft=0.00261688s
  [bwd-lev0] integ=0.044493s  tasks=11328  us/pair=125.686  grid=0.0727615MB
  [bwd-lev1] integ=0.0257111s  tasks=7676  us/pair=107.185  grid=0.352898MB
  [bwd-lev2] integ=0.0168779s  tasks=4197  us/pair=128.685  grid=1.74023MB
  [bwd] fft=0.00775385s  integ=0.0870819s  reduce=0.000159979s
  [fwd-lev0] colloc=0.019547s  tasks=11328  us/pair=55.2175  grid=0.0727615MB
  [fwd-lev1] colloc=0.0113518s  tasks=7676  us/pair=47.3239  grid=0.352898MB
  [fwd-lev2] colloc=0.00750303s  tasks=4197  us/pair=57.2068  grid=1.74023MB
  [fwd] colloc=0.0384018s  reduce=0.000331163s  fft=0.00217509s
  [bwd-lev0] integ=0.0422359s  tasks=11328  us/pair=119.31  grid=0.0727615MB
  [bwd-lev1] integ=0.0250781s  tasks=7676  us/pair=104.546  grid=0.352898MB
  [bwd-lev2] integ=0.0166299s  tasks=4197  us/pair=126.795  grid=1.74023MB
  [bwd] fft=0.00969291s  integ=0.0839438s  reduce=0.000151873s
  [fwd-lev0] colloc=0.0167861s  tasks=11328  us/pair=47.4184  grid=0.0727615MB
  [fwd-lev1] colloc=0.00969005s  tasks=7676  us/pair=40.3962  grid=0.352898MB
  [fwd-lev2] colloc=0.00656796s  tasks=4197  us/pair=50.0773  grid=1.74023MB
  [fwd] colloc=0.0330441s  reduce=0.000310659s  fft=0.0027113s
  [bwd-lev0] integ=0.0448291s  tasks=11328  us/pair=126.636  grid=0.0727615MB
  [bwd-lev1] integ=0.025872s  tasks=7676  us/pair=107.856  grid=0.352898MB
  [bwd-lev2] integ=0.01686s  tasks=4197  us/pair=128.549  grid=1.74023MB
  [bwd] fft=0.00784826s  integ=0.0875611s  reduce=0.000159025s
  [fwd-lev0] colloc=0.0208549s  tasks=11328  us/pair=58.9123  grid=0.0727615MB
  [fwd-lev1] colloc=0.0119781s  tasks=7676  us/pair=49.935  grid=0.352898MB
  [fwd-lev2] colloc=0.00798512s  tasks=4197  us/pair=60.8825  grid=1.74023MB
  [fwd] colloc=0.0408182s  reduce=0.000328779s  fft=0.00264096s
  [bwd-lev0] integ=0.0429499s  tasks=11328  us/pair=121.327  grid=0.0727615MB
  [bwd-lev1] integ=0.0252681s  tasks=7676  us/pair=105.339  grid=0.352898MB
  [bwd-lev2] integ=0.016716s  tasks=4197  us/pair=127.451  grid=1.74023MB
  [bwd] fft=0.00678921s  integ=0.084934s  reduce=0.000157833s
  [fwd-lev0] colloc=0.020668s  tasks=11328  us/pair=58.3843  grid=0.0727615MB
  [fwd-lev1] colloc=0.0118432s  tasks=7676  us/pair=49.3724  grid=0.352898MB
  [fwd-lev2] colloc=0.00791097s  tasks=4197  us/pair=60.3171  grid=1.74023MB
  [fwd] colloc=0.0404222s  reduce=0.000330925s  fft=0.00261378s
  [bwd-lev0] integ=0.042604s  tasks=11328  us/pair=120.35  grid=0.0727615MB
  [bwd-lev1] integ=0.0248921s  tasks=7676  us/pair=103.771  grid=0.352898MB
  [bwd-lev2] integ=0.0163741s  tasks=4197  us/pair=124.844  grid=1.74023MB
  [bwd] fft=0.00705028s  integ=0.0838702s  reduce=0.000163078s
  [fwd-lev0] colloc=0.0191231s  tasks=11328  us/pair=54.02  grid=0.0727615MB
  [fwd-lev1] colloc=0.0114532s  tasks=7676  us/pair=47.7463  grid=0.352898MB
  [fwd-lev2] colloc=0.00810909s  tasks=4197  us/pair=61.8277  grid=1.74023MB
  [fwd] colloc=0.0386853s  reduce=0.000470877s  fft=0.00205588s
