Kylin-PBC: v1.0.0

System time = 2026-09-30 19:39:33

OMP threads = 32

KYLIN_PBC_ROOT = "/home/rudin/code/kylin-pbc"
KYLIN_SCR_PATH = "/tmp"
KYLIN_JOB_PATH = "/home/rudin/tmp-review-ionic/Si16/none/c30"

SCF.xcfun                      = HSE06
SCF.basis                      = dzvp-sr
SCF.psudo                      = gth-pbe
SCF.kmesh                      = 1 1 1
SCF.gmesh                      = 5.0e-01
SCF.ispin                      = OFF
SCF.dspin                      = 0
SCF.eps_engy                   = 3.7e-09 [AU]
SCF.eps_grad                   = 1.0e-05 [AU]
SCF.eps_dmat                   = 1.0e-03
SCF.chk_load                   = 
SCF.chk_save                   = 
SCF.scf_guess                  = ATOM
SCF.max_cycle                  = 200
SCF.vdw_method                 = NONE
SCF.coul_method                = MGDF
SCF.xchg_method                = LSDF
SCF.xchg_exxocc                = OFF
SCF.xchg_exxace                = NONE
SCF.xchg_robust                = NONE
SCF.xchg_exxdiv                = EWALD
SCF.xchg_dropG0                = ON
SCF.lsdf_cparam                = 30
SCF.lsdf_mparam                = 5
SCF.lsdf_ipslct                = QRCP
SCF.lsdf_chocut                = 1.0e-08
SCF.lsdf_atmcut                = 2.5e+01
SCF.lsdf_aovcut                = 1.0e-07
SCF.lsdf_swzcut                = 0.0e+00
SCF.lsdf_pnocut                = 0.0e+00
SCF.lsdf_nafcut                = 0.0e+00
SCF.mgdf_ntasks                = 4
SCF.mgdf_kratio                = 3.0e+00
SCF.mgdf_cutoff                = 3.0e+02 [AU]
SCF.mgdf_relcut                = 3.0e+01
SCF.mgdf_prprec                = 1.0e-14
SCF.dmx_mix_method             = NONE
SCF.dmx_mix_start              = 1
SCF.dmx_mix_space              = 8
SCF.dmx_mix_alpha              = 3.0e-01
SCF.rho_mix_method             = NONE
SCF.rho_mix_start              = 1
SCF.rho_mix_space              = 8
SCF.rho_mix_alpha              = 3.0e-01
SCF.hks_mix_method             = BROY
SCF.hks_mix_start              = 1
SCF.hks_mix_space              = 8
SCF.hks_mix_alpha              = 3.0e-01
SCF.damp_factor                = 0.0e+00
SCF.level_shift                = 0.0e+00 [AU]
SCF.smear_method               = NONE
SCF.smear_sigma                = 0.0e+00 [AU]
SCF.soc                        = OFF
SCF.soc_window                 = 1.8e+00 [AU]
SCF.print_bandgap              = OFF
SCF.print_time                 = OFF

OPT.opt_method                 = BFGS
OPT.max_cycle                  = 1
OPT.eps_engy                   = 4.0e-06 [AU]
OPT.eps_grad                   = 4.0e-04 [AU]
OPT.trust_limit                = 3.0e-01 [AU]
OPT.damp_factor                = 0.0e+00
OPT.opt_mix_method             = NONE
OPT.opt_mix_start              = 1
OPT.opt_mix_space              = 5
OPT.opt_mix_alpha              = 3.0e-01
OPT.neb_method                 = FIRE
OPT.neb_lclimb                 = ON
OPT.neb_interp                 = IDPP
OPT.neb_nimage                 = 5
OPT.neb_spring                 = 1.0e-02 [AU]
OPT.neb_maxstep                = 7.6e-02 [AU]

PROP.calculation               = NONE
FREQ.freq_method               = FREE2
FREQ.fd_stepsize               = 2.8e-02 [AU]
DOS.dos_method                 = GAUSS
DOS.dos_sigma                  = 3.7e-03 [AU]
DOS.dos_npoint                 = 1001
DOS.dos_emin                   = 0.0e+00 [AU]
DOS.dos_emax                   = 0.0e+00 [AU]

OPT.mdx_ensemble               = NVE
OPT.mdx_thermostat             = NHC
OPT.mdx_max_step               = 0
OPT.mdx_timestep               = 4.0e+01 [AU]
OPT.mdx_temperature            = 9.5e-04 [AU]
OPT.mdx_pressure               = 0.0e+00 [AU]
OPT.mdx_thermo_tau             = 4.0e+03 [AU]
OPT.mdx_baro_tau               = 2.0e+04 [AU]
OPT.mdx_nhc_length             = 3
OPT.mdx_nhc_mts                = 3
OPT.mdx_constraint             = OFF
OPT.mdx_constraint_tol         = 1.0e-10
OPT.mdx_rng_seed               = 42

K-points mesh = 1 1 1

xc functional: "HSE06"
is hybrid: YES
HFX coeff: 0.25

Basis Set Name: "dzvp-sr"
number of shell = 48
number of basis = 208
gmesh = 29 29 57

Pseudopotential Name: "gth-pbe"
number of valence electron = 64

OPT Calculation.

==============================================================
                   Geometry Optimization                      
==============================================================
  method      = BFGS
  max_cycle   = 1
  eps_engy    = 4.000000e-06
  eps_grad    = 4.000000e-04
  trust_limit = 0.300000
  natom       = 16
  nfree       = 48 / 48
==============================================================

--------------------------------------------------------------
  OPT step 0
--------------------------------------------------------------
[OPT] Cell structure (Angstrom):
       5.43100000       0.00000000       0.00000000
       0.00000000       5.43100000       0.00000000
       0.00000000       0.00000000      10.86200000

Cart
Si         0.00000000       0.00000000       0.00000000   T T T
Si         0.10000000       2.76550000       2.74550000   T T T
Si         2.71550000       0.00000000       2.71550000   T T T
Si         2.71550000       2.71550000       0.00000000   T T T
Si         1.35775000       1.35775000       1.35775000   T T T
Si         1.35775000       4.07325000       4.07325000   T T T
Si         4.07325000       1.35775000       4.07325000   T T T
Si         4.07325000       4.07325000       1.35775000   T T T
Si         0.00000000       0.00000000       5.43100000   T T T
Si         0.00000000       2.71550000       8.14650000   T T T
Si         2.71550000       0.00000000       8.14650000   T T T
Si         2.71550000       2.71550000       5.43100000   T T T
Si         1.35775000       1.35775000       6.78875000   T T T
Si         1.35775000       4.07325000       9.50425000   T T T
Si         4.07325000       1.35775000       9.50425000   T T T
Si         4.07325000       4.07325000       6.78875000   T T T

[OPT] Cell written to /home/rudin/tmp-review-ionic/Si16/none/c30/opt_img/cell_opt_0.txt
[LSDF] gmesh = (29, 29, 57), ngrid = 47937, naofn = 208, natom = 16
Timer "[LSDF] Voronoi partition" used time: 0.001509 s.
Timer "[LSDF] AO evaluation + screening" used time: 0.166653 s.
[LSDF] IP method: randomized QRCP (c=30, m=5)
[LSDF] total IPs selected: 6320 (13.1840% of grid)
Timer "[LSDF] IP selection" used time: 0.211552 s.
Timer "[LSDF] aux basis fitting" used time: 0.052656 s.
[LSDF] Step 5 diagnostics: natom=16, ngrid=47937, naux_total=6320
[LSDF]   OMP threads=32, MKL threads=32
[LSDF]   Vmat_loc total size: 6320 x 47937 = 2.26 GB
Timer "[LSDF]   5a Vmat_loc alloc+FFT" used time: 0.248346 s.
[LSDF]   W size: 6320 x 6320 = 304.74 MB, max_npart=3138
Timer "[LSDF]   5b W construction (DGEMM)" used time: 0.090456 s.
Timer "[LSDF]   5c Wmat symmetrize" used time: 0.016754 s.
[LSDF]   robust_mode=NONE: freeing Vmat_loc
Timer "[LSDF] V/W construction" used time: 0.485297 s.
[LSDF] xchg phases: A=0.002 s, B(K_W)=0.039 s, C(K_V)=0.000 s, E(reduce)=0.001 s
[NELEC] step = 0  nelec = 64  neInt = 64.000000  dnelc =  2.1927348826e-11
[ENERG] step = 0  eTotl = -62.54359128  eCore = 19.60664054  eCoul = 4.69704873  eExcl = -19.67476752  eNucl = -67.17251303  eDisp = 0.00000000
[ERROR] step = 0  engy error =  0.0000000000e+00  grad error =  0.0000000000e+00  dmat error =  0.0000000000e+00
Timer "SCF cycle: 0" used time: 1.090781 s.

[LSDF] xchg phases: A=0.000 s, B(K_W)=0.020 s, C(K_V)=0.000 s, E(reduce)=0.000 s
[NELEC] step = 1  nelec = 64  neInt = 64.000000  dnelc =  2.9416469260e-11
[ENERG] step = 1  eTotl = -62.76133649  eCore = 19.33613504  eCoul = 4.50696471  eExcl = -19.43192321  eNucl = -67.17251303  eDisp = 0.00000000
[ERROR] step = 1  engy error = -2.1774521033e-01  grad error =  0.0000000000e+00  dmat error =  1.1761315228e+00
Timer "SCF cycle: 1" used time: 1.018551 s.

[LSDF] xchg phases: A=0.002 s, B(K_W)=0.020 s, C(K_V)=0.000 s, E(reduce)=0.000 s
[NELEC] step = 2  nelec = 64  neInt = 64.000000  dnelc =  2.9814373192e-11
[ENERG] step = 2  eTotl = -62.76683326  eCore = 19.31155616  eCoul = 4.54718282  eExcl = -19.45305921  eNucl = -67.17251303  eDisp = 0.00000000
[ERROR] step = 2  engy error = -5.4967693345e-03  grad error =  0.0000000000e+00  dmat error =  1.7958306472e-02
Timer "SCF cycle: 2" used time: 1.033553 s.

[LSDF] xchg phases: A=0.002 s, B(K_W)=0.020 s, C(K_V)=0.000 s, E(reduce)=0.000 s
[NELEC] step = 3  nelec = 64  neInt = 64.000000  dnelc =  3.0837554732e-11
[ENERG] step = 3  eTotl = -62.77229350  eCore = 19.26602098  eCoul = 4.63236806  eExcl = -19.49816950  eNucl = -67.17251303  eDisp = 0.00000000
[ERROR] step = 3  engy error = -5.4602377711e-03  grad error =  0.0000000000e+00  dmat error =  4.0541943374e-02
Timer "SCF cycle: 3" used time: 1.011600 s.

[LSDF] xchg phases: A=0.000 s, B(K_W)=0.020 s, C(K_V)=0.000 s, E(reduce)=0.000 s
[NELEC] step = 4  nelec = 64  neInt = 64.000000  dnelc =  3.0809133023e-11
[ENERG] step = 4  eTotl = -62.77235424  eCore = 19.26604181  eCoul = 4.63317531  eExcl = -19.49905834  eNucl = -67.17251303  eDisp = 0.00000000
[ERROR] step = 4  engy error = -6.0749189139e-05  grad error =  0.0000000000e+00  dmat error =  3.0937905651e-03
Timer "SCF cycle: 4" used time: 1.014647 s.

[LSDF] xchg phases: A=0.003 s, B(K_W)=0.027 s, C(K_V)=0.000 s, E(reduce)=0.001 s
[NELEC] step = 5  nelec = 64  neInt = 64.000000  dnelc =  3.0709657040e-11
[ENERG] step = 5  eTotl = -62.77238303  eCore = 19.26820716  eCoul = 4.63017491  eExcl = -19.49825207  eNucl = -67.17251303  eDisp = 0.00000000
[ERROR] step = 5  engy error = -2.8786702082e-05  grad error =  0.0000000000e+00  dmat error =  3.7581776121e-03
Timer "SCF cycle: 5" used time: 1.085525 s.

[LSDF] xchg phases: A=0.000 s, B(K_W)=0.020 s, C(K_V)=0.000 s, E(reduce)=0.000 s
[NELEC] step = 6  nelec = 64  neInt = 64.000000  dnelc =  3.0709657040e-11
[ENERG] step = 6  eTotl = -62.77239056  eCore = 19.26988508  eCoul = 4.62778856  eExcl = -19.49755118  eNucl = -67.17251303  eDisp = 0.00000000
[ERROR] step = 6  engy error = -7.5332259826e-06  grad error =  0.0000000000e+00  dmat error =  2.1564784833e-03
Timer "SCF cycle: 6" used time: 1.024090 s.

[LSDF] xchg phases: A=0.001 s, B(K_W)=0.020 s, C(K_V)=0.000 s, E(reduce)=0.000 s
[NELEC] step = 7  nelec = 64  neInt = 64.000000  dnelc =  3.0681235330e-11
[ENERG] step = 7  eTotl = -62.77239129  eCore = 19.27008977  eCoul = 4.62756369  eExcl = -19.49753172  eNucl = -67.17251303  eDisp = 0.00000000
[ERROR] step = 7  engy error = -7.2122572448e-07  grad error =  0.0000000000e+00  dmat error =  4.8797524327e-04
Timer "SCF cycle: 7" used time: 1.030614 s.

[NELEC] step = 8  nelec = 64  neInt = 64.000000  dnelc =  3.0723867894e-11
[ENERG] step = 8  eTotl = -62.77239145  eCore = 19.27008450  eCoul = 4.62762423  eExcl = -19.49758714  eNucl = -67.17251303  eDisp = 0.00000000
[ERROR] step = 8  engy error = -1.6390131208e-07  grad error =  0.0000000000e+00  dmat error =  1.5428556942e-04
Timer "SCF cycle: 8" used time: 1.030819 s.

[NELEC] step = 9  nelec = 64  neInt = 64.000000  dnelc =  3.0610181057e-11
[ENERG] step = 9  eTotl = -62.77239150  eCore = 19.27007581  eCoul = 4.62766481  eExcl = -19.49761909  eNucl = -67.17251303  eDisp = 0.00000000
[ERROR] step = 9  engy error = -4.8681599196e-08  grad error =  0.0000000000e+00  dmat error =  7.7376691290e-05
Timer "SCF cycle: 9" used time: 1.019175 s.

[NELEC] step = 10  nelec = 64  neInt = 64.000000  dnelc =  3.0695446185e-11
[ENERG] step = 10  eTotl = -62.77239152  eCore = 19.27006230  eCoul = 4.62770702  eExcl = -19.49764781  eNucl = -67.17251303  eDisp = 0.00000000
[ERROR] step = 10  engy error = -1.9544501129e-08  grad error =  0.0000000000e+00  dmat error =  6.7296000535e-05
Timer "SCF cycle: 10" used time: 1.031169 s.

[NELEC] step = 11  nelec = 64  neInt = 64.000000  dnelc =  3.0709657040e-11
[ENERG] step = 11  eTotl = -62.77239152  eCore = 19.27005960  eCoul = 4.62771266  eExcl = -19.49765076  eNucl = -67.17251303  eDisp = 0.00000000
[ERROR] step = 11  engy error = -2.0103954057e-09  grad error =  0.0000000000e+00  dmat error =  1.2091554192e-05
SCF converged in 11 steps.
[LSDF] xchg_d10: robust_mode=NONE, no V data -> full-grid FFT path
[GRADIENT] SCF type: GRKS | atoms: 16 | DOF: 48 | time: 18.315 s
  Atom   0:   2.8675175552e-03  -8.1945659782e-04   1.3124799678e-05
  Atom   1:   2.9000854319e-02   1.6201922760e-02   1.0701938083e-02
  Atom   2:   1.1317212696e-03   6.2200720568e-04   1.2382627811e-03
  Atom   3:  -6.3068875426e-04   1.9711632505e-03   6.3408183824e-05
  Atom   4:  -3.6031496042e-03   2.8352142953e-04   1.4370822822e-05
  Atom   5:  -1.4209447776e-02  -1.3539141199e-02  -1.1410098158e-02
  Atom   6:  -9.0607555426e-03  -7.7518428339e-03   3.4139874214e-03
  Atom   7:  -6.4061991613e-03   2.5930087443e-03  -4.0501868732e-03
  Atom   8:   2.1042413610e-03   5.4278557088e-04   2.0240744942e-04
  Atom   9:  -3.9271348312e-04  -2.3294190151e-04  -2.1928797644e-04
  Atom  10:   1.2627329469e-04   6.4002651679e-05   1.2499911489e-04
  Atom  11:  -7.1499026919e-06   4.6582119023e-04   1.5230261163e-04
  Atom  12:   2.2680718728e-04   2.1466699352e-04   3.3937978761e-04
  Atom  13:  -8.0828844964e-04  -9.3401211523e-04  -1.2976151469e-03
  Atom  14:  -1.6401211901e-04  -2.7938233864e-04   1.2066094480e-03
  Atom  15:  -1.7512223607e-04   5.9789377360e-04  -4.9267636273e-04
[OPT] step = 0  energy = -62.7723915201  dE =               N/A  grad_max =  2.9000854319e-02  grad_rms =  6.4418179695e-03
[OPT] Geometry optimization did not converge in 1 steps.
Kylin-PBC Done.
Timer "Kylin-PBC main" used time: 32.58728 s.
