Kylin-PBC: v1.0.0

System time = 2026-06-25 18:17:55

OMP threads = 32

KYLIN_PBC_ROOT = "/home/rudin/code/kylin-pbc"
KYLIN_SCR_PATH = "/tmp"
KYLIN_JOB_PATH = "/home/rudin/code/kylin-pbc/art/example/internal/CsI-HSE06-gamma-FTDF"

SCF.xcfun                      = HSE06
SCF.basis                      = dzvp-sr
SCF.psudo                      = gth-pbe
SCF.kmesh                      = 1 1 1
SCF.gmesh                      = 6.0e-01
SCF.ispin                      = OFF
SCF.dspin                      = 0
SCF.eps_engy                   = 3.7e-09 [AU]
SCF.eps_grad                   = 1.0e-05 [AU]
SCF.eps_dmat                   = 1.0e-03
SCF.chk_load                   = 
SCF.chk_save                   = 
SCF.scf_guess                  = ATOM
SCF.max_cycle                  = 200
SCF.vdw_method                 = NONE
SCF.coul_method                = MGDF
SCF.xchg_method                = FTDF
SCF.xchg_exxocc                = OFF
SCF.xchg_exxace                = NONE
SCF.xchg_robust                = TILE
SCF.xchg_exxdiv                = EWALD
SCF.xchg_dropG0                = ON
SCF.lsdf_cparam                = 30
SCF.lsdf_mparam                = 5
SCF.lsdf_ipslct                = QRCP
SCF.lsdf_chocut                = 1.0e-08
SCF.lsdf_atmcut                = 2.5e+01
SCF.lsdf_aovcut                = 1.0e-07
SCF.lsdf_swzcut                = 0.0e+00
SCF.lsdf_pnocut                = 0.0e+00
SCF.lsdf_nafcut                = 0.0e+00
SCF.mgdf_ntasks                = 4
SCF.mgdf_kratio                = 3.0e+00
SCF.mgdf_cutoff                = 3.0e+02 [AU]
SCF.mgdf_relcut                = 3.0e+01
SCF.mgdf_prprec                = 1.0e-14
SCF.dmx_mix_method             = NONE
SCF.dmx_mix_start              = 1
SCF.dmx_mix_space              = 8
SCF.dmx_mix_alpha              = 3.0e-01
SCF.rho_mix_method             = NONE
SCF.rho_mix_start              = 1
SCF.rho_mix_space              = 8
SCF.rho_mix_alpha              = 3.0e-01
SCF.hks_mix_method             = BROY
SCF.hks_mix_start              = 1
SCF.hks_mix_space              = 8
SCF.hks_mix_alpha              = 3.0e-01
SCF.damp_factor                = 0.0e+00
SCF.level_shift                = 0.0e+00 [AU]
SCF.smear_method               = NONE
SCF.smear_sigma                = 0.0e+00 [AU]
SCF.soc                        = OFF
SCF.soc_window                 = 1.8e+00 [AU]
SCF.print_bandgap              = OFF
SCF.print_time                 = OFF

OPT.opt_method                 = BFGS
OPT.max_cycle                  = 1
OPT.eps_engy                   = 4.0e-06 [AU]
OPT.eps_grad                   = 4.0e-04 [AU]
OPT.trust_limit                = 3.0e-01 [AU]
OPT.damp_factor                = 0.0e+00
OPT.opt_mix_method             = NONE
OPT.opt_mix_start              = 1
OPT.opt_mix_space              = 5
OPT.opt_mix_alpha              = 3.0e-01
OPT.neb_method                 = FIRE
OPT.neb_lclimb                 = ON
OPT.neb_interp                 = IDPP
OPT.neb_nimage                 = 5
OPT.neb_spring                 = 1.0e-02 [AU]
OPT.neb_maxstep                = 7.6e-02 [AU]

PROP.calculation               = NONE
FREQ.freq_method               = FREE2
FREQ.fd_stepsize               = 2.8e-02 [AU]
DOS.dos_method                 = GAUSS
DOS.dos_sigma                  = 3.7e-03 [AU]
DOS.dos_npoint                 = 1001
DOS.dos_emin                   = 0.0e+00 [AU]
DOS.dos_emax                   = 0.0e+00 [AU]

OPT.mdx_ensemble               = NVE
OPT.mdx_thermostat             = NHC
OPT.mdx_max_step               = 0
OPT.mdx_timestep               = 4.0e+01 [AU]
OPT.mdx_temperature            = 9.5e-04 [AU]
OPT.mdx_pressure               = 0.0e+00 [AU]
OPT.mdx_thermo_tau             = 4.0e+03 [AU]
OPT.mdx_baro_tau               = 2.0e+04 [AU]
OPT.mdx_nhc_length             = 3
OPT.mdx_nhc_mts                = 3
OPT.mdx_constraint             = OFF
OPT.mdx_constraint_tol         = 1.0e-10
OPT.mdx_rng_seed               = 42

K-points mesh = 1 1 1

xc functional: "HSE06"
is hybrid: YES
HFX coeff: 0.25

Basis Set Name: "dzvp-sr"
number of shell = 6
number of basis = 27
gmesh = 27 27 27

Pseudopotential Name: "gth-pbe"
number of valence electron = 16

OPT Calculation.

==============================================================
                   Geometry Optimization                      
==============================================================
  method      = BFGS
  max_cycle   = 1
  eps_engy    = 4.000000e-06
  eps_grad    = 4.000000e-04
  trust_limit = 0.300000
  natom       = 2
  nfree       = 6 / 6
==============================================================

--------------------------------------------------------------
  OPT step 0
--------------------------------------------------------------
[OPT] Cell structure (Angstrom):
       4.56700000       0.00000000       0.00000000
       0.00000000       4.56700000       0.00000000
       0.00000000       0.00000000       4.56700000

Cart
Cs         0.00000000       0.00000000       0.00000000   T T T
I          2.38350000       2.33350000       2.31350000   T T T

[OPT] Cell written to /home/rudin/code/kylin-pbc/art/example/internal/CsI-HSE06-gamma-FTDF/opt_img/cell_opt_0.txt
[NELEC] step = 0  nelec = 16  neInt = 16.000000  dnelc =  6.0303761984e-11
[ENERG] step = 0  eTotl = -30.52555551  eCore = 0.05075390  eCoul = 1.65640771  eExcl = -5.01936705  eNucl = -27.21335006  eDisp = 0.00000000
[ERROR] step = 0  engy error =  0.0000000000e+00  grad error =  0.0000000000e+00  dmat error =  0.0000000000e+00
Timer "SCF cycle: 0" used time: 0.488499 s.

[NELEC] step = 1  nelec = 16  neInt = 16.000000  dnelc = -2.5171875251e-08
[ENERG] step = 1  eTotl = -31.47602293  eCore = -3.35423687  eCoul = 4.91645093  eExcl = -5.82488693  eNucl = -27.21335006  eDisp = 0.00000000
[ERROR] step = 1  engy error = -9.5046741933e-01  grad error =  0.0000000000e+00  dmat error =  3.1670644307e+01
Timer "SCF cycle: 1" used time: 0.537823 s.

[NELEC] step = 2  nelec = 16  neInt = 16.000000  dnelc = -1.7688181586e-08
[ENERG] step = 2  eTotl = -31.54748527  eCore = -3.27042243  eCoul = 4.71273621  eExcl = -5.77644899  eNucl = -27.21335006  eDisp = 0.00000000
[ERROR] step = 2  engy error = -7.1462344787e-02  grad error =  0.0000000000e+00  dmat error =  1.7086463416e+01
Timer "SCF cycle: 2" used time: 0.528960 s.

[NELEC] step = 3  nelec = 16  neInt = 16.000000  dnelc =  7.3510975085e-10
[ENERG] step = 3  eTotl = -31.60347908  eCore = -2.95718042  eCoul = 4.21131416  eExcl = -5.64426276  eNucl = -27.21335006  eDisp = 0.00000000
[ERROR] step = 3  engy error = -5.5993801805e-02  grad error =  0.0000000000e+00  dmat error =  1.4124036312e+01
Timer "SCF cycle: 3" used time: 0.499302 s.

[NELEC] step = 4  nelec = 16  neInt = 16.000000  dnelc = -2.5871109699e-09
[ENERG] step = 4  eTotl = -31.60463475  eCore = -3.01548669  eCoul = 4.28635115  eExcl = -5.66214914  eNucl = -27.21335006  eDisp = 0.00000000
[ERROR] step = 4  engy error = -1.1556727339e-03  grad error =  0.0000000000e+00  dmat error =  9.9171518759e-01
Timer "SCF cycle: 4" used time: 0.494513 s.

[NELEC] step = 5  nelec = 16  neInt = 16.000000  dnelc = -1.0144667328e-09
[ENERG] step = 5  eTotl = -31.60489374  eCore = -2.98728580  eCoul = 4.24825464  eExcl = -5.65251251  eNucl = -27.21335006  eDisp = 0.00000000
[ERROR] step = 5  engy error = -2.5898738722e-04  grad error =  0.0000000000e+00  dmat error =  4.3764439009e-01
Timer "SCF cycle: 5" used time: 0.490829 s.

[NELEC] step = 6  nelec = 16  neInt = 16.000000  dnelc = -1.6607053510e-09
[ENERG] step = 6  eTotl = -31.60494672  eCore = -3.00069559  eCoul = 4.26676653  eExcl = -5.65766759  eNucl = -27.21335006  eDisp = 0.00000000
[ERROR] step = 6  engy error = -5.2984772214e-05  grad error =  0.0000000000e+00  dmat error =  1.8906955802e-01
Timer "SCF cycle: 6" used time: 0.491165 s.

[NELEC] step = 7  nelec = 16  neInt = 16.000000  dnelc = -1.5295089639e-09
[ENERG] step = 7  eTotl = -31.60495032  eCore = -2.99850374  eCoul = 4.26383763  eExcl = -5.65693415  eNucl = -27.21335006  eDisp = 0.00000000
[ERROR] step = 7  engy error = -3.6022328445e-06  grad error =  0.0000000000e+00  dmat error =  3.7081934948e-02
Timer "SCF cycle: 7" used time: 0.540492 s.

[NELEC] step = 8  nelec = 16  neInt = 16.000000  dnelc = -1.5408812004e-09
[ENERG] step = 8  eTotl = -31.60495033  eCore = -2.99861663  eCoul = 4.26396147  eExcl = -5.65694511  eNucl = -27.21335006  eDisp = 0.00000000
[ERROR] step = 8  engy error = -6.0658429391e-09  grad error =  0.0000000000e+00  dmat error =  3.2333857652e-03
Timer "SCF cycle: 8" used time: 0.511760 s.

[NELEC] step = 9  nelec = 16  neInt = 16.000000  dnelc = -1.5335164250e-09
[ENERG] step = 9  eTotl = -31.60495036  eCore = -2.99849563  eCoul = 4.26380073  eExcl = -5.65690540  eNucl = -27.21335006  eDisp = 0.00000000
[ERROR] step = 9  engy error = -3.4105369195e-08  grad error =  0.0000000000e+00  dmat error =  2.0282351024e-03
Timer "SCF cycle: 9" used time: 0.591767 s.

[NELEC] step = 10  nelec = 16  neInt = 16.000000  dnelc = -1.5328556202e-09
[ENERG] step = 10  eTotl = -31.60495036  eCore = -2.99848728  eCoul = 4.26379120  eExcl = -5.65690422  eNucl = -27.21335006  eDisp = 0.00000000
[ERROR] step = 10  engy error =  7.4468431421e-11  grad error =  0.0000000000e+00  dmat error =  2.0987182177e-04
SCF converged in 10 steps.
[GRADIENT] SCF type: GRKS | atoms: 2 | DOF: 6 | time: 7.566 s
  Atom   0:   2.8470448704e-03   1.4509336482e-03   8.7402616073e-04
  Atom   1:  -2.8484019216e-03  -1.4534051511e-03  -8.7516147175e-04
[OPT] step = 0  energy = -31.6049503629  dE =               N/A  grad_max =  2.8484019216e-03  grad_rms =  1.9133949896e-03
[OPT] Geometry optimization did not converge in 1 steps.
Kylin-PBC Done.
Timer "Kylin-PBC main" used time: 13.69390 s.
