Kylin-PBC: v1.0.0

System time = 2026-09-30 20:30:28

OMP threads = 32

KYLIN_PBC_ROOT = "/home/rudin/code/kylin-pbc"
KYLIN_SCR_PATH = "/tmp"
KYLIN_JOB_PATH = "/home/rudin/tmp-review-ionic/MgO16/chol/t1e-08"

SCF.xcfun                      = HSE06
SCF.basis                      = dzvp-sr
SCF.psudo                      = gth-pbe
SCF.kmesh                      = 1 1 1
SCF.gmesh                      = 5.0e-01
SCF.ispin                      = OFF
SCF.dspin                      = 0
SCF.eps_engy                   = 3.7e-09 [AU]
SCF.eps_grad                   = 1.0e-05 [AU]
SCF.eps_dmat                   = 1.0e-03
SCF.chk_load                   = 
SCF.chk_save                   = 
SCF.scf_guess                  = ATOM
SCF.max_cycle                  = 200
SCF.vdw_method                 = NONE
SCF.coul_method                = MGDF
SCF.xchg_method                = LSDF
SCF.xchg_exxocc                = OFF
SCF.xchg_exxace                = NONE
SCF.xchg_robust                = FULL
SCF.xchg_exxdiv                = EWALD
SCF.xchg_dropG0                = ON
SCF.lsdf_cparam                = 30
SCF.lsdf_mparam                = 5
SCF.lsdf_ipslct                = CHOL
SCF.lsdf_chocut                = 1.0e-08
SCF.lsdf_atmcut                = 2.5e+01
SCF.lsdf_aovcut                = 1.0e-07
SCF.lsdf_swzcut                = 0.0e+00
SCF.lsdf_pnocut                = 0.0e+00
SCF.lsdf_nafcut                = 0.0e+00
SCF.mgdf_ntasks                = 4
SCF.mgdf_kratio                = 3.0e+00
SCF.mgdf_cutoff                = 3.0e+02 [AU]
SCF.mgdf_relcut                = 3.0e+01
SCF.mgdf_prprec                = 1.0e-14
SCF.dmx_mix_method             = NONE
SCF.dmx_mix_start              = 1
SCF.dmx_mix_space              = 8
SCF.dmx_mix_alpha              = 3.0e-01
SCF.rho_mix_method             = NONE
SCF.rho_mix_start              = 1
SCF.rho_mix_space              = 8
SCF.rho_mix_alpha              = 3.0e-01
SCF.hks_mix_method             = BROY
SCF.hks_mix_start              = 1
SCF.hks_mix_space              = 8
SCF.hks_mix_alpha              = 3.0e-01
SCF.damp_factor                = 0.0e+00
SCF.level_shift                = 0.0e+00 [AU]
SCF.smear_method               = NONE
SCF.smear_sigma                = 0.0e+00 [AU]
SCF.soc                        = OFF
SCF.soc_window                 = 1.8e+00 [AU]
SCF.print_bandgap              = OFF
SCF.print_time                 = OFF

OPT.opt_method                 = BFGS
OPT.max_cycle                  = 1
OPT.eps_engy                   = 4.0e-06 [AU]
OPT.eps_grad                   = 4.0e-04 [AU]
OPT.trust_limit                = 3.0e-01 [AU]
OPT.damp_factor                = 0.0e+00
OPT.opt_mix_method             = NONE
OPT.opt_mix_start              = 1
OPT.opt_mix_space              = 5
OPT.opt_mix_alpha              = 3.0e-01
OPT.neb_method                 = FIRE
OPT.neb_lclimb                 = ON
OPT.neb_interp                 = IDPP
OPT.neb_nimage                 = 5
OPT.neb_spring                 = 1.0e-02 [AU]
OPT.neb_maxstep                = 7.6e-02 [AU]

PROP.calculation               = NONE
FREQ.freq_method               = FREE2
FREQ.fd_stepsize               = 2.8e-02 [AU]
DOS.dos_method                 = GAUSS
DOS.dos_sigma                  = 3.7e-03 [AU]
DOS.dos_npoint                 = 1001
DOS.dos_emin                   = 0.0e+00 [AU]
DOS.dos_emax                   = 0.0e+00 [AU]

OPT.mdx_ensemble               = NVE
OPT.mdx_thermostat             = NHC
OPT.mdx_max_step               = 0
OPT.mdx_timestep               = 4.0e+01 [AU]
OPT.mdx_temperature            = 9.5e-04 [AU]
OPT.mdx_pressure               = 0.0e+00 [AU]
OPT.mdx_thermo_tau             = 4.0e+03 [AU]
OPT.mdx_baro_tau               = 2.0e+04 [AU]
OPT.mdx_nhc_length             = 3
OPT.mdx_nhc_mts                = 3
OPT.mdx_constraint             = OFF
OPT.mdx_constraint_tol         = 1.0e-10
OPT.mdx_rng_seed               = 42

K-points mesh = 1 1 1

xc functional: "HSE06"
is hybrid: YES
HFX coeff: 0.25

Basis Set Name: "dzvp-sr"
number of shell = 40
number of basis = 176
gmesh = 98 98 195

Pseudopotential Name: "gth-pbe"
number of valence electron = 128

OPT Calculation.

==============================================================
                   Geometry Optimization                      
==============================================================
  method      = BFGS
  max_cycle   = 1
  eps_engy    = 4.000000e-06
  eps_grad    = 4.000000e-04
  trust_limit = 0.300000
  natom       = 16
  nfree       = 48 / 48
==============================================================

--------------------------------------------------------------
  OPT step 0
--------------------------------------------------------------
[OPT] Cell structure (Angstrom):
       4.21700000       0.00000000       0.00000000
       0.00000000       4.21700000       0.00000000
       0.00000000       0.00000000       8.43400000

Cart
Mg         0.00000000       0.00000000       0.00000000   T T T
Mg         0.10000000       2.15850000       2.13850000   T T T
Mg         2.10850000       0.00000000       2.10850000   T T T
Mg         2.10850000       2.10850000       0.00000000   T T T
O          2.10850000       2.10850000       2.10850000   T T T
O          2.10850000       4.21700000       4.21700000   T T T
O          4.21700000       2.10850000       4.21700000   T T T
O          4.21700000       4.21700000       2.10850000   T T T
Mg         0.00000000       0.00000000       4.21700000   T T T
Mg         0.00000000       2.10850000       6.32550000   T T T
Mg         2.10850000       0.00000000       6.32550000   T T T
Mg         2.10850000       2.10850000       4.21700000   T T T
O          2.10850000       2.10850000       6.32550000   T T T
O          2.10850000       4.21700000       8.43400000   T T T
O          4.21700000       2.10850000       8.43400000   T T T
O          4.21700000       4.21700000       6.32550000   T T T

[OPT] Cell written to /home/rudin/tmp-review-ionic/MgO16/chol/t1e-08/opt_img/cell_opt_0.txt
[LSDF] gmesh = (98, 98, 195), ngrid = 1872780, naofn = 176, natom = 16
Timer "[LSDF] Voronoi partition" used time: 0.022201 s.
Timer "[LSDF] AO evaluation + screening" used time: 4.543923 s.
[LSDF] IP method: pivoted Cholesky (thresh = 1.00e-08)
[LSDF] total IPs selected: 7363 (0.3932% of grid)
Timer "[LSDF] IP selection" used time: 14.34479 s.
Timer "[LSDF] aux basis fitting" used time: 5.105257 s.
[LSDF] Step 5 diagnostics: natom=16, ngrid=1872780, naux_total=7363
[LSDF]   OMP threads=32, MKL threads=32
[LSDF]   Vmat_loc total size: 7363 x 1872780 = 102.74 GB
Timer "[LSDF]   5a Vmat_loc alloc+FFT" used time: 7.789008 s.
[LSDF]   W size: 7363 x 7363 = 413.62 MB, max_npart=118186
Timer "[LSDF]   5b W construction (DGEMM)" used time: 4.690922 s.
Timer "[LSDF]   5c Wmat symmetrize" used time: 0.019606 s.
[LSDF]   robust_mode=FULL: keeping Vmat_loc (102.74 GB) in atom ordering
Timer "[LSDF] V/W construction" used time: 12.49972 s.
[LSDF] xchg phases: A=0.002 s, B(K_W)=0.020 s, C(K_V)=7.515 s, E(reduce)=0.001 s
[NELEC] step = 0  nelec = 128  neInt = 128.000000  dnelc = -3.6099123690e-09
[ENERG] step = 0  eTotl = -635.53100350  eCore = -337.00186663  eCoul = 174.38894144  eExcl = -94.40283873  eNucl = -378.51523958  eDisp = 0.00000000
[ERROR] step = 0  engy error =  0.0000000000e+00  grad error =  0.0000000000e+00  dmat error =  0.0000000000e+00
Timer "SCF cycle: 0" used time: 9.105707 s.

[LSDF] xchg phases: A=0.000 s, B(K_W)=0.025 s, C(K_V)=6.257 s, E(reduce)=0.000 s
[NELEC] step = 1  nelec = 128  neInt = 128.000000  dnelc = -1.8321145490e-08
[ENERG] step = 1  eTotl = -634.35871065  eCore = -366.69511892  eCoul = 212.72475101  eExcl = -101.87310316  eNucl = -378.51523958  eDisp = 0.00000000
[ERROR] step = 1  engy error =  1.1722928477e+00  grad error =  0.0000000000e+00  dmat error =  1.5801751948e+00
Timer "SCF cycle: 1" used time: 7.799948 s.

[LSDF] xchg phases: A=0.000 s, B(K_W)=0.025 s, C(K_V)=6.159 s, E(reduce)=0.000 s
[NELEC] step = 2  nelec = 128  neInt = 128.000000  dnelc = -1.8862337470e-08
[ENERG] step = 2  eTotl = -635.17878793  eCore = -362.43016011  eCoul = 205.69255813  eExcl = -99.92594637  eNucl = -378.51523958  eDisp = 0.00000000
[ERROR] step = 2  engy error = -8.2007728014e-01  grad error =  0.0000000000e+00  dmat error =  2.0801629084e-01
Timer "SCF cycle: 2" used time: 7.630251 s.

[LSDF] xchg phases: A=0.000 s, B(K_W)=0.025 s, C(K_V)=6.874 s, E(reduce)=0.000 s
[NELEC] step = 3  nelec = 128  neInt = 128.000000  dnelc = -1.6024728211e-08
[ENERG] step = 3  eTotl = -635.30525020  eCore = -358.12193639  eCoul = 199.76321593  eExcl = -98.43129015  eNucl = -378.51523958  eDisp = 0.00000000
[ERROR] step = 3  engy error = -1.2646226337e-01  grad error =  0.0000000000e+00  dmat error =  2.6428818296e-01
Timer "SCF cycle: 3" used time: 8.345266 s.

[LSDF] xchg phases: A=0.000 s, B(K_W)=0.024 s, C(K_V)=5.685 s, E(reduce)=0.000 s
[NELEC] step = 4  nelec = 128  neInt = 128.000000  dnelc = -1.3421697531e-08
[ENERG] step = 4  eTotl = -635.32709663  eCore = -357.76599320  eCoul = 199.46282927  eExcl = -98.50869312  eNucl = -378.51523958  eDisp = 0.00000000
[ERROR] step = 4  engy error = -2.1846433143e-02  grad error =  0.0000000000e+00  dmat error =  7.8949611247e-02
Timer "SCF cycle: 4" used time: 7.176620 s.

[LSDF] xchg phases: A=0.000 s, B(K_W)=0.024 s, C(K_V)=6.123 s, E(reduce)=0.000 s
[NELEC] step = 5  nelec = 128  neInt = 128.000000  dnelc = -1.4377604884e-08
[ENERG] step = 5  eTotl = -635.32846953  eCore = -358.27098525  eCoul = 200.10812403  eExcl = -98.65036872  eNucl = -378.51523958  eDisp = 0.00000000
[ERROR] step = 5  engy error = -1.3728960978e-03  grad error =  0.0000000000e+00  dmat error =  3.6473891546e-02
Timer "SCF cycle: 5" used time: 7.594743 s.

[LSDF] xchg phases: A=0.000 s, B(K_W)=0.053 s, C(K_V)=6.208 s, E(reduce)=0.000 s
[NELEC] step = 6  nelec = 128  neInt = 128.000000  dnelc = -1.4317805608e-08
[ENERG] step = 6  eTotl = -635.32848442  eCore = -358.22987028  eCoul = 200.05569636  eExcl = -98.63907092  eNucl = -378.51523958  eDisp = 0.00000000
[ERROR] step = 6  engy error = -1.4894336800e-05  grad error =  0.0000000000e+00  dmat error =  3.0434347197e-03
Timer "SCF cycle: 6" used time: 7.729339 s.

[LSDF] xchg phases: A=0.002 s, B(K_W)=0.021 s, C(K_V)=7.087 s, E(reduce)=0.000 s
[NELEC] step = 7  nelec = 128  neInt = 128.000000  dnelc = -1.4319027741e-08
[ENERG] step = 7  eTotl = -635.32848495  eCore = -358.22736213  eCoul = 200.05249728  eExcl = -98.63838051  eNucl = -378.51523958  eDisp = 0.00000000
[ERROR] step = 7  engy error = -5.2415339269e-07  grad error =  0.0000000000e+00  dmat error =  2.5697081590e-04
Timer "SCF cycle: 7" used time: 8.719780 s.

[NELEC] step = 8  nelec = 128  neInt = 128.000000  dnelc = -1.4323276787e-08
[ENERG] step = 8  eTotl = -635.32848518  eCore = -358.22677984  eCoul = 200.05189263  eExcl = -98.63835839  eNucl = -378.51523958  eDisp = 0.00000000
[ERROR] step = 8  engy error = -2.3714244435e-07  grad error =  0.0000000000e+00  dmat error =  2.2637017128e-04
Timer "SCF cycle: 8" used time: 6.483393 s.

[NELEC] step = 9  nelec = 128  neInt = 128.000000  dnelc = -1.4324442077e-08
[ENERG] step = 9  eTotl = -635.32848519  eCore = -358.22675569  eCoul = 200.05183087  eExcl = -98.63832078  eNucl = -378.51523958  eDisp = 0.00000000
[ERROR] step = 9  engy error = -7.1059957918e-09  grad error =  0.0000000000e+00  dmat error =  4.3236846669e-05
Timer "SCF cycle: 9" used time: 6.156645 s.

[NELEC] step = 10  nelec = 128  neInt = 128.000000  dnelc = -1.4324101016e-08
[ENERG] step = 10  eTotl = -635.32848519  eCore = -358.22660576  eCoul = 200.05166745  eExcl = -98.63830730  eNucl = -378.51523958  eDisp = 0.00000000
[ERROR] step = 10  engy error = -3.9017322706e-10  grad error =  0.0000000000e+00  dmat error =  2.1311433963e-05
SCF converged in 10 steps.
[LSDF] xchg_d10: ISDF-robust path (K_V + K_V~ - K_IP)
[GRADIENT] SCF type: GRKS | atoms: 16 | DOF: 48 | time: 62.176 s
  Atom   0:  -9.3983617226e-05  -4.3883476571e-04  -2.7593127525e-04
  Atom   1:   2.1915306718e-02   1.0009781944e-02   7.2002078545e-03
  Atom   2:  -5.7984606889e-03  -2.9417306637e-03  -1.4986660838e-03
  Atom   3:  -1.5177192890e-03   1.4951291297e-04  -3.6332542342e-04
  Atom   4:  -5.1070658810e-03  -1.4567578891e-03  -1.3674219809e-03
  Atom   5:   6.3963657299e-04   3.2307053708e-04   2.1477060877e-04
  Atom   6:  -1.9838349243e-03  -9.9121809809e-04  -8.5443599754e-04
  Atom   7:  -3.0673435744e-03  -2.1850821499e-03  -1.4101215657e-03
  Atom   8:   1.1658357020e-03  -1.5730667346e-03  -8.1888015222e-04
  Atom   9:  -1.0231894650e-04  -5.2635213957e-05   1.9429851912e-03
  Atom  10:   4.2529842591e-05   2.1022092367e-05   2.3735042445e-03
  Atom  11:  -3.1698818235e-03   5.8644859924e-04  -1.1318184601e-03
  Atom  12:  -2.3261987939e-04   4.3166504285e-05   5.0482386029e-04
  Atom  13:   5.8654701859e-04   2.9744683185e-04   2.5027420776e-05
  Atom  14:  -1.9112261723e-03  -9.5502282205e-04  -6.9986205923e-04
  Atom  15:   8.5792071114e-05  -1.1620294420e-04   5.0359008786e-04
[OPT] step = 0  energy = -635.3284851897  dE =               N/A  grad_max =  2.1915306718e-02  grad_rms =  3.9887991557e-03
[OPT] Geometry optimization did not converge in 1 steps.
Kylin-PBC Done.
Timer "Kylin-PBC main" used time: 193.1707 s.
