Kylin-PBC: v1.0.0

System time = 2026-06-28 02:40:16

OMP threads = 32

KYLIN_PBC_ROOT = "/home/rudin/code/kylin-pbc"
KYLIN_SCR_PATH = "/tmp"
KYLIN_JOB_PATH = "/home/rudin/code/kylin-pbc/art/example/fd-verify/MgO/xm"

SCF.xcfun                      = HSE06
SCF.basis                      = dzvp-sr
SCF.psudo                      = gth-pbe
SCF.kmesh                      = 1 1 1
SCF.gmesh                      = 6.0e-01
SCF.ispin                      = OFF
SCF.dspin                      = 0
SCF.eps_engy                   = 1.0e-06 [AU]
SCF.eps_grad                   = 1.0e-05 [AU]
SCF.eps_dmat                   = 1.0e-03
SCF.chk_load                   = 
SCF.chk_save                   = 
SCF.scf_guess                  = ATOM
SCF.max_cycle                  = 200
SCF.vdw_method                 = NONE
SCF.coul_method                = FTDF
SCF.xchg_method                = LSDF
SCF.xchg_exxocc                = OFF
SCF.xchg_exxace                = NONE
SCF.xchg_robust                = TILE
SCF.xchg_exxdiv                = NONE
SCF.xchg_dropG0                = OFF
SCF.lsdf_cparam                = 30
SCF.lsdf_mparam                = 5
SCF.lsdf_ipslct                = QRCP
SCF.lsdf_chocut                = 1.0e-08
SCF.lsdf_atmcut                = 2.5e+01
SCF.lsdf_aovcut                = 1.0e-07
SCF.lsdf_swzcut                = 0.0e+00
SCF.lsdf_pnocut                = 0.0e+00
SCF.lsdf_nafcut                = 0.0e+00
SCF.mgdf_ntasks                = 4
SCF.mgdf_kratio                = 3.0e+00
SCF.mgdf_cutoff                = 3.0e+02 [AU]
SCF.mgdf_relcut                = 3.0e+01
SCF.mgdf_prprec                = 1.0e-14
SCF.dmx_mix_method             = NONE
SCF.dmx_mix_start              = 1
SCF.dmx_mix_space              = 8
SCF.dmx_mix_alpha              = 3.0e-01
SCF.rho_mix_method             = NONE
SCF.rho_mix_start              = 1
SCF.rho_mix_space              = 8
SCF.rho_mix_alpha              = 3.0e-01
SCF.hks_mix_method             = BROY
SCF.hks_mix_start              = 1
SCF.hks_mix_space              = 8
SCF.hks_mix_alpha              = 3.0e-01
SCF.damp_factor                = 0.0e+00
SCF.level_shift                = 0.0e+00 [AU]
SCF.smear_method               = NONE
SCF.smear_sigma                = 0.0e+00 [AU]
SCF.soc                        = OFF
SCF.soc_window                 = 1.8e+00 [AU]
SCF.print_bandgap              = OFF
SCF.print_time                 = OFF

OPT.opt_method                 = BFGS
OPT.max_cycle                  = 0
OPT.eps_engy                   = 4.0e-06 [AU]
OPT.eps_grad                   = 4.0e-04 [AU]
OPT.trust_limit                = 3.0e-01 [AU]
OPT.damp_factor                = 0.0e+00
OPT.opt_mix_method             = NONE
OPT.opt_mix_start              = 1
OPT.opt_mix_space              = 5
OPT.opt_mix_alpha              = 3.0e-01
OPT.neb_method                 = FIRE
OPT.neb_lclimb                 = ON
OPT.neb_interp                 = IDPP
OPT.neb_nimage                 = 5
OPT.neb_spring                 = 1.0e-02 [AU]
OPT.neb_maxstep                = 7.6e-02 [AU]

PROP.calculation               = NONE
FREQ.freq_method               = FREE2
FREQ.fd_stepsize               = 2.8e-02 [AU]
DOS.dos_method                 = GAUSS
DOS.dos_sigma                  = 3.7e-03 [AU]
DOS.dos_npoint                 = 1001
DOS.dos_emin                   = 0.0e+00 [AU]
DOS.dos_emax                   = 0.0e+00 [AU]

OPT.mdx_ensemble               = NVE
OPT.mdx_thermostat             = NHC
OPT.mdx_max_step               = 0
OPT.mdx_timestep               = 4.0e+01 [AU]
OPT.mdx_temperature            = 9.5e-04 [AU]
OPT.mdx_pressure               = 0.0e+00 [AU]
OPT.mdx_thermo_tau             = 4.0e+03 [AU]
OPT.mdx_baro_tau               = 2.0e+04 [AU]
OPT.mdx_nhc_length             = 3
OPT.mdx_nhc_mts                = 3
OPT.mdx_constraint             = OFF
OPT.mdx_constraint_tol         = 1.0e-10
OPT.mdx_rng_seed               = 42

K-points mesh = 1 1 1

xc functional: "HSE06"
is hybrid: YES
HFX coeff: 0.25

Basis Set Name: "dzvp-sr"
number of shell = 5
number of basis = 22
gmesh = 83 83 83

Pseudopotential Name: "gth-pbe"
number of valence electron = 16

SCF Calculation.
Gamma point
[LSDF] gmesh = (83, 83, 83), ngrid = 571787, naofn = 22, natom = 2
Timer "[LSDF] Voronoi partition" used time: 0.010179 s.
Timer "[LSDF] AO evaluation + screening" used time: 1.173143 s.
[LSDF] IP method: randomized QRCP (c=30, m=5)
[LSDF] total IPs selected: 504 (0.0881% of grid)
Timer "[LSDF] IP selection" used time: 4.369171 s.
Timer "[LSDF] aux basis fitting" used time: 0.612329 s.
[LSDF] Step 5 diagnostics: natom=2, ngrid=571787, naux_total=504
[LSDF]   OMP threads=32, MKL threads=32
[LSDF]   Vmat_loc total size: 504 x 571787 = 2.15 GB
Timer "[LSDF]   5a Vmat_loc alloc+FFT" used time: 0.601976 s.
[LSDF]   W size: 504 x 504 = 1.94 MB, max_npart=285903
Timer "[LSDF]   5b W construction (DGEMM)" used time: 0.058892 s.
Timer "[LSDF]   5c Wmat symmetrize" used time: 0.000330 s.
[LSDF]   5e Vatm_nby tile extraction starting... (robust_mode=TILE)
[LSDF]   Vatm_nby: range_sep=true
[LSDF]     Vatm_nby tile: 2/2 atoms, cumul 2.15 GB
[LSDF]   Vatm_nby total tile memory: 2.15 GB
Timer "[LSDF]   5e Vatm_nby tile extraction" used time: 0.098165 s.
Timer "[LSDF] V/W construction" used time: 0.834307 s.
[LSDF] xchg phases: A=0.000 s, B(K_W)=0.000 s, C(K_V)=0.129 s, E(reduce)=0.000 s
[NELEC] step = 0  nelec = 16  neInt = 16.000000  dnelc = -9.0594198809e-13
[ENERG] step = 0  eTotl = -81.89726124  eCore = -24.65772894  eCoul = 8.21175481  eExcl = -18.17056826  eNucl = -47.28071886  eDisp = 0.00000000
[ERROR] step = 0  engy error =  0.0000000000e+00  grad error =  0.0000000000e+00  dmat error =  0.0000000000e+00
Timer "SCF cycle: 0" used time: 3.460903 s.

[LSDF] xchg phases: A=0.000 s, B(K_W)=0.000 s, C(K_V)=0.104 s, E(reduce)=0.000 s
[NELEC] step = 1  nelec = 16  neInt = 16.000000  dnelc =  7.1054273576e-14
[ENERG] step = 1  eTotl = -81.16812606  eCore = -47.53032904  eCoul = 30.34192036  eExcl = -16.69899852  eNucl = -47.28071886  eDisp = 0.00000000
[ERROR] step = 1  engy error =  7.2913518419e-01  grad error =  0.0000000000e+00  dmat error =  1.7129610110e+00
Timer "SCF cycle: 1" used time: 1.910347 s.

[LSDF] xchg phases: A=0.000 s, B(K_W)=0.000 s, C(K_V)=0.104 s, E(reduce)=0.000 s
[NELEC] step = 2  nelec = 16  neInt = 16.000000  dnelc =  7.1054273576e-15
[ENERG] step = 2  eTotl = -81.69925537  eCore = -46.90724683  eCoul = 28.85540705  eExcl = -16.36669673  eNucl = -47.28071886  eDisp = 0.00000000
[ERROR] step = 2  engy error = -5.3112930853e-01  grad error =  0.0000000000e+00  dmat error =  3.7784079508e-01
Timer "SCF cycle: 2" used time: 1.907932 s.

[LSDF] xchg phases: A=0.000 s, B(K_W)=0.000 s, C(K_V)=0.231 s, E(reduce)=0.000 s
[NELEC] step = 3  nelec = 16  neInt = 16.000000  dnelc = -1.1013412404e-13
[ENERG] step = 3  eTotl = -82.23927448  eCore = -44.17999206  eCoul = 24.77042934  eExcl = -15.54899290  eNucl = -47.28071886  eDisp = 0.00000000
[ERROR] step = 3  engy error = -5.4001911454e-01  grad error =  0.0000000000e+00  dmat error =  9.8079386082e-01
Timer "SCF cycle: 3" used time: 2.039117 s.

[LSDF] xchg phases: A=0.000 s, B(K_W)=0.000 s, C(K_V)=0.162 s, E(reduce)=0.000 s
[NELEC] step = 4  nelec = 16  neInt = 16.000000  dnelc = -1.1013412404e-13
[ENERG] step = 4  eTotl = -82.26123403  eCore = -44.35081625  eCoul = 24.98029997  eExcl = -15.60999890  eNucl = -47.28071886  eDisp = 0.00000000
[ERROR] step = 4  engy error = -2.1959552150e-02  grad error =  0.0000000000e+00  dmat error =  9.8632137178e-02
Timer "SCF cycle: 4" used time: 1.960401 s.

[LSDF] xchg phases: A=0.000 s, B(K_W)=0.000 s, C(K_V)=0.256 s, E(reduce)=0.000 s
[NELEC] step = 5  nelec = 16  neInt = 16.000000  dnelc = -1.1723955140e-13
[ENERG] step = 5  eTotl = -82.28582749  eCore = -44.74356303  eCoul = 25.48867530  eExcl = -15.75022090  eNucl = -47.28071886  eDisp = 0.00000000
[ERROR] step = 5  engy error = -2.4593460498e-02  grad error =  0.0000000000e+00  dmat error =  2.5159810318e-01
Timer "SCF cycle: 5" used time: 2.072969 s.

[LSDF] xchg phases: A=0.000 s, B(K_W)=0.000 s, C(K_V)=0.227 s, E(reduce)=0.000 s
[NELEC] step = 6  nelec = 16  neInt = 16.000000  dnelc = -1.1723955140e-13
[ENERG] step = 6  eTotl = -82.28865842  eCore = -44.78747029  eCoul = 25.53763460  eExcl = -15.75810388  eNucl = -47.28071886  eDisp = 0.00000000
[ERROR] step = 6  engy error = -2.8309285848e-03  grad error =  0.0000000000e+00  dmat error =  4.5436286015e-02
Timer "SCF cycle: 6" used time: 2.038996 s.

[LSDF] xchg phases: A=0.000 s, B(K_W)=0.000 s, C(K_V)=0.202 s, E(reduce)=0.000 s
[NELEC] step = 7  nelec = 16  neInt = 16.000000  dnelc = -1.1723955140e-13
[ENERG] step = 7  eTotl = -82.28881328  eCore = -44.79575235  eCoul = 25.54815383  eExcl = -15.76049590  eNucl = -47.28071886  eDisp = 0.00000000
[ERROR] step = 7  engy error = -1.5485420217e-04  grad error =  0.0000000000e+00  dmat error =  6.5966882995e-03
Timer "SCF cycle: 7" used time: 2.008389 s.

[NELEC] step = 8  nelec = 16  neInt = 16.000000  dnelc = -1.1368683772e-13
[ENERG] step = 8  eTotl = -82.28916294  eCore = -44.80330211  eCoul = 25.55922838  eExcl = -15.76437036  eNucl = -47.28071886  eDisp = 0.00000000
[ERROR] step = 8  engy error = -3.4966640681e-04  grad error =  0.0000000000e+00  dmat error =  2.0724863573e-02
Timer "SCF cycle: 8" used time: 2.002181 s.

[NELEC] step = 9  nelec = 16  neInt = 16.000000  dnelc = -1.1723955140e-13
[ENERG] step = 9  eTotl = -82.28941008  eCore = -44.79808233  eCoul = 25.55197784  eExcl = -15.76258673  eNucl = -47.28071886  eDisp = 0.00000000
[ERROR] step = 9  engy error = -2.4713770851e-04  grad error =  0.0000000000e+00  dmat error =  3.6229526298e-02
Timer "SCF cycle: 9" used time: 1.947973 s.

[NELEC] step = 10  nelec = 16  neInt = 16.000000  dnelc = -1.1723955140e-13
[ENERG] step = 10  eTotl = -82.28942507  eCore = -44.79766125  eCoul = 25.55175796  eExcl = -15.76280292  eNucl = -47.28071886  eDisp = 0.00000000
[ERROR] step = 10  engy error = -1.4991668849e-05  grad error =  0.0000000000e+00  dmat error =  2.3783343106e-03
Timer "SCF cycle: 10" used time: 1.954408 s.

[NELEC] step = 11  nelec = 16  neInt = 16.000000  dnelc = -1.2434497876e-13
[ENERG] step = 11  eTotl = -82.28943420  eCore = -44.79675336  eCoul = 25.55080054  eExcl = -15.76276252  eNucl = -47.28071886  eDisp = 0.00000000
[ERROR] step = 11  engy error = -9.1244356213e-06  grad error =  0.0000000000e+00  dmat error =  4.4806251086e-03
Timer "SCF cycle: 11" used time: 1.944585 s.

[NELEC] step = 12  nelec = 16  neInt = 16.000000  dnelc = -1.1723955140e-13
[ENERG] step = 12  eTotl = -82.28943528  eCore = -44.79681405  eCoul = 25.55089589  eExcl = -15.76279826  eNucl = -47.28071886  eDisp = 0.00000000
[ERROR] step = 12  engy error = -1.0845191127e-06  grad error =  0.0000000000e+00  dmat error =  1.8913233547e-03
Timer "SCF cycle: 12" used time: 1.907792 s.

[NELEC] step = 13  nelec = 16  neInt = 16.000000  dnelc = -1.1368683772e-13
[ENERG] step = 13  eTotl = -82.28943558  eCore = -44.79689591  eCoul = 25.55106621  eExcl = -15.76288702  eNucl = -47.28071886  eDisp = 0.00000000
[ERROR] step = 13  engy error = -2.9802593815e-07  grad error =  0.0000000000e+00  dmat error =  1.4226074543e-03
Timer "SCF cycle: 13" used time: 1.902716 s.

[NELEC] step = 14  nelec = 16  neInt = 16.000000  dnelc = -1.1723955140e-13
[ENERG] step = 14  eTotl = -82.28943559  eCore = -44.79686181  eCoul = 25.55103829  eExcl = -15.76289321  eNucl = -47.28071886  eDisp = 0.00000000
[ERROR] step = 14  engy error = -9.3513818911e-09  grad error =  0.0000000000e+00  dmat error =  1.4352989414e-04
SCF converged in 14 steps.
Kylin-PBC Done.
Timer "Kylin-PBC main" used time: 41.41063 s.
