Kylin-PBC: v1.0.0

System time = 2026-09-30 20:28:08

OMP threads = 32

KYLIN_PBC_ROOT = "/home/rudin/code/kylin-pbc"
KYLIN_SCR_PATH = "/tmp"
KYLIN_JOB_PATH = "/home/rudin/tmp-review-ionic/MgO16/none/c60"

SCF.xcfun                      = HSE06
SCF.basis                      = dzvp-sr
SCF.psudo                      = gth-pbe
SCF.kmesh                      = 1 1 1
SCF.gmesh                      = 5.0e-01
SCF.ispin                      = OFF
SCF.dspin                      = 0
SCF.eps_engy                   = 3.7e-09 [AU]
SCF.eps_grad                   = 1.0e-05 [AU]
SCF.eps_dmat                   = 1.0e-03
SCF.chk_load                   = 
SCF.chk_save                   = 
SCF.scf_guess                  = ATOM
SCF.max_cycle                  = 200
SCF.vdw_method                 = NONE
SCF.coul_method                = MGDF
SCF.xchg_method                = LSDF
SCF.xchg_exxocc                = OFF
SCF.xchg_exxace                = NONE
SCF.xchg_robust                = NONE
SCF.xchg_exxdiv                = EWALD
SCF.xchg_dropG0                = ON
SCF.lsdf_cparam                = 60
SCF.lsdf_mparam                = 5
SCF.lsdf_ipslct                = QRCP
SCF.lsdf_chocut                = 1.0e-08
SCF.lsdf_atmcut                = 2.5e+01
SCF.lsdf_aovcut                = 1.0e-07
SCF.lsdf_swzcut                = 0.0e+00
SCF.lsdf_pnocut                = 0.0e+00
SCF.lsdf_nafcut                = 0.0e+00
SCF.mgdf_ntasks                = 4
SCF.mgdf_kratio                = 3.0e+00
SCF.mgdf_cutoff                = 3.0e+02 [AU]
SCF.mgdf_relcut                = 3.0e+01
SCF.mgdf_prprec                = 1.0e-14
SCF.dmx_mix_method             = NONE
SCF.dmx_mix_start              = 1
SCF.dmx_mix_space              = 8
SCF.dmx_mix_alpha              = 3.0e-01
SCF.rho_mix_method             = NONE
SCF.rho_mix_start              = 1
SCF.rho_mix_space              = 8
SCF.rho_mix_alpha              = 3.0e-01
SCF.hks_mix_method             = BROY
SCF.hks_mix_start              = 1
SCF.hks_mix_space              = 8
SCF.hks_mix_alpha              = 3.0e-01
SCF.damp_factor                = 0.0e+00
SCF.level_shift                = 0.0e+00 [AU]
SCF.smear_method               = NONE
SCF.smear_sigma                = 0.0e+00 [AU]
SCF.soc                        = OFF
SCF.soc_window                 = 1.8e+00 [AU]
SCF.print_bandgap              = OFF
SCF.print_time                 = OFF

OPT.opt_method                 = BFGS
OPT.max_cycle                  = 1
OPT.eps_engy                   = 4.0e-06 [AU]
OPT.eps_grad                   = 4.0e-04 [AU]
OPT.trust_limit                = 3.0e-01 [AU]
OPT.damp_factor                = 0.0e+00
OPT.opt_mix_method             = NONE
OPT.opt_mix_start              = 1
OPT.opt_mix_space              = 5
OPT.opt_mix_alpha              = 3.0e-01
OPT.neb_method                 = FIRE
OPT.neb_lclimb                 = ON
OPT.neb_interp                 = IDPP
OPT.neb_nimage                 = 5
OPT.neb_spring                 = 1.0e-02 [AU]
OPT.neb_maxstep                = 7.6e-02 [AU]

PROP.calculation               = NONE
FREQ.freq_method               = FREE2
FREQ.fd_stepsize               = 2.8e-02 [AU]
DOS.dos_method                 = GAUSS
DOS.dos_sigma                  = 3.7e-03 [AU]
DOS.dos_npoint                 = 1001
DOS.dos_emin                   = 0.0e+00 [AU]
DOS.dos_emax                   = 0.0e+00 [AU]

OPT.mdx_ensemble               = NVE
OPT.mdx_thermostat             = NHC
OPT.mdx_max_step               = 0
OPT.mdx_timestep               = 4.0e+01 [AU]
OPT.mdx_temperature            = 9.5e-04 [AU]
OPT.mdx_pressure               = 0.0e+00 [AU]
OPT.mdx_thermo_tau             = 4.0e+03 [AU]
OPT.mdx_baro_tau               = 2.0e+04 [AU]
OPT.mdx_nhc_length             = 3
OPT.mdx_nhc_mts                = 3
OPT.mdx_constraint             = OFF
OPT.mdx_constraint_tol         = 1.0e-10
OPT.mdx_rng_seed               = 42

K-points mesh = 1 1 1

xc functional: "HSE06"
is hybrid: YES
HFX coeff: 0.25

Basis Set Name: "dzvp-sr"
number of shell = 40
number of basis = 176
gmesh = 98 98 195

Pseudopotential Name: "gth-pbe"
number of valence electron = 128

OPT Calculation.

==============================================================
                   Geometry Optimization                      
==============================================================
  method      = BFGS
  max_cycle   = 1
  eps_engy    = 4.000000e-06
  eps_grad    = 4.000000e-04
  trust_limit = 0.300000
  natom       = 16
  nfree       = 48 / 48
==============================================================

--------------------------------------------------------------
  OPT step 0
--------------------------------------------------------------
[OPT] Cell structure (Angstrom):
       4.21700000       0.00000000       0.00000000
       0.00000000       4.21700000       0.00000000
       0.00000000       0.00000000       8.43400000

Cart
Mg         0.00000000       0.00000000       0.00000000   T T T
Mg         0.10000000       2.15850000       2.13850000   T T T
Mg         2.10850000       0.00000000       2.10850000   T T T
Mg         2.10850000       2.10850000       0.00000000   T T T
O          2.10850000       2.10850000       2.10850000   T T T
O          2.10850000       4.21700000       4.21700000   T T T
O          4.21700000       2.10850000       4.21700000   T T T
O          4.21700000       4.21700000       2.10850000   T T T
Mg         0.00000000       0.00000000       4.21700000   T T T
Mg         0.00000000       2.10850000       6.32550000   T T T
Mg         2.10850000       0.00000000       6.32550000   T T T
Mg         2.10850000       2.10850000       4.21700000   T T T
O          2.10850000       2.10850000       6.32550000   T T T
O          2.10850000       4.21700000       8.43400000   T T T
O          4.21700000       2.10850000       8.43400000   T T T
O          4.21700000       4.21700000       6.32550000   T T T

[OPT] Cell written to /home/rudin/tmp-review-ionic/MgO16/none/c60/opt_img/cell_opt_0.txt
[LSDF] gmesh = (98, 98, 195), ngrid = 1872780, naofn = 176, natom = 16
Timer "[LSDF] Voronoi partition" used time: 0.022570 s.
Timer "[LSDF] AO evaluation + screening" used time: 4.587391 s.
[LSDF] IP method: randomized QRCP (c=60, m=5)
[LSDF] total IPs selected: 10640 (0.5681% of grid)
Timer "[LSDF] IP selection" used time: 38.78117 s.
Timer "[LSDF] aux basis fitting" used time: 7.165740 s.
[LSDF] Step 5 diagnostics: natom=16, ngrid=1872780, naux_total=10640
[LSDF]   OMP threads=32, MKL threads=32
[LSDF]   Vmat_loc total size: 10640 x 1872780 = 148.46 GB
Timer "[LSDF]   5a Vmat_loc alloc+FFT" used time: 11.17807 s.
[LSDF]   W size: 10640 x 10640 = 863.72 MB, max_npart=118186
Timer "[LSDF]   5b W construction (DGEMM)" used time: 12.41993 s.
Timer "[LSDF]   5c Wmat symmetrize" used time: 0.048686 s.
[LSDF]   robust_mode=NONE: freeing Vmat_loc
Timer "[LSDF] V/W construction" used time: 30.07928 s.
[LSDF] xchg phases: A=0.004 s, B(K_W)=0.085 s, C(K_V)=0.000 s, E(reduce)=0.000 s
[NELEC] step = 0  nelec = 128  neInt = 128.000000  dnelc = -3.6099123690e-09
[ENERG] step = 0  eTotl = -635.53102642  eCore = -337.00186663  eCoul = 174.38894144  eExcl = -94.40286165  eNucl = -378.51523958  eDisp = 0.00000000
[ERROR] step = 0  engy error =  0.0000000000e+00  grad error =  0.0000000000e+00  dmat error =  0.0000000000e+00
Timer "SCF cycle: 0" used time: 1.662891 s.

[LSDF] xchg phases: A=0.001 s, B(K_W)=0.042 s, C(K_V)=0.000 s, E(reduce)=0.000 s
[NELEC] step = 1  nelec = 128  neInt = 128.000000  dnelc = -1.8320449158e-08
[ENERG] step = 1  eTotl = -634.35873131  eCore = -366.69515994  eCoul = 212.72481639  eExcl = -101.87314818  eNucl = -378.51523958  eDisp = 0.00000000
[ERROR] step = 1  engy error =  1.1722951096e+00  grad error =  0.0000000000e+00  dmat error =  1.5801121770e+00
Timer "SCF cycle: 1" used time: 1.531656 s.

[LSDF] xchg phases: A=0.001 s, B(K_W)=0.039 s, C(K_V)=0.000 s, E(reduce)=0.000 s
[NELEC] step = 2  nelec = 128  neInt = 128.000000  dnelc = -1.8861726403e-08
[ENERG] step = 2  eTotl = -635.17881042  eCore = -362.43020143  eCoul = 205.69261681  eExcl = -99.92598623  eNucl = -378.51523958  eDisp = 0.00000000
[ERROR] step = 2  engy error = -8.2007911173e-01  grad error =  0.0000000000e+00  dmat error =  2.0801644648e-01
Timer "SCF cycle: 2" used time: 1.492314 s.

[LSDF] xchg phases: A=0.002 s, B(K_W)=0.038 s, C(K_V)=0.000 s, E(reduce)=0.000 s
[NELEC] step = 3  nelec = 128  neInt = 128.000000  dnelc = -1.6024102933e-08
[ENERG] step = 3  eTotl = -635.30527289  eCore = -358.12197406  eCoul = 199.76326471  eExcl = -98.43132396  eNucl = -378.51523958  eDisp = 0.00000000
[ERROR] step = 3  engy error = -1.2646246824e-01  grad error =  0.0000000000e+00  dmat error =  2.6428671463e-01
Timer "SCF cycle: 3" used time: 1.490836 s.

[LSDF] xchg phases: A=0.004 s, B(K_W)=0.039 s, C(K_V)=0.000 s, E(reduce)=0.000 s
[NELEC] step = 4  nelec = 128  neInt = 128.000000  dnelc = -1.3421285416e-08
[ENERG] step = 4  eTotl = -635.32711942  eCore = -357.76602941  eCoul = 199.46287649  eExcl = -98.50872692  eNucl = -378.51523958  eDisp = 0.00000000
[ERROR] step = 4  engy error = -2.1846528670e-02  grad error =  0.0000000000e+00  dmat error =  7.8950377165e-02
Timer "SCF cycle: 4" used time: 1.544427 s.

[LSDF] xchg phases: A=0.003 s, B(K_W)=0.054 s, C(K_V)=0.000 s, E(reduce)=0.000 s
[NELEC] step = 5  nelec = 128  neInt = 128.000000  dnelc = -1.4377036450e-08
[ENERG] step = 5  eTotl = -635.32849230  eCore = -358.27101857  eCoul = 200.10816764  eExcl = -98.65040179  eNucl = -378.51523958  eDisp = 0.00000000
[ERROR] step = 5  engy error = -1.3728803900e-03  grad error =  0.0000000000e+00  dmat error =  3.6472644203e-02
Timer "SCF cycle: 5" used time: 1.548463 s.

[LSDF] xchg phases: A=0.001 s, B(K_W)=0.047 s, C(K_V)=0.000 s, E(reduce)=0.000 s
[NELEC] step = 6  nelec = 128  neInt = 128.000000  dnelc = -1.4317336650e-08
[ENERG] step = 6  eTotl = -635.32850720  eCore = -358.22990515  eCoul = 200.05574213  eExcl = -98.63910459  eNucl = -378.51523958  eDisp = 0.00000000
[ERROR] step = 6  engy error = -1.4893852835e-05  grad error =  0.0000000000e+00  dmat error =  3.0434945588e-03
Timer "SCF cycle: 6" used time: 1.499245 s.

[LSDF] xchg phases: A=0.003 s, B(K_W)=0.036 s, C(K_V)=0.000 s, E(reduce)=0.000 s
[NELEC] step = 7  nelec = 128  neInt = 128.000000  dnelc = -1.4318459307e-08
[ENERG] step = 7  eTotl = -635.32850772  eCore = -358.22739596  eCoul = 200.05254173  eExcl = -98.63841391  eNucl = -378.51523958  eDisp = 0.00000000
[ERROR] step = 7  engy error = -5.2470454648e-07  grad error =  0.0000000000e+00  dmat error =  2.5703314103e-04
Timer "SCF cycle: 7" used time: 1.497755 s.

[NELEC] step = 8  nelec = 128  neInt = 128.000000  dnelc = -1.4322708353e-08
[ENERG] step = 8  eTotl = -635.32850796  eCore = -358.22681393  eCoul = 200.05193740  eExcl = -98.63839185  eNucl = -378.51523958  eDisp = 0.00000000
[ERROR] step = 8  engy error = -2.3706695629e-07  grad error =  0.0000000000e+00  dmat error =  2.2636499734e-04
Timer "SCF cycle: 8" used time: 1.560636 s.

[NELEC] step = 9  nelec = 128  neInt = 128.000000  dnelc = -1.4324015751e-08
[ENERG] step = 9  eTotl = -635.32850796  eCore = -358.22678964  eCoul = 200.05187548  eExcl = -98.63835422  eNucl = -378.51523958  eDisp = 0.00000000
[ERROR] step = 9  engy error = -6.9099996836e-09  grad error =  0.0000000000e+00  dmat error =  4.9479592901e-05
Timer "SCF cycle: 9" used time: 1.503898 s.

[NELEC] step = 10  nelec = 128  neInt = 128.000000  dnelc = -1.4323418895e-08
[ENERG] step = 10  eTotl = -635.32850796  eCore = -358.22663990  eCoul = 200.05171227  eExcl = -98.63834075  eNucl = -378.51523958  eDisp = 0.00000000
[ERROR] step = 10  engy error = -3.8573944039e-10  grad error =  0.0000000000e+00  dmat error =  2.1284112380e-05
SCF converged in 10 steps.
[LSDF] xchg_d10: robust_mode=NONE, no V data -> full-grid FFT path
[GRADIENT] SCF type: GRKS | atoms: 16 | DOF: 48 | time: 139.365 s
  Atom   0:  -3.1541498894e-04  -7.3000424454e-04  -2.4533991048e-04
  Atom   1:   2.1917747292e-02   1.0012240097e-02   7.2010993457e-03
  Atom   2:  -5.7986864723e-03  -2.9424700288e-03  -1.4950378023e-03
  Atom   3:  -1.5541783822e-03   7.5969880675e-05  -3.9143471249e-04
  Atom   4:  -5.1071177842e-03  -1.4566459933e-03  -1.3675352630e-03
  Atom   5:   6.3966964918e-04   3.2289651613e-04   2.1452791529e-04
  Atom   6:  -1.9839015095e-03  -9.9111469515e-04  -8.5445585537e-04
  Atom   7:  -3.0673170040e-03  -2.1851039198e-03  -1.4101040706e-03
  Atom   8:   1.1670726571e-03  -1.5783291234e-03  -8.1969977623e-04
  Atom   9:  -1.0330528225e-04  -5.0913195436e-05   1.9410762577e-03
  Atom  10:   4.2341544844e-05   2.0958687896e-05   2.3701893371e-03
  Atom  11:  -3.1699447004e-03   5.9232082437e-04  -1.1300484156e-03
  Atom  12:  -2.3241325420e-04   4.3265274457e-05   5.0495430148e-04
  Atom  13:   5.8652881678e-04   2.9758571148e-04   2.4814116885e-05
  Atom  14:  -1.9111644749e-03  -9.5516263986e-04  -6.9981531902e-04
  Atom  15:   8.5755827744e-05  -1.1646643864e-04   5.0347980454e-04
[OPT] step = 0  energy = -635.3285079644  dE =               N/A  grad_max =  2.1917747292e-02  grad_rms =  3.9906218819e-03
[OPT] Geometry optimization did not converge in 1 steps.
Kylin-PBC Done.
Timer "Kylin-PBC main" used time: 241.4782 s.
