Kylin-PBC: v1.0.0

System time = 2026-09-30 19:31:59

OMP threads = 32

KYLIN_PBC_ROOT = "/home/rudin/code/kylin-pbc"
KYLIN_SCR_PATH = "/tmp"
KYLIN_JOB_PATH = "/home/rudin/tmp-review-ionic/LiH16/full/c05"

SCF.xcfun                      = HSE06
SCF.basis                      = dzvp-sr
SCF.psudo                      = gth-pbe
SCF.kmesh                      = 1 1 1
SCF.gmesh                      = 5.0e-01
SCF.ispin                      = OFF
SCF.dspin                      = 0
SCF.eps_engy                   = 3.7e-09 [AU]
SCF.eps_grad                   = 1.0e-05 [AU]
SCF.eps_dmat                   = 1.0e-03
SCF.chk_load                   = 
SCF.chk_save                   = 
SCF.scf_guess                  = ATOM
SCF.max_cycle                  = 200
SCF.vdw_method                 = NONE
SCF.coul_method                = MGDF
SCF.xchg_method                = LSDF
SCF.xchg_exxocc                = OFF
SCF.xchg_exxace                = NONE
SCF.xchg_robust                = FULL
SCF.xchg_exxdiv                = EWALD
SCF.xchg_dropG0                = ON
SCF.lsdf_cparam                = 5
SCF.lsdf_mparam                = 5
SCF.lsdf_ipslct                = QRCP
SCF.lsdf_chocut                = 1.0e-08
SCF.lsdf_atmcut                = 2.5e+01
SCF.lsdf_aovcut                = 1.0e-07
SCF.lsdf_swzcut                = 0.0e+00
SCF.lsdf_pnocut                = 0.0e+00
SCF.lsdf_nafcut                = 0.0e+00
SCF.mgdf_ntasks                = 4
SCF.mgdf_kratio                = 3.0e+00
SCF.mgdf_cutoff                = 3.0e+02 [AU]
SCF.mgdf_relcut                = 3.0e+01
SCF.mgdf_prprec                = 1.0e-14
SCF.dmx_mix_method             = NONE
SCF.dmx_mix_start              = 1
SCF.dmx_mix_space              = 8
SCF.dmx_mix_alpha              = 3.0e-01
SCF.rho_mix_method             = NONE
SCF.rho_mix_start              = 1
SCF.rho_mix_space              = 8
SCF.rho_mix_alpha              = 3.0e-01
SCF.hks_mix_method             = BROY
SCF.hks_mix_start              = 1
SCF.hks_mix_space              = 8
SCF.hks_mix_alpha              = 3.0e-01
SCF.damp_factor                = 0.0e+00
SCF.level_shift                = 0.0e+00 [AU]
SCF.smear_method               = NONE
SCF.smear_sigma                = 0.0e+00 [AU]
SCF.soc                        = OFF
SCF.soc_window                 = 1.8e+00 [AU]
SCF.print_bandgap              = OFF
SCF.print_time                 = OFF

OPT.opt_method                 = BFGS
OPT.max_cycle                  = 1
OPT.eps_engy                   = 4.0e-06 [AU]
OPT.eps_grad                   = 4.0e-04 [AU]
OPT.trust_limit                = 3.0e-01 [AU]
OPT.damp_factor                = 0.0e+00
OPT.opt_mix_method             = NONE
OPT.opt_mix_start              = 1
OPT.opt_mix_space              = 5
OPT.opt_mix_alpha              = 3.0e-01
OPT.neb_method                 = FIRE
OPT.neb_lclimb                 = ON
OPT.neb_interp                 = IDPP
OPT.neb_nimage                 = 5
OPT.neb_spring                 = 1.0e-02 [AU]
OPT.neb_maxstep                = 7.6e-02 [AU]

PROP.calculation               = NONE
FREQ.freq_method               = FREE2
FREQ.fd_stepsize               = 2.8e-02 [AU]
DOS.dos_method                 = GAUSS
DOS.dos_sigma                  = 3.7e-03 [AU]
DOS.dos_npoint                 = 1001
DOS.dos_emin                   = 0.0e+00 [AU]
DOS.dos_emax                   = 0.0e+00 [AU]

OPT.mdx_ensemble               = NVE
OPT.mdx_thermostat             = NHC
OPT.mdx_max_step               = 0
OPT.mdx_timestep               = 4.0e+01 [AU]
OPT.mdx_temperature            = 9.5e-04 [AU]
OPT.mdx_pressure               = 0.0e+00 [AU]
OPT.mdx_thermo_tau             = 4.0e+03 [AU]
OPT.mdx_baro_tau               = 2.0e+04 [AU]
OPT.mdx_nhc_length             = 3
OPT.mdx_nhc_mts                = 3
OPT.mdx_constraint             = OFF
OPT.mdx_constraint_tol         = 1.0e-10
OPT.mdx_rng_seed               = 42

K-points mesh = 1 1 1

xc functional: "HSE06"
is hybrid: YES
HFX coeff: 0.25

Basis Set Name: "dzvp-sr"
number of shell = 32
number of basis = 88
gmesh = 50 50 99

Pseudopotential Name: "gth-pbe"
number of valence electron = 32

OPT Calculation.

==============================================================
                   Geometry Optimization                      
==============================================================
  method      = BFGS
  max_cycle   = 1
  eps_engy    = 4.000000e-06
  eps_grad    = 4.000000e-04
  trust_limit = 0.300000
  natom       = 16
  nfree       = 48 / 48
==============================================================

--------------------------------------------------------------
  OPT step 0
--------------------------------------------------------------
[OPT] Cell structure (Angstrom):
       4.08300000       0.00000000       0.00000000
       0.00000000       4.08300000       0.00000000
       0.00000000       0.00000000       8.16600000

Cart
Li         0.00000000       0.00000000       0.00000000   T T T
Li         0.10000000       2.09150000       2.07150000   T T T
Li         2.04150000       0.00000000       2.04150000   T T T
Li         2.04150000       2.04150000       0.00000000   T T T
H          2.04150000       2.04150000       2.04150000   T T T
H          2.04150000       4.08300000       4.08300000   T T T
H          4.08300000       2.04150000       4.08300000   T T T
H          4.08300000       4.08300000       2.04150000   T T T
Li         0.00000000       0.00000000       4.08300000   T T T
Li         0.00000000       2.04150000       6.12450000   T T T
Li         2.04150000       0.00000000       6.12450000   T T T
Li         2.04150000       2.04150000       4.08300000   T T T
H          2.04150000       2.04150000       6.12450000   T T T
H          2.04150000       4.08300000       8.16600000   T T T
H          4.08300000       2.04150000       8.16600000   T T T
H          4.08300000       4.08300000       6.12450000   T T T

[OPT] Cell written to /home/rudin/tmp-review-ionic/LiH16/full/c05/opt_img/cell_opt_0.txt
[LSDF] gmesh = (50, 50, 99), ngrid = 247500, naofn = 88, natom = 16
Timer "[LSDF] Voronoi partition" used time: 0.006990 s.
Timer "[LSDF] AO evaluation + screening" used time: 1.102771 s.
[LSDF] IP method: randomized QRCP (c=5, m=5)
[LSDF] total IPs selected: 520 (0.2101% of grid)
Timer "[LSDF] IP selection" used time: 0.106456 s.
Timer "[LSDF] aux basis fitting" used time: 0.022712 s.
[LSDF] Step 5 diagnostics: natom=16, ngrid=247500, naux_total=520
[LSDF]   OMP threads=32, MKL threads=32
[LSDF]   Vmat_loc total size: 520 x 247500 = 0.96 GB
Timer "[LSDF]   5a Vmat_loc alloc+FFT" used time: 0.071888 s.
[LSDF]   W size: 520 x 520 = 2.06 MB, max_npart=15655
Timer "[LSDF]   5b W construction (DGEMM)" used time: 0.009098 s.
Timer "[LSDF]   5c Wmat symmetrize" used time: 0.000106 s.
[LSDF]   robust_mode=FULL: keeping Vmat_loc (0.96 GB) in atom ordering
Timer "[LSDF] V/W construction" used time: 0.081133 s.
[LSDF] xchg phases: A=0.000 s, B(K_W)=0.000 s, C(K_V)=0.059 s, E(reduce)=0.000 s
[NELEC] step = 0  nelec = 32  neInt = 32.000000  dnelc =  1.4702898454e-08
[ENERG] step = 0  eTotl = -59.09248352  eCore = -24.56285827  eCoul = 7.55157688  eExcl = -14.93130889  eNucl = -27.14989324  eDisp = 0.00000000
[ERROR] step = 0  engy error =  0.0000000000e+00  grad error =  0.0000000000e+00  dmat error =  0.0000000000e+00
Timer "SCF cycle: 0" used time: 0.871589 s.

[LSDF] xchg phases: A=0.000 s, B(K_W)=0.000 s, C(K_V)=0.057 s, E(reduce)=0.000 s
[NELEC] step = 1  nelec = 32  neInt = 32.000001  dnelc =  6.7030247664e-07
[ENERG] step = 1  eTotl = -64.07018885  eCore = -35.36066643  eCoul = 17.06056487  eExcl = -18.62019406  eNucl = -27.14989324  eDisp = 0.00000000
[ERROR] step = 1  engy error = -4.9777053309e+00  grad error =  0.0000000000e+00  dmat error =  6.2747536636e+00
Timer "SCF cycle: 1" used time: 0.843875 s.

[LSDF] xchg phases: A=0.000 s, B(K_W)=0.000 s, C(K_V)=0.040 s, E(reduce)=0.000 s
[NELEC] step = 2  nelec = 32  neInt = 32.000000  dnelc =  4.3997895460e-07
[ENERG] step = 2  eTotl = -64.14046251  eCore = -35.24481741  eCoul = 16.75801794  eExcl = -18.50376980  eNucl = -27.14989324  eDisp = 0.00000000
[ERROR] step = 2  engy error = -7.0273651678e-02  grad error =  0.0000000000e+00  dmat error =  1.7925805525e+00
Timer "SCF cycle: 2" used time: 0.818121 s.

[LSDF] xchg phases: A=0.000 s, B(K_W)=0.000 s, C(K_V)=0.040 s, E(reduce)=0.000 s
[NELEC] step = 3  nelec = 32  neInt = 32.000000  dnelc = -6.3162453046e-08
[ENERG] step = 3  eTotl = -64.20006785  eCore = -34.87325975  eCoul = 16.03315048  eExcl = -18.21006535  eNucl = -27.14989324  eDisp = 0.00000000
[ERROR] step = 3  engy error = -5.9605349463e-02  grad error =  0.0000000000e+00  dmat error =  2.5058773144e+00
Timer "SCF cycle: 3" used time: 0.819767 s.

[LSDF] xchg phases: A=0.000 s, B(K_W)=0.000 s, C(K_V)=0.052 s, E(reduce)=0.000 s
[NELEC] step = 4  nelec = 32  neInt = 32.000000  dnelc = -4.3836312358e-08
[ENERG] step = 4  eTotl = -64.20079289  eCore = -34.89478112  eCoul = 16.06047210  eExcl = -18.21659063  eNucl = -27.14989324  eDisp = 0.00000000
[ERROR] step = 4  engy error = -7.2503420751e-04  grad error =  0.0000000000e+00  dmat error =  7.9951474410e-02
Timer "SCF cycle: 4" used time: 0.838925 s.

[LSDF] xchg phases: A=0.000 s, B(K_W)=0.000 s, C(K_V)=0.040 s, E(reduce)=0.000 s
[NELEC] step = 5  nelec = 32  neInt = 32.000000  dnelc = -2.4019811917e-08
[ENERG] step = 5  eTotl = -64.20099574  eCore = -34.91508640  eCoul = 16.08901954  eExcl = -18.22503564  eNucl = -27.14989324  eDisp = 0.00000000
[ERROR] step = 5  engy error = -2.0284834369e-04  grad error =  0.0000000000e+00  dmat error =  7.7319987257e-02
Timer "SCF cycle: 5" used time: 0.816301 s.

[LSDF] xchg phases: A=0.000 s, B(K_W)=0.000 s, C(K_V)=0.040 s, E(reduce)=0.000 s
[NELEC] step = 6  nelec = 32  neInt = 32.000000  dnelc = -2.2263630939e-08
[ENERG] step = 6  eTotl = -64.20099837  eCore = -34.91651090  eCoul = 16.09167164  eExcl = -18.22626588  eNucl = -27.14989324  eDisp = 0.00000000
[ERROR] step = 6  engy error = -2.6350656412e-06  grad error =  0.0000000000e+00  dmat error =  6.9944160021e-03
Timer "SCF cycle: 6" used time: 0.820531 s.

[LSDF] xchg phases: A=0.000 s, B(K_W)=0.001 s, C(K_V)=0.094 s, E(reduce)=0.000 s
[NELEC] step = 7  nelec = 32  neInt = 32.000000  dnelc = -2.1963842300e-08
[ENERG] step = 7  eTotl = -64.20099865  eCore = -34.91647676  eCoul = 16.09225436  eExcl = -18.22688301  eNucl = -27.14989324  eDisp = 0.00000000
[ERROR] step = 7  engy error = -2.7629765498e-07  grad error =  0.0000000000e+00  dmat error =  1.8346152189e-03
Timer "SCF cycle: 7" used time: 0.879496 s.

[NELEC] step = 8  nelec = 32  neInt = 32.000000  dnelc = -2.2106075193e-08
[ENERG] step = 8  eTotl = -64.20099864  eCore = -34.91632756  eCoul = 16.09205466  eExcl = -18.22683251  eNucl = -27.14989324  eDisp = 0.00000000
[ERROR] step = 8  engy error =  4.6982648882e-09  grad error =  0.0000000000e+00  dmat error =  5.7295224512e-04
Timer "SCF cycle: 8" used time: 1.010350 s.

[NELEC] step = 9  nelec = 32  neInt = 32.000000  dnelc = -2.2034850389e-08
[ENERG] step = 9  eTotl = -64.20099865  eCore = -34.91638935  eCoul = 16.09216033  eExcl = -18.22687639  eNucl = -27.14989324  eDisp = 0.00000000
[ERROR] step = 9  engy error = -2.2843380520e-09  grad error =  0.0000000000e+00  dmat error =  2.7496360772e-04
SCF converged in 9 steps.
[LSDF] xchg_d10: ISDF-robust path (K_V + K_V~ - K_IP)
[GRADIENT] SCF type: GRKS | atoms: 16 | DOF: 48 | time: 29.590 s
  Atom   0:   3.2701837744e-04   2.7840866055e-03  -5.1910128533e-04
  Atom   1:   2.4125956572e-04  -4.7865896923e-04  -1.2949408711e-03
  Atom   2:  -9.3873345305e-03   1.1395264145e-02   1.3261221191e-02
  Atom   3:  -1.6057124456e-03  -3.4104672650e-03  -4.5850451584e-03
  Atom   4:   8.9407887435e-03   1.8769632030e-03   5.6280021749e-05
  Atom   5:  -9.8603573350e-05  -1.5161392904e-04  -3.4096615386e-04
  Atom   6:  -3.5119021786e-04  -1.1642624814e-04   1.1416249730e-03
  Atom   7:   3.5564679689e-03   4.4191684758e-03   2.2074520654e-04
  Atom   8:  -4.3718942253e-03   2.3303082495e-03  -5.2567977969e-03
  Atom   9:  -4.7319863912e-03   2.0083290968e-03  -9.8754785233e-03
  Atom  10:  -3.3438429582e-03  -5.1101460788e-03   4.7557637470e-04
  Atom  11:  -1.5181593963e-02   2.0327871194e-03  -2.4279586406e-03
  Atom  12:  -1.1156531255e-05  -6.9363002250e-05   4.2987326828e-04
  Atom  13:  -2.5900189257e-04   8.7028578477e-04   7.5816076085e-04
  Atom  14:  -2.2604173140e-04  -6.2387972548e-04   1.2744425095e-03
  Atom  15:   7.4852385546e-05  -9.3699860940e-05   9.3129019088e-04
[OPT] step = 0  energy = -64.2009986461  dE =               N/A  grad_max =  1.5181593963e-02  grad_rms =  4.5987531801e-03
[OPT] Geometry optimization did not converge in 1 steps.
Kylin-PBC Done.
Timer "Kylin-PBC main" used time: 40.94156 s.
