Kylin-PBC: v1.0.0

System time = 2026-06-24 04:05:06

OMP threads = 32

KYLIN_PBC_ROOT = "/home/rudin/code/kylin-pbc"
KYLIN_SCR_PATH = "/tmp"
KYLIN_JOB_PATH = "/home/rudin/code/kylin-pbc/art/example/internal/MgO-PBE-gamma-MGDF"

SCF.xcfun                      = PBE
SCF.basis                      = dzvp-sr
SCF.psudo                      = gth-pbe
SCF.kmesh                      = 1 1 1
SCF.gmesh                      = 6.0e-01
SCF.ispin                      = OFF
SCF.dspin                      = 0
SCF.eps_engy                   = 3.7e-09 [AU]
SCF.eps_grad                   = 1.0e-05 [AU]
SCF.eps_dmat                   = 1.0e-03
SCF.chk_load                   = 
SCF.chk_save                   = 
SCF.scf_guess                  = ATOM
SCF.max_cycle                  = 200
SCF.vdw_method                 = NONE
SCF.coul_method                = MGDF
SCF.xchg_method                = LSDF
SCF.xchg_exxocc                = OFF
SCF.xchg_exxace                = NONE
SCF.xchg_robust                = TILE
SCF.xchg_exxdiv                = NONE
SCF.lsdf_cparam                = 30
SCF.lsdf_mparam                = 5
SCF.lsdf_ipslct                = QRCP
SCF.lsdf_chocut                = 1.0e-08
SCF.lsdf_atmcut                = 2.5e+01
SCF.lsdf_aovcut                = 1.0e-07
SCF.lsdf_swzcut                = 0.0e+00
SCF.lsdf_pnocut                = 0.0e+00
SCF.lsdf_nafcut                = 0.0e+00
SCF.mgdf_ntasks                = 4
SCF.mgdf_kratio                = 3.0e+00
SCF.mgdf_cutoff                = 3.0e+02 [AU]
SCF.mgdf_relcut                = 3.0e+01
SCF.mgdf_prprec                = 1.0e-14
SCF.dmx_mix_method             = NONE
SCF.dmx_mix_start              = 1
SCF.dmx_mix_space              = 8
SCF.dmx_mix_alpha              = 3.0e-01
SCF.rho_mix_method             = NONE
SCF.rho_mix_start              = 1
SCF.rho_mix_space              = 8
SCF.rho_mix_alpha              = 3.0e-01
SCF.hks_mix_method             = BROY
SCF.hks_mix_start              = 1
SCF.hks_mix_space              = 8
SCF.hks_mix_alpha              = 3.0e-01
SCF.damp_factor                = 0.0e+00
SCF.level_shift                = 0.0e+00 [AU]
SCF.smear_method               = NONE
SCF.smear_sigma                = 0.0e+00 [AU]
SCF.soc                        = OFF
SCF.soc_window                 = 1.8e+00 [AU]
SCF.print_bandgap              = OFF
SCF.print_time                 = OFF

OPT.opt_method                 = BFGS
OPT.max_cycle                  = 1
OPT.eps_engy                   = 4.0e-06 [AU]
OPT.eps_grad                   = 4.0e-04 [AU]
OPT.trust_limit                = 3.0e-01 [AU]
OPT.damp_factor                = 0.0e+00
OPT.opt_mix_method             = NONE
OPT.opt_mix_start              = 1
OPT.opt_mix_space              = 5
OPT.opt_mix_alpha              = 3.0e-01
OPT.neb_method                 = FIRE
OPT.neb_lclimb                 = ON
OPT.neb_interp                 = IDPP
OPT.neb_nimage                 = 5
OPT.neb_spring                 = 1.0e-02 [AU]
OPT.neb_maxstep                = 7.6e-02 [AU]

PROP.calculation               = NONE
FREQ.freq_method               = FREE2
FREQ.fd_stepsize               = 2.8e-02 [AU]
DOS.dos_method                 = GAUSS
DOS.dos_sigma                  = 3.7e-03 [AU]
DOS.dos_npoint                 = 1001
DOS.dos_emin                   = 0.0e+00 [AU]
DOS.dos_emax                   = 0.0e+00 [AU]

OPT.mdx_ensemble               = NVE
OPT.mdx_thermostat             = NHC
OPT.mdx_max_step               = 0
OPT.mdx_timestep               = 4.0e+01 [AU]
OPT.mdx_temperature            = 9.5e-04 [AU]
OPT.mdx_pressure               = 0.0e+00 [AU]
OPT.mdx_thermo_tau             = 4.0e+03 [AU]
OPT.mdx_baro_tau               = 2.0e+04 [AU]
OPT.mdx_nhc_length             = 3
OPT.mdx_nhc_mts                = 3
OPT.mdx_constraint             = OFF
OPT.mdx_constraint_tol         = 1.0e-10
OPT.mdx_rng_seed               = 42

K-points mesh = 1 1 1

xc functional: "PBE"
is hybrid: NO

Basis Set Name: "dzvp-sr"
number of shell = 5
number of basis = 22
gmesh = 83 83 83

Pseudopotential Name: "gth-pbe"
number of valence electron = 16

OPT Calculation.

==============================================================
                   Geometry Optimization                      
==============================================================
  method      = BFGS
  max_cycle   = 1
  eps_engy    = 4.000000e-06
  eps_grad    = 4.000000e-04
  trust_limit = 0.300000
  natom       = 2
  nfree       = 6 / 6
==============================================================

--------------------------------------------------------------
  OPT step 0
--------------------------------------------------------------
[OPT] Cell structure (Angstrom):
       0.00000000       2.10850000       2.10850000
       2.10850000       0.00000000       2.10850000
       2.10850000       2.10850000       0.00000000

Cart
Mg         0.00000000       0.00000000       0.00000000   T T T
O          2.20850000       2.15850000       2.13850000   T T T

[OPT] Cell written to /home/rudin/code/kylin-pbc/art/example/internal/MgO-PBE-gamma-MGDF/opt_img/cell_opt_0.txt
[NELEC] step = 0  nelec = 16  neInt = 16.000000  dnelc = -5.7834803613e-10
[ENERG] step = 0  eTotl = -72.72936375  eCore = -24.65813474  eCoul = 8.21185963  eExcl = -9.00274679  eNucl = -47.28034185  eDisp = 0.00000000
[ERROR] step = 0  engy error =  0.0000000000e+00  grad error =  0.0000000000e+00  dmat error =  0.0000000000e+00
Timer "SCF cycle: 0" used time: 0.438518 s.

[NELEC] step = 1  nelec = 16  neInt = 16.000000  dnelc = -7.7008163402e-08
[ENERG] step = 1  eTotl = -77.20946530  eCore = -48.71958871  eCoul = 33.00911405  eExcl = -14.21864879  eNucl = -47.28034185  eDisp = 0.00000000
[ERROR] step = 1  engy error = -4.4801015527e+00  grad error =  0.0000000000e+00  dmat error =  1.8325406023e+00
Timer "SCF cycle: 1" used time: 0.393582 s.

[NELEC] step = 2  nelec = 16  neInt = 16.000000  dnelc = -6.9400616809e-08
[ENERG] step = 2  eTotl = -78.49859798  eCore = -47.53237963  eCoul = 29.71842078  eExcl = -13.40429728  eNucl = -47.28034185  eDisp = 0.00000000
[ERROR] step = 2  engy error = -1.2891326822e+00  grad error =  0.0000000000e+00  dmat error =  6.7359458262e-01
Timer "SCF cycle: 2" used time: 0.389296 s.

[NELEC] step = 3  nelec = 16  neInt = 16.000000  dnelc = -3.1370170461e-08
[ENERG] step = 3  eTotl = -78.96569302  eCore = -44.98336185  eCoul = 25.76625579  eExcl = -12.46824511  eNucl = -47.28034185  eDisp = 0.00000000
[ERROR] step = 3  engy error = -4.6709503835e-01  grad error =  0.0000000000e+00  dmat error =  7.1000497317e-01
Timer "SCF cycle: 3" used time: 0.385930 s.

[NELEC] step = 4  nelec = 16  neInt = 16.000000  dnelc = -1.3647969865e-08
[ENERG] step = 4  eTotl = -79.02803562  eCore = -44.98536891  eCoul = 25.82467646  eExcl = -12.58700131  eNucl = -47.28034185  eDisp = 0.00000000
[ERROR] step = 4  engy error = -6.2342596289e-02  grad error =  0.0000000000e+00  dmat error =  2.5708705818e-01
Timer "SCF cycle: 4" used time: 0.384178 s.

[NELEC] step = 5  nelec = 16  neInt = 16.000000  dnelc = -1.2942376060e-08
[ENERG] step = 5  eTotl = -79.03611083  eCore = -44.80073050  eCoul = 25.56271560  eExcl = -12.51775407  eNucl = -47.28034185  eDisp = 0.00000000
[ERROR] step = 5  engy error = -8.0752104830e-03  grad error =  0.0000000000e+00  dmat error =  5.9422808119e-02
Timer "SCF cycle: 5" used time: 0.383074 s.

[NELEC] step = 6  nelec = 16  neInt = 16.000000  dnelc = -1.4295498119e-08
[ENERG] step = 6  eTotl = -79.03714975  eCore = -44.80874627  eCoul = 25.55953660  eExcl = -12.50759822  eNucl = -47.28034185  eDisp = 0.00000000
[ERROR] step = 6  engy error = -1.0389222698e-03  grad error =  0.0000000000e+00  dmat error =  3.3303884589e-02
Timer "SCF cycle: 6" used time: 0.380005 s.

[NELEC] step = 7  nelec = 16  neInt = 16.000000  dnelc = -1.0240176707e-08
[ENERG] step = 7  eTotl = -79.03537748  eCore = -44.64335498  eCoul = 25.36482506  eExcl = -12.47650571  eNucl = -47.28034185  eDisp = 0.00000000
[ERROR] step = 7  engy error =  1.7722690263e-03  grad error =  0.0000000000e+00  dmat error =  6.8902086314e-02
Timer "SCF cycle: 7" used time: 0.390465 s.

[NELEC] step = 8  nelec = 16  neInt = 16.000000  dnelc = -1.3731781934e-08
[ENERG] step = 8  eTotl = -79.03719737  eCore = -44.78901105  eCoul = 25.53548520  eExcl = -12.50332967  eNucl = -47.28034185  eDisp = 0.00000000
[ERROR] step = 8  engy error = -1.8198869298e-03  grad error =  0.0000000000e+00  dmat error =  6.2419676203e-02
Timer "SCF cycle: 8" used time: 0.387138 s.

[NELEC] step = 9  nelec = 16  neInt = 16.000000  dnelc = -1.3685616196e-08
[ENERG] step = 9  eTotl = -79.03719924  eCore = -44.78718895  eCoul = 25.53332750  eExcl = -12.50299593  eNucl = -47.28034185  eDisp = 0.00000000
[ERROR] step = 9  engy error = -1.8713592311e-06  grad error =  0.0000000000e+00  dmat error =  8.0920122335e-04
Timer "SCF cycle: 9" used time: 0.385553 s.

[NELEC] step = 10  nelec = 16  neInt = 16.000000  dnelc = -1.3572835300e-08
[ENERG] step = 10  eTotl = -79.03720120  eCore = -44.78294363  eCoul = 25.52833314  eExcl = -12.50224885  eNucl = -47.28034185  eDisp = 0.00000000
[ERROR] step = 10  engy error = -1.9587611320e-06  grad error =  0.0000000000e+00  dmat error =  1.9225588378e-03
Timer "SCF cycle: 10" used time: 0.386260 s.

[NELEC] step = 11  nelec = 16  neInt = 16.000000  dnelc = -1.3565426116e-08
[ENERG] step = 11  eTotl = -79.03720120  eCore = -44.78263058  eCoul = 25.52795777  eExcl = -12.50218653  eNucl = -47.28034185  eDisp = 0.00000000
[ERROR] step = 11  engy error =  6.6894756401e-10  grad error =  0.0000000000e+00  dmat error =  1.2855359521e-04
SCF converged in 11 steps.
[GRADIENT] SCF type: GRKS | atoms: 2 | DOF: 6 | time: 5.754 s
  Atom   0:   4.1027194567e-03   2.4233916529e-03   1.5010025463e-03
  Atom   1:  -4.1087501961e-03  -2.4263631135e-03  -1.4839768166e-03
[OPT] step = 0  energy = -79.0372011959  dE =               N/A  grad_max =  4.1087501961e-03  grad_rms =  2.8847124644e-03
[OPT] Geometry optimization did not converge in 1 steps.
Kylin-PBC Done.
Timer "Kylin-PBC main" used time: 11.86637 s.
