Kylin-PBC: v1.0.0

System time = 2026-09-30 17:26:36

OMP threads = 32

KYLIN_PBC_ROOT = "/home/rudin/code/kylin-pbc"
KYLIN_SCR_PATH = "/tmp"
KYLIN_JOB_PATH = "/home/rudin/tmp-review-r1q4/Si256"

SCF.xcfun                      = HSE06
SCF.basis                      = dzvp-sr
SCF.psudo                      = gth-pbe
SCF.kmesh                      = 1 1 1
SCF.gmesh                      = 5.0e-01
SCF.ispin                      = OFF
SCF.dspin                      = 0
SCF.eps_engy                   = 1.0e-06 [AU]
SCF.eps_grad                   = 1.0e-05 [AU]
SCF.eps_dmat                   = 1.0e-03
SCF.chk_load                   = 
SCF.chk_save                   = 
SCF.scf_guess                  = ATOM
SCF.max_cycle                  = 100
SCF.vdw_method                 = NONE
SCF.coul_method                = MGDF
SCF.xchg_method                = LSDF
SCF.xchg_exxocc                = OFF
SCF.xchg_exxace                = NONE
SCF.xchg_robust                = TILE
SCF.xchg_exxdiv                = EWALD
SCF.xchg_dropG0                = ON
SCF.lsdf_cparam                = 30
SCF.lsdf_mparam                = 5
SCF.lsdf_ipslct                = QRCP
SCF.lsdf_chocut                = 1.0e-08
SCF.lsdf_atmcut                = 2.5e+01
SCF.lsdf_aovcut                = 1.0e-07
SCF.lsdf_swzcut                = 0.0e+00
SCF.lsdf_pnocut                = 0.0e+00
SCF.lsdf_nafcut                = 0.0e+00
SCF.mgdf_ntasks                = 4
SCF.mgdf_kratio                = 3.0e+00
SCF.mgdf_cutoff                = 3.0e+02 [AU]
SCF.mgdf_relcut                = 3.0e+01
SCF.mgdf_prprec                = 1.0e-14
SCF.dmx_mix_method             = NONE
SCF.dmx_mix_start              = 1
SCF.dmx_mix_space              = 8
SCF.dmx_mix_alpha              = 3.0e-01
SCF.rho_mix_method             = NONE
SCF.rho_mix_start              = 1
SCF.rho_mix_space              = 8
SCF.rho_mix_alpha              = 3.0e-01
SCF.hks_mix_method             = BROY
SCF.hks_mix_start              = 1
SCF.hks_mix_space              = 8
SCF.hks_mix_alpha              = 3.0e-01
SCF.damp_factor                = 0.0e+00
SCF.level_shift                = 0.0e+00 [AU]
SCF.smear_method               = NONE
SCF.smear_sigma                = 0.0e+00 [AU]
SCF.soc                        = OFF
SCF.soc_window                 = 1.8e+00 [AU]
SCF.print_bandgap              = ON
SCF.print_time                 = ON

OPT.opt_method                 = BFGS
OPT.max_cycle                  = 0
OPT.eps_engy                   = 4.0e-06 [AU]
OPT.eps_grad                   = 4.0e-04 [AU]
OPT.trust_limit                = 3.0e-01 [AU]
OPT.damp_factor                = 0.0e+00
OPT.opt_mix_method             = NONE
OPT.opt_mix_start              = 1
OPT.opt_mix_space              = 5
OPT.opt_mix_alpha              = 3.0e-01
OPT.neb_method                 = FIRE
OPT.neb_lclimb                 = ON
OPT.neb_interp                 = IDPP
OPT.neb_nimage                 = 5
OPT.neb_spring                 = 1.0e-02 [AU]
OPT.neb_maxstep                = 7.6e-02 [AU]

PROP.calculation               = NONE
FREQ.freq_method               = FREE2
FREQ.fd_stepsize               = 2.8e-02 [AU]
DOS.dos_method                 = GAUSS
DOS.dos_sigma                  = 3.7e-03 [AU]
DOS.dos_npoint                 = 1001
DOS.dos_emin                   = 0.0e+00 [AU]
DOS.dos_emax                   = 0.0e+00 [AU]

OPT.mdx_ensemble               = NVE
OPT.mdx_thermostat             = NHC
OPT.mdx_max_step               = 0
OPT.mdx_timestep               = 4.0e+01 [AU]
OPT.mdx_temperature            = 9.5e-04 [AU]
OPT.mdx_pressure               = 0.0e+00 [AU]
OPT.mdx_thermo_tau             = 4.0e+03 [AU]
OPT.mdx_baro_tau               = 2.0e+04 [AU]
OPT.mdx_nhc_length             = 3
OPT.mdx_nhc_mts                = 3
OPT.mdx_constraint             = OFF
OPT.mdx_constraint_tol         = 1.0e-10
OPT.mdx_rng_seed               = 42

K-points mesh = 1 1 1

xc functional: "HSE06"
is hybrid: YES
HFX coeff: 0.25

Basis Set Name: "dzvp-sr"
number of shell = 768
number of basis = 3328
gmesh = 113 113 57

Pseudopotential Name: "gth-pbe"
number of valence electron = 1024

SCF Calculation.
Gamma point
[LSDF] gmesh = (113, 113, 57), ngrid = 727833, naofn = 3328, natom = 256
Timer "[LSDF] Voronoi partition" used time: 0.045412 s.
Timer "[LSDF] AO evaluation + screening" used time: 6.187561 s.
[LSDF] IP method: randomized QRCP (c=30, m=5)
[LSDF] total IPs selected: 101120 (13.8933% of grid)
Timer "[LSDF] IP selection" used time: 3.620747 s.
Timer "[LSDF] aux basis fitting" used time: 1.592761 s.
[LSDF] Step 5 diagnostics: natom=256, ngrid=727833, naux_total=101120
[LSDF]   OMP threads=32, MKL threads=32
[LSDF]   Vmat_loc total size: 101120 x 727833 = 548.35 GB
Timer "[LSDF]   5a Vmat_loc alloc+FFT" used time: 84.82024 s.
[LSDF]   W size: 101120 x 101120 = 78012.50 MB, max_npart=3140
Timer "[LSDF]   5b W construction (DGEMM)" used time: 38.15348 s.
Timer "[LSDF]   5c Wmat symmetrize" used time: 4.366813 s.
[LSDF]   5e Vatm_nby tile extraction starting... (robust_mode=TILE)
[LSDF]   Vatm_nby: range_sep=true
[LSDF]     Vatm_nby tile: 10/256 atoms, cumul 19.59 GB
[LSDF]     Vatm_nby tile: 20/256 atoms, cumul 39.38 GB
[LSDF]     Vatm_nby tile: 30/256 atoms, cumul 58.70 GB
[LSDF]     Vatm_nby tile: 40/256 atoms, cumul 78.61 GB
[LSDF]     Vatm_nby tile: 50/256 atoms, cumul 97.89 GB
[LSDF]     Vatm_nby tile: 60/256 atoms, cumul 117.57 GB
[LSDF]     Vatm_nby tile: 70/256 atoms, cumul 137.03 GB
[LSDF]     Vatm_nby tile: 80/256 atoms, cumul 156.44 GB
[LSDF]     Vatm_nby tile: 90/256 atoms, cumul 176.03 GB
[LSDF]     Vatm_nby tile: 100/256 atoms, cumul 195.59 GB
[LSDF]     Vatm_nby tile: 110/256 atoms, cumul 215.34 GB
[LSDF]     Vatm_nby tile: 120/256 atoms, cumul 234.95 GB
[LSDF]     Vatm_nby tile: 130/256 atoms, cumul 254.66 GB
[LSDF]     Vatm_nby tile: 140/256 atoms, cumul 274.24 GB
[LSDF]     Vatm_nby tile: 150/256 atoms, cumul 293.60 GB
[LSDF]     Vatm_nby tile: 160/256 atoms, cumul 313.22 GB
[LSDF]     Vatm_nby tile: 170/256 atoms, cumul 332.78 GB
[LSDF]     Vatm_nby tile: 180/256 atoms, cumul 352.58 GB
[LSDF]     Vatm_nby tile: 190/256 atoms, cumul 371.94 GB
[LSDF]     Vatm_nby tile: 200/256 atoms, cumul 391.58 GB
[LSDF]     Vatm_nby tile: 210/256 atoms, cumul 411.10 GB
[LSDF]     Vatm_nby tile: 220/256 atoms, cumul 430.86 GB
[LSDF]     Vatm_nby tile: 230/256 atoms, cumul 450.29 GB
[LSDF]     Vatm_nby tile: 240/256 atoms, cumul 469.74 GB
[LSDF]     Vatm_nby tile: 250/256 atoms, cumul 489.36 GB
[LSDF]     Vatm_nby tile: 256/256 atoms, cumul 501.23 GB
[LSDF]   Vatm_nby total tile memory: 501.23 GB
Timer "[LSDF]   5e Vatm_nby tile extraction" used time: 38.85129 s.
Timer "[LSDF] V/W construction" used time: 189.4347 s.
Timer "SCF::update_rhoR" used time: 3.410611 s.
Timer "SCF::update_rhoG" used time: 0.539919 s.
Timer "SCF::update_epsv" used time: 11.50506 s.
Timer "SCF::update_vhxc" used time: 2.467410 s.
[LSDF] xchg phases: A=0.969 s, B(K_W)=29.121 s, C(K_V)=213.782 s, E(reduce)=0.400 s
Timer "SCF::update_xchg" used time: 244.6722 s.
Timer "SCF::update_engy" used time: 0.256960 s.
[NELEC] step = 0  nelec = 1024  neInt = 1023.999980  dnelc = -1.9688732436e-05
[ENERG] step = 0  eTotl = -1000.82543261  eCore = 314.15536541  eCoul = 73.07010042  eExcl = -313.11646240  eNucl = -1074.93443604  eDisp = 0.00000000
[ERROR] step = 0  engy error =  0.0000000000e+00  grad error =  0.0000000000e+00  dmat error =  0.0000000000e+00
Timer "SCF cycle: 0" used time: 264.4749 s.

Timer "SCF::solve_eigen" used time: 2.022264 s.
Timer "SCF::update_rhoR" used time: 3.650703 s.
Timer "SCF::update_rhoG" used time: 0.534715 s.
Timer "SCF::update_rhoG" used time: 0.534568 s.
Timer "SCF::update_epsv" used time: 11.59193 s.
Timer "SCF::update_vhxc" used time: 2.312220 s.
[LSDF] xchg phases: A=0.749 s, B(K_W)=30.089 s, C(K_V)=188.290 s, E(reduce)=0.312 s
Timer "SCF::update_xchg" used time: 219.4674 s.
Timer "SCF::update_engy" used time: 0.156381 s.
[NELEC] step = 1  nelec = 1024  neInt = 1024.000000  dnelc =  1.9326762413e-11
[ENERG] step = 1  eTotl = -1007.53329350  eCore = 308.44439603  eCoul = 66.34227853  eExcl = -307.38553202  eNucl = -1074.93443604  eDisp = 0.00000000
[ERROR] step = 1  engy error = -6.7078608863e+00  grad error =  0.0000000000e+00  dmat error =  1.0901231429e+00
Timer "SCF cycle: 1" used time: 241.2295 s.

Timer "SCF::solve_eigen" used time: 2.078930 s.
Timer "SCF::update_rhoR" used time: 3.386851 s.
Timer "SCF::update_rhoG" used time: 0.543178 s.
Timer "SCF::update_rhoG" used time: 0.539696 s.
Timer "SCF::update_epsv" used time: 11.56425 s.
Timer "SCF::update_vhxc" used time: 2.446646 s.
[LSDF] xchg phases: A=0.792 s, B(K_W)=33.318 s, C(K_V)=189.485 s, E(reduce)=0.202 s
Timer "SCF::update_xchg" used time: 223.8250 s.
Timer "SCF::update_engy" used time: 0.254469 s.
[NELEC] step = 2  nelec = 1024  neInt = 1024.000000  dnelc =  1.9554136088e-11
[ENERG] step = 2  eTotl = -1007.64839647  eCore = 307.81916834  eCoul = 67.34222012  eExcl = -307.87534889  eNucl = -1074.93443604  eDisp = 0.00000000
[ERROR] step = 2  engy error = -1.1510297489e-01  grad error =  0.0000000000e+00  dmat error =  1.7189883100e-02
Timer "SCF cycle: 2" used time: 245.7034 s.

Timer "SCF::solve_eigen" used time: 2.429030 s.
Timer "SCF::update_rhoR" used time: 3.640083 s.
Timer "SCF::update_rhoG" used time: 0.533406 s.
Timer "SCF::update_rhoG" used time: 0.534049 s.
Timer "SCF::update_epsv" used time: 11.50001 s.
Timer "SCF::update_vhxc" used time: 2.423891 s.
[LSDF] xchg phases: A=0.903 s, B(K_W)=30.554 s, C(K_V)=191.158 s, E(reduce)=0.217 s
Timer "SCF::update_xchg" used time: 222.8584 s.
Timer "SCF::update_engy" used time: 0.251545 s.
[NELEC] step = 3  nelec = 1024  neInt = 1024.000000  dnelc =  1.9326762413e-11
[ENERG] step = 3  eTotl = -1007.76015422  eCore = 306.65363470  eCoul = 69.44267770  eExcl = -308.92203058  eNucl = -1074.93443604  eDisp = 0.00000000
[ERROR] step = 3  engy error = -1.1175774258e-01  grad error =  0.0000000000e+00  dmat error =  4.1253052599e-02
Timer "SCF cycle: 3" used time: 245.4232 s.

Timer "SCF::solve_eigen" used time: 2.146264 s.
Timer "SCF::update_rhoR" used time: 3.561917 s.
Timer "SCF::update_rhoG" used time: 0.534621 s.
Timer "SCF::update_rhoG" used time: 0.529717 s.
Timer "SCF::update_epsv" used time: 11.83515 s.
Timer "SCF::update_vhxc" used time: 2.289164 s.
[LSDF] xchg phases: A=0.826 s, B(K_W)=31.875 s, C(K_V)=199.402 s, E(reduce)=0.206 s
Timer "SCF::update_xchg" used time: 232.3346 s.
Timer "SCF::update_engy" used time: 0.264212 s.
[NELEC] step = 4  nelec = 1024  neInt = 1024.000000  dnelc =  1.6143530956e-11
[ENERG] step = 4  eTotl = -1007.76201674  eCore = 306.76715912  eCoul = 69.28842388  eExcl = -308.88316369  eNucl = -1074.93443604  eDisp = 0.00000000
[ERROR] step = 4  engy error = -1.8625223461e-03  grad error =  0.0000000000e+00  dmat error =  1.0777796754e-02
Timer "SCF cycle: 4" used time: 255.0516 s.

Timer "SCF::solve_eigen" used time: 2.236541 s.
Timer "SCF::update_rhoR" used time: 3.673354 s.
Timer "SCF::update_rhoG" used time: 0.537336 s.
Timer "SCF::update_rhoG" used time: 0.545366 s.
Timer "SCF::update_epsv" used time: 11.58838 s.
Timer "SCF::update_vhxc" used time: 2.371306 s.
[LSDF] xchg phases: A=0.868 s, B(K_W)=30.427 s, C(K_V)=189.770 s, E(reduce)=0.207 s
Timer "SCF::update_xchg" used time: 221.2977 s.
Timer "SCF::update_engy" used time: 0.265872 s.
[NELEC] step = 5  nelec = 1024  neInt = 1024.000000  dnelc =  1.6825651983e-11
[ENERG] step = 5  eTotl = -1007.76203670  eCore = 306.77286779  eCoul = 69.28207698  eExcl = -308.88254543  eNucl = -1074.93443604  eDisp = 0.00000000
[ERROR] step = 5  engy error = -1.9958003122e-05  grad error =  0.0000000000e+00  dmat error =  7.8318277250e-04
Timer "SCF cycle: 5" used time: 244.3867 s.

Timer "SCF::solve_eigen" used time: 2.260766 s.
Timer "SCF::update_rhoR" used time: 3.580821 s.
Timer "SCF::update_rhoG" used time: 0.529583 s.
Timer "SCF::update_rhoG" used time: 0.529125 s.
Timer "SCF::update_epsv" used time: 11.83352 s.
Timer "SCF::update_vhxc" used time: 2.203696 s.
[LSDF] xchg phases: A=0.821 s, B(K_W)=30.661 s, C(K_V)=189.954 s, E(reduce)=0.202 s
Timer "SCF::update_xchg" used time: 221.6630 s.
Timer "SCF::update_engy" used time: 0.267802 s.
[NELEC] step = 6  nelec = 1024  neInt = 1024.000000  dnelc =  1.5916157281e-11
[ENERG] step = 6  eTotl = -1007.76204174  eCore = 306.77306996  eCoul = 69.28389303  eExcl = -308.88456868  eNucl = -1074.93443604  eDisp = 0.00000000
[ERROR] step = 6  engy error = -5.0397568430e-06  grad error =  0.0000000000e+00  dmat error =  4.2784906196e-04
Timer "SCF cycle: 6" used time: 245.1128 s.

Timer "SCF::solve_eigen" used time: 2.213022 s.
Timer "SCF::update_rhoR" used time: 3.631322 s.
Timer "SCF::update_rhoG" used time: 0.527675 s.
Timer "SCF::update_rhoG" used time: 0.524724 s.
Timer "SCF::update_epsv" used time: 11.59510 s.
Timer "SCF::update_vhxc" used time: 2.333607 s.
[LSDF] xchg phases: A=0.704 s, B(K_W)=31.890 s, C(K_V)=190.216 s, E(reduce)=0.229 s
Timer "SCF::update_xchg" used time: 223.0652 s.
Timer "SCF::update_engy" used time: 0.282215 s.
[NELEC] step = 7  nelec = 1024  neInt = 1024.000000  dnelc =  1.7053025658e-11
[ENERG] step = 7  eTotl = -1007.76204240  eCore = 306.76991669  eCoul = 69.29002464  eExcl = -308.88754770  eNucl = -1074.93443604  eDisp = 0.00000000
[ERROR] step = 7  engy error = -6.6446546043e-07  grad error =  0.0000000000e+00  dmat error =  8.3966960564e-05
SCF converged in 7 steps.

  Band Gap Analysis (per k-point)
  k-pt    spin         HOMO (eV)       LUMO (eV)        Gap (eV)
  -----------------------------------------------------------
  0       0             5.876013        7.156497        1.280484
  -----------------------------------------------------------
  VBM =       5.876013 eV    CBM =       7.156497 eV    Band Gap =       1.280484 eV

Kylin-PBC Done.
Timer "Kylin-PBC main" used time: 2208.610 s.
