Kylin-PBC: v1.0.0

System time = 2026-06-24 02:01:35

OMP threads = 32

KYLIN_PBC_ROOT = "/home/rudin/code/kylin-pbc"
KYLIN_SCR_PATH = "/tmp"
KYLIN_JOB_PATH = "/home/rudin/code/kylin-pbc/art/example/internal/BN-PBE-gamma-FTDF"

SCF.xcfun                      = PBE
SCF.basis                      = dzvp-sr
SCF.psudo                      = gth-pbe
SCF.kmesh                      = 1 1 1
SCF.gmesh                      = 6.0e-01
SCF.ispin                      = OFF
SCF.dspin                      = 0
SCF.eps_engy                   = 3.7e-09 [AU]
SCF.eps_grad                   = 1.0e-05 [AU]
SCF.eps_dmat                   = 1.0e-03
SCF.chk_load                   = 
SCF.chk_save                   = 
SCF.scf_guess                  = ATOM
SCF.max_cycle                  = 200
SCF.vdw_method                 = NONE
SCF.coul_method                = FTDF
SCF.xchg_method                = LSDF
SCF.xchg_exxocc                = OFF
SCF.xchg_exxace                = NONE
SCF.xchg_robust                = TILE
SCF.xchg_exxdiv                = NONE
SCF.lsdf_cparam                = 30
SCF.lsdf_mparam                = 5
SCF.lsdf_ipslct                = QRCP
SCF.lsdf_chocut                = 1.0e-08
SCF.lsdf_atmcut                = 2.5e+01
SCF.lsdf_aovcut                = 1.0e-07
SCF.lsdf_swzcut                = 0.0e+00
SCF.lsdf_pnocut                = 0.0e+00
SCF.lsdf_nafcut                = 0.0e+00
SCF.mgdf_ntasks                = 4
SCF.mgdf_kratio                = 3.0e+00
SCF.mgdf_cutoff                = 3.0e+02 [AU]
SCF.mgdf_relcut                = 3.0e+01
SCF.mgdf_prprec                = 1.0e-14
SCF.dmx_mix_method             = NONE
SCF.dmx_mix_start              = 1
SCF.dmx_mix_space              = 8
SCF.dmx_mix_alpha              = 3.0e-01
SCF.rho_mix_method             = NONE
SCF.rho_mix_start              = 1
SCF.rho_mix_space              = 8
SCF.rho_mix_alpha              = 3.0e-01
SCF.hks_mix_method             = BROY
SCF.hks_mix_start              = 1
SCF.hks_mix_space              = 8
SCF.hks_mix_alpha              = 3.0e-01
SCF.damp_factor                = 0.0e+00
SCF.level_shift                = 0.0e+00 [AU]
SCF.smear_method               = NONE
SCF.smear_sigma                = 0.0e+00 [AU]
SCF.soc                        = OFF
SCF.soc_window                 = 1.8e+00 [AU]
SCF.print_bandgap              = OFF
SCF.print_time                 = OFF

OPT.opt_method                 = BFGS
OPT.max_cycle                  = 1
OPT.eps_engy                   = 4.0e-06 [AU]
OPT.eps_grad                   = 4.0e-04 [AU]
OPT.trust_limit                = 3.0e-01 [AU]
OPT.damp_factor                = 0.0e+00
OPT.opt_mix_method             = NONE
OPT.opt_mix_start              = 1
OPT.opt_mix_space              = 5
OPT.opt_mix_alpha              = 3.0e-01
OPT.neb_method                 = FIRE
OPT.neb_lclimb                 = ON
OPT.neb_interp                 = IDPP
OPT.neb_nimage                 = 5
OPT.neb_spring                 = 1.0e-02 [AU]
OPT.neb_maxstep                = 7.6e-02 [AU]

PROP.calculation               = NONE
FREQ.freq_method               = FREE2
FREQ.fd_stepsize               = 2.8e-02 [AU]
DOS.dos_method                 = GAUSS
DOS.dos_sigma                  = 3.7e-03 [AU]
DOS.dos_npoint                 = 1001
DOS.dos_emin                   = 0.0e+00 [AU]
DOS.dos_emax                   = 0.0e+00 [AU]

OPT.mdx_ensemble               = NVE
OPT.mdx_thermostat             = NHC
OPT.mdx_max_step               = 0
OPT.mdx_timestep               = 4.0e+01 [AU]
OPT.mdx_temperature            = 9.5e-04 [AU]
OPT.mdx_pressure               = 0.0e+00 [AU]
OPT.mdx_thermo_tau             = 4.0e+03 [AU]
OPT.mdx_baro_tau               = 2.0e+04 [AU]
OPT.mdx_nhc_length             = 3
OPT.mdx_nhc_mts                = 3
OPT.mdx_constraint             = OFF
OPT.mdx_constraint_tol         = 1.0e-10
OPT.mdx_rng_seed               = 42

K-points mesh = 1 1 1

xc functional: "PBE"
is hybrid: NO

Basis Set Name: "dzvp-sr"
number of shell = 6
number of basis = 26
gmesh = 38 38 38

Pseudopotential Name: "gth-pbe"
number of valence electron = 8

OPT Calculation.

==============================================================
                   Geometry Optimization                      
==============================================================
  method      = BFGS
  max_cycle   = 1
  eps_engy    = 4.000000e-06
  eps_grad    = 4.000000e-04
  trust_limit = 0.300000
  natom       = 2
  nfree       = 6 / 6
==============================================================

--------------------------------------------------------------
  OPT step 0
--------------------------------------------------------------
[OPT] Cell structure (Angstrom):
       0.00000000       1.80750000       1.80750000
       1.80750000       0.00000000       1.80750000
       1.80750000       1.80750000       0.00000000

Cart
B          0.00000000       0.00000000       0.00000000   T T T
N          1.00375000       0.95375000       0.93375000   T T T

[OPT] Cell written to /home/rudin/code/kylin-pbc/art/example/internal/BN-PBE-gamma-FTDF/opt_img/cell_opt_0.txt
[NELEC] step = 0  nelec = 8  neInt = 8.000000  dnelc = -6.6702199319e-13
[ENERG] step = 0  eTotl = -14.11692826  eCore = 1.70533922  eCoul = 0.74910572  eExcl = -3.41770249  eNucl = -13.15367071  eDisp = 0.00000000
[ERROR] step = 0  engy error =  0.0000000000e+00  grad error =  0.0000000000e+00  dmat error =  0.0000000000e+00
Timer "SCF cycle: 0" used time: 0.364831 s.

[NELEC] step = 1  nelec = 8  neInt = 8.000000  dnelc = -2.7533531011e-14
[ENERG] step = 1  eTotl = -11.14316322  eCore = 1.44744776  eCoul = 5.15268629  eExcl = -4.58962656  eNucl = -13.15367071  eDisp = 0.00000000
[ERROR] step = 1  engy error =  2.9737650371e+00  grad error =  0.0000000000e+00  dmat error =  1.8427147545e+00
Timer "SCF cycle: 1" used time: 0.125676 s.

[NELEC] step = 2  nelec = 8  neInt = 8.000000  dnelc = -8.6330942395e-13
[ENERG] step = 2  eTotl = -11.82960618  eCore = 2.05530847  eCoul = 3.45180172  eExcl = -4.18304567  eNucl = -13.15367071  eDisp = 0.00000000
[ERROR] step = 2  engy error = -6.8644296084e-01  grad error =  0.0000000000e+00  dmat error =  7.6685165140e-01
Timer "SCF cycle: 2" used time: 0.133790 s.

[NELEC] step = 3  nelec = 8  neInt = 8.000000  dnelc = -5.8442140016e-13
[ENERG] step = 3  eTotl = -11.93082347  eCore = 2.79125436  eCoul = 2.35419718  eExcl = -3.92260430  eNucl = -13.15367071  eDisp = 0.00000000
[ERROR] step = 3  engy error = -1.0121728566e-01  grad error =  0.0000000000e+00  dmat error =  5.2131936518e-01
Timer "SCF cycle: 3" used time: 0.135356 s.

[NELEC] step = 4  nelec = 8  neInt = 8.000000  dnelc = -5.4356519286e-13
[ENERG] step = 4  eTotl = -11.92456264  eCore = 2.82592058  eCoul = 2.31749550  eExcl = -3.91430801  eNucl = -13.15367071  eDisp = 0.00000000
[ERROR] step = 4  engy error =  6.2608313375e-03  grad error =  0.0000000000e+00  dmat error =  2.5043652524e-02
Timer "SCF cycle: 4" used time: 0.122938 s.

[NELEC] step = 5  nelec = 8  neInt = 8.000000  dnelc = -7.7626793882e-13
[ENERG] step = 5  eTotl = -11.95021481  eCore = 2.59126795  eCoul = 2.58423167  eExcl = -3.97204373  eNucl = -13.15367071  eDisp = 0.00000000
[ERROR] step = 5  engy error = -2.5652172525e-02  grad error =  0.0000000000e+00  dmat error =  1.6825740969e-01
Timer "SCF cycle: 5" used time: 0.122805 s.

[NELEC] step = 6  nelec = 8  neInt = 8.000000  dnelc = -7.7982065250e-13
[ENERG] step = 6  eTotl = -11.95012911  eCore = 2.60445075  eCoul = 2.56739987  eExcl = -3.96830902  eNucl = -13.15367071  eDisp = 0.00000000
[ERROR] step = 6  engy error =  8.5704154817e-05  grad error =  0.0000000000e+00  dmat error =  8.5866050635e-03
Timer "SCF cycle: 6" used time: 0.122903 s.

[NELEC] step = 7  nelec = 8  neInt = 8.000000  dnelc = -8.1712414612e-13
[ENERG] step = 7  eTotl = -11.95022690  eCore = 2.58651061  eCoul = 2.59030837  eExcl = -3.97337517  eNucl = -13.15367071  eDisp = 0.00000000
[ERROR] step = 7  engy error = -9.7792095996e-05  grad error =  0.0000000000e+00  dmat error =  1.4940100661e-02
Timer "SCF cycle: 7" used time: 0.122725 s.

[NELEC] step = 8  nelec = 8  neInt = 8.000000  dnelc = -8.1445961087e-13
[ENERG] step = 8  eTotl = -11.95023102  eCore = 2.58807568  eCoul = 2.58830586  eExcl = -3.97294186  eNucl = -13.15367071  eDisp = 0.00000000
[ERROR] step = 8  engy error = -4.1222918252e-06  grad error =  0.0000000000e+00  dmat error =  9.5399560383e-04
Timer "SCF cycle: 8" used time: 0.122719 s.

[NELEC] step = 9  nelec = 8  neInt = 8.000000  dnelc = -8.1445961087e-13
[ENERG] step = 9  eTotl = -11.95023260  eCore = 2.58963749  eCoul = 2.58628519  eExcl = -3.97248457  eNucl = -13.15367071  eDisp = 0.00000000
[ERROR] step = 9  engy error = -1.5755956255e-06  grad error =  0.0000000000e+00  dmat error =  9.8831925553e-04
Timer "SCF cycle: 9" used time: 0.122942 s.

[NELEC] step = 10  nelec = 8  neInt = 8.000000  dnelc = -8.1179507561e-13
[ENERG] step = 10  eTotl = -11.95023266  eCore = 2.59001166  eCoul = 2.58580546  eExcl = -3.97237908  eNucl = -13.15367071  eDisp = 0.00000000
[ERROR] step = 10  engy error = -6.5089245993e-08  grad error =  0.0000000000e+00  dmat error =  2.5121607398e-04
Timer "SCF cycle: 10" used time: 0.123187 s.

[NELEC] step = 11  nelec = 8  neInt = 8.000000  dnelc = -8.0824236193e-13
[ENERG] step = 11  eTotl = -11.95023266  eCore = 2.58999965  eCoul = 2.58582010  eExcl = -3.97238171  eNucl = -13.15367071  eDisp = 0.00000000
[ERROR] step = 11  engy error = -2.4407853516e-10  grad error =  0.0000000000e+00  dmat error =  2.3413699717e-05
SCF converged in 11 steps.
[GRADIENT] SCF type: GRKS | atoms: 2 | DOF: 6 | time: 1.965 s
  Atom   0:   1.9149614869e-02   2.9027554834e-02   4.2808048612e-02
  Atom   1:  -1.9127628226e-02  -2.9013937262e-02  -4.2841454795e-02
[OPT] step = 0  energy = -11.9502326618  dE =               N/A  grad_max =  4.2841454795e-02  grad_rms =  3.1845723630e-02
[OPT] Geometry optimization did not converge in 1 steps.
Kylin-PBC Done.
Timer "Kylin-PBC main" used time: 4.225899 s.
