Kylin-PBC: v1.0.0

System time = 2026-09-30 20:14:52

OMP threads = 32

KYLIN_PBC_ROOT = "/home/rudin/code/kylin-pbc"
KYLIN_SCR_PATH = "/tmp"
KYLIN_JOB_PATH = "/home/rudin/tmp-review-ionic/CsI16/full/c40"

SCF.xcfun                      = HSE06
SCF.basis                      = dzvp-sr
SCF.psudo                      = gth-pbe
SCF.kmesh                      = 1 1 1
SCF.gmesh                      = 5.0e-01
SCF.ispin                      = OFF
SCF.dspin                      = 0
SCF.eps_engy                   = 3.7e-09 [AU]
SCF.eps_grad                   = 1.0e-05 [AU]
SCF.eps_dmat                   = 1.0e-03
SCF.chk_load                   = 
SCF.chk_save                   = 
SCF.scf_guess                  = ATOM
SCF.max_cycle                  = 200
SCF.vdw_method                 = NONE
SCF.coul_method                = MGDF
SCF.xchg_method                = LSDF
SCF.xchg_exxocc                = OFF
SCF.xchg_exxace                = NONE
SCF.xchg_robust                = FULL
SCF.xchg_exxdiv                = EWALD
SCF.xchg_dropG0                = ON
SCF.lsdf_cparam                = 40
SCF.lsdf_mparam                = 5
SCF.lsdf_ipslct                = QRCP
SCF.lsdf_chocut                = 1.0e-08
SCF.lsdf_atmcut                = 2.5e+01
SCF.lsdf_aovcut                = 1.0e-07
SCF.lsdf_swzcut                = 0.0e+00
SCF.lsdf_pnocut                = 0.0e+00
SCF.lsdf_nafcut                = 0.0e+00
SCF.mgdf_ntasks                = 4
SCF.mgdf_kratio                = 3.0e+00
SCF.mgdf_cutoff                = 3.0e+02 [AU]
SCF.mgdf_relcut                = 3.0e+01
SCF.mgdf_prprec                = 1.0e-14
SCF.dmx_mix_method             = NONE
SCF.dmx_mix_start              = 1
SCF.dmx_mix_space              = 8
SCF.dmx_mix_alpha              = 3.0e-01
SCF.rho_mix_method             = NONE
SCF.rho_mix_start              = 1
SCF.rho_mix_space              = 8
SCF.rho_mix_alpha              = 3.0e-01
SCF.hks_mix_method             = BROY
SCF.hks_mix_start              = 1
SCF.hks_mix_space              = 8
SCF.hks_mix_alpha              = 3.0e-01
SCF.damp_factor                = 0.0e+00
SCF.level_shift                = 0.0e+00 [AU]
SCF.smear_method               = NONE
SCF.smear_sigma                = 0.0e+00 [AU]
SCF.soc                        = OFF
SCF.soc_window                 = 1.8e+00 [AU]
SCF.print_bandgap              = OFF
SCF.print_time                 = OFF

OPT.opt_method                 = BFGS
OPT.max_cycle                  = 1
OPT.eps_engy                   = 4.0e-06 [AU]
OPT.eps_grad                   = 4.0e-04 [AU]
OPT.trust_limit                = 3.0e-01 [AU]
OPT.damp_factor                = 0.0e+00
OPT.opt_mix_method             = NONE
OPT.opt_mix_start              = 1
OPT.opt_mix_space              = 5
OPT.opt_mix_alpha              = 3.0e-01
OPT.neb_method                 = FIRE
OPT.neb_lclimb                 = ON
OPT.neb_interp                 = IDPP
OPT.neb_nimage                 = 5
OPT.neb_spring                 = 1.0e-02 [AU]
OPT.neb_maxstep                = 7.6e-02 [AU]

PROP.calculation               = NONE
FREQ.freq_method               = FREE2
FREQ.fd_stepsize               = 2.8e-02 [AU]
DOS.dos_method                 = GAUSS
DOS.dos_sigma                  = 3.7e-03 [AU]
DOS.dos_npoint                 = 1001
DOS.dos_emin                   = 0.0e+00 [AU]
DOS.dos_emax                   = 0.0e+00 [AU]

OPT.mdx_ensemble               = NVE
OPT.mdx_thermostat             = NHC
OPT.mdx_max_step               = 0
OPT.mdx_timestep               = 4.0e+01 [AU]
OPT.mdx_temperature            = 9.5e-04 [AU]
OPT.mdx_pressure               = 0.0e+00 [AU]
OPT.mdx_thermo_tau             = 4.0e+03 [AU]
OPT.mdx_baro_tau               = 2.0e+04 [AU]
OPT.mdx_nhc_length             = 3
OPT.mdx_nhc_mts                = 3
OPT.mdx_constraint             = OFF
OPT.mdx_constraint_tol         = 1.0e-10
OPT.mdx_rng_seed               = 42

K-points mesh = 1 1 1

xc functional: "HSE06"
is hybrid: YES
HFX coeff: 0.25

Basis Set Name: "dzvp-sr"
number of shell = 48
number of basis = 216
gmesh = 44 44 44

Pseudopotential Name: "gth-pbe"
number of valence electron = 128

OPT Calculation.

==============================================================
                   Geometry Optimization                      
==============================================================
  method      = BFGS
  max_cycle   = 1
  eps_engy    = 4.000000e-06
  eps_grad    = 4.000000e-04
  trust_limit = 0.300000
  natom       = 16
  nfree       = 48 / 48
==============================================================

--------------------------------------------------------------
  OPT step 0
--------------------------------------------------------------
[OPT] Cell structure (Angstrom):
       9.13400000       0.00000000       0.00000000
       0.00000000       9.13400000       0.00000000
       0.00000000       0.00000000       9.13400000

Cart
Cs         0.00000000       0.00000000       0.00000000   T T T
I          2.38350000       2.33350000       2.31350000   T T T
Cs         0.00000000       0.00000000       4.56700000   T T T
I          2.28350000       2.28350000       6.85050000   T T T
Cs         0.00000000       4.56700000       0.00000000   T T T
I          2.28350000       6.85050000       2.28350000   T T T
Cs         0.00000000       4.56700000       4.56700000   T T T
I          2.28350000       6.85050000       6.85050000   T T T
Cs         4.56700000       0.00000000       0.00000000   T T T
I          6.85050000       2.28350000       2.28350000   T T T
Cs         4.56700000       0.00000000       4.56700000   T T T
I          6.85050000       2.28350000       6.85050000   T T T
Cs         4.56700000       4.56700000       0.00000000   T T T
I          6.85050000       6.85050000       2.28350000   T T T
Cs         4.56700000       4.56700000       4.56700000   T T T
I          6.85050000       6.85050000       6.85050000   T T T

[OPT] Cell written to /home/rudin/tmp-review-ionic/CsI16/full/c40/opt_img/cell_opt_0.txt
[LSDF] gmesh = (44, 44, 44), ngrid = 85184, naofn = 216, natom = 16
Timer "[LSDF] Voronoi partition" used time: 0.002390 s.
Timer "[LSDF] AO evaluation + screening" used time: 0.296531 s.
[LSDF] IP method: randomized QRCP (c=40, m=5)
[LSDF] total IPs selected: 8720 (10.2367% of grid)
Timer "[LSDF] IP selection" used time: 0.692173 s.
Timer "[LSDF] aux basis fitting" used time: 0.160982 s.
[LSDF] Step 5 diagnostics: natom=16, ngrid=85184, naux_total=8720
[LSDF]   OMP threads=32, MKL threads=32
[LSDF]   Vmat_loc total size: 8720 x 85184 = 5.53 GB
Timer "[LSDF]   5a Vmat_loc alloc+FFT" used time: 0.288287 s.
[LSDF]   W size: 8720 x 8720 = 580.13 MB, max_npart=5347
Timer "[LSDF]   5b W construction (DGEMM)" used time: 0.221520 s.
Timer "[LSDF]   5c Wmat symmetrize" used time: 0.033666 s.
[LSDF]   robust_mode=FULL: keeping Vmat_loc (5.53 GB) in atom ordering
Timer "[LSDF] V/W construction" used time: 0.543555 s.
[LSDF] xchg phases: A=0.002 s, B(K_W)=0.036 s, C(K_V)=0.496 s, E(reduce)=0.001 s
[NELEC] step = 0  nelec = 128  neInt = 128.000000  dnelc = -2.7990409990e-09
[ENERG] step = 0  eTotl = -251.70638745  eCore = -20.81066899  eCoul = 30.26755899  eExcl = -43.39440434  eNucl = -217.76887312  eDisp = 0.00000000
[ERROR] step = 0  engy error =  0.0000000000e+00  grad error =  0.0000000000e+00  dmat error =  0.0000000000e+00
Timer "SCF cycle: 0" used time: 2.936974 s.

[LSDF] xchg phases: A=0.003 s, B(K_W)=0.055 s, C(K_V)=0.300 s, E(reduce)=0.001 s
[NELEC] step = 1  nelec = 128  neInt = 128.000000  dnelc =  4.9473669606e-10
[ENERG] step = 1  eTotl = -253.67258651  eCore = -24.16926023  eCoul = 32.50273339  eExcl = -44.23718656  eNucl = -217.76887312  eDisp = 0.00000000
[ERROR] step = 1  engy error = -1.9661990643e+00  grad error =  0.0000000000e+00  dmat error =  1.0241393006e+00
Timer "SCF cycle: 1" used time: 2.717270 s.

[LSDF] xchg phases: A=0.001 s, B(K_W)=0.034 s, C(K_V)=0.397 s, E(reduce)=0.001 s
[NELEC] step = 2  nelec = 128  neInt = 128.000000  dnelc = -2.4394353204e-10
[ENERG] step = 2  eTotl = -253.67828918  eCore = -24.08778814  eCoul = 32.39713384  eExcl = -44.21876176  eNucl = -217.76887312  eDisp = 0.00000000
[ERROR] step = 2  engy error = -5.7026615984e-03  grad error =  0.0000000000e+00  dmat error =  1.1960833494e-01
Timer "SCF cycle: 2" used time: 2.726718 s.

[LSDF] xchg phases: A=0.001 s, B(K_W)=0.028 s, C(K_V)=0.394 s, E(reduce)=0.001 s
[NELEC] step = 3  nelec = 128  neInt = 128.000000  dnelc = -1.5759695771e-09
[ENERG] step = 3  eTotl = -253.68207372  eCore = -23.91402837  eCoul = 32.17411953  eExcl = -44.17329176  eNucl = -217.76887312  eDisp = 0.00000000
[ERROR] step = 3  engy error = -3.7845438586e-03  grad error =  0.0000000000e+00  dmat error =  2.3425065738e-01
Timer "SCF cycle: 3" used time: 2.672284 s.

[LSDF] xchg phases: A=0.001 s, B(K_W)=0.029 s, C(K_V)=0.399 s, E(reduce)=0.001 s
[NELEC] step = 4  nelec = 128  neInt = 128.000000  dnelc = -1.3567529322e-09
[ENERG] step = 4  eTotl = -253.68227386  eCore = -23.92850716  eCoul = 32.18900286  eExcl = -44.17389644  eNucl = -217.76887312  eDisp = 0.00000000
[ERROR] step = 4  engy error = -2.0014438365e-04  grad error =  0.0000000000e+00  dmat error =  3.1852552712e-02
Timer "SCF cycle: 4" used time: 2.702179 s.

[LSDF] xchg phases: A=0.001 s, B(K_W)=0.028 s, C(K_V)=0.339 s, E(reduce)=0.001 s
[NELEC] step = 5  nelec = 128  neInt = 128.000000  dnelc = -1.2491057078e-09
[ENERG] step = 5  eTotl = -253.68229261  eCore = -23.93913857  eCoul = 32.20275119  eExcl = -44.17703211  eNucl = -217.76887312  eDisp = 0.00000000
[ERROR] step = 5  engy error = -1.8743150008e-05  grad error =  0.0000000000e+00  dmat error =  1.5192209848e-02
Timer "SCF cycle: 5" used time: 2.632844 s.

[LSDF] xchg phases: A=0.003 s, B(K_W)=0.028 s, C(K_V)=0.388 s, E(reduce)=0.001 s
[NELEC] step = 6  nelec = 128  neInt = 128.000000  dnelc = -1.2351080159e-09
[ENERG] step = 6  eTotl = -253.68229365  eCore = -23.94226361  eCoul = 32.20779200  eExcl = -44.17894892  eNucl = -217.76887312  eDisp = 0.00000000
[ERROR] step = 6  engy error = -1.0441795837e-06  grad error =  0.0000000000e+00  dmat error =  1.7094380174e-03
Timer "SCF cycle: 6" used time: 2.647389 s.

[LSDF] xchg phases: A=0.003 s, B(K_W)=0.029 s, C(K_V)=0.280 s, E(reduce)=0.001 s
[NELEC] step = 7  nelec = 128  neInt = 128.000000  dnelc = -1.2275620520e-09
[ENERG] step = 7  eTotl = -253.68229373  eCore = -23.94324914  eCoul = 32.20924438  eExcl = -44.17941586  eNucl = -217.76887312  eDisp = 0.00000000
[ERROR] step = 7  engy error = -7.9106399653e-08  grad error =  0.0000000000e+00  dmat error =  9.2398218660e-04
Timer "SCF cycle: 7" used time: 2.577344 s.

[NELEC] step = 8  nelec = 128  neInt = 128.000000  dnelc = -1.2271073047e-09
[ENERG] step = 8  eTotl = -253.68229371  eCore = -23.94349829  eCoul = 32.20970033  eExcl = -44.17962264  eNucl = -217.76887312  eDisp = 0.00000000
[ERROR] step = 8  engy error =  1.5118757801e-08  grad error =  0.0000000000e+00  dmat error =  6.6799289676e-05
Timer "SCF cycle: 8" used time: 2.636487 s.

[NELEC] step = 9  nelec = 128  neInt = 128.000000  dnelc = -1.2269225635e-09
[ENERG] step = 9  eTotl = -253.68229372  eCore = -23.94345321  eCoul = 32.20960955  eExcl = -44.17957695  eNucl = -217.76887312  eDisp = 0.00000000
[ERROR] step = 9  engy error = -1.0012286111e-08  grad error =  0.0000000000e+00  dmat error =  3.4468935764e-05
Timer "SCF cycle: 9" used time: 2.556390 s.

[NELEC] step = 10  nelec = 128  neInt = 128.000000  dnelc = -1.2268515093e-09
[ENERG] step = 10  eTotl = -253.68229373  eCore = -23.94343664  eCoul = 32.20957593  eExcl = -44.17955990  eNucl = -217.76887312  eDisp = 0.00000000
[ERROR] step = 10  engy error = -3.9104008920e-09  grad error =  0.0000000000e+00  dmat error =  1.4657394210e-05
Timer "SCF cycle: 10" used time: 2.568595 s.

[NELEC] step = 11  nelec = 128  neInt = 128.000000  dnelc = -1.2268088767e-09
[ENERG] step = 11  eTotl = -253.68229373  eCore = -23.94343467  eCoul = 32.20957249  eExcl = -44.17955843  eNucl = -217.76887312  eDisp = 0.00000000
[ERROR] step = 11  engy error = -4.5011461225e-10  grad error =  0.0000000000e+00  dmat error =  9.9443155335e-07
SCF converged in 11 steps.
[LSDF] xchg_d10: ISDF-robust path (K_V + K_V~ - K_IP)
[GRADIENT] SCF type: GRKS | atoms: 16 | DOF: 48 | time: 34.795 s
  Atom   0:  -9.2419419643e-05  -5.7240870100e-05  -4.1668048805e-05
  Atom   1:   1.5252805135e-03   7.7375702397e-04   4.6632871520e-04
  Atom   2:  -9.6971574466e-05  -6.5481547450e-05   4.9617203692e-06
  Atom   3:   4.2117378374e-04   2.1095234623e-04  -2.7136602313e-04
  Atom   4:  -9.0334500896e-05  -1.0349231631e-05  -4.8511715741e-05
  Atom   5:   4.2176906687e-04  -4.5238290705e-04   1.2709591201e-04
  Atom   6:  -6.4569051316e-05  -2.2825523403e-05  -8.9862974115e-06
  Atom   7:   1.1966380489e-04  -6.1918816714e-05  -3.7472254860e-05
  Atom   8:  -7.9281647997e-05  -1.0994988741e-05  -1.0278186724e-06
  Atom   9:  -9.1018202104e-04   2.1266471343e-04   1.2794489883e-04
  Atom  10:  -1.2311632077e-04   4.8723570290e-05  -8.4385299420e-05
  Atom  11:  -1.2273673710e-04   6.0368168627e-05  -3.7329851447e-05
  Atom  12:  -1.6696035027e-04  -1.4254996980e-04   1.1046003211e-04
  Atom  13:  -1.2264890360e-04  -6.1637228852e-05   3.6570366637e-05
  Atom  14:  -2.5665323240e-04  -2.3864142061e-04  -2.3231946889e-04
  Atom  15:  -3.6441386357e-04  -1.8309327756e-04  -1.1023683322e-04
[OPT] step = 0  energy = -253.6822937290  dE =               N/A  grad_max =  1.5252805135e-03  grad_rms =  3.3154044680e-04
[OPT] Geometry optimization did not converge in 1 steps.
Kylin-PBC Done.
Timer "Kylin-PBC main" used time: 70.50266 s.
