Kylin-PBC: v1.0.0

System time = 2026-06-24 02:04:08

OMP threads = 32

KYLIN_PBC_ROOT = "/home/rudin/code/kylin-pbc"
KYLIN_SCR_PATH = "/tmp"
KYLIN_JOB_PATH = "/home/rudin/code/kylin-pbc/art/example/internal/CsI-PBE-gamma-MGDF"

SCF.xcfun                      = PBE
SCF.basis                      = dzvp-sr
SCF.psudo                      = gth-pbe
SCF.kmesh                      = 1 1 1
SCF.gmesh                      = 6.0e-01
SCF.ispin                      = OFF
SCF.dspin                      = 0
SCF.eps_engy                   = 3.7e-09 [AU]
SCF.eps_grad                   = 1.0e-05 [AU]
SCF.eps_dmat                   = 1.0e-03
SCF.chk_load                   = 
SCF.chk_save                   = 
SCF.scf_guess                  = ATOM
SCF.max_cycle                  = 200
SCF.vdw_method                 = NONE
SCF.coul_method                = MGDF
SCF.xchg_method                = LSDF
SCF.xchg_exxocc                = OFF
SCF.xchg_exxace                = NONE
SCF.xchg_robust                = TILE
SCF.xchg_exxdiv                = NONE
SCF.lsdf_cparam                = 30
SCF.lsdf_mparam                = 5
SCF.lsdf_ipslct                = QRCP
SCF.lsdf_chocut                = 1.0e-08
SCF.lsdf_atmcut                = 2.5e+01
SCF.lsdf_aovcut                = 1.0e-07
SCF.lsdf_swzcut                = 0.0e+00
SCF.lsdf_pnocut                = 0.0e+00
SCF.lsdf_nafcut                = 0.0e+00
SCF.mgdf_ntasks                = 4
SCF.mgdf_kratio                = 3.0e+00
SCF.mgdf_cutoff                = 3.0e+02 [AU]
SCF.mgdf_relcut                = 3.0e+01
SCF.mgdf_prprec                = 1.0e-14
SCF.dmx_mix_method             = NONE
SCF.dmx_mix_start              = 1
SCF.dmx_mix_space              = 8
SCF.dmx_mix_alpha              = 3.0e-01
SCF.rho_mix_method             = NONE
SCF.rho_mix_start              = 1
SCF.rho_mix_space              = 8
SCF.rho_mix_alpha              = 3.0e-01
SCF.hks_mix_method             = BROY
SCF.hks_mix_start              = 1
SCF.hks_mix_space              = 8
SCF.hks_mix_alpha              = 3.0e-01
SCF.damp_factor                = 0.0e+00
SCF.level_shift                = 0.0e+00 [AU]
SCF.smear_method               = NONE
SCF.smear_sigma                = 0.0e+00 [AU]
SCF.soc                        = OFF
SCF.soc_window                 = 1.8e+00 [AU]
SCF.print_bandgap              = OFF
SCF.print_time                 = OFF

OPT.opt_method                 = BFGS
OPT.max_cycle                  = 1
OPT.eps_engy                   = 4.0e-06 [AU]
OPT.eps_grad                   = 4.0e-04 [AU]
OPT.trust_limit                = 3.0e-01 [AU]
OPT.damp_factor                = 0.0e+00
OPT.opt_mix_method             = NONE
OPT.opt_mix_start              = 1
OPT.opt_mix_space              = 5
OPT.opt_mix_alpha              = 3.0e-01
OPT.neb_method                 = FIRE
OPT.neb_lclimb                 = ON
OPT.neb_interp                 = IDPP
OPT.neb_nimage                 = 5
OPT.neb_spring                 = 1.0e-02 [AU]
OPT.neb_maxstep                = 7.6e-02 [AU]

PROP.calculation               = NONE
FREQ.freq_method               = FREE2
FREQ.fd_stepsize               = 2.8e-02 [AU]
DOS.dos_method                 = GAUSS
DOS.dos_sigma                  = 3.7e-03 [AU]
DOS.dos_npoint                 = 1001
DOS.dos_emin                   = 0.0e+00 [AU]
DOS.dos_emax                   = 0.0e+00 [AU]

OPT.mdx_ensemble               = NVE
OPT.mdx_thermostat             = NHC
OPT.mdx_max_step               = 0
OPT.mdx_timestep               = 4.0e+01 [AU]
OPT.mdx_temperature            = 9.5e-04 [AU]
OPT.mdx_pressure               = 0.0e+00 [AU]
OPT.mdx_thermo_tau             = 4.0e+03 [AU]
OPT.mdx_baro_tau               = 2.0e+04 [AU]
OPT.mdx_nhc_length             = 3
OPT.mdx_nhc_mts                = 3
OPT.mdx_constraint             = OFF
OPT.mdx_constraint_tol         = 1.0e-10
OPT.mdx_rng_seed               = 42

K-points mesh = 1 1 1

xc functional: "PBE"
is hybrid: NO

Basis Set Name: "dzvp-sr"
number of shell = 6
number of basis = 27
gmesh = 27 27 27

Pseudopotential Name: "gth-pbe"
number of valence electron = 16

OPT Calculation.

==============================================================
                   Geometry Optimization                      
==============================================================
  method      = BFGS
  max_cycle   = 1
  eps_engy    = 4.000000e-06
  eps_grad    = 4.000000e-04
  trust_limit = 0.300000
  natom       = 2
  nfree       = 6 / 6
==============================================================

--------------------------------------------------------------
  OPT step 0
--------------------------------------------------------------
[OPT] Cell structure (Angstrom):
       4.56700000       0.00000000       0.00000000
       0.00000000       4.56700000       0.00000000
       0.00000000       0.00000000       4.56700000

Cart
Cs         0.00000000       0.00000000       0.00000000   T T T
I          2.38350000       2.33350000       2.31350000   T T T

[OPT] Cell written to /home/rudin/code/kylin-pbc/art/example/internal/CsI-PBE-gamma-MGDF/opt_img/cell_opt_0.txt
[NELEC] step = 0  nelec = 16  neInt = 16.000000  dnelc =  6.0307314698e-11
[ENERG] step = 0  eTotl = -30.26016579  eCore = 0.05075390  eCoul = 1.65640771  eExcl = -4.75397732  eNucl = -27.21335006  eDisp = 0.00000000
[ERROR] step = 0  engy error =  0.0000000000e+00  grad error =  0.0000000000e+00  dmat error =  0.0000000000e+00
Timer "SCF cycle: 0" used time: 0.264279 s.

[NELEC] step = 1  nelec = 16  neInt = 16.000000  dnelc = -2.6508525153e-08
[ENERG] step = 1  eTotl = -31.41760564  eCore = -3.45463636  eCoul = 5.10920858  eExcl = -5.85882779  eNucl = -27.21335006  eDisp = 0.00000000
[ERROR] step = 1  engy error = -1.1574398513e+00  grad error =  0.0000000000e+00  dmat error =  3.5752718708e+01
Timer "SCF cycle: 1" used time: 0.119886 s.

[NELEC] step = 2  nelec = 16  neInt = 16.000000  dnelc = -1.8585721406e-08
[ENERG] step = 2  eTotl = -31.50469755  eCore = -3.33195846  eCoul = 4.82001318  eExcl = -5.77940220  eNucl = -27.21335006  eDisp = 0.00000000
[ERROR] step = 2  engy error = -8.7091914776e-02  grad error =  0.0000000000e+00  dmat error =  1.9521371681e+01
Timer "SCF cycle: 2" used time: 0.120532 s.

[NELEC] step = 3  nelec = 16  neInt = 16.000000  dnelc = -1.3271463928e-09
[ENERG] step = 3  eTotl = -31.56735257  eCore = -2.98973997  eCoul = 4.25272963  eExcl = -5.61699216  eNucl = -27.21335006  eDisp = 0.00000000
[ERROR] step = 3  engy error = -6.2655014268e-02  grad error =  0.0000000000e+00  dmat error =  1.5669154143e+01
Timer "SCF cycle: 3" used time: 0.126352 s.

[NELEC] step = 4  nelec = 16  neInt = 16.000000  dnelc = -2.1378383508e-09
[ENERG] step = 4  eTotl = -31.56759158  eCore = -3.01066281  eCoul = 4.28170317  eExcl = -5.62528188  eNucl = -27.21335006  eDisp = 0.00000000
[ERROR] step = 4  engy error = -2.3901416778e-04  grad error =  0.0000000000e+00  dmat error =  2.5354053257e-01
Timer "SCF cycle: 4" used time: 0.115428 s.

[NELEC] step = 5  nelec = 16  neInt = 16.000000  dnelc = -1.4668231074e-09
[ENERG] step = 5  eTotl = -31.56756307  eCore = -2.99835270  eCoul = 4.26455642  eExcl = -5.62041673  eNucl = -27.21335006  eDisp = 0.00000000
[ERROR] step = 5  engy error =  2.8506579977e-05  grad error =  0.0000000000e+00  dmat error =  1.5911644837e-01
Timer "SCF cycle: 5" used time: 0.113841 s.

[NELEC] step = 6  nelec = 16  neInt = 16.000000  dnelc = -1.7244730088e-09
[ENERG] step = 6  eTotl = -31.56759833  eCore = -3.00405911  eCoul = 4.27256137  eExcl = -5.62275053  eNucl = -27.21335006  eDisp = 0.00000000
[ERROR] step = 6  engy error = -3.5260125038e-05  grad error =  0.0000000000e+00  dmat error =  7.5651406372e-02
Timer "SCF cycle: 6" used time: 0.117045 s.

[NELEC] step = 7  nelec = 16  neInt = 16.000000  dnelc = -1.8851125105e-09
[ENERG] step = 7  eTotl = -31.56760434  eCore = -3.00745176  eCoul = 4.27732643  eExcl = -5.62412895  eNucl = -27.21335006  eDisp = 0.00000000
[ERROR] step = 7  engy error = -6.0104585486e-06  grad error =  0.0000000000e+00  dmat error =  4.5590630103e-02
Timer "SCF cycle: 7" used time: 0.113135 s.

[NELEC] step = 8  nelec = 16  neInt = 16.000000  dnelc = -1.8838726135e-09
[ENERG] step = 8  eTotl = -31.56760435  eCore = -3.00738672  eCoul = 4.27722384  eExcl = -5.62409141  eNucl = -27.21335006  eDisp = 0.00000000
[ERROR] step = 8  engy error = -2.3573818453e-09  grad error =  0.0000000000e+00  dmat error =  4.1095534594e-04
SCF converged in 8 steps.
[GRADIENT] SCF type: GRKS | atoms: 2 | DOF: 6 | time: 5.753 s
  Atom   0:   3.8625668764e-03   1.9618748963e-03   1.1809630073e-03
  Atom   1:  -3.8635976116e-03  -1.9601441079e-03  -1.1821446431e-03
[OPT] step = 0  energy = -31.5676043469  dE =               N/A  grad_max =  3.8635976116e-03  grad_rms =  2.5926198781e-03
[OPT] Geometry optimization did not converge in 1 steps.
Kylin-PBC Done.
Timer "Kylin-PBC main" used time: 7.649322 s.
