Kylin-PBC: v1.0.0

System time = 2026-06-28 02:30:31

OMP threads = 32

KYLIN_PBC_ROOT = "/home/rudin/code/kylin-pbc"
KYLIN_SCR_PATH = "/tmp"
KYLIN_JOB_PATH = "/home/rudin/code/kylin-pbc/art/example/scaling/cip-Si16-HSE06/none/c10"

SCF.xcfun                      = HSE06
SCF.basis                      = dzvp-sr
SCF.psudo                      = gth-pbe
SCF.kmesh                      = 1 1 1
SCF.gmesh                      = 5.0e-01
SCF.ispin                      = OFF
SCF.dspin                      = 0
SCF.eps_engy                   = 1.0e-06 [AU]
SCF.eps_grad                   = 1.0e-05 [AU]
SCF.eps_dmat                   = 1.0e-03
SCF.chk_load                   = 
SCF.chk_save                   = 
SCF.scf_guess                  = ATOM
SCF.max_cycle                  = 100
SCF.vdw_method                 = NONE
SCF.coul_method                = MGDF
SCF.xchg_method                = LSDF
SCF.xchg_exxocc                = OFF
SCF.xchg_exxace                = NONE
SCF.xchg_robust                = NONE
SCF.xchg_exxdiv                = NONE
SCF.xchg_dropG0                = OFF
SCF.lsdf_cparam                = 10
SCF.lsdf_mparam                = 5
SCF.lsdf_ipslct                = QRCP
SCF.lsdf_chocut                = 1.0e-08
SCF.lsdf_atmcut                = 2.5e+01
SCF.lsdf_aovcut                = 1.0e-07
SCF.lsdf_swzcut                = 0.0e+00
SCF.lsdf_pnocut                = 0.0e+00
SCF.lsdf_nafcut                = 0.0e+00
SCF.mgdf_ntasks                = 4
SCF.mgdf_kratio                = 3.0e+00
SCF.mgdf_cutoff                = 3.0e+02 [AU]
SCF.mgdf_relcut                = 3.0e+01
SCF.mgdf_prprec                = 1.0e-14
SCF.dmx_mix_method             = NONE
SCF.dmx_mix_start              = 1
SCF.dmx_mix_space              = 8
SCF.dmx_mix_alpha              = 3.0e-01
SCF.rho_mix_method             = NONE
SCF.rho_mix_start              = 1
SCF.rho_mix_space              = 8
SCF.rho_mix_alpha              = 3.0e-01
SCF.hks_mix_method             = BROY
SCF.hks_mix_start              = 1
SCF.hks_mix_space              = 8
SCF.hks_mix_alpha              = 3.0e-01
SCF.damp_factor                = 0.0e+00
SCF.level_shift                = 0.0e+00 [AU]
SCF.smear_method               = NONE
SCF.smear_sigma                = 0.0e+00 [AU]
SCF.soc                        = OFF
SCF.soc_window                 = 1.8e+00 [AU]
SCF.print_bandgap              = OFF
SCF.print_time                 = OFF

OPT.opt_method                 = BFGS
OPT.max_cycle                  = 1
OPT.eps_engy                   = 4.0e-06 [AU]
OPT.eps_grad                   = 4.0e-04 [AU]
OPT.trust_limit                = 3.0e-01 [AU]
OPT.damp_factor                = 0.0e+00
OPT.opt_mix_method             = NONE
OPT.opt_mix_start              = 1
OPT.opt_mix_space              = 5
OPT.opt_mix_alpha              = 3.0e-01
OPT.neb_method                 = FIRE
OPT.neb_lclimb                 = ON
OPT.neb_interp                 = IDPP
OPT.neb_nimage                 = 5
OPT.neb_spring                 = 1.0e-02 [AU]
OPT.neb_maxstep                = 7.6e-02 [AU]

PROP.calculation               = NONE
FREQ.freq_method               = FREE2
FREQ.fd_stepsize               = 2.8e-02 [AU]
DOS.dos_method                 = GAUSS
DOS.dos_sigma                  = 3.7e-03 [AU]
DOS.dos_npoint                 = 1001
DOS.dos_emin                   = 0.0e+00 [AU]
DOS.dos_emax                   = 0.0e+00 [AU]

OPT.mdx_ensemble               = NVE
OPT.mdx_thermostat             = NHC
OPT.mdx_max_step               = 0
OPT.mdx_timestep               = 4.0e+01 [AU]
OPT.mdx_temperature            = 9.5e-04 [AU]
OPT.mdx_pressure               = 0.0e+00 [AU]
OPT.mdx_thermo_tau             = 4.0e+03 [AU]
OPT.mdx_baro_tau               = 2.0e+04 [AU]
OPT.mdx_nhc_length             = 3
OPT.mdx_nhc_mts                = 3
OPT.mdx_constraint             = OFF
OPT.mdx_constraint_tol         = 1.0e-10
OPT.mdx_rng_seed               = 42

K-points mesh = 1 1 1

xc functional: "HSE06"
is hybrid: YES
HFX coeff: 0.25

Basis Set Name: "dzvp-sr"
number of shell = 48
number of basis = 208
gmesh = 29 29 57

Pseudopotential Name: "gth-pbe"
number of valence electron = 64

OPT Calculation.

==============================================================
                   Geometry Optimization                      
==============================================================
  method      = BFGS
  max_cycle   = 1
  eps_engy    = 4.000000e-06
  eps_grad    = 4.000000e-04
  trust_limit = 0.300000
  natom       = 16
  nfree       = 48 / 48
==============================================================

--------------------------------------------------------------
  OPT step 0
--------------------------------------------------------------
[OPT] Cell structure (Angstrom):
       5.43100000       0.00000000       0.00000000
       0.00000000       5.43100000       0.00000000
       0.00000000       0.00000000      10.86200000

Cart
Si         0.00000000       0.00000000       0.00000000   T T T
Si         0.00000000       2.71550000       2.71550000   T T T
Si         2.71550000       0.00000000       2.71550000   T T T
Si         2.71550000       2.71550000       0.00000000   T T T
Si         1.35775000       1.35775000       1.35775000   T T T
Si         1.35775000       4.07325000       4.07325000   T T T
Si         4.07325000       1.35775000       4.07325000   T T T
Si         4.07325000       4.07325000       1.35775000   T T T
Si         0.00000000       0.00000000       5.43100000   T T T
Si         0.00000000       2.71550000       8.14650000   T T T
Si         2.71550000       0.00000000       8.14650000   T T T
Si         2.71550000       2.71550000       5.43100000   T T T
Si         1.35775000       1.35775000       6.78875000   T T T
Si         1.35775000       4.07325000       9.50425000   T T T
Si         4.07325000       1.35775000       9.50425000   T T T
Si         4.07325000       4.07325000       6.78875000   T T T

[OPT] Cell written to /home/rudin/code/kylin-pbc/art/example/scaling/cip-Si16-HSE06/none/c10/opt_img/cell_opt_0.txt
[LSDF] gmesh = (29, 29, 57), ngrid = 47937, naofn = 208, natom = 16
Timer "[LSDF] Voronoi partition" used time: 0.001540 s.
Timer "[LSDF] AO evaluation + screening" used time: 0.174012 s.
[LSDF] IP method: randomized QRCP (c=10, m=5)
[LSDF] total IPs selected: 2160 (4.5059% of grid)
Timer "[LSDF] IP selection" used time: 0.096596 s.
Timer "[LSDF] aux basis fitting" used time: 0.019484 s.
[LSDF] Step 5 diagnostics: natom=16, ngrid=47937, naux_total=2160
[LSDF]   OMP threads=32, MKL threads=32
[LSDF]   Vmat_loc total size: 2160 x 47937 = 0.77 GB
Timer "[LSDF]   5a Vmat_loc alloc+FFT" used time: 0.086727 s.
[LSDF]   W size: 2160 x 2160 = 35.60 MB, max_npart=3140
Timer "[LSDF]   5b W construction (DGEMM)" used time: 0.025719 s.
Timer "[LSDF]   5c Wmat symmetrize" used time: 0.001996 s.
[LSDF]   robust_mode=NONE: freeing Vmat_loc
Timer "[LSDF] V/W construction" used time: 0.147972 s.
[LSDF] xchg phases: A=0.000 s, B(K_W)=0.006 s, C(K_V)=0.000 s, E(reduce)=0.000 s
[NELEC] step = 0  nelec = 64  neInt = 64.000000  dnelc =  2.1913137971e-11
[ENERG] step = 0  eTotl = -63.00711780  eCore = 19.62269416  eCoul = 4.69090466  eExcl = -20.13731437  eNucl = -67.18340225  eDisp = 0.00000000
[ERROR] step = 0  engy error =  0.0000000000e+00  grad error =  0.0000000000e+00  dmat error =  0.0000000000e+00
Timer "SCF cycle: 0" used time: 1.004914 s.

[LSDF] xchg phases: A=0.000 s, B(K_W)=0.003 s, C(K_V)=0.000 s, E(reduce)=0.000 s
[NELEC] step = 1  nelec = 64  neInt = 64.000000  dnelc =  2.8720137379e-11
[ENERG] step = 1  eTotl = -63.20629231  eCore = 19.35358898  eCoul = 4.49455087  eExcl = -19.87102991  eNucl = -67.18340225  eDisp = 0.00000000
[ERROR] step = 1  engy error = -1.9917451669e-01  grad error =  0.0000000000e+00  dmat error =  1.1591250795e+00
Timer "SCF cycle: 1" used time: 1.014047 s.

[LSDF] xchg phases: A=0.001 s, B(K_W)=0.003 s, C(K_V)=0.000 s, E(reduce)=0.000 s
[NELEC] step = 2  nelec = 64  neInt = 64.000000  dnelc =  2.8990143619e-11
[ENERG] step = 2  eTotl = -63.21187105  eCore = 19.32879289  eCoul = 4.53404087  eExcl = -19.89130255  eNucl = -67.18340225  eDisp = 0.00000000
[ERROR] step = 2  engy error = -5.5787344657e-03  grad error =  0.0000000000e+00  dmat error =  1.7004781046e-02
Timer "SCF cycle: 2" used time: 1.006828 s.

[LSDF] xchg phases: A=0.000 s, B(K_W)=0.003 s, C(K_V)=0.000 s, E(reduce)=0.000 s
[NELEC] step = 3  nelec = 64  neInt = 64.000000  dnelc =  2.9828584047e-11
[ENERG] step = 3  eTotl = -63.21771525  eCore = 19.28113614  eCoul = 4.62150949  eExcl = -19.93695863  eNucl = -67.18340225  eDisp = 0.00000000
[ERROR] step = 3  engy error = -5.8442055784e-03  grad error =  0.0000000000e+00  dmat error =  4.1251160695e-02
Timer "SCF cycle: 3" used time: 1.002308 s.

[LSDF] xchg phases: A=0.000 s, B(K_W)=0.003 s, C(K_V)=0.000 s, E(reduce)=0.000 s
[NELEC] step = 4  nelec = 64  neInt = 64.000000  dnelc =  2.9785951483e-11
[ENERG] step = 4  eTotl = -63.21775022  eCore = 19.28194271  eCoul = 4.62059904  eExcl = -19.93688972  eNucl = -67.18340225  eDisp = 0.00000000
[ERROR] step = 4  engy error = -3.4962981367e-05  grad error =  0.0000000000e+00  dmat error =  2.0975689553e-03
Timer "SCF cycle: 4" used time: 1.001281 s.

[LSDF] xchg phases: A=0.002 s, B(K_W)=0.007 s, C(K_V)=0.000 s, E(reduce)=0.000 s
[NELEC] step = 5  nelec = 64  neInt = 64.000000  dnelc =  2.9629632081e-11
[ENERG] step = 5  eTotl = -63.21778910  eCore = 19.28541740  eCoul = 4.61592766  eExcl = -19.93573191  eNucl = -67.18340225  eDisp = 0.00000000
[ERROR] step = 5  engy error = -3.8888837885e-05  grad error =  0.0000000000e+00  dmat error =  4.9624279730e-03
Timer "SCF cycle: 5" used time: 1.048754 s.

[LSDF] xchg phases: A=0.000 s, B(K_W)=0.003 s, C(K_V)=0.000 s, E(reduce)=0.000 s
[NELEC] step = 6  nelec = 64  neInt = 64.000000  dnelc =  2.9658053791e-11
[ENERG] step = 6  eTotl = -63.21779063  eCore = 19.28563960  eCoul = 4.61573208  eExcl = -19.93576006  eNucl = -67.18340225  eDisp = 0.00000000
[ERROR] step = 6  engy error = -1.5284664769e-06  grad error =  0.0000000000e+00  dmat error =  6.6658101013e-04
Timer "SCF cycle: 6" used time: 1.019958 s.

[LSDF] xchg phases: A=0.000 s, B(K_W)=0.003 s, C(K_V)=0.000 s, E(reduce)=0.000 s
[NELEC] step = 7  nelec = 64  neInt = 64.000000  dnelc =  2.9658053791e-11
[ENERG] step = 7  eTotl = -63.21779110  eCore = 19.28553998  eCoul = 4.61604183  eExcl = -19.93597066  eNucl = -67.18340225  eDisp = 0.00000000
[ERROR] step = 7  engy error = -4.6754216498e-07  grad error =  0.0000000000e+00  dmat error =  4.2529145542e-04
SCF converged in 7 steps.
[LSDF] xchg_d10: robust_mode=NONE, no V data -> full-grid FFT path
[GRADIENT] SCF type: GRKS | atoms: 16 | DOF: 48 | time: 19.314 s
  Atom   0:  -4.5015522978e-05  -7.3670236506e-06  -1.1522173200e-04
  Atom   1:   2.7691659619e-06  -3.1513858597e-05  -8.1983977067e-05
  Atom   2:   4.6981941322e-05   6.7656745184e-05   5.1299027329e-05
  Atom   3:   4.2744914298e-05  -5.7389936303e-06   7.1249009208e-05
  Atom   4:   1.0702311300e-04  -3.3082876627e-05   8.1794675702e-05
  Atom   5:   4.5823119416e-05  -2.4061108232e-04   2.4449889544e-05
  Atom   6:  -2.6714292137e-05   2.9697913110e-05  -1.3965757374e-04
  Atom   7:  -1.0278899166e-04   3.0167822980e-05  -1.3433512895e-05
  Atom   8:   3.9374695803e-05  -2.9325522593e-06   9.5451157319e-05
  Atom   9:  -6.8094660605e-05   1.6571711247e-04  -7.9227667739e-05
  Atom  10:  -4.3920482042e-05  -5.3440463686e-05   1.6501214369e-04
  Atom  11:  -1.7620068183e-04   7.3263682382e-05   2.0763786229e-05
  Atom  12:  -4.5888794672e-05  -1.2865361699e-05  -9.1116940082e-05
  Atom  13:   2.2152319834e-05   1.0158170012e-04   5.4082176046e-05
  Atom  14:   5.4520359567e-05  -8.8680289606e-05   3.9350844404e-05
  Atom  15:   1.4719470148e-04   7.8952219289e-06  -8.2679629009e-05
[OPT] step = 0  energy = -63.2177911009  dE =               N/A  grad_max =  2.4061108232e-04  grad_rms =  8.3563934945e-05
[OPT] Geometry optimization did not converge in 1 steps.
Kylin-PBC Done.
Timer "Kylin-PBC main" used time: 28.70799 s.
