Kylin-PBC: v1.0.0

System time = 2026-09-30 20:02:41

OMP threads = 32

KYLIN_PBC_ROOT = "/home/rudin/code/kylin-pbc"
KYLIN_SCR_PATH = "/tmp"
KYLIN_JOB_PATH = "/home/rudin/tmp-review-ionic/BN16/none/c15"

SCF.xcfun                      = HSE06
SCF.basis                      = dzvp-sr
SCF.psudo                      = gth-pbe
SCF.kmesh                      = 1 1 1
SCF.gmesh                      = 5.0e-01
SCF.ispin                      = OFF
SCF.dspin                      = 0
SCF.eps_engy                   = 3.7e-09 [AU]
SCF.eps_grad                   = 1.0e-05 [AU]
SCF.eps_dmat                   = 1.0e-03
SCF.chk_load                   = 
SCF.chk_save                   = 
SCF.scf_guess                  = ATOM
SCF.max_cycle                  = 200
SCF.vdw_method                 = NONE
SCF.coul_method                = MGDF
SCF.xchg_method                = LSDF
SCF.xchg_exxocc                = OFF
SCF.xchg_exxace                = NONE
SCF.xchg_robust                = NONE
SCF.xchg_exxdiv                = EWALD
SCF.xchg_dropG0                = ON
SCF.lsdf_cparam                = 15
SCF.lsdf_mparam                = 5
SCF.lsdf_ipslct                = QRCP
SCF.lsdf_chocut                = 1.0e-08
SCF.lsdf_atmcut                = 2.5e+01
SCF.lsdf_aovcut                = 1.0e-07
SCF.lsdf_swzcut                = 0.0e+00
SCF.lsdf_pnocut                = 0.0e+00
SCF.lsdf_nafcut                = 0.0e+00
SCF.mgdf_ntasks                = 4
SCF.mgdf_kratio                = 3.0e+00
SCF.mgdf_cutoff                = 3.0e+02 [AU]
SCF.mgdf_relcut                = 3.0e+01
SCF.mgdf_prprec                = 1.0e-14
SCF.dmx_mix_method             = NONE
SCF.dmx_mix_start              = 1
SCF.dmx_mix_space              = 8
SCF.dmx_mix_alpha              = 3.0e-01
SCF.rho_mix_method             = NONE
SCF.rho_mix_start              = 1
SCF.rho_mix_space              = 8
SCF.rho_mix_alpha              = 3.0e-01
SCF.hks_mix_method             = BROY
SCF.hks_mix_start              = 1
SCF.hks_mix_space              = 8
SCF.hks_mix_alpha              = 3.0e-01
SCF.damp_factor                = 0.0e+00
SCF.level_shift                = 0.0e+00 [AU]
SCF.smear_method               = NONE
SCF.smear_sigma                = 0.0e+00 [AU]
SCF.soc                        = OFF
SCF.soc_window                 = 1.8e+00 [AU]
SCF.print_bandgap              = OFF
SCF.print_time                 = OFF

OPT.opt_method                 = BFGS
OPT.max_cycle                  = 1
OPT.eps_engy                   = 4.0e-06 [AU]
OPT.eps_grad                   = 4.0e-04 [AU]
OPT.trust_limit                = 3.0e-01 [AU]
OPT.damp_factor                = 0.0e+00
OPT.opt_mix_method             = NONE
OPT.opt_mix_start              = 1
OPT.opt_mix_space              = 5
OPT.opt_mix_alpha              = 3.0e-01
OPT.neb_method                 = FIRE
OPT.neb_lclimb                 = ON
OPT.neb_interp                 = IDPP
OPT.neb_nimage                 = 5
OPT.neb_spring                 = 1.0e-02 [AU]
OPT.neb_maxstep                = 7.6e-02 [AU]

PROP.calculation               = NONE
FREQ.freq_method               = FREE2
FREQ.fd_stepsize               = 2.8e-02 [AU]
DOS.dos_method                 = GAUSS
DOS.dos_sigma                  = 3.7e-03 [AU]
DOS.dos_npoint                 = 1001
DOS.dos_emin                   = 0.0e+00 [AU]
DOS.dos_emax                   = 0.0e+00 [AU]

OPT.mdx_ensemble               = NVE
OPT.mdx_thermostat             = NHC
OPT.mdx_max_step               = 0
OPT.mdx_timestep               = 4.0e+01 [AU]
OPT.mdx_temperature            = 9.5e-04 [AU]
OPT.mdx_pressure               = 0.0e+00 [AU]
OPT.mdx_thermo_tau             = 4.0e+03 [AU]
OPT.mdx_baro_tau               = 2.0e+04 [AU]
OPT.mdx_nhc_length             = 3
OPT.mdx_nhc_mts                = 3
OPT.mdx_constraint             = OFF
OPT.mdx_constraint_tol         = 1.0e-10
OPT.mdx_rng_seed               = 42

K-points mesh = 1 1 1

xc functional: "HSE06"
is hybrid: YES
HFX coeff: 0.25

Basis Set Name: "dzvp-sr"
number of shell = 48
number of basis = 208
gmesh = 44 44 87

Pseudopotential Name: "gth-pbe"
number of valence electron = 64

OPT Calculation.

==============================================================
                   Geometry Optimization                      
==============================================================
  method      = BFGS
  max_cycle   = 1
  eps_engy    = 4.000000e-06
  eps_grad    = 4.000000e-04
  trust_limit = 0.300000
  natom       = 16
  nfree       = 48 / 48
==============================================================

--------------------------------------------------------------
  OPT step 0
--------------------------------------------------------------
[OPT] Cell structure (Angstrom):
       3.61500000       0.00000000       0.00000000
       0.00000000       3.61500000       0.00000000
       0.00000000       0.00000000       7.23000000

Cart
B          0.00000000       0.00000000       0.00000000   T T T
B          0.10000000       1.85750000       1.83750000   T T T
B          1.80750000       0.00000000       1.80750000   T T T
B          1.80750000       1.80750000       0.00000000   T T T
N          0.90375000       0.90375000       0.90375000   T T T
N          0.90375000       2.71125000       2.71125000   T T T
N          2.71125000       0.90375000       2.71125000   T T T
N          2.71125000       2.71125000       0.90375000   T T T
B          0.00000000       0.00000000       3.61500000   T T T
B          0.00000000       1.80750000       5.42250000   T T T
B          1.80750000       0.00000000       5.42250000   T T T
B          1.80750000       1.80750000       3.61500000   T T T
N          0.90375000       0.90375000       4.51875000   T T T
N          0.90375000       2.71125000       6.32625000   T T T
N          2.71125000       0.90375000       6.32625000   T T T
N          2.71125000       2.71125000       4.51875000   T T T

[OPT] Cell written to /home/rudin/tmp-review-ionic/BN16/none/c15/opt_img/cell_opt_0.txt
[LSDF] gmesh = (44, 44, 87), ngrid = 168432, naofn = 208, natom = 16
Timer "[LSDF] Voronoi partition" used time: 0.005091 s.
Timer "[LSDF] AO evaluation + screening" used time: 0.558443 s.
[LSDF] IP method: randomized QRCP (c=15, m=5)
[LSDF] total IPs selected: 3200 (1.8999% of grid)
Timer "[LSDF] IP selection" used time: 0.379779 s.
Timer "[LSDF] aux basis fitting" used time: 0.101805 s.
[LSDF] Step 5 diagnostics: natom=16, ngrid=168432, naux_total=3200
[LSDF]   OMP threads=32, MKL threads=32
[LSDF]   Vmat_loc total size: 3200 x 168432 = 4.02 GB
Timer "[LSDF]   5a Vmat_loc alloc+FFT" used time: 0.362120 s.
[LSDF]   W size: 3200 x 3200 = 78.12 MB, max_npart=10885
Timer "[LSDF]   5b W construction (DGEMM)" used time: 0.091810 s.
Timer "[LSDF]   5c Wmat symmetrize" used time: 0.004406 s.
[LSDF]   robust_mode=NONE: freeing Vmat_loc
Timer "[LSDF] V/W construction" used time: 0.684111 s.
[LSDF] xchg phases: A=0.000 s, B(K_W)=0.003 s, C(K_V)=0.000 s, E(reduce)=0.001 s
[NELEC] step = 0  nelec = 64  neInt = 64.000000  dnelc =  2.2468498173e-09
[ENERG] step = 0  eTotl = -105.02484526  eCore = 18.41671619  eCoul = 12.41189606  eExcl = -30.51991700  eNucl = -105.33354051  eDisp = 0.00000000
[ERROR] step = 0  engy error =  0.0000000000e+00  grad error =  0.0000000000e+00  dmat error =  0.0000000000e+00
Timer "SCF cycle: 0" used time: 0.423491 s.

[LSDF] xchg phases: A=0.000 s, B(K_W)=0.003 s, C(K_V)=0.000 s, E(reduce)=0.000 s
[NELEC] step = 1  nelec = 64  neInt = 64.000000  dnelc =  2.9929623224e-09
[ENERG] step = 1  eTotl = -102.56074553  eCore = 16.50390553  eCoul = 16.77857756  eExcl = -30.50968810  eNucl = -105.33354051  eDisp = 0.00000000
[ERROR] step = 1  engy error =  2.4640997374e+00  grad error =  0.0000000000e+00  dmat error =  1.6196238041e+00
Timer "SCF cycle: 1" used time: 0.394954 s.

[LSDF] xchg phases: A=0.000 s, B(K_W)=0.003 s, C(K_V)=0.000 s, E(reduce)=0.000 s
[NELEC] step = 2  nelec = 64  neInt = 64.000000  dnelc =  3.0711362342e-09
[ENERG] step = 2  eTotl = -102.66973191  eCore = 17.32841864  eCoul = 15.51890611  eExcl = -30.18351614  eNucl = -105.33354051  eDisp = 0.00000000
[ERROR] step = 2  engy error = -1.0898637976e-01  grad error =  0.0000000000e+00  dmat error =  1.1262696346e-01
Timer "SCF cycle: 2" used time: 0.390607 s.

[LSDF] xchg phases: A=0.000 s, B(K_W)=0.004 s, C(K_V)=0.000 s, E(reduce)=0.000 s
[NELEC] step = 3  nelec = 64  neInt = 64.000000  dnelc =  3.1322855421e-09
[ENERG] step = 3  eTotl = -102.68092102  eCore = 18.22763973  eCoul = 14.29347716  eExcl = -29.86849740  eNucl = -105.33354051  eDisp = 0.00000000
[ERROR] step = 3  engy error = -1.1189112643e-02  grad error =  0.0000000000e+00  dmat error =  1.3563649144e-01
Timer "SCF cycle: 3" used time: 0.390997 s.

[LSDF] xchg phases: A=0.000 s, B(K_W)=0.003 s, C(K_V)=0.000 s, E(reduce)=0.000 s
[NELEC] step = 4  nelec = 64  neInt = 64.000000  dnelc =  3.1447484616e-09
[ENERG] step = 4  eTotl = -102.69124736  eCore = 17.90634168  eCoul = 14.71698544  eExcl = -29.98103397  eNucl = -105.33354051  eDisp = 0.00000000
[ERROR] step = 4  engy error = -1.0326343818e-02  grad error =  0.0000000000e+00  dmat error =  2.9078804127e-02
Timer "SCF cycle: 4" used time: 0.390043 s.

[LSDF] xchg phases: A=0.001 s, B(K_W)=0.003 s, C(K_V)=0.000 s, E(reduce)=0.000 s
[NELEC] step = 5  nelec = 64  neInt = 64.000000  dnelc =  3.1467237704e-09
[ENERG] step = 5  eTotl = -102.69189028  eCore = 17.80539243  eCoul = 14.85338386  eExcl = -30.01712606  eNucl = -105.33354051  eDisp = 0.00000000
[ERROR] step = 5  engy error = -6.4292324609e-04  grad error =  0.0000000000e+00  dmat error =  9.8641868192e-03
Timer "SCF cycle: 5" used time: 0.392439 s.

[LSDF] xchg phases: A=0.001 s, B(K_W)=0.004 s, C(K_V)=0.000 s, E(reduce)=0.000 s
[NELEC] step = 6  nelec = 64  neInt = 64.000000  dnelc =  3.1472495721e-09
[ENERG] step = 6  eTotl = -102.69189306  eCore = 17.80491190  eCoul = 14.85407432  eExcl = -30.01733876  eNucl = -105.33354051  eDisp = 0.00000000
[ERROR] step = 6  engy error = -2.7743787285e-06  grad error =  0.0000000000e+00  dmat error =  9.4741577869e-04
Timer "SCF cycle: 6" used time: 0.395714 s.

[LSDF] xchg phases: A=0.000 s, B(K_W)=0.003 s, C(K_V)=0.000 s, E(reduce)=0.000 s
[NELEC] step = 7  nelec = 64  neInt = 64.000000  dnelc =  3.1477469520e-09
[ENERG] step = 7  eTotl = -102.69189447  eCore = 17.80499677  eCoul = 14.85402262  eExcl = -30.01737334  eNucl = -105.33354051  eDisp = 0.00000000
[ERROR] step = 7  engy error = -1.4080269040e-06  grad error =  0.0000000000e+00  dmat error =  1.1997917356e-03
Timer "SCF cycle: 7" used time: 0.394481 s.

[NELEC] step = 8  nelec = 64  neInt = 64.000000  dnelc =  3.1478748497e-09
[ENERG] step = 8  eTotl = -102.69189451  eCore = 17.80518559  eCoul = 14.85377823  eExcl = -30.01731782  eNucl = -105.33354051  eDisp = 0.00000000
[ERROR] step = 8  engy error = -4.4592027848e-08  grad error =  0.0000000000e+00  dmat error =  1.7297470183e-04
Timer "SCF cycle: 8" used time: 0.396854 s.

[NELEC] step = 9  nelec = 64  neInt = 64.000000  dnelc =  3.1477611628e-09
[ENERG] step = 9  eTotl = -102.69189452  eCore = 17.80517462  eCoul = 14.85379616  eExcl = -30.01732478  eNucl = -105.33354051  eDisp = 0.00000000
[ERROR] step = 9  engy error = -5.0082462622e-09  grad error =  0.0000000000e+00  dmat error =  4.8980624674e-05
Timer "SCF cycle: 9" used time: 0.398803 s.

[NELEC] step = 10  nelec = 64  neInt = 64.000000  dnelc =  3.1477185303e-09
[ENERG] step = 10  eTotl = -102.69189452  eCore = 17.80516665  eCoul = 14.85380702  eExcl = -30.01732767  eNucl = -105.33354051  eDisp = 0.00000000
[ERROR] step = 10  engy error = -1.3962164758e-10  grad error =  0.0000000000e+00  dmat error =  3.2168859589e-06
SCF converged in 10 steps.
[LSDF] xchg_d10: robust_mode=NONE, no V data -> full-grid FFT path
[GRADIENT] SCF type: GRKS | atoms: 16 | DOF: 48 | time: 49.249 s
  Atom   0:   5.9411508635e-03  -2.4563946936e-03  -2.4784548017e-03
  Atom   1:   6.6018454298e-02   3.7396889507e-02   2.5814304167e-02
  Atom   2:  -1.2190944172e-02  -5.9283372204e-03   4.1905425716e-03
  Atom   3:  -7.4123869696e-03   1.7240810081e-03  -1.7538679665e-03
  Atom   4:  -8.9886360049e-03  -3.4980935230e-03  -4.2571663960e-03
  Atom   5:  -2.1656533662e-02  -1.6997011837e-02  -1.2339976694e-02
  Atom   6:  -1.0549686334e-02  -7.8366564666e-03  -4.6608238171e-03
  Atom   7:  -9.8405479618e-03  -1.6427238482e-03  -3.8159563207e-03
  Atom   8:   7.7250477254e-03  -6.2239521850e-03  -1.8935267332e-03
  Atom   9:   2.2035187847e-03   1.1005096266e-03  -9.3258625779e-04
  Atom  10:  -2.2204210557e-03  -1.0665691811e-03  -1.0839242601e-03
  Atom  11:  -9.7319439054e-03   5.1625488742e-03  -2.2650536682e-03
  Atom  12:   4.6914379121e-04   1.2486827667e-04   1.9584615713e-03
  Atom  13:  -5.5470445664e-04  -6.7548882367e-04  -6.3915044100e-04
  Atom  14:  -5.7571536801e-05  -8.2532451299e-04   3.5133318384e-03
  Atom  15:   7.7818074348e-04   1.6532639280e-03   6.7975941219e-04
[OPT] step = 0  energy = -102.6918945170  dE =               N/A  grad_max =  6.6018454298e-02  grad_rms =  1.3171734550e-02
[OPT] Geometry optimization did not converge in 1 steps.
Kylin-PBC Done.
Timer "Kylin-PBC main" used time: 56.81483 s.
