Kylin-PBC: v1.0.0

System time = 2026-06-28 02:40:58

OMP threads = 32

KYLIN_PBC_ROOT = "/home/rudin/code/kylin-pbc"
KYLIN_SCR_PATH = "/tmp"
KYLIN_JOB_PATH = "/home/rudin/code/kylin-pbc/art/example/fd-verify/MgO/yp"

SCF.xcfun                      = HSE06
SCF.basis                      = dzvp-sr
SCF.psudo                      = gth-pbe
SCF.kmesh                      = 1 1 1
SCF.gmesh                      = 6.0e-01
SCF.ispin                      = OFF
SCF.dspin                      = 0
SCF.eps_engy                   = 1.0e-06 [AU]
SCF.eps_grad                   = 1.0e-05 [AU]
SCF.eps_dmat                   = 1.0e-03
SCF.chk_load                   = 
SCF.chk_save                   = 
SCF.scf_guess                  = ATOM
SCF.max_cycle                  = 200
SCF.vdw_method                 = NONE
SCF.coul_method                = FTDF
SCF.xchg_method                = LSDF
SCF.xchg_exxocc                = OFF
SCF.xchg_exxace                = NONE
SCF.xchg_robust                = TILE
SCF.xchg_exxdiv                = NONE
SCF.xchg_dropG0                = OFF
SCF.lsdf_cparam                = 30
SCF.lsdf_mparam                = 5
SCF.lsdf_ipslct                = QRCP
SCF.lsdf_chocut                = 1.0e-08
SCF.lsdf_atmcut                = 2.5e+01
SCF.lsdf_aovcut                = 1.0e-07
SCF.lsdf_swzcut                = 0.0e+00
SCF.lsdf_pnocut                = 0.0e+00
SCF.lsdf_nafcut                = 0.0e+00
SCF.mgdf_ntasks                = 4
SCF.mgdf_kratio                = 3.0e+00
SCF.mgdf_cutoff                = 3.0e+02 [AU]
SCF.mgdf_relcut                = 3.0e+01
SCF.mgdf_prprec                = 1.0e-14
SCF.dmx_mix_method             = NONE
SCF.dmx_mix_start              = 1
SCF.dmx_mix_space              = 8
SCF.dmx_mix_alpha              = 3.0e-01
SCF.rho_mix_method             = NONE
SCF.rho_mix_start              = 1
SCF.rho_mix_space              = 8
SCF.rho_mix_alpha              = 3.0e-01
SCF.hks_mix_method             = BROY
SCF.hks_mix_start              = 1
SCF.hks_mix_space              = 8
SCF.hks_mix_alpha              = 3.0e-01
SCF.damp_factor                = 0.0e+00
SCF.level_shift                = 0.0e+00 [AU]
SCF.smear_method               = NONE
SCF.smear_sigma                = 0.0e+00 [AU]
SCF.soc                        = OFF
SCF.soc_window                 = 1.8e+00 [AU]
SCF.print_bandgap              = OFF
SCF.print_time                 = OFF

OPT.opt_method                 = BFGS
OPT.max_cycle                  = 0
OPT.eps_engy                   = 4.0e-06 [AU]
OPT.eps_grad                   = 4.0e-04 [AU]
OPT.trust_limit                = 3.0e-01 [AU]
OPT.damp_factor                = 0.0e+00
OPT.opt_mix_method             = NONE
OPT.opt_mix_start              = 1
OPT.opt_mix_space              = 5
OPT.opt_mix_alpha              = 3.0e-01
OPT.neb_method                 = FIRE
OPT.neb_lclimb                 = ON
OPT.neb_interp                 = IDPP
OPT.neb_nimage                 = 5
OPT.neb_spring                 = 1.0e-02 [AU]
OPT.neb_maxstep                = 7.6e-02 [AU]

PROP.calculation               = NONE
FREQ.freq_method               = FREE2
FREQ.fd_stepsize               = 2.8e-02 [AU]
DOS.dos_method                 = GAUSS
DOS.dos_sigma                  = 3.7e-03 [AU]
DOS.dos_npoint                 = 1001
DOS.dos_emin                   = 0.0e+00 [AU]
DOS.dos_emax                   = 0.0e+00 [AU]

OPT.mdx_ensemble               = NVE
OPT.mdx_thermostat             = NHC
OPT.mdx_max_step               = 0
OPT.mdx_timestep               = 4.0e+01 [AU]
OPT.mdx_temperature            = 9.5e-04 [AU]
OPT.mdx_pressure               = 0.0e+00 [AU]
OPT.mdx_thermo_tau             = 4.0e+03 [AU]
OPT.mdx_baro_tau               = 2.0e+04 [AU]
OPT.mdx_nhc_length             = 3
OPT.mdx_nhc_mts                = 3
OPT.mdx_constraint             = OFF
OPT.mdx_constraint_tol         = 1.0e-10
OPT.mdx_rng_seed               = 42

K-points mesh = 1 1 1

xc functional: "HSE06"
is hybrid: YES
HFX coeff: 0.25

Basis Set Name: "dzvp-sr"
number of shell = 5
number of basis = 22
gmesh = 83 83 83

Pseudopotential Name: "gth-pbe"
number of valence electron = 16

SCF Calculation.
Gamma point
[LSDF] gmesh = (83, 83, 83), ngrid = 571787, naofn = 22, natom = 2
Timer "[LSDF] Voronoi partition" used time: 0.009827 s.
Timer "[LSDF] AO evaluation + screening" used time: 1.175689 s.
[LSDF] IP method: randomized QRCP (c=30, m=5)
[LSDF] total IPs selected: 504 (0.0881% of grid)
Timer "[LSDF] IP selection" used time: 4.553701 s.
Timer "[LSDF] aux basis fitting" used time: 0.796953 s.
[LSDF] Step 5 diagnostics: natom=2, ngrid=571787, naux_total=504
[LSDF]   OMP threads=32, MKL threads=32
[LSDF]   Vmat_loc total size: 504 x 571787 = 2.15 GB
Timer "[LSDF]   5a Vmat_loc alloc+FFT" used time: 0.610114 s.
[LSDF]   W size: 504 x 504 = 1.94 MB, max_npart=285899
Timer "[LSDF]   5b W construction (DGEMM)" used time: 0.043605 s.
Timer "[LSDF]   5c Wmat symmetrize" used time: 0.000371 s.
[LSDF]   5e Vatm_nby tile extraction starting... (robust_mode=TILE)
[LSDF]   Vatm_nby: range_sep=true
[LSDF]     Vatm_nby tile: 2/2 atoms, cumul 2.15 GB
[LSDF]   Vatm_nby total tile memory: 2.15 GB
Timer "[LSDF]   5e Vatm_nby tile extraction" used time: 0.099135 s.
Timer "[LSDF] V/W construction" used time: 0.827731 s.
[LSDF] xchg phases: A=0.000 s, B(K_W)=0.001 s, C(K_V)=0.546 s, E(reduce)=0.000 s
[NELEC] step = 0  nelec = 16  neInt = 16.000000  dnelc = -9.0594198809e-13
[ENERG] step = 0  eTotl = -81.89715923  eCore = -24.65833416  eCoul = 8.21191120  eExcl = -18.17057937  eNucl = -47.28015691  eDisp = 0.00000000
[ERROR] step = 0  engy error =  0.0000000000e+00  grad error =  0.0000000000e+00  dmat error =  0.0000000000e+00
Timer "SCF cycle: 0" used time: 3.932472 s.

[LSDF] xchg phases: A=0.000 s, B(K_W)=0.000 s, C(K_V)=0.266 s, E(reduce)=0.000 s
[NELEC] step = 1  nelec = 16  neInt = 16.000000  dnelc =  7.1054273576e-14
[ENERG] step = 1  eTotl = -81.16795642  eCore = -47.53128322  eCoul = 30.34246275  eExcl = -16.69897904  eNucl = -47.28015691  eDisp = 0.00000000
[ERROR] step = 1  engy error =  7.2920281455e-01  grad error =  0.0000000000e+00  dmat error =  1.7130425624e+00
Timer "SCF cycle: 1" used time: 2.079438 s.

[LSDF] xchg phases: A=0.000 s, B(K_W)=0.000 s, C(K_V)=0.098 s, E(reduce)=0.000 s
[NELEC] step = 2  nelec = 16  neInt = 16.000000  dnelc = -1.7763568394e-15
[ENERG] step = 2  eTotl = -81.69915421  eCore = -46.90836738  eCoul = 28.85611150  eExcl = -16.36674142  eNucl = -47.28015691  eDisp = 0.00000000
[ERROR] step = 2  engy error = -5.3119778769e-01  grad error =  0.0000000000e+00  dmat error =  3.7779080526e-01
Timer "SCF cycle: 2" used time: 1.987546 s.

[LSDF] xchg phases: A=0.000 s, B(K_W)=0.000 s, C(K_V)=0.133 s, E(reduce)=0.000 s
[NELEC] step = 3  nelec = 16  neInt = 16.000000  dnelc = -1.1013412404e-13
[ENERG] step = 3  eTotl = -82.23926890  eCore = -44.18086034  eCoul = 24.77073931  eExcl = -15.54899096  eNucl = -47.28015691  eDisp = 0.00000000
[ERROR] step = 3  engy error = -5.4011469030e-01  grad error =  0.0000000000e+00  dmat error =  9.8087601928e-01
Timer "SCF cycle: 3" used time: 2.000281 s.

[LSDF] xchg phases: A=0.000 s, B(K_W)=0.000 s, C(K_V)=0.098 s, E(reduce)=0.000 s
[NELEC] step = 4  nelec = 16  neInt = 16.000000  dnelc = -1.1013412404e-13
[ENERG] step = 4  eTotl = -82.26123956  eCore = -44.35191993  eCoul = 24.98089162  eExcl = -15.61005434  eNucl = -47.28015691  eDisp = 0.00000000
[ERROR] step = 4  engy error = -2.1970662153e-02  grad error =  0.0000000000e+00  dmat error =  9.8609691825e-02
Timer "SCF cycle: 4" used time: 1.902209 s.

[LSDF] xchg phases: A=0.000 s, B(K_W)=0.000 s, C(K_V)=0.098 s, E(reduce)=0.000 s
[NELEC] step = 5  nelec = 16  neInt = 16.000000  dnelc = -1.2079226508e-13
[ENERG] step = 5  eTotl = -82.28582696  eCore = -44.74465804  eCoul = 25.48923141  eExcl = -15.75024342  eNucl = -47.28015691  eDisp = 0.00000000
[ERROR] step = 5  engy error = -2.4587399570e-02  grad error =  0.0000000000e+00  dmat error =  2.5135062777e-01
Timer "SCF cycle: 5" used time: 1.898794 s.

[LSDF] xchg phases: A=0.000 s, B(K_W)=0.001 s, C(K_V)=0.214 s, E(reduce)=0.000 s
[NELEC] step = 6  nelec = 16  neInt = 16.000000  dnelc = -1.2612133560e-13
[ENERG] step = 6  eTotl = -82.28866103  eCore = -44.78856900  eCoul = 25.53818511  eExcl = -15.75812024  eNucl = -47.28015691  eDisp = 0.00000000
[ERROR] step = 6  engy error = -2.8340743502e-03  grad error =  0.0000000000e+00  dmat error =  4.5320744947e-02
Timer "SCF cycle: 6" used time: 2.049538 s.

[LSDF] xchg phases: A=0.000 s, B(K_W)=0.000 s, C(K_V)=0.153 s, E(reduce)=0.000 s
[NELEC] step = 7  nelec = 16  neInt = 16.000000  dnelc = -1.2612133560e-13
[ENERG] step = 7  eTotl = -82.28881685  eCore = -44.79684700  eCoul = 25.54869827  eExcl = -15.76051121  eNucl = -47.28015691  eDisp = 0.00000000
[ERROR] step = 7  engy error = -1.5581888896e-04  grad error =  0.0000000000e+00  dmat error =  6.6276775047e-03
Timer "SCF cycle: 7" used time: 1.966175 s.

[NELEC] step = 8  nelec = 16  neInt = 16.000000  dnelc = -1.2967404928e-13
[ENERG] step = 8  eTotl = -82.28916893  eCore = -44.80441068  eCoul = 25.55978708  eExcl = -15.76438842  eNucl = -47.28015691  eDisp = 0.00000000
[ERROR] step = 8  engy error = -3.5208068863e-04  grad error =  0.0000000000e+00  dmat error =  2.0811144186e-02
Timer "SCF cycle: 8" used time: 1.960795 s.

[NELEC] step = 9  nelec = 16  neInt = 16.000000  dnelc = -1.3322676296e-13
[ENERG] step = 9  eTotl = -82.28941882  eCore = -44.79916104  eCoul = 25.55249615  eExcl = -15.76259702  eNucl = -47.28015691  eDisp = 0.00000000
[ERROR] step = 9  engy error = -2.4988521072e-04  grad error =  0.0000000000e+00  dmat error =  3.6427051498e-02
Timer "SCF cycle: 9" used time: 1.900663 s.

[NELEC] step = 10  nelec = 16  neInt = 16.000000  dnelc = -1.1013412404e-13
[ENERG] step = 10  eTotl = -82.28943377  eCore = -44.79874558  eCoul = 25.55228496  eExcl = -15.76281624  eNucl = -47.28015691  eDisp = 0.00000000
[ERROR] step = 10  engy error = -1.4954327924e-05  grad error =  0.0000000000e+00  dmat error =  2.3793733950e-03
Timer "SCF cycle: 10" used time: 1.911596 s.

[NELEC] step = 11  nelec = 16  neInt = 16.000000  dnelc = -1.1013412404e-13
[ENERG] step = 11  eTotl = -82.28944290  eCore = -44.79783715  eCoul = 25.55132597  eExcl = -15.76277481  eNucl = -47.28015691  eDisp = 0.00000000
[ERROR] step = 11  engy error = -9.1320643349e-06  grad error =  0.0000000000e+00  dmat error =  4.4773817837e-03
Timer "SCF cycle: 11" used time: 2.012548 s.

[NELEC] step = 12  nelec = 16  neInt = 16.000000  dnelc = -1.1013412404e-13
[ENERG] step = 12  eTotl = -82.28944398  eCore = -44.79789948  eCoul = 25.55142313  eExcl = -15.76281073  eNucl = -47.28015691  eDisp = 0.00000000
[ERROR] step = 12  engy error = -1.0790037521e-06  grad error =  0.0000000000e+00  dmat error =  1.8847668891e-03
Timer "SCF cycle: 12" used time: 1.948946 s.

[NELEC] step = 13  nelec = 16  neInt = 16.000000  dnelc = -1.1723955140e-13
[ENERG] step = 13  eTotl = -82.28944429  eCore = -44.79798166  eCoul = 25.55159381  eExcl = -15.76289953  eNucl = -47.28015691  eDisp = 0.00000000
[ERROR] step = 13  engy error = -3.0716074662e-07  grad error =  0.0000000000e+00  dmat error =  1.4291943889e-03
Timer "SCF cycle: 13" used time: 1.943653 s.

[NELEC] step = 14  nelec = 16  neInt = 16.000000  dnelc = -1.2612133560e-13
[ENERG] step = 14  eTotl = -82.28944430  eCore = -44.79794770  eCoul = 25.55156614  eExcl = -15.76290583  eNucl = -47.28015691  eDisp = 0.00000000
[ERROR] step = 14  engy error = -9.5992476190e-09  grad error =  0.0000000000e+00  dmat error =  1.4381781308e-04
SCF converged in 14 steps.
Kylin-PBC Done.
Timer "Kylin-PBC main" used time: 42.31188 s.
