Kylin-PBC: v1.0.0

System time = 2026-09-30 19:45:50

OMP threads = 32

KYLIN_PBC_ROOT = "/home/rudin/code/kylin-pbc"
KYLIN_SCR_PATH = "/tmp"
KYLIN_JOB_PATH = "/home/rudin/tmp-review-ionic/LiH16/full/c40"

SCF.xcfun                      = HSE06
SCF.basis                      = dzvp-sr
SCF.psudo                      = gth-pbe
SCF.kmesh                      = 1 1 1
SCF.gmesh                      = 5.0e-01
SCF.ispin                      = OFF
SCF.dspin                      = 0
SCF.eps_engy                   = 3.7e-09 [AU]
SCF.eps_grad                   = 1.0e-05 [AU]
SCF.eps_dmat                   = 1.0e-03
SCF.chk_load                   = 
SCF.chk_save                   = 
SCF.scf_guess                  = ATOM
SCF.max_cycle                  = 200
SCF.vdw_method                 = NONE
SCF.coul_method                = MGDF
SCF.xchg_method                = LSDF
SCF.xchg_exxocc                = OFF
SCF.xchg_exxace                = NONE
SCF.xchg_robust                = FULL
SCF.xchg_exxdiv                = EWALD
SCF.xchg_dropG0                = ON
SCF.lsdf_cparam                = 40
SCF.lsdf_mparam                = 5
SCF.lsdf_ipslct                = QRCP
SCF.lsdf_chocut                = 1.0e-08
SCF.lsdf_atmcut                = 2.5e+01
SCF.lsdf_aovcut                = 1.0e-07
SCF.lsdf_swzcut                = 0.0e+00
SCF.lsdf_pnocut                = 0.0e+00
SCF.lsdf_nafcut                = 0.0e+00
SCF.mgdf_ntasks                = 4
SCF.mgdf_kratio                = 3.0e+00
SCF.mgdf_cutoff                = 3.0e+02 [AU]
SCF.mgdf_relcut                = 3.0e+01
SCF.mgdf_prprec                = 1.0e-14
SCF.dmx_mix_method             = NONE
SCF.dmx_mix_start              = 1
SCF.dmx_mix_space              = 8
SCF.dmx_mix_alpha              = 3.0e-01
SCF.rho_mix_method             = NONE
SCF.rho_mix_start              = 1
SCF.rho_mix_space              = 8
SCF.rho_mix_alpha              = 3.0e-01
SCF.hks_mix_method             = BROY
SCF.hks_mix_start              = 1
SCF.hks_mix_space              = 8
SCF.hks_mix_alpha              = 3.0e-01
SCF.damp_factor                = 0.0e+00
SCF.level_shift                = 0.0e+00 [AU]
SCF.smear_method               = NONE
SCF.smear_sigma                = 0.0e+00 [AU]
SCF.soc                        = OFF
SCF.soc_window                 = 1.8e+00 [AU]
SCF.print_bandgap              = OFF
SCF.print_time                 = OFF

OPT.opt_method                 = BFGS
OPT.max_cycle                  = 1
OPT.eps_engy                   = 4.0e-06 [AU]
OPT.eps_grad                   = 4.0e-04 [AU]
OPT.trust_limit                = 3.0e-01 [AU]
OPT.damp_factor                = 0.0e+00
OPT.opt_mix_method             = NONE
OPT.opt_mix_start              = 1
OPT.opt_mix_space              = 5
OPT.opt_mix_alpha              = 3.0e-01
OPT.neb_method                 = FIRE
OPT.neb_lclimb                 = ON
OPT.neb_interp                 = IDPP
OPT.neb_nimage                 = 5
OPT.neb_spring                 = 1.0e-02 [AU]
OPT.neb_maxstep                = 7.6e-02 [AU]

PROP.calculation               = NONE
FREQ.freq_method               = FREE2
FREQ.fd_stepsize               = 2.8e-02 [AU]
DOS.dos_method                 = GAUSS
DOS.dos_sigma                  = 3.7e-03 [AU]
DOS.dos_npoint                 = 1001
DOS.dos_emin                   = 0.0e+00 [AU]
DOS.dos_emax                   = 0.0e+00 [AU]

OPT.mdx_ensemble               = NVE
OPT.mdx_thermostat             = NHC
OPT.mdx_max_step               = 0
OPT.mdx_timestep               = 4.0e+01 [AU]
OPT.mdx_temperature            = 9.5e-04 [AU]
OPT.mdx_pressure               = 0.0e+00 [AU]
OPT.mdx_thermo_tau             = 4.0e+03 [AU]
OPT.mdx_baro_tau               = 2.0e+04 [AU]
OPT.mdx_nhc_length             = 3
OPT.mdx_nhc_mts                = 3
OPT.mdx_constraint             = OFF
OPT.mdx_constraint_tol         = 1.0e-10
OPT.mdx_rng_seed               = 42

K-points mesh = 1 1 1

xc functional: "HSE06"
is hybrid: YES
HFX coeff: 0.25

Basis Set Name: "dzvp-sr"
number of shell = 32
number of basis = 88
gmesh = 50 50 99

Pseudopotential Name: "gth-pbe"
number of valence electron = 32

OPT Calculation.

==============================================================
                   Geometry Optimization                      
==============================================================
  method      = BFGS
  max_cycle   = 1
  eps_engy    = 4.000000e-06
  eps_grad    = 4.000000e-04
  trust_limit = 0.300000
  natom       = 16
  nfree       = 48 / 48
==============================================================

--------------------------------------------------------------
  OPT step 0
--------------------------------------------------------------
[OPT] Cell structure (Angstrom):
       4.08300000       0.00000000       0.00000000
       0.00000000       4.08300000       0.00000000
       0.00000000       0.00000000       8.16600000

Cart
Li         0.00000000       0.00000000       0.00000000   T T T
Li         0.10000000       2.09150000       2.07150000   T T T
Li         2.04150000       0.00000000       2.04150000   T T T
Li         2.04150000       2.04150000       0.00000000   T T T
H          2.04150000       2.04150000       2.04150000   T T T
H          2.04150000       4.08300000       4.08300000   T T T
H          4.08300000       2.04150000       4.08300000   T T T
H          4.08300000       4.08300000       2.04150000   T T T
Li         0.00000000       0.00000000       4.08300000   T T T
Li         0.00000000       2.04150000       6.12450000   T T T
Li         2.04150000       0.00000000       6.12450000   T T T
Li         2.04150000       2.04150000       4.08300000   T T T
H          2.04150000       2.04150000       6.12450000   T T T
H          2.04150000       4.08300000       8.16600000   T T T
H          4.08300000       2.04150000       8.16600000   T T T
H          4.08300000       4.08300000       6.12450000   T T T

[OPT] Cell written to /home/rudin/tmp-review-ionic/LiH16/full/c40/opt_img/cell_opt_0.txt
[LSDF] gmesh = (50, 50, 99), ngrid = 247500, naofn = 88, natom = 16
Timer "[LSDF] Voronoi partition" used time: 0.004729 s.
Timer "[LSDF] AO evaluation + screening" used time: 1.095820 s.
[LSDF] IP method: randomized QRCP (c=40, m=5)
[LSDF] total IPs selected: 3600 (1.4545% of grid)
Timer "[LSDF] IP selection" used time: 0.926031 s.
Timer "[LSDF] aux basis fitting" used time: 0.295383 s.
[LSDF] Step 5 diagnostics: natom=16, ngrid=247500, naux_total=3600
[LSDF]   OMP threads=32, MKL threads=32
[LSDF]   Vmat_loc total size: 3600 x 247500 = 6.64 GB
Timer "[LSDF]   5a Vmat_loc alloc+FFT" used time: 0.405394 s.
[LSDF]   W size: 3600 x 3600 = 98.88 MB, max_npart=15655
Timer "[LSDF]   5b W construction (DGEMM)" used time: 0.130074 s.
Timer "[LSDF]   5c Wmat symmetrize" used time: 0.005439 s.
[LSDF]   robust_mode=FULL: keeping Vmat_loc (6.64 GB) in atom ordering
Timer "[LSDF] V/W construction" used time: 0.540974 s.
[LSDF] xchg phases: A=0.000 s, B(K_W)=0.002 s, C(K_V)=0.161 s, E(reduce)=0.000 s
[NELEC] step = 0  nelec = 32  neInt = 32.000000  dnelc =  1.4702898454e-08
[ENERG] step = 0  eTotl = -59.09358114  eCore = -24.56285827  eCoul = 7.55157688  eExcl = -14.93240651  eNucl = -27.14989324  eDisp = 0.00000000
[ERROR] step = 0  engy error =  0.0000000000e+00  grad error =  0.0000000000e+00  dmat error =  0.0000000000e+00
Timer "SCF cycle: 0" used time: 0.974332 s.

[LSDF] xchg phases: A=0.001 s, B(K_W)=0.004 s, C(K_V)=0.188 s, E(reduce)=0.000 s
[NELEC] step = 1  nelec = 32  neInt = 32.000001  dnelc =  6.7076819477e-07
[ENERG] step = 1  eTotl = -64.07224969  eCore = -35.36109796  eCoul = 17.06112400  eExcl = -18.62238249  eNucl = -27.14989324  eDisp = 0.00000000
[ERROR] step = 1  engy error = -4.9786685480e+00  grad error =  0.0000000000e+00  dmat error =  6.2777700385e+00
Timer "SCF cycle: 1" used time: 0.979403 s.

[LSDF] xchg phases: A=0.000 s, B(K_W)=0.002 s, C(K_V)=0.149 s, E(reduce)=0.000 s
[NELEC] step = 2  nelec = 32  neInt = 32.000000  dnelc =  4.4038375080e-07
[ENERG] step = 2  eTotl = -64.14250738  eCore = -35.24529023  eCoul = 16.75855755  eExcl = -18.50588147  eNucl = -27.14989324  eDisp = 0.00000000
[ERROR] step = 2  engy error = -7.0257689953e-02  grad error =  0.0000000000e+00  dmat error =  1.7950720407e+00
Timer "SCF cycle: 2" used time: 0.940944 s.

[LSDF] xchg phases: A=0.000 s, B(K_W)=0.003 s, C(K_V)=0.245 s, E(reduce)=0.000 s
[NELEC] step = 3  nelec = 32  neInt = 32.000000  dnelc = -6.3064671707e-08
[ENERG] step = 3  eTotl = -64.20211087  eCore = -34.87368721  eCoul = 16.03347445  eExcl = -18.21200487  eNucl = -27.14989324  eDisp = 0.00000000
[ERROR] step = 3  engy error = -5.9603491501e-02  grad error =  0.0000000000e+00  dmat error =  2.5111582073e+00
Timer "SCF cycle: 3" used time: 1.034332 s.

[LSDF] xchg phases: A=0.000 s, B(K_W)=0.002 s, C(K_V)=0.138 s, E(reduce)=0.000 s
[NELEC] step = 4  nelec = 32  neInt = 32.000000  dnelc = -4.3743096256e-08
[ENERG] step = 4  eTotl = -64.20283619  eCore = -34.89521063  eCoul = 16.06080466  eExcl = -18.21853698  eNucl = -27.14989324  eDisp = 0.00000000
[ERROR] step = 4  engy error = -7.2531496848e-04  grad error =  0.0000000000e+00  dmat error =  7.8956213543e-02
Timer "SCF cycle: 4" used time: 0.921219 s.

[LSDF] xchg phases: A=0.000 s, B(K_W)=0.002 s, C(K_V)=0.250 s, E(reduce)=0.000 s
[NELEC] step = 5  nelec = 32  neInt = 32.000000  dnelc = -2.3943741212e-08
[ENERG] step = 5  eTotl = -64.20303902  eCore = -34.91550615  eCoul = 16.08933781  eExcl = -18.22697744  eNucl = -27.14989324  eDisp = 0.00000000
[ERROR] step = 5  engy error = -2.0283587058e-04  grad error =  0.0000000000e+00  dmat error =  7.6533893842e-02
Timer "SCF cycle: 5" used time: 1.037625 s.

[LSDF] xchg phases: A=0.000 s, B(K_W)=0.002 s, C(K_V)=0.197 s, E(reduce)=0.000 s
[NELEC] step = 6  nelec = 32  neInt = 32.000000  dnelc = -2.2184249104e-08
[ENERG] step = 6  eTotl = -64.20304178  eCore = -34.91693687  eCoul = 16.09199548  eExcl = -18.22820714  eNucl = -27.14989324  eDisp = 0.00000000
[ERROR] step = 6  engy error = -2.7542574088e-06  grad error =  0.0000000000e+00  dmat error =  6.9668498003e-03
Timer "SCF cycle: 6" used time: 0.982696 s.

[LSDF] xchg phases: A=0.000 s, B(K_W)=0.002 s, C(K_V)=0.123 s, E(reduce)=0.000 s
[NELEC] step = 7  nelec = 32  neInt = 32.000000  dnelc = -2.1886748414e-08
[ENERG] step = 7  eTotl = -64.20304202  eCore = -34.91690233  eCoul = 16.09257497  eExcl = -18.22882142  eNucl = -27.14989324  eDisp = 0.00000000
[ERROR] step = 7  engy error = -2.4351793115e-07  grad error =  0.0000000000e+00  dmat error =  1.8265242091e-03
Timer "SCF cycle: 7" used time: 0.903532 s.

[NELEC] step = 8  nelec = 32  neInt = 32.000000  dnelc = -2.2027659696e-08
[ENERG] step = 8  eTotl = -64.20304200  eCore = -34.91675380  eCoul = 16.09237727  eExcl = -18.22877224  eNucl = -27.14989324  eDisp = 0.00000000
[ERROR] step = 8  engy error =  1.5318619262e-08  grad error =  0.0000000000e+00  dmat error =  5.6935478101e-04
Timer "SCF cycle: 8" used time: 0.925662 s.

[NELEC] step = 9  nelec = 32  neInt = 32.000000  dnelc = -2.1956871876e-08
[ENERG] step = 9  eTotl = -64.20304201  eCore = -34.91681591  eCoul = 16.09248290  eExcl = -18.22881575  eNucl = -27.14989324  eDisp = 0.00000000
[ERROR] step = 9  engy error = -4.2191317107e-09  grad error =  0.0000000000e+00  dmat error =  2.7439619229e-04
Timer "SCF cycle: 9" used time: 0.920707 s.

[NELEC] step = 10  nelec = 32  neInt = 32.000000  dnelc = -2.1959557728e-08
[ENERG] step = 10  eTotl = -64.20304201  eCore = -34.91681513  eCoul = 16.09247664  eExcl = -18.22881028  eNucl = -27.14989324  eDisp = 0.00000000
[ERROR] step = 10  engy error = -4.4174441882e-10  grad error =  0.0000000000e+00  dmat error =  4.0478219349e-05
SCF converged in 10 steps.
[LSDF] xchg_d10: ISDF-robust path (K_V + K_V~ - K_IP)
[GRADIENT] SCF type: GRKS | atoms: 16 | DOF: 48 | time: 30.356 s
  Atom   0:  -5.4223401437e-04  -5.8290029522e-04  -2.4864495829e-04
  Atom   1:  -5.3857543213e-03  -2.8299986116e-03  -7.3778471305e-04
  Atom   2:  -3.0083288049e-03  -1.5334413965e-03   5.6561546179e-04
  Atom   3:  -1.1640916455e-03  -2.7682229007e-04  -2.2882972237e-04
  Atom   4:   8.8682153779e-03   1.8879300090e-03  -1.5071602439e-04
  Atom   5:  -5.9705815970e-06   5.6812651718e-06   1.5999946407e-04
  Atom   6:  -3.3694382532e-04  -1.4897923620e-04   1.1935903400e-03
  Atom   7:   3.7192271373e-03   4.5411726849e-03  -1.3944925519e-04
  Atom   8:  -5.4254756049e-04  -6.5199346098e-04  -6.9906597163e-04
  Atom   9:  -1.1036278534e-04  -5.6811835825e-05  -1.0550297017e-03
  Atom  10:   2.3963987329e-06  -2.1645171022e-07  -7.9695841435e-04
  Atom  11:  -1.3024543694e-03  -2.7701736307e-04  -7.3090382105e-04
  Atom  12:   2.5781670330e-05   9.5570432702e-06   6.9614116580e-04
  Atom  13:  -2.3424740938e-05  -4.0504564074e-06  -1.1362827618e-05
  Atom  14:  -2.2298803584e-04  -9.3599594301e-05   1.4960899503e-03
  Atom  15:   2.2336597896e-05   1.5662562359e-05   6.9543345416e-04
[OPT] step = 0  energy = -64.2030420093  dE =               N/A  grad_max =  8.8682153779e-03  grad_rms =  1.9273236465e-03
[OPT] Geometry optimization did not converge in 1 steps.
Kylin-PBC Done.
Timer "Kylin-PBC main" used time: 45.54028 s.
