#INFO: **** input file is /home/rudin/code/kylin-pbc/art/example/extern/MgO-PBE-k333-pyscf-FFTDF/run-pyscf.py ****
#!/usr/bin/env python3
# PySCF input for MgO-PBE-k333 (external benchmark)
# Engine: FFTDF (default with_df); basis/pseudo match kylin & CP2K.
import time, os
import pyscf.pbc.gto as pbcgto
import pyscf.pbc.dft as pbcdft

tic = time.time()

cell = pbcgto.Cell()
cell.a = """
        0.0000000000     2.1085000000     2.1085000000
        2.1085000000     0.0000000000     2.1085000000
        2.1085000000     2.1085000000     0.0000000000
"""
cell.atom = """
    Mg      0.0000000000     0.0000000000     0.0000000000
    O       2.1085000000     2.1085000000     2.1085000000
"""
cell.basis = "gth-dzvp-molopt-sr"
cell.pseudo = "gth-pbe"
cell.unit = "A"
cell.precision = 1e-10
cell.verbose = 4
cell.build()

kpts = cell.make_kpts([3, 3, 3])
kmf = pbcdft.KRKS(cell, kpts)
kmf.xc = "PBE"
kmf.max_cycle = 200
kmf.conv_tol = 1e-7
etot = kmf.kernel()
print("E_tot (Ha) =", etot)

# approximate band gap from k-point eigenvalues
try:
    homo = max(kmf.mo_energy[i][kmf.mo_occ[i] > 0].max() for i in range(len(kpts)))
    lumo = min(kmf.mo_energy[i][kmf.mo_occ[i] == 0].min() for i in range(len(kpts)))
    print("Band gap (eV) =", (lumo - homo) * 27.211386245988)
except Exception as ex:
    print("gap calc skipped:", ex)

print("wall time (s):", time.time() - tic)
print("OMP_NUM_THREADS:", os.getenv("OMP_NUM_THREADS", "not set"))
#INFO: ******************** input file end ********************


System: uname_result(system='Linux', node='cu04', release='5.15.0-139-generic', version='#149-Ubuntu SMP Fri Apr 11 22:06:13 UTC 2025', machine='x86_64')  Threads 32
Python 3.12.7 | packaged by Anaconda, Inc. | (main, Oct  4 2024, 13:27:36) [GCC 11.2.0]
numpy 2.4.2  scipy 1.17.0  h5py 3.15.1
Date: Tue Jun 23 19:00:26 2026
PySCF version 2.12.0
PySCF path  /software/Applications/pyscf/pyscf-2.12.0/pyscf

[CONFIG] conf_file None
[INPUT] verbose = 4
[INPUT] num. atoms = 2
[INPUT] num. electrons = 16
[INPUT] charge = 0
[INPUT] spin (= nelec alpha-beta = 2S) = 0
[INPUT] symmetry False subgroup None
[INPUT] Mole.unit = A
[INPUT] Symbol           X                Y                Z      unit          X                Y                Z       unit  Magmom
[INPUT]  1 Mg     0.000000000000   0.000000000000   0.000000000000 AA    0.000000000000   0.000000000000   0.000000000000 Bohr   0.0
[INPUT]  2 O      2.108500000000   2.108500000000   2.108500000000 AA    3.984487533645   3.984487533645   3.984487533645 Bohr   0.0

nuclear repulsion = -47.3278672534236
number of shells = 5
number of NR pGTOs = 73
number of NR cGTOs = 22
basis = gth-dzvp-molopt-sr
ecp = {}
CPU time:         7.56
lattice vectors  a1 [0.000000000, 3.984487534, 3.984487534]
                 a2 [3.984487534, 0.000000000, 3.984487534]
                 a3 [3.984487534, 3.984487534, 0.000000000]
dimension = 3
low_dim_ft_type = None
Cell volume = 126.517
rcut = 32.60353106766146 (nimgs = [8 8 8])
precision = 1e-10
pseudo = gth-pbe
ke_cutoff = 3488.5606466918002
    = [151 151 151] mesh (3442951 PWs)


******** <class 'pyscf.pbc.dft.krks.KRKS'> ********
method = KRKS
initial guess = minao
damping factor = 0
level_shift factor = 0
DIIS = <class 'pyscf.scf.diis.CDIIS'>
diis_start_cycle = 1
diis_space = 8
diis_damp = 0
SCF conv_tol = 1e-07
SCF conv_tol_grad = None
SCF max_cycles = 200
direct_scf = True
direct_scf_tol = 1e-13
chkfile to save SCF result = /tmp/tmpc489u1pf
max_memory 4000 MB (current use 128 MB)


******** PBC SCF flags ********
N kpts = 27
Exchange divergence treatment (exxdiv) = ewald
    madelung (= occupied orbital energy shift) = 0.1917796636497051
    Total energy shift due to Ewald probe charge = -1/2 * Nelec*madelung = -1.5342373092
DF object = <pyscf.pbc.df.fft.FFTDF object at 0x7faa868ef560>
XC functionals = PBE
small_rho_cutoff = 1e-07
Uniform grid, mesh = [151 151 151]
Set gradient conv threshold to 0.000316228
nelec by numeric integration = 16.00239919160162
init E= -79.7009120748659
HOMO = 0.181739344978  LUMO = 0.424287196214
nelec by numeric integration = 16.000000000000004
cycle= 1 E= -79.329684269022  delta_E= 0.371  |g|= 3.74  |ddm|=   12
HOMO = 0.461076150247  LUMO = 0.534252034102
nelec by numeric integration = 16.000000000000004
cycle= 2 E= -79.1511706684709  delta_E= 0.179  |g|= 6.08  |ddm|= 11.1
HOMO = 0.296559915441  LUMO = 0.46662134024
nelec by numeric integration = 16.0
cycle= 3 E= -79.42813551339  delta_E= -0.277  |g|= 0.105  |ddm|= 7.66
HOMO = 0.299002773618  LUMO = 0.465136114012
nelec by numeric integration = 15.999999999999998
cycle= 4 E= -79.4282279153201  delta_E= -9.24e-05  |g|= 0.0174  |ddm|= 0.329
HOMO = 0.298792173725  LUMO = 0.464950118519
nelec by numeric integration = 15.99999999999999
cycle= 5 E= -79.428229463726  delta_E= -1.55e-06  |g|= 0.00391  |ddm|= 0.0424
HOMO = 0.298656086683  LUMO = 0.464849101401
nelec by numeric integration = 16.000000000000004
cycle= 6 E= -79.4282295633787  delta_E= -9.97e-08  |g|= 0.000113  |ddm|= 0.00419
HOMO = 0.298647841858  LUMO = 0.464846215585
nelec by numeric integration = 16.0
Extra cycle  E= -79.4282295632073  delta_E= 1.71e-10  |g|= 0.000192  |ddm|= 0.000317
converged SCF energy = -79.4282295632073
E_tot (Ha) = -79.42822956320731
Band gap (eV) = 4.522488140943455
wall time (s): 1135.6132562160492
OMP_NUM_THREADS: 32
