Kylin-PBC: v1.0.0

System time = 2026-06-25 18:11:49

OMP threads = 32

KYLIN_PBC_ROOT = "/home/rudin/code/kylin-pbc"
KYLIN_SCR_PATH = "/nvme"
KYLIN_JOB_PATH = "/home/rudin/code/kylin-pbc/art/example/extern/LiH-HSE06-gamma-kylin-LSDF"

SCF.xcfun                      = HSE06
SCF.basis                      = dzvp-sr
SCF.psudo                      = gth-pbe
SCF.kmesh                      = 1 1 1
SCF.gmesh                      = 6.0e-01
SCF.ispin                      = OFF
SCF.dspin                      = 0
SCF.eps_engy                   = 3.7e-09 [AU]
SCF.eps_grad                   = 1.0e-05 [AU]
SCF.eps_dmat                   = 1.0e-03
SCF.chk_load                   = 
SCF.chk_save                   = 
SCF.scf_guess                  = ATOM
SCF.max_cycle                  = 200
SCF.vdw_method                 = NONE
SCF.coul_method                = MGDF
SCF.xchg_method                = LSDF
SCF.xchg_exxocc                = OFF
SCF.xchg_exxace                = NONE
SCF.xchg_robust                = TILE
SCF.xchg_exxdiv                = EWALD
SCF.xchg_dropG0                = ON
SCF.lsdf_cparam                = 60
SCF.lsdf_mparam                = 5
SCF.lsdf_ipslct                = QRCP
SCF.lsdf_chocut                = 1.0e-08
SCF.lsdf_atmcut                = 2.5e+01
SCF.lsdf_aovcut                = 1.0e-07
SCF.lsdf_swzcut                = 0.0e+00
SCF.lsdf_pnocut                = 0.0e+00
SCF.lsdf_nafcut                = 0.0e+00
SCF.mgdf_ntasks                = 4
SCF.mgdf_kratio                = 3.0e+00
SCF.mgdf_cutoff                = 3.0e+02 [AU]
SCF.mgdf_relcut                = 3.0e+01
SCF.mgdf_prprec                = 1.0e-14
SCF.dmx_mix_method             = NONE
SCF.dmx_mix_start              = 1
SCF.dmx_mix_space              = 8
SCF.dmx_mix_alpha              = 3.0e-01
SCF.rho_mix_method             = NONE
SCF.rho_mix_start              = 1
SCF.rho_mix_space              = 8
SCF.rho_mix_alpha              = 3.0e-01
SCF.hks_mix_method             = BROY
SCF.hks_mix_start              = 1
SCF.hks_mix_space              = 8
SCF.hks_mix_alpha              = 3.0e-01
SCF.damp_factor                = 0.0e+00
SCF.level_shift                = 0.0e+00 [AU]
SCF.smear_method               = NONE
SCF.smear_sigma                = 0.0e+00 [AU]
SCF.soc                        = OFF
SCF.soc_window                 = 1.8e+00 [AU]
SCF.print_bandgap              = ON
SCF.print_time                 = OFF

OPT.opt_method                 = BFGS
OPT.max_cycle                  = 0
OPT.eps_engy                   = 4.0e-06 [AU]
OPT.eps_grad                   = 4.0e-04 [AU]
OPT.trust_limit                = 3.0e-01 [AU]
OPT.damp_factor                = 0.0e+00
OPT.opt_mix_method             = NONE
OPT.opt_mix_start              = 1
OPT.opt_mix_space              = 5
OPT.opt_mix_alpha              = 3.0e-01
OPT.neb_method                 = FIRE
OPT.neb_lclimb                 = ON
OPT.neb_interp                 = IDPP
OPT.neb_nimage                 = 5
OPT.neb_spring                 = 1.0e-02 [AU]
OPT.neb_maxstep                = 7.6e-02 [AU]

PROP.calculation               = NONE
FREQ.freq_method               = FREE2
FREQ.fd_stepsize               = 2.8e-02 [AU]
DOS.dos_method                 = GAUSS
DOS.dos_sigma                  = 3.7e-03 [AU]
DOS.dos_npoint                 = 1001
DOS.dos_emin                   = 0.0e+00 [AU]
DOS.dos_emax                   = 0.0e+00 [AU]

OPT.mdx_ensemble               = NVE
OPT.mdx_thermostat             = NHC
OPT.mdx_max_step               = 0
OPT.mdx_timestep               = 4.0e+01 [AU]
OPT.mdx_temperature            = 9.5e-04 [AU]
OPT.mdx_pressure               = 0.0e+00 [AU]
OPT.mdx_thermo_tau             = 4.0e+03 [AU]
OPT.mdx_baro_tau               = 2.0e+04 [AU]
OPT.mdx_nhc_length             = 3
OPT.mdx_nhc_mts                = 3
OPT.mdx_constraint             = OFF
OPT.mdx_constraint_tol         = 1.0e-10
OPT.mdx_rng_seed               = 42

K-points mesh = 1 1 1

xc functional: "HSE06"
is hybrid: YES
HFX coeff: 0.25

Basis Set Name: "dzvp-sr"
number of shell = 4
number of basis = 11
gmesh = 43 43 43

Pseudopotential Name: "gth-pbe"
number of valence electron = 4

SCF Calculation.
Gamma point
[LSDF] gmesh = (43, 43, 43), ngrid = 79507, naofn = 11, natom = 2
Timer "[LSDF] Voronoi partition" used time: 0.001241 s.
Timer "[LSDF] AO evaluation + screening" used time: 0.419928 s.
[LSDF] IP method: randomized QRCP (c=60, m=5)
[LSDF] total IPs selected: 132 (0.1660% of grid)
Timer "[LSDF] IP selection" used time: 0.146289 s.
Timer "[LSDF] aux basis fitting" used time: 0.025262 s.
[LSDF] Step 5 diagnostics: natom=2, ngrid=79507, naux_total=132
[LSDF]   OMP threads=32, MKL threads=32
[LSDF]   Vmat_loc total size: 132 x 79507 = 0.08 GB
Timer "[LSDF]   5a Vmat_loc alloc+FFT" used time: 0.026334 s.
[LSDF]   W size: 132 x 132 = 0.13 MB, max_npart=39754
Timer "[LSDF]   5b W construction (DGEMM)" used time: 0.004912 s.
Timer "[LSDF]   5c Wmat symmetrize" used time: 0.000052 s.
[LSDF]   5e Vatm_nby tile extraction starting... (robust_mode=TILE)
[LSDF]   Vatm_nby: range_sep=true
[LSDF]     Vatm_nby tile: 2/2 atoms, cumul 0.08 GB
[LSDF]   Vatm_nby total tile memory: 0.08 GB
Timer "[LSDF]   5e Vatm_nby tile extraction" used time: 0.005235 s.
Timer "[LSDF] V/W construction" used time: 0.042505 s.
[LSDF] xchg phases: A=0.000 s, B(K_W)=0.000 s, C(K_V)=0.032 s, E(reduce)=0.000 s
[NELEC] step = 0  nelec = 4  neInt = 4.000000  dnelc =  6.9960757187e-09
[ENERG] step = 0  eTotl = -5.42133560  eCore = -0.66935517  eCoul = 0.05750579  eExcl = -1.41467651  eNucl = -3.39480971  eDisp = 0.00000000
[ERROR] step = 0  engy error =  0.0000000000e+00  grad error =  0.0000000000e+00  dmat error =  0.0000000000e+00
Timer "SCF cycle: 0" used time: 0.317627 s.

[LSDF] xchg phases: A=0.000 s, B(K_W)=0.000 s, C(K_V)=0.007 s, E(reduce)=0.000 s
[NELEC] step = 1  nelec = 4  neInt = 4.000001  dnelc =  5.0890172787e-07
[ENERG] step = 1  eTotl = -8.23287442  eCore = -4.77040944  eCoul = 2.31725483  eExcl = -2.38491010  eNucl = -3.39480971  eDisp = 0.00000000
[ERROR] step = 1  engy error = -2.8115388204e+00  grad error =  0.0000000000e+00  dmat error =  2.3578281740e+00
Timer "SCF cycle: 1" used time: 0.255862 s.

[LSDF] xchg phases: A=0.000 s, B(K_W)=0.000 s, C(K_V)=0.007 s, E(reduce)=0.000 s
[NELEC] step = 2  nelec = 4  neInt = 4.000000  dnelc =  3.1664299183e-07
[ENERG] step = 2  eTotl = -8.30103924  eCore = -4.76706239  eCoul = 2.19778713  eExcl = -2.33695427  eNucl = -3.39480971  eDisp = 0.00000000
[ERROR] step = 2  engy error = -6.8164821364e-02  grad error =  0.0000000000e+00  dmat error =  5.4899957401e-01
Timer "SCF cycle: 2" used time: 0.252179 s.

[LSDF] xchg phases: A=0.000 s, B(K_W)=0.000 s, C(K_V)=0.007 s, E(reduce)=0.000 s
[NELEC] step = 3  nelec = 4  neInt = 4.000000  dnelc = -5.4769500490e-08
[ENERG] step = 3  eTotl = -8.35677759  eCore = -4.66453124  eCoul = 1.93858902  eExcl = -2.23602566  eNucl = -3.39480971  eDisp = 0.00000000
[ERROR] step = 3  engy error = -5.5738355595e-02  grad error =  0.0000000000e+00  dmat error =  1.0150181957e+00
Timer "SCF cycle: 3" used time: 0.254270 s.

[LSDF] xchg phases: A=0.000 s, B(K_W)=0.000 s, C(K_V)=0.007 s, E(reduce)=0.000 s
[NELEC] step = 4  nelec = 4  neInt = 4.000000  dnelc = -1.2127563398e-08
[ENERG] step = 4  eTotl = -8.35804025  eCore = -4.68747612  eCoul = 1.97195733  eExcl = -2.24771175  eNucl = -3.39480971  eDisp = 0.00000000
[ERROR] step = 4  engy error = -1.2626532107e-03  grad error =  0.0000000000e+00  dmat error =  1.1392896867e-01
Timer "SCF cycle: 4" used time: 0.253291 s.

[LSDF] xchg phases: A=0.000 s, B(K_W)=0.000 s, C(K_V)=0.007 s, E(reduce)=0.000 s
[NELEC] step = 5  nelec = 4  neInt = 4.000000  dnelc = -1.5232640482e-08
[ENERG] step = 5  eTotl = -8.35807615  eCore = -4.68552037  eCoul = 1.96951416  eExcl = -2.24726022  eNucl = -3.39480971  eDisp = 0.00000000
[ERROR] step = 5  engy error = -3.5902530412e-05  grad error =  0.0000000000e+00  dmat error =  8.6110551342e-03
Timer "SCF cycle: 5" used time: 0.252378 s.

[LSDF] xchg phases: A=0.000 s, B(K_W)=0.000 s, C(K_V)=0.006 s, E(reduce)=0.000 s
[NELEC] step = 6  nelec = 4  neInt = 4.000000  dnelc = -1.5490046135e-08
[ENERG] step = 6  eTotl = -8.35807662  eCore = -4.68523727  eCoul = 1.96931917  eExcl = -2.24734881  eNucl = -3.39480971  eDisp = 0.00000000
[ERROR] step = 6  engy error = -4.6790504271e-07  grad error =  0.0000000000e+00  dmat error =  1.6434561448e-03
Timer "SCF cycle: 6" used time: 0.251399 s.

[LSDF] xchg phases: A=0.000 s, B(K_W)=0.000 s, C(K_V)=0.006 s, E(reduce)=0.000 s
[NELEC] step = 7  nelec = 4  neInt = 4.000000  dnelc = -1.5288121435e-08
[ENERG] step = 7  eTotl = -8.35807670  eCore = -4.68536888  eCoul = 1.96947548  eExcl = -2.24737359  eNucl = -3.39480971  eDisp = 0.00000000
[ERROR] step = 7  engy error = -7.8701901884e-08  grad error =  0.0000000000e+00  dmat error =  5.4097781107e-04
Timer "SCF cycle: 7" used time: 0.251644 s.

[NELEC] step = 8  nelec = 4  neInt = 4.000000  dnelc = -1.5339724158e-08
[ENERG] step = 8  eTotl = -8.35807670  eCore = -4.68534826  eCoul = 1.96944124  eExcl = -2.24735997  eNucl = -3.39480971  eDisp = 0.00000000
[ERROR] step = 8  engy error = -1.7018937370e-09  grad error =  0.0000000000e+00  dmat error =  1.3764790293e-04
SCF converged in 8 steps.

  Band Gap Analysis (per k-point)
  k-pt    spin         HOMO (eV)       LUMO (eV)        Gap (eV)
  -----------------------------------------------------------
  0       0            -7.314075       16.705260       24.019335
  -----------------------------------------------------------
  VBM =      -7.314075 eV    CBM =      16.705260 eV    Band Gap =      24.019335 eV

Kylin-PBC Done.
Timer "Kylin-PBC main" used time: 3.437969 s.
