Kylin-PBC: v1.0.0

System time = 2026-06-11 17:49:12

OMP threads = 32

KYLIN_PBC_ROOT = "/home/rudin/code/kylin-pbc"
KYLIN_SCR_PATH = "/tmp"
KYLIN_JOB_PATH = "/home/rudin/code/kylin-pbc/bandgap-TiO2-rutile/PBE"

SCF.xcfun                      = PBE
SCF.basis                      = dzvp-sr
SCF.psudo                      = gth-pbe
SCF.kmesh                      = 4 4 6
SCF.gmesh                      = 5.0e-01
SCF.ispin                      = OFF
SCF.dspin                      = 0
SCF.eps_engy                   = 1.0e-06 [AU]
SCF.eps_grad                   = 1.0e-05 [AU]
SCF.eps_dmat                   = 1.0e-03
SCF.chk_load                   = 
SCF.chk_save                   = 
SCF.scf_guess                  = ATOM
SCF.max_cycle                  = 200
SCF.vdw_method                 = NONE
SCF.coul_method                = MGDF
SCF.xchg_method                = LSDF
SCF.xchg_exxocc                = OFF
SCF.xchg_exxace                = NONE
SCF.xchg_robust                = TILE
SCF.xchg_exxdiv                = NONE
SCF.lsdf_cparam                = 30
SCF.lsdf_mparam                = 5
SCF.lsdf_ipslct                = QRCP
SCF.lsdf_chocut                = 1.0e-08
SCF.lsdf_atmcut                = 2.5e+01
SCF.lsdf_aovcut                = 1.0e-07
SCF.lsdf_swzcut                = 0.0e+00
SCF.lsdf_pnocut                = 0.0e+00
SCF.lsdf_nafcut                = 0.0e+00
SCF.mgdf_ntasks                = 4
SCF.mgdf_kratio                = 3.0e+00
SCF.mgdf_cutoff                = 3.0e+02 [AU]
SCF.mgdf_relcut                = 3.0e+01
SCF.mgdf_prprec                = 1.0e-14
SCF.dmx_mix_method             = NONE
SCF.dmx_mix_start              = 1
SCF.dmx_mix_space              = 8
SCF.dmx_mix_alpha              = 3.0e-01
SCF.rho_mix_method             = NONE
SCF.rho_mix_start              = 1
SCF.rho_mix_space              = 8
SCF.rho_mix_alpha              = 3.0e-01
SCF.hks_mix_method             = BROY
SCF.hks_mix_start              = 1
SCF.hks_mix_space              = 16
SCF.hks_mix_alpha              = 3.0e-01
SCF.damp_factor                = 0.0e+00
SCF.level_shift                = 0.0e+00 [AU]
SCF.smear_method               = FERMI
SCF.smear_sigma                = 9.5e-04 [AU]
SCF.soc                        = OFF
SCF.soc_window                 = 1.8e+00 [AU]
SCF.print_bandgap              = ON
SCF.print_time                 = OFF

OPT.opt_method                 = BFGS
OPT.max_cycle                  = 0
OPT.eps_engy                   = 4.0e-06 [AU]
OPT.eps_grad                   = 4.0e-04 [AU]
OPT.trust_limit                = 3.0e-01 [AU]
OPT.damp_factor                = 0.0e+00
OPT.opt_mix_method             = NONE
OPT.opt_mix_start              = 1
OPT.opt_mix_space              = 5
OPT.opt_mix_alpha              = 3.0e-01
OPT.neb_method                 = FIRE
OPT.neb_lclimb                 = ON
OPT.neb_interp                 = IDPP
OPT.neb_nimage                 = 5
OPT.neb_spring                 = 1.0e-02 [AU]
OPT.neb_maxstep                = 7.6e-02 [AU]

PROP.calculation               = NONE
FREQ.freq_method               = FREE2
FREQ.fd_stepsize               = 2.8e-02 [AU]
DOS.dos_method                 = GAUSS
DOS.dos_sigma                  = 3.7e-03 [AU]
DOS.dos_npoint                 = 1001
DOS.dos_emin                   = 0.0e+00 [AU]
DOS.dos_emax                   = 0.0e+00 [AU]

OPT.mdx_ensemble               = NVE
OPT.mdx_thermostat             = NHC
OPT.mdx_max_step               = 0
OPT.mdx_timestep               = 4.0e+01 [AU]
OPT.mdx_temperature            = 9.5e-04 [AU]
OPT.mdx_pressure               = 0.0e+00 [AU]
OPT.mdx_thermo_tau             = 4.0e+03 [AU]
OPT.mdx_baro_tau               = 2.0e+04 [AU]
OPT.mdx_nhc_length             = 3
OPT.mdx_nhc_mts                = 3
OPT.mdx_constraint             = OFF
OPT.mdx_constraint_tol         = 1.0e-10
OPT.mdx_rng_seed               = 42

K-points mesh = 4 4 6

xc functional: "PBE"
is hybrid: NO

Basis Set Name: "dzvp-sr"
number of shell = 20
number of basis = 104
gmesh = 65 65 43

Pseudopotential Name: "gth-pbe"
number of valence electron = 48

SCF Calculation.
K sampling = 4 4 6
[IGUESS] MINAO initial guess done. naofn = 104  nkpot = 96
[NELEC] step = 0  nelec = 48  neInt = 44.570608  dnelc = -3.4293919533e+00
[ENERG] step = 0  eTotl = -179.75385694  eCore = -58.77632380  eCoul = 37.08384268  eExcl = -25.90549559  eNucl = -132.15588022  eDisp = 0.00000000
[ERROR] step = 0  engy error =  0.0000000000e+00  grad error =  0.0000000000e+00  dmat error =  0.0000000000e+00
Timer "SCF cycle: 0" used time: 2.568057 s.

[NELEC] step = 1  nelec = 48  neInt = 48.000000  dnelc =  4.4764192353e-13
[ENERG] step = 1  eTotl = -179.80678804  eCore = -64.88095163  eCoul = 47.49438547  eExcl = -30.26434166  eNucl = -132.15588022  eDisp = 0.00000000
[ERROR] step = 1  engy error = -5.2931104014e-02  grad error =  0.0000000000e+00  dmat error =  1.8480829604e+00
Timer "SCF cycle: 1" used time: 2.086332 s.

[NELEC] step = 2  nelec = 48  neInt = 48.000000  dnelc =  8.6686213763e-13
[ENERG] step = 2  eTotl = -180.31145484  eCore = -66.79168483  eCoul = 47.86660049  eExcl = -29.23049028  eNucl = -132.15588022  eDisp = 0.00000000
[ERROR] step = 2  engy error = -5.0466679644e-01  grad error =  0.0000000000e+00  dmat error =  7.8354713877e-01
Timer "SCF cycle: 2" used time: 2.160863 s.

[NELEC] step = 3  nelec = 48  neInt = 48.000000  dnelc =  5.3290705182e-13
[ENERG] step = 3  eTotl = -180.86472054  eCore = -63.98349984  eCoul = 44.42271494  eExcl = -29.14805543  eNucl = -132.15588022  eDisp = 0.00000000
[ERROR] step = 3  engy error = -5.5326570254e-01  grad error =  0.0000000000e+00  dmat error =  4.8757805251e-01
Timer "SCF cycle: 3" used time: 2.099865 s.

[NELEC] step = 4  nelec = 48  neInt = 48.000000  dnelc =  5.5422333389e-13
[ENERG] step = 4  eTotl = -180.89549311  eCore = -63.24722787  eCoul = 43.27564986  eExcl = -28.76803487  eNucl = -132.15588022  eDisp = 0.00000000
[ERROR] step = 4  engy error = -3.0772562455e-02  grad error =  0.0000000000e+00  dmat error =  1.2722546685e-01
Timer "SCF cycle: 4" used time: 2.120592 s.

[NELEC] step = 5  nelec = 48  neInt = 48.000000  dnelc =  4.1211478674e-13
[ENERG] step = 5  eTotl = -180.89888331  eCore = -62.55610888  eCoul = 42.58277772  eExcl = -28.76967193  eNucl = -132.15588022  eDisp = 0.00000000
[ERROR] step = 5  engy error = -3.3902081213e-03  grad error =  0.0000000000e+00  dmat error =  7.9286818849e-02
Timer "SCF cycle: 5" used time: 2.240776 s.

[NELEC] step = 6  nelec = 48  neInt = 48.000000  dnelc =  4.6185277824e-13
[ENERG] step = 6  eTotl = -180.90759870  eCore = -62.72794570  eCoul = 42.72869385  eExcl = -28.75246662  eNucl = -132.15588022  eDisp = 0.00000000
[ERROR] step = 6  engy error = -8.7153827995e-03  grad error =  0.0000000000e+00  dmat error =  2.6614563285e-02
Timer "SCF cycle: 6" used time: 2.383978 s.

[NELEC] step = 7  nelec = 48  neInt = 48.000000  dnelc =  4.7606363296e-13
[ENERG] step = 7  eTotl = -180.90824433  eCore = -62.78975456  eCoul = 42.79050365  eExcl = -28.75311321  eNucl = -132.15588022  eDisp = 0.00000000
[ERROR] step = 7  engy error = -6.4563219351e-04  grad error =  0.0000000000e+00  dmat error =  6.8880463073e-03
Timer "SCF cycle: 7" used time: 2.456082 s.

[NELEC] step = 8  nelec = 48  neInt = 48.000000  dnelc =  4.7606363296e-13
[ENERG] step = 8  eTotl = -180.90831837  eCore = -62.81039608  eCoul = 42.81110727  eExcl = -28.75314933  eNucl = -132.15588022  eDisp = 0.00000000
[ERROR] step = 8  engy error = -7.4040147155e-05  grad error =  0.0000000000e+00  dmat error =  2.4310127745e-03
Timer "SCF cycle: 8" used time: 2.713713 s.

[NELEC] step = 9  nelec = 48  neInt = 48.000000  dnelc =  4.8316906032e-13
[ENERG] step = 9  eTotl = -180.90832542  eCore = -62.82250635  eCoul = 42.82267199  eExcl = -28.75261084  eNucl = -132.15588022  eDisp = 0.00000000
[ERROR] step = 9  engy error = -7.0479426597e-06  grad error =  0.0000000000e+00  dmat error =  1.7236830097e-03
Timer "SCF cycle: 9" used time: 2.882062 s.

[NELEC] step = 10  nelec = 48  neInt = 48.000000  dnelc =  4.7606363296e-13
[ENERG] step = 10  eTotl = -180.90832672  eCore = -62.82067883  eCoul = 42.82100235  eExcl = -28.75277002  eNucl = -132.15588022  eDisp = 0.00000000
[ERROR] step = 10  engy error = -1.3031678918e-06  grad error =  0.0000000000e+00  dmat error =  2.8430998451e-04
Timer "SCF cycle: 10" used time: 2.994143 s.

[NELEC] step = 11  nelec = 48  neInt = 48.000000  dnelc =  4.8316906032e-13
[ENERG] step = 11  eTotl = -180.90832699  eCore = -62.81894878  eCoul = 42.81926084  eExcl = -28.75275883  eNucl = -132.15588022  eDisp = 0.00000000
[ERROR] step = 11  engy error = -2.7272960779e-07  grad error =  0.0000000000e+00  dmat error =  1.9931490248e-04
SCF converged in 11 steps.
[SMEAR] electronic entropic energy =    -0.00000000000000
[SMEAR] free energy (E + (-TS))    =  -180.90832699319230

  Band Gap Analysis (per k-point)
  k-pt    spin         HOMO (eV)       LUMO (eV)        Gap (eV)
  -----------------------------------------------------------
  0       0             9.191071       10.981265        1.790194
  1       0             9.037336       11.381480        2.344145
  2       0             8.218197       11.482180        3.263983
  3       0             7.740344       12.114016        4.373671
  4       0             8.218197       11.482180        3.263983
  5       0             9.037336       11.381480        2.344145
  6       0             8.959180       11.290927        2.331747
  7       0             8.824547       11.498439        2.673893
  8       0             8.412970       11.239795        2.826825
  9       0             7.561154       11.588267        4.027113
  10      0             8.412970       11.239795        2.826825
  11      0             8.824547       11.498439        2.673893
  12      0             8.446907       11.681799        3.234892
  13      0             8.480860       11.811917        3.331057
  14      0             8.176168       11.405745        3.229577
  15      0             8.167781       11.033130        2.865350
  16      0             8.176168       11.405745        3.229577
  17      0             8.480860       11.811917        3.331057
  18      0             8.959180       11.290927        2.331747
  19      0             8.824547       11.498439        2.673893
  20      0             8.412970       11.239795        2.826825
  21      0             7.561154       11.588267        4.027113
  22      0             8.412970       11.239795        2.826825
  23      0             8.824547       11.498439        2.673893
  24      0             8.959180       11.290927        2.331747
  25      0             8.824547       11.498439        2.673893
  26      0             8.412970       11.239795        2.826825
  27      0             7.561154       11.588267        4.027113
  28      0             8.412970       11.239795        2.826825
  29      0             8.824547       11.498439        2.673893
  30      0             8.776462       11.058889        2.282427
  31      0             8.513279       11.468625        2.955346
  32      0             8.487266       11.236567        2.749302
  33      0             8.001774       11.232171        3.230397
  34      0             8.487266       11.236567        2.749302
  35      0             8.513279       11.468625        2.955346
  36      0             8.087524       11.400521        3.312997
  37      0             8.067585       11.715844        3.648260
  38      0             8.217089       11.609714        3.392625
  39      0             8.306787       11.304099        2.997313
  40      0             8.217089       11.609714        3.392625
  41      0             8.067585       11.715844        3.648260
  42      0             8.776414       11.058812        2.282398
  43      0             8.513280       11.468530        2.955250
  44      0             8.487252       11.236459        2.749208
  45      0             8.001732       11.231988        3.230256
  46      0             8.487252       11.236459        2.749208
  47      0             8.513280       11.468530        2.955250
  48      0             8.446907       11.681799        3.234892
  49      0             8.480860       11.811917        3.331057
  50      0             8.176168       11.405745        3.229577
  51      0             8.167781       11.033130        2.865350
  52      0             8.176168       11.405745        3.229577
  53      0             8.480860       11.811917        3.331057
  54      0             8.087524       11.400521        3.312997
  55      0             8.067585       11.715844        3.648260
  56      0             8.217089       11.609714        3.392625
  57      0             8.306787       11.304099        2.997313
  58      0             8.217089       11.609714        3.392625
  59      0             8.067585       11.715844        3.648260
  60      0             8.090049       11.019720        2.929671
  61      0             7.729338       11.469131        3.739793
  62      0             8.177068       12.065982        3.888914
  63      0             8.499680       11.740431        3.240751
  64      0             8.177068       12.065982        3.888914
  65      0             7.729338       11.469131        3.739793
  66      0             8.087524       11.400521        3.312997
  67      0             8.067585       11.715844        3.648260
  68      0             8.217089       11.609714        3.392625
  69      0             8.306787       11.304099        2.997313
  70      0             8.217089       11.609714        3.392625
  71      0             8.067585       11.715844        3.648260
  72      0             8.959180       11.290927        2.331747
  73      0             8.824547       11.498439        2.673893
  74      0             8.412970       11.239795        2.826825
  75      0             7.561154       11.588267        4.027113
  76      0             8.412970       11.239795        2.826825
  77      0             8.824547       11.498439        2.673893
  78      0             8.776414       11.058812        2.282398
  79      0             8.513280       11.468530        2.955250
  80      0             8.487252       11.236459        2.749208
  81      0             8.001732       11.231988        3.230256
  82      0             8.487252       11.236459        2.749208
  83      0             8.513280       11.468530        2.955250
  84      0             8.087524       11.400521        3.312997
  85      0             8.067585       11.715844        3.648260
  86      0             8.217089       11.609714        3.392625
  87      0             8.306787       11.304099        2.997313
  88      0             8.217089       11.609714        3.392625
  89      0             8.067585       11.715844        3.648260
  90      0             8.776462       11.058889        2.282427
  91      0             8.513279       11.468625        2.955346
  92      0             8.487266       11.236567        2.749302
  93      0             8.001774       11.232171        3.230397
  94      0             8.487266       11.236567        2.749302
  95      0             8.513279       11.468625        2.955346
  -----------------------------------------------------------
  VBM =       9.191071 eV    CBM =      10.981265 eV    Band Gap =       1.790194 eV

Kylin-PBC Done.
Timer "Kylin-PBC main" used time: 33.02493 s.
