#INFO: **** input file is /home/rudin/code/kylin-pbc/art/example/extern/Si128-PBE-gamma-pyscf-FFTDF/run-pyscf.py ****
#!/usr/bin/env python3
# PySCF input for Si128-PBE-gamma (external benchmark)
# Engine: FFTDF (default with_df); basis/pseudo match kylin & CP2K.
import time, os
import pyscf.pbc.gto as pbcgto
import pyscf.pbc.dft as pbcdft

tic = time.time()

cell = pbcgto.Cell()
cell.a = """
       21.7240000000     0.0000000000     0.0000000000
        0.0000000000    10.8620000000     0.0000000000
        0.0000000000     0.0000000000    10.8620000000
"""
cell.atom = """
    Si      0.0000000000     0.0000000000     0.0000000000
    Si      0.0000000000     2.7155000000     2.7155000000
    Si      2.7155000000     0.0000000000     2.7155000000
    Si      2.7155000000     2.7155000000     0.0000000000
    Si      1.3577500000     1.3577500000     1.3577500000
    Si      1.3577500000     4.0732500000     4.0732500000
    Si      4.0732500000     1.3577500000     4.0732500000
    Si      4.0732500000     4.0732500000     1.3577500000
    Si      0.0000000000     0.0000000000     5.4310000000
    Si      0.0000000000     2.7155000000     8.1465000000
    Si      2.7155000000     0.0000000000     8.1465000000
    Si      2.7155000000     2.7155000000     5.4310000000
    Si      1.3577500000     1.3577500000     6.7887500000
    Si      1.3577500000     4.0732500000     9.5042500000
    Si      4.0732500000     1.3577500000     9.5042500000
    Si      4.0732500000     4.0732500000     6.7887500000
    Si      0.0000000000     5.4310000000     0.0000000000
    Si      0.0000000000     8.1465000000     2.7155000000
    Si      2.7155000000     5.4310000000     2.7155000000
    Si      2.7155000000     8.1465000000     0.0000000000
    Si      1.3577500000     6.7887500000     1.3577500000
    Si      1.3577500000     9.5042500000     4.0732500000
    Si      4.0732500000     6.7887500000     4.0732500000
    Si      4.0732500000     9.5042500000     1.3577500000
    Si      0.0000000000     5.4310000000     5.4310000000
    Si      0.0000000000     8.1465000000     8.1465000000
    Si      2.7155000000     5.4310000000     8.1465000000
    Si      2.7155000000     8.1465000000     5.4310000000
    Si      1.3577500000     6.7887500000     6.7887500000
    Si      1.3577500000     9.5042500000     9.5042500000
    Si      4.0732500000     6.7887500000     9.5042500000
    Si      4.0732500000     9.5042500000     6.7887500000
    Si      5.4310000000     0.0000000000     0.0000000000
    Si      5.4310000000     2.7155000000     2.7155000000
    Si      8.1465000000     0.0000000000     2.7155000000
    Si      8.1465000000     2.7155000000     0.0000000000
    Si      6.7887500000     1.3577500000     1.3577500000
    Si      6.7887500000     4.0732500000     4.0732500000
    Si      9.5042500000     1.3577500000     4.0732500000
    Si      9.5042500000     4.0732500000     1.3577500000
    Si      5.4310000000     0.0000000000     5.4310000000
    Si      5.4310000000     2.7155000000     8.1465000000
    Si      8.1465000000     0.0000000000     8.1465000000
    Si      8.1465000000     2.7155000000     5.4310000000
    Si      6.7887500000     1.3577500000     6.7887500000
    Si      6.7887500000     4.0732500000     9.5042500000
    Si      9.5042500000     1.3577500000     9.5042500000
    Si      9.5042500000     4.0732500000     6.7887500000
    Si      5.4310000000     5.4310000000     0.0000000000
    Si      5.4310000000     8.1465000000     2.7155000000
    Si      8.1465000000     5.4310000000     2.7155000000
    Si      8.1465000000     8.1465000000     0.0000000000
    Si      6.7887500000     6.7887500000     1.3577500000
    Si      6.7887500000     9.5042500000     4.0732500000
    Si      9.5042500000     6.7887500000     4.0732500000
    Si      9.5042500000     9.5042500000     1.3577500000
    Si      5.4310000000     5.4310000000     5.4310000000
    Si      5.4310000000     8.1465000000     8.1465000000
    Si      8.1465000000     5.4310000000     8.1465000000
    Si      8.1465000000     8.1465000000     5.4310000000
    Si      6.7887500000     6.7887500000     6.7887500000
    Si      6.7887500000     9.5042500000     9.5042500000
    Si      9.5042500000     6.7887500000     9.5042500000
    Si      9.5042500000     9.5042500000     6.7887500000
    Si     10.8620000000     0.0000000000     0.0000000000
    Si     10.8620000000     2.7155000000     2.7155000000
    Si     13.5775000000     0.0000000000     2.7155000000
    Si     13.5775000000     2.7155000000     0.0000000000
    Si     12.2197500000     1.3577500000     1.3577500000
    Si     12.2197500000     4.0732500000     4.0732500000
    Si     14.9352500000     1.3577500000     4.0732500000
    Si     14.9352500000     4.0732500000     1.3577500000
    Si     10.8620000000     0.0000000000     5.4310000000
    Si     10.8620000000     2.7155000000     8.1465000000
    Si     13.5775000000     0.0000000000     8.1465000000
    Si     13.5775000000     2.7155000000     5.4310000000
    Si     12.2197500000     1.3577500000     6.7887500000
    Si     12.2197500000     4.0732500000     9.5042500000
    Si     14.9352500000     1.3577500000     9.5042500000
    Si     14.9352500000     4.0732500000     6.7887500000
    Si     10.8620000000     5.4310000000     0.0000000000
    Si     10.8620000000     8.1465000000     2.7155000000
    Si     13.5775000000     5.4310000000     2.7155000000
    Si     13.5775000000     8.1465000000     0.0000000000
    Si     12.2197500000     6.7887500000     1.3577500000
    Si     12.2197500000     9.5042500000     4.0732500000
    Si     14.9352500000     6.7887500000     4.0732500000
    Si     14.9352500000     9.5042500000     1.3577500000
    Si     10.8620000000     5.4310000000     5.4310000000
    Si     10.8620000000     8.1465000000     8.1465000000
    Si     13.5775000000     5.4310000000     8.1465000000
    Si     13.5775000000     8.1465000000     5.4310000000
    Si     12.2197500000     6.7887500000     6.7887500000
    Si     12.2197500000     9.5042500000     9.5042500000
    Si     14.9352500000     6.7887500000     9.5042500000
    Si     14.9352500000     9.5042500000     6.7887500000
    Si     16.2930000000     0.0000000000     0.0000000000
    Si     16.2930000000     2.7155000000     2.7155000000
    Si     19.0085000000     0.0000000000     2.7155000000
    Si     19.0085000000     2.7155000000     0.0000000000
    Si     17.6507500000     1.3577500000     1.3577500000
    Si     17.6507500000     4.0732500000     4.0732500000
    Si     20.3662500000     1.3577500000     4.0732500000
    Si     20.3662500000     4.0732500000     1.3577500000
    Si     16.2930000000     0.0000000000     5.4310000000
    Si     16.2930000000     2.7155000000     8.1465000000
    Si     19.0085000000     0.0000000000     8.1465000000
    Si     19.0085000000     2.7155000000     5.4310000000
    Si     17.6507500000     1.3577500000     6.7887500000
    Si     17.6507500000     4.0732500000     9.5042500000
    Si     20.3662500000     1.3577500000     9.5042500000
    Si     20.3662500000     4.0732500000     6.7887500000
    Si     16.2930000000     5.4310000000     0.0000000000
    Si     16.2930000000     8.1465000000     2.7155000000
    Si     19.0085000000     5.4310000000     2.7155000000
    Si     19.0085000000     8.1465000000     0.0000000000
    Si     17.6507500000     6.7887500000     1.3577500000
    Si     17.6507500000     9.5042500000     4.0732500000
    Si     20.3662500000     6.7887500000     4.0732500000
    Si     20.3662500000     9.5042500000     1.3577500000
    Si     16.2930000000     5.4310000000     5.4310000000
    Si     16.2930000000     8.1465000000     8.1465000000
    Si     19.0085000000     5.4310000000     8.1465000000
    Si     19.0085000000     8.1465000000     5.4310000000
    Si     17.6507500000     6.7887500000     6.7887500000
    Si     17.6507500000     9.5042500000     9.5042500000
    Si     20.3662500000     6.7887500000     9.5042500000
    Si     20.3662500000     9.5042500000     6.7887500000
"""
cell.basis = "gth-dzvp-molopt-sr"
cell.pseudo = "gth-pbe"
cell.unit = "A"
cell.precision = 1e-8      # PySCF default: its natural cell.mesh == Kylin natural mesh
cell.verbose = 4
cell.build()

# Match Kylin SCF.gmesh = 0.6 : scale the natural (estimate_ke_cutoff) FFT mesh
# by 0.6. Kylin's natural mesh equals PySCF's default cell.mesh (verified in
# test_basis_utility.cpp::TestGetCellGmesh), so this gives the same coarse grid
# and keeps the 128-atom FFTDF (esp. HSE06 exact exchange) tractable.
cell.mesh = [max(1, int(round(n * 0.6))) for n in cell.mesh]
cell.build()
print("FFT mesh (gmesh=0.6) =", cell.mesh)

kpts = cell.make_kpts([1, 1, 1])
kmf = pbcdft.KRKS(cell, kpts)
kmf.xc = "PBE"
kmf.max_cycle = 200
kmf.conv_tol = 1e-7
etot = kmf.kernel()
print("E_tot (Ha) =", etot)

# approximate band gap from k-point eigenvalues
try:
    homo = max(kmf.mo_energy[i][kmf.mo_occ[i] > 0].max() for i in range(len(kpts)))
    lumo = min(kmf.mo_energy[i][kmf.mo_occ[i] == 0].min() for i in range(len(kpts)))
    print("Band gap (eV) =", (lumo - homo) * 27.211386245988)
except Exception as ex:
    print("gap calc skipped:", ex)

print("wall time (s):", time.time() - tic)
print("OMP_NUM_THREADS:", os.getenv("OMP_NUM_THREADS", "not set"))
#INFO: ******************** input file end ********************


System: uname_result(system='Linux', node='cu04', release='5.15.0-139-generic', version='#149-Ubuntu SMP Fri Apr 11 22:06:13 UTC 2025', machine='x86_64')  Threads 32
Python 3.12.7 | packaged by Anaconda, Inc. | (main, Oct  4 2024, 13:27:36) [GCC 11.2.0]
numpy 2.4.2  scipy 1.17.0  h5py 3.15.1
Date: Thu Jun 25 10:43:11 2026
PySCF version 2.12.0
PySCF path  /software/Applications/pyscf/pyscf-2.12.0/pyscf

[CONFIG] conf_file None
[INPUT] verbose = 4
[INPUT] num. atoms = 128
[INPUT] num. electrons = 512
[INPUT] charge = 0
[INPUT] spin (= nelec alpha-beta = 2S) = 0
[INPUT] symmetry False subgroup None
[INPUT] Mole.unit = A
[INPUT] Symbol           X                Y                Z      unit          X                Y                Z       unit  Magmom
[INPUT]  1 Si     0.000000000000   0.000000000000   0.000000000000 AA    0.000000000000   0.000000000000   0.000000000000 Bohr   0.0
[INPUT]  2 Si     0.000000000000   2.715500000000   2.715500000000 AA    0.000000000000   5.131551291256   5.131551291256 Bohr   0.0
[INPUT]  3 Si     2.715500000000   0.000000000000   2.715500000000 AA    5.131551291256   0.000000000000   5.131551291256 Bohr   0.0
[INPUT]  4 Si     2.715500000000   2.715500000000   0.000000000000 AA    5.131551291256   5.131551291256   0.000000000000 Bohr   0.0
[INPUT]  5 Si     1.357750000000   1.357750000000   1.357750000000 AA    2.565775645628   2.565775645628   2.565775645628 Bohr   0.0
[INPUT]  6 Si     1.357750000000   4.073250000000   4.073250000000 AA    2.565775645628   7.697326936885   7.697326936885 Bohr   0.0
[INPUT]  7 Si     4.073250000000   1.357750000000   4.073250000000 AA    7.697326936885   2.565775645628   7.697326936885 Bohr   0.0
[INPUT]  8 Si     4.073250000000   4.073250000000   1.357750000000 AA    7.697326936885   7.697326936885   2.565775645628 Bohr   0.0
[INPUT]  9 Si     0.000000000000   0.000000000000   5.431000000000 AA    0.000000000000   0.000000000000  10.263102582513 Bohr   0.0
[INPUT] 10 Si     0.000000000000   2.715500000000   8.146500000000 AA    0.000000000000   5.131551291256  15.394653873769 Bohr   0.0
[INPUT] 11 Si     2.715500000000   0.000000000000   8.146500000000 AA    5.131551291256   0.000000000000  15.394653873769 Bohr   0.0
[INPUT] 12 Si     2.715500000000   2.715500000000   5.431000000000 AA    5.131551291256   5.131551291256  10.263102582513 Bohr   0.0
[INPUT] 13 Si     1.357750000000   1.357750000000   6.788750000000 AA    2.565775645628   2.565775645628  12.828878228141 Bohr   0.0
[INPUT] 14 Si     1.357750000000   4.073250000000   9.504250000000 AA    2.565775645628   7.697326936885  17.960429519397 Bohr   0.0
[INPUT] 15 Si     4.073250000000   1.357750000000   9.504250000000 AA    7.697326936885   2.565775645628  17.960429519397 Bohr   0.0
[INPUT] 16 Si     4.073250000000   4.073250000000   6.788750000000 AA    7.697326936885   7.697326936885  12.828878228141 Bohr   0.0
[INPUT] 17 Si     0.000000000000   5.431000000000   0.000000000000 AA    0.000000000000  10.263102582513   0.000000000000 Bohr   0.0
[INPUT] 18 Si     0.000000000000   8.146500000000   2.715500000000 AA    0.000000000000  15.394653873769   5.131551291256 Bohr   0.0
[INPUT] 19 Si     2.715500000000   5.431000000000   2.715500000000 AA    5.131551291256  10.263102582513   5.131551291256 Bohr   0.0
[INPUT] 20 Si     2.715500000000   8.146500000000   0.000000000000 AA    5.131551291256  15.394653873769   0.000000000000 Bohr   0.0
[INPUT] 21 Si     1.357750000000   6.788750000000   1.357750000000 AA    2.565775645628  12.828878228141   2.565775645628 Bohr   0.0
[INPUT] 22 Si     1.357750000000   9.504250000000   4.073250000000 AA    2.565775645628  17.960429519397   7.697326936885 Bohr   0.0
[INPUT] 23 Si     4.073250000000   6.788750000000   4.073250000000 AA    7.697326936885  12.828878228141   7.697326936885 Bohr   0.0
[INPUT] 24 Si     4.073250000000   9.504250000000   1.357750000000 AA    7.697326936885  17.960429519397   2.565775645628 Bohr   0.0
[INPUT] 25 Si     0.000000000000   5.431000000000   5.431000000000 AA    0.000000000000  10.263102582513  10.263102582513 Bohr   0.0
[INPUT] 26 Si     0.000000000000   8.146500000000   8.146500000000 AA    0.000000000000  15.394653873769  15.394653873769 Bohr   0.0
[INPUT] 27 Si     2.715500000000   5.431000000000   8.146500000000 AA    5.131551291256  10.263102582513  15.394653873769 Bohr   0.0
[INPUT] 28 Si     2.715500000000   8.146500000000   5.431000000000 AA    5.131551291256  15.394653873769  10.263102582513 Bohr   0.0
[INPUT] 29 Si     1.357750000000   6.788750000000   6.788750000000 AA    2.565775645628  12.828878228141  12.828878228141 Bohr   0.0
[INPUT] 30 Si     1.357750000000   9.504250000000   9.504250000000 AA    2.565775645628  17.960429519397  17.960429519397 Bohr   0.0
[INPUT] 31 Si     4.073250000000   6.788750000000   9.504250000000 AA    7.697326936885  12.828878228141  17.960429519397 Bohr   0.0
[INPUT] 32 Si     4.073250000000   9.504250000000   6.788750000000 AA    7.697326936885  17.960429519397  12.828878228141 Bohr   0.0
[INPUT] 33 Si     5.431000000000   0.000000000000   0.000000000000 AA   10.263102582513   0.000000000000   0.000000000000 Bohr   0.0
[INPUT] 34 Si     5.431000000000   2.715500000000   2.715500000000 AA   10.263102582513   5.131551291256   5.131551291256 Bohr   0.0
[INPUT] 35 Si     8.146500000000   0.000000000000   2.715500000000 AA   15.394653873769   0.000000000000   5.131551291256 Bohr   0.0
[INPUT] 36 Si     8.146500000000   2.715500000000   0.000000000000 AA   15.394653873769   5.131551291256   0.000000000000 Bohr   0.0
[INPUT] 37 Si     6.788750000000   1.357750000000   1.357750000000 AA   12.828878228141   2.565775645628   2.565775645628 Bohr   0.0
[INPUT] 38 Si     6.788750000000   4.073250000000   4.073250000000 AA   12.828878228141   7.697326936885   7.697326936885 Bohr   0.0
[INPUT] 39 Si     9.504250000000   1.357750000000   4.073250000000 AA   17.960429519397   2.565775645628   7.697326936885 Bohr   0.0
[INPUT] 40 Si     9.504250000000   4.073250000000   1.357750000000 AA   17.960429519397   7.697326936885   2.565775645628 Bohr   0.0
[INPUT] 41 Si     5.431000000000   0.000000000000   5.431000000000 AA   10.263102582513   0.000000000000  10.263102582513 Bohr   0.0
[INPUT] 42 Si     5.431000000000   2.715500000000   8.146500000000 AA   10.263102582513   5.131551291256  15.394653873769 Bohr   0.0
[INPUT] 43 Si     8.146500000000   0.000000000000   8.146500000000 AA   15.394653873769   0.000000000000  15.394653873769 Bohr   0.0
[INPUT] 44 Si     8.146500000000   2.715500000000   5.431000000000 AA   15.394653873769   5.131551291256  10.263102582513 Bohr   0.0
[INPUT] 45 Si     6.788750000000   1.357750000000   6.788750000000 AA   12.828878228141   2.565775645628  12.828878228141 Bohr   0.0
[INPUT] 46 Si     6.788750000000   4.073250000000   9.504250000000 AA   12.828878228141   7.697326936885  17.960429519397 Bohr   0.0
[INPUT] 47 Si     9.504250000000   1.357750000000   9.504250000000 AA   17.960429519397   2.565775645628  17.960429519397 Bohr   0.0
[INPUT] 48 Si     9.504250000000   4.073250000000   6.788750000000 AA   17.960429519397   7.697326936885  12.828878228141 Bohr   0.0
[INPUT] 49 Si     5.431000000000   5.431000000000   0.000000000000 AA   10.263102582513  10.263102582513   0.000000000000 Bohr   0.0
[INPUT] 50 Si     5.431000000000   8.146500000000   2.715500000000 AA   10.263102582513  15.394653873769   5.131551291256 Bohr   0.0
[INPUT] 51 Si     8.146500000000   5.431000000000   2.715500000000 AA   15.394653873769  10.263102582513   5.131551291256 Bohr   0.0
[INPUT] 52 Si     8.146500000000   8.146500000000   0.000000000000 AA   15.394653873769  15.394653873769   0.000000000000 Bohr   0.0
[INPUT] 53 Si     6.788750000000   6.788750000000   1.357750000000 AA   12.828878228141  12.828878228141   2.565775645628 Bohr   0.0
[INPUT] 54 Si     6.788750000000   9.504250000000   4.073250000000 AA   12.828878228141  17.960429519397   7.697326936885 Bohr   0.0
[INPUT] 55 Si     9.504250000000   6.788750000000   4.073250000000 AA   17.960429519397  12.828878228141   7.697326936885 Bohr   0.0
[INPUT] 56 Si     9.504250000000   9.504250000000   1.357750000000 AA   17.960429519397  17.960429519397   2.565775645628 Bohr   0.0
[INPUT] 57 Si     5.431000000000   5.431000000000   5.431000000000 AA   10.263102582513  10.263102582513  10.263102582513 Bohr   0.0
[INPUT] 58 Si     5.431000000000   8.146500000000   8.146500000000 AA   10.263102582513  15.394653873769  15.394653873769 Bohr   0.0
[INPUT] 59 Si     8.146500000000   5.431000000000   8.146500000000 AA   15.394653873769  10.263102582513  15.394653873769 Bohr   0.0
[INPUT] 60 Si     8.146500000000   8.146500000000   5.431000000000 AA   15.394653873769  15.394653873769  10.263102582513 Bohr   0.0
[INPUT] 61 Si     6.788750000000   6.788750000000   6.788750000000 AA   12.828878228141  12.828878228141  12.828878228141 Bohr   0.0
[INPUT] 62 Si     6.788750000000   9.504250000000   9.504250000000 AA   12.828878228141  17.960429519397  17.960429519397 Bohr   0.0
[INPUT] 63 Si     9.504250000000   6.788750000000   9.504250000000 AA   17.960429519397  12.828878228141  17.960429519397 Bohr   0.0
[INPUT] 64 Si     9.504250000000   9.504250000000   6.788750000000 AA   17.960429519397  17.960429519397  12.828878228141 Bohr   0.0
[INPUT] 65 Si    10.862000000000   0.000000000000   0.000000000000 AA   20.526205165026   0.000000000000   0.000000000000 Bohr   0.0
[INPUT] 66 Si    10.862000000000   2.715500000000   2.715500000000 AA   20.526205165026   5.131551291256   5.131551291256 Bohr   0.0
[INPUT] 67 Si    13.577500000000   0.000000000000   2.715500000000 AA   25.657756456282   0.000000000000   5.131551291256 Bohr   0.0
[INPUT] 68 Si    13.577500000000   2.715500000000   0.000000000000 AA   25.657756456282   5.131551291256   0.000000000000 Bohr   0.0
[INPUT] 69 Si    12.219750000000   1.357750000000   1.357750000000 AA   23.091980810654   2.565775645628   2.565775645628 Bohr   0.0
[INPUT] 70 Si    12.219750000000   4.073250000000   4.073250000000 AA   23.091980810654   7.697326936885   7.697326936885 Bohr   0.0
[INPUT] 71 Si    14.935250000000   1.357750000000   4.073250000000 AA   28.223532101910   2.565775645628   7.697326936885 Bohr   0.0
[INPUT] 72 Si    14.935250000000   4.073250000000   1.357750000000 AA   28.223532101910   7.697326936885   2.565775645628 Bohr   0.0
[INPUT] 73 Si    10.862000000000   0.000000000000   5.431000000000 AA   20.526205165026   0.000000000000  10.263102582513 Bohr   0.0
[INPUT] 74 Si    10.862000000000   2.715500000000   8.146500000000 AA   20.526205165026   5.131551291256  15.394653873769 Bohr   0.0
[INPUT] 75 Si    13.577500000000   0.000000000000   8.146500000000 AA   25.657756456282   0.000000000000  15.394653873769 Bohr   0.0
[INPUT] 76 Si    13.577500000000   2.715500000000   5.431000000000 AA   25.657756456282   5.131551291256  10.263102582513 Bohr   0.0
[INPUT] 77 Si    12.219750000000   1.357750000000   6.788750000000 AA   23.091980810654   2.565775645628  12.828878228141 Bohr   0.0
[INPUT] 78 Si    12.219750000000   4.073250000000   9.504250000000 AA   23.091980810654   7.697326936885  17.960429519397 Bohr   0.0
[INPUT] 79 Si    14.935250000000   1.357750000000   9.504250000000 AA   28.223532101910   2.565775645628  17.960429519397 Bohr   0.0
[INPUT] 80 Si    14.935250000000   4.073250000000   6.788750000000 AA   28.223532101910   7.697326936885  12.828878228141 Bohr   0.0
[INPUT] 81 Si    10.862000000000   5.431000000000   0.000000000000 AA   20.526205165026  10.263102582513   0.000000000000 Bohr   0.0
[INPUT] 82 Si    10.862000000000   8.146500000000   2.715500000000 AA   20.526205165026  15.394653873769   5.131551291256 Bohr   0.0
[INPUT] 83 Si    13.577500000000   5.431000000000   2.715500000000 AA   25.657756456282  10.263102582513   5.131551291256 Bohr   0.0
[INPUT] 84 Si    13.577500000000   8.146500000000   0.000000000000 AA   25.657756456282  15.394653873769   0.000000000000 Bohr   0.0
[INPUT] 85 Si    12.219750000000   6.788750000000   1.357750000000 AA   23.091980810654  12.828878228141   2.565775645628 Bohr   0.0
[INPUT] 86 Si    12.219750000000   9.504250000000   4.073250000000 AA   23.091980810654  17.960429519397   7.697326936885 Bohr   0.0
[INPUT] 87 Si    14.935250000000   6.788750000000   4.073250000000 AA   28.223532101910  12.828878228141   7.697326936885 Bohr   0.0
[INPUT] 88 Si    14.935250000000   9.504250000000   1.357750000000 AA   28.223532101910  17.960429519397   2.565775645628 Bohr   0.0
[INPUT] 89 Si    10.862000000000   5.431000000000   5.431000000000 AA   20.526205165026  10.263102582513  10.263102582513 Bohr   0.0
[INPUT] 90 Si    10.862000000000   8.146500000000   8.146500000000 AA   20.526205165026  15.394653873769  15.394653873769 Bohr   0.0
[INPUT] 91 Si    13.577500000000   5.431000000000   8.146500000000 AA   25.657756456282  10.263102582513  15.394653873769 Bohr   0.0
[INPUT] 92 Si    13.577500000000   8.146500000000   5.431000000000 AA   25.657756456282  15.394653873769  10.263102582513 Bohr   0.0
[INPUT] 93 Si    12.219750000000   6.788750000000   6.788750000000 AA   23.091980810654  12.828878228141  12.828878228141 Bohr   0.0
[INPUT] 94 Si    12.219750000000   9.504250000000   9.504250000000 AA   23.091980810654  17.960429519397  17.960429519397 Bohr   0.0
[INPUT] 95 Si    14.935250000000   6.788750000000   9.504250000000 AA   28.223532101910  12.828878228141  17.960429519397 Bohr   0.0
[INPUT] 96 Si    14.935250000000   9.504250000000   6.788750000000 AA   28.223532101910  17.960429519397  12.828878228141 Bohr   0.0
[INPUT] 97 Si    16.293000000000   0.000000000000   0.000000000000 AA   30.789307747539   0.000000000000   0.000000000000 Bohr   0.0
[INPUT] 98 Si    16.293000000000   2.715500000000   2.715500000000 AA   30.789307747539   5.131551291256   5.131551291256 Bohr   0.0
[INPUT] 99 Si    19.008500000000   0.000000000000   2.715500000000 AA   35.920859038795   0.000000000000   5.131551291256 Bohr   0.0
[INPUT]100 Si    19.008500000000   2.715500000000   0.000000000000 AA   35.920859038795   5.131551291256   0.000000000000 Bohr   0.0
[INPUT]101 Si    17.650750000000   1.357750000000   1.357750000000 AA   33.355083393167   2.565775645628   2.565775645628 Bohr   0.0
[INPUT]102 Si    17.650750000000   4.073250000000   4.073250000000 AA   33.355083393167   7.697326936885   7.697326936885 Bohr   0.0
[INPUT]103 Si    20.366250000000   1.357750000000   4.073250000000 AA   38.486634684423   2.565775645628   7.697326936885 Bohr   0.0
[INPUT]104 Si    20.366250000000   4.073250000000   1.357750000000 AA   38.486634684423   7.697326936885   2.565775645628 Bohr   0.0
[INPUT]105 Si    16.293000000000   0.000000000000   5.431000000000 AA   30.789307747539   0.000000000000  10.263102582513 Bohr   0.0
[INPUT]106 Si    16.293000000000   2.715500000000   8.146500000000 AA   30.789307747539   5.131551291256  15.394653873769 Bohr   0.0
[INPUT]107 Si    19.008500000000   0.000000000000   8.146500000000 AA   35.920859038795   0.000000000000  15.394653873769 Bohr   0.0
[INPUT]108 Si    19.008500000000   2.715500000000   5.431000000000 AA   35.920859038795   5.131551291256  10.263102582513 Bohr   0.0
[INPUT]109 Si    17.650750000000   1.357750000000   6.788750000000 AA   33.355083393167   2.565775645628  12.828878228141 Bohr   0.0
[INPUT]110 Si    17.650750000000   4.073250000000   9.504250000000 AA   33.355083393167   7.697326936885  17.960429519397 Bohr   0.0
[INPUT]111 Si    20.366250000000   1.357750000000   9.504250000000 AA   38.486634684423   2.565775645628  17.960429519397 Bohr   0.0
[INPUT]112 Si    20.366250000000   4.073250000000   6.788750000000 AA   38.486634684423   7.697326936885  12.828878228141 Bohr   0.0
[INPUT]113 Si    16.293000000000   5.431000000000   0.000000000000 AA   30.789307747539  10.263102582513   0.000000000000 Bohr   0.0
[INPUT]114 Si    16.293000000000   8.146500000000   2.715500000000 AA   30.789307747539  15.394653873769   5.131551291256 Bohr   0.0
[INPUT]115 Si    19.008500000000   5.431000000000   2.715500000000 AA   35.920859038795  10.263102582513   5.131551291256 Bohr   0.0
[INPUT]116 Si    19.008500000000   8.146500000000   0.000000000000 AA   35.920859038795  15.394653873769   0.000000000000 Bohr   0.0
[INPUT]117 Si    17.650750000000   6.788750000000   1.357750000000 AA   33.355083393167  12.828878228141   2.565775645628 Bohr   0.0
[INPUT]118 Si    17.650750000000   9.504250000000   4.073250000000 AA   33.355083393167  17.960429519397   7.697326936885 Bohr   0.0
[INPUT]119 Si    20.366250000000   6.788750000000   4.073250000000 AA   38.486634684423  12.828878228141   7.697326936885 Bohr   0.0
[INPUT]120 Si    20.366250000000   9.504250000000   1.357750000000 AA   38.486634684423  17.960429519397   2.565775645628 Bohr   0.0
[INPUT]121 Si    16.293000000000   5.431000000000   5.431000000000 AA   30.789307747539  10.263102582513  10.263102582513 Bohr   0.0
[INPUT]122 Si    16.293000000000   8.146500000000   8.146500000000 AA   30.789307747539  15.394653873769  15.394653873769 Bohr   0.0
[INPUT]123 Si    19.008500000000   5.431000000000   8.146500000000 AA   35.920859038795  10.263102582513  15.394653873769 Bohr   0.0
[INPUT]124 Si    19.008500000000   8.146500000000   5.431000000000 AA   35.920859038795  15.394653873769  10.263102582513 Bohr   0.0
[INPUT]125 Si    17.650750000000   6.788750000000   6.788750000000 AA   33.355083393167  12.828878228141  12.828878228141 Bohr   0.0
[INPUT]126 Si    17.650750000000   9.504250000000   9.504250000000 AA   33.355083393167  17.960429519397  17.960429519397 Bohr   0.0
[INPUT]127 Si    20.366250000000   6.788750000000   9.504250000000 AA   38.486634684423  12.828878228141  17.960429519397 Bohr   0.0
[INPUT]128 Si    20.366250000000   9.504250000000   6.788750000000 AA   38.486634684423  17.960429519397  12.828878228141 Bohr   0.0

nuclear repulsion = -537.46721840236
number of shells = 384
number of NR pGTOs = 4608
number of NR cGTOs = 1664
basis = gth-dzvp-molopt-sr
ecp = {}
CPU time:         6.91
lattice vectors  a1 [41.052410330, 0.000000000, 0.000000000]
                 a2 [0.000000000, 20.526205165, 0.000000000]
                 a3 [0.000000000, 0.000000000, 20.526205165]
dimension = 3
low_dim_ft_type = None
Cell volume = 17296.4
rcut = 26.387083439391 (nimgs = [1 2 2])
precision = 1e-08
pseudo = gth-pbe
ke_cutoff = 145.26285177179375
    = [225 113 113] mesh (2873025 PWs)
FFT mesh (gmesh=0.6) = [135, 68, 68]


******** <class 'pyscf.pbc.dft.krks.KRKS'> ********
method = KRKS
initial guess = minao
damping factor = 0
level_shift factor = 0
DIIS = <class 'pyscf.scf.diis.CDIIS'>
diis_start_cycle = 1
diis_space = 8
diis_damp = 0
SCF conv_tol = 1e-07
SCF conv_tol_grad = None
SCF max_cycles = 200
direct_scf = True
direct_scf_tol = 1e-13
chkfile to save SCF result = /tmp/tmpwzld2f9u
max_memory 4000 MB (current use 129 MB)


******** PBC SCF flags ********
N kpts = 1
Exchange divergence treatment (exxdiv) = ewald
    madelung (= occupied orbital energy shift) = 0.08797738285931433
    Total energy shift due to Ewald probe charge = -1/2 * Nelec*madelung = -22.522210012
DF object = <pyscf.pbc.df.fft.FFTDF object at 0x7f55b4e61a30>
XC functionals = PBE
small_rho_cutoff = 1e-07
Uniform grid, mesh = [135, 68, 68]
Set gradient conv threshold to 0.000316228
nelec by numeric integration = 511.99998031113483
init E= -499.196413683628
HOMO = 0.233101586576  LUMO = 0.25435099607
nelec by numeric integration = 512.0000000000033
cycle= 1 E= -503.666741177211  delta_E= -4.47  |g|= 0.122  |ddm|= 19.9
HOMO = 0.227344832559  LUMO = 0.252455595657
nelec by numeric integration = 512.0000000000033
cycle= 2 E= -503.673118869199  delta_E= -0.00638  |g|= 0.0265  |ddm|= 0.326
HOMO = 0.228603740704  LUMO = 0.25301394929
nelec by numeric integration = 512.0000000000032
cycle= 3 E= -503.673502160685  delta_E= -0.000383  |g|= 0.00396  |ddm|= 0.0775
HOMO = 0.22853285908  LUMO = 0.252964856002
nelec by numeric integration = 512.0000000000033
cycle= 4 E= -503.673322421022  delta_E= 0.00018  |g|= 0.0257  |ddm|= 0.0273
HOMO = 0.228525347258  LUMO = 0.252979349132
nelec by numeric integration = 512.0000000000032
cycle= 5 E= -503.673502776387  delta_E= -0.00018  |g|= 0.00386  |ddm|= 0.024
HOMO = 0.228525047469  LUMO = 0.252979553345
nelec by numeric integration = 512.0000000000032
cycle= 6 E= -503.673507455632  delta_E= -4.68e-06  |g|= 0.000252  |ddm|= 0.00419
HOMO = 0.228525002283  LUMO = 0.252979780492
nelec by numeric integration = 512.0000000000031
cycle= 7 E= -503.673507481681  delta_E= -2.6e-08  |g|= 2.61e-05  |ddm|= 0.000489
HOMO = 0.228525022745  LUMO = 0.252979770186
nelec by numeric integration = 512.0000000000034
Extra cycle  E= -503.673507479861  delta_E= 1.82e-09  |g|= 7.19e-05  |ddm|= 0.000146
converged SCF energy = -503.673507479861
E_tot (Ha) = -503.6735074798613
Band gap (eV) = 0.6654475781839456
wall time (s): 445.29135942459106
OMP_NUM_THREADS: 32
