Kylin-PBC: v1.0.0

System time = 2026-09-30 17:26:45

OMP threads = 32

KYLIN_PBC_ROOT = "/home/rudin/code/kylin-pbc"
KYLIN_SCR_PATH = "/tmp"
KYLIN_JOB_PATH = "/home/rudin/tmp-review-r1q4/Si32"

SCF.xcfun                      = HSE06
SCF.basis                      = dzvp-sr
SCF.psudo                      = gth-pbe
SCF.kmesh                      = 1 1 1
SCF.gmesh                      = 5.0e-01
SCF.ispin                      = OFF
SCF.dspin                      = 0
SCF.eps_engy                   = 1.0e-06 [AU]
SCF.eps_grad                   = 1.0e-05 [AU]
SCF.eps_dmat                   = 1.0e-03
SCF.chk_load                   = 
SCF.chk_save                   = 
SCF.scf_guess                  = ATOM
SCF.max_cycle                  = 100
SCF.vdw_method                 = NONE
SCF.coul_method                = MGDF
SCF.xchg_method                = LSDF
SCF.xchg_exxocc                = OFF
SCF.xchg_exxace                = NONE
SCF.xchg_robust                = TILE
SCF.xchg_exxdiv                = EWALD
SCF.xchg_dropG0                = ON
SCF.lsdf_cparam                = 30
SCF.lsdf_mparam                = 5
SCF.lsdf_ipslct                = QRCP
SCF.lsdf_chocut                = 1.0e-08
SCF.lsdf_atmcut                = 2.5e+01
SCF.lsdf_aovcut                = 1.0e-07
SCF.lsdf_swzcut                = 0.0e+00
SCF.lsdf_pnocut                = 0.0e+00
SCF.lsdf_nafcut                = 0.0e+00
SCF.mgdf_ntasks                = 4
SCF.mgdf_kratio                = 3.0e+00
SCF.mgdf_cutoff                = 3.0e+02 [AU]
SCF.mgdf_relcut                = 3.0e+01
SCF.mgdf_prprec                = 1.0e-14
SCF.dmx_mix_method             = NONE
SCF.dmx_mix_start              = 1
SCF.dmx_mix_space              = 8
SCF.dmx_mix_alpha              = 3.0e-01
SCF.rho_mix_method             = NONE
SCF.rho_mix_start              = 1
SCF.rho_mix_space              = 8
SCF.rho_mix_alpha              = 3.0e-01
SCF.hks_mix_method             = BROY
SCF.hks_mix_start              = 1
SCF.hks_mix_space              = 8
SCF.hks_mix_alpha              = 3.0e-01
SCF.damp_factor                = 0.0e+00
SCF.level_shift                = 0.0e+00 [AU]
SCF.smear_method               = NONE
SCF.smear_sigma                = 0.0e+00 [AU]
SCF.soc                        = OFF
SCF.soc_window                 = 1.8e+00 [AU]
SCF.print_bandgap              = OFF
SCF.print_time                 = ON

OPT.opt_method                 = BFGS
OPT.max_cycle                  = 0
OPT.eps_engy                   = 4.0e-06 [AU]
OPT.eps_grad                   = 4.0e-04 [AU]
OPT.trust_limit                = 3.0e-01 [AU]
OPT.damp_factor                = 0.0e+00
OPT.opt_mix_method             = NONE
OPT.opt_mix_start              = 1
OPT.opt_mix_space              = 5
OPT.opt_mix_alpha              = 3.0e-01
OPT.neb_method                 = FIRE
OPT.neb_lclimb                 = ON
OPT.neb_interp                 = IDPP
OPT.neb_nimage                 = 5
OPT.neb_spring                 = 1.0e-02 [AU]
OPT.neb_maxstep                = 7.6e-02 [AU]

PROP.calculation               = NONE
FREQ.freq_method               = FREE2
FREQ.fd_stepsize               = 2.8e-02 [AU]
DOS.dos_method                 = GAUSS
DOS.dos_sigma                  = 3.7e-03 [AU]
DOS.dos_npoint                 = 1001
DOS.dos_emin                   = 0.0e+00 [AU]
DOS.dos_emax                   = 0.0e+00 [AU]

OPT.mdx_ensemble               = NVE
OPT.mdx_thermostat             = NHC
OPT.mdx_max_step               = 0
OPT.mdx_timestep               = 4.0e+01 [AU]
OPT.mdx_temperature            = 9.5e-04 [AU]
OPT.mdx_pressure               = 0.0e+00 [AU]
OPT.mdx_thermo_tau             = 4.0e+03 [AU]
OPT.mdx_baro_tau               = 2.0e+04 [AU]
OPT.mdx_nhc_length             = 3
OPT.mdx_nhc_mts                = 3
OPT.mdx_constraint             = OFF
OPT.mdx_constraint_tol         = 1.0e-10
OPT.mdx_rng_seed               = 42

K-points mesh = 1 1 1

xc functional: "HSE06"
is hybrid: YES
HFX coeff: 0.25

Basis Set Name: "dzvp-sr"
number of shell = 96
number of basis = 416
gmesh = 57 57 29

Pseudopotential Name: "gth-pbe"
number of valence electron = 128

SCF Calculation.
Gamma point
[LSDF] gmesh = (57, 57, 29), ngrid = 94221, naofn = 416, natom = 32
Timer "[LSDF] Voronoi partition" used time: 0.002964 s.
Timer "[LSDF] AO evaluation + screening" used time: 0.295853 s.
[LSDF] IP method: randomized QRCP (c=30, m=5)
[LSDF] total IPs selected: 12640 (13.4153% of grid)
Timer "[LSDF] IP selection" used time: 0.274172 s.
Timer "[LSDF] aux basis fitting" used time: 0.118576 s.
[LSDF] Step 5 diagnostics: natom=32, ngrid=94221, naux_total=12640
[LSDF]   OMP threads=32, MKL threads=32
[LSDF]   Vmat_loc total size: 12640 x 94221 = 8.87 GB
Timer "[LSDF]   5a Vmat_loc alloc+FFT" used time: 0.881946 s.
[LSDF]   W size: 12640 x 12640 = 1218.95 MB, max_npart=3070
Timer "[LSDF]   5b W construction (DGEMM)" used time: 0.306047 s.
Timer "[LSDF]   5c Wmat symmetrize" used time: 0.057947 s.
[LSDF]   5e Vatm_nby tile extraction starting... (robust_mode=TILE)
[LSDF]   Vatm_nby: range_sep=true
[LSDF]     Vatm_nby tile: 10/32 atoms, cumul 2.77 GB
[LSDF]     Vatm_nby tile: 20/32 atoms, cumul 5.56 GB
[LSDF]     Vatm_nby tile: 30/32 atoms, cumul 8.32 GB
[LSDF]     Vatm_nby tile: 32/32 atoms, cumul 8.87 GB
[LSDF]   Vatm_nby total tile memory: 8.87 GB
Timer "[LSDF]   5e Vatm_nby tile extraction" used time: 0.439324 s.
Timer "[LSDF] V/W construction" used time: 2.097533 s.
Timer "SCF::update_rhoR" used time: 0.360581 s.
Timer "SCF::update_rhoG" used time: 0.080377 s.
Timer "SCF::update_epsv" used time: 1.259853 s.
Timer "SCF::update_vhxc" used time: 0.340509 s.
[LSDF] xchg phases: A=0.012 s, B(K_W)=0.103 s, C(K_V)=1.385 s, E(reduce)=0.003 s
Timer "SCF::update_xchg" used time: 1.506834 s.
Timer "SCF::update_engy" used time: 0.004719 s.
[NELEC] step = 0  nelec = 128  neInt = 128.000000  dnelc =  3.1462832339e-11
[ENERG] step = 0  eTotl = -125.09817020  eCore = 39.25012892  eCoul = 9.25646981  eExcl = -39.23796442  eNucl = -134.36680451  eDisp = 0.00000000
[ERROR] step = 0  engy error =  0.0000000000e+00  grad error =  0.0000000000e+00  dmat error =  0.0000000000e+00
Timer "SCF cycle: 0" used time: 3.669493 s.

Timer "SCF::solve_eigen" used time: 0.028165 s.
Timer "SCF::update_rhoR" used time: 0.382268 s.
Timer "SCF::update_rhoG" used time: 0.071301 s.
Timer "SCF::update_rhoG" used time: 0.065441 s.
Timer "SCF::update_epsv" used time: 1.244307 s.
Timer "SCF::update_vhxc" used time: 0.329908 s.
[LSDF] xchg phases: A=0.002 s, B(K_W)=0.102 s, C(K_V)=0.888 s, E(reduce)=0.002 s
Timer "SCF::update_xchg" used time: 0.994710 s.
Timer "SCF::update_engy" used time: 0.002381 s.
[NELEC] step = 1  nelec = 128  neInt = 128.000000  dnelc = -4.0600411921e-11
[ENERG] step = 1  eTotl = -125.89682974  eCore = 38.50405008  eCoul = 8.55888274  eExcl = -38.59295806  eNucl = -134.36680451  eDisp = 0.00000000
[ERROR] step = 1  engy error = -7.9865954676e-01  grad error =  0.0000000000e+00  dmat error =  1.1176290430e+00
Timer "SCF cycle: 1" used time: 3.202265 s.

Timer "SCF::solve_eigen" used time: 0.026544 s.
Timer "SCF::update_rhoR" used time: 0.344306 s.
Timer "SCF::update_rhoG" used time: 0.065780 s.
Timer "SCF::update_rhoG" used time: 0.065315 s.
Timer "SCF::update_epsv" used time: 1.236580 s.
Timer "SCF::update_vhxc" used time: 0.327299 s.
[LSDF] xchg phases: A=0.002 s, B(K_W)=0.103 s, C(K_V)=0.887 s, E(reduce)=0.002 s
Timer "SCF::update_xchg" used time: 0.994400 s.
Timer "SCF::update_engy" used time: 0.002447 s.
[NELEC] step = 2  nelec = 128  neInt = 128.000000  dnelc = -3.9506176108e-11
[ENERG] step = 2  eTotl = -125.90951533  eCore = 38.43962617  eCoul = 8.66243840  eExcl = -38.64477539  eNucl = -134.36680451  eDisp = 0.00000000
[ERROR] step = 2  engy error = -1.2685588553e-02  grad error =  0.0000000000e+00  dmat error =  1.6307738519e-02
Timer "SCF cycle: 2" used time: 3.148593 s.

Timer "SCF::solve_eigen" used time: 0.029829 s.
Timer "SCF::update_rhoR" used time: 0.344084 s.
Timer "SCF::update_rhoG" used time: 0.065298 s.
Timer "SCF::update_rhoG" used time: 0.065709 s.
Timer "SCF::update_epsv" used time: 1.229961 s.
Timer "SCF::update_vhxc" used time: 0.328665 s.
[LSDF] xchg phases: A=0.002 s, B(K_W)=0.103 s, C(K_V)=0.809 s, E(reduce)=0.003 s
Timer "SCF::update_xchg" used time: 0.917365 s.
Timer "SCF::update_engy" used time: 0.004932 s.
[NELEC] step = 3  nelec = 128  neInt = 128.000000  dnelc = -3.7289282773e-11
[ENERG] step = 3  eTotl = -125.92206887  eCore = 38.31680570  eCoul = 8.88688761  eExcl = -38.75895767  eNucl = -134.36680451  eDisp = 0.00000000
[ERROR] step = 3  engy error = -1.2553533446e-02  grad error =  0.0000000000e+00  dmat error =  3.9887365946e-02
Timer "SCF cycle: 3" used time: 3.075139 s.

Timer "SCF::solve_eigen" used time: 0.027768 s.
Timer "SCF::update_rhoR" used time: 0.365044 s.
Timer "SCF::update_rhoG" used time: 0.082622 s.
Timer "SCF::update_rhoG" used time: 0.073737 s.
Timer "SCF::update_epsv" used time: 1.250838 s.
Timer "SCF::update_vhxc" used time: 0.334817 s.
[LSDF] xchg phases: A=0.010 s, B(K_W)=0.161 s, C(K_V)=1.247 s, E(reduce)=0.002 s
Timer "SCF::update_xchg" used time: 1.420674 s.
Timer "SCF::update_engy" used time: 0.002396 s.
[NELEC] step = 4  nelec = 128  neInt = 128.000000  dnelc = -3.8127723201e-11
[ENERG] step = 4  eTotl = -125.92221767  eCore = 38.33112343  eCoul = 8.86602094  eExcl = -38.75255753  eNucl = -134.36680451  eDisp = 0.00000000
[ERROR] step = 4  engy error = -1.4880088577e-04  grad error =  0.0000000000e+00  dmat error =  8.0966314608e-03
Timer "SCF cycle: 4" used time: 3.654939 s.

Timer "SCF::solve_eigen" used time: 0.027762 s.
Timer "SCF::update_rhoR" used time: 0.369808 s.
Timer "SCF::update_rhoG" used time: 0.066207 s.
Timer "SCF::update_rhoG" used time: 0.064209 s.
Timer "SCF::update_epsv" used time: 1.263838 s.
Timer "SCF::update_vhxc" used time: 0.327696 s.
[LSDF] xchg phases: A=0.002 s, B(K_W)=0.103 s, C(K_V)=0.834 s, E(reduce)=0.002 s
Timer "SCF::update_xchg" used time: 0.941631 s.
Timer "SCF::update_engy" used time: 0.003805 s.
[NELEC] step = 5  nelec = 128  neInt = 128.000000  dnelc = -3.8340886022e-11
[ENERG] step = 5  eTotl = -125.92221920  eCore = 38.33144225  eCoul = 8.86577360  eExcl = -38.75263055  eNucl = -134.36680451  eDisp = 0.00000000
[ERROR] step = 5  engy error = -1.5356524870e-06  grad error =  0.0000000000e+00  dmat error =  5.1436161688e-04
Timer "SCF cycle: 5" used time: 3.158633 s.

Timer "SCF::solve_eigen" used time: 0.030066 s.
Timer "SCF::update_rhoR" used time: 0.350370 s.
Timer "SCF::update_rhoG" used time: 0.065933 s.
Timer "SCF::update_rhoG" used time: 0.065262 s.
Timer "SCF::update_epsv" used time: 1.238716 s.
Timer "SCF::update_vhxc" used time: 0.327029 s.
[LSDF] xchg phases: A=0.002 s, B(K_W)=0.102 s, C(K_V)=0.727 s, E(reduce)=0.002 s
Timer "SCF::update_xchg" used time: 0.832861 s.
Timer "SCF::update_engy" used time: 0.002384 s.
[NELEC] step = 6  nelec = 128  neInt = 128.000000  dnelc = -3.8383518586e-11
[ENERG] step = 6  eTotl = -125.92221966  eCore = 38.33130504  eCoul = 8.86625311  eExcl = -38.75297331  eNucl = -134.36680451  eDisp = 0.00000000
[ERROR] step = 6  engy error = -4.5862216780e-07  grad error =  0.0000000000e+00  dmat error =  3.6329945504e-04
SCF converged in 6 steps.
Kylin-PBC Done.
Timer "Kylin-PBC main" used time: 27.40533 s.
