Kylin-PBC: v1.0.0

System time = 2026-06-25 18:11:49

OMP threads = 32

KYLIN_PBC_ROOT = "/home/rudin/code/kylin-pbc"
KYLIN_SCR_PATH = "/nvme"
KYLIN_JOB_PATH = "/home/rudin/code/kylin-pbc/art/example/extern/CsI-HSE06-k333-kylin-LSDF"

SCF.xcfun                      = HSE06
SCF.basis                      = dzvp-sr
SCF.psudo                      = gth-pbe
SCF.kmesh                      = 3 3 3
SCF.gmesh                      = 6.0e-01
SCF.ispin                      = OFF
SCF.dspin                      = 0
SCF.eps_engy                   = 3.7e-09 [AU]
SCF.eps_grad                   = 1.0e-05 [AU]
SCF.eps_dmat                   = 1.0e-03
SCF.chk_load                   = 
SCF.chk_save                   = 
SCF.scf_guess                  = ATOM
SCF.max_cycle                  = 200
SCF.vdw_method                 = NONE
SCF.coul_method                = MGDF
SCF.xchg_method                = LSDF
SCF.xchg_exxocc                = OFF
SCF.xchg_exxace                = NONE
SCF.xchg_robust                = TILE
SCF.xchg_exxdiv                = EWALD
SCF.xchg_dropG0                = ON
SCF.lsdf_cparam                = 60
SCF.lsdf_mparam                = 5
SCF.lsdf_ipslct                = QRCP
SCF.lsdf_chocut                = 1.0e-08
SCF.lsdf_atmcut                = 2.5e+01
SCF.lsdf_aovcut                = 1.0e-07
SCF.lsdf_swzcut                = 0.0e+00
SCF.lsdf_pnocut                = 0.0e+00
SCF.lsdf_nafcut                = 0.0e+00
SCF.mgdf_ntasks                = 4
SCF.mgdf_kratio                = 3.0e+00
SCF.mgdf_cutoff                = 3.0e+02 [AU]
SCF.mgdf_relcut                = 3.0e+01
SCF.mgdf_prprec                = 1.0e-14
SCF.dmx_mix_method             = NONE
SCF.dmx_mix_start              = 1
SCF.dmx_mix_space              = 8
SCF.dmx_mix_alpha              = 3.0e-01
SCF.rho_mix_method             = NONE
SCF.rho_mix_start              = 1
SCF.rho_mix_space              = 8
SCF.rho_mix_alpha              = 3.0e-01
SCF.hks_mix_method             = BROY
SCF.hks_mix_start              = 1
SCF.hks_mix_space              = 8
SCF.hks_mix_alpha              = 3.0e-01
SCF.damp_factor                = 0.0e+00
SCF.level_shift                = 0.0e+00 [AU]
SCF.smear_method               = NONE
SCF.smear_sigma                = 0.0e+00 [AU]
SCF.soc                        = OFF
SCF.soc_window                 = 1.8e+00 [AU]
SCF.print_bandgap              = ON
SCF.print_time                 = OFF

OPT.opt_method                 = BFGS
OPT.max_cycle                  = 0
OPT.eps_engy                   = 4.0e-06 [AU]
OPT.eps_grad                   = 4.0e-04 [AU]
OPT.trust_limit                = 3.0e-01 [AU]
OPT.damp_factor                = 0.0e+00
OPT.opt_mix_method             = NONE
OPT.opt_mix_start              = 1
OPT.opt_mix_space              = 5
OPT.opt_mix_alpha              = 3.0e-01
OPT.neb_method                 = FIRE
OPT.neb_lclimb                 = ON
OPT.neb_interp                 = IDPP
OPT.neb_nimage                 = 5
OPT.neb_spring                 = 1.0e-02 [AU]
OPT.neb_maxstep                = 7.6e-02 [AU]

PROP.calculation               = NONE
FREQ.freq_method               = FREE2
FREQ.fd_stepsize               = 2.8e-02 [AU]
DOS.dos_method                 = GAUSS
DOS.dos_sigma                  = 3.7e-03 [AU]
DOS.dos_npoint                 = 1001
DOS.dos_emin                   = 0.0e+00 [AU]
DOS.dos_emax                   = 0.0e+00 [AU]

OPT.mdx_ensemble               = NVE
OPT.mdx_thermostat             = NHC
OPT.mdx_max_step               = 0
OPT.mdx_timestep               = 4.0e+01 [AU]
OPT.mdx_temperature            = 9.5e-04 [AU]
OPT.mdx_pressure               = 0.0e+00 [AU]
OPT.mdx_thermo_tau             = 4.0e+03 [AU]
OPT.mdx_baro_tau               = 2.0e+04 [AU]
OPT.mdx_nhc_length             = 3
OPT.mdx_nhc_mts                = 3
OPT.mdx_constraint             = OFF
OPT.mdx_constraint_tol         = 1.0e-10
OPT.mdx_rng_seed               = 42

K-points mesh = 3 3 3

xc functional: "HSE06"
is hybrid: YES
HFX coeff: 0.25

Basis Set Name: "dzvp-sr"
number of shell = 6
number of basis = 27
gmesh = 27 27 27

Pseudopotential Name: "gth-pbe"
number of valence electron = 16

SCF Calculation.
K sampling = 3 3 3
[LSDF-K] gmesh = (27, 27, 27), nkpts = 27, naofn = 27, natom = 2
Timer "[LSDF-K] Voronoi partition" used time: 0.012465 s.
[LSDF-K]   atom 0: 10135 grid points, 14 AOs
[LSDF-K]   atom 1: 9548 grid points, 13 AOs
[LSDF-K]   atom 0: 27 / 27 AOs kept after screening
[LSDF-K]   atom 1: 27 / 27 AOs kept after screening
Timer "[LSDF-K] AO evaluation + screening" used time: 0.203540 s.
[LSDF-K]   atom 0: 845 IPs selected
[LSDF-K]   atom 1: 785 IPs selected
[LSDF-K]   total IPs: 1630 (8.2813% of grid)
Timer "[LSDF-K] IP selection" used time: 2.996860 s.
[LSDF-K]   aux fitting over k-summed pair products (Nk = 27)
[LSDF-K]   atom 0: aux_basis (845 x 10135), nao_local = 27
[LSDF-K]   atom 1: aux_basis (785 x 9548), nao_local = 27
Timer "[LSDF-K] aux basis fitting" used time: 1.447856 s.
[LSDF-K]   W_k[0]: (1630 x 1630)
[LSDF-K]   W_k[1]: (1630 x 1630)
[LSDF-K]   W_k[2]: (1630 x 1630)
[LSDF-K]   W_k[3]: (1630 x 1630)
[LSDF-K]   W_k[4]: (1630 x 1630)
[LSDF-K]   W_k[5]: (1630 x 1630)
[LSDF-K]   W_k[6]: (1630 x 1630)
[LSDF-K]   W_k[7]: (1630 x 1630)
[LSDF-K]   W_k[8]: (1630 x 1630)
[LSDF-K]   W_k[9]: (1630 x 1630)
[LSDF-K]   W_k[10]: (1630 x 1630)
[LSDF-K]   W_k[11]: (1630 x 1630)
[LSDF-K]   W_k[12]: (1630 x 1630)
[LSDF-K]   W_k[13]: (1630 x 1630)
[LSDF-K]   W_k[14]: (1630 x 1630)
[LSDF-K]   W_k[15]: (1630 x 1630)
[LSDF-K]   W_k[16]: (1630 x 1630)
[LSDF-K]   W_k[17]: (1630 x 1630)
[LSDF-K]   W_k[18]: (1630 x 1630)
[LSDF-K]   W_k[19]: (1630 x 1630)
[LSDF-K]   W_k[20]: (1630 x 1630)
[LSDF-K]   W_k[21]: (1630 x 1630)
[LSDF-K]   W_k[22]: (1630 x 1630)
[LSDF-K]   W_k[23]: (1630 x 1630)
[LSDF-K]   W_k[24]: (1630 x 1630)
[LSDF-K]   W_k[25]: (1630 x 1630)
[LSDF-K]   W_k[26]: (1630 x 1630)
Timer "[LSDF-K] W_k construction" used time: 61.67161 s.
Timer "[LSDF-K] W_k k-mesh DFT" used time: 0.338965 s.
Timer "[LSDF-K] aovals_pivots" used time: 0.043669 s.
Timer "LSDF-K build" used time: 66.71718 s.
[LSDF-K] build complete: naux = 1630
[IGUESS] MINAO initial guess done. naofn = 27  nkpot = 27
[NELEC] step = 0  nelec = 16  neInt = 11.870397  dnelc = -4.1296030216e+00
[ENERG] step = 0  eTotl = -30.64262479  eCore = -1.96318120  eCoul = 2.12914215  eExcl = -3.58541322  eNucl = -27.22317251  eDisp = 0.00000000
[ERROR] step = 0  engy error =  0.0000000000e+00  grad error =  0.0000000000e+00  dmat error =  0.0000000000e+00
Timer "SCF cycle: 0" used time: 1.403608 s.

[NELEC] step = 1  nelec = 16  neInt = 16.000000  dnelc =  2.7803537250e-11
[ENERG] step = 1  eTotl = -31.62305988  eCore = -3.38133143  eCoul = 4.73843390  eExcl = -5.75698984  eNucl = -27.22317251  eDisp = 0.00000000
[ERROR] step = 1  engy error = -9.8043509576e-01  grad error =  0.0000000000e+00  dmat error =  2.4389128979e+01
Timer "SCF cycle: 1" used time: 1.358088 s.

[NELEC] step = 2  nelec = 16  neInt = 16.000000  dnelc =  1.1262102362e-11
[ENERG] step = 2  eTotl = -31.67926075  eCore = -3.25811266  eCoul = 4.46538435  eExcl = -5.66335992  eNucl = -27.22317251  eDisp = 0.00000000
[ERROR] step = 2  engy error = -5.6200862154e-02  grad error =  0.0000000000e+00  dmat error =  1.3439251232e+01
Timer "SCF cycle: 2" used time: 1.400689 s.

[NELEC] step = 3  nelec = 16  neInt = 16.000000  dnelc = -7.7093886830e-13
[ENERG] step = 3  eTotl = -31.71548676  eCore = -3.04518242  eCoul = 4.09112495  eExcl = -5.53825677  eNucl = -27.22317251  eDisp = 0.00000000
[ERROR] step = 3  engy error = -3.6226012532e-02  grad error =  0.0000000000e+00  dmat error =  1.0033279829e+01
Timer "SCF cycle: 3" used time: 1.353187 s.

[NELEC] step = 4  nelec = 16  neInt = 16.000000  dnelc = -1.5489831640e-12
[ENERG] step = 4  eTotl = -31.71737270  eCore = -3.00213921  eCoul = 4.03006273  eExcl = -5.52212370  eNucl = -27.22317251  eDisp = 0.00000000
[ERROR] step = 4  engy error = -1.8859431242e-03  grad error =  0.0000000000e+00  dmat error =  7.5323985545e-01
Timer "SCF cycle: 4" used time: 1.608937 s.

[NELEC] step = 5  nelec = 16  neInt = 16.000000  dnelc = -1.6218137944e-12
[ENERG] step = 5  eTotl = -31.71747838  eCore = -2.96261851  eCoul = 3.97046254  eExcl = -5.50214990  eNucl = -27.22317251  eDisp = 0.00000000
[ERROR] step = 5  engy error = -1.0568094332e-04  grad error =  0.0000000000e+00  dmat error =  4.5932379266e-01
Timer "SCF cycle: 5" used time: 1.371960 s.

[NELEC] step = 6  nelec = 16  neInt = 16.000000  dnelc = -1.6058265828e-12
[ENERG] step = 6  eTotl = -31.71759075  eCore = -2.97972112  eCoul = 3.99522733  eExcl = -5.50992445  eNucl = -27.22317251  eDisp = 0.00000000
[ERROR] step = 6  engy error = -1.1236798502e-04  grad error =  0.0000000000e+00  dmat error =  2.4831250343e-01
Timer "SCF cycle: 6" used time: 1.372833 s.

[NELEC] step = 7  nelec = 16  neInt = 16.000000  dnelc = -1.6093792965e-12
[ENERG] step = 7  eTotl = -31.71759076  eCore = -2.97958312  eCoul = 3.99513354  eExcl = -5.50996867  eNucl = -27.22317251  eDisp = 0.00000000
[ERROR] step = 7  engy error = -1.0444445309e-08  grad error =  0.0000000000e+00  dmat error =  7.3452097546e-03
Timer "SCF cycle: 7" used time: 1.289466 s.

[NELEC] step = 8  nelec = 16  neInt = 16.000000  dnelc = -1.6093792965e-12
[ENERG] step = 8  eTotl = -31.71759082  eCore = -2.97982181  eCoul = 3.99543419  eExcl = -5.51003068  eNucl = -27.22317251  eDisp = 0.00000000
[ERROR] step = 8  engy error = -5.7183218161e-08  grad error =  0.0000000000e+00  dmat error =  5.8263280888e-03
Timer "SCF cycle: 8" used time: 1.287961 s.

[NELEC] step = 9  nelec = 16  neInt = 16.000000  dnelc = -1.6147083670e-12
[ENERG] step = 9  eTotl = -31.71759082  eCore = -2.97980424  eCoul = 3.99540946  eExcl = -5.51002354  eNucl = -27.22317251  eDisp = 0.00000000
[ERROR] step = 9  engy error = -4.1122660832e-11  grad error =  0.0000000000e+00  dmat error =  3.1387174452e-04
SCF converged in 9 steps.

  Band Gap Analysis (per k-point)
  k-pt    spin         HOMO (eV)       LUMO (eV)        Gap (eV)
  -----------------------------------------------------------
  0       0             2.533773        7.385220        4.851447
  1       0             2.413197        9.292704        6.879508
  2       0             2.413197        9.292705        6.879508
  3       0             2.413235        9.292723        6.879488
  4       0             2.528958        8.632483        6.103525
  5       0             2.528962        8.632490        6.103528
  6       0             2.413235        9.292722        6.879487
  7       0             2.528962        8.632490        6.103528
  8       0             2.528958        8.632481        6.103522
  9       0             2.413221        9.292727        6.879506
  10      0             2.528951        8.632501        6.103550
  11      0             2.528949        8.632490        6.103541
  12      0             2.528937        8.632555        6.103619
  13      0             1.743901       10.160099        8.416198
  14      0             1.743899       10.160093        8.416193
  15      0             2.528937        8.632547        6.103610
  16      0             1.743900       10.160114        8.416214
  17      0             1.743902       10.160102        8.416200
  18      0             2.413221        9.292727        6.879506
  19      0             2.528949        8.632491        6.103542
  20      0             2.528951        8.632501        6.103551
  21      0             2.528937        8.632548        6.103611
  22      0             1.743901       10.160103        8.416202
  23      0             1.743900       10.160115        8.416215
  24      0             2.528937        8.632553        6.103616
  25      0             1.743899       10.160091        8.416192
  26      0             1.743901       10.160097        8.416196
  -----------------------------------------------------------
  VBM =       2.533773 eV    CBM =       7.385220 eV    Band Gap =       4.851447 eV

Kylin-PBC Done.
Timer "Kylin-PBC main" used time: 81.29422 s.
