Kylin-PBC: v1.0.0

System time = 2026-09-30 20:24:49

OMP threads = 32

KYLIN_PBC_ROOT = "/home/rudin/code/kylin-pbc"
KYLIN_SCR_PATH = "/tmp"
KYLIN_JOB_PATH = "/home/rudin/tmp-review-ionic/MgO16/chol/t1e-05"

SCF.xcfun                      = HSE06
SCF.basis                      = dzvp-sr
SCF.psudo                      = gth-pbe
SCF.kmesh                      = 1 1 1
SCF.gmesh                      = 5.0e-01
SCF.ispin                      = OFF
SCF.dspin                      = 0
SCF.eps_engy                   = 3.7e-09 [AU]
SCF.eps_grad                   = 1.0e-05 [AU]
SCF.eps_dmat                   = 1.0e-03
SCF.chk_load                   = 
SCF.chk_save                   = 
SCF.scf_guess                  = ATOM
SCF.max_cycle                  = 200
SCF.vdw_method                 = NONE
SCF.coul_method                = MGDF
SCF.xchg_method                = LSDF
SCF.xchg_exxocc                = OFF
SCF.xchg_exxace                = NONE
SCF.xchg_robust                = FULL
SCF.xchg_exxdiv                = EWALD
SCF.xchg_dropG0                = ON
SCF.lsdf_cparam                = 30
SCF.lsdf_mparam                = 5
SCF.lsdf_ipslct                = CHOL
SCF.lsdf_chocut                = 1.0e-05
SCF.lsdf_atmcut                = 2.5e+01
SCF.lsdf_aovcut                = 1.0e-07
SCF.lsdf_swzcut                = 0.0e+00
SCF.lsdf_pnocut                = 0.0e+00
SCF.lsdf_nafcut                = 0.0e+00
SCF.mgdf_ntasks                = 4
SCF.mgdf_kratio                = 3.0e+00
SCF.mgdf_cutoff                = 3.0e+02 [AU]
SCF.mgdf_relcut                = 3.0e+01
SCF.mgdf_prprec                = 1.0e-14
SCF.dmx_mix_method             = NONE
SCF.dmx_mix_start              = 1
SCF.dmx_mix_space              = 8
SCF.dmx_mix_alpha              = 3.0e-01
SCF.rho_mix_method             = NONE
SCF.rho_mix_start              = 1
SCF.rho_mix_space              = 8
SCF.rho_mix_alpha              = 3.0e-01
SCF.hks_mix_method             = BROY
SCF.hks_mix_start              = 1
SCF.hks_mix_space              = 8
SCF.hks_mix_alpha              = 3.0e-01
SCF.damp_factor                = 0.0e+00
SCF.level_shift                = 0.0e+00 [AU]
SCF.smear_method               = NONE
SCF.smear_sigma                = 0.0e+00 [AU]
SCF.soc                        = OFF
SCF.soc_window                 = 1.8e+00 [AU]
SCF.print_bandgap              = OFF
SCF.print_time                 = OFF

OPT.opt_method                 = BFGS
OPT.max_cycle                  = 1
OPT.eps_engy                   = 4.0e-06 [AU]
OPT.eps_grad                   = 4.0e-04 [AU]
OPT.trust_limit                = 3.0e-01 [AU]
OPT.damp_factor                = 0.0e+00
OPT.opt_mix_method             = NONE
OPT.opt_mix_start              = 1
OPT.opt_mix_space              = 5
OPT.opt_mix_alpha              = 3.0e-01
OPT.neb_method                 = FIRE
OPT.neb_lclimb                 = ON
OPT.neb_interp                 = IDPP
OPT.neb_nimage                 = 5
OPT.neb_spring                 = 1.0e-02 [AU]
OPT.neb_maxstep                = 7.6e-02 [AU]

PROP.calculation               = NONE
FREQ.freq_method               = FREE2
FREQ.fd_stepsize               = 2.8e-02 [AU]
DOS.dos_method                 = GAUSS
DOS.dos_sigma                  = 3.7e-03 [AU]
DOS.dos_npoint                 = 1001
DOS.dos_emin                   = 0.0e+00 [AU]
DOS.dos_emax                   = 0.0e+00 [AU]

OPT.mdx_ensemble               = NVE
OPT.mdx_thermostat             = NHC
OPT.mdx_max_step               = 0
OPT.mdx_timestep               = 4.0e+01 [AU]
OPT.mdx_temperature            = 9.5e-04 [AU]
OPT.mdx_pressure               = 0.0e+00 [AU]
OPT.mdx_thermo_tau             = 4.0e+03 [AU]
OPT.mdx_baro_tau               = 2.0e+04 [AU]
OPT.mdx_nhc_length             = 3
OPT.mdx_nhc_mts                = 3
OPT.mdx_constraint             = OFF
OPT.mdx_constraint_tol         = 1.0e-10
OPT.mdx_rng_seed               = 42

K-points mesh = 1 1 1

xc functional: "HSE06"
is hybrid: YES
HFX coeff: 0.25

Basis Set Name: "dzvp-sr"
number of shell = 40
number of basis = 176
gmesh = 98 98 195

Pseudopotential Name: "gth-pbe"
number of valence electron = 128

OPT Calculation.

==============================================================
                   Geometry Optimization                      
==============================================================
  method      = BFGS
  max_cycle   = 1
  eps_engy    = 4.000000e-06
  eps_grad    = 4.000000e-04
  trust_limit = 0.300000
  natom       = 16
  nfree       = 48 / 48
==============================================================

--------------------------------------------------------------
  OPT step 0
--------------------------------------------------------------
[OPT] Cell structure (Angstrom):
       4.21700000       0.00000000       0.00000000
       0.00000000       4.21700000       0.00000000
       0.00000000       0.00000000       8.43400000

Cart
Mg         0.00000000       0.00000000       0.00000000   T T T
Mg         0.10000000       2.15850000       2.13850000   T T T
Mg         2.10850000       0.00000000       2.10850000   T T T
Mg         2.10850000       2.10850000       0.00000000   T T T
O          2.10850000       2.10850000       2.10850000   T T T
O          2.10850000       4.21700000       4.21700000   T T T
O          4.21700000       2.10850000       4.21700000   T T T
O          4.21700000       4.21700000       2.10850000   T T T
Mg         0.00000000       0.00000000       4.21700000   T T T
Mg         0.00000000       2.10850000       6.32550000   T T T
Mg         2.10850000       0.00000000       6.32550000   T T T
Mg         2.10850000       2.10850000       4.21700000   T T T
O          2.10850000       2.10850000       6.32550000   T T T
O          2.10850000       4.21700000       8.43400000   T T T
O          4.21700000       2.10850000       8.43400000   T T T
O          4.21700000       4.21700000       6.32550000   T T T

[OPT] Cell written to /home/rudin/tmp-review-ionic/MgO16/chol/t1e-05/opt_img/cell_opt_0.txt
[LSDF] gmesh = (98, 98, 195), ngrid = 1872780, naofn = 176, natom = 16
Timer "[LSDF] Voronoi partition" used time: 0.024440 s.
Timer "[LSDF] AO evaluation + screening" used time: 4.558217 s.
[LSDF] IP method: pivoted Cholesky (thresh = 1.00e-05)
[LSDF] total IPs selected: 2548 (0.1361% of grid)
Timer "[LSDF] IP selection" used time: 3.183115 s.
Timer "[LSDF] aux basis fitting" used time: 2.039236 s.
[LSDF] Step 5 diagnostics: natom=16, ngrid=1872780, naux_total=2548
[LSDF]   OMP threads=32, MKL threads=32
[LSDF]   Vmat_loc total size: 2548 x 1872780 = 35.55 GB
Timer "[LSDF]   5a Vmat_loc alloc+FFT" used time: 2.872524 s.
[LSDF]   W size: 2548 x 2548 = 49.53 MB, max_npart=118186
Timer "[LSDF]   5b W construction (DGEMM)" used time: 0.403463 s.
Timer "[LSDF]   5c Wmat symmetrize" used time: 0.002500 s.
[LSDF]   robust_mode=FULL: keeping Vmat_loc (35.55 GB) in atom ordering
Timer "[LSDF] V/W construction" used time: 3.279506 s.
[LSDF] xchg phases: A=0.000 s, B(K_W)=0.004 s, C(K_V)=1.927 s, E(reduce)=0.000 s
[NELEC] step = 0  nelec = 128  neInt = 128.000000  dnelc = -3.6098981582e-09
[ENERG] step = 0  eTotl = -635.53065788  eCore = -337.00186663  eCoul = 174.38894144  eExcl = -94.40249310  eNucl = -378.51523958  eDisp = 0.00000000
[ERROR] step = 0  engy error =  0.0000000000e+00  grad error =  0.0000000000e+00  dmat error =  0.0000000000e+00
Timer "SCF cycle: 0" used time: 3.499145 s.

[LSDF] xchg phases: A=0.000 s, B(K_W)=0.008 s, C(K_V)=2.500 s, E(reduce)=0.000 s
[NELEC] step = 1  nelec = 128  neInt = 128.000000  dnelc = -1.8329004092e-08
[ENERG] step = 1  eTotl = -634.35810646  eCore = -366.69574479  eCoul = 212.72585988  eExcl = -101.87298197  eNucl = -378.51523958  eDisp = 0.00000000
[ERROR] step = 1  engy error =  1.1725514122e+00  grad error =  0.0000000000e+00  dmat error =  1.5808455615e+00
Timer "SCF cycle: 1" used time: 3.977948 s.

[LSDF] xchg phases: A=0.000 s, B(K_W)=0.004 s, C(K_V)=2.099 s, E(reduce)=0.000 s
[NELEC] step = 2  nelec = 128  neInt = 128.000000  dnelc = -1.8864184881e-08
[ENERG] step = 2  eTotl = -635.17825651  eCore = -362.43085590  eCoul = 205.69353156  eExcl = -99.92569259  eNucl = -378.51523958  eDisp = 0.00000000
[ERROR] step = 2  engy error = -8.2015004804e-01  grad error =  0.0000000000e+00  dmat error =  2.0802639383e-01
Timer "SCF cycle: 2" used time: 3.527631 s.

[LSDF] xchg phases: A=0.000 s, B(K_W)=0.004 s, C(K_V)=1.814 s, E(reduce)=0.000 s
[NELEC] step = 3  nelec = 128  neInt = 128.000000  dnelc = -1.6020720750e-08
[ENERG] step = 3  eTotl = -635.30471843  eCore = -358.12285617  eCoul = 199.76435132  eExcl = -98.43097399  eNucl = -378.51523958  eDisp = 0.00000000
[ERROR] step = 3  engy error = -1.2646191445e-01  grad error =  0.0000000000e+00  dmat error =  2.6401984039e-01
Timer "SCF cycle: 3" used time: 3.251096 s.

[LSDF] xchg phases: A=0.000 s, B(K_W)=0.004 s, C(K_V)=1.557 s, E(reduce)=0.000 s
[NELEC] step = 4  nelec = 128  neInt = 128.000000  dnelc = -1.3417462696e-08
[ENERG] step = 4  eTotl = -635.32656646  eCore = -357.76695322  eCoul = 199.46402246  eExcl = -98.50839611  eNucl = -378.51523958  eDisp = 0.00000000
[ERROR] step = 4  engy error = -2.1848028585e-02  grad error =  0.0000000000e+00  dmat error =  7.8846280723e-02
Timer "SCF cycle: 4" used time: 2.982029 s.

[LSDF] xchg phases: A=0.000 s, B(K_W)=0.004 s, C(K_V)=1.558 s, E(reduce)=0.000 s
[NELEC] step = 5  nelec = 128  neInt = 128.000000  dnelc = -1.4374052171e-08
[ENERG] step = 5  eTotl = -635.32793924  eCore = -358.27190858  eCoul = 200.10927145  eExcl = -98.65006253  eNucl = -378.51523958  eDisp = 0.00000000
[ERROR] step = 5  engy error = -1.3727825570e-03  grad error =  0.0000000000e+00  dmat error =  3.6460012914e-02
Timer "SCF cycle: 5" used time: 2.991335 s.

[LSDF] xchg phases: A=0.001 s, B(K_W)=0.004 s, C(K_V)=1.559 s, E(reduce)=0.000 s
[NELEC] step = 6  nelec = 128  neInt = 128.000000  dnelc = -1.4314153418e-08
[ENERG] step = 6  eTotl = -635.32795413  eCore = -358.23080340  eCoul = 200.05685818  eExcl = -98.63876932  eNucl = -378.51523958  eDisp = 0.00000000
[ERROR] step = 6  engy error = -1.4893028947e-05  grad error =  0.0000000000e+00  dmat error =  3.0408942679e-03
Timer "SCF cycle: 6" used time: 3.043988 s.

[LSDF] xchg phases: A=0.000 s, B(K_W)=0.004 s, C(K_V)=1.570 s, E(reduce)=0.002 s
[NELEC] step = 7  nelec = 128  neInt = 128.000000  dnelc = -1.4315347130e-08
[ENERG] step = 7  eTotl = -635.32795466  eCore = -358.22828836  eCoul = 200.05365039  eExcl = -98.63807710  eNucl = -378.51523958  eDisp = 0.00000000
[ERROR] step = 7  engy error = -5.2454129218e-07  grad error =  0.0000000000e+00  dmat error =  2.5731453380e-04
Timer "SCF cycle: 7" used time: 3.061657 s.

[NELEC] step = 8  nelec = 128  neInt = 128.000000  dnelc = -1.4319567754e-08
[ENERG] step = 8  eTotl = -635.32795489  eCore = -358.22770686  eCoul = 200.05304662  eExcl = -98.63805507  eNucl = -378.51523958  eDisp = 0.00000000
[ERROR] step = 8  engy error = -2.3776044600e-07  grad error =  0.0000000000e+00  dmat error =  2.2631719674e-04
Timer "SCF cycle: 8" used time: 4.120256 s.

[NELEC] step = 9  nelec = 128  neInt = 128.000000  dnelc = -1.4320804098e-08
[ENERG] step = 9  eTotl = -635.32795490  eCore = -358.22768299  eCoul = 200.05298527  eExcl = -98.63801760  eNucl = -378.51523958  eDisp = 0.00000000
[ERROR] step = 9  engy error = -6.7353767008e-09  grad error =  0.0000000000e+00  dmat error =  4.4353029001e-05
Timer "SCF cycle: 9" used time: 3.468596 s.

[NELEC] step = 10  nelec = 128  neInt = 128.000000  dnelc = -1.4320420405e-08
[ENERG] step = 10  eTotl = -635.32795490  eCore = -358.22753300  eCoul = 200.05282176  eExcl = -98.63800408  eNucl = -378.51523958  eDisp = 0.00000000
[ERROR] step = 10  engy error = -1.5450041246e-10  grad error =  0.0000000000e+00  dmat error =  2.1290471189e-05
SCF converged in 10 steps.
[LSDF] xchg_d10: ISDF-robust path (K_V + K_V~ - K_IP)
[GRADIENT] SCF type: GRKS | atoms: 16 | DOF: 48 | time: 31.977 s
  Atom   0:  -3.8106667890e-04  -7.5512836108e-04   2.3059904757e-03
  Atom   1:   2.1975222822e-02   1.1071548795e-02   7.1121389803e-03
  Atom   2:  -5.1076026907e-03  -1.5982060127e-03  -2.1975278146e-03
  Atom   3:  -2.4374875908e-03   7.7434782785e-04   2.4381021285e-03
  Atom   4:  -5.2024351879e-03  -1.4730795784e-03  -1.3812654554e-03
  Atom   5:   6.4033844622e-04   2.5934933580e-04   1.9850835706e-04
  Atom   6:  -1.9474053332e-03  -1.0254846999e-03  -8.0934497367e-04
  Atom   7:  -3.0823236043e-03  -2.1801964859e-03  -1.4084085196e-03
  Atom   8:   3.4644319002e-03  -1.4907237427e-03  -4.3296349968e-03
  Atom   9:  -1.3348143631e-03  -1.0184749994e-03   2.2065891281e-03
  Atom  10:   1.3107184887e-03   1.0249378393e-03   2.5889836844e-03
  Atom  11:  -6.6485744365e-03   2.7545868431e-04  -5.5944992605e-03
  Atom  12:  -1.9955161148e-04   1.5051586510e-04   4.5436168921e-04
  Atom  13:   6.1628714154e-04   3.2298841817e-04  -1.3473533309e-05
  Atom  14:  -1.8656787802e-03  -1.0185136591e-03  -7.2982292929e-04
  Atom  15:   4.2465211086e-05  -2.2110845835e-04   4.5109102148e-04
[OPT] step = 0  energy = -635.3279549004  dE =               N/A  grad_max =  2.1975222822e-02  grad_rms =  4.3137948696e-03
[OPT] Geometry optimization did not converge in 1 steps.
Kylin-PBC Done.
Timer "Kylin-PBC main" used time: 88.25513 s.
