Kylin-PBC: v1.0.0

System time = 2026-09-30 11:32:34

OMP threads = 8

KYLIN_PBC_ROOT = "/home/rudin/code/kylin-pbc"
KYLIN_SCR_PATH = "/tmp"
KYLIN_JOB_PATH = "/home/rudin/tmp-review-gradtoy/He2_FTDF"

SCF.xcfun                      = HSE06
SCF.basis                      = szv-sr
SCF.psudo                      = gth-pbe
SCF.kmesh                      = 1 1 1
SCF.gmesh                      = 4.0e-01
SCF.ispin                      = OFF
SCF.dspin                      = 0
SCF.eps_engy                   = 1.0e-09 [AU]
SCF.eps_grad                   = 1.0e-05 [AU]
SCF.eps_dmat                   = 1.0e-03
SCF.chk_load                   = 
SCF.chk_save                   = 
SCF.scf_guess                  = ATOM
SCF.max_cycle                  = 100
SCF.vdw_method                 = NONE
SCF.coul_method                = MGDF
SCF.xchg_method                = FTDF
SCF.xchg_exxocc                = OFF
SCF.xchg_exxace                = NONE
SCF.ace_eps_engy               = -1.0e+00
SCF.ace_eps_dmat               = -1.0e+00
SCF.ace_max_cycle              = 30
SCF.xchg_robust                = TILE
SCF.xchg_exxdiv                = NONE
SCF.xchg_dropG0                = OFF
SCF.lsdf_cparam                = 30
SCF.lsdf_mparam                = 5
SCF.lsdf_ipslct                = QRCP
SCF.lsdf_chocut                = 1.0e-08
SCF.lsdf_atmcut                = 2.5e+01
SCF.lsdf_aovcut                = 1.0e-07
SCF.lsdf_swzcut                = 0.0e+00
SCF.lsdf_pnocut                = 0.0e+00
SCF.lsdf_nafcut                = 0.0e+00
SCF.mgdf_ortho                 = AUTO
SCF.mgdf_ntasks                = 4
SCF.mgdf_kratio                = 3.0e+00
SCF.mgdf_cutoff                = 3.0e+02 [AU]
SCF.mgdf_relcut                = 3.0e+01
SCF.mgdf_prprec                = 1.0e-14
SCF.dmx_mix_method             = NONE
SCF.dmx_mix_start              = 1
SCF.dmx_mix_space              = 8
SCF.dmx_mix_alpha              = 3.0e-01
SCF.rho_mix_method             = NONE
SCF.rho_mix_start              = 1
SCF.rho_mix_space              = 8
SCF.rho_mix_alpha              = 3.0e-01
SCF.hks_mix_method             = BROY
SCF.hks_mix_start              = 1
SCF.hks_mix_space              = 8
SCF.hks_mix_alpha              = 3.0e-01
SCF.damp_factor                = 0.0e+00
SCF.level_shift                = 0.0e+00 [AU]
SCF.smear_method               = NONE
SCF.smear_sigma                = 0.0e+00 [AU]
SCF.soc                        = OFF
SCF.soc_window                 = 1.8e+00 [AU]
SCF.print_bandgap              = OFF
SCF.print_time                 = OFF

OPT.opt_method                 = BFGS
OPT.max_cycle                  = 1
OPT.eps_engy                   = 4.0e-06 [AU]
OPT.eps_grad                   = 4.0e-04 [AU]
OPT.trust_limit                = 3.0e-01 [AU]
OPT.damp_factor                = 0.0e+00
OPT.opt_mix_method             = NONE
OPT.opt_mix_start              = 1
OPT.opt_mix_space              = 5
OPT.opt_mix_alpha              = 3.0e-01
OPT.neb_method                 = FIRE
OPT.neb_lclimb                 = ON
OPT.neb_interp                 = IDPP
OPT.neb_nimage                 = 5
OPT.neb_spring                 = 1.0e-02 [AU]
OPT.neb_maxstep                = 7.6e-02 [AU]

PROP.calculation               = NONE
FREQ.freq_method               = FREE2
FREQ.fd_stepsize               = 2.8e-02 [AU]
DOS.dos_method                 = GAUSS
DOS.dos_sigma                  = 3.7e-03 [AU]
DOS.dos_npoint                 = 1001
DOS.dos_emin                   = 0.0e+00 [AU]
DOS.dos_emax                   = 0.0e+00 [AU]

OPT.mdx_ensemble               = NVE
OPT.mdx_thermostat             = NHC
OPT.mdx_max_step               = 0
OPT.mdx_timestep               = 4.0e+01 [AU]
OPT.mdx_temperature            = 9.5e-04 [AU]
OPT.mdx_pressure               = 0.0e+00 [AU]
OPT.mdx_thermo_tau             = 4.0e+03 [AU]
OPT.mdx_baro_tau               = 2.0e+04 [AU]
OPT.mdx_nhc_length             = 3
OPT.mdx_nhc_mts                = 3
OPT.mdx_constraint             = OFF
OPT.mdx_constraint_tol         = 1.0e-10
OPT.mdx_rng_seed               = 42
OPT.mdx_dm_extrap              = LINEAR

K-points mesh = 1 1 1

xc functional: "HSE06"
is hybrid: YES
HFX coeff: 0.25

Basis Set Name: "szv-sr"
number of shell = 2
number of basis = 2
gmesh = 80 80 80

Pseudopotential Name: "gth-pbe"
number of valence electron = 4

OPT Calculation.

==============================================================
                   Geometry Optimization                      
==============================================================
  method      = BFGS
  max_cycle   = 1
  eps_engy    = 4.000000e-06
  eps_grad    = 4.000000e-04
  trust_limit = 0.300000
  natom       = 2
  nfree       = 6 / 6
==============================================================

--------------------------------------------------------------
  OPT step 0
--------------------------------------------------------------
[OPT] Cell structure (Angstrom):
       8.00000000       0.00000000       0.00000000
       0.00000000       8.00000000       0.00000000
       0.00000000       0.00000000       8.00000000

Cart
He         3.43000000       3.97000000       4.21000000   T T T
He         5.03000000       4.17000000       3.95000000   T T T

[OPT] Cell written to /home/rudin/tmp-review-gradtoy/He2_FTDF/opt_img/cell_opt_0.txt
[MGDF] ortho kernel: ON (cell orthorhombic)
[MGDF_DIAG] gmesh = 119 119 119  (ngrid=1685159)
[MGDF_DIAG] level 0  mesh=25 25 25  ngrid=15625  tasks=0
[MGDF_DIAG] level 1  mesh=41 41 41  ngrid=68921  tasks=24
[MGDF_DIAG] level 2  mesh=71 71 71  ngrid=357911  tasks=9
[MGDF_DIAG] level 3  mesh=119 119 119  ngrid=1685159  tasks=29
[MGDF_DIAG] atom_pairs_kept=62  rejected: atom=357 set=0 pgf=226 radius=0
[MGDF_DIAG] max_pair_radius=8.51653  max_pgf_rcut=7.74942  total_pairs=62  precision_colloc=1e-14  precision_screen=1e-07
  [bwd-lev1] integ=0.016521s  tasks=24  us/pair=5506.99  grid=0.525826MB  avg_rad=5.01378  max_rad=8.51653  avg_bbox=28869.2  est_gpts=363058  ns/gpt=364.04
  [bwd-lev2] integ=0.029856s  tasks=9  us/pair=26538.6  grid=2.73064MB  avg_rad=3.64818  max_rad=4.55307  avg_bbox=47149.6  est_gpts=222357  ns/gpt=1074.16
  [bwd-lev3] integ=0.000200987s  tasks=29  us/pair=55.4447  grid=12.8567MB  avg_rad=1.87021  max_rad=3.00833  avg_bbox=37368.3  est_gpts=567849  ns/gpt=2.83155
  [bwd] fft=0.0480177s  integ=0.0465779s  reduce=3.8147e-06s
  [fwd-lev1] colloc=6.79493e-05s  tasks=24  us/pair=22.6498  grid=0.525826MB
  [fwd-lev2] colloc=9.53674e-07s  tasks=9  us/pair=0.847711  grid=2.73064MB
  [fwd-lev3] colloc=0.0120459s  tasks=29  us/pair=3323  grid=12.8567MB
  [fwd] colloc=0.0121148s  reduce=0.00152898s  fft=0.0295861s
  [bwd-lev1] integ=0.0169921s  tasks=24  us/pair=5664.03  grid=0.525826MB  avg_rad=5.01378  max_rad=8.51653  avg_bbox=28869.2  est_gpts=363058  ns/gpt=374.421
  [bwd-lev2] integ=0.034488s  tasks=9  us/pair=30656  grid=2.73064MB  avg_rad=3.64818  max_rad=4.55307  avg_bbox=47149.6  est_gpts=222357  ns/gpt=1240.81
  [bwd-lev3] integ=0.000154018s  tasks=29  us/pair=42.4878  grid=12.8567MB  avg_rad=1.87021  max_rad=3.00833  avg_bbox=37368.3  est_gpts=567849  ns/gpt=2.16985
  [bwd] fft=0.052989s  integ=0.0516341s  reduce=3.09944e-06s
[NELEC] step = 0  nelec = 4  neInt = 3.999066  dnelc = -9.3399506967e-04
[ENERG] step = 0  eTotl = -5.80175769  eCore = -7.42116004  eCoul = 3.93787479  eExcl = -2.13728190  eNucl = -0.18119054  eDisp = 0.00000000
[ERROR] step = 0  engy error =  0.0000000000e+00  grad error =  0.0000000000e+00  dmat error =  0.0000000000e+00
Timer "SCF cycle: 0" used time: 0.349113 s.

  [fwd-lev1] colloc=3.60012e-05s  tasks=24  us/pair=12.0004  grid=0.525826MB
  [fwd-lev2] colloc=0.00120783s  tasks=9  us/pair=1073.63  grid=2.73064MB
  [fwd-lev3] colloc=0.0163701s  tasks=29  us/pair=4515.88  grid=12.8567MB
  [fwd] colloc=0.0176139s  reduce=0.00314498s  fft=0.0351753s
  [bwd-lev1] integ=0.0173452s  tasks=24  us/pair=5781.73  grid=0.525826MB  avg_rad=5.01378  max_rad=8.51653  avg_bbox=28869.2  est_gpts=363058  ns/gpt=382.202
  [bwd-lev2] integ=0.0398281s  tasks=9  us/pair=35402.7  grid=2.73064MB  avg_rad=3.64818  max_rad=4.55307  avg_bbox=47149.6  est_gpts=222357  ns/gpt=1432.94
  [bwd-lev3] integ=0.000149012s  tasks=29  us/pair=41.1067  grid=12.8567MB  avg_rad=1.87021  max_rad=3.00833  avg_bbox=37368.3  est_gpts=567849  ns/gpt=2.09931
  [bwd] fft=0.0591848s  integ=0.0573223s  reduce=5.96046e-06s
[NELEC] step = 1  nelec = 4  neInt = 4.000000  dnelc =  1.2390088955e-12
[ENERG] step = 1  eTotl = -5.77975906  eCore = -7.40942901  eCoul = 3.95939295  eExcl = -2.14853245  eNucl = -0.18119054  eDisp = 0.00000000
[ERROR] step = 1  engy error =  2.1998631746e-02  grad error =  0.0000000000e+00  dmat error =  2.3071052226e-01
Timer "SCF cycle: 1" used time: 0.332969 s.

  [fwd-lev1] colloc=3.50475e-05s  tasks=24  us/pair=11.6825  grid=0.525826MB
  [fwd-lev2] colloc=0.00107098s  tasks=9  us/pair=951.979  grid=2.73064MB
  [fwd-lev3] colloc=4.05312e-06s  tasks=29  us/pair=1.1181  grid=12.8567MB
  [fwd] colloc=0.00111008s  reduce=0.00154066s  fft=0.0295291s
  [bwd-lev1] integ=0.0162849s  tasks=24  us/pair=5428.31  grid=0.525826MB  avg_rad=5.01378  max_rad=8.51653  avg_bbox=28869.2  est_gpts=363058  ns/gpt=358.839
  [bwd-lev2] integ=0.0340002s  tasks=9  us/pair=30222.4  grid=2.73064MB  avg_rad=3.64818  max_rad=4.55307  avg_bbox=47149.6  est_gpts=222357  ns/gpt=1223.26
  [bwd-lev3] integ=0.000154018s  tasks=29  us/pair=42.4878  grid=12.8567MB  avg_rad=1.87021  max_rad=3.00833  avg_bbox=37368.3  est_gpts=567849  ns/gpt=2.16985
  [bwd] fft=0.0518041s  integ=0.0504391s  reduce=4.05312e-06s
[NELEC] step = 2  nelec = 4  neInt = 4.000000  dnelc =  1.2398970739e-12
[ENERG] step = 2  eTotl = -5.77975906  eCore = -7.40942901  eCoul = 3.95939295  eExcl = -2.14853245  eNucl = -0.18119054  eDisp = 0.00000000
[ERROR] step = 2  engy error = -1.7763568394e-15  grad error =  0.0000000000e+00  dmat error =  4.4408920985e-16
SCF converged in 2 steps.
  [fwd-lev1] colloc=3.8147e-05s  tasks=24  us/pair=12.7157  grid=0.525826MB
  [fwd-lev2] colloc=0.00118399s  tasks=9  us/pair=1052.43  grid=2.73064MB
  [fwd-lev3] colloc=3.8147e-06s  tasks=29  us/pair=1.05233  grid=12.8567MB
  [fwd] colloc=0.00122595s  reduce=0.0015552s  fft=0.029546s
[GRADIENT] SCF type: GRKS | atoms: 2 | DOF: 6 | time: 0.270 s
  Atom   0:   2.8800298436e-02   3.5971144201e-03  -4.6798814266e-03
  Atom   1:  -2.8799050206e-02  -3.6018187290e-03   4.6722795699e-03
[OPT] step = 0  energy = -5.7797590618  dE =               N/A  grad_max =  2.8800298436e-02  grad_rms =  1.6972950537e-02
[OPT] Geometry optimization did not converge in 1 steps.
Kylin-PBC Done.
Timer "Kylin-PBC main" used time: 1.970643 s.
