Kylin-PBC: v1.0.0

System time = 2026-06-24 02:04:06

OMP threads = 32

KYLIN_PBC_ROOT = "/home/rudin/code/kylin-pbc"
KYLIN_SCR_PATH = "/tmp"
KYLIN_JOB_PATH = "/home/rudin/code/kylin-pbc/art/example/internal/CsI-PBE-gamma-FTDF"

SCF.xcfun                      = PBE
SCF.basis                      = dzvp-sr
SCF.psudo                      = gth-pbe
SCF.kmesh                      = 1 1 1
SCF.gmesh                      = 6.0e-01
SCF.ispin                      = OFF
SCF.dspin                      = 0
SCF.eps_engy                   = 3.7e-09 [AU]
SCF.eps_grad                   = 1.0e-05 [AU]
SCF.eps_dmat                   = 1.0e-03
SCF.chk_load                   = 
SCF.chk_save                   = 
SCF.scf_guess                  = ATOM
SCF.max_cycle                  = 200
SCF.vdw_method                 = NONE
SCF.coul_method                = FTDF
SCF.xchg_method                = LSDF
SCF.xchg_exxocc                = OFF
SCF.xchg_exxace                = NONE
SCF.xchg_robust                = TILE
SCF.xchg_exxdiv                = NONE
SCF.lsdf_cparam                = 30
SCF.lsdf_mparam                = 5
SCF.lsdf_ipslct                = QRCP
SCF.lsdf_chocut                = 1.0e-08
SCF.lsdf_atmcut                = 2.5e+01
SCF.lsdf_aovcut                = 1.0e-07
SCF.lsdf_swzcut                = 0.0e+00
SCF.lsdf_pnocut                = 0.0e+00
SCF.lsdf_nafcut                = 0.0e+00
SCF.mgdf_ntasks                = 4
SCF.mgdf_kratio                = 3.0e+00
SCF.mgdf_cutoff                = 3.0e+02 [AU]
SCF.mgdf_relcut                = 3.0e+01
SCF.mgdf_prprec                = 1.0e-14
SCF.dmx_mix_method             = NONE
SCF.dmx_mix_start              = 1
SCF.dmx_mix_space              = 8
SCF.dmx_mix_alpha              = 3.0e-01
SCF.rho_mix_method             = NONE
SCF.rho_mix_start              = 1
SCF.rho_mix_space              = 8
SCF.rho_mix_alpha              = 3.0e-01
SCF.hks_mix_method             = BROY
SCF.hks_mix_start              = 1
SCF.hks_mix_space              = 8
SCF.hks_mix_alpha              = 3.0e-01
SCF.damp_factor                = 0.0e+00
SCF.level_shift                = 0.0e+00 [AU]
SCF.smear_method               = NONE
SCF.smear_sigma                = 0.0e+00 [AU]
SCF.soc                        = OFF
SCF.soc_window                 = 1.8e+00 [AU]
SCF.print_bandgap              = OFF
SCF.print_time                 = OFF

OPT.opt_method                 = BFGS
OPT.max_cycle                  = 1
OPT.eps_engy                   = 4.0e-06 [AU]
OPT.eps_grad                   = 4.0e-04 [AU]
OPT.trust_limit                = 3.0e-01 [AU]
OPT.damp_factor                = 0.0e+00
OPT.opt_mix_method             = NONE
OPT.opt_mix_start              = 1
OPT.opt_mix_space              = 5
OPT.opt_mix_alpha              = 3.0e-01
OPT.neb_method                 = FIRE
OPT.neb_lclimb                 = ON
OPT.neb_interp                 = IDPP
OPT.neb_nimage                 = 5
OPT.neb_spring                 = 1.0e-02 [AU]
OPT.neb_maxstep                = 7.6e-02 [AU]

PROP.calculation               = NONE
FREQ.freq_method               = FREE2
FREQ.fd_stepsize               = 2.8e-02 [AU]
DOS.dos_method                 = GAUSS
DOS.dos_sigma                  = 3.7e-03 [AU]
DOS.dos_npoint                 = 1001
DOS.dos_emin                   = 0.0e+00 [AU]
DOS.dos_emax                   = 0.0e+00 [AU]

OPT.mdx_ensemble               = NVE
OPT.mdx_thermostat             = NHC
OPT.mdx_max_step               = 0
OPT.mdx_timestep               = 4.0e+01 [AU]
OPT.mdx_temperature            = 9.5e-04 [AU]
OPT.mdx_pressure               = 0.0e+00 [AU]
OPT.mdx_thermo_tau             = 4.0e+03 [AU]
OPT.mdx_baro_tau               = 2.0e+04 [AU]
OPT.mdx_nhc_length             = 3
OPT.mdx_nhc_mts                = 3
OPT.mdx_constraint             = OFF
OPT.mdx_constraint_tol         = 1.0e-10
OPT.mdx_rng_seed               = 42

K-points mesh = 1 1 1

xc functional: "PBE"
is hybrid: NO

Basis Set Name: "dzvp-sr"
number of shell = 6
number of basis = 27
gmesh = 27 27 27

Pseudopotential Name: "gth-pbe"
number of valence electron = 16

OPT Calculation.

==============================================================
                   Geometry Optimization                      
==============================================================
  method      = BFGS
  max_cycle   = 1
  eps_engy    = 4.000000e-06
  eps_grad    = 4.000000e-04
  trust_limit = 0.300000
  natom       = 2
  nfree       = 6 / 6
==============================================================

--------------------------------------------------------------
  OPT step 0
--------------------------------------------------------------
[OPT] Cell structure (Angstrom):
       4.56700000       0.00000000       0.00000000
       0.00000000       4.56700000       0.00000000
       0.00000000       0.00000000       4.56700000

Cart
Cs         0.00000000       0.00000000       0.00000000   T T T
I          2.38350000       2.33350000       2.31350000   T T T

[OPT] Cell written to /home/rudin/code/kylin-pbc/art/example/internal/CsI-PBE-gamma-FTDF/opt_img/cell_opt_0.txt
[NELEC] step = 0  nelec = 16  neInt = 16.000000  dnelc = -4.4408920985e-13
[ENERG] step = 0  eTotl = -30.26016986  eCore = 0.05075389  eCoul = 1.65640771  eExcl = -4.75398139  eNucl = -27.21335006  eDisp = 0.00000000
[ERROR] step = 0  engy error =  0.0000000000e+00  grad error =  0.0000000000e+00  dmat error =  0.0000000000e+00
Timer "SCF cycle: 0" used time: 0.178023 s.

[NELEC] step = 1  nelec = 16  neInt = 16.000000  dnelc = -1.0267342532e-12
[ENERG] step = 1  eTotl = -31.41753616  eCore = -3.45470379  eCoul = 5.10940240  eExcl = -5.85888471  eNucl = -27.21335006  eDisp = 0.00000000
[ERROR] step = 1  engy error = -1.1573663035e+00  grad error =  0.0000000000e+00  dmat error =  3.5772690315e+01
Timer "SCF cycle: 1" used time: 0.040066 s.

[NELEC] step = 2  nelec = 16  neInt = 16.000000  dnelc = -4.6718184876e-13
[ENERG] step = 2  eTotl = -31.50468807  eCore = -3.33201719  eCoul = 4.82012994  eExcl = -5.77945076  eNucl = -27.21335006  eDisp = 0.00000000
[ERROR] step = 2  engy error = -8.7151907157e-02  grad error =  0.0000000000e+00  dmat error =  1.9534628065e+01
Timer "SCF cycle: 2" used time: 0.039879 s.

[NELEC] step = 3  nelec = 16  neInt = 16.000000  dnelc = -5.1514348343e-14
[ENERG] step = 3  eTotl = -31.56738415  eCore = -2.98973801  eCoul = 4.25273126  eExcl = -5.61702734  eNucl = -27.21335006  eDisp = 0.00000000
[ERROR] step = 3  engy error = -6.2696088651e-02  grad error =  0.0000000000e+00  dmat error =  1.5676235461e+01
Timer "SCF cycle: 3" used time: 0.039845 s.

[NELEC] step = 4  nelec = 16  neInt = 16.000000  dnelc = -4.4408920985e-14
[ENERG] step = 4  eTotl = -31.56762314  eCore = -3.01068124  eCoul = 4.28173226  eExcl = -5.62532410  eNucl = -27.21335006  eDisp = 0.00000000
[ERROR] step = 4  engy error = -2.3898550119e-04  grad error =  0.0000000000e+00  dmat error =  2.5393192306e-01
Timer "SCF cycle: 4" used time: 0.039815 s.

[NELEC] step = 5  nelec = 16  neInt = 16.000000  dnelc = -4.0856207306e-14
[ENERG] step = 5  eTotl = -31.56759459  eCore = -2.99833801  eCoul = 4.26453933  eExcl = -5.62044585  eNucl = -27.21335006  eDisp = 0.00000000
[ERROR] step = 5  engy error =  2.8545579276e-05  grad error =  0.0000000000e+00  dmat error =  1.5941549642e-01
Timer "SCF cycle: 5" used time: 0.039827 s.

[NELEC] step = 6  nelec = 16  neInt = 16.000000  dnelc = -6.0396132540e-14
[ENERG] step = 6  eTotl = -31.56763004  eCore = -3.00408172  eCoul = 4.27259667  eExcl = -5.62279493  eNucl = -27.21335006  eDisp = 0.00000000
[ERROR] step = 6  engy error = -3.5442682474e-05  grad error =  0.0000000000e+00  dmat error =  7.6144141713e-02
Timer "SCF cycle: 6" used time: 0.039875 s.

[NELEC] step = 7  nelec = 16  neInt = 16.000000  dnelc = -4.4408920985e-14
[ENERG] step = 7  eTotl = -31.56763596  eCore = -3.00745524  eCoul = 4.27733482  eExcl = -5.62416547  eNucl = -27.21335006  eDisp = 0.00000000
[ERROR] step = 7  engy error = -5.9227861193e-06  grad error =  0.0000000000e+00  dmat error =  4.5321977879e-02
Timer "SCF cycle: 7" used time: 0.039894 s.

[NELEC] step = 8  nelec = 16  neInt = 16.000000  dnelc = -4.4408920985e-14
[ENERG] step = 8  eTotl = -31.56763596  eCore = -3.00738431  eCoul = 4.27722377  eExcl = -5.62412536  eNucl = -27.21335006  eDisp = 0.00000000
[ERROR] step = 8  engy error = -2.4280311095e-09  grad error =  0.0000000000e+00  dmat error =  4.8069502413e-04
SCF converged in 8 steps.
[GRADIENT] SCF type: GRKS | atoms: 2 | DOF: 6 | time: 0.686 s
  Atom   0:   3.8653024919e-03   1.9608685174e-03   1.1788076730e-03
  Atom   1:  -3.8529092635e-03  -2.0066830033e-03  -1.2324851568e-03
[OPT] step = 0  energy = -31.5676359627  dE =               N/A  grad_max =  3.8653024919e-03  grad_rms =  2.6001878893e-03
[OPT] Geometry optimization did not converge in 1 steps.
Kylin-PBC Done.
Timer "Kylin-PBC main" used time: 1.547527 s.
