Kylin-PBC: v1.0.0

System time = 2026-09-30 20:11:33

OMP threads = 32

KYLIN_PBC_ROOT = "/home/rudin/code/kylin-pbc"
KYLIN_SCR_PATH = "/tmp"
KYLIN_JOB_PATH = "/home/rudin/tmp-review-ionic/CsI16/full/c15"

SCF.xcfun                      = HSE06
SCF.basis                      = dzvp-sr
SCF.psudo                      = gth-pbe
SCF.kmesh                      = 1 1 1
SCF.gmesh                      = 5.0e-01
SCF.ispin                      = OFF
SCF.dspin                      = 0
SCF.eps_engy                   = 3.7e-09 [AU]
SCF.eps_grad                   = 1.0e-05 [AU]
SCF.eps_dmat                   = 1.0e-03
SCF.chk_load                   = 
SCF.chk_save                   = 
SCF.scf_guess                  = ATOM
SCF.max_cycle                  = 200
SCF.vdw_method                 = NONE
SCF.coul_method                = MGDF
SCF.xchg_method                = LSDF
SCF.xchg_exxocc                = OFF
SCF.xchg_exxace                = NONE
SCF.xchg_robust                = FULL
SCF.xchg_exxdiv                = EWALD
SCF.xchg_dropG0                = ON
SCF.lsdf_cparam                = 15
SCF.lsdf_mparam                = 5
SCF.lsdf_ipslct                = QRCP
SCF.lsdf_chocut                = 1.0e-08
SCF.lsdf_atmcut                = 2.5e+01
SCF.lsdf_aovcut                = 1.0e-07
SCF.lsdf_swzcut                = 0.0e+00
SCF.lsdf_pnocut                = 0.0e+00
SCF.lsdf_nafcut                = 0.0e+00
SCF.mgdf_ntasks                = 4
SCF.mgdf_kratio                = 3.0e+00
SCF.mgdf_cutoff                = 3.0e+02 [AU]
SCF.mgdf_relcut                = 3.0e+01
SCF.mgdf_prprec                = 1.0e-14
SCF.dmx_mix_method             = NONE
SCF.dmx_mix_start              = 1
SCF.dmx_mix_space              = 8
SCF.dmx_mix_alpha              = 3.0e-01
SCF.rho_mix_method             = NONE
SCF.rho_mix_start              = 1
SCF.rho_mix_space              = 8
SCF.rho_mix_alpha              = 3.0e-01
SCF.hks_mix_method             = BROY
SCF.hks_mix_start              = 1
SCF.hks_mix_space              = 8
SCF.hks_mix_alpha              = 3.0e-01
SCF.damp_factor                = 0.0e+00
SCF.level_shift                = 0.0e+00 [AU]
SCF.smear_method               = NONE
SCF.smear_sigma                = 0.0e+00 [AU]
SCF.soc                        = OFF
SCF.soc_window                 = 1.8e+00 [AU]
SCF.print_bandgap              = OFF
SCF.print_time                 = OFF

OPT.opt_method                 = BFGS
OPT.max_cycle                  = 1
OPT.eps_engy                   = 4.0e-06 [AU]
OPT.eps_grad                   = 4.0e-04 [AU]
OPT.trust_limit                = 3.0e-01 [AU]
OPT.damp_factor                = 0.0e+00
OPT.opt_mix_method             = NONE
OPT.opt_mix_start              = 1
OPT.opt_mix_space              = 5
OPT.opt_mix_alpha              = 3.0e-01
OPT.neb_method                 = FIRE
OPT.neb_lclimb                 = ON
OPT.neb_interp                 = IDPP
OPT.neb_nimage                 = 5
OPT.neb_spring                 = 1.0e-02 [AU]
OPT.neb_maxstep                = 7.6e-02 [AU]

PROP.calculation               = NONE
FREQ.freq_method               = FREE2
FREQ.fd_stepsize               = 2.8e-02 [AU]
DOS.dos_method                 = GAUSS
DOS.dos_sigma                  = 3.7e-03 [AU]
DOS.dos_npoint                 = 1001
DOS.dos_emin                   = 0.0e+00 [AU]
DOS.dos_emax                   = 0.0e+00 [AU]

OPT.mdx_ensemble               = NVE
OPT.mdx_thermostat             = NHC
OPT.mdx_max_step               = 0
OPT.mdx_timestep               = 4.0e+01 [AU]
OPT.mdx_temperature            = 9.5e-04 [AU]
OPT.mdx_pressure               = 0.0e+00 [AU]
OPT.mdx_thermo_tau             = 4.0e+03 [AU]
OPT.mdx_baro_tau               = 2.0e+04 [AU]
OPT.mdx_nhc_length             = 3
OPT.mdx_nhc_mts                = 3
OPT.mdx_constraint             = OFF
OPT.mdx_constraint_tol         = 1.0e-10
OPT.mdx_rng_seed               = 42

K-points mesh = 1 1 1

xc functional: "HSE06"
is hybrid: YES
HFX coeff: 0.25

Basis Set Name: "dzvp-sr"
number of shell = 48
number of basis = 216
gmesh = 44 44 44

Pseudopotential Name: "gth-pbe"
number of valence electron = 128

OPT Calculation.

==============================================================
                   Geometry Optimization                      
==============================================================
  method      = BFGS
  max_cycle   = 1
  eps_engy    = 4.000000e-06
  eps_grad    = 4.000000e-04
  trust_limit = 0.300000
  natom       = 16
  nfree       = 48 / 48
==============================================================

--------------------------------------------------------------
  OPT step 0
--------------------------------------------------------------
[OPT] Cell structure (Angstrom):
       9.13400000       0.00000000       0.00000000
       0.00000000       9.13400000       0.00000000
       0.00000000       0.00000000       9.13400000

Cart
Cs         0.00000000       0.00000000       0.00000000   T T T
I          2.38350000       2.33350000       2.31350000   T T T
Cs         0.00000000       0.00000000       4.56700000   T T T
I          2.28350000       2.28350000       6.85050000   T T T
Cs         0.00000000       4.56700000       0.00000000   T T T
I          2.28350000       6.85050000       2.28350000   T T T
Cs         0.00000000       4.56700000       4.56700000   T T T
I          2.28350000       6.85050000       6.85050000   T T T
Cs         4.56700000       0.00000000       0.00000000   T T T
I          6.85050000       2.28350000       2.28350000   T T T
Cs         4.56700000       0.00000000       4.56700000   T T T
I          6.85050000       2.28350000       6.85050000   T T T
Cs         4.56700000       4.56700000       0.00000000   T T T
I          6.85050000       6.85050000       2.28350000   T T T
Cs         4.56700000       4.56700000       4.56700000   T T T
I          6.85050000       6.85050000       6.85050000   T T T

[OPT] Cell written to /home/rudin/tmp-review-ionic/CsI16/full/c15/opt_img/cell_opt_0.txt
[LSDF] gmesh = (44, 44, 44), ngrid = 85184, naofn = 216, natom = 16
Timer "[LSDF] Voronoi partition" used time: 0.001632 s.
Timer "[LSDF] AO evaluation + screening" used time: 0.302518 s.
[LSDF] IP method: randomized QRCP (c=15, m=5)
[LSDF] total IPs selected: 3320 (3.8974% of grid)
Timer "[LSDF] IP selection" used time: 0.209281 s.
Timer "[LSDF] aux basis fitting" used time: 0.050057 s.
[LSDF] Step 5 diagnostics: natom=16, ngrid=85184, naux_total=3320
[LSDF]   OMP threads=32, MKL threads=32
[LSDF]   Vmat_loc total size: 3320 x 85184 = 2.11 GB
Timer "[LSDF]   5a Vmat_loc alloc+FFT" used time: 0.110358 s.
[LSDF]   W size: 3320 x 3320 = 84.09 MB, max_npart=5347
Timer "[LSDF]   5b W construction (DGEMM)" used time: 0.061541 s.
Timer "[LSDF]   5c Wmat symmetrize" used time: 0.004588 s.
[LSDF]   robust_mode=FULL: keeping Vmat_loc (2.11 GB) in atom ordering
Timer "[LSDF] V/W construction" used time: 0.176546 s.
[LSDF] xchg phases: A=0.001 s, B(K_W)=0.006 s, C(K_V)=0.300 s, E(reduce)=0.001 s
[NELEC] step = 0  nelec = 128  neInt = 128.000000  dnelc = -2.7990409990e-09
[ENERG] step = 0  eTotl = -251.70635278  eCore = -20.81066899  eCoul = 30.26755899  eExcl = -43.39436967  eNucl = -217.76887312  eDisp = 0.00000000
[ERROR] step = 0  engy error =  0.0000000000e+00  grad error =  0.0000000000e+00  dmat error =  0.0000000000e+00
Timer "SCF cycle: 0" used time: 2.557714 s.

[LSDF] xchg phases: A=0.002 s, B(K_W)=0.013 s, C(K_V)=0.156 s, E(reduce)=0.001 s
[NELEC] step = 1  nelec = 128  neInt = 128.000000  dnelc =  4.9436721383e-10
[ENERG] step = 1  eTotl = -253.67254907  eCore = -24.16926366  eCoul = 32.50273771  eExcl = -44.23715000  eNucl = -217.76887312  eDisp = 0.00000000
[ERROR] step = 1  engy error = -1.9661962848e+00  grad error =  0.0000000000e+00  dmat error =  1.0241359800e+00
Timer "SCF cycle: 1" used time: 2.490726 s.

[LSDF] xchg phases: A=0.001 s, B(K_W)=0.004 s, C(K_V)=0.285 s, E(reduce)=0.001 s
[NELEC] step = 2  nelec = 128  neInt = 128.000000  dnelc = -2.4435564683e-10
[ENERG] step = 2  eTotl = -253.67825161  eCore = -24.08779216  eCoul = 32.39713851  eExcl = -44.21872484  eNucl = -217.76887312  eDisp = 0.00000000
[ERROR] step = 2  engy error = -5.7025394173e-03  grad error =  0.0000000000e+00  dmat error =  1.1960762852e-01
Timer "SCF cycle: 2" used time: 2.583786 s.

[LSDF] xchg phases: A=0.000 s, B(K_W)=0.005 s, C(K_V)=0.171 s, E(reduce)=0.001 s
[NELEC] step = 3  nelec = 128  neInt = 128.000000  dnelc = -1.5762253724e-09
[ENERG] step = 3  eTotl = -253.68203604  eCore = -23.91403432  eCoul = 32.17412568  eExcl = -44.17325428  eNucl = -217.76887312  eDisp = 0.00000000
[ERROR] step = 3  engy error = -3.7844301379e-03  grad error =  0.0000000000e+00  dmat error =  2.3424826644e-01
Timer "SCF cycle: 3" used time: 2.396932 s.

[LSDF] xchg phases: A=0.001 s, B(K_W)=0.005 s, C(K_V)=0.084 s, E(reduce)=0.001 s
[NELEC] step = 4  nelec = 128  neInt = 128.000000  dnelc = -1.3572361013e-09
[ENERG] step = 4  eTotl = -253.68223618  eCore = -23.92851313  eCoul = 32.18900909  eExcl = -44.17385902  eNucl = -217.76887312  eDisp = 0.00000000
[ERROR] step = 4  engy error = -2.0013722653e-04  grad error =  0.0000000000e+00  dmat error =  3.1851995625e-02
Timer "SCF cycle: 4" used time: 2.332915 s.

[LSDF] xchg phases: A=0.001 s, B(K_W)=0.008 s, C(K_V)=0.106 s, E(reduce)=0.001 s
[NELEC] step = 5  nelec = 128  neInt = 128.000000  dnelc = -1.2493188706e-09
[ENERG] step = 5  eTotl = -253.68225492  eCore = -23.93914471  eCoul = 32.20275762  eExcl = -44.17699471  eNucl = -217.76887312  eDisp = 0.00000000
[ERROR] step = 5  engy error = -1.8746260196e-05  grad error =  0.0000000000e+00  dmat error =  1.5192480243e-02
Timer "SCF cycle: 5" used time: 2.411960 s.

[LSDF] xchg phases: A=0.000 s, B(K_W)=0.009 s, C(K_V)=0.179 s, E(reduce)=0.001 s
[NELEC] step = 6  nelec = 128  neInt = 128.000000  dnelc = -1.2353069678e-09
[ENERG] step = 6  eTotl = -253.68225596  eCore = -23.94226968  eCoul = 32.20779830  eExcl = -44.17891147  eNucl = -217.76887312  eDisp = 0.00000000
[ERROR] step = 6  engy error = -1.0425792425e-06  grad error =  0.0000000000e+00  dmat error =  1.7094308209e-03
Timer "SCF cycle: 6" used time: 2.458000 s.

[LSDF] xchg phases: A=0.000 s, B(K_W)=0.004 s, C(K_V)=0.098 s, E(reduce)=0.001 s
[NELEC] step = 7  nelec = 128  neInt = 128.000000  dnelc = -1.2279883777e-09
[ENERG] step = 7  eTotl = -253.68225604  eCore = -23.94325526  eCoul = 32.20925076  eExcl = -44.17937843  eNucl = -217.76887312  eDisp = 0.00000000
[ERROR] step = 7  engy error = -7.9486653703e-08  grad error =  0.0000000000e+00  dmat error =  9.2400618027e-04
Timer "SCF cycle: 7" used time: 2.338561 s.

[NELEC] step = 8  nelec = 128  neInt = 128.000000  dnelc = -1.2275336303e-09
[ENERG] step = 8  eTotl = -253.68225603  eCore = -23.94350441  eCoul = 32.20970670  eExcl = -44.17958520  eNucl = -217.76887312  eDisp = 0.00000000
[ERROR] step = 8  engy error =  1.5413434085e-08  grad error =  0.0000000000e+00  dmat error =  6.6801742877e-05
Timer "SCF cycle: 8" used time: 2.528526 s.

[NELEC] step = 9  nelec = 128  neInt = 128.000000  dnelc = -1.2273204675e-09
[ENERG] step = 9  eTotl = -253.68225604  eCore = -23.94345934  eCoul = 32.20961594  eExcl = -44.17953952  eNucl = -217.76887312  eDisp = 0.00000000
[ERROR] step = 9  engy error = -9.8738439647e-09  grad error =  0.0000000000e+00  dmat error =  3.4473102177e-05
Timer "SCF cycle: 9" used time: 2.312898 s.

[NELEC] step = 10  nelec = 128  neInt = 128.000000  dnelc = -1.2271499372e-09
[ENERG] step = 10  eTotl = -253.68225604  eCore = -23.94344277  eCoul = 32.20958231  eExcl = -44.17952246  eNucl = -217.76887312  eDisp = 0.00000000
[ERROR] step = 10  engy error = -2.1402115635e-09  grad error =  0.0000000000e+00  dmat error =  1.4660413541e-05
SCF converged in 10 steps.
[LSDF] xchg_d10: ISDF-robust path (K_V + K_V~ - K_IP)
[GRADIENT] SCF type: GRKS | atoms: 16 | DOF: 48 | time: 33.774 s
  Atom   0:  -1.0193304419e-04  -7.7655058356e-05  -5.0648863148e-05
  Atom   1:   1.5356018465e-03   7.7077147884e-04   4.7159862211e-04
  Atom   2:  -9.2282879017e-05  -6.2984658169e-05   7.0659506851e-06
  Atom   3:   4.2725563034e-04   2.0707333352e-04  -2.7791888164e-04
  Atom   4:  -8.9083957489e-05  -3.2285170356e-06  -3.6428131445e-05
  Atom   5:   4.2390500469e-04  -4.5861767347e-04   1.4866857892e-04
  Atom   6:  -7.3318883144e-05  -2.1419986842e-05  -1.2947701427e-05
  Atom   7:   1.2277174853e-04  -6.3494639308e-05  -4.1208313801e-05
  Atom   8:  -7.4840713443e-05  -1.0984445877e-05  -5.0359925282e-06
  Atom   9:  -9.1253999596e-04   2.1548573979e-04   1.2197168108e-04
  Atom  10:  -8.6003155848e-05   5.1167531204e-05  -8.3194671637e-05
  Atom  11:  -1.1132967101e-04   6.2274680503e-05  -3.0296250149e-05
  Atom  12:  -1.5621935767e-04  -1.3297856923e-04   9.7710586558e-05
  Atom  13:  -1.2431071379e-04  -6.6951625822e-05   3.4399201925e-05
  Atom  14:  -2.5171388888e-04  -2.2192046726e-04  -2.3011751771e-04
  Atom  15:  -3.6884514923e-04  -1.8211780114e-04  -1.0001760781e-04
[OPT] step = 0  energy = -253.6822560402  dE =               N/A  grad_max =  1.5356018465e-03  grad_rms =  3.3255342900e-04
[OPT] Geometry optimization did not converge in 1 steps.
Kylin-PBC Done.
Timer "Kylin-PBC main" used time: 63.17475 s.
