Kylin-PBC: v1.0.0

System time = 2026-09-30 19:51:46

OMP threads = 32

KYLIN_PBC_ROOT = "/home/rudin/code/kylin-pbc"
KYLIN_SCR_PATH = "/tmp"
KYLIN_JOB_PATH = "/home/rudin/tmp-review-ionic/LiH16/none/c60"

SCF.xcfun                      = HSE06
SCF.basis                      = dzvp-sr
SCF.psudo                      = gth-pbe
SCF.kmesh                      = 1 1 1
SCF.gmesh                      = 5.0e-01
SCF.ispin                      = OFF
SCF.dspin                      = 0
SCF.eps_engy                   = 3.7e-09 [AU]
SCF.eps_grad                   = 1.0e-05 [AU]
SCF.eps_dmat                   = 1.0e-03
SCF.chk_load                   = 
SCF.chk_save                   = 
SCF.scf_guess                  = ATOM
SCF.max_cycle                  = 200
SCF.vdw_method                 = NONE
SCF.coul_method                = MGDF
SCF.xchg_method                = LSDF
SCF.xchg_exxocc                = OFF
SCF.xchg_exxace                = NONE
SCF.xchg_robust                = NONE
SCF.xchg_exxdiv                = EWALD
SCF.xchg_dropG0                = ON
SCF.lsdf_cparam                = 60
SCF.lsdf_mparam                = 5
SCF.lsdf_ipslct                = QRCP
SCF.lsdf_chocut                = 1.0e-08
SCF.lsdf_atmcut                = 2.5e+01
SCF.lsdf_aovcut                = 1.0e-07
SCF.lsdf_swzcut                = 0.0e+00
SCF.lsdf_pnocut                = 0.0e+00
SCF.lsdf_nafcut                = 0.0e+00
SCF.mgdf_ntasks                = 4
SCF.mgdf_kratio                = 3.0e+00
SCF.mgdf_cutoff                = 3.0e+02 [AU]
SCF.mgdf_relcut                = 3.0e+01
SCF.mgdf_prprec                = 1.0e-14
SCF.dmx_mix_method             = NONE
SCF.dmx_mix_start              = 1
SCF.dmx_mix_space              = 8
SCF.dmx_mix_alpha              = 3.0e-01
SCF.rho_mix_method             = NONE
SCF.rho_mix_start              = 1
SCF.rho_mix_space              = 8
SCF.rho_mix_alpha              = 3.0e-01
SCF.hks_mix_method             = BROY
SCF.hks_mix_start              = 1
SCF.hks_mix_space              = 8
SCF.hks_mix_alpha              = 3.0e-01
SCF.damp_factor                = 0.0e+00
SCF.level_shift                = 0.0e+00 [AU]
SCF.smear_method               = NONE
SCF.smear_sigma                = 0.0e+00 [AU]
SCF.soc                        = OFF
SCF.soc_window                 = 1.8e+00 [AU]
SCF.print_bandgap              = OFF
SCF.print_time                 = OFF

OPT.opt_method                 = BFGS
OPT.max_cycle                  = 1
OPT.eps_engy                   = 4.0e-06 [AU]
OPT.eps_grad                   = 4.0e-04 [AU]
OPT.trust_limit                = 3.0e-01 [AU]
OPT.damp_factor                = 0.0e+00
OPT.opt_mix_method             = NONE
OPT.opt_mix_start              = 1
OPT.opt_mix_space              = 5
OPT.opt_mix_alpha              = 3.0e-01
OPT.neb_method                 = FIRE
OPT.neb_lclimb                 = ON
OPT.neb_interp                 = IDPP
OPT.neb_nimage                 = 5
OPT.neb_spring                 = 1.0e-02 [AU]
OPT.neb_maxstep                = 7.6e-02 [AU]

PROP.calculation               = NONE
FREQ.freq_method               = FREE2
FREQ.fd_stepsize               = 2.8e-02 [AU]
DOS.dos_method                 = GAUSS
DOS.dos_sigma                  = 3.7e-03 [AU]
DOS.dos_npoint                 = 1001
DOS.dos_emin                   = 0.0e+00 [AU]
DOS.dos_emax                   = 0.0e+00 [AU]

OPT.mdx_ensemble               = NVE
OPT.mdx_thermostat             = NHC
OPT.mdx_max_step               = 0
OPT.mdx_timestep               = 4.0e+01 [AU]
OPT.mdx_temperature            = 9.5e-04 [AU]
OPT.mdx_pressure               = 0.0e+00 [AU]
OPT.mdx_thermo_tau             = 4.0e+03 [AU]
OPT.mdx_baro_tau               = 2.0e+04 [AU]
OPT.mdx_nhc_length             = 3
OPT.mdx_nhc_mts                = 3
OPT.mdx_constraint             = OFF
OPT.mdx_constraint_tol         = 1.0e-10
OPT.mdx_rng_seed               = 42

K-points mesh = 1 1 1

xc functional: "HSE06"
is hybrid: YES
HFX coeff: 0.25

Basis Set Name: "dzvp-sr"
number of shell = 32
number of basis = 88
gmesh = 50 50 99

Pseudopotential Name: "gth-pbe"
number of valence electron = 32

OPT Calculation.

==============================================================
                   Geometry Optimization                      
==============================================================
  method      = BFGS
  max_cycle   = 1
  eps_engy    = 4.000000e-06
  eps_grad    = 4.000000e-04
  trust_limit = 0.300000
  natom       = 16
  nfree       = 48 / 48
==============================================================

--------------------------------------------------------------
  OPT step 0
--------------------------------------------------------------
[OPT] Cell structure (Angstrom):
       4.08300000       0.00000000       0.00000000
       0.00000000       4.08300000       0.00000000
       0.00000000       0.00000000       8.16600000

Cart
Li         0.00000000       0.00000000       0.00000000   T T T
Li         0.10000000       2.09150000       2.07150000   T T T
Li         2.04150000       0.00000000       2.04150000   T T T
Li         2.04150000       2.04150000       0.00000000   T T T
H          2.04150000       2.04150000       2.04150000   T T T
H          2.04150000       4.08300000       4.08300000   T T T
H          4.08300000       2.04150000       4.08300000   T T T
H          4.08300000       4.08300000       2.04150000   T T T
Li         0.00000000       0.00000000       4.08300000   T T T
Li         0.00000000       2.04150000       6.12450000   T T T
Li         2.04150000       0.00000000       6.12450000   T T T
Li         2.04150000       2.04150000       4.08300000   T T T
H          2.04150000       2.04150000       6.12450000   T T T
H          2.04150000       4.08300000       8.16600000   T T T
H          4.08300000       2.04150000       8.16600000   T T T
H          4.08300000       4.08300000       6.12450000   T T T

[OPT] Cell written to /home/rudin/tmp-review-ionic/LiH16/none/c60/opt_img/cell_opt_0.txt
[LSDF] gmesh = (50, 50, 99), ngrid = 247500, naofn = 88, natom = 16
Timer "[LSDF] Voronoi partition" used time: 0.006181 s.
Timer "[LSDF] AO evaluation + screening" used time: 1.100571 s.
[LSDF] IP method: randomized QRCP (c=60, m=5)
[LSDF] total IPs selected: 5360 (2.1657% of grid)
Timer "[LSDF] IP selection" used time: 1.391611 s.
Timer "[LSDF] aux basis fitting" used time: 0.528392 s.
[LSDF] Step 5 diagnostics: natom=16, ngrid=247500, naux_total=5360
[LSDF]   OMP threads=32, MKL threads=32
[LSDF]   Vmat_loc total size: 5360 x 247500 = 9.88 GB
Timer "[LSDF]   5a Vmat_loc alloc+FFT" used time: 0.604332 s.
[LSDF]   W size: 5360 x 5360 = 219.19 MB, max_npart=15655
Timer "[LSDF]   5b W construction (DGEMM)" used time: 0.247404 s.
Timer "[LSDF]   5c Wmat symmetrize" used time: 0.012617 s.
[LSDF]   robust_mode=NONE: freeing Vmat_loc
Timer "[LSDF] V/W construction" used time: 1.404956 s.
[LSDF] xchg phases: A=0.001 s, B(K_W)=0.005 s, C(K_V)=0.000 s, E(reduce)=0.000 s
[NELEC] step = 0  nelec = 32  neInt = 32.000000  dnelc =  1.4702898454e-08
[ENERG] step = 0  eTotl = -59.09358285  eCore = -24.56285827  eCoul = 7.55157688  eExcl = -14.93240821  eNucl = -27.14989324  eDisp = 0.00000000
[ERROR] step = 0  engy error =  0.0000000000e+00  grad error =  0.0000000000e+00  dmat error =  0.0000000000e+00
Timer "SCF cycle: 0" used time: 0.820548 s.

[LSDF] xchg phases: A=0.000 s, B(K_W)=0.005 s, C(K_V)=0.000 s, E(reduce)=0.000 s
[NELEC] step = 1  nelec = 32  neInt = 32.000001  dnelc =  6.7077194643e-07
[ENERG] step = 1  eTotl = -64.07225088  eCore = -35.36109901  eCoul = 17.06112656  eExcl = -18.62238519  eNucl = -27.14989324  eDisp = 0.00000000
[ERROR] step = 1  engy error = -4.9786680314e+00  grad error =  0.0000000000e+00  dmat error =  6.2774114903e+00
Timer "SCF cycle: 1" used time: 0.794552 s.

[LSDF] xchg phases: A=0.002 s, B(K_W)=0.019 s, C(K_V)=0.000 s, E(reduce)=0.000 s
[NELEC] step = 2  nelec = 32  neInt = 32.000000  dnelc =  4.4038872460e-07
[ENERG] step = 2  eTotl = -64.14250812  eCore = -35.24529205  eCoul = 16.75856166  eExcl = -18.50588448  eNucl = -27.14989324  eDisp = 0.00000000
[ERROR] step = 2  engy error = -7.0257238996e-02  grad error =  0.0000000000e+00  dmat error =  1.7950645649e+00
Timer "SCF cycle: 2" used time: 0.808987 s.

[LSDF] xchg phases: A=0.000 s, B(K_W)=0.005 s, C(K_V)=0.000 s, E(reduce)=0.000 s
[NELEC] step = 3  nelec = 32  neInt = 32.000000  dnelc = -6.3057864708e-08
[ENERG] step = 3  eTotl = -64.20211143  eCore = -34.87369098  eCoul = 16.03348128  eExcl = -18.21200849  eNucl = -27.14989324  eDisp = 0.00000000
[ERROR] step = 3  engy error = -5.9603309661e-02  grad error =  0.0000000000e+00  dmat error =  2.5113249973e+00
Timer "SCF cycle: 3" used time: 0.801887 s.

[LSDF] xchg phases: A=0.000 s, B(K_W)=0.005 s, C(K_V)=0.000 s, E(reduce)=0.000 s
[NELEC] step = 4  nelec = 32  neInt = 32.000000  dnelc = -4.3737113486e-08
[ENERG] step = 4  eTotl = -64.20283673  eCore = -34.89521386  eCoul = 16.06081044  eExcl = -18.21854007  eNucl = -27.14989324  eDisp = 0.00000000
[ERROR] step = 4  engy error = -7.2530092083e-04  grad error =  0.0000000000e+00  dmat error =  7.8952999192e-02
Timer "SCF cycle: 4" used time: 0.791278 s.

[LSDF] xchg phases: A=0.001 s, B(K_W)=0.005 s, C(K_V)=0.000 s, E(reduce)=0.000 s
[NELEC] step = 5  nelec = 32  neInt = 32.000000  dnelc = -2.3938511617e-08
[ENERG] step = 5  eTotl = -64.20303956  eCore = -34.91550911  eCoul = 16.08934299  eExcl = -18.22698019  eNucl = -27.14989324  eDisp = 0.00000000
[ERROR] step = 5  engy error = -2.0283175796e-04  grad error =  0.0000000000e+00  dmat error =  7.6532048978e-02
Timer "SCF cycle: 5" used time: 0.789420 s.

[LSDF] xchg phases: A=0.000 s, B(K_W)=0.005 s, C(K_V)=0.000 s, E(reduce)=0.000 s
[NELEC] step = 6  nelec = 32  neInt = 32.000000  dnelc = -2.2178983983e-08
[ENERG] step = 6  eTotl = -64.20304231  eCore = -34.91693980  eCoul = 16.09200059  eExcl = -18.22820986  eNucl = -27.14989324  eDisp = 0.00000000
[ERROR] step = 6  engy error = -2.7538464593e-06  grad error =  0.0000000000e+00  dmat error =  6.9647126980e-03
Timer "SCF cycle: 6" used time: 0.786715 s.

[LSDF] xchg phases: A=0.000 s, B(K_W)=0.005 s, C(K_V)=0.000 s, E(reduce)=0.000 s
[NELEC] step = 7  nelec = 32  neInt = 32.000000  dnelc = -2.1881675139e-08
[ENERG] step = 7  eTotl = -64.20304256  eCore = -34.91690525  eCoul = 16.09258007  eExcl = -18.22882414  eNucl = -27.14989324  eDisp = 0.00000000
[ERROR] step = 7  engy error = -2.4458178416e-07  grad error =  0.0000000000e+00  dmat error =  1.8267613046e-03
Timer "SCF cycle: 7" used time: 0.784335 s.

[NELEC] step = 8  nelec = 32  neInt = 32.000000  dnelc = -2.2022511814e-08
[ENERG] step = 8  eTotl = -64.20304254  eCore = -34.91675672  eCoul = 16.09238238  eExcl = -18.22877496  eNucl = -27.14989324  eDisp = 0.00000000
[ERROR] step = 8  engy error =  1.6622024646e-08  grad error =  0.0000000000e+00  dmat error =  5.6944839777e-04
Timer "SCF cycle: 8" used time: 0.784319 s.

[NELEC] step = 9  nelec = 32  neInt = 32.000000  dnelc = -2.1951450435e-08
[ENERG] step = 9  eTotl = -64.20304255  eCore = -34.91681883  eCoul = 16.09248800  eExcl = -18.22881848  eNucl = -27.14989324  eDisp = 0.00000000
[ERROR] step = 9  engy error = -4.5631622925e-09  grad error =  0.0000000000e+00  dmat error =  2.7436553677e-04
Timer "SCF cycle: 9" used time: 0.787380 s.

[NELEC] step = 10  nelec = 32  neInt = 32.000000  dnelc = -2.1954477347e-08
[ENERG] step = 10  eTotl = -64.20304254  eCore = -34.91681805  eCoul = 16.09248174  eExcl = -18.22881300  eNucl = -27.14989324  eDisp = 0.00000000
[ERROR] step = 10  engy error =  7.3052319749e-10  grad error =  0.0000000000e+00  dmat error =  4.0459874413e-05
SCF converged in 10 steps.
[LSDF] xchg_d10: robust_mode=NONE, no V data -> full-grid FFT path
[GRADIENT] SCF type: GRKS | atoms: 16 | DOF: 48 | time: 31.571 s
  Atom   0:  -5.4212094303e-04  -5.8307803804e-04  -2.4894205867e-04
  Atom   1:  -5.3858374006e-03  -2.8300549934e-03  -7.3741291627e-04
  Atom   2:  -3.0085411501e-03  -1.5338696524e-03   5.6593842268e-04
  Atom   3:  -1.1644446512e-03  -2.7687290705e-04  -2.2926929457e-04
  Atom   4:   8.8682739682e-03   1.8883092140e-03  -1.5087424499e-04
  Atom   5:  -5.9746984779e-06   5.7857930613e-06   1.5979693053e-04
  Atom   6:  -3.3693683683e-04  -1.4893011747e-04   1.1936306890e-03
  Atom   7:   3.7193445841e-03   4.5413944591e-03  -1.3950271937e-04
  Atom   8:  -5.4239520923e-04  -6.5209776466e-04  -6.9852104808e-04
  Atom   9:  -1.1028705843e-04  -5.6743821179e-05  -1.0551888270e-03
  Atom  10:   2.1910316491e-06  -4.7560519402e-07  -7.9724696195e-04
  Atom  11:  -1.3025197922e-03  -2.7714575163e-04  -7.3048093661e-04
  Atom  12:   2.5754722593e-05   9.7558531869e-06   6.9601067581e-04
  Atom  13:  -2.3336348339e-05  -4.0520832334e-06  -1.1317131500e-05
  Atom  14:  -2.2279743679e-04  -9.3540342414e-05   1.4960613299e-03
  Atom  15:   2.2664490543e-05   1.5684579239e-05   6.9549335718e-04
[OPT] step = 0  energy = -64.2030425449  dE =               N/A  grad_max =  8.8682739682e-03  grad_rms =  1.9273759489e-03
[OPT] Geometry optimization did not converge in 1 steps.
Kylin-PBC Done.
Timer "Kylin-PBC main" used time: 46.33455 s.
