[MGDF_DIAG] gmesh = 63 63 123  (ngrid=488187)
[MGDF_DIAG] level 0  mesh=13 13 25  ngrid=4225  tasks=63563
[MGDF_DIAG] level 1  mesh=23 23 43  ngrid=22747  tasks=20701
[MGDF_DIAG] level 2  mesh=37 37 71  ngrid=97199  tasks=15077
[MGDF_DIAG] level 3  mesh=63 63 123  ngrid=488187  tasks=11852
[MGDF_DIAG] atom_pairs_kept=111193  rejected: atom=84740 set=0 pgf=554483 radius=224
[MGDF_DIAG] max_pair_radius=24.3329  max_pgf_rcut=20.6046  total_pairs=111193  precision_colloc=1e-14  precision_screen=1e-07
OMP: Warning #226: KMP_AFFINITY must be set prior to first parallel region or certain API calls; ignored.
  [bwd-lev0] integ=0.182269s  tasks=63563  us/pair=91.7611  grid=0.0322342MB
  [bwd-lev1] integ=0.0202801s  tasks=20701  us/pair=31.3494  grid=0.173546MB
  [bwd-lev2] integ=0.0125599s  tasks=15077  us/pair=26.6576  grid=0.74157MB
  [bwd-lev3] integ=0.00789094s  tasks=11852  us/pair=21.3053  grid=3.72457MB
  [bwd] fft=0.0165274s  integ=0.223s  reduce=4.50611e-05s
  [fwd-lev0] colloc=0.129979s  tasks=63563  us/pair=65.4364  grid=0.0322342MB
  [fwd-lev1] colloc=0.0163841s  tasks=20701  us/pair=25.3269  grid=0.173546MB
  [fwd-lev2] colloc=0.00918317s  tasks=15077  us/pair=19.4907  grid=0.74157MB
  [fwd-lev3] colloc=0.00746393s  tasks=11852  us/pair=20.1524  grid=3.72457MB
  [fwd] colloc=0.16301s  reduce=0.00063467s  fft=0.00912809s
  [bwd-lev0] integ=0.218435s  tasks=63563  us/pair=109.968  grid=0.0322342MB
  [bwd-lev1] integ=0.02209s  tasks=20701  us/pair=34.1471  grid=0.173546MB
  [bwd-lev2] integ=0.013207s  tasks=15077  us/pair=28.031  grid=0.74157MB
  [bwd-lev3] integ=0.00823092s  tasks=11852  us/pair=22.2232  grid=3.72457MB
  [bwd] fft=0.0143139s  integ=0.261963s  reduce=2.69413e-05s
  [fwd-lev0] colloc=0.129899s  tasks=63563  us/pair=65.396  grid=0.0322342MB
  [fwd-lev1] colloc=0.016331s  tasks=20701  us/pair=25.2447  grid=0.173546MB
  [fwd-lev2] colloc=0.00889015s  tasks=15077  us/pair=18.8688  grid=0.74157MB
  [fwd-lev3] colloc=0.006001s  tasks=11852  us/pair=16.2025  grid=3.72457MB
  [fwd] colloc=0.161121s  reduce=0.000621796s  fft=0.00905108s
  [bwd-lev0] integ=0.2169s  tasks=63563  us/pair=109.196  grid=0.0322342MB
  [bwd-lev1] integ=0.0220339s  tasks=20701  us/pair=34.0605  grid=0.173546MB
  [bwd-lev2] integ=0.0132759s  tasks=15077  us/pair=28.1772  grid=0.74157MB
  [bwd-lev3] integ=0.00828385s  tasks=11852  us/pair=22.3661  grid=3.72457MB
  [bwd] fft=0.0135689s  integ=0.260494s  reduce=2.90871e-05s
  [fwd-lev0] colloc=0.130225s  tasks=63563  us/pair=65.5601  grid=0.0322342MB
  [fwd-lev1] colloc=0.0163372s  tasks=20701  us/pair=25.2543  grid=0.173546MB
  [fwd-lev2] colloc=0.00891209s  tasks=15077  us/pair=18.9154  grid=0.74157MB
  [fwd-lev3] colloc=0.00609803s  tasks=11852  us/pair=16.4645  grid=3.72457MB
  [fwd] colloc=0.161572s  reduce=0.00065279s  fft=0.00869226s
  [bwd-lev0] integ=0.213213s  tasks=63563  us/pair=107.339  grid=0.0322342MB
  [bwd-lev1] integ=0.0220311s  tasks=20701  us/pair=34.056  grid=0.173546MB
  [bwd-lev2] integ=0.0131359s  tasks=15077  us/pair=27.8802  grid=0.74157MB
  [bwd-lev3] integ=0.00818992s  tasks=11852  us/pair=22.1125  grid=3.72457MB
  [bwd] fft=0.017921s  integ=0.25657s  reduce=4.60148e-05s
  [fwd-lev0] colloc=0.12983s  tasks=63563  us/pair=65.3614  grid=0.0322342MB
  [fwd-lev1] colloc=0.0163469s  tasks=20701  us/pair=25.2694  grid=0.173546MB
  [fwd-lev2] colloc=0.00904298s  tasks=15077  us/pair=19.1932  grid=0.74157MB
  [fwd-lev3] colloc=0.00663185s  tasks=11852  us/pair=17.9058  grid=3.72457MB
  [fwd] colloc=0.161852s  reduce=0.000649929s  fft=0.00876498s
  [bwd-lev0] integ=0.215561s  tasks=63563  us/pair=108.521  grid=0.0322342MB
  [bwd-lev1] integ=0.0219839s  tasks=20701  us/pair=33.9831  grid=0.173546MB
  [bwd-lev2] integ=0.013185s  tasks=15077  us/pair=27.9844  grid=0.74157MB
  [bwd-lev3] integ=0.00830889s  tasks=11852  us/pair=22.4337  grid=3.72457MB
  [bwd] fft=0.012686s  integ=0.259039s  reduce=3.00407e-05s
  [fwd-lev0] colloc=0.130429s  tasks=63563  us/pair=65.6629  grid=0.0322342MB
  [fwd-lev1] colloc=0.0178311s  tasks=20701  us/pair=27.5636  grid=0.173546MB
  [fwd-lev2] colloc=0.00893188s  tasks=15077  us/pair=18.9574  grid=0.74157MB
  [fwd-lev3] colloc=0.00605488s  tasks=11852  us/pair=16.348  grid=3.72457MB
  [fwd] colloc=0.163247s  reduce=0.000622988s  fft=0.00871205s
  [bwd-lev0] integ=0.217366s  tasks=63563  us/pair=109.43  grid=0.0322342MB
  [bwd-lev1] integ=0.0220711s  tasks=20701  us/pair=34.118  grid=0.173546MB
  [bwd-lev2] integ=0.0133331s  tasks=15077  us/pair=28.2986  grid=0.74157MB
  [bwd-lev3] integ=0.00835109s  tasks=11852  us/pair=22.5477  grid=3.72457MB
  [bwd] fft=0.0143099s  integ=0.261121s  reduce=2.90871e-05s
  [fwd-lev0] colloc=0.130598s  tasks=63563  us/pair=65.748  grid=0.0322342MB
  [fwd-lev1] colloc=0.01631s  tasks=20701  us/pair=25.2123  grid=0.173546MB
  [fwd-lev2] colloc=0.00889301s  tasks=15077  us/pair=18.8749  grid=0.74157MB
  [fwd-lev3] colloc=0.00604987s  tasks=11852  us/pair=16.3344  grid=3.72457MB
  [fwd] colloc=0.161851s  reduce=0.000624657s  fft=0.00870824s
  [bwd-lev0] integ=0.213564s  tasks=63563  us/pair=107.516  grid=0.0322342MB
  [bwd-lev1] integ=0.0216839s  tasks=20701  us/pair=33.5194  grid=0.173546MB
  [bwd-lev2] integ=0.0129781s  tasks=15077  us/pair=27.5452  grid=0.74157MB
  [bwd-lev3] integ=0.00816202s  tasks=11852  us/pair=22.0372  grid=3.72457MB
  [bwd] fft=0.0133951s  integ=0.256388s  reduce=2.90871e-05s
  [fwd-lev0] colloc=0.130041s  tasks=63563  us/pair=65.4676  grid=0.0322342MB
  [fwd-lev1] colloc=0.0163639s  tasks=20701  us/pair=25.2956  grid=0.173546MB
  [fwd-lev2] colloc=0.00864387s  tasks=15077  us/pair=18.3461  grid=0.74157MB
  [fwd-lev3] colloc=0.00604892s  tasks=11852  us/pair=16.3319  grid=3.72457MB
  [fwd] colloc=0.161098s  reduce=0.00062418s  fft=0.00866795s
  [bwd-lev0] integ=0.215653s  tasks=63563  us/pair=108.568  grid=0.0322342MB
  [bwd-lev1] integ=0.0220079s  tasks=20701  us/pair=34.0203  grid=0.173546MB
  [bwd-lev2] integ=0.0130961s  tasks=15077  us/pair=27.7956  grid=0.74157MB
  [bwd-lev3] integ=0.00827599s  tasks=11852  us/pair=22.3449  grid=3.72457MB
  [bwd] fft=0.0125329s  integ=0.259033s  reduce=3.09944e-05s
  [fwd-lev0] colloc=0.130124s  tasks=63563  us/pair=65.5092  grid=0.0322342MB
  [fwd-lev1] colloc=0.0163419s  tasks=20701  us/pair=25.2617  grid=0.173546MB
  [fwd-lev2] colloc=0.00890589s  tasks=15077  us/pair=18.9022  grid=0.74157MB
  [fwd-lev3] colloc=0.00607395s  tasks=11852  us/pair=16.3995  grid=3.72457MB
  [fwd] colloc=0.161446s  reduce=0.00063324s  fft=0.00867486s
  [bwd-lev0] integ=0.212395s  tasks=63563  us/pair=106.928  grid=0.0322342MB
  [bwd-lev1] integ=0.0221s  tasks=20701  us/pair=34.1626  grid=0.173546MB
  [bwd-lev2] integ=0.0132532s  tasks=15077  us/pair=28.1291  grid=0.74157MB
  [bwd-lev3] integ=0.00829697s  tasks=11852  us/pair=22.4015  grid=3.72457MB
  [bwd] fft=0.0139163s  integ=0.256045s  reduce=2.7895e-05s
  [fwd-lev0] colloc=0.130312s  tasks=63563  us/pair=65.6039  grid=0.0322342MB
  [fwd-lev1] colloc=0.0163281s  tasks=20701  us/pair=25.2403  grid=0.173546MB
  [fwd-lev2] colloc=0.00889015s  tasks=15077  us/pair=18.8688  grid=0.74157MB
  [fwd-lev3] colloc=0.003968s  tasks=11852  us/pair=10.7135  grid=3.72457MB
  [fwd] colloc=0.159498s  reduce=0.000612974s  fft=0.00867987s
  [bwd-lev0] integ=0.211365s  tasks=63563  us/pair=106.409  grid=0.0322342MB
  [bwd-lev1] integ=0.022121s  tasks=20701  us/pair=34.195  grid=0.173546MB
  [bwd-lev2] integ=0.0132401s  tasks=15077  us/pair=28.1013  grid=0.74157MB
  [bwd-lev3] integ=0.00833011s  tasks=11852  us/pair=22.491  grid=3.72457MB
  [bwd] fft=0.0127752s  integ=0.255056s  reduce=3.00407e-05s
  [fwd-lev0] colloc=0.130355s  tasks=63563  us/pair=65.6255  grid=0.0322342MB
  [fwd-lev1] colloc=0.016309s  tasks=20701  us/pair=25.2108  grid=0.173546MB
  [fwd-lev2] colloc=0.00889206s  tasks=15077  us/pair=18.8728  grid=0.74157MB
  [fwd-lev3] colloc=0.00607109s  tasks=11852  us/pair=16.3917  grid=3.72457MB
  [fwd] colloc=0.161627s  reduce=0.00063014s  fft=0.00872779s
  [bwd-lev0] integ=0.216125s  tasks=63563  us/pair=108.805  grid=0.0322342MB
  [bwd-lev1] integ=0.0219498s  tasks=20701  us/pair=33.9304  grid=0.173546MB
  [bwd-lev2] integ=0.0131791s  tasks=15077  us/pair=27.9717  grid=0.74157MB
  [bwd-lev3] integ=0.0082581s  tasks=11852  us/pair=22.2966  grid=3.72457MB
  [bwd] fft=0.0134294s  integ=0.259512s  reduce=3.00407e-05s
  [fwd-lev0] colloc=0.130171s  tasks=63563  us/pair=65.5329  grid=0.0322342MB
  [fwd-lev1] colloc=0.016345s  tasks=20701  us/pair=25.2664  grid=0.173546MB
  [fwd-lev2] colloc=0.00890088s  tasks=15077  us/pair=18.8916  grid=0.74157MB
  [fwd-lev3] colloc=0.00606179s  tasks=11852  us/pair=16.3666  grid=3.72457MB
  [fwd] colloc=0.161479s  reduce=0.00062418s  fft=0.00898123s
  [bwd-lev0] integ=0.21077s  tasks=63563  us/pair=106.11  grid=0.0322342MB
  [bwd-lev1] integ=0.0224051s  tasks=20701  us/pair=34.6343  grid=0.173546MB
  [bwd-lev2] integ=0.0134239s  tasks=15077  us/pair=28.4914  grid=0.74157MB
  [bwd-lev3] integ=0.00833988s  tasks=11852  us/pair=22.5174  grid=3.72457MB
  [bwd] fft=0.0174689s  integ=0.254939s  reduce=3.31402e-05s
  [fwd-lev0] colloc=0.129747s  tasks=63563  us/pair=65.3195  grid=0.0322342MB
  [fwd-lev1] colloc=0.0162809s  tasks=20701  us/pair=25.1673  grid=0.173546MB
  [fwd-lev2] colloc=0.00873899s  tasks=15077  us/pair=18.548  grid=0.74157MB
  [fwd-lev3] colloc=0.00630403s  tasks=11852  us/pair=17.0207  grid=3.72457MB
  [fwd] colloc=0.161071s  reduce=0.000700712s  fft=0.00874925s
