Kylin-PBC: v1.0.0

System time = 2026-06-24 02:01:48

OMP threads = 32

KYLIN_PBC_ROOT = "/home/rudin/code/kylin-pbc"
KYLIN_SCR_PATH = "/tmp"
KYLIN_JOB_PATH = "/home/rudin/code/kylin-pbc/art/example/internal/BN-PBE-k333-FTDF"

SCF.xcfun                      = PBE
SCF.basis                      = dzvp-sr
SCF.psudo                      = gth-pbe
SCF.kmesh                      = 3 3 3
SCF.gmesh                      = 6.0e-01
SCF.ispin                      = OFF
SCF.dspin                      = 0
SCF.eps_engy                   = 3.7e-09 [AU]
SCF.eps_grad                   = 1.0e-05 [AU]
SCF.eps_dmat                   = 1.0e-03
SCF.chk_load                   = 
SCF.chk_save                   = 
SCF.scf_guess                  = ATOM
SCF.max_cycle                  = 200
SCF.vdw_method                 = NONE
SCF.coul_method                = FTDF
SCF.xchg_method                = LSDF
SCF.xchg_exxocc                = OFF
SCF.xchg_exxace                = NONE
SCF.xchg_robust                = TILE
SCF.xchg_exxdiv                = NONE
SCF.lsdf_cparam                = 30
SCF.lsdf_mparam                = 5
SCF.lsdf_ipslct                = QRCP
SCF.lsdf_chocut                = 1.0e-08
SCF.lsdf_atmcut                = 2.5e+01
SCF.lsdf_aovcut                = 1.0e-07
SCF.lsdf_swzcut                = 0.0e+00
SCF.lsdf_pnocut                = 0.0e+00
SCF.lsdf_nafcut                = 0.0e+00
SCF.mgdf_ntasks                = 4
SCF.mgdf_kratio                = 3.0e+00
SCF.mgdf_cutoff                = 3.0e+02 [AU]
SCF.mgdf_relcut                = 3.0e+01
SCF.mgdf_prprec                = 1.0e-14
SCF.dmx_mix_method             = NONE
SCF.dmx_mix_start              = 1
SCF.dmx_mix_space              = 8
SCF.dmx_mix_alpha              = 3.0e-01
SCF.rho_mix_method             = NONE
SCF.rho_mix_start              = 1
SCF.rho_mix_space              = 8
SCF.rho_mix_alpha              = 3.0e-01
SCF.hks_mix_method             = BROY
SCF.hks_mix_start              = 1
SCF.hks_mix_space              = 8
SCF.hks_mix_alpha              = 3.0e-01
SCF.damp_factor                = 0.0e+00
SCF.level_shift                = 0.0e+00 [AU]
SCF.smear_method               = NONE
SCF.smear_sigma                = 0.0e+00 [AU]
SCF.soc                        = OFF
SCF.soc_window                 = 1.8e+00 [AU]
SCF.print_bandgap              = OFF
SCF.print_time                 = OFF

OPT.opt_method                 = BFGS
OPT.max_cycle                  = 0
OPT.eps_engy                   = 4.0e-06 [AU]
OPT.eps_grad                   = 4.0e-04 [AU]
OPT.trust_limit                = 3.0e-01 [AU]
OPT.damp_factor                = 0.0e+00
OPT.opt_mix_method             = NONE
OPT.opt_mix_start              = 1
OPT.opt_mix_space              = 5
OPT.opt_mix_alpha              = 3.0e-01
OPT.neb_method                 = FIRE
OPT.neb_lclimb                 = ON
OPT.neb_interp                 = IDPP
OPT.neb_nimage                 = 5
OPT.neb_spring                 = 1.0e-02 [AU]
OPT.neb_maxstep                = 7.6e-02 [AU]

PROP.calculation               = NONE
FREQ.freq_method               = FREE2
FREQ.fd_stepsize               = 2.8e-02 [AU]
DOS.dos_method                 = GAUSS
DOS.dos_sigma                  = 3.7e-03 [AU]
DOS.dos_npoint                 = 1001
DOS.dos_emin                   = 0.0e+00 [AU]
DOS.dos_emax                   = 0.0e+00 [AU]

OPT.mdx_ensemble               = NVE
OPT.mdx_thermostat             = NHC
OPT.mdx_max_step               = 0
OPT.mdx_timestep               = 4.0e+01 [AU]
OPT.mdx_temperature            = 9.5e-04 [AU]
OPT.mdx_pressure               = 0.0e+00 [AU]
OPT.mdx_thermo_tau             = 4.0e+03 [AU]
OPT.mdx_baro_tau               = 2.0e+04 [AU]
OPT.mdx_nhc_length             = 3
OPT.mdx_nhc_mts                = 3
OPT.mdx_constraint             = OFF
OPT.mdx_constraint_tol         = 1.0e-10
OPT.mdx_rng_seed               = 42

K-points mesh = 3 3 3

xc functional: "PBE"
is hybrid: NO

Basis Set Name: "dzvp-sr"
number of shell = 6
number of basis = 26
gmesh = 38 38 38

Pseudopotential Name: "gth-pbe"
number of valence electron = 8

SCF Calculation.
K sampling = 3 3 3
[IGUESS] MINAO initial guess done. naofn = 26  nkpot = 27
[NELEC] step = 0  nelec = 8  neInt = 5.252991  dnelc = -2.7470093506e+00
[ENERG] step = 0  eTotl = -13.03418311  eCore = 1.54838293  eCoul = 0.69739627  eExcl = -2.12629160  eNucl = -13.15367071  eDisp = 0.00000000
[ERROR] step = 0  engy error =  0.0000000000e+00  grad error =  0.0000000000e+00  dmat error =  0.0000000000e+00
Timer "SCF cycle: 0" used time: 1.669964 s.

[NELEC] step = 1  nelec = 8  neInt = 8.000000  dnelc =  4.9737991503e-14
[ENERG] step = 1  eTotl = -12.22996110  eCore = 1.30345427  eCoul = 3.88995839  eExcl = -4.26970306  eNucl = -13.15367071  eDisp = 0.00000000
[ERROR] step = 1  engy error =  8.0422200559e-01  grad error =  0.0000000000e+00  dmat error =  1.9436949437e+00
Timer "SCF cycle: 1" used time: 0.089979 s.

[NELEC] step = 2  nelec = 8  neInt = 8.000000  dnelc =  7.1054273576e-15
[ENERG] step = 2  eTotl = -12.79186481  eCore = 1.86435277  eCoul = 2.38545803  eExcl = -3.88800489  eNucl = -13.15367071  eDisp = 0.00000000
[ERROR] step = 2  engy error = -5.6190370624e-01  grad error =  0.0000000000e+00  dmat error =  1.0896717370e+00
Timer "SCF cycle: 2" used time: 0.087572 s.

[NELEC] step = 3  nelec = 8  neInt = 8.000000  dnelc =  5.3290705182e-15
[ENERG] step = 3  eTotl = -12.84858361  eCore = 2.15763628  eCoul = 1.90936452  eExcl = -3.76191371  eNucl = -13.15367071  eDisp = 0.00000000
[ERROR] step = 3  engy error = -5.6718805738e-02  grad error =  0.0000000000e+00  dmat error =  3.7715859952e-01
Timer "SCF cycle: 3" used time: 0.088707 s.

[NELEC] step = 4  nelec = 8  neInt = 8.000000  dnelc =  5.3290705182e-15
[ENERG] step = 4  eTotl = -12.85106003  eCore = 2.17622374  eCoul = 1.87355836  eExcl = -3.74717142  eNucl = -13.15367071  eDisp = 0.00000000
[ERROR] step = 4  engy error = -2.4764194447e-03  grad error =  0.0000000000e+00  dmat error =  2.0530654729e-01
Timer "SCF cycle: 4" used time: 0.098184 s.

[NELEC] step = 5  nelec = 8  neInt = 8.000000  dnelc =  7.1054273576e-15
[ENERG] step = 5  eTotl = -12.85130664  eCore = 2.19090538  eCoul = 1.85296283  eExcl = -3.74150415  eNucl = -13.15367071  eDisp = 0.00000000
[ERROR] step = 5  engy error = -2.4661199073e-04  grad error =  0.0000000000e+00  dmat error =  1.6766115471e-02
Timer "SCF cycle: 5" used time: 0.118595 s.

[NELEC] step = 6  nelec = 8  neInt = 8.000000  dnelc =  5.3290705182e-15
[ENERG] step = 6  eTotl = -12.85142842  eCore = 2.20163790  eCoul = 1.83892929  eExcl = -3.73832490  eNucl = -13.15367071  eDisp = 0.00000000
[ERROR] step = 6  engy error = -1.2177571470e-04  grad error =  0.0000000000e+00  dmat error =  2.8592769001e-02
Timer "SCF cycle: 6" used time: 0.089385 s.

[NELEC] step = 7  nelec = 8  neInt = 8.000000  dnelc =  5.3290705182e-15
[ENERG] step = 7  eTotl = -12.85142839  eCore = 2.20172377  eCoul = 1.83878263  eExcl = -3.73826408  eNucl = -13.15367071  eDisp = 0.00000000
[ERROR] step = 7  engy error =  3.2902855551e-08  grad error =  0.0000000000e+00  dmat error =  7.8752491693e-04
Timer "SCF cycle: 7" used time: 0.092366 s.

[NELEC] step = 8  nelec = 8  neInt = 8.000000  dnelc =  5.3290705182e-15
[ENERG] step = 8  eTotl = -12.85142846  eCore = 2.20191974  eCoul = 1.83854446  eExcl = -3.73822195  eNucl = -13.15367071  eDisp = 0.00000000
[ERROR] step = 8  engy error = -7.3658258160e-08  grad error =  0.0000000000e+00  dmat error =  9.4303224249e-04
Timer "SCF cycle: 8" used time: 0.092664 s.

[NELEC] step = 9  nelec = 8  neInt = 8.000000  dnelc =  5.3290705182e-15
[ENERG] step = 9  eTotl = -12.85142846  eCore = 2.20191319  eCoul = 1.83855160  eExcl = -3.73822254  eNucl = -13.15367071  eDisp = 0.00000000
[ERROR] step = 9  engy error = -6.5113070491e-10  grad error =  0.0000000000e+00  dmat error =  6.6946217055e-05
SCF converged in 9 steps.
Kylin-PBC Done.
Timer "Kylin-PBC main" used time: 5.847339 s.
