Kylin-PBC: v1.0.0

System time = 2026-06-24 02:01:39

OMP threads = 32

KYLIN_PBC_ROOT = "/home/rudin/code/kylin-pbc"
KYLIN_SCR_PATH = "/tmp"
KYLIN_JOB_PATH = "/home/rudin/code/kylin-pbc/art/example/internal/BN-PBE-gamma-MGDF"

SCF.xcfun                      = PBE
SCF.basis                      = dzvp-sr
SCF.psudo                      = gth-pbe
SCF.kmesh                      = 1 1 1
SCF.gmesh                      = 6.0e-01
SCF.ispin                      = OFF
SCF.dspin                      = 0
SCF.eps_engy                   = 3.7e-09 [AU]
SCF.eps_grad                   = 1.0e-05 [AU]
SCF.eps_dmat                   = 1.0e-03
SCF.chk_load                   = 
SCF.chk_save                   = 
SCF.scf_guess                  = ATOM
SCF.max_cycle                  = 200
SCF.vdw_method                 = NONE
SCF.coul_method                = MGDF
SCF.xchg_method                = LSDF
SCF.xchg_exxocc                = OFF
SCF.xchg_exxace                = NONE
SCF.xchg_robust                = TILE
SCF.xchg_exxdiv                = NONE
SCF.lsdf_cparam                = 30
SCF.lsdf_mparam                = 5
SCF.lsdf_ipslct                = QRCP
SCF.lsdf_chocut                = 1.0e-08
SCF.lsdf_atmcut                = 2.5e+01
SCF.lsdf_aovcut                = 1.0e-07
SCF.lsdf_swzcut                = 0.0e+00
SCF.lsdf_pnocut                = 0.0e+00
SCF.lsdf_nafcut                = 0.0e+00
SCF.mgdf_ntasks                = 4
SCF.mgdf_kratio                = 3.0e+00
SCF.mgdf_cutoff                = 3.0e+02 [AU]
SCF.mgdf_relcut                = 3.0e+01
SCF.mgdf_prprec                = 1.0e-14
SCF.dmx_mix_method             = NONE
SCF.dmx_mix_start              = 1
SCF.dmx_mix_space              = 8
SCF.dmx_mix_alpha              = 3.0e-01
SCF.rho_mix_method             = NONE
SCF.rho_mix_start              = 1
SCF.rho_mix_space              = 8
SCF.rho_mix_alpha              = 3.0e-01
SCF.hks_mix_method             = BROY
SCF.hks_mix_start              = 1
SCF.hks_mix_space              = 8
SCF.hks_mix_alpha              = 3.0e-01
SCF.damp_factor                = 0.0e+00
SCF.level_shift                = 0.0e+00 [AU]
SCF.smear_method               = NONE
SCF.smear_sigma                = 0.0e+00 [AU]
SCF.soc                        = OFF
SCF.soc_window                 = 1.8e+00 [AU]
SCF.print_bandgap              = OFF
SCF.print_time                 = OFF

OPT.opt_method                 = BFGS
OPT.max_cycle                  = 1
OPT.eps_engy                   = 4.0e-06 [AU]
OPT.eps_grad                   = 4.0e-04 [AU]
OPT.trust_limit                = 3.0e-01 [AU]
OPT.damp_factor                = 0.0e+00
OPT.opt_mix_method             = NONE
OPT.opt_mix_start              = 1
OPT.opt_mix_space              = 5
OPT.opt_mix_alpha              = 3.0e-01
OPT.neb_method                 = FIRE
OPT.neb_lclimb                 = ON
OPT.neb_interp                 = IDPP
OPT.neb_nimage                 = 5
OPT.neb_spring                 = 1.0e-02 [AU]
OPT.neb_maxstep                = 7.6e-02 [AU]

PROP.calculation               = NONE
FREQ.freq_method               = FREE2
FREQ.fd_stepsize               = 2.8e-02 [AU]
DOS.dos_method                 = GAUSS
DOS.dos_sigma                  = 3.7e-03 [AU]
DOS.dos_npoint                 = 1001
DOS.dos_emin                   = 0.0e+00 [AU]
DOS.dos_emax                   = 0.0e+00 [AU]

OPT.mdx_ensemble               = NVE
OPT.mdx_thermostat             = NHC
OPT.mdx_max_step               = 0
OPT.mdx_timestep               = 4.0e+01 [AU]
OPT.mdx_temperature            = 9.5e-04 [AU]
OPT.mdx_pressure               = 0.0e+00 [AU]
OPT.mdx_thermo_tau             = 4.0e+03 [AU]
OPT.mdx_baro_tau               = 2.0e+04 [AU]
OPT.mdx_nhc_length             = 3
OPT.mdx_nhc_mts                = 3
OPT.mdx_constraint             = OFF
OPT.mdx_constraint_tol         = 1.0e-10
OPT.mdx_rng_seed               = 42

K-points mesh = 1 1 1

xc functional: "PBE"
is hybrid: NO

Basis Set Name: "dzvp-sr"
number of shell = 6
number of basis = 26
gmesh = 38 38 38

Pseudopotential Name: "gth-pbe"
number of valence electron = 8

OPT Calculation.

==============================================================
                   Geometry Optimization                      
==============================================================
  method      = BFGS
  max_cycle   = 1
  eps_engy    = 4.000000e-06
  eps_grad    = 4.000000e-04
  trust_limit = 0.300000
  natom       = 2
  nfree       = 6 / 6
==============================================================

--------------------------------------------------------------
  OPT step 0
--------------------------------------------------------------
[OPT] Cell structure (Angstrom):
       0.00000000       1.80750000       1.80750000
       1.80750000       0.00000000       1.80750000
       1.80750000       1.80750000       0.00000000

Cart
B          0.00000000       0.00000000       0.00000000   T T T
N          1.00375000       0.95375000       0.93375000   T T T

[OPT] Cell written to /home/rudin/code/kylin-pbc/art/example/internal/BN-PBE-gamma-MGDF/opt_img/cell_opt_0.txt
[NELEC] step = 0  nelec = 8  neInt = 8.000000  dnelc =  3.2466296318e-10
[ENERG] step = 0  eTotl = -14.11692821  eCore = 1.70533922  eCoul = 0.74910572  eExcl = -3.41770244  eNucl = -13.15367071  eDisp = 0.00000000
[ERROR] step = 0  engy error =  0.0000000000e+00  grad error =  0.0000000000e+00  dmat error =  0.0000000000e+00
Timer "SCF cycle: 0" used time: 0.140065 s.

[NELEC] step = 1  nelec = 8  neInt = 8.000000  dnelc =  6.2374994059e-11
[ENERG] step = 1  eTotl = -11.14316581  eCore = 1.44744819  eCoul = 5.15268453  eExcl = -4.58962782  eNucl = -13.15367071  eDisp = 0.00000000
[ERROR] step = 1  engy error =  2.9737623922e+00  grad error =  0.0000000000e+00  dmat error =  1.8427170447e+00
Timer "SCF cycle: 1" used time: 0.070338 s.

[NELEC] step = 2  nelec = 8  neInt = 8.000000  dnelc =  7.6947159755e-10
[ENERG] step = 2  eTotl = -11.82960556  eCore = 2.05530714  eCoul = 3.45180432  eExcl = -4.18304631  eNucl = -13.15367071  eDisp = 0.00000000
[ERROR] step = 2  engy error = -6.8643974856e-01  grad error =  0.0000000000e+00  dmat error =  7.6685124030e-01
Timer "SCF cycle: 2" used time: 0.063369 s.

[NELEC] step = 3  nelec = 8  neInt = 8.000000  dnelc =  6.4959060353e-10
[ENERG] step = 3  eTotl = -11.93082361  eCore = 2.79125002  eCoul = 2.35420207  eExcl = -3.92260500  eNucl = -13.15367071  eDisp = 0.00000000
[ERROR] step = 3  engy error = -1.0121804880e-01  grad error =  0.0000000000e+00  dmat error =  5.2131896129e-01
Timer "SCF cycle: 3" used time: 0.063267 s.

[NELEC] step = 4  nelec = 8  neInt = 8.000000  dnelc =  6.2637006693e-10
[ENERG] step = 4  eTotl = -11.92456707  eCore = 2.82589438  eCoul = 2.31752310  eExcl = -3.91431384  eNucl = -13.15367071  eDisp = 0.00000000
[ERROR] step = 4  engy error =  6.2565383052e-03  grad error =  0.0000000000e+00  dmat error =  2.5027575518e-02
Timer "SCF cycle: 4" used time: 0.063355 s.

[NELEC] step = 5  nelec = 8  neInt = 8.000000  dnelc =  8.5127283000e-10
[ENERG] step = 5  eTotl = -11.95021438  eCore = 2.59126961  eCoul = 2.58422957  eExcl = -3.97204284  eNucl = -13.15367071  eDisp = 0.00000000
[ERROR] step = 5  engy error = -2.5647304235e-02  grad error =  0.0000000000e+00  dmat error =  1.6823506790e-01
Timer "SCF cycle: 5" used time: 0.063702 s.

[NELEC] step = 6  nelec = 8  neInt = 8.000000  dnelc =  8.3983664467e-10
[ENERG] step = 6  eTotl = -11.95012878  eCore = 2.60444196  eCoul = 2.56741111  eExcl = -3.96831114  eNucl = -13.15367071  eDisp = 0.00000000
[ERROR] step = 6  engy error =  8.5594086999e-05  grad error =  0.0000000000e+00  dmat error =  8.5792597118e-03
Timer "SCF cycle: 6" used time: 0.063428 s.

[NELEC] step = 7  nelec = 8  neInt = 8.000000  dnelc =  8.5772988712e-10
[ENERG] step = 7  eTotl = -11.95022646  eCore = 2.58650901  eCoul = 2.59031051  eExcl = -3.97337527  eNucl = -13.15367071  eDisp = 0.00000000
[ERROR] step = 7  engy error = -9.7679113482e-05  grad error =  0.0000000000e+00  dmat error =  1.4934926988e-02
Timer "SCF cycle: 7" used time: 0.067547 s.

[NELEC] step = 8  nelec = 8  neInt = 8.000000  dnelc =  8.5642248848e-10
[ENERG] step = 8  eTotl = -11.95023059  eCore = 2.58807511  eCoul = 2.58830667  eExcl = -3.97294166  eNucl = -13.15367071  eDisp = 0.00000000
[ERROR] step = 8  engy error = -4.1255695820e-06  grad error =  0.0000000000e+00  dmat error =  9.5470151167e-04
Timer "SCF cycle: 8" used time: 0.065516 s.

[NELEC] step = 9  nelec = 8  neInt = 8.000000  dnelc =  8.5540818873e-10
[ENERG] step = 9  eTotl = -11.95023216  eCore = 2.58963700  eCoul = 2.58628590  eExcl = -3.97248435  eNucl = -13.15367071  eDisp = 0.00000000
[ERROR] step = 9  engy error = -1.5756225729e-06  grad error =  0.0000000000e+00  dmat error =  9.8838264641e-04
Timer "SCF cycle: 9" used time: 0.063448 s.

[NELEC] step = 10  nelec = 8  neInt = 8.000000  dnelc =  8.5506535186e-10
[ENERG] step = 10  eTotl = -11.95023223  eCore = 2.59001118  eCoul = 2.58580615  eExcl = -3.97237885  eNucl = -13.15367071  eDisp = 0.00000000
[ERROR] step = 10  engy error = -6.5050834053e-08  grad error =  0.0000000000e+00  dmat error =  2.5118045212e-04
Timer "SCF cycle: 10" used time: 0.063437 s.

[NELEC] step = 11  nelec = 8  neInt = 8.000000  dnelc =  8.5509377357e-10
[ENERG] step = 11  eTotl = -11.95023223  eCore = 2.58999913  eCoul = 2.58582084  eExcl = -3.97238149  eNucl = -13.15367071  eDisp = 0.00000000
[ERROR] step = 11  engy error = -2.4422597278e-10  grad error =  0.0000000000e+00  dmat error =  2.3422335701e-05
SCF converged in 11 steps.
[GRADIENT] SCF type: GRKS | atoms: 2 | DOF: 6 | time: 6.567 s
  Atom   0:   1.9206806774e-02   2.9074389868e-02   4.2849306793e-02
  Atom   1:  -1.9160462140e-02  -2.9041050811e-02  -4.2793702710e-02
[OPT] step = 0  energy = -11.9502322279  dE =               N/A  grad_max =  4.2849306793e-02  grad_rms =  3.1864535141e-02
[OPT] Geometry optimization did not converge in 1 steps.
Kylin-PBC Done.
Timer "Kylin-PBC main" used time: 7.940917 s.
