Kylin-PBC: v1.0.0

System time = 2026-09-30 19:34:25

OMP threads = 32

KYLIN_PBC_ROOT = "/home/rudin/code/kylin-pbc"
KYLIN_SCR_PATH = "/tmp"
KYLIN_JOB_PATH = "/home/rudin/tmp-review-ionic/Si16/full/c10"

SCF.xcfun                      = HSE06
SCF.basis                      = dzvp-sr
SCF.psudo                      = gth-pbe
SCF.kmesh                      = 1 1 1
SCF.gmesh                      = 5.0e-01
SCF.ispin                      = OFF
SCF.dspin                      = 0
SCF.eps_engy                   = 3.7e-09 [AU]
SCF.eps_grad                   = 1.0e-05 [AU]
SCF.eps_dmat                   = 1.0e-03
SCF.chk_load                   = 
SCF.chk_save                   = 
SCF.scf_guess                  = ATOM
SCF.max_cycle                  = 200
SCF.vdw_method                 = NONE
SCF.coul_method                = MGDF
SCF.xchg_method                = LSDF
SCF.xchg_exxocc                = OFF
SCF.xchg_exxace                = NONE
SCF.xchg_robust                = FULL
SCF.xchg_exxdiv                = EWALD
SCF.xchg_dropG0                = ON
SCF.lsdf_cparam                = 10
SCF.lsdf_mparam                = 5
SCF.lsdf_ipslct                = QRCP
SCF.lsdf_chocut                = 1.0e-08
SCF.lsdf_atmcut                = 2.5e+01
SCF.lsdf_aovcut                = 1.0e-07
SCF.lsdf_swzcut                = 0.0e+00
SCF.lsdf_pnocut                = 0.0e+00
SCF.lsdf_nafcut                = 0.0e+00
SCF.mgdf_ntasks                = 4
SCF.mgdf_kratio                = 3.0e+00
SCF.mgdf_cutoff                = 3.0e+02 [AU]
SCF.mgdf_relcut                = 3.0e+01
SCF.mgdf_prprec                = 1.0e-14
SCF.dmx_mix_method             = NONE
SCF.dmx_mix_start              = 1
SCF.dmx_mix_space              = 8
SCF.dmx_mix_alpha              = 3.0e-01
SCF.rho_mix_method             = NONE
SCF.rho_mix_start              = 1
SCF.rho_mix_space              = 8
SCF.rho_mix_alpha              = 3.0e-01
SCF.hks_mix_method             = BROY
SCF.hks_mix_start              = 1
SCF.hks_mix_space              = 8
SCF.hks_mix_alpha              = 3.0e-01
SCF.damp_factor                = 0.0e+00
SCF.level_shift                = 0.0e+00 [AU]
SCF.smear_method               = NONE
SCF.smear_sigma                = 0.0e+00 [AU]
SCF.soc                        = OFF
SCF.soc_window                 = 1.8e+00 [AU]
SCF.print_bandgap              = OFF
SCF.print_time                 = OFF

OPT.opt_method                 = BFGS
OPT.max_cycle                  = 1
OPT.eps_engy                   = 4.0e-06 [AU]
OPT.eps_grad                   = 4.0e-04 [AU]
OPT.trust_limit                = 3.0e-01 [AU]
OPT.damp_factor                = 0.0e+00
OPT.opt_mix_method             = NONE
OPT.opt_mix_start              = 1
OPT.opt_mix_space              = 5
OPT.opt_mix_alpha              = 3.0e-01
OPT.neb_method                 = FIRE
OPT.neb_lclimb                 = ON
OPT.neb_interp                 = IDPP
OPT.neb_nimage                 = 5
OPT.neb_spring                 = 1.0e-02 [AU]
OPT.neb_maxstep                = 7.6e-02 [AU]

PROP.calculation               = NONE
FREQ.freq_method               = FREE2
FREQ.fd_stepsize               = 2.8e-02 [AU]
DOS.dos_method                 = GAUSS
DOS.dos_sigma                  = 3.7e-03 [AU]
DOS.dos_npoint                 = 1001
DOS.dos_emin                   = 0.0e+00 [AU]
DOS.dos_emax                   = 0.0e+00 [AU]

OPT.mdx_ensemble               = NVE
OPT.mdx_thermostat             = NHC
OPT.mdx_max_step               = 0
OPT.mdx_timestep               = 4.0e+01 [AU]
OPT.mdx_temperature            = 9.5e-04 [AU]
OPT.mdx_pressure               = 0.0e+00 [AU]
OPT.mdx_thermo_tau             = 4.0e+03 [AU]
OPT.mdx_baro_tau               = 2.0e+04 [AU]
OPT.mdx_nhc_length             = 3
OPT.mdx_nhc_mts                = 3
OPT.mdx_constraint             = OFF
OPT.mdx_constraint_tol         = 1.0e-10
OPT.mdx_rng_seed               = 42

K-points mesh = 1 1 1

xc functional: "HSE06"
is hybrid: YES
HFX coeff: 0.25

Basis Set Name: "dzvp-sr"
number of shell = 48
number of basis = 208
gmesh = 29 29 57

Pseudopotential Name: "gth-pbe"
number of valence electron = 64

OPT Calculation.

==============================================================
                   Geometry Optimization                      
==============================================================
  method      = BFGS
  max_cycle   = 1
  eps_engy    = 4.000000e-06
  eps_grad    = 4.000000e-04
  trust_limit = 0.300000
  natom       = 16
  nfree       = 48 / 48
==============================================================

--------------------------------------------------------------
  OPT step 0
--------------------------------------------------------------
[OPT] Cell structure (Angstrom):
       5.43100000       0.00000000       0.00000000
       0.00000000       5.43100000       0.00000000
       0.00000000       0.00000000      10.86200000

Cart
Si         0.00000000       0.00000000       0.00000000   T T T
Si         0.10000000       2.76550000       2.74550000   T T T
Si         2.71550000       0.00000000       2.71550000   T T T
Si         2.71550000       2.71550000       0.00000000   T T T
Si         1.35775000       1.35775000       1.35775000   T T T
Si         1.35775000       4.07325000       4.07325000   T T T
Si         4.07325000       1.35775000       4.07325000   T T T
Si         4.07325000       4.07325000       1.35775000   T T T
Si         0.00000000       0.00000000       5.43100000   T T T
Si         0.00000000       2.71550000       8.14650000   T T T
Si         2.71550000       0.00000000       8.14650000   T T T
Si         2.71550000       2.71550000       5.43100000   T T T
Si         1.35775000       1.35775000       6.78875000   T T T
Si         1.35775000       4.07325000       9.50425000   T T T
Si         4.07325000       1.35775000       9.50425000   T T T
Si         4.07325000       4.07325000       6.78875000   T T T

[OPT] Cell written to /home/rudin/tmp-review-ionic/Si16/full/c10/opt_img/cell_opt_0.txt
[LSDF] gmesh = (29, 29, 57), ngrid = 47937, naofn = 208, natom = 16
Timer "[LSDF] Voronoi partition" used time: 0.001369 s.
Timer "[LSDF] AO evaluation + screening" used time: 0.154248 s.
[LSDF] IP method: randomized QRCP (c=10, m=5)
[LSDF] total IPs selected: 2160 (4.5059% of grid)
Timer "[LSDF] IP selection" used time: 0.068964 s.
Timer "[LSDF] aux basis fitting" used time: 0.017506 s.
[LSDF] Step 5 diagnostics: natom=16, ngrid=47937, naux_total=2160
[LSDF]   OMP threads=32, MKL threads=32
[LSDF]   Vmat_loc total size: 2160 x 47937 = 0.77 GB
Timer "[LSDF]   5a Vmat_loc alloc+FFT" used time: 0.086435 s.
[LSDF]   W size: 2160 x 2160 = 35.60 MB, max_npart=3138
Timer "[LSDF]   5b W construction (DGEMM)" used time: 0.026334 s.
Timer "[LSDF]   5c Wmat symmetrize" used time: 0.002164 s.
[LSDF]   robust_mode=FULL: keeping Vmat_loc (0.77 GB) in atom ordering
Timer "[LSDF] V/W construction" used time: 0.114974 s.
[LSDF] xchg phases: A=0.000 s, B(K_W)=0.006 s, C(K_V)=0.088 s, E(reduce)=0.001 s
[NELEC] step = 0  nelec = 64  neInt = 64.000000  dnelc =  2.1927348826e-11
[ENERG] step = 0  eTotl = -62.54306696  eCore = 19.60664054  eCoul = 4.69704873  eExcl = -19.67424321  eNucl = -67.17251303  eDisp = 0.00000000
[ERROR] step = 0  engy error =  0.0000000000e+00  grad error =  0.0000000000e+00  dmat error =  0.0000000000e+00
Timer "SCF cycle: 0" used time: 1.124397 s.

[LSDF] xchg phases: A=0.002 s, B(K_W)=0.008 s, C(K_V)=0.159 s, E(reduce)=0.001 s
[NELEC] step = 1  nelec = 64  neInt = 64.000000  dnelc =  2.9402258406e-11
[ENERG] step = 1  eTotl = -62.76091811  eCore = 19.33603507  eCoul = 4.50711918  eExcl = -19.43155934  eNucl = -67.17251303  eDisp = 0.00000000
[ERROR] step = 1  engy error = -2.1785114923e-01  grad error =  0.0000000000e+00  dmat error =  1.1761619894e+00
Timer "SCF cycle: 1" used time: 1.216666 s.

[LSDF] xchg phases: A=0.000 s, B(K_W)=0.007 s, C(K_V)=0.095 s, E(reduce)=0.001 s
[NELEC] step = 2  nelec = 64  neInt = 64.000000  dnelc =  2.9785951483e-11
[ENERG] step = 2  eTotl = -62.76641350  eCore = 19.31146822  eCoul = 4.54732345  eExcl = -19.45269215  eNucl = -67.17251303  eDisp = 0.00000000
[ERROR] step = 2  engy error = -5.4953857477e-03  grad error =  0.0000000000e+00  dmat error =  1.7959193576e-02
Timer "SCF cycle: 2" used time: 1.106957 s.

[LSDF] xchg phases: A=0.000 s, B(K_W)=0.003 s, C(K_V)=0.076 s, E(reduce)=0.001 s
[NELEC] step = 3  nelec = 64  neInt = 64.000000  dnelc =  3.0851765587e-11
[ENERG] step = 3  eTotl = -62.77187247  eCore = 19.26595690  eCoul = 4.63247974  eExcl = -19.49779609  eNucl = -67.17251303  eDisp = 0.00000000
[ERROR] step = 3  engy error = -5.4589667580e-03  grad error =  0.0000000000e+00  dmat error =  4.0541375851e-02
Timer "SCF cycle: 3" used time: 1.069212 s.

[LSDF] xchg phases: A=0.000 s, B(K_W)=0.003 s, C(K_V)=0.052 s, E(reduce)=0.001 s
[NELEC] step = 4  nelec = 64  neInt = 64.000000  dnelc =  3.0780711313e-11
[ENERG] step = 4  eTotl = -62.77193321  eCore = 19.26597774  eCoul = 4.63328733  eExcl = -19.49868526  eNucl = -67.17251303  eDisp = 0.00000000
[ERROR] step = 4  engy error = -6.0747876766e-05  grad error =  0.0000000000e+00  dmat error =  3.0932792529e-03
Timer "SCF cycle: 4" used time: 1.041907 s.

[LSDF] xchg phases: A=0.000 s, B(K_W)=0.003 s, C(K_V)=0.045 s, E(reduce)=0.001 s
[NELEC] step = 5  nelec = 64  neInt = 64.000000  dnelc =  3.0780711313e-11
[ENERG] step = 5  eTotl = -62.77196199  eCore = 19.26814264  eCoul = 4.63028764  eExcl = -19.49787925  eNucl = -67.17251303  eDisp = 0.00000000
[ERROR] step = 5  engy error = -2.8777886492e-05  grad error =  0.0000000000e+00  dmat error =  3.7568015116e-03
Timer "SCF cycle: 5" used time: 1.048743 s.

[LSDF] xchg phases: A=0.000 s, B(K_W)=0.003 s, C(K_V)=0.053 s, E(reduce)=0.001 s
[NELEC] step = 6  nelec = 64  neInt = 64.000000  dnelc =  3.0738078749e-11
[ENERG] step = 6  eTotl = -62.77196952  eCore = 19.26982016  eCoul = 4.62790190  eExcl = -19.49717855  eNucl = -67.17251303  eDisp = 0.00000000
[ERROR] step = 6  engy error = -7.5302104747e-06  grad error =  0.0000000000e+00  dmat error =  2.1554973765e-03
Timer "SCF cycle: 6" used time: 1.052105 s.

[LSDF] xchg phases: A=0.000 s, B(K_W)=0.003 s, C(K_V)=0.046 s, E(reduce)=0.001 s
[NELEC] step = 7  nelec = 64  neInt = 64.000000  dnelc =  3.0667024475e-11
[ENERG] step = 7  eTotl = -62.77197024  eCore = 19.27002508  eCoul = 4.62767670  eExcl = -19.49715899  eNucl = -67.17251303  eDisp = 0.00000000
[ERROR] step = 7  engy error = -7.2072191415e-07  grad error =  0.0000000000e+00  dmat error =  4.8802322668e-04
Timer "SCF cycle: 7" used time: 1.033405 s.

[NELEC] step = 8  nelec = 64  neInt = 64.000000  dnelc =  3.0723867894e-11
[ENERG] step = 8  eTotl = -62.77197041  eCore = 19.27001989  eCoul = 4.62773704  eExcl = -19.49721431  eNucl = -67.17251303  eDisp = 0.00000000
[ERROR] step = 8  engy error = -1.6429392247e-07  grad error =  0.0000000000e+00  dmat error =  1.5404980369e-04
Timer "SCF cycle: 8" used time: 1.156292 s.

[NELEC] step = 9  nelec = 64  neInt = 64.000000  dnelc =  3.0695446185e-11
[ENERG] step = 9  eTotl = -62.77197045  eCore = 19.27001122  eCoul = 4.62777766  eExcl = -19.49724630  eNucl = -67.17251303  eDisp = 0.00000000
[ERROR] step = 9  engy error = -4.7568249784e-08  grad error =  0.0000000000e+00  dmat error =  7.7530178350e-05
Timer "SCF cycle: 9" used time: 1.048789 s.

[NELEC] step = 10  nelec = 64  neInt = 64.000000  dnelc =  3.0695446185e-11
[ENERG] step = 10  eTotl = -62.77197047  eCore = 19.26999772  eCoul = 4.62781988  eExcl = -19.49727504  eNucl = -67.17251303  eDisp = 0.00000000
[ERROR] step = 10  engy error = -2.0054663707e-08  grad error =  0.0000000000e+00  dmat error =  6.7323161833e-05
Timer "SCF cycle: 10" used time: 1.046948 s.

[NELEC] step = 11  nelec = 64  neInt = 64.000000  dnelc =  3.0695446185e-11
[ENERG] step = 11  eTotl = -62.77197048  eCore = 19.26999502  eCoul = 4.62782553  eExcl = -19.49727800  eNucl = -67.17251303  eDisp = 0.00000000
[ERROR] step = 11  engy error = -2.0457591177e-09  grad error =  0.0000000000e+00  dmat error =  1.2074816962e-05
SCF converged in 11 steps.
[LSDF] xchg_d10: ISDF-robust path (K_V + K_V~ - K_IP)
[GRADIENT] SCF type: GRKS | atoms: 16 | DOF: 48 | time: 13.709 s
  Atom   0:   2.8704512753e-03  -8.1984323862e-04   1.7685624538e-05
  Atom   1:   2.9011435922e-02   1.6204798945e-02   1.0690900287e-02
  Atom   2:   1.1457160207e-03   6.0663202404e-04   1.2478481777e-03
  Atom   3:  -6.3419595700e-04   1.9692563926e-03   6.3590481675e-05
  Atom   4:  -3.6180094518e-03   2.8857105817e-04  -2.9852798586e-06
  Atom   5:  -1.4204956723e-02  -1.3544153959e-02  -1.1408465479e-02
  Atom   6:  -9.0612471566e-03  -7.7652655387e-03   3.4101157623e-03
  Atom   7:  -6.4084602656e-03   2.5814534743e-03  -4.0501775368e-03
  Atom   8:   2.1071242657e-03   5.4508098789e-04   2.1576602848e-04
  Atom   9:  -3.9348667833e-04  -2.2055733462e-04  -2.1467798644e-04
  Atom  10:   1.2409107013e-04   5.8335605506e-05   1.3158550092e-04
  Atom  11:  -9.0485683433e-06   4.6825386082e-04   1.6027189011e-04
  Atom  12:   2.2921818911e-04   2.1831185509e-04   3.3720614507e-04
  Atom  13:  -8.2035908755e-04  -9.2790300705e-04  -1.2888342674e-03
  Atom  14:  -1.5704951355e-04  -2.8429228304e-04   1.2227104782e-03
  Atom  15:  -1.7383521232e-04   5.8803112921e-04  -4.9939875209e-04
[OPT] step = 0  energy = -62.7719704769  dE =               N/A  grad_max =  2.9011435922e-02  grad_rms =  6.4431154898e-03
[OPT] Geometry optimization did not converge in 1 steps.
Kylin-PBC Done.
Timer "Kylin-PBC main" used time: 28.03391 s.
