[MGDF_DIAG] gmesh = 83 83 163  (ngrid=1122907)
[MGDF_DIAG] level 0  mesh=17 17 33  ngrid=9537  tasks=11328
[MGDF_DIAG] level 1  mesh=29 29 55  ngrid=46255  tasks=7676
[MGDF_DIAG] level 2  mesh=49 49 95  ngrid=228095  tasks=4197
[MGDF_DIAG] level 3  mesh=83 83 163  ngrid=1122907  tasks=0
[MGDF_DIAG] atom_pairs_kept=23201  rejected: atom=27360 set=0 pgf=71118 radius=1041
[MGDF_DIAG] max_pair_radius=15.7373  max_pgf_rcut=14.1991  total_pairs=23201  precision_colloc=1e-14  precision_screen=1e-07
OMP: Warning #226: KMP_AFFINITY must be set prior to first parallel region or certain API calls; ignored.
  [bwd-lev0] integ=0.0177629s  tasks=11328  us/pair=50.1777  grid=0.0727615MB
  [bwd-lev1] integ=0.011519s  tasks=7676  us/pair=48.0207  grid=0.352898MB
  [bwd-lev2] integ=0.00841999s  tasks=4197  us/pair=64.1982  grid=1.74023MB
  [bwd] fft=0.00484109s  integ=0.0377018s  reduce=0.000192881s
  [fwd-lev0] colloc=0.0130768s  tasks=11328  us/pair=36.9401  grid=0.0727615MB
  [fwd-lev1] colloc=0.00813198s  tasks=7676  us/pair=33.9009  grid=0.352898MB
  [fwd-lev2] colloc=0.00649619s  tasks=4197  us/pair=49.5302  grid=1.74023MB
  [fwd] colloc=0.027705s  reduce=0.000408888s  fft=0.00317407s
  [bwd-lev0] integ=0.0435219s  tasks=11328  us/pair=122.943  grid=0.0727615MB
  [bwd-lev1] integ=0.0252731s  tasks=7676  us/pair=105.359  grid=0.352898MB
  [bwd-lev2] integ=0.0168121s  tasks=4197  us/pair=128.184  grid=1.74023MB
  [bwd] fft=0.0075798s  integ=0.0856071s  reduce=0.000152111s
  [fwd-lev0] colloc=0.0130289s  tasks=11328  us/pair=36.8047  grid=0.0727615MB
  [fwd-lev1] colloc=0.00805092s  tasks=7676  us/pair=33.563  grid=0.352898MB
  [fwd-lev2] colloc=0.00562286s  tasks=4197  us/pair=42.8715  grid=1.74023MB
  [fwd] colloc=0.0267026s  reduce=0.000321388s  fft=0.00193667s
  [bwd-lev0] integ=0.0393341s  tasks=11328  us/pair=111.113  grid=0.0727615MB
  [bwd-lev1] integ=0.0232542s  tasks=7676  us/pair=96.9428  grid=0.352898MB
  [bwd-lev2] integ=0.015641s  tasks=4197  us/pair=119.255  grid=1.74023MB
  [bwd] fft=0.0099206s  integ=0.0782292s  reduce=0.000319958s
  [fwd-lev0] colloc=0.013041s  tasks=11328  us/pair=36.839  grid=0.0727615MB
  [fwd-lev1] colloc=0.00804901s  tasks=7676  us/pair=33.555  grid=0.352898MB
  [fwd-lev2] colloc=0.00626707s  tasks=4197  us/pair=47.7832  grid=1.74023MB
  [fwd] colloc=0.0273571s  reduce=0.000308037s  fft=0.00209498s
  [bwd-lev0] integ=0.0441339s  tasks=11328  us/pair=124.672  grid=0.0727615MB
  [bwd-lev1] integ=0.025646s  tasks=7676  us/pair=106.914  grid=0.352898MB
  [bwd-lev2] integ=0.0167551s  tasks=4197  us/pair=127.749  grid=1.74023MB
  [bwd] fft=0.00773191s  integ=0.086535s  reduce=0.000161171s
  [fwd-lev0] colloc=0.016037s  tasks=11328  us/pair=45.3022  grid=0.0727615MB
  [fwd-lev1] colloc=0.0091989s  tasks=7676  us/pair=38.3487  grid=0.352898MB
  [fwd-lev2] colloc=0.00617695s  tasks=4197  us/pair=47.0961  grid=1.74023MB
  [fwd] colloc=0.0314128s  reduce=0.000328779s  fft=0.00204134s
  [bwd-lev0] integ=0.043031s  tasks=11328  us/pair=121.556  grid=0.0727615MB
  [bwd-lev1] integ=0.0253229s  tasks=7676  us/pair=105.567  grid=0.352898MB
  [bwd-lev2] integ=0.0166969s  tasks=4197  us/pair=127.306  grid=1.74023MB
  [bwd] fft=0.00611591s  integ=0.0850508s  reduce=0.000159979s
  [fwd-lev0] colloc=0.0170572s  tasks=11328  us/pair=48.1841  grid=0.0727615MB
  [fwd-lev1] colloc=0.00983715s  tasks=7676  us/pair=41.0095  grid=0.352898MB
  [fwd-lev2] colloc=0.00657797s  tasks=4197  us/pair=50.1537  grid=1.74023MB
  [fwd] colloc=0.0334723s  reduce=0.000329733s  fft=0.00215626s
  [bwd-lev0] integ=0.0438979s  tasks=11328  us/pair=124.005  grid=0.0727615MB
  [bwd-lev1] integ=0.0254481s  tasks=7676  us/pair=106.089  grid=0.352898MB
  [bwd-lev2] integ=0.0166361s  tasks=4197  us/pair=126.842  grid=1.74023MB
  [bwd] fft=0.00686097s  integ=0.0859821s  reduce=0.00016284s
  [fwd-lev0] colloc=0.0183561s  tasks=11328  us/pair=51.8533  grid=0.0727615MB
  [fwd-lev1] colloc=0.0104909s  tasks=7676  us/pair=43.7348  grid=0.352898MB
  [fwd-lev2] colloc=0.00709295s  tasks=4197  us/pair=54.0802  grid=1.74023MB
  [fwd] colloc=0.0359399s  reduce=0.000325203s  fft=0.00231194s
  [bwd-lev0] integ=0.042285s  tasks=11328  us/pair=119.449  grid=0.0727615MB
  [bwd-lev1] integ=0.0249491s  tasks=7676  us/pair=104.009  grid=0.352898MB
  [bwd-lev2] integ=0.016705s  tasks=4197  us/pair=127.367  grid=1.74023MB
  [bwd] fft=0.00630403s  integ=0.0839391s  reduce=0.000159979s
  [fwd-lev0] colloc=0.0186861s  tasks=11328  us/pair=52.7855  grid=0.0727615MB
  [fwd-lev1] colloc=0.010849s  tasks=7676  us/pair=45.2277  grid=0.352898MB
  [fwd-lev2] colloc=0.00730705s  tasks=4197  us/pair=55.7126  grid=1.74023MB
  [fwd] colloc=0.0368421s  reduce=0.000319004s  fft=0.00244069s
  [bwd-lev0] integ=0.0435328s  tasks=11328  us/pair=122.974  grid=0.0727615MB
  [bwd-lev1] integ=0.0255342s  tasks=7676  us/pair=106.448  grid=0.352898MB
  [bwd-lev2] integ=0.0168459s  tasks=4197  us/pair=128.442  grid=1.74023MB
  [bwd] fft=0.00692701s  integ=0.0859129s  reduce=0.000162125s
  [fwd-lev0] colloc=0.0130398s  tasks=11328  us/pair=36.8357  grid=0.0727615MB
  [fwd-lev1] colloc=0.00795794s  tasks=7676  us/pair=33.1753  grid=0.352898MB
  [fwd-lev2] colloc=0.00564504s  tasks=4197  us/pair=43.0405  grid=1.74023MB
  [fwd] colloc=0.0266428s  reduce=0.000313044s  fft=0.00205708s
  [bwd-lev0] integ=0.0436049s  tasks=11328  us/pair=123.178  grid=0.0727615MB
  [bwd-lev1] integ=0.0255449s  tasks=7676  us/pair=106.492  grid=0.352898MB
  [bwd-lev2] integ=0.0168221s  tasks=4197  us/pair=128.26  grid=1.74023MB
  [bwd] fft=0.00664306s  integ=0.0859718s  reduce=0.000160933s
  [fwd-lev0] colloc=0.0188782s  tasks=11328  us/pair=53.3283  grid=0.0727615MB
  [fwd-lev1] colloc=0.0108051s  tasks=7676  us/pair=45.0448  grid=0.352898MB
  [fwd-lev2] colloc=0.00722098s  tasks=4197  us/pair=55.0563  grid=1.74023MB
  [fwd] colloc=0.0369043s  reduce=0.00032711s  fft=0.00211596s
  [bwd-lev0] integ=0.0420489s  tasks=11328  us/pair=118.782  grid=0.0727615MB
  [bwd-lev1] integ=0.024163s  tasks=7676  us/pair=100.732  grid=0.352898MB
  [bwd-lev2] integ=0.015861s  tasks=4197  us/pair=120.932  grid=1.74023MB
  [bwd] fft=0.007761s  integ=0.082073s  reduce=0.000218868s
  [fwd-lev0] colloc=0.0130129s  tasks=11328  us/pair=36.7596  grid=0.0727615MB
  [fwd-lev1] colloc=0.00796008s  tasks=7676  us/pair=33.1843  grid=0.352898MB
  [fwd-lev2] colloc=0.00568891s  tasks=4197  us/pair=43.375  grid=1.74023MB
  [fwd] colloc=0.0266619s  reduce=0.000354767s  fft=0.00196218s
  [bwd-lev0] integ=0.043556s  tasks=11328  us/pair=123.039  grid=0.0727615MB
  [bwd-lev1] integ=0.0251141s  tasks=7676  us/pair=104.696  grid=0.352898MB
  [bwd-lev2] integ=0.0166459s  tasks=4197  us/pair=126.917  grid=1.74023MB
  [bwd] fft=0.00700808s  integ=0.0853159s  reduce=0.000161171s
  [fwd-lev0] colloc=0.0187449s  tasks=11328  us/pair=52.9518  grid=0.0727615MB
  [fwd-lev1] colloc=0.0107741s  tasks=7676  us/pair=44.9156  grid=0.352898MB
  [fwd-lev2] colloc=0.00727105s  tasks=4197  us/pair=55.4381  grid=1.74023MB
  [fwd] colloc=0.0367901s  reduce=0.000351906s  fft=0.00248599s
  [bwd-lev0] integ=0.0411739s  tasks=11328  us/pair=116.311  grid=0.0727615MB
  [bwd-lev1] integ=0.0246489s  tasks=7676  us/pair=102.757  grid=0.352898MB
  [bwd-lev2] integ=0.0163338s  tasks=4197  us/pair=124.537  grid=1.74023MB
  [bwd] fft=0.00652909s  integ=0.0821567s  reduce=0.000160217s
  [fwd-lev0] colloc=0.018121s  tasks=11328  us/pair=51.1893  grid=0.0727615MB
  [fwd-lev1] colloc=0.0104761s  tasks=7676  us/pair=43.6732  grid=0.352898MB
  [fwd-lev2] colloc=0.006917s  tasks=4197  us/pair=52.7386  grid=1.74023MB
  [fwd] colloc=0.0355141s  reduce=0.000358105s  fft=0.00230289s
  [bwd-lev0] integ=0.042871s  tasks=11328  us/pair=121.105  grid=0.0727615MB
  [bwd-lev1] integ=0.0246229s  tasks=7676  us/pair=102.649  grid=0.352898MB
  [bwd-lev2] integ=0.015923s  tasks=4197  us/pair=121.405  grid=1.74023MB
  [bwd] fft=0.00798416s  integ=0.0834169s  reduce=0.000162125s
  [fwd-lev0] colloc=0.0133171s  tasks=11328  us/pair=37.6189  grid=0.0727615MB
  [fwd-lev1] colloc=0.00796103s  tasks=7676  us/pair=33.1883  grid=0.352898MB
  [fwd-lev2] colloc=0.00557494s  tasks=4197  us/pair=42.5061  grid=1.74023MB
  [fwd] colloc=0.0268531s  reduce=0.000375271s  fft=0.0026567s
