Kylin-PBC: v1.0.0

System time = 2026-06-23 22:11:27

OMP threads = 32

KYLIN_PBC_ROOT = "/home/rudin/code/kylin-pbc"
KYLIN_SCR_PATH = "/nvme"
KYLIN_JOB_PATH = "/home/rudin/code/kylin-pbc/art/example/extern/Si-PBE-gamma-kylin-MGDF"

SCF.xcfun                      = PBE
SCF.basis                      = dzvp-sr
SCF.psudo                      = gth-pbe
SCF.kmesh                      = 1 1 1
SCF.gmesh                      = 6.0e-01
SCF.ispin                      = OFF
SCF.dspin                      = 0
SCF.eps_engy                   = 3.7e-09 [AU]
SCF.eps_grad                   = 1.0e-05 [AU]
SCF.eps_dmat                   = 1.0e-03
SCF.chk_load                   = 
SCF.chk_save                   = 
SCF.scf_guess                  = ATOM
SCF.max_cycle                  = 200
SCF.vdw_method                 = NONE
SCF.coul_method                = MGDF
SCF.xchg_method                = LSDF
SCF.xchg_exxocc                = OFF
SCF.xchg_exxace                = NONE
SCF.xchg_robust                = TILE
SCF.xchg_exxdiv                = NONE
SCF.lsdf_cparam                = 30
SCF.lsdf_mparam                = 5
SCF.lsdf_ipslct                = QRCP
SCF.lsdf_chocut                = 1.0e-08
SCF.lsdf_atmcut                = 2.5e+01
SCF.lsdf_aovcut                = 1.0e-07
SCF.lsdf_swzcut                = 0.0e+00
SCF.lsdf_pnocut                = 0.0e+00
SCF.lsdf_nafcut                = 0.0e+00
SCF.mgdf_ntasks                = 4
SCF.mgdf_kratio                = 3.0e+00
SCF.mgdf_cutoff                = 3.0e+02 [AU]
SCF.mgdf_relcut                = 3.0e+01
SCF.mgdf_prprec                = 1.0e-14
SCF.dmx_mix_method             = NONE
SCF.dmx_mix_start              = 1
SCF.dmx_mix_space              = 8
SCF.dmx_mix_alpha              = 3.0e-01
SCF.rho_mix_method             = NONE
SCF.rho_mix_start              = 1
SCF.rho_mix_space              = 8
SCF.rho_mix_alpha              = 3.0e-01
SCF.hks_mix_method             = BROY
SCF.hks_mix_start              = 1
SCF.hks_mix_space              = 8
SCF.hks_mix_alpha              = 3.0e-01
SCF.damp_factor                = 0.0e+00
SCF.level_shift                = 0.0e+00 [AU]
SCF.smear_method               = NONE
SCF.smear_sigma                = 0.0e+00 [AU]
SCF.soc                        = OFF
SCF.soc_window                 = 1.8e+00 [AU]
SCF.print_bandgap              = ON
SCF.print_time                 = OFF

OPT.opt_method                 = BFGS
OPT.max_cycle                  = 0
OPT.eps_engy                   = 4.0e-06 [AU]
OPT.eps_grad                   = 4.0e-04 [AU]
OPT.trust_limit                = 3.0e-01 [AU]
OPT.damp_factor                = 0.0e+00
OPT.opt_mix_method             = NONE
OPT.opt_mix_start              = 1
OPT.opt_mix_space              = 5
OPT.opt_mix_alpha              = 3.0e-01
OPT.neb_method                 = FIRE
OPT.neb_lclimb                 = ON
OPT.neb_interp                 = IDPP
OPT.neb_nimage                 = 5
OPT.neb_spring                 = 1.0e-02 [AU]
OPT.neb_maxstep                = 7.6e-02 [AU]

PROP.calculation               = NONE
FREQ.freq_method               = FREE2
FREQ.fd_stepsize               = 2.8e-02 [AU]
DOS.dos_method                 = GAUSS
DOS.dos_sigma                  = 3.7e-03 [AU]
DOS.dos_npoint                 = 1001
DOS.dos_emin                   = 0.0e+00 [AU]
DOS.dos_emax                   = 0.0e+00 [AU]

OPT.mdx_ensemble               = NVE
OPT.mdx_thermostat             = NHC
OPT.mdx_max_step               = 0
OPT.mdx_timestep               = 4.0e+01 [AU]
OPT.mdx_temperature            = 9.5e-04 [AU]
OPT.mdx_pressure               = 0.0e+00 [AU]
OPT.mdx_thermo_tau             = 4.0e+03 [AU]
OPT.mdx_baro_tau               = 2.0e+04 [AU]
OPT.mdx_nhc_length             = 3
OPT.mdx_nhc_mts                = 3
OPT.mdx_constraint             = OFF
OPT.mdx_constraint_tol         = 1.0e-10
OPT.mdx_rng_seed               = 42

K-points mesh = 1 1 1

xc functional: "PBE"
is hybrid: NO

Basis Set Name: "dzvp-sr"
number of shell = 6
number of basis = 26
gmesh = 25 25 25

Pseudopotential Name: "gth-pbe"
number of valence electron = 8

SCF Calculation.
Gamma point
[NELEC] step = 0  nelec = 8  neInt = 8.000000  dnelc = -7.0432548682e-13
[ENERG] step = 0  eTotl = -8.15914657  eCore = 2.07575423  eCoul = 0.60485866  eExcl = -2.44183418  eNucl = -8.39792528  eDisp = 0.00000000
[ERROR] step = 0  engy error =  0.0000000000e+00  grad error =  0.0000000000e+00  dmat error =  0.0000000000e+00
Timer "SCF cycle: 0" used time: 0.157969 s.

[NELEC] step = 1  nelec = 8  neInt = 8.000000  dnelc =  9.4981800203e-12
[ENERG] step = 1  eTotl = -7.24677622  eCore = 2.83567960  eCoul = 0.89382334  eExcl = -2.57835387  eNucl = -8.39792528  eDisp = 0.00000000
[ERROR] step = 1  engy error =  9.1237035114e-01  grad error =  0.0000000000e+00  dmat error =  1.6055867377e+00
Timer "SCF cycle: 1" used time: 0.130115 s.

[NELEC] step = 2  nelec = 8  neInt = 8.000000  dnelc =  9.5994323601e-12
[ENERG] step = 2  eTotl = -7.24729043  eCore = 2.83874351  eCoul = 0.88815185  eExcl = -2.57626051  eNucl = -8.39792528  eDisp = 0.00000000
[ERROR] step = 2  engy error = -5.1421405548e-04  grad error =  0.0000000000e+00  dmat error =  1.1707520432e-02
Timer "SCF cycle: 2" used time: 0.126037 s.

[NELEC] step = 3  nelec = 8  neInt = 8.000000  dnelc =  9.6207486422e-12
[ENERG] step = 3  eTotl = -7.24774769  eCore = 2.84593459  eCoul = 0.87608919  eExcl = -2.57184620  eNucl = -8.39792528  eDisp = 0.00000000
[ERROR] step = 3  engy error = -4.5726154849e-04  grad error =  0.0000000000e+00  dmat error =  2.5202885606e-02
Timer "SCF cycle: 3" used time: 0.124957 s.

[NELEC] step = 4  nelec = 8  neInt = 8.000000  dnelc =  9.4697583108e-12
[ENERG] step = 4  eTotl = -7.24774870  eCore = 2.84595151  eCoul = 0.87613327  eExcl = -2.57190820  eNucl = -8.39792528  eDisp = 0.00000000
[ERROR] step = 4  engy error = -1.0036697251e-06  grad error =  0.0000000000e+00  dmat error =  1.0993093226e-03
Timer "SCF cycle: 4" used time: 0.125152 s.

[NELEC] step = 5  nelec = 8  neInt = 8.000000  dnelc =  9.4715346677e-12
[ENERG] step = 5  eTotl = -7.24774870  eCore = 2.84596575  eCoul = 0.87611046  eExcl = -2.57189963  eNucl = -8.39792528  eDisp = 0.00000000
[ERROR] step = 5  engy error = -8.0159789917e-10  grad error =  0.0000000000e+00  dmat error =  4.8758156138e-05
SCF converged in 5 steps.

  Band Gap Analysis (per k-point)
  k-pt    spin         HOMO (eV)       LUMO (eV)        Gap (eV)
  -----------------------------------------------------------
  0       0             7.320770        9.631395        2.310625
  -----------------------------------------------------------
  VBM =       7.320770 eV    CBM =       9.631395 eV    Band Gap =       2.310625 eV

Kylin-PBC Done.
Timer "Kylin-PBC main" used time: 1.184351 s.
