Kylin-PBC: v1.0.0

System time = 2026-06-24 02:11:19

OMP threads = 32

KYLIN_PBC_ROOT = "/home/rudin/code/kylin-pbc"
KYLIN_SCR_PATH = "/tmp"
KYLIN_JOB_PATH = "/home/rudin/code/kylin-pbc/art/example/internal/LiH-PBE-gamma-MGDF"

SCF.xcfun                      = PBE
SCF.basis                      = dzvp-sr
SCF.psudo                      = gth-pbe
SCF.kmesh                      = 1 1 1
SCF.gmesh                      = 6.0e-01
SCF.ispin                      = OFF
SCF.dspin                      = 0
SCF.eps_engy                   = 3.7e-09 [AU]
SCF.eps_grad                   = 1.0e-05 [AU]
SCF.eps_dmat                   = 1.0e-03
SCF.chk_load                   = 
SCF.chk_save                   = 
SCF.scf_guess                  = ATOM
SCF.max_cycle                  = 200
SCF.vdw_method                 = NONE
SCF.coul_method                = MGDF
SCF.xchg_method                = LSDF
SCF.xchg_exxocc                = OFF
SCF.xchg_exxace                = NONE
SCF.xchg_robust                = TILE
SCF.xchg_exxdiv                = NONE
SCF.lsdf_cparam                = 30
SCF.lsdf_mparam                = 5
SCF.lsdf_ipslct                = QRCP
SCF.lsdf_chocut                = 1.0e-08
SCF.lsdf_atmcut                = 2.5e+01
SCF.lsdf_aovcut                = 1.0e-07
SCF.lsdf_swzcut                = 0.0e+00
SCF.lsdf_pnocut                = 0.0e+00
SCF.lsdf_nafcut                = 0.0e+00
SCF.mgdf_ntasks                = 4
SCF.mgdf_kratio                = 3.0e+00
SCF.mgdf_cutoff                = 3.0e+02 [AU]
SCF.mgdf_relcut                = 3.0e+01
SCF.mgdf_prprec                = 1.0e-14
SCF.dmx_mix_method             = NONE
SCF.dmx_mix_start              = 1
SCF.dmx_mix_space              = 8
SCF.dmx_mix_alpha              = 3.0e-01
SCF.rho_mix_method             = NONE
SCF.rho_mix_start              = 1
SCF.rho_mix_space              = 8
SCF.rho_mix_alpha              = 3.0e-01
SCF.hks_mix_method             = BROY
SCF.hks_mix_start              = 1
SCF.hks_mix_space              = 8
SCF.hks_mix_alpha              = 3.0e-01
SCF.damp_factor                = 0.0e+00
SCF.level_shift                = 0.0e+00 [AU]
SCF.smear_method               = NONE
SCF.smear_sigma                = 0.0e+00 [AU]
SCF.soc                        = OFF
SCF.soc_window                 = 1.8e+00 [AU]
SCF.print_bandgap              = OFF
SCF.print_time                 = OFF

OPT.opt_method                 = BFGS
OPT.max_cycle                  = 1
OPT.eps_engy                   = 4.0e-06 [AU]
OPT.eps_grad                   = 4.0e-04 [AU]
OPT.trust_limit                = 3.0e-01 [AU]
OPT.damp_factor                = 0.0e+00
OPT.opt_mix_method             = NONE
OPT.opt_mix_start              = 1
OPT.opt_mix_space              = 5
OPT.opt_mix_alpha              = 3.0e-01
OPT.neb_method                 = FIRE
OPT.neb_lclimb                 = ON
OPT.neb_interp                 = IDPP
OPT.neb_nimage                 = 5
OPT.neb_spring                 = 1.0e-02 [AU]
OPT.neb_maxstep                = 7.6e-02 [AU]

PROP.calculation               = NONE
FREQ.freq_method               = FREE2
FREQ.fd_stepsize               = 2.8e-02 [AU]
DOS.dos_method                 = GAUSS
DOS.dos_sigma                  = 3.7e-03 [AU]
DOS.dos_npoint                 = 1001
DOS.dos_emin                   = 0.0e+00 [AU]
DOS.dos_emax                   = 0.0e+00 [AU]

OPT.mdx_ensemble               = NVE
OPT.mdx_thermostat             = NHC
OPT.mdx_max_step               = 0
OPT.mdx_timestep               = 4.0e+01 [AU]
OPT.mdx_temperature            = 9.5e-04 [AU]
OPT.mdx_pressure               = 0.0e+00 [AU]
OPT.mdx_thermo_tau             = 4.0e+03 [AU]
OPT.mdx_baro_tau               = 2.0e+04 [AU]
OPT.mdx_nhc_length             = 3
OPT.mdx_nhc_mts                = 3
OPT.mdx_constraint             = OFF
OPT.mdx_constraint_tol         = 1.0e-10
OPT.mdx_rng_seed               = 42

K-points mesh = 1 1 1

xc functional: "PBE"
is hybrid: NO

Basis Set Name: "dzvp-sr"
number of shell = 4
number of basis = 11
gmesh = 43 43 43

Pseudopotential Name: "gth-pbe"
number of valence electron = 4

OPT Calculation.

==============================================================
                   Geometry Optimization                      
==============================================================
  method      = BFGS
  max_cycle   = 1
  eps_engy    = 4.000000e-06
  eps_grad    = 4.000000e-04
  trust_limit = 0.300000
  natom       = 2
  nfree       = 6 / 6
==============================================================

--------------------------------------------------------------
  OPT step 0
--------------------------------------------------------------
[OPT] Cell structure (Angstrom):
       0.00000000       2.04150000       2.04150000
       2.04150000       0.00000000       2.04150000
       2.04150000       2.04150000       0.00000000

Cart
Li         0.00000000       0.00000000       0.00000000   T T T
H          2.14150000       2.09150000       2.07150000   T T T

[OPT] Cell written to /home/rudin/code/kylin-pbc/art/example/internal/LiH-PBE-gamma-MGDF/opt_img/cell_opt_0.txt
[NELEC] step = 0  nelec = 4  neInt = 4.000000  dnelc =  7.0391328322e-09
[ENERG] step = 0  eTotl = -5.23612424  eCore = -0.67063840  eCoul = 0.05765047  eExcl = -1.23094458  eNucl = -3.39219173  eDisp = 0.00000000
[ERROR] step = 0  engy error =  0.0000000000e+00  grad error =  0.0000000000e+00  dmat error =  0.0000000000e+00
Timer "SCF cycle: 0" used time: 0.212273 s.

[NELEC] step = 1  nelec = 4  neInt = 4.000001  dnelc =  5.7147909249e-07
[ENERG] step = 1  eTotl = -8.16634476  eCore = -4.77191337  eCoul = 2.34890763  eExcl = -2.35114729  eNucl = -3.39219173  eDisp = 0.00000000
[ERROR] step = 1  engy error = -2.9302205168e+00  grad error =  0.0000000000e+00  dmat error =  2.4540089495e+00
Timer "SCF cycle: 1" used time: 0.168953 s.

[NELEC] step = 2  nelec = 4  neInt = 4.000000  dnelc =  3.5278668786e-07
[ENERG] step = 2  eTotl = -8.24373041  eCore = -4.77040777  eCoul = 2.21747979  eExcl = -2.29861070  eNucl = -3.39219173  eDisp = 0.00000000
[ERROR] step = 2  engy error = -7.7385651485e-02  grad error =  0.0000000000e+00  dmat error =  6.3548875903e-01
Timer "SCF cycle: 2" used time: 0.169366 s.

[NELEC] step = 3  nelec = 4  neInt = 4.000000  dnelc = -3.5358149741e-08
[ENERG] step = 3  eTotl = -8.30309087  eCore = -4.67135108  eCoul = 1.95262654  eExcl = -2.19217459  eNucl = -3.39219173  eDisp = 0.00000000
[ERROR] step = 3  engy error = -5.9360455933e-02  grad error =  0.0000000000e+00  dmat error =  1.0710782895e+00
Timer "SCF cycle: 3" used time: 0.172252 s.

[NELEC] step = 4  nelec = 4  neInt = 4.000000  dnelc =  7.2131554063e-09
[ENERG] step = 4  eTotl = -8.30311980  eCore = -4.69771099  eCoul = 1.98613164  eExcl = -2.19934871  eNucl = -3.39219173  eDisp = 0.00000000
[ERROR] step = 4  engy error = -2.8936797634e-05  grad error =  0.0000000000e+00  dmat error =  1.1425180538e-01
Timer "SCF cycle: 4" used time: 0.168070 s.

[NELEC] step = 5  nelec = 4  neInt = 4.000000  dnelc = -1.0227793723e-08
[ENERG] step = 5  eTotl = -8.30381065  eCore = -4.68763963  eCoul = 1.97241411  eExcl = -2.19639340  eNucl = -3.39219173  eDisp = 0.00000000
[ERROR] step = 5  engy error = -6.9084988237e-04  grad error =  0.0000000000e+00  dmat error =  4.6817410816e-02
Timer "SCF cycle: 5" used time: 0.167752 s.

[NELEC] step = 6  nelec = 4  neInt = 4.000000  dnelc = -1.2435747099e-08
[ENERG] step = 6  eTotl = -8.30383486  eCore = -4.68562624  eCoul = 1.97045934  eExcl = -2.19647622  eNucl = -3.39219173  eDisp = 0.00000000
[ERROR] step = 6  engy error = -2.4205020539e-05  grad error =  0.0000000000e+00  dmat error =  8.6656800396e-03
Timer "SCF cycle: 6" used time: 0.166882 s.

[NELEC] step = 7  nelec = 4  neInt = 4.000000  dnelc = -1.2501064628e-08
[ENERG] step = 7  eTotl = -8.30383489  eCore = -4.68561980  eCoul = 1.97041503  eExcl = -2.19643839  eNucl = -3.39219173  eDisp = 0.00000000
[ERROR] step = 7  engy error = -3.2765500535e-08  grad error =  0.0000000000e+00  dmat error =  1.8830918467e-04
Timer "SCF cycle: 7" used time: 0.167247 s.

[NELEC] step = 8  nelec = 4  neInt = 4.000000  dnelc = -1.2470710686e-08
[ENERG] step = 8  eTotl = -8.30383493  eCore = -4.68567792  eCoul = 1.97044933  eExcl = -2.19641460  eNucl = -3.39219173  eDisp = 0.00000000
[ERROR] step = 8  engy error = -3.5500880458e-08  grad error =  0.0000000000e+00  dmat error =  3.4298152417e-04
Timer "SCF cycle: 8" used time: 0.166753 s.

[NELEC] step = 9  nelec = 4  neInt = 4.000000  dnelc = -1.2474992150e-08
[ENERG] step = 9  eTotl = -8.30383493  eCore = -4.68567481  eCoul = 1.97044571  eExcl = -2.19641409  eNucl = -3.39219173  eDisp = 0.00000000
[ERROR] step = 9  engy error =  5.1816329005e-12  grad error =  0.0000000000e+00  dmat error =  1.1392937909e-05
SCF converged in 9 steps.
[GRADIENT] SCF type: GRKS | atoms: 2 | DOF: 6 | time: 7.363 s
  Atom   0:  -5.9430244080e-03  -2.8741492002e-03  -1.7121684384e-03
  Atom   1:   5.9431247566e-03   2.8741972237e-03   1.7122151593e-03
[OPT] step = 0  energy = -8.3038349258  dE =               N/A  grad_max =  5.9431247566e-03  grad_rms =  3.9375376359e-03
[OPT] Geometry optimization did not converge in 1 steps.
Kylin-PBC Done.
Timer "Kylin-PBC main" used time: 9.761394 s.
