Kylin-PBC: v1.0.0

System time = 2026-06-24 02:11:28

OMP threads = 32

KYLIN_PBC_ROOT = "/home/rudin/code/kylin-pbc"
KYLIN_SCR_PATH = "/tmp"
KYLIN_JOB_PATH = "/home/rudin/code/kylin-pbc/art/example/internal/LiH-PBE-k333-FTDF"

SCF.xcfun                      = PBE
SCF.basis                      = dzvp-sr
SCF.psudo                      = gth-pbe
SCF.kmesh                      = 3 3 3
SCF.gmesh                      = 6.0e-01
SCF.ispin                      = OFF
SCF.dspin                      = 0
SCF.eps_engy                   = 3.7e-09 [AU]
SCF.eps_grad                   = 1.0e-05 [AU]
SCF.eps_dmat                   = 1.0e-03
SCF.chk_load                   = 
SCF.chk_save                   = 
SCF.scf_guess                  = ATOM
SCF.max_cycle                  = 200
SCF.vdw_method                 = NONE
SCF.coul_method                = FTDF
SCF.xchg_method                = LSDF
SCF.xchg_exxocc                = OFF
SCF.xchg_exxace                = NONE
SCF.xchg_robust                = TILE
SCF.xchg_exxdiv                = NONE
SCF.lsdf_cparam                = 30
SCF.lsdf_mparam                = 5
SCF.lsdf_ipslct                = QRCP
SCF.lsdf_chocut                = 1.0e-08
SCF.lsdf_atmcut                = 2.5e+01
SCF.lsdf_aovcut                = 1.0e-07
SCF.lsdf_swzcut                = 0.0e+00
SCF.lsdf_pnocut                = 0.0e+00
SCF.lsdf_nafcut                = 0.0e+00
SCF.mgdf_ntasks                = 4
SCF.mgdf_kratio                = 3.0e+00
SCF.mgdf_cutoff                = 3.0e+02 [AU]
SCF.mgdf_relcut                = 3.0e+01
SCF.mgdf_prprec                = 1.0e-14
SCF.dmx_mix_method             = NONE
SCF.dmx_mix_start              = 1
SCF.dmx_mix_space              = 8
SCF.dmx_mix_alpha              = 3.0e-01
SCF.rho_mix_method             = NONE
SCF.rho_mix_start              = 1
SCF.rho_mix_space              = 8
SCF.rho_mix_alpha              = 3.0e-01
SCF.hks_mix_method             = BROY
SCF.hks_mix_start              = 1
SCF.hks_mix_space              = 8
SCF.hks_mix_alpha              = 3.0e-01
SCF.damp_factor                = 0.0e+00
SCF.level_shift                = 0.0e+00 [AU]
SCF.smear_method               = NONE
SCF.smear_sigma                = 0.0e+00 [AU]
SCF.soc                        = OFF
SCF.soc_window                 = 1.8e+00 [AU]
SCF.print_bandgap              = OFF
SCF.print_time                 = OFF

OPT.opt_method                 = BFGS
OPT.max_cycle                  = 0
OPT.eps_engy                   = 4.0e-06 [AU]
OPT.eps_grad                   = 4.0e-04 [AU]
OPT.trust_limit                = 3.0e-01 [AU]
OPT.damp_factor                = 0.0e+00
OPT.opt_mix_method             = NONE
OPT.opt_mix_start              = 1
OPT.opt_mix_space              = 5
OPT.opt_mix_alpha              = 3.0e-01
OPT.neb_method                 = FIRE
OPT.neb_lclimb                 = ON
OPT.neb_interp                 = IDPP
OPT.neb_nimage                 = 5
OPT.neb_spring                 = 1.0e-02 [AU]
OPT.neb_maxstep                = 7.6e-02 [AU]

PROP.calculation               = NONE
FREQ.freq_method               = FREE2
FREQ.fd_stepsize               = 2.8e-02 [AU]
DOS.dos_method                 = GAUSS
DOS.dos_sigma                  = 3.7e-03 [AU]
DOS.dos_npoint                 = 1001
DOS.dos_emin                   = 0.0e+00 [AU]
DOS.dos_emax                   = 0.0e+00 [AU]

OPT.mdx_ensemble               = NVE
OPT.mdx_thermostat             = NHC
OPT.mdx_max_step               = 0
OPT.mdx_timestep               = 4.0e+01 [AU]
OPT.mdx_temperature            = 9.5e-04 [AU]
OPT.mdx_pressure               = 0.0e+00 [AU]
OPT.mdx_thermo_tau             = 4.0e+03 [AU]
OPT.mdx_baro_tau               = 2.0e+04 [AU]
OPT.mdx_nhc_length             = 3
OPT.mdx_nhc_mts                = 3
OPT.mdx_constraint             = OFF
OPT.mdx_constraint_tol         = 1.0e-10
OPT.mdx_rng_seed               = 42

K-points mesh = 3 3 3

xc functional: "PBE"
is hybrid: NO

Basis Set Name: "dzvp-sr"
number of shell = 4
number of basis = 11
gmesh = 43 43 43

Pseudopotential Name: "gth-pbe"
number of valence electron = 4

SCF Calculation.
K sampling = 3 3 3
[IGUESS] MINAO initial guess done. naofn = 11  nkpot = 27
[NELEC] step = 0  nelec = 4  neInt = 0.787742  dnelc = -3.2122578110e+00
[ENERG] step = 0  eTotl = -4.46003578  eCore = -0.86373359  eCoul = 0.07517999  eExcl = -0.27929046  eNucl = -3.39219173  eDisp = 0.00000000
[ERROR] step = 0  engy error =  0.0000000000e+00  grad error =  0.0000000000e+00  dmat error =  0.0000000000e+00
Timer "SCF cycle: 0" used time: 1.416781 s.

[NELEC] step = 1  nelec = 4  neInt = 3.999998  dnelc = -1.9678676888e-06
[ENERG] step = 1  eTotl = -8.00151385  eCore = -4.50319739  eCoul = 2.21211820  eExcl = -2.31824293  eNucl = -3.39219173  eDisp = 0.00000000
[ERROR] step = 1  engy error = -3.5414780620e+00  grad error =  0.0000000000e+00  dmat error =  3.5868808966e+01
Timer "SCF cycle: 1" used time: 0.100434 s.

[NELEC] step = 2  nelec = 4  neInt = 3.999999  dnelc = -8.8004187360e-07
[ENERG] step = 2  eTotl = -8.03729113  eCore = -4.49952182  eCoul = 2.14929800  eExcl = -2.29487557  eNucl = -3.39219173  eDisp = 0.00000000
[ERROR] step = 2  engy error = -3.5777282668e-02  grad error =  0.0000000000e+00  dmat error =  1.7676391170e+01
Timer "SCF cycle: 2" used time: 0.090014 s.

[NELEC] step = 3  nelec = 4  neInt = 4.000001  dnelc =  6.6409046084e-07
[ENERG] step = 3  eTotl = -8.07487927  eCore = -4.43252132  eCoul = 1.96539542  eExcl = -2.21556163  eNucl = -3.39219173  eDisp = 0.00000000
[ERROR] step = 3  engy error = -3.7588146927e-02  grad error =  0.0000000000e+00  dmat error =  1.9446026556e+01
Timer "SCF cycle: 3" used time: 0.087590 s.

[NELEC] step = 4  nelec = 4  neInt = 4.000001  dnelc =  6.6413229050e-07
[ENERG] step = 4  eTotl = -8.07482889  eCore = -4.43142405  eCoul = 1.96412469  eExcl = -2.21533779  eNucl = -3.39219173  eDisp = 0.00000000
[ERROR] step = 4  engy error =  5.0385607574e-05  grad error =  0.0000000000e+00  dmat error =  5.9773360330e-02
Timer "SCF cycle: 4" used time: 0.141458 s.

[NELEC] step = 5  nelec = 4  neInt = 4.000001  dnelc =  6.9280779513e-07
[ENERG] step = 5  eTotl = -8.07500325  eCore = -4.43681914  eCoul = 1.96883991  eExcl = -2.21483230  eNucl = -3.39219173  eDisp = 0.00000000
[ERROR] step = 5  engy error = -1.7436414922e-04  grad error =  0.0000000000e+00  dmat error =  3.0900943942e-01
Timer "SCF cycle: 5" used time: 0.111022 s.

[NELEC] step = 6  nelec = 4  neInt = 4.000001  dnelc =  6.8672202058e-07
[ENERG] step = 6  eTotl = -8.07500986  eCore = -4.43821827  eCoul = 1.97164033  eExcl = -2.21624019  eNucl = -3.39219173  eDisp = 0.00000000
[ERROR] step = 6  engy error = -6.6109016128e-06  grad error =  0.0000000000e+00  dmat error =  1.1470275917e-01
Timer "SCF cycle: 6" used time: 0.087224 s.

[NELEC] step = 7  nelec = 4  neInt = 4.000001  dnelc =  6.8692237143e-07
[ENERG] step = 7  eTotl = -8.07500986  eCore = -4.43802098  eCoul = 1.97148473  eExcl = -2.21628187  eNucl = -3.39219173  eDisp = 0.00000000
[ERROR] step = 7  engy error =  5.5910511776e-09  grad error =  0.0000000000e+00  dmat error =  9.5066296143e-03
Timer "SCF cycle: 7" used time: 0.088989 s.

[NELEC] step = 8  nelec = 4  neInt = 4.000001  dnelc =  6.8730664005e-07
[ENERG] step = 8  eTotl = -8.07500996  eCore = -4.43804887  eCoul = 1.97138215  eExcl = -2.21615150  eNucl = -3.39219173  eDisp = 0.00000000
[ERROR] step = 8  engy error = -9.9008300225e-08  grad error =  0.0000000000e+00  dmat error =  3.5143572614e-03
Timer "SCF cycle: 8" used time: 0.087632 s.

[NELEC] step = 9  nelec = 4  neInt = 4.000001  dnelc =  6.8730180569e-07
[ENERG] step = 9  eTotl = -8.07500996  eCore = -4.43804919  eCoul = 1.97138239  eExcl = -2.21615142  eNucl = -3.39219173  eDisp = 0.00000000
[ERROR] step = 9  engy error = -1.4015455463e-12  grad error =  0.0000000000e+00  dmat error =  1.0269753221e-05
SCF converged in 9 steps.
Kylin-PBC Done.
Timer "Kylin-PBC main" used time: 3.161879 s.
