Kylin-PBC: v1.0.0

System time = 2026-09-30 19:46:36

OMP threads = 32

KYLIN_PBC_ROOT = "/home/rudin/code/kylin-pbc"
KYLIN_SCR_PATH = "/tmp"
KYLIN_JOB_PATH = "/home/rudin/tmp-review-ionic/LiH16/full/c60"

SCF.xcfun                      = HSE06
SCF.basis                      = dzvp-sr
SCF.psudo                      = gth-pbe
SCF.kmesh                      = 1 1 1
SCF.gmesh                      = 5.0e-01
SCF.ispin                      = OFF
SCF.dspin                      = 0
SCF.eps_engy                   = 3.7e-09 [AU]
SCF.eps_grad                   = 1.0e-05 [AU]
SCF.eps_dmat                   = 1.0e-03
SCF.chk_load                   = 
SCF.chk_save                   = 
SCF.scf_guess                  = ATOM
SCF.max_cycle                  = 200
SCF.vdw_method                 = NONE
SCF.coul_method                = MGDF
SCF.xchg_method                = LSDF
SCF.xchg_exxocc                = OFF
SCF.xchg_exxace                = NONE
SCF.xchg_robust                = FULL
SCF.xchg_exxdiv                = EWALD
SCF.xchg_dropG0                = ON
SCF.lsdf_cparam                = 60
SCF.lsdf_mparam                = 5
SCF.lsdf_ipslct                = QRCP
SCF.lsdf_chocut                = 1.0e-08
SCF.lsdf_atmcut                = 2.5e+01
SCF.lsdf_aovcut                = 1.0e-07
SCF.lsdf_swzcut                = 0.0e+00
SCF.lsdf_pnocut                = 0.0e+00
SCF.lsdf_nafcut                = 0.0e+00
SCF.mgdf_ntasks                = 4
SCF.mgdf_kratio                = 3.0e+00
SCF.mgdf_cutoff                = 3.0e+02 [AU]
SCF.mgdf_relcut                = 3.0e+01
SCF.mgdf_prprec                = 1.0e-14
SCF.dmx_mix_method             = NONE
SCF.dmx_mix_start              = 1
SCF.dmx_mix_space              = 8
SCF.dmx_mix_alpha              = 3.0e-01
SCF.rho_mix_method             = NONE
SCF.rho_mix_start              = 1
SCF.rho_mix_space              = 8
SCF.rho_mix_alpha              = 3.0e-01
SCF.hks_mix_method             = BROY
SCF.hks_mix_start              = 1
SCF.hks_mix_space              = 8
SCF.hks_mix_alpha              = 3.0e-01
SCF.damp_factor                = 0.0e+00
SCF.level_shift                = 0.0e+00 [AU]
SCF.smear_method               = NONE
SCF.smear_sigma                = 0.0e+00 [AU]
SCF.soc                        = OFF
SCF.soc_window                 = 1.8e+00 [AU]
SCF.print_bandgap              = OFF
SCF.print_time                 = OFF

OPT.opt_method                 = BFGS
OPT.max_cycle                  = 1
OPT.eps_engy                   = 4.0e-06 [AU]
OPT.eps_grad                   = 4.0e-04 [AU]
OPT.trust_limit                = 3.0e-01 [AU]
OPT.damp_factor                = 0.0e+00
OPT.opt_mix_method             = NONE
OPT.opt_mix_start              = 1
OPT.opt_mix_space              = 5
OPT.opt_mix_alpha              = 3.0e-01
OPT.neb_method                 = FIRE
OPT.neb_lclimb                 = ON
OPT.neb_interp                 = IDPP
OPT.neb_nimage                 = 5
OPT.neb_spring                 = 1.0e-02 [AU]
OPT.neb_maxstep                = 7.6e-02 [AU]

PROP.calculation               = NONE
FREQ.freq_method               = FREE2
FREQ.fd_stepsize               = 2.8e-02 [AU]
DOS.dos_method                 = GAUSS
DOS.dos_sigma                  = 3.7e-03 [AU]
DOS.dos_npoint                 = 1001
DOS.dos_emin                   = 0.0e+00 [AU]
DOS.dos_emax                   = 0.0e+00 [AU]

OPT.mdx_ensemble               = NVE
OPT.mdx_thermostat             = NHC
OPT.mdx_max_step               = 0
OPT.mdx_timestep               = 4.0e+01 [AU]
OPT.mdx_temperature            = 9.5e-04 [AU]
OPT.mdx_pressure               = 0.0e+00 [AU]
OPT.mdx_thermo_tau             = 4.0e+03 [AU]
OPT.mdx_baro_tau               = 2.0e+04 [AU]
OPT.mdx_nhc_length             = 3
OPT.mdx_nhc_mts                = 3
OPT.mdx_constraint             = OFF
OPT.mdx_constraint_tol         = 1.0e-10
OPT.mdx_rng_seed               = 42

K-points mesh = 1 1 1

xc functional: "HSE06"
is hybrid: YES
HFX coeff: 0.25

Basis Set Name: "dzvp-sr"
number of shell = 32
number of basis = 88
gmesh = 50 50 99

Pseudopotential Name: "gth-pbe"
number of valence electron = 32

OPT Calculation.

==============================================================
                   Geometry Optimization                      
==============================================================
  method      = BFGS
  max_cycle   = 1
  eps_engy    = 4.000000e-06
  eps_grad    = 4.000000e-04
  trust_limit = 0.300000
  natom       = 16
  nfree       = 48 / 48
==============================================================

--------------------------------------------------------------
  OPT step 0
--------------------------------------------------------------
[OPT] Cell structure (Angstrom):
       4.08300000       0.00000000       0.00000000
       0.00000000       4.08300000       0.00000000
       0.00000000       0.00000000       8.16600000

Cart
Li         0.00000000       0.00000000       0.00000000   T T T
Li         0.10000000       2.09150000       2.07150000   T T T
Li         2.04150000       0.00000000       2.04150000   T T T
Li         2.04150000       2.04150000       0.00000000   T T T
H          2.04150000       2.04150000       2.04150000   T T T
H          2.04150000       4.08300000       4.08300000   T T T
H          4.08300000       2.04150000       4.08300000   T T T
H          4.08300000       4.08300000       2.04150000   T T T
Li         0.00000000       0.00000000       4.08300000   T T T
Li         0.00000000       2.04150000       6.12450000   T T T
Li         2.04150000       0.00000000       6.12450000   T T T
Li         2.04150000       2.04150000       4.08300000   T T T
H          2.04150000       2.04150000       6.12450000   T T T
H          2.04150000       4.08300000       8.16600000   T T T
H          4.08300000       2.04150000       8.16600000   T T T
H          4.08300000       4.08300000       6.12450000   T T T

[OPT] Cell written to /home/rudin/tmp-review-ionic/LiH16/full/c60/opt_img/cell_opt_0.txt
[LSDF] gmesh = (50, 50, 99), ngrid = 247500, naofn = 88, natom = 16
Timer "[LSDF] Voronoi partition" used time: 0.005032 s.
Timer "[LSDF] AO evaluation + screening" used time: 1.099602 s.
[LSDF] IP method: randomized QRCP (c=60, m=5)
[LSDF] total IPs selected: 5360 (2.1657% of grid)
Timer "[LSDF] IP selection" used time: 1.337044 s.
Timer "[LSDF] aux basis fitting" used time: 0.477059 s.
[LSDF] Step 5 diagnostics: natom=16, ngrid=247500, naux_total=5360
[LSDF]   OMP threads=32, MKL threads=32
[LSDF]   Vmat_loc total size: 5360 x 247500 = 9.88 GB
Timer "[LSDF]   5a Vmat_loc alloc+FFT" used time: 0.610323 s.
[LSDF]   W size: 5360 x 5360 = 219.19 MB, max_npart=15655
Timer "[LSDF]   5b W construction (DGEMM)" used time: 0.242089 s.
Timer "[LSDF]   5c Wmat symmetrize" used time: 0.011174 s.
[LSDF]   robust_mode=FULL: keeping Vmat_loc (9.88 GB) in atom ordering
Timer "[LSDF] V/W construction" used time: 0.863674 s.
[LSDF] xchg phases: A=0.000 s, B(K_W)=0.005 s, C(K_V)=0.312 s, E(reduce)=0.000 s
[NELEC] step = 0  nelec = 32  neInt = 32.000000  dnelc =  1.4702898454e-08
[ENERG] step = 0  eTotl = -59.09358115  eCore = -24.56285827  eCoul = 7.55157688  eExcl = -14.93240652  eNucl = -27.14989324  eDisp = 0.00000000
[ERROR] step = 0  engy error =  0.0000000000e+00  grad error =  0.0000000000e+00  dmat error =  0.0000000000e+00
Timer "SCF cycle: 0" used time: 1.135420 s.

[LSDF] xchg phases: A=0.000 s, B(K_W)=0.005 s, C(K_V)=0.241 s, E(reduce)=0.000 s
[NELEC] step = 1  nelec = 32  neInt = 32.000001  dnelc =  6.7076810240e-07
[ENERG] step = 1  eTotl = -64.07224971  eCore = -35.36109796  eCoul = 17.06112399  eExcl = -18.62238250  eNucl = -27.14989324  eDisp = 0.00000000
[ERROR] step = 1  engy error = -4.9786685567e+00  grad error =  0.0000000000e+00  dmat error =  6.2777700694e+00
Timer "SCF cycle: 1" used time: 1.048191 s.

[LSDF] xchg phases: A=0.000 s, B(K_W)=0.005 s, C(K_V)=0.241 s, E(reduce)=0.000 s
[NELEC] step = 2  nelec = 32  neInt = 32.000000  dnelc =  4.4038384317e-07
[ENERG] step = 2  eTotl = -64.14250740  eCore = -35.24529023  eCoul = 16.75855755  eExcl = -18.50588148  eNucl = -27.14989324  eDisp = 0.00000000
[ERROR] step = 2  engy error = -7.0257689242e-02  grad error =  0.0000000000e+00  dmat error =  1.7950719981e+00
Timer "SCF cycle: 2" used time: 1.042802 s.

[LSDF] xchg phases: A=0.000 s, B(K_W)=0.005 s, C(K_V)=0.242 s, E(reduce)=0.000 s
[NELEC] step = 3  nelec = 32  neInt = 32.000000  dnelc = -6.3064589995e-08
[ENERG] step = 3  eTotl = -64.20211089  eCore = -34.87368721  eCoul = 16.03347444  eExcl = -18.21200488  eNucl = -27.14989324  eDisp = 0.00000000
[ERROR] step = 3  engy error = -5.9603492199e-02  grad error =  0.0000000000e+00  dmat error =  2.5111580757e+00
Timer "SCF cycle: 3" used time: 1.036408 s.

[LSDF] xchg phases: A=0.000 s, B(K_W)=0.005 s, C(K_V)=0.242 s, E(reduce)=0.000 s
[NELEC] step = 4  nelec = 32  neInt = 32.000000  dnelc = -4.3743206390e-08
[ENERG] step = 4  eTotl = -64.20283620  eCore = -34.89521062  eCoul = 16.06080464  eExcl = -18.21853699  eNucl = -27.14989324  eDisp = 0.00000000
[ERROR] step = 4  engy error = -7.2531494884e-04  grad error =  0.0000000000e+00  dmat error =  7.8956190316e-02
Timer "SCF cycle: 4" used time: 1.039345 s.

[LSDF] xchg phases: A=0.000 s, B(K_W)=0.005 s, C(K_V)=0.248 s, E(reduce)=0.001 s
[NELEC] step = 5  nelec = 32  neInt = 32.000000  dnelc = -2.3943631078e-08
[ENERG] step = 5  eTotl = -64.20303904  eCore = -34.91550614  eCoul = 16.08933779  eExcl = -18.22697745  eNucl = -27.14989324  eDisp = 0.00000000
[ERROR] step = 5  engy error = -2.0283586177e-04  grad error =  0.0000000000e+00  dmat error =  7.6533872034e-02
Timer "SCF cycle: 5" used time: 1.057011 s.

[LSDF] xchg phases: A=0.000 s, B(K_W)=0.006 s, C(K_V)=0.436 s, E(reduce)=0.000 s
[NELEC] step = 6  nelec = 32  neInt = 32.000000  dnelc = -2.2184323711e-08
[ENERG] step = 6  eTotl = -64.20304179  eCore = -34.91693687  eCoul = 16.09199546  eExcl = -18.22820715  eNucl = -27.14989324  eDisp = 0.00000000
[ERROR] step = 6  engy error = -2.7542573946e-06  grad error =  0.0000000000e+00  dmat error =  6.9668511816e-03
Timer "SCF cycle: 6" used time: 1.260599 s.

[LSDF] xchg phases: A=0.000 s, B(K_W)=0.005 s, C(K_V)=0.349 s, E(reduce)=0.000 s
[NELEC] step = 7  nelec = 32  neInt = 32.000000  dnelc = -2.1886894075e-08
[ENERG] step = 7  eTotl = -64.20304204  eCore = -34.91690232  eCoul = 16.09257495  eExcl = -18.22882143  eNucl = -27.14989324  eDisp = 0.00000000
[ERROR] step = 7  engy error = -2.4351790273e-07  grad error =  0.0000000000e+00  dmat error =  1.8265234105e-03
Timer "SCF cycle: 7" used time: 1.154987 s.

[NELEC] step = 8  nelec = 32  neInt = 32.000000  dnelc = -2.2027709434e-08
[ENERG] step = 8  eTotl = -64.20304202  eCore = -34.91675380  eCoul = 16.09237726  eExcl = -18.22877224  eNucl = -27.14989324  eDisp = 0.00000000
[ERROR] step = 8  engy error =  1.5318605051e-08  grad error =  0.0000000000e+00  dmat error =  5.6935464928e-04
Timer "SCF cycle: 8" used time: 1.165746 s.

[NELEC] step = 9  nelec = 32  neInt = 32.000000  dnelc = -2.1956569896e-08
[ENERG] step = 9  eTotl = -64.20304203  eCore = -34.91681591  eCoul = 16.09248288  eExcl = -18.22881576  eNucl = -27.14989324  eDisp = 0.00000000
[ERROR] step = 9  engy error = -4.2192738192e-09  grad error =  0.0000000000e+00  dmat error =  2.7439615726e-04
Timer "SCF cycle: 9" used time: 1.193748 s.

[NELEC] step = 10  nelec = 32  neInt = 32.000000  dnelc = -2.1959671415e-08
[ENERG] step = 10  eTotl = -64.20304203  eCore = -34.91681512  eCoul = 16.09247662  eExcl = -18.22881029  eNucl = -27.14989324  eDisp = 0.00000000
[ERROR] step = 10  engy error = -4.4160231027e-10  grad error =  0.0000000000e+00  dmat error =  4.0478243601e-05
SCF converged in 10 steps.
[LSDF] xchg_d10: ISDF-robust path (K_V + K_V~ - K_IP)
[GRADIENT] SCF type: GRKS | atoms: 16 | DOF: 48 | time: 30.889 s
  Atom   0:  -5.4220885581e-04  -5.8290647051e-04  -2.4860156150e-04
  Atom   1:  -5.3857487147e-03  -2.8300436113e-03  -7.3777697638e-04
  Atom   2:  -3.0083112606e-03  -1.5334356564e-03   5.6558287502e-04
  Atom   3:  -1.1641009968e-03  -2.7682282802e-04  -2.2882130007e-04
  Atom   4:   8.8682133882e-03   1.8879707756e-03  -1.5072715657e-04
  Atom   5:  -5.9366499578e-06   5.6737794277e-06   1.6000616519e-04
  Atom   6:  -3.3691057277e-04  -1.4895745956e-04   1.1935683883e-03
  Atom   7:   3.7192124471e-03   4.5411660375e-03  -1.3945948863e-04
  Atom   8:  -5.4255275602e-04  -6.5201895545e-04  -6.9907940708e-04
  Atom   9:  -1.1038918070e-04  -5.6789864929e-05  -1.0550180984e-03
  Atom  10:   2.4442881638e-06  -2.1739227680e-07  -7.9694980432e-04
  Atom  11:  -1.3024828397e-03  -2.7702071718e-04  -7.3089058706e-04
  Atom  12:   2.5771034334e-05   9.5580570353e-06   6.9613470873e-04
  Atom  13:  -2.3458233162e-05  -4.0945409302e-06  -1.1338432018e-05
  Atom  14:  -2.2294599384e-04  -9.3612424484e-05   1.4961088941e-03
  Atom  15:   2.2435082325e-05   1.5613517582e-05   6.9543225465e-04
[OPT] step = 0  energy = -64.2030420273  dE =               N/A  grad_max =  8.8682133882e-03  grad_rms =  1.9273235821e-03
[OPT] Geometry optimization did not converge in 1 steps.
Kylin-PBC Done.
Timer "Kylin-PBC main" used time: 49.03569 s.
