Kylin-PBC: v1.0.0

System time = 2026-09-30 11:32:29

OMP threads = 8

KYLIN_PBC_ROOT = "/home/rudin/code/kylin-pbc"
KYLIN_SCR_PATH = "/tmp"
KYLIN_JOB_PATH = "/home/rudin/tmp-review-gradtoy/He1_FTDF"

SCF.xcfun                      = HSE06
SCF.basis                      = szv-sr
SCF.psudo                      = gth-pbe
SCF.kmesh                      = 1 1 1
SCF.gmesh                      = 4.0e-01
SCF.ispin                      = OFF
SCF.dspin                      = 0
SCF.eps_engy                   = 1.0e-09 [AU]
SCF.eps_grad                   = 1.0e-05 [AU]
SCF.eps_dmat                   = 1.0e-03
SCF.chk_load                   = 
SCF.chk_save                   = 
SCF.scf_guess                  = ATOM
SCF.max_cycle                  = 100
SCF.vdw_method                 = NONE
SCF.coul_method                = MGDF
SCF.xchg_method                = FTDF
SCF.xchg_exxocc                = OFF
SCF.xchg_exxace                = NONE
SCF.ace_eps_engy               = -1.0e+00
SCF.ace_eps_dmat               = -1.0e+00
SCF.ace_max_cycle              = 30
SCF.xchg_robust                = TILE
SCF.xchg_exxdiv                = NONE
SCF.xchg_dropG0                = OFF
SCF.lsdf_cparam                = 30
SCF.lsdf_mparam                = 5
SCF.lsdf_ipslct                = QRCP
SCF.lsdf_chocut                = 1.0e-08
SCF.lsdf_atmcut                = 2.5e+01
SCF.lsdf_aovcut                = 1.0e-07
SCF.lsdf_swzcut                = 0.0e+00
SCF.lsdf_pnocut                = 0.0e+00
SCF.lsdf_nafcut                = 0.0e+00
SCF.mgdf_ortho                 = AUTO
SCF.mgdf_ntasks                = 4
SCF.mgdf_kratio                = 3.0e+00
SCF.mgdf_cutoff                = 3.0e+02 [AU]
SCF.mgdf_relcut                = 3.0e+01
SCF.mgdf_prprec                = 1.0e-14
SCF.dmx_mix_method             = NONE
SCF.dmx_mix_start              = 1
SCF.dmx_mix_space              = 8
SCF.dmx_mix_alpha              = 3.0e-01
SCF.rho_mix_method             = NONE
SCF.rho_mix_start              = 1
SCF.rho_mix_space              = 8
SCF.rho_mix_alpha              = 3.0e-01
SCF.hks_mix_method             = BROY
SCF.hks_mix_start              = 1
SCF.hks_mix_space              = 8
SCF.hks_mix_alpha              = 3.0e-01
SCF.damp_factor                = 0.0e+00
SCF.level_shift                = 0.0e+00 [AU]
SCF.smear_method               = NONE
SCF.smear_sigma                = 0.0e+00 [AU]
SCF.soc                        = OFF
SCF.soc_window                 = 1.8e+00 [AU]
SCF.print_bandgap              = OFF
SCF.print_time                 = OFF

OPT.opt_method                 = BFGS
OPT.max_cycle                  = 1
OPT.eps_engy                   = 4.0e-06 [AU]
OPT.eps_grad                   = 4.0e-04 [AU]
OPT.trust_limit                = 3.0e-01 [AU]
OPT.damp_factor                = 0.0e+00
OPT.opt_mix_method             = NONE
OPT.opt_mix_start              = 1
OPT.opt_mix_space              = 5
OPT.opt_mix_alpha              = 3.0e-01
OPT.neb_method                 = FIRE
OPT.neb_lclimb                 = ON
OPT.neb_interp                 = IDPP
OPT.neb_nimage                 = 5
OPT.neb_spring                 = 1.0e-02 [AU]
OPT.neb_maxstep                = 7.6e-02 [AU]

PROP.calculation               = NONE
FREQ.freq_method               = FREE2
FREQ.fd_stepsize               = 2.8e-02 [AU]
DOS.dos_method                 = GAUSS
DOS.dos_sigma                  = 3.7e-03 [AU]
DOS.dos_npoint                 = 1001
DOS.dos_emin                   = 0.0e+00 [AU]
DOS.dos_emax                   = 0.0e+00 [AU]

OPT.mdx_ensemble               = NVE
OPT.mdx_thermostat             = NHC
OPT.mdx_max_step               = 0
OPT.mdx_timestep               = 4.0e+01 [AU]
OPT.mdx_temperature            = 9.5e-04 [AU]
OPT.mdx_pressure               = 0.0e+00 [AU]
OPT.mdx_thermo_tau             = 4.0e+03 [AU]
OPT.mdx_baro_tau               = 2.0e+04 [AU]
OPT.mdx_nhc_length             = 3
OPT.mdx_nhc_mts                = 3
OPT.mdx_constraint             = OFF
OPT.mdx_constraint_tol         = 1.0e-10
OPT.mdx_rng_seed               = 42
OPT.mdx_dm_extrap              = LINEAR

K-points mesh = 1 1 1

xc functional: "HSE06"
is hybrid: YES
HFX coeff: 0.25

Basis Set Name: "szv-sr"
number of shell = 1
number of basis = 1
gmesh = 80 80 80

Pseudopotential Name: "gth-pbe"
number of valence electron = 2

OPT Calculation.

==============================================================
                   Geometry Optimization                      
==============================================================
  method      = BFGS
  max_cycle   = 1
  eps_engy    = 4.000000e-06
  eps_grad    = 4.000000e-04
  trust_limit = 0.300000
  natom       = 1
  nfree       = 3 / 3
==============================================================

--------------------------------------------------------------
  OPT step 0
--------------------------------------------------------------
[OPT] Cell structure (Angstrom):
       8.00000000       0.00000000       0.00000000
       0.00000000       8.00000000       0.00000000
       0.00000000       0.00000000       8.00000000

Cart
He         4.13000000       3.97000000       4.21000000   T T T

[OPT] Cell written to /home/rudin/tmp-review-gradtoy/He1_FTDF/opt_img/cell_opt_0.txt
[MGDF] ortho kernel: ON (cell orthorhombic)
[MGDF_DIAG] gmesh = 119 119 119  (ngrid=1685159)
[MGDF_DIAG] level 0  mesh=25 25 25  ngrid=15625  tasks=0
[MGDF_DIAG] level 1  mesh=41 41 41  ngrid=68921  tasks=9
[MGDF_DIAG] level 2  mesh=71 71 71  ngrid=357911  tasks=3
[MGDF_DIAG] level 3  mesh=119 119 119  ngrid=1685159  tasks=10
[MGDF_DIAG] atom_pairs_kept=22  rejected: atom=118 set=0 pgf=90 radius=0
[MGDF_DIAG] max_pair_radius=8.51653  max_pgf_rcut=7.74942  total_pairs=22  precision_colloc=1e-14  precision_screen=1e-07
  [bwd-lev1] integ=1.90735e-06s  tasks=9  us/pair=1.69542  grid=0.525826MB  avg_rad=4.82386  max_rad=8.51653  avg_bbox=26200.6  est_gpts=123562  ns/gpt=0.123491
  [bwd-lev2] integ=0.0326512s  tasks=3  us/pair=87069.8  grid=2.73064MB  avg_rad=3.7006  max_rad=4.55307  avg_bbox=49293.9  est_gpts=77490  ns/gpt=3370.88
  [bwd-lev3] integ=0.000143051s  tasks=10  us/pair=114.441  grid=12.8567MB  avg_rad=1.93706  max_rad=3.00833  avg_bbox=40592.7  est_gpts=212706  ns/gpt=5.38025
  [bwd] fft=0.0539751s  integ=0.0327961s  reduce=3.09944e-06s
  [fwd-lev1] colloc=0.00102401s  tasks=9  us/pair=910.229  grid=0.525826MB
  [fwd-lev2] colloc=0.00122905s  tasks=3  us/pair=3277.46  grid=2.73064MB
  [fwd-lev3] colloc=9.53674e-07s  tasks=10  us/pair=0.762939  grid=12.8567MB
  [fwd] colloc=0.00225401s  reduce=0.001513s  fft=0.029217s
  [bwd-lev1] integ=0.0161891s  tasks=9  us/pair=14390.3  grid=0.525826MB  avg_rad=4.82386  max_rad=8.51653  avg_bbox=26200.6  est_gpts=123562  ns/gpt=1048.16
  [bwd-lev2] integ=0.0350571s  tasks=3  us/pair=93485.5  grid=2.73064MB  avg_rad=3.7006  max_rad=4.55307  avg_bbox=49293.9  est_gpts=77490  ns/gpt=3619.26
  [bwd-lev3] integ=0.000144005s  tasks=10  us/pair=115.204  grid=12.8567MB  avg_rad=1.93706  max_rad=3.00833  avg_bbox=40592.7  est_gpts=212706  ns/gpt=5.41612
  [bwd] fft=0.0527s  integ=0.0513902s  reduce=5.96046e-06s
[NELEC] step = 0  nelec = 2  neInt = 1.999533  dnelc = -4.6728981339e-04
[ENERG] step = 0  eTotl = -2.89518655  eCore = -3.13887775  eCoul = 1.68354362  eExcl = -1.06449413  eNucl = -0.37535829  eDisp = 0.00000000
[ERROR] step = 0  engy error =  0.0000000000e+00  grad error =  0.0000000000e+00  dmat error =  0.0000000000e+00
Timer "SCF cycle: 0" used time: 0.317951 s.

  [fwd-lev1] colloc=9.53674e-07s  tasks=9  us/pair=0.847711  grid=0.525826MB
  [fwd-lev2] colloc=0.00078702s  tasks=3  us/pair=2098.72  grid=2.73064MB
  [fwd-lev3] colloc=0.0105689s  tasks=10  us/pair=8455.09  grid=12.8567MB
  [fwd] colloc=0.0113568s  reduce=0.00197935s  fft=0.0302908s
  [bwd-lev1] integ=9.53674e-07s  tasks=9  us/pair=0.847711  grid=0.525826MB  avg_rad=4.82386  max_rad=8.51653  avg_bbox=26200.6  est_gpts=123562  ns/gpt=0.0617455
  [bwd-lev2] integ=0.037457s  tasks=3  us/pair=99885.3  grid=2.73064MB  avg_rad=3.7006  max_rad=4.55307  avg_bbox=49293.9  est_gpts=77490  ns/gpt=3867.03
  [bwd-lev3] integ=0.000119925s  tasks=10  us/pair=95.9396  grid=12.8567MB  avg_rad=1.93706  max_rad=3.00833  avg_bbox=40592.7  est_gpts=212706  ns/gpt=4.51044
  [bwd] fft=0.0566769s  integ=0.0375779s  reduce=3.8147e-06s
[NELEC] step = 1  nelec = 2  neInt = 2.000000  dnelc =  1.4711343255e-11
[ENERG] step = 1  eTotl = -2.89548840  eCore = -3.13961131  eCoul = 1.68433060  eExcl = -1.06484941  eNucl = -0.37535829  eDisp = 0.00000000
[ERROR] step = 1  engy error = -3.0184708499e-04  grad error =  0.0000000000e+00  dmat error =  4.6728982810e-04
Timer "SCF cycle: 1" used time: 0.280861 s.

  [fwd-lev1] colloc=2.59876e-05s  tasks=9  us/pair=23.1001  grid=0.525826MB
  [fwd-lev2] colloc=9.53674e-07s  tasks=3  us/pair=2.54313  grid=2.73064MB
  [fwd-lev3] colloc=1.90735e-06s  tasks=10  us/pair=1.52588  grid=12.8567MB
  [fwd] colloc=2.88486e-05s  reduce=0.00156021s  fft=0.0296562s
  [bwd-lev1] integ=0.0164292s  tasks=9  us/pair=14603.7  grid=0.525826MB  avg_rad=4.82386  max_rad=8.51653  avg_bbox=26200.6  est_gpts=123562  ns/gpt=1063.7
  [bwd-lev2] integ=0.034261s  tasks=3  us/pair=91362.6  grid=2.73064MB  avg_rad=3.7006  max_rad=4.55307  avg_bbox=49293.9  est_gpts=77490  ns/gpt=3537.07
  [bwd-lev3] integ=0.000108004s  tasks=10  us/pair=86.4029  grid=12.8567MB  avg_rad=1.93706  max_rad=3.00833  avg_bbox=40592.7  est_gpts=212706  ns/gpt=4.06209
  [bwd] fft=0.0521851s  integ=0.0507982s  reduce=4.05312e-06s
[NELEC] step = 2  nelec = 2  neInt = 2.000000  dnelc =  1.4711343255e-11
[ENERG] step = 2  eTotl = -2.89548840  eCore = -3.13961131  eCoul = 1.68433060  eExcl = -1.06484941  eNucl = -0.37535829  eDisp = 0.00000000
[ERROR] step = 2  engy error = -4.4408920985e-16  grad error =  0.0000000000e+00  dmat error =  0.0000000000e+00
SCF converged in 2 steps.
  [fwd-lev1] colloc=2.21729e-05s  tasks=9  us/pair=19.7093  grid=0.525826MB
  [fwd-lev2] colloc=2.14577e-06s  tasks=3  us/pair=5.72205  grid=2.73064MB
  [fwd-lev3] colloc=0.0120759s  tasks=10  us/pair=9660.72  grid=12.8567MB
  [fwd] colloc=0.0121002s  reduce=0.00156975s  fft=0.0296552s
[GRADIENT] SCF type: GRKS | atoms: 1 | DOF: 3 | time: 0.248 s
  Atom   0:   6.2480255426e-06  -2.0563666419e-06  -1.7057100932e-06
[OPT] step = 0  energy = -2.8954884017  dE =               N/A  grad_max =  6.2480255426e-06  grad_rms =  3.9232602883e-06
[OPT] Geometry optimization did not converge in 1 steps.
Kylin-PBC Done.
Timer "Kylin-PBC main" used time: 1.945230 s.
