#INFO: **** input file is /home/rudin/code/kylin-pbc/art/example/extern/CsI-HSE06-gamma-pyscf-FFTDF/run-pyscf.py ****
#!/usr/bin/env python3
# PySCF input for CsI-HSE06-gamma (external benchmark)
# Engine: FFTDF (default with_df); basis/pseudo match kylin & CP2K.
# NOTE: verify 'gth-dzvp-molopt-sr' / 'gth-pbe' cover Cs and I in your
#       PySCF install; heavy elements may need an explicit basis/pseudo dict.
import time, os
import pyscf.pbc.gto as pbcgto
import pyscf.pbc.dft as pbcdft

tic = time.time()

cell = pbcgto.Cell()
cell.a = """
        4.5670000000     0.0000000000     0.0000000000
        0.0000000000     4.5670000000     0.0000000000
        0.0000000000     0.0000000000     4.5670000000
"""
cell.atom = """
    Cs      0.0000000000     0.0000000000     0.0000000000
    I       2.2835000000     2.2835000000     2.2835000000
"""
cell.basis = "gth-dzvp-molopt-sr"
cell.pseudo = "gth-pbe"
cell.unit = "A"
cell.precision = 1e-10
cell.verbose = 4
cell.build()

kpts = cell.make_kpts([1, 1, 1])
kmf = pbcdft.KRKS(cell, kpts)
kmf.xc = "HSE06"
kmf.max_cycle = 200
kmf.conv_tol = 1e-7
etot = kmf.kernel()
print("E_tot (Ha) =", etot)

# approximate band gap from k-point eigenvalues
try:
    homo = max(kmf.mo_energy[i][kmf.mo_occ[i] > 0].max() for i in range(len(kpts)))
    lumo = min(kmf.mo_energy[i][kmf.mo_occ[i] == 0].min() for i in range(len(kpts)))
    print("Band gap (eV) =", (lumo - homo) * 27.211386245988)
except Exception as ex:
    print("gap calc skipped:", ex)

print("wall time (s):", time.time() - tic)
print("OMP_NUM_THREADS:", os.getenv("OMP_NUM_THREADS", "not set"))
#INFO: ******************** input file end ********************


System: uname_result(system='Linux', node='cu01', release='5.15.0-139-generic', version='#149-Ubuntu SMP Fri Apr 11 22:06:13 UTC 2025', machine='x86_64')  Threads 32
Python 3.12.7 | packaged by Anaconda, Inc. | (main, Oct  4 2024, 13:27:36) [GCC 11.2.0]
numpy 2.4.2  scipy 1.17.0  h5py 3.15.1
Date: Tue Jun 23 15:59:33 2026
PySCF version 2.12.0
PySCF path  /software/Applications/pyscf/pyscf-2.12.0/pyscf

[CONFIG] conf_file None
[INPUT] verbose = 4
[INPUT] num. atoms = 2
[INPUT] num. electrons = 16
[INPUT] charge = 0
[INPUT] spin (= nelec alpha-beta = 2S) = 0
[INPUT] symmetry False subgroup None
[INPUT] Mole.unit = A
[INPUT] Symbol           X                Y                Z      unit          X                Y                Z       unit  Magmom
[INPUT]  1 Cs     0.000000000000   0.000000000000   0.000000000000 AA    0.000000000000   0.000000000000   0.000000000000 Bohr   0.0
[INPUT]  2 I      2.283500000000   2.283500000000   2.283500000000 AA    4.315189605444   4.315189605444   4.315189605444 Bohr   0.0

nuclear repulsion = -27.2231725323938
number of shells = 6
number of NR pGTOs = 99
number of NR cGTOs = 27
basis = gth-dzvp-molopt-sr
ecp = {}
CPU time:         6.96
lattice vectors  a1 [8.630379211, 0.000000000, 0.000000000]
                 a2 [0.000000000, 8.630379211, 0.000000000]
                 a3 [0.000000000, 0.000000000, 8.630379211]
dimension = 3
low_dim_ft_type = None
Cell volume = 642.82
rcut = 49.83011722780598 (nimgs = [6 6 6])
precision = 1e-10
pseudo = gth-pbe
ke_cutoff = 135.83727523940362
    = [47 47 47] mesh (103823 PWs)


******** <class 'pyscf.pbc.dft.krks.KRKS'> ********
method = KRKS
initial guess = minao
damping factor = 0
level_shift factor = 0
DIIS = <class 'pyscf.scf.diis.CDIIS'>
diis_start_cycle = 1
diis_space = 8
diis_damp = 0
SCF conv_tol = 1e-07
SCF conv_tol_grad = None
SCF max_cycles = 200
direct_scf = True
direct_scf_tol = 1e-13
chkfile to save SCF result = /tmp/tmpqwz__chk
max_memory 4000 MB (current use 130 MB)


******** PBC SCF flags ********
N kpts = 1
Exchange divergence treatment (exxdiv) = ewald
    madelung (= occupied orbital energy shift) = 0.32875698855745583
    Total energy shift due to Ewald probe charge = -1/2 * Nelec*madelung = -2.63005590846
DF object = <pyscf.pbc.df.fft.FFTDF object at 0x7f488a0fbbc0>
XC functionals = HSE06
small_rho_cutoff = 1e-07
Uniform grid, mesh = [47 47 47]
Set gradient conv threshold to 0.000316228
nelec by numeric integration = 16.000000000000036
Create RSH-DF object <pyscf.pbc.df.fft.FFTDF object at 0x7f47d8cfdcd0> for omega=-0.11
init E= -30.5269165581402
HOMO = 0.108235868929  LUMO = 0.165634714189
nelec by numeric integration = 15.999999999999838
cycle= 1 E= -31.4777771252522  delta_E= -0.951  |g|= 0.609  |ddm|= 57.5
HOMO = 0.0993756231753  LUMO = 0.298408992858
nelec by numeric integration = 16.000000000000025
cycle= 2 E= -31.596623576271  delta_E= -0.119  |g|= 0.152  |ddm|= 55.9
HOMO = 0.111647204536  LUMO = 0.290876231765
nelec by numeric integration = 16.000000000000036
cycle= 3 E= -31.6043784162685  delta_E= -0.00775  |g|= 0.013  |ddm|= 5.36
HOMO = 0.106939463272  LUMO = 0.290762720381
nelec by numeric integration = 16.000000000000025
cycle= 4 E= -31.604455277766  delta_E= -7.69e-05  |g|= 0.00325  |ddm|= 0.198
HOMO = 0.108002346399  LUMO = 0.29107556801
nelec by numeric integration = 16.00000000000003
cycle= 5 E= -31.6044599824672  delta_E= -4.7e-06  |g|= 3.39e-05  |ddm|= 0.0146
HOMO = 0.107995121016  LUMO = 0.291064839842
nelec by numeric integration = 16.000000000000036
cycle= 6 E= -31.6044599828772  delta_E= -4.1e-10  |g|= 1.69e-06  |ddm|= 0.000752
HOMO = 0.107994360883  LUMO = 0.291064900852
nelec by numeric integration = 16.00000000000003
Extra cycle  E= -31.6044599828781  delta_E= -9.73e-13  |g|= 8e-07  |ddm|= 3.64e-05
converged SCF energy = -31.6044599828781
E_tot (Ha) = -31.604459982878126
Band gap (eV) = 4.9816031733749675
wall time (s): 18.36880135536194
OMP_NUM_THREADS: 32
