Kylin-PBC: v1.0.0

System time = 2026-09-30 19:40:06

OMP threads = 32

KYLIN_PBC_ROOT = "/home/rudin/code/kylin-pbc"
KYLIN_SCR_PATH = "/tmp"
KYLIN_JOB_PATH = "/home/rudin/tmp-review-ionic/Si16/none/c40"

SCF.xcfun                      = HSE06
SCF.basis                      = dzvp-sr
SCF.psudo                      = gth-pbe
SCF.kmesh                      = 1 1 1
SCF.gmesh                      = 5.0e-01
SCF.ispin                      = OFF
SCF.dspin                      = 0
SCF.eps_engy                   = 3.7e-09 [AU]
SCF.eps_grad                   = 1.0e-05 [AU]
SCF.eps_dmat                   = 1.0e-03
SCF.chk_load                   = 
SCF.chk_save                   = 
SCF.scf_guess                  = ATOM
SCF.max_cycle                  = 200
SCF.vdw_method                 = NONE
SCF.coul_method                = MGDF
SCF.xchg_method                = LSDF
SCF.xchg_exxocc                = OFF
SCF.xchg_exxace                = NONE
SCF.xchg_robust                = NONE
SCF.xchg_exxdiv                = EWALD
SCF.xchg_dropG0                = ON
SCF.lsdf_cparam                = 40
SCF.lsdf_mparam                = 5
SCF.lsdf_ipslct                = QRCP
SCF.lsdf_chocut                = 1.0e-08
SCF.lsdf_atmcut                = 2.5e+01
SCF.lsdf_aovcut                = 1.0e-07
SCF.lsdf_swzcut                = 0.0e+00
SCF.lsdf_pnocut                = 0.0e+00
SCF.lsdf_nafcut                = 0.0e+00
SCF.mgdf_ntasks                = 4
SCF.mgdf_kratio                = 3.0e+00
SCF.mgdf_cutoff                = 3.0e+02 [AU]
SCF.mgdf_relcut                = 3.0e+01
SCF.mgdf_prprec                = 1.0e-14
SCF.dmx_mix_method             = NONE
SCF.dmx_mix_start              = 1
SCF.dmx_mix_space              = 8
SCF.dmx_mix_alpha              = 3.0e-01
SCF.rho_mix_method             = NONE
SCF.rho_mix_start              = 1
SCF.rho_mix_space              = 8
SCF.rho_mix_alpha              = 3.0e-01
SCF.hks_mix_method             = BROY
SCF.hks_mix_start              = 1
SCF.hks_mix_space              = 8
SCF.hks_mix_alpha              = 3.0e-01
SCF.damp_factor                = 0.0e+00
SCF.level_shift                = 0.0e+00 [AU]
SCF.smear_method               = NONE
SCF.smear_sigma                = 0.0e+00 [AU]
SCF.soc                        = OFF
SCF.soc_window                 = 1.8e+00 [AU]
SCF.print_bandgap              = OFF
SCF.print_time                 = OFF

OPT.opt_method                 = BFGS
OPT.max_cycle                  = 1
OPT.eps_engy                   = 4.0e-06 [AU]
OPT.eps_grad                   = 4.0e-04 [AU]
OPT.trust_limit                = 3.0e-01 [AU]
OPT.damp_factor                = 0.0e+00
OPT.opt_mix_method             = NONE
OPT.opt_mix_start              = 1
OPT.opt_mix_space              = 5
OPT.opt_mix_alpha              = 3.0e-01
OPT.neb_method                 = FIRE
OPT.neb_lclimb                 = ON
OPT.neb_interp                 = IDPP
OPT.neb_nimage                 = 5
OPT.neb_spring                 = 1.0e-02 [AU]
OPT.neb_maxstep                = 7.6e-02 [AU]

PROP.calculation               = NONE
FREQ.freq_method               = FREE2
FREQ.fd_stepsize               = 2.8e-02 [AU]
DOS.dos_method                 = GAUSS
DOS.dos_sigma                  = 3.7e-03 [AU]
DOS.dos_npoint                 = 1001
DOS.dos_emin                   = 0.0e+00 [AU]
DOS.dos_emax                   = 0.0e+00 [AU]

OPT.mdx_ensemble               = NVE
OPT.mdx_thermostat             = NHC
OPT.mdx_max_step               = 0
OPT.mdx_timestep               = 4.0e+01 [AU]
OPT.mdx_temperature            = 9.5e-04 [AU]
OPT.mdx_pressure               = 0.0e+00 [AU]
OPT.mdx_thermo_tau             = 4.0e+03 [AU]
OPT.mdx_baro_tau               = 2.0e+04 [AU]
OPT.mdx_nhc_length             = 3
OPT.mdx_nhc_mts                = 3
OPT.mdx_constraint             = OFF
OPT.mdx_constraint_tol         = 1.0e-10
OPT.mdx_rng_seed               = 42

K-points mesh = 1 1 1

xc functional: "HSE06"
is hybrid: YES
HFX coeff: 0.25

Basis Set Name: "dzvp-sr"
number of shell = 48
number of basis = 208
gmesh = 29 29 57

Pseudopotential Name: "gth-pbe"
number of valence electron = 64

OPT Calculation.

==============================================================
                   Geometry Optimization                      
==============================================================
  method      = BFGS
  max_cycle   = 1
  eps_engy    = 4.000000e-06
  eps_grad    = 4.000000e-04
  trust_limit = 0.300000
  natom       = 16
  nfree       = 48 / 48
==============================================================

--------------------------------------------------------------
  OPT step 0
--------------------------------------------------------------
[OPT] Cell structure (Angstrom):
       5.43100000       0.00000000       0.00000000
       0.00000000       5.43100000       0.00000000
       0.00000000       0.00000000      10.86200000

Cart
Si         0.00000000       0.00000000       0.00000000   T T T
Si         0.10000000       2.76550000       2.74550000   T T T
Si         2.71550000       0.00000000       2.71550000   T T T
Si         2.71550000       2.71550000       0.00000000   T T T
Si         1.35775000       1.35775000       1.35775000   T T T
Si         1.35775000       4.07325000       4.07325000   T T T
Si         4.07325000       1.35775000       4.07325000   T T T
Si         4.07325000       4.07325000       1.35775000   T T T
Si         0.00000000       0.00000000       5.43100000   T T T
Si         0.00000000       2.71550000       8.14650000   T T T
Si         2.71550000       0.00000000       8.14650000   T T T
Si         2.71550000       2.71550000       5.43100000   T T T
Si         1.35775000       1.35775000       6.78875000   T T T
Si         1.35775000       4.07325000       9.50425000   T T T
Si         4.07325000       1.35775000       9.50425000   T T T
Si         4.07325000       4.07325000       6.78875000   T T T

[OPT] Cell written to /home/rudin/tmp-review-ionic/Si16/none/c40/opt_img/cell_opt_0.txt
[LSDF] gmesh = (29, 29, 57), ngrid = 47937, naofn = 208, natom = 16
Timer "[LSDF] Voronoi partition" used time: 0.001499 s.
Timer "[LSDF] AO evaluation + screening" used time: 0.161551 s.
[LSDF] IP method: randomized QRCP (c=40, m=5)
[LSDF] total IPs selected: 8400 (17.5230% of grid)
Timer "[LSDF] IP selection" used time: 0.355735 s.
Timer "[LSDF] aux basis fitting" used time: 0.088157 s.
[LSDF] Step 5 diagnostics: natom=16, ngrid=47937, naux_total=8400
[LSDF]   OMP threads=32, MKL threads=32
[LSDF]   Vmat_loc total size: 8400 x 47937 = 3.00 GB
Timer "[LSDF]   5a Vmat_loc alloc+FFT" used time: 0.330301 s.
[LSDF]   W size: 8400 x 8400 = 538.33 MB, max_npart=3138
Timer "[LSDF]   5b W construction (DGEMM)" used time: 0.130316 s.
Timer "[LSDF]   5c Wmat symmetrize" used time: 0.029012 s.
[LSDF]   robust_mode=NONE: freeing Vmat_loc
Timer "[LSDF] V/W construction" used time: 0.658552 s.
[LSDF] xchg phases: A=0.001 s, B(K_W)=0.040 s, C(K_V)=0.000 s, E(reduce)=0.001 s
[NELEC] step = 0  nelec = 64  neInt = 64.000000  dnelc =  2.1927348826e-11
[ENERG] step = 0  eTotl = -62.54341354  eCore = 19.60664054  eCoul = 4.69704873  eExcl = -19.67458979  eNucl = -67.17251303  eDisp = 0.00000000
[ERROR] step = 0  engy error =  0.0000000000e+00  grad error =  0.0000000000e+00  dmat error =  0.0000000000e+00
Timer "SCF cycle: 0" used time: 1.033342 s.

[LSDF] xchg phases: A=0.003 s, B(K_W)=0.029 s, C(K_V)=0.000 s, E(reduce)=0.000 s
[NELEC] step = 1  nelec = 64  neInt = 64.000000  dnelc =  2.9402258406e-11
[ENERG] step = 1  eTotl = -62.76120838  eCore = 19.33616209  eCoul = 4.50692069  eExcl = -19.43177814  eNucl = -67.17251303  eDisp = 0.00000000
[ERROR] step = 1  engy error = -2.1779483926e-01  grad error =  0.0000000000e+00  dmat error =  1.1761722396e+00
Timer "SCF cycle: 1" used time: 1.051635 s.

[LSDF] xchg phases: A=0.002 s, B(K_W)=0.039 s, C(K_V)=0.000 s, E(reduce)=0.000 s
[NELEC] step = 2  nelec = 64  neInt = 64.000000  dnelc =  2.9885427466e-11
[ENERG] step = 2  eTotl = -62.76670501  eCore = 19.31158068  eCoul = 4.54714343  eExcl = -19.45291610  eNucl = -67.17251303  eDisp = 0.00000000
[ERROR] step = 2  engy error = -5.4966278473e-03  grad error =  0.0000000000e+00  dmat error =  1.7953747562e-02
Timer "SCF cycle: 2" used time: 1.019288 s.

[LSDF] xchg phases: A=0.002 s, B(K_W)=0.039 s, C(K_V)=0.000 s, E(reduce)=0.000 s
[NELEC] step = 3  nelec = 64  neInt = 64.000000  dnelc =  3.0837554732e-11
[ENERG] step = 3  eTotl = -62.77216498  eCore = 19.26604099  eCoul = 4.63233695  eExcl = -19.49802989  eNucl = -67.17251303  eDisp = 0.00000000
[ERROR] step = 3  engy error = -5.4599734962e-03  grad error =  0.0000000000e+00  dmat error =  4.0532999929e-02
Timer "SCF cycle: 3" used time: 1.036354 s.

[LSDF] xchg phases: A=0.001 s, B(K_W)=0.040 s, C(K_V)=0.000 s, E(reduce)=0.000 s
[NELEC] step = 4  nelec = 64  neInt = 64.000000  dnelc =  3.0880187296e-11
[ENERG] step = 4  eTotl = -62.77222576  eCore = 19.26606109  eCoul = 4.63314580  eExcl = -19.49891963  eNucl = -67.17251303  eDisp = 0.00000000
[ERROR] step = 4  engy error = -6.0778471223e-05  grad error =  0.0000000000e+00  dmat error =  3.0939619895e-03
Timer "SCF cycle: 4" used time: 1.029476 s.

[LSDF] xchg phases: A=0.001 s, B(K_W)=0.039 s, C(K_V)=0.000 s, E(reduce)=0.000 s
[NELEC] step = 5  nelec = 64  neInt = 64.000000  dnelc =  3.0780711313e-11
[ENERG] step = 5  eTotl = -62.77225456  eCore = 19.26822768  eCoul = 4.63014376  eExcl = -19.49811297  eNucl = -67.17251303  eDisp = 0.00000000
[ERROR] step = 5  engy error = -2.8796880599e-05  grad error =  0.0000000000e+00  dmat error =  3.7591490763e-03
Timer "SCF cycle: 5" used time: 1.037070 s.

[LSDF] xchg phases: A=0.001 s, B(K_W)=0.040 s, C(K_V)=0.000 s, E(reduce)=0.000 s
[NELEC] step = 6  nelec = 64  neInt = 64.000000  dnelc =  3.0667024475e-11
[ENERG] step = 6  eTotl = -62.77226209  eCore = 19.26990523  eCoul = 4.62775804  eExcl = -19.49741233  eNucl = -67.17251303  eDisp = 0.00000000
[ERROR] step = 6  engy error = -7.5291157557e-06  grad error =  0.0000000000e+00  dmat error =  2.1554710691e-03
Timer "SCF cycle: 6" used time: 1.042874 s.

[LSDF] xchg phases: A=0.003 s, B(K_W)=0.049 s, C(K_V)=0.000 s, E(reduce)=0.001 s
[NELEC] step = 7  nelec = 64  neInt = 64.000000  dnelc =  3.0667024475e-11
[ENERG] step = 7  eTotl = -62.77226281  eCore = 19.27010992  eCoul = 4.62753318  eExcl = -19.49739289  eNucl = -67.17251303  eDisp = 0.00000000
[ERROR] step = 7  engy error = -7.2029521903e-07  grad error =  0.0000000000e+00  dmat error =  4.8787351143e-04
Timer "SCF cycle: 7" used time: 1.056248 s.

[NELEC] step = 8  nelec = 64  neInt = 64.000000  dnelc =  3.0681235330e-11
[ENERG] step = 8  eTotl = -62.77226297  eCore = 19.27010465  eCoul = 4.62759371  eExcl = -19.49744830  eNucl = -67.17251303  eDisp = 0.00000000
[ERROR] step = 8  engy error = -1.6389825674e-07  grad error =  0.0000000000e+00  dmat error =  1.5423329602e-04
Timer "SCF cycle: 8" used time: 1.088366 s.

[NELEC] step = 9  nelec = 64  neInt = 64.000000  dnelc =  3.0638602766e-11
[ENERG] step = 9  eTotl = -62.77226302  eCore = 19.27009597  eCoul = 4.62763430  eExcl = -19.49748026  eNucl = -67.17251303  eDisp = 0.00000000
[ERROR] step = 9  engy error = -4.8181661327e-08  grad error =  0.0000000000e+00  dmat error =  7.7391031740e-05
Timer "SCF cycle: 9" used time: 1.078862 s.

[NELEC] step = 10  nelec = 64  neInt = 64.000000  dnelc =  3.0667024475e-11
[ENERG] step = 10  eTotl = -62.77226304  eCore = 19.27008246  eCoul = 4.62767651  eExcl = -19.49750898  eNucl = -67.17251303  eDisp = 0.00000000
[ERROR] step = 10  engy error = -1.9677244723e-08  grad error =  0.0000000000e+00  dmat error =  6.7290316031e-05
Timer "SCF cycle: 10" used time: 1.032269 s.

[NELEC] step = 11  nelec = 64  neInt = 64.000000  dnelc =  3.0709657040e-11
[ENERG] step = 11  eTotl = -62.77226304  eCore = 19.27007976  eCoul = 4.62768215  eExcl = -19.49751193  eNucl = -67.17251303  eDisp = 0.00000000
[ERROR] step = 11  engy error = -2.0391723865e-09  grad error =  0.0000000000e+00  dmat error =  1.2085838093e-05
SCF converged in 11 steps.
[LSDF] xchg_d10: robust_mode=NONE, no V data -> full-grid FFT path
[GRADIENT] SCF type: GRKS | atoms: 16 | DOF: 48 | time: 18.578 s
  Atom   0:   2.8682749161e-03  -8.1996861649e-04   1.2126147291e-05
  Atom   1:   2.9001651082e-02   1.6202130028e-02   1.0702324046e-02
  Atom   2:   1.1317527106e-03   6.2184499345e-04   1.2387776818e-03
  Atom   3:  -6.3092460810e-04   1.9712413036e-03   6.2771317399e-05
  Atom   4:  -3.6042558316e-03   2.8334823697e-04   1.4640746739e-05
  Atom   5:  -1.4208710786e-02  -1.3539093204e-02  -1.1410550492e-02
  Atom   6:  -9.0602467942e-03  -7.7518523797e-03   3.4144992192e-03
  Atom   7:  -6.4066237976e-03   2.5931208716e-03  -4.0503263558e-03
  Atom   8:   2.1040029043e-03   5.4206440328e-04   2.0176633250e-04
  Atom   9:  -3.9243173043e-04  -2.3248457106e-04  -2.1926507183e-04
  Atom  10:   1.2623250932e-04   6.4363326457e-05   1.2540462200e-04
  Atom  11:  -7.7756181554e-06   4.6523527696e-04   1.5286994012e-04
  Atom  12:   2.2591150010e-04   2.1590931337e-04   3.3834989521e-04
  Atom  13:  -8.0867467117e-04  -9.3393446280e-04  -1.2973059621e-03
  Atom  14:  -1.6360540855e-04  -2.7994828613e-04   1.2077285238e-03
  Atom  15:  -1.7468653803e-04   5.9804192330e-04  -4.9288515995e-04
[OPT] step = 0  energy = -62.7722630432  dE =               N/A  grad_max =  2.9001651082e-02  grad_rms =  6.4419231848e-03
[OPT] Geometry optimization did not converge in 1 steps.
Kylin-PBC Done.
Timer "Kylin-PBC main" used time: 33.39361 s.
