#INFO: **** input file is /home/rudin/code/kylin-pbc/art/example/extern/BN-HSE06-gamma-pyscf-FFTDF/run-pyscf.py ****
#!/usr/bin/env python3
# PySCF input for BN-HSE06-gamma (external benchmark)
# Engine: FFTDF (default with_df); basis/pseudo match kylin & CP2K.
import time, os
import pyscf.pbc.gto as pbcgto
import pyscf.pbc.dft as pbcdft

tic = time.time()

cell = pbcgto.Cell()
cell.a = """
        0.0000000000     1.8075000000     1.8075000000
        1.8075000000     0.0000000000     1.8075000000
        1.8075000000     1.8075000000     0.0000000000
"""
cell.atom = """
    B       0.0000000000     0.0000000000     0.0000000000
    N       0.9037500000     0.9037500000     0.9037500000
"""
cell.basis = "gth-dzvp-molopt-sr"
cell.pseudo = "gth-pbe"
cell.unit = "A"
cell.precision = 1e-10
cell.verbose = 4
cell.build()

kpts = cell.make_kpts([1, 1, 1])
kmf = pbcdft.KRKS(cell, kpts)
kmf.xc = "HSE06"
kmf.max_cycle = 200
kmf.conv_tol = 1e-7
etot = kmf.kernel()
print("E_tot (Ha) =", etot)

# approximate band gap from k-point eigenvalues
try:
    homo = max(kmf.mo_energy[i][kmf.mo_occ[i] > 0].max() for i in range(len(kpts)))
    lumo = min(kmf.mo_energy[i][kmf.mo_occ[i] == 0].min() for i in range(len(kpts)))
    print("Band gap (eV) =", (lumo - homo) * 27.211386245988)
except Exception as ex:
    print("gap calc skipped:", ex)

print("wall time (s):", time.time() - tic)
print("OMP_NUM_THREADS:", os.getenv("OMP_NUM_THREADS", "not set"))
#INFO: ******************** input file end ********************


System: uname_result(system='Linux', node='cu01', release='5.15.0-139-generic', version='#149-Ubuntu SMP Fri Apr 11 22:06:13 UTC 2025', machine='x86_64')  Threads 32
Python 3.12.7 | packaged by Anaconda, Inc. | (main, Oct  4 2024, 13:27:36) [GCC 11.2.0]
numpy 2.4.2  scipy 1.17.0  h5py 3.15.1
Date: Tue Jun 23 14:07:22 2026
PySCF version 2.12.0
PySCF path  /software/Applications/pyscf/pyscf-2.12.0/pyscf

[CONFIG] conf_file None
[INPUT] verbose = 4
[INPUT] num. atoms = 2
[INPUT] num. electrons = 8
[INPUT] charge = 0
[INPUT] spin (= nelec alpha-beta = 2S) = 0
[INPUT] symmetry False subgroup None
[INPUT] Mole.unit = A
[INPUT] Symbol           X                Y                Z      unit          X                Y                Z       unit  Magmom
[INPUT]  1 B      0.000000000000   0.000000000000   0.000000000000 AA    0.000000000000   0.000000000000   0.000000000000 Bohr   0.0
[INPUT]  2 N      0.903750000000   0.903750000000   0.903750000000 AA    1.707839985076   1.707839985076   1.707839985076 Bohr   0.0

nuclear repulsion = -13.1703929520025
number of shells = 6
number of NR pGTOs = 81
number of NR cGTOs = 26
basis = gth-dzvp-molopt-sr
ecp = {}
CPU time:         5.64
lattice vectors  a1 [0.000000000, 3.415679970, 3.415679970]
                 a2 [3.415679970, 0.000000000, 3.415679970]
                 a3 [3.415679970, 3.415679970, 0.000000000]
dimension = 3
low_dim_ft_type = None
Cell volume = 79.7006
rcut = 26.34948047718472 (nimgs = [7 7 7])
precision = 1e-10
pseudo = gth-pbe
ke_cutoff = 911.2099293728636
    = [67 67 67] mesh (300763 PWs)


******** <class 'pyscf.pbc.dft.krks.KRKS'> ********
method = KRKS
initial guess = minao
damping factor = 0
level_shift factor = 0
DIIS = <class 'pyscf.scf.diis.CDIIS'>
diis_start_cycle = 1
diis_space = 8
diis_damp = 0
SCF conv_tol = 1e-07
SCF conv_tol_grad = None
SCF max_cycles = 200
direct_scf = True
direct_scf_tol = 1e-13
chkfile to save SCF result = /tmp/tmp0ic4o_zj
max_memory 4000 MB (current use 127 MB)


******** PBC SCF flags ********
N kpts = 1
Exchange divergence treatment (exxdiv) = ewald
    madelung (= occupied orbital energy shift) = 0.6711492461500493
    Total energy shift due to Ewald probe charge = -1/2 * Nelec*madelung = -2.6845969846
DF object = <pyscf.pbc.df.fft.FFTDF object at 0x7fb718f71d30>
XC functionals = HSE06
small_rho_cutoff = 1e-07
Uniform grid, mesh = [67 67 67]
Set gradient conv threshold to 0.000316228
nelec by numeric integration = 7.999999999999968
Create RSH-DF object <pyscf.pbc.df.fft.FFTDF object at 0x7fb7172c2480> for omega=-0.11
init E= -14.8085102775682
HOMO = 0.208031995923  LUMO = 0.697009494374
nelec by numeric integration = 7.999999999999979
cycle= 1 E= -11.3594911751856  delta_E= 3.45  |g|= 1.82  |ddm|= 3.66
HOMO = 0.601907753062  LUMO = 0.833062227309
nelec by numeric integration = 7.999999999999988
cycle= 2 E= -10.2396101076026  delta_E= 1.12  |g|= 2.53  |ddm|= 6.61
HOMO = 0.463464266494  LUMO = 0.848535338771
nelec by numeric integration = 7.999999999999986
cycle= 3 E= -11.9803687307729  delta_E= -1.74  |g|= 0.346  |ddm|=  4.5
HOMO = 0.442118016291  LUMO = 0.814365429567
nelec by numeric integration = 7.999999999999982
cycle= 4 E= -12.009451041932  delta_E= -0.0291  |g|= 0.0521  |ddm|= 0.462
HOMO = 0.443800008097  LUMO = 0.81534789991
nelec by numeric integration = 7.999999999999982
cycle= 5 E= -12.0101151002153  delta_E= -0.000664  |g|= 0.00385  |ddm|= 0.0692
HOMO = 0.444082975814  LUMO = 0.81540108499
nelec by numeric integration = 7.999999999999991
cycle= 6 E= -12.010119226303  delta_E= -4.13e-06  |g|= 0.00027  |ddm|= 0.0106
HOMO = 0.44406255566  LUMO = 0.815414032922
nelec by numeric integration = 7.9999999999999805
cycle= 7 E= -12.0101192388307  delta_E= -1.25e-08  |g|= 4.57e-05  |ddm|= 0.000486
HOMO = 0.444053216937  LUMO = 0.815416924796
nelec by numeric integration = 7.999999999999988
Extra cycle  E= -12.01011923859  delta_E= 2.41e-10  |g|= 5.49e-05  |ddm|= 0.000129
converged SCF energy = -12.01011923859
E_tot (Ha) = -12.010119238590017
Band gap (eV) = 10.105321292306202
wall time (s): 49.73049545288086
OMP_NUM_THREADS: 32
