Kylin-PBC: v1.0.0

System time = 2026-06-28 02:30:35

OMP threads = 32

KYLIN_PBC_ROOT = "/home/rudin/code/kylin-pbc"
KYLIN_SCR_PATH = "/tmp"
KYLIN_JOB_PATH = "/home/rudin/code/kylin-pbc/art/example/scaling/cip-Si16-HSE06/none/c15"

SCF.xcfun                      = HSE06
SCF.basis                      = dzvp-sr
SCF.psudo                      = gth-pbe
SCF.kmesh                      = 1 1 1
SCF.gmesh                      = 5.0e-01
SCF.ispin                      = OFF
SCF.dspin                      = 0
SCF.eps_engy                   = 1.0e-06 [AU]
SCF.eps_grad                   = 1.0e-05 [AU]
SCF.eps_dmat                   = 1.0e-03
SCF.chk_load                   = 
SCF.chk_save                   = 
SCF.scf_guess                  = ATOM
SCF.max_cycle                  = 100
SCF.vdw_method                 = NONE
SCF.coul_method                = MGDF
SCF.xchg_method                = LSDF
SCF.xchg_exxocc                = OFF
SCF.xchg_exxace                = NONE
SCF.xchg_robust                = NONE
SCF.xchg_exxdiv                = NONE
SCF.xchg_dropG0                = OFF
SCF.lsdf_cparam                = 15
SCF.lsdf_mparam                = 5
SCF.lsdf_ipslct                = QRCP
SCF.lsdf_chocut                = 1.0e-08
SCF.lsdf_atmcut                = 2.5e+01
SCF.lsdf_aovcut                = 1.0e-07
SCF.lsdf_swzcut                = 0.0e+00
SCF.lsdf_pnocut                = 0.0e+00
SCF.lsdf_nafcut                = 0.0e+00
SCF.mgdf_ntasks                = 4
SCF.mgdf_kratio                = 3.0e+00
SCF.mgdf_cutoff                = 3.0e+02 [AU]
SCF.mgdf_relcut                = 3.0e+01
SCF.mgdf_prprec                = 1.0e-14
SCF.dmx_mix_method             = NONE
SCF.dmx_mix_start              = 1
SCF.dmx_mix_space              = 8
SCF.dmx_mix_alpha              = 3.0e-01
SCF.rho_mix_method             = NONE
SCF.rho_mix_start              = 1
SCF.rho_mix_space              = 8
SCF.rho_mix_alpha              = 3.0e-01
SCF.hks_mix_method             = BROY
SCF.hks_mix_start              = 1
SCF.hks_mix_space              = 8
SCF.hks_mix_alpha              = 3.0e-01
SCF.damp_factor                = 0.0e+00
SCF.level_shift                = 0.0e+00 [AU]
SCF.smear_method               = NONE
SCF.smear_sigma                = 0.0e+00 [AU]
SCF.soc                        = OFF
SCF.soc_window                 = 1.8e+00 [AU]
SCF.print_bandgap              = OFF
SCF.print_time                 = OFF

OPT.opt_method                 = BFGS
OPT.max_cycle                  = 1
OPT.eps_engy                   = 4.0e-06 [AU]
OPT.eps_grad                   = 4.0e-04 [AU]
OPT.trust_limit                = 3.0e-01 [AU]
OPT.damp_factor                = 0.0e+00
OPT.opt_mix_method             = NONE
OPT.opt_mix_start              = 1
OPT.opt_mix_space              = 5
OPT.opt_mix_alpha              = 3.0e-01
OPT.neb_method                 = FIRE
OPT.neb_lclimb                 = ON
OPT.neb_interp                 = IDPP
OPT.neb_nimage                 = 5
OPT.neb_spring                 = 1.0e-02 [AU]
OPT.neb_maxstep                = 7.6e-02 [AU]

PROP.calculation               = NONE
FREQ.freq_method               = FREE2
FREQ.fd_stepsize               = 2.8e-02 [AU]
DOS.dos_method                 = GAUSS
DOS.dos_sigma                  = 3.7e-03 [AU]
DOS.dos_npoint                 = 1001
DOS.dos_emin                   = 0.0e+00 [AU]
DOS.dos_emax                   = 0.0e+00 [AU]

OPT.mdx_ensemble               = NVE
OPT.mdx_thermostat             = NHC
OPT.mdx_max_step               = 0
OPT.mdx_timestep               = 4.0e+01 [AU]
OPT.mdx_temperature            = 9.5e-04 [AU]
OPT.mdx_pressure               = 0.0e+00 [AU]
OPT.mdx_thermo_tau             = 4.0e+03 [AU]
OPT.mdx_baro_tau               = 2.0e+04 [AU]
OPT.mdx_nhc_length             = 3
OPT.mdx_nhc_mts                = 3
OPT.mdx_constraint             = OFF
OPT.mdx_constraint_tol         = 1.0e-10
OPT.mdx_rng_seed               = 42

K-points mesh = 1 1 1

xc functional: "HSE06"
is hybrid: YES
HFX coeff: 0.25

Basis Set Name: "dzvp-sr"
number of shell = 48
number of basis = 208
gmesh = 29 29 57

Pseudopotential Name: "gth-pbe"
number of valence electron = 64

OPT Calculation.

==============================================================
                   Geometry Optimization                      
==============================================================
  method      = BFGS
  max_cycle   = 1
  eps_engy    = 4.000000e-06
  eps_grad    = 4.000000e-04
  trust_limit = 0.300000
  natom       = 16
  nfree       = 48 / 48
==============================================================

--------------------------------------------------------------
  OPT step 0
--------------------------------------------------------------
[OPT] Cell structure (Angstrom):
       5.43100000       0.00000000       0.00000000
       0.00000000       5.43100000       0.00000000
       0.00000000       0.00000000      10.86200000

Cart
Si         0.00000000       0.00000000       0.00000000   T T T
Si         0.00000000       2.71550000       2.71550000   T T T
Si         2.71550000       0.00000000       2.71550000   T T T
Si         2.71550000       2.71550000       0.00000000   T T T
Si         1.35775000       1.35775000       1.35775000   T T T
Si         1.35775000       4.07325000       4.07325000   T T T
Si         4.07325000       1.35775000       4.07325000   T T T
Si         4.07325000       4.07325000       1.35775000   T T T
Si         0.00000000       0.00000000       5.43100000   T T T
Si         0.00000000       2.71550000       8.14650000   T T T
Si         2.71550000       0.00000000       8.14650000   T T T
Si         2.71550000       2.71550000       5.43100000   T T T
Si         1.35775000       1.35775000       6.78875000   T T T
Si         1.35775000       4.07325000       9.50425000   T T T
Si         4.07325000       1.35775000       9.50425000   T T T
Si         4.07325000       4.07325000       6.78875000   T T T

[OPT] Cell written to /home/rudin/code/kylin-pbc/art/example/scaling/cip-Si16-HSE06/none/c15/opt_img/cell_opt_0.txt
[LSDF] gmesh = (29, 29, 57), ngrid = 47937, naofn = 208, natom = 16
Timer "[LSDF] Voronoi partition" used time: 0.001317 s.
Timer "[LSDF] AO evaluation + screening" used time: 0.151723 s.
[LSDF] IP method: randomized QRCP (c=15, m=5)
[LSDF] total IPs selected: 3200 (6.6754% of grid)
Timer "[LSDF] IP selection" used time: 0.122828 s.
Timer "[LSDF] aux basis fitting" used time: 0.021293 s.
[LSDF] Step 5 diagnostics: natom=16, ngrid=47937, naux_total=3200
[LSDF]   OMP threads=32, MKL threads=32
[LSDF]   Vmat_loc total size: 3200 x 47937 = 1.14 GB
Timer "[LSDF]   5a Vmat_loc alloc+FFT" used time: 0.127547 s.
[LSDF]   W size: 3200 x 3200 = 78.12 MB, max_npart=3140
Timer "[LSDF]   5b W construction (DGEMM)" used time: 0.032244 s.
Timer "[LSDF]   5c Wmat symmetrize" used time: 0.004785 s.
[LSDF]   robust_mode=NONE: freeing Vmat_loc
Timer "[LSDF] V/W construction" used time: 0.211871 s.
[LSDF] xchg phases: A=0.000 s, B(K_W)=0.012 s, C(K_V)=0.000 s, E(reduce)=0.000 s
[NELEC] step = 0  nelec = 64  neInt = 64.000000  dnelc =  2.1955770535e-11
[ENERG] step = 0  eTotl = -62.97022591  eCore = 19.62269416  eCoul = 4.69090466  eExcl = -20.10042248  eNucl = -67.18340225  eDisp = 0.00000000
[ERROR] step = 0  engy error =  0.0000000000e+00  grad error =  0.0000000000e+00  dmat error =  0.0000000000e+00
Timer "SCF cycle: 0" used time: 1.001673 s.

[LSDF] xchg phases: A=0.000 s, B(K_W)=0.006 s, C(K_V)=0.000 s, E(reduce)=0.000 s
[NELEC] step = 1  nelec = 64  neInt = 64.000000  dnelc =  2.8947511055e-11
[ENERG] step = 1  eTotl = -63.17518914  eCore = 19.34779867  eCoul = 4.50370644  eExcl = -19.84329200  eNucl = -67.18340225  eDisp = 0.00000000
[ERROR] step = 1  engy error = -2.0496322986e-01  grad error =  0.0000000000e+00  dmat error =  1.1571874662e+00
Timer "SCF cycle: 1" used time: 1.011413 s.

[LSDF] xchg phases: A=0.001 s, B(K_W)=0.006 s, C(K_V)=0.000 s, E(reduce)=0.000 s
[NELEC] step = 2  nelec = 64  neInt = 64.000000  dnelc =  2.9373836696e-11
[ENERG] step = 2  eTotl = -63.18077333  eCore = 19.32372138  eCoul = 4.54239882  eExcl = -19.86349128  eNucl = -67.18340225  eDisp = 0.00000000
[ERROR] step = 2  engy error = -5.5841884828e-03  grad error =  0.0000000000e+00  dmat error =  1.7021058900e-02
Timer "SCF cycle: 2" used time: 1.025739 s.

[LSDF] xchg phases: A=0.000 s, B(K_W)=0.006 s, C(K_V)=0.000 s, E(reduce)=0.000 s
[NELEC] step = 3  nelec = 64  neInt = 64.000000  dnelc =  3.0127011996e-11
[ENERG] step = 3  eTotl = -63.18664510  eCore = 19.27743366  eCoul = 4.62861275  eExcl = -19.90928925  eNucl = -67.18340225  eDisp = 0.00000000
[ERROR] step = 3  engy error = -5.8717732536e-03  grad error =  0.0000000000e+00  dmat error =  4.1729166479e-02
Timer "SCF cycle: 3" used time: 1.002597 s.

[LSDF] xchg phases: A=0.002 s, B(K_W)=0.009 s, C(K_V)=0.000 s, E(reduce)=0.001 s
[NELEC] step = 4  nelec = 64  neInt = 64.000000  dnelc =  2.9970692594e-11
[ENERG] step = 4  eTotl = -63.18670333  eCore = 19.28148504  eCoul = 4.62316449  eExcl = -19.90795061  eNucl = -67.18340225  eDisp = 0.00000000
[ERROR] step = 4  engy error = -5.8232144461e-05  grad error =  0.0000000000e+00  dmat error =  5.6389429775e-03
Timer "SCF cycle: 4" used time: 1.019090 s.

[LSDF] xchg phases: A=0.001 s, B(K_W)=0.011 s, C(K_V)=0.000 s, E(reduce)=0.000 s
[NELEC] step = 5  nelec = 64  neInt = 64.000000  dnelc =  3.0027536013e-11
[ENERG] step = 5  eTotl = -63.18670690  eCore = 19.28208045  eCoul = 4.62242514  eExcl = -19.90781024  eNucl = -67.18340225  eDisp = 0.00000000
[ERROR] step = 5  engy error = -3.5693673013e-06  grad error =  0.0000000000e+00  dmat error =  1.0174609131e-03
Timer "SCF cycle: 5" used time: 1.030767 s.

[LSDF] xchg phases: A=0.000 s, B(K_W)=0.006 s, C(K_V)=0.000 s, E(reduce)=0.000 s
[NELEC] step = 6  nelec = 64  neInt = 64.000000  dnelc =  3.0027536013e-11
[ENERG] step = 6  eTotl = -63.18670789  eCore = 19.28214219  eCoul = 4.62247888  eExcl = -19.90792671  eNucl = -67.18340225  eDisp = 0.00000000
[ERROR] step = 6  engy error = -9.9060867598e-07  grad error =  0.0000000000e+00  dmat error =  4.8641923266e-04
SCF converged in 6 steps.
[LSDF] xchg_d10: robust_mode=NONE, no V data -> full-grid FFT path
[GRADIENT] SCF type: GRKS | atoms: 16 | DOF: 48 | time: 19.141 s
  Atom   0:   2.5220429895e-05  -1.5828168404e-05   5.9650470013e-05
  Atom   1:  -3.9710087444e-05   4.3463401866e-06  -1.2562270315e-05
  Atom   2:   3.3275825663e-06   1.3408078630e-05   2.6220775489e-05
  Atom   3:   1.9532025366e-05   1.5794542324e-05  -4.0992749168e-05
  Atom   4:   9.1672604725e-06   3.9066616426e-05  -1.7769086577e-05
  Atom   5:   1.1919449207e-05   7.8564270210e-06  -1.3569346161e-05
  Atom   6:   2.9646646858e-05  -1.3714653051e-05   5.4849700661e-05
  Atom   7:   4.1996980409e-06  -1.0883083290e-06  -1.7642625519e-05
  Atom   8:  -5.0735843985e-06  -4.7952083532e-05  -1.8933836439e-06
  Atom   9:  -1.2089566260e-05  -2.4499662024e-05   3.1347711056e-07
  Atom  10:   3.3383919062e-05   2.3528002234e-05  -2.3217207494e-06
  Atom  11:   2.7004870480e-06   2.3134826431e-05  -2.7442848391e-05
  Atom  12:  -1.5085007191e-05   2.2277351478e-05   2.2461284861e-05
  Atom  13:  -4.2436839494e-05  -1.5839739136e-05  -1.9872437354e-05
  Atom  14:  -4.6574138759e-07  -1.5988162730e-05   2.7569037757e-05
  Atom  15:  -2.4265212154e-05  -1.4486865683e-05  -3.7001795578e-05
[OPT] step = 0  energy = -63.1867078913  dE =               N/A  grad_max =  5.9650470013e-05  grad_rms =  2.4584309162e-05
[OPT] Geometry optimization did not converge in 1 steps.
Kylin-PBC Done.
Timer "Kylin-PBC main" used time: 27.63737 s.
