Kylin-PBC: v1.0.0

System time = 2026-10-01 12:05:41

OMP threads = 32

KYLIN_PBC_ROOT = "/home/rudin/code/kylin-pbc"
KYLIN_SCR_PATH = "/tmp"
KYLIN_JOB_PATH = "/home/rudin/tmp-review-basis/MgO16/szv-sr_robust"

SCF.xcfun                      = HSE06
SCF.basis                      = szv-sr
SCF.psudo                      = gth-pbe
SCF.kmesh                      = 1 1 1
SCF.gmesh                      = 5.0e-01
SCF.ispin                      = OFF
SCF.dspin                      = 0
SCF.eps_engy                   = 3.7e-09 [AU]
SCF.eps_grad                   = 1.0e-05 [AU]
SCF.eps_dmat                   = 1.0e-03
SCF.chk_load                   = 
SCF.chk_save                   = 
SCF.scf_guess                  = ATOM
SCF.max_cycle                  = 200
SCF.vdw_method                 = NONE
SCF.coul_method                = MGDF
SCF.xchg_method                = LSDF
SCF.xchg_exxocc                = OFF
SCF.xchg_exxace                = NONE
SCF.xchg_robust                = FULL
SCF.xchg_exxdiv                = EWALD
SCF.xchg_dropG0                = ON
SCF.lsdf_cparam                = 30
SCF.lsdf_mparam                = 5
SCF.lsdf_ipslct                = QRCP
SCF.lsdf_chocut                = 1.0e-08
SCF.lsdf_atmcut                = 2.5e+01
SCF.lsdf_aovcut                = 1.0e-07
SCF.lsdf_swzcut                = 0.0e+00
SCF.lsdf_pnocut                = 0.0e+00
SCF.lsdf_nafcut                = 0.0e+00
SCF.mgdf_ntasks                = 4
SCF.mgdf_kratio                = 3.0e+00
SCF.mgdf_cutoff                = 3.0e+02 [AU]
SCF.mgdf_relcut                = 3.0e+01
SCF.mgdf_prprec                = 1.0e-14
SCF.dmx_mix_method             = NONE
SCF.dmx_mix_start              = 1
SCF.dmx_mix_space              = 8
SCF.dmx_mix_alpha              = 3.0e-01
SCF.rho_mix_method             = NONE
SCF.rho_mix_start              = 1
SCF.rho_mix_space              = 8
SCF.rho_mix_alpha              = 3.0e-01
SCF.hks_mix_method             = BROY
SCF.hks_mix_start              = 1
SCF.hks_mix_space              = 8
SCF.hks_mix_alpha              = 3.0e-01
SCF.damp_factor                = 0.0e+00
SCF.level_shift                = 0.0e+00 [AU]
SCF.smear_method               = NONE
SCF.smear_sigma                = 0.0e+00 [AU]
SCF.soc                        = OFF
SCF.soc_window                 = 1.8e+00 [AU]
SCF.print_bandgap              = OFF
SCF.print_time                 = OFF

OPT.opt_method                 = BFGS
OPT.max_cycle                  = 1
OPT.eps_engy                   = 4.0e-06 [AU]
OPT.eps_grad                   = 4.0e-04 [AU]
OPT.trust_limit                = 3.0e-01 [AU]
OPT.damp_factor                = 0.0e+00
OPT.opt_mix_method             = NONE
OPT.opt_mix_start              = 1
OPT.opt_mix_space              = 5
OPT.opt_mix_alpha              = 3.0e-01
OPT.neb_method                 = FIRE
OPT.neb_lclimb                 = ON
OPT.neb_interp                 = IDPP
OPT.neb_nimage                 = 5
OPT.neb_spring                 = 1.0e-02 [AU]
OPT.neb_maxstep                = 7.6e-02 [AU]

PROP.calculation               = NONE
FREQ.freq_method               = FREE2
FREQ.fd_stepsize               = 2.8e-02 [AU]
DOS.dos_method                 = GAUSS
DOS.dos_sigma                  = 3.7e-03 [AU]
DOS.dos_npoint                 = 1001
DOS.dos_emin                   = 0.0e+00 [AU]
DOS.dos_emax                   = 0.0e+00 [AU]

OPT.mdx_ensemble               = NVE
OPT.mdx_thermostat             = NHC
OPT.mdx_max_step               = 0
OPT.mdx_timestep               = 4.0e+01 [AU]
OPT.mdx_temperature            = 9.5e-04 [AU]
OPT.mdx_pressure               = 0.0e+00 [AU]
OPT.mdx_thermo_tau             = 4.0e+03 [AU]
OPT.mdx_baro_tau               = 2.0e+04 [AU]
OPT.mdx_nhc_length             = 3
OPT.mdx_nhc_mts                = 3
OPT.mdx_constraint             = OFF
OPT.mdx_constraint_tol         = 1.0e-10
OPT.mdx_rng_seed               = 42

K-points mesh = 1 1 1

xc functional: "HSE06"
is hybrid: YES
HFX coeff: 0.25

Basis Set Name: "szv-sr"
number of shell = 32
number of basis = 72
gmesh = 98 98 195

Pseudopotential Name: "gth-pbe"
number of valence electron = 128

OPT Calculation.

==============================================================
                   Geometry Optimization                      
==============================================================
  method      = BFGS
  max_cycle   = 1
  eps_engy    = 4.000000e-06
  eps_grad    = 4.000000e-04
  trust_limit = 0.300000
  natom       = 16
  nfree       = 48 / 48
==============================================================

--------------------------------------------------------------
  OPT step 0
--------------------------------------------------------------
[OPT] Cell structure (Angstrom):
       4.21700000       0.00000000       0.00000000
       0.00000000       4.21700000       0.00000000
       0.00000000       0.00000000       8.43400000

Cart
Mg         0.00000000       0.00000000       0.00000000   T T T
Mg         0.10000000       2.15850000       2.13850000   T T T
Mg         2.10850000       0.00000000       2.10850000   T T T
Mg         2.10850000       2.10850000       0.00000000   T T T
O          2.10850000       2.10850000       2.10850000   T T T
O          2.10850000       4.21700000       4.21700000   T T T
O          4.21700000       2.10850000       4.21700000   T T T
O          4.21700000       4.21700000       2.10850000   T T T
Mg         0.00000000       0.00000000       4.21700000   T T T
Mg         0.00000000       2.10850000       6.32550000   T T T
Mg         2.10850000       0.00000000       6.32550000   T T T
Mg         2.10850000       2.10850000       4.21700000   T T T
O          2.10850000       2.10850000       6.32550000   T T T
O          2.10850000       4.21700000       8.43400000   T T T
O          4.21700000       2.10850000       8.43400000   T T T
O          4.21700000       4.21700000       6.32550000   T T T

[OPT] Cell written to /home/rudin/tmp-review-basis/MgO16/szv-sr_robust/opt_img/cell_opt_0.txt
[LSDF] gmesh = (98, 98, 195), ngrid = 1872780, naofn = 72, natom = 16
Timer "[LSDF] Voronoi partition" used time: 0.022730 s.
Timer "[LSDF] AO evaluation + screening" used time: 3.575026 s.
[LSDF] IP method: randomized QRCP (c=30, m=5)
[LSDF] total IPs selected: 2240 (0.1196% of grid)
Timer "[LSDF] IP selection" used time: 6.461327 s.
Timer "[LSDF] aux basis fitting" used time: 1.644374 s.
[LSDF] Step 5 diagnostics: natom=16, ngrid=1872780, naux_total=2240
[LSDF]   OMP threads=32, MKL threads=32
[LSDF]   Vmat_loc total size: 2240 x 1872780 = 31.26 GB
Timer "[LSDF]   5a Vmat_loc alloc+FFT" used time: 2.509317 s.
[LSDF]   W size: 2240 x 2240 = 38.28 MB, max_npart=118186
Timer "[LSDF]   5b W construction (DGEMM)" used time: 0.326672 s.
Timer "[LSDF]   5c Wmat symmetrize" used time: 0.002122 s.
[LSDF]   robust_mode=FULL: keeping Vmat_loc (31.26 GB) in atom ordering
Timer "[LSDF] V/W construction" used time: 2.838182 s.
[LSDF] xchg phases: A=0.000 s, B(K_W)=0.002 s, C(K_V)=1.611 s, E(reduce)=0.000 s
[NELEC] step = 0  nelec = 128  neInt = 128.000000  dnelc = -1.4791083913e-09
[ENERG] step = 0  eTotl = -635.53098789  eCore = -337.00186648  eCoul = 174.38894142  eExcl = -94.40282325  eNucl = -378.51523958  eDisp = 0.00000000
[ERROR] step = 0  engy error =  0.0000000000e+00  grad error =  0.0000000000e+00  dmat error =  0.0000000000e+00
Timer "SCF cycle: 0" used time: 3.160313 s.

[LSDF] xchg phases: A=0.001 s, B(K_W)=0.003 s, C(K_V)=2.069 s, E(reduce)=0.000 s
[NELEC] step = 1  nelec = 128  neInt = 128.000000  dnelc =  4.8596007218e-09
[ENERG] step = 1  eTotl = -632.56817785  eCore = -364.53078519  eCoul = 213.13323940  eExcl = -102.65539248  eNucl = -378.51523958  eDisp = 0.00000000
[ERROR] step = 1  engy error =  2.9628100391e+00  grad error =  0.0000000000e+00  dmat error =  1.8070765608e+00
Timer "SCF cycle: 1" used time: 3.561072 s.

[LSDF] xchg phases: A=0.000 s, B(K_W)=0.002 s, C(K_V)=1.425 s, E(reduce)=0.000 s
[NELEC] step = 2  nelec = 128  neInt = 128.000000  dnelc =  3.9094629756e-09
[ENERG] step = 2  eTotl = -632.85113813  eCore = -363.91587722  eCoul = 211.76638903  eExcl = -102.18641035  eNucl = -378.51523958  eDisp = 0.00000000
[ERROR] step = 2  engy error = -2.8296027506e-01  grad error =  0.0000000000e+00  dmat error =  1.4964160836e-01
Timer "SCF cycle: 2" used time: 2.866265 s.

[LSDF] xchg phases: A=0.000 s, B(K_W)=0.002 s, C(K_V)=2.193 s, E(reduce)=0.000 s
[NELEC] step = 3  nelec = 128  neInt = 128.000000  dnelc = -1.7952572762e-10
[ENERG] step = 3  eTotl = -633.06963315  eCore = -362.43763483  eCoul = 209.07405745  eExcl = -101.19081619  eNucl = -378.51523958  eDisp = 0.00000000
[ERROR] step = 3  engy error = -2.1849502294e-01  grad error =  0.0000000000e+00  dmat error =  5.9127536269e-01
Timer "SCF cycle: 3" used time: 3.604863 s.

[LSDF] xchg phases: A=0.000 s, B(K_W)=0.002 s, C(K_V)=1.768 s, E(reduce)=0.000 s
[NELEC] step = 4  nelec = 128  neInt = 128.000000  dnelc =  1.2154259821e-09
[ENERG] step = 4  eTotl = -633.05631067  eCore = -362.83847164  eCoul = 209.78409851  eExcl = -101.48669796  eNucl = -378.51523958  eDisp = 0.00000000
[ERROR] step = 4  engy error =  1.3322479482e-02  grad error =  0.0000000000e+00  dmat error =  2.3337245528e-01
Timer "SCF cycle: 4" used time: 3.194407 s.

[LSDF] xchg phases: A=0.000 s, B(K_W)=0.002 s, C(K_V)=0.950 s, E(reduce)=0.000 s
[NELEC] step = 5  nelec = 128  neInt = 128.000000  dnelc =  6.3008087636e-10
[ENERG] step = 5  eTotl = -633.07031103  eCore = -362.64572060  eCoul = 209.43688719  eExcl = -101.34623803  eNucl = -378.51523958  eDisp = 0.00000000
[ERROR] step = 5  engy error = -1.4000359821e-02  grad error =  0.0000000000e+00  dmat error =  1.0646736340e-01
Timer "SCF cycle: 5" used time: 2.361386 s.

[LSDF] xchg phases: A=0.000 s, B(K_W)=0.002 s, C(K_V)=2.225 s, E(reduce)=0.000 s
[NELEC] step = 6  nelec = 128  neInt = 128.000000  dnelc =  2.6852831070e-10
[ENERG] step = 6  eTotl = -633.07230900  eCore = -362.53891593  eCoul = 209.25168033  eExcl = -101.26983382  eNucl = -378.51523958  eDisp = 0.00000000
[ERROR] step = 6  engy error = -1.9979685774e-03  grad error =  0.0000000000e+00  dmat error =  6.7135823810e-02
Timer "SCF cycle: 6" used time: 3.633483 s.

[LSDF] xchg phases: A=0.000 s, B(K_W)=0.002 s, C(K_V)=1.035 s, E(reduce)=0.000 s
[NELEC] step = 7  nelec = 128  neInt = 128.000000  dnelc =  2.6562929634e-10
[ENERG] step = 7  eTotl = -633.07232116  eCore = -362.53747568  eCoul = 209.24943453  eExcl = -101.26904042  eNucl = -378.51523958  eDisp = 0.00000000
[ERROR] step = 7  engy error = -1.2166103602e-05  grad error =  0.0000000000e+00  dmat error =  2.9715306703e-03
Timer "SCF cycle: 7" used time: 2.449565 s.

[NELEC] step = 8  nelec = 128  neInt = 128.000000  dnelc =  2.7185365070e-10
[ENERG] step = 8  eTotl = -633.07232407  eCore = -362.54105871  eCoul = 209.25550504  eExcl = -101.27153081  eNucl = -378.51523958  eDisp = 0.00000000
[ERROR] step = 8  engy error = -2.9068033882e-06  grad error =  0.0000000000e+00  dmat error =  1.8103861053e-03
Timer "SCF cycle: 8" used time: 2.625783 s.

[NELEC] step = 9  nelec = 128  neInt = 128.000000  dnelc =  2.7313262763e-10
[ENERG] step = 9  eTotl = -633.07232426  eCore = -362.54193729  eCoul = 209.25701018  eExcl = -101.27215757  eNucl = -378.51523958  eDisp = 0.00000000
[ERROR] step = 9  engy error = -1.9036599497e-07  grad error =  0.0000000000e+00  dmat error =  6.0503207265e-04
Timer "SCF cycle: 9" used time: 2.549174 s.

[NELEC] step = 10  nelec = 128  neInt = 128.000000  dnelc =  2.7333157959e-10
[ENERG] step = 10  eTotl = -633.07232426  eCore = -362.54195772  eCoul = 209.25704883  eExcl = -101.27217578  eNucl = -378.51523958  eDisp = 0.00000000
[ERROR] step = 10  engy error =  2.4425617084e-09  grad error =  0.0000000000e+00  dmat error =  3.2123231580e-05
SCF converged in 10 steps.
[LSDF] xchg_d10: ISDF-robust path (K_V + K_V~ - K_IP)
[GRADIENT] SCF type: GRKS | atoms: 16 | DOF: 48 | time: 24.355 s
  Atom   0:   2.7211924443e-03  -2.1366466814e-03  -9.6311582215e-04
  Atom   1:   1.4417943751e-02   6.3669613797e-03   7.1025637017e-03
  Atom   2:  -1.2800845598e-02  -6.4571863421e-03  -5.0933656064e-04
  Atom   3:  -3.7047563292e-03   1.0459284577e-03  -8.7116162263e-04
  Atom   4:   1.0210802708e-02  -2.7575282882e-03  -1.5381243618e-03
  Atom   5:   2.6552544680e-03   1.4240752322e-03   7.8640440956e-04
  Atom   6:  -2.8322002092e-03  -1.4806031264e-03   5.9659350054e-04
  Atom   7:  -5.4776459856e-03   5.5724172366e-03  -1.6408797871e-03
  Atom   8:   3.6106561963e-03  -2.9505892488e-03  -1.4465925847e-03
  Atom   9:  -1.0508986729e-04  -2.6085927941e-04   1.5662814575e-03
  Atom  10:  -3.4597831717e-04  -2.9421405956e-04   2.7068828669e-03
  Atom  11:  -5.8811772089e-03   1.8788303960e-03  -1.8474525498e-03
  Atom  12:  -1.4334270903e-04  -1.2132148039e-04  -1.4611043362e-04
  Atom  13:   2.5412076819e-03   1.2901145053e-03   5.2949328446e-04
  Atom  14:  -2.8197346226e-03  -1.3632797291e-03   1.4213824283e-03
  Atom  15:  -2.2586388294e-04  -9.4641534821e-05  -1.6116610274e-04
[OPT] step = 0  energy = -633.0723242585  dE =               N/A  grad_max =  1.4417943751e-02  grad_rms =  4.1513219737e-03
[OPT] Geometry optimization did not converge in 1 steps.
Kylin-PBC Done.
Timer "Kylin-PBC main" used time: 76.14697 s.
