Kylin-PBC: v1.0.0

System time = 2026-09-30 20:07:35

OMP threads = 32

KYLIN_PBC_ROOT = "/home/rudin/code/kylin-pbc"
KYLIN_SCR_PATH = "/tmp"
KYLIN_JOB_PATH = "/home/rudin/tmp-review-ionic/CsI16/ftdf"

SCF.xcfun                      = HSE06
SCF.basis                      = dzvp-sr
SCF.psudo                      = gth-pbe
SCF.kmesh                      = 1 1 1
SCF.gmesh                      = 5.0e-01
SCF.ispin                      = OFF
SCF.dspin                      = 0
SCF.eps_engy                   = 3.7e-09 [AU]
SCF.eps_grad                   = 1.0e-05 [AU]
SCF.eps_dmat                   = 1.0e-03
SCF.chk_load                   = 
SCF.chk_save                   = 
SCF.scf_guess                  = ATOM
SCF.max_cycle                  = 200
SCF.vdw_method                 = NONE
SCF.coul_method                = MGDF
SCF.xchg_method                = FTDF
SCF.xchg_exxocc                = OFF
SCF.xchg_exxace                = NONE
SCF.xchg_robust                = TILE
SCF.xchg_exxdiv                = EWALD
SCF.xchg_dropG0                = ON
SCF.lsdf_cparam                = 30
SCF.lsdf_mparam                = 5
SCF.lsdf_ipslct                = QRCP
SCF.lsdf_chocut                = 1.0e-08
SCF.lsdf_atmcut                = 2.5e+01
SCF.lsdf_aovcut                = 1.0e-07
SCF.lsdf_swzcut                = 0.0e+00
SCF.lsdf_pnocut                = 0.0e+00
SCF.lsdf_nafcut                = 0.0e+00
SCF.mgdf_ntasks                = 4
SCF.mgdf_kratio                = 3.0e+00
SCF.mgdf_cutoff                = 3.0e+02 [AU]
SCF.mgdf_relcut                = 3.0e+01
SCF.mgdf_prprec                = 1.0e-14
SCF.dmx_mix_method             = NONE
SCF.dmx_mix_start              = 1
SCF.dmx_mix_space              = 8
SCF.dmx_mix_alpha              = 3.0e-01
SCF.rho_mix_method             = NONE
SCF.rho_mix_start              = 1
SCF.rho_mix_space              = 8
SCF.rho_mix_alpha              = 3.0e-01
SCF.hks_mix_method             = BROY
SCF.hks_mix_start              = 1
SCF.hks_mix_space              = 8
SCF.hks_mix_alpha              = 3.0e-01
SCF.damp_factor                = 0.0e+00
SCF.level_shift                = 0.0e+00 [AU]
SCF.smear_method               = NONE
SCF.smear_sigma                = 0.0e+00 [AU]
SCF.soc                        = OFF
SCF.soc_window                 = 1.8e+00 [AU]
SCF.print_bandgap              = OFF
SCF.print_time                 = OFF

OPT.opt_method                 = BFGS
OPT.max_cycle                  = 1
OPT.eps_engy                   = 4.0e-06 [AU]
OPT.eps_grad                   = 4.0e-04 [AU]
OPT.trust_limit                = 3.0e-01 [AU]
OPT.damp_factor                = 0.0e+00
OPT.opt_mix_method             = NONE
OPT.opt_mix_start              = 1
OPT.opt_mix_space              = 5
OPT.opt_mix_alpha              = 3.0e-01
OPT.neb_method                 = FIRE
OPT.neb_lclimb                 = ON
OPT.neb_interp                 = IDPP
OPT.neb_nimage                 = 5
OPT.neb_spring                 = 1.0e-02 [AU]
OPT.neb_maxstep                = 7.6e-02 [AU]

PROP.calculation               = NONE
FREQ.freq_method               = FREE2
FREQ.fd_stepsize               = 2.8e-02 [AU]
DOS.dos_method                 = GAUSS
DOS.dos_sigma                  = 3.7e-03 [AU]
DOS.dos_npoint                 = 1001
DOS.dos_emin                   = 0.0e+00 [AU]
DOS.dos_emax                   = 0.0e+00 [AU]

OPT.mdx_ensemble               = NVE
OPT.mdx_thermostat             = NHC
OPT.mdx_max_step               = 0
OPT.mdx_timestep               = 4.0e+01 [AU]
OPT.mdx_temperature            = 9.5e-04 [AU]
OPT.mdx_pressure               = 0.0e+00 [AU]
OPT.mdx_thermo_tau             = 4.0e+03 [AU]
OPT.mdx_baro_tau               = 2.0e+04 [AU]
OPT.mdx_nhc_length             = 3
OPT.mdx_nhc_mts                = 3
OPT.mdx_constraint             = OFF
OPT.mdx_constraint_tol         = 1.0e-10
OPT.mdx_rng_seed               = 42

K-points mesh = 1 1 1

xc functional: "HSE06"
is hybrid: YES
HFX coeff: 0.25

Basis Set Name: "dzvp-sr"
number of shell = 48
number of basis = 216
gmesh = 44 44 44

Pseudopotential Name: "gth-pbe"
number of valence electron = 128

OPT Calculation.

==============================================================
                   Geometry Optimization                      
==============================================================
  method      = BFGS
  max_cycle   = 1
  eps_engy    = 4.000000e-06
  eps_grad    = 4.000000e-04
  trust_limit = 0.300000
  natom       = 16
  nfree       = 48 / 48
==============================================================

--------------------------------------------------------------
  OPT step 0
--------------------------------------------------------------
[OPT] Cell structure (Angstrom):
       9.13400000       0.00000000       0.00000000
       0.00000000       9.13400000       0.00000000
       0.00000000       0.00000000       9.13400000

Cart
Cs         0.00000000       0.00000000       0.00000000   T T T
I          2.38350000       2.33350000       2.31350000   T T T
Cs         0.00000000       0.00000000       4.56700000   T T T
I          2.28350000       2.28350000       6.85050000   T T T
Cs         0.00000000       4.56700000       0.00000000   T T T
I          2.28350000       6.85050000       2.28350000   T T T
Cs         0.00000000       4.56700000       4.56700000   T T T
I          2.28350000       6.85050000       6.85050000   T T T
Cs         4.56700000       0.00000000       0.00000000   T T T
I          6.85050000       2.28350000       2.28350000   T T T
Cs         4.56700000       0.00000000       4.56700000   T T T
I          6.85050000       2.28350000       6.85050000   T T T
Cs         4.56700000       4.56700000       0.00000000   T T T
I          6.85050000       6.85050000       2.28350000   T T T
Cs         4.56700000       4.56700000       4.56700000   T T T
I          6.85050000       6.85050000       6.85050000   T T T

[OPT] Cell written to /home/rudin/tmp-review-ionic/CsI16/ftdf/opt_img/cell_opt_0.txt
[NELEC] step = 0  nelec = 128  neInt = 128.000000  dnelc = -2.7990552098e-09
[ENERG] step = 0  eTotl = -251.70638746  eCore = -20.81066899  eCoul = 30.26755899  eExcl = -43.39440435  eNucl = -217.76887312  eDisp = 0.00000000
[ERROR] step = 0  engy error =  0.0000000000e+00  grad error =  0.0000000000e+00  dmat error =  0.0000000000e+00
Timer "SCF cycle: 0" used time: 6.051071 s.

[NELEC] step = 1  nelec = 128  neInt = 128.000000  dnelc =  4.9465143093e-10
[ENERG] step = 1  eTotl = -253.67258653  eCore = -24.16926024  eCoul = 32.50273341  eExcl = -44.23718658  eNucl = -217.76887312  eDisp = 0.00000000
[ERROR] step = 1  engy error = -1.9661990661e+00  grad error =  0.0000000000e+00  dmat error =  1.0241393027e+00
Timer "SCF cycle: 1" used time: 6.154703 s.

[NELEC] step = 2  nelec = 128  neInt = 128.000000  dnelc = -2.4402879717e-10
[ENERG] step = 2  eTotl = -253.67828919  eCore = -24.08778814  eCoul = 32.39713385  eExcl = -44.21876178  eNucl = -217.76887312  eDisp = 0.00000000
[ERROR] step = 2  engy error = -5.7026617835e-03  grad error =  0.0000000000e+00  dmat error =  1.1960834210e-01
Timer "SCF cycle: 2" used time: 6.047297 s.

[NELEC] step = 3  nelec = 128  neInt = 128.000000  dnelc = -1.5759695771e-09
[ENERG] step = 3  eTotl = -253.68207373  eCore = -23.91402837  eCoul = 32.17411953  eExcl = -44.17329178  eNucl = -217.76887312  eDisp = 0.00000000
[ERROR] step = 3  engy error = -3.7845439794e-03  grad error =  0.0000000000e+00  dmat error =  2.3425067488e-01
Timer "SCF cycle: 3" used time: 6.146658 s.

[NELEC] step = 4  nelec = 128  neInt = 128.000000  dnelc = -1.3568808299e-09
[ENERG] step = 4  eTotl = -253.68227388  eCore = -23.92850717  eCoul = 32.18900286  eExcl = -44.17389646  eNucl = -217.76887312  eDisp = 0.00000000
[ERROR] step = 4  engy error = -2.0014438849e-04  grad error =  0.0000000000e+00  dmat error =  3.1852551811e-02
Timer "SCF cycle: 4" used time: 6.126397 s.

[NELEC] step = 5  nelec = 128  neInt = 128.000000  dnelc = -1.2489209666e-09
[ENERG] step = 5  eTotl = -253.68229262  eCore = -23.93913857  eCoul = 32.20275119  eExcl = -44.17703212  eNucl = -217.76887312  eDisp = 0.00000000
[ERROR] step = 5  engy error = -1.8743149894e-05  grad error =  0.0000000000e+00  dmat error =  1.5192209416e-02
Timer "SCF cycle: 5" used time: 6.149330 s.

[NELEC] step = 6  nelec = 128  neInt = 128.000000  dnelc = -1.2350085399e-09
[ENERG] step = 6  eTotl = -253.68229367  eCore = -23.94226361  eCoul = 32.20779200  eExcl = -44.17894894  eNucl = -217.76887312  eDisp = 0.00000000
[ERROR] step = 6  engy error = -1.0441796690e-06  grad error =  0.0000000000e+00  dmat error =  1.7094379915e-03
Timer "SCF cycle: 6" used time: 6.099459 s.

[NELEC] step = 7  nelec = 128  neInt = 128.000000  dnelc = -1.2275904737e-09
[ENERG] step = 7  eTotl = -253.68229374  eCore = -23.94324914  eCoul = 32.20924438  eExcl = -44.17941587  eNucl = -217.76887312  eDisp = 0.00000000
[ERROR] step = 7  engy error = -7.9106399653e-08  grad error =  0.0000000000e+00  dmat error =  9.2398211385e-04
Timer "SCF cycle: 7" used time: 6.095581 s.

[NELEC] step = 8  nelec = 128  neInt = 128.000000  dnelc = -1.2271215155e-09
[ENERG] step = 8  eTotl = -253.68229373  eCore = -23.94349829  eCoul = 32.20970033  eExcl = -44.17962265  eNucl = -217.76887312  eDisp = 0.00000000
[ERROR] step = 8  engy error =  1.5118786223e-08  grad error =  0.0000000000e+00  dmat error =  6.6799257047e-05
Timer "SCF cycle: 8" used time: 6.046466 s.

[NELEC] step = 9  nelec = 128  neInt = 128.000000  dnelc = -1.2268941418e-09
[ENERG] step = 9  eTotl = -253.68229374  eCore = -23.94345321  eCoul = 32.20960955  eExcl = -44.17957697  eNucl = -217.76887312  eDisp = 0.00000000
[ERROR] step = 9  engy error = -1.0012314533e-08  grad error =  0.0000000000e+00  dmat error =  3.4468927651e-05
Timer "SCF cycle: 9" used time: 6.136041 s.

[NELEC] step = 10  nelec = 128  neInt = 128.000000  dnelc = -1.2267520333e-09
[ENERG] step = 10  eTotl = -253.68229374  eCore = -23.94343664  eCoul = 32.20957593  eExcl = -44.17955991  eNucl = -217.76887312  eDisp = 0.00000000
[ERROR] step = 10  engy error = -3.9104008920e-09  grad error =  0.0000000000e+00  dmat error =  1.4657391088e-05
Timer "SCF cycle: 10" used time: 6.092257 s.

[NELEC] step = 11  nelec = 128  neInt = 128.000000  dnelc = -1.2265957139e-09
[ENERG] step = 11  eTotl = -253.68229374  eCore = -23.94343467  eCoul = 32.20957249  eExcl = -44.17955844  eNucl = -217.76887312  eDisp = 0.00000000
[ERROR] step = 11  engy error = -4.5014303396e-10  grad error =  0.0000000000e+00  dmat error =  9.9443245785e-07
SCF converged in 11 steps.
[GRADIENT] SCF type: GRKS | atoms: 16 | DOF: 48 | time: 35.779 s
  Atom   0:  -9.2417813149e-05  -5.7236337958e-05  -4.1666690321e-05
  Atom   1:   1.5252849508e-03   7.7378854705e-04   4.6630901932e-04
  Atom   2:  -9.6971724634e-05  -6.5484987022e-05   4.9586463031e-06
  Atom   3:   4.2116202240e-04   2.1095276190e-04  -2.7136254003e-04
  Atom   4:  -9.0333113743e-05  -1.0348094252e-05  -4.8514135098e-05
  Atom   5:   4.2176040404e-04  -4.5236567605e-04   1.2709198831e-04
  Atom   6:  -6.4567329754e-05  -2.2826259044e-05  -8.9804174452e-06
  Atom   7:   1.1966468752e-04  -6.1913838566e-05  -3.7476869416e-05
  Atom   8:  -7.9282700888e-05  -1.0993598651e-05  -1.0297403129e-06
  Atom   9:  -9.1019645684e-04   2.1267969598e-04   1.2795610791e-04
  Atom  10:  -1.2311932841e-04   4.8724690946e-05  -8.4381804243e-05
  Atom  11:  -1.2272815783e-04   6.0355936136e-05  -3.7342373418e-05
  Atom  12:  -1.6696232205e-04  -1.4254791796e-04   1.1045996235e-04
  Atom  13:  -1.2263127838e-04  -6.1641337690e-05   3.6567899299e-05
  Atom  14:  -2.5665098672e-04  -2.3864187608e-04  -2.3232026580e-04
  Atom  15:  -3.6441508322e-04  -1.8306765130e-04  -1.1023798245e-04
[OPT] step = 0  energy = -253.6822937439  dE =               N/A  grad_max =  1.5252849508e-03  grad_rms =  3.3154132931e-04
[OPT] Geometry optimization did not converge in 1 steps.
Kylin-PBC Done.
Timer "Kylin-PBC main" used time: 110.7659 s.
