Kylin-PBC: v1.0.0

System time = 2026-10-01 11:48:39

OMP threads = 32

KYLIN_PBC_ROOT = "/home/rudin/code/kylin-pbc"
KYLIN_SCR_PATH = "/tmp"
KYLIN_JOB_PATH = "/home/rudin/tmp-review-nk/Si2-k444-LSDF"

SCF.xcfun                      = HSE06
SCF.basis                      = dzvp-sr
SCF.psudo                      = gth-pbe
SCF.kmesh                      = 4 4 4
SCF.gmesh                      = 6.0e-01
SCF.ispin                      = OFF
SCF.dspin                      = 0
SCF.eps_engy                   = 3.7e-09 [AU]
SCF.eps_grad                   = 1.0e-05 [AU]
SCF.eps_dmat                   = 1.0e-03
SCF.chk_load                   = 
SCF.chk_save                   = 
SCF.scf_guess                  = ATOM
SCF.max_cycle                  = 200
SCF.vdw_method                 = NONE
SCF.coul_method                = MGDF
SCF.xchg_method                = LSDF
SCF.xchg_exxocc                = OFF
SCF.xchg_exxace                = NONE
SCF.xchg_robust                = NONE
SCF.xchg_exxdiv                = EWALD
SCF.xchg_dropG0                = ON
SCF.lsdf_cparam                = 60
SCF.lsdf_mparam                = 5
SCF.lsdf_ipslct                = QRCP
SCF.lsdf_chocut                = 1.0e-08
SCF.lsdf_atmcut                = 2.5e+01
SCF.lsdf_aovcut                = 1.0e-07
SCF.lsdf_swzcut                = 0.0e+00
SCF.lsdf_pnocut                = 0.0e+00
SCF.lsdf_nafcut                = 0.0e+00
SCF.mgdf_ntasks                = 4
SCF.mgdf_kratio                = 3.0e+00
SCF.mgdf_cutoff                = 3.0e+02 [AU]
SCF.mgdf_relcut                = 3.0e+01
SCF.mgdf_prprec                = 1.0e-14
SCF.dmx_mix_method             = NONE
SCF.dmx_mix_start              = 1
SCF.dmx_mix_space              = 8
SCF.dmx_mix_alpha              = 3.0e-01
SCF.rho_mix_method             = NONE
SCF.rho_mix_start              = 1
SCF.rho_mix_space              = 8
SCF.rho_mix_alpha              = 3.0e-01
SCF.hks_mix_method             = BROY
SCF.hks_mix_start              = 1
SCF.hks_mix_space              = 8
SCF.hks_mix_alpha              = 3.0e-01
SCF.damp_factor                = 0.0e+00
SCF.level_shift                = 0.0e+00 [AU]
SCF.smear_method               = NONE
SCF.smear_sigma                = 0.0e+00 [AU]
SCF.soc                        = OFF
SCF.soc_window                 = 1.8e+00 [AU]
SCF.print_bandgap              = OFF
SCF.print_time                 = ON

OPT.opt_method                 = BFGS
OPT.max_cycle                  = 0
OPT.eps_engy                   = 4.0e-06 [AU]
OPT.eps_grad                   = 4.0e-04 [AU]
OPT.trust_limit                = 3.0e-01 [AU]
OPT.damp_factor                = 0.0e+00
OPT.opt_mix_method             = NONE
OPT.opt_mix_start              = 1
OPT.opt_mix_space              = 5
OPT.opt_mix_alpha              = 3.0e-01
OPT.neb_method                 = FIRE
OPT.neb_lclimb                 = ON
OPT.neb_interp                 = IDPP
OPT.neb_nimage                 = 5
OPT.neb_spring                 = 1.0e-02 [AU]
OPT.neb_maxstep                = 7.6e-02 [AU]

PROP.calculation               = NONE
FREQ.freq_method               = FREE2
FREQ.fd_stepsize               = 2.8e-02 [AU]
DOS.dos_method                 = GAUSS
DOS.dos_sigma                  = 3.7e-03 [AU]
DOS.dos_npoint                 = 1001
DOS.dos_emin                   = 0.0e+00 [AU]
DOS.dos_emax                   = 0.0e+00 [AU]

OPT.mdx_ensemble               = NVE
OPT.mdx_thermostat             = NHC
OPT.mdx_max_step               = 0
OPT.mdx_timestep               = 4.0e+01 [AU]
OPT.mdx_temperature            = 9.5e-04 [AU]
OPT.mdx_pressure               = 0.0e+00 [AU]
OPT.mdx_thermo_tau             = 4.0e+03 [AU]
OPT.mdx_baro_tau               = 2.0e+04 [AU]
OPT.mdx_nhc_length             = 3
OPT.mdx_nhc_mts                = 3
OPT.mdx_constraint             = OFF
OPT.mdx_constraint_tol         = 1.0e-10
OPT.mdx_rng_seed               = 42

K-points mesh = 4 4 4

xc functional: "HSE06"
is hybrid: YES
HFX coeff: 0.25

Basis Set Name: "dzvp-sr"
number of shell = 6
number of basis = 26
gmesh = 25 25 25

Pseudopotential Name: "gth-pbe"
number of valence electron = 8

SCF Calculation.
K sampling = 4 4 4
[LSDF-K] gmesh = (25, 25, 25), nkpts = 64, naofn = 26, natom = 2
Timer "[LSDF-K] Voronoi partition" used time: 0.000531 s.
[LSDF-K]   atom 0: 7690 grid points, 13 AOs
[LSDF-K]   atom 1: 7935 grid points, 13 AOs
[LSDF-K]   atom 0: 26 / 26 AOs kept after screening
[LSDF-K]   atom 1: 26 / 26 AOs kept after screening
Timer "[LSDF-K] AO evaluation + screening" used time: 0.278600 s.
[LSDF-K]   atom 0: 785 IPs selected
[LSDF-K]   atom 1: 785 IPs selected
[LSDF-K]   total IPs: 1570 (10.0480% of grid)
Timer "[LSDF-K] IP selection" used time: 1.846599 s.
[LSDF-K]   aux fitting over k-summed pair products (Nk = 64)
[LSDF-K]   atom 0: aux_basis (785 x 7690), nao_local = 26
[LSDF-K]   atom 1: aux_basis (785 x 7935), nao_local = 26
Timer "[LSDF-K] aux basis fitting" used time: 1.713609 s.
[LSDF-K]   W_k[0]: (1570 x 1570)
[LSDF-K]   W_k[1]: (1570 x 1570)
[LSDF-K]   W_k[2]: (1570 x 1570)
[LSDF-K]   W_k[3]: (1570 x 1570)
[LSDF-K]   W_k[4]: (1570 x 1570)
[LSDF-K]   W_k[5]: (1570 x 1570)
[LSDF-K]   W_k[6]: (1570 x 1570)
[LSDF-K]   W_k[7]: (1570 x 1570)
[LSDF-K]   W_k[8]: (1570 x 1570)
[LSDF-K]   W_k[9]: (1570 x 1570)
[LSDF-K]   W_k[10]: (1570 x 1570)
[LSDF-K]   W_k[11]: (1570 x 1570)
[LSDF-K]   W_k[12]: (1570 x 1570)
[LSDF-K]   W_k[13]: (1570 x 1570)
[LSDF-K]   W_k[14]: (1570 x 1570)
[LSDF-K]   W_k[15]: (1570 x 1570)
[LSDF-K]   W_k[16]: (1570 x 1570)
[LSDF-K]   W_k[17]: (1570 x 1570)
[LSDF-K]   W_k[18]: (1570 x 1570)
[LSDF-K]   W_k[19]: (1570 x 1570)
[LSDF-K]   W_k[20]: (1570 x 1570)
[LSDF-K]   W_k[21]: (1570 x 1570)
[LSDF-K]   W_k[22]: (1570 x 1570)
[LSDF-K]   W_k[23]: (1570 x 1570)
[LSDF-K]   W_k[24]: (1570 x 1570)
[LSDF-K]   W_k[25]: (1570 x 1570)
[LSDF-K]   W_k[26]: (1570 x 1570)
[LSDF-K]   W_k[27]: (1570 x 1570)
[LSDF-K]   W_k[28]: (1570 x 1570)
[LSDF-K]   W_k[29]: (1570 x 1570)
[LSDF-K]   W_k[30]: (1570 x 1570)
[LSDF-K]   W_k[31]: (1570 x 1570)
[LSDF-K]   W_k[32]: (1570 x 1570)
[LSDF-K]   W_k[33]: (1570 x 1570)
[LSDF-K]   W_k[34]: (1570 x 1570)
[LSDF-K]   W_k[35]: (1570 x 1570)
[LSDF-K]   W_k[36]: (1570 x 1570)
[LSDF-K]   W_k[37]: (1570 x 1570)
[LSDF-K]   W_k[38]: (1570 x 1570)
[LSDF-K]   W_k[39]: (1570 x 1570)
[LSDF-K]   W_k[40]: (1570 x 1570)
[LSDF-K]   W_k[41]: (1570 x 1570)
[LSDF-K]   W_k[42]: (1570 x 1570)
[LSDF-K]   W_k[43]: (1570 x 1570)
[LSDF-K]   W_k[44]: (1570 x 1570)
[LSDF-K]   W_k[45]: (1570 x 1570)
[LSDF-K]   W_k[46]: (1570 x 1570)
[LSDF-K]   W_k[47]: (1570 x 1570)
[LSDF-K]   W_k[48]: (1570 x 1570)
[LSDF-K]   W_k[49]: (1570 x 1570)
[LSDF-K]   W_k[50]: (1570 x 1570)
[LSDF-K]   W_k[51]: (1570 x 1570)
[LSDF-K]   W_k[52]: (1570 x 1570)
[LSDF-K]   W_k[53]: (1570 x 1570)
[LSDF-K]   W_k[54]: (1570 x 1570)
[LSDF-K]   W_k[55]: (1570 x 1570)
[LSDF-K]   W_k[56]: (1570 x 1570)
[LSDF-K]   W_k[57]: (1570 x 1570)
[LSDF-K]   W_k[58]: (1570 x 1570)
[LSDF-K]   W_k[59]: (1570 x 1570)
[LSDF-K]   W_k[60]: (1570 x 1570)
[LSDF-K]   W_k[61]: (1570 x 1570)
[LSDF-K]   W_k[62]: (1570 x 1570)
[LSDF-K]   W_k[63]: (1570 x 1570)
Timer "[LSDF-K] W_k construction" used time: 89.17744 s.
Timer "[LSDF-K] W_k k-mesh DFT" used time: 0.445907 s.
Timer "[LSDF-K] aovals_pivots" used time: 0.086325 s.
Timer "LSDF-K build" used time: 93.55054 s.
[LSDF-K] build complete: naux = 1570
[IGUESS] MINAO initial guess done. naofn = 26  nkpot = 64
Timer "SCF::update_rhoR" used time: 0.049116 s.
Timer "SCF::update_rhoG" used time: 0.008569 s.
Timer "SCF::update_epsv" used time: 0.115396 s.
Timer "SCF::update_vhxc" used time: 0.187263 s.
Timer "SCF::update_xchg" used time: 0.841537 s.
Timer "SCF::update_engy" used time: 0.001264 s.
[NELEC] step = 0  nelec = 8  neInt = 8.164970  dnelc =  1.6497048647e-01
[ENERG] step = 0  eTotl = -7.81588086  eCore = 2.49863718  eCoul = 0.59631351  eExcl = -2.51839147  eNucl = -8.39244008  eDisp = 0.00000000
[ERROR] step = 0  engy error =  0.0000000000e+00  grad error =  0.0000000000e+00  dmat error =  0.0000000000e+00
Timer "SCF cycle: 0" used time: 1.229465 s.

Timer "SCF::solve_eigen" used time: 0.008818 s.
Timer "SCF::update_rhoR" used time: 0.047283 s.
Timer "SCF::update_rhoG" used time: 0.007206 s.
Timer "SCF::update_rhoG" used time: 0.007000 s.
Timer "SCF::update_epsv" used time: 0.114892 s.
Timer "SCF::update_vhxc" used time: 0.190147 s.
Timer "SCF::update_xchg" used time: 0.843416 s.
Timer "SCF::update_engy" used time: 0.001246 s.
[NELEC] step = 1  nelec = 8  neInt = 8.000000  dnelc = -1.0595968547e-12
[ENERG] step = 1  eTotl = -7.86166275  eCore = 2.41158385  eCoul = 0.52354366  eExcl = -2.40435018  eNucl = -8.39244008  eDisp = 0.00000000
[ERROR] step = 1  engy error = -4.5781890601e-02  grad error =  0.0000000000e+00  dmat error =  1.6065309979e+00
Timer "SCF cycle: 1" used time: 1.232706 s.

Timer "SCF::solve_eigen" used time: 0.008707 s.
Timer "SCF::update_rhoR" used time: 0.047188 s.
Timer "SCF::update_rhoG" used time: 0.007247 s.
Timer "SCF::update_rhoG" used time: 0.007064 s.
Timer "SCF::update_epsv" used time: 0.113492 s.
Timer "SCF::update_vhxc" used time: 0.176819 s.
Timer "SCF::update_xchg" used time: 0.856078 s.
Timer "SCF::update_engy" used time: 0.003120 s.
[NELEC] step = 2  nelec = 8  neInt = 8.000000  dnelc = -1.0693668173e-12
[ENERG] step = 2  eTotl = -7.86273885  eCore = 2.40546634  eCoul = 0.53308901  eExcl = -2.40885412  eNucl = -8.39244008  eDisp = 0.00000000
[ERROR] step = 2  engy error = -1.0760968280e-03  grad error =  0.0000000000e+00  dmat error =  2.1819937098e-02
Timer "SCF cycle: 2" used time: 1.235233 s.

Timer "SCF::solve_eigen" used time: 0.008799 s.
Timer "SCF::update_rhoR" used time: 0.048890 s.
Timer "SCF::update_rhoG" used time: 0.007318 s.
Timer "SCF::update_rhoG" used time: 0.007107 s.
Timer "SCF::update_epsv" used time: 0.114652 s.
Timer "SCF::update_vhxc" used time: 0.169833 s.
Timer "SCF::update_xchg" used time: 0.842001 s.
Timer "SCF::update_engy" used time: 0.001169 s.
[NELEC] step = 3  nelec = 8  neInt = 8.000000  dnelc = -1.0880185641e-12
[ENERG] step = 3  eTotl = -7.86372844  eCore = 2.39391831  eCoul = 0.55335188  eExcl = -2.41855855  eNucl = -8.39244008  eDisp = 0.00000000
[ERROR] step = 3  engy error = -9.8958828979e-04  grad error =  0.0000000000e+00  dmat error =  4.8463658887e-02
Timer "SCF cycle: 3" used time: 1.214770 s.

Timer "SCF::solve_eigen" used time: 0.008747 s.
Timer "SCF::update_rhoR" used time: 0.047275 s.
Timer "SCF::update_rhoG" used time: 0.007239 s.
Timer "SCF::update_rhoG" used time: 0.007134 s.
Timer "SCF::update_epsv" used time: 0.113097 s.
Timer "SCF::update_vhxc" used time: 0.168774 s.
Timer "SCF::update_xchg" used time: 0.854534 s.
Timer "SCF::update_engy" used time: 0.001171 s.
[NELEC] step = 4  nelec = 8  neInt = 8.000000  dnelc = -1.0809131368e-12
[ENERG] step = 4  eTotl = -7.86374402  eCore = 2.39516676  eCoul = 0.55150576  eExcl = -2.41797646  eNucl = -8.39244008  eDisp = 0.00000000
[ERROR] step = 4  engy error = -1.5581941272e-05  grad error =  0.0000000000e+00  dmat error =  1.1319475773e-02
Timer "SCF cycle: 4" used time: 1.224078 s.

Timer "SCF::solve_eigen" used time: 0.008725 s.
Timer "SCF::update_rhoR" used time: 0.047358 s.
Timer "SCF::update_rhoG" used time: 0.007174 s.
Timer "SCF::update_rhoG" used time: 0.007061 s.
Timer "SCF::update_epsv" used time: 0.113417 s.
Timer "SCF::update_vhxc" used time: 0.190152 s.
Timer "SCF::update_xchg" used time: 0.842245 s.
Timer "SCF::update_engy" used time: 0.001159 s.
[NELEC] step = 5  nelec = 8  neInt = 8.000000  dnelc = -1.0791367799e-12
[ENERG] step = 5  eTotl = -7.86374415  eCore = 2.39523603  eCoul = 0.55140658  eExcl = -2.41794668  eNucl = -8.39244008  eDisp = 0.00000000
[ERROR] step = 5  engy error = -1.3094100648e-07  grad error =  0.0000000000e+00  dmat error =  7.2946740865e-04
Timer "SCF cycle: 5" used time: 1.234824 s.

Timer "SCF::solve_eigen" used time: 0.008837 s.
Timer "SCF::update_rhoR" used time: 0.047210 s.
Timer "SCF::update_rhoG" used time: 0.007216 s.
Timer "SCF::update_rhoG" used time: 0.007058 s.
Timer "SCF::update_epsv" used time: 0.112615 s.
Timer "SCF::update_vhxc" used time: 0.186341 s.
Timer "SCF::update_xchg" used time: 0.867140 s.
Timer "SCF::update_engy" used time: 0.001144 s.
[NELEC] step = 6  nelec = 8  neInt = 8.000000  dnelc = -1.0791367799e-12
[ENERG] step = 6  eTotl = -7.86374419  eCore = 2.39521219  eCoul = 0.55146079  eExcl = -2.41797709  eNucl = -8.39244008  eDisp = 0.00000000
[ERROR] step = 6  engy error = -3.6716807372e-08  grad error =  0.0000000000e+00  dmat error =  3.4526468204e-04
Timer "SCF cycle: 6" used time: 1.257504 s.

Timer "SCF::solve_eigen" used time: 0.008722 s.
Timer "SCF::update_rhoR" used time: 0.047050 s.
Timer "SCF::update_rhoG" used time: 0.007192 s.
Timer "SCF::update_rhoG" used time: 0.007035 s.
Timer "SCF::update_epsv" used time: 0.113339 s.
Timer "SCF::update_vhxc" used time: 0.174488 s.
Timer "SCF::update_xchg" used time: 0.843936 s.
Timer "SCF::update_engy" used time: 0.001158 s.
[NELEC] step = 7  nelec = 8  neInt = 8.000000  dnelc = -1.0791367799e-12
[ENERG] step = 7  eTotl = -7.86374419  eCore = 2.39521393  eCoul = 0.55146338  eExcl = -2.41798142  eNucl = -8.39244008  eDisp = 0.00000000
[ERROR] step = 7  engy error = -3.0743745327e-09  grad error =  0.0000000000e+00  dmat error =  1.4916655765e-04
SCF converged in 7 steps.
Kylin-PBC Done.
Timer "Kylin-PBC main" used time: 103.9942 s.
