Kylin-PBC: v1.0.0

System time = 2026-06-25 18:19:30

OMP threads = 32

KYLIN_PBC_ROOT = "/home/rudin/code/kylin-pbc"
KYLIN_SCR_PATH = "/tmp"
KYLIN_JOB_PATH = "/home/rudin/code/kylin-pbc/art/example/internal/CsI-HSE06-k333-LSDF"

SCF.xcfun                      = HSE06
SCF.basis                      = dzvp-sr
SCF.psudo                      = gth-pbe
SCF.kmesh                      = 3 3 3
SCF.gmesh                      = 6.0e-01
SCF.ispin                      = OFF
SCF.dspin                      = 0
SCF.eps_engy                   = 3.7e-09 [AU]
SCF.eps_grad                   = 1.0e-05 [AU]
SCF.eps_dmat                   = 1.0e-03
SCF.chk_load                   = 
SCF.chk_save                   = 
SCF.scf_guess                  = ATOM
SCF.max_cycle                  = 200
SCF.vdw_method                 = NONE
SCF.coul_method                = MGDF
SCF.xchg_method                = LSDF
SCF.xchg_exxocc                = OFF
SCF.xchg_exxace                = NONE
SCF.xchg_robust                = NONE
SCF.xchg_exxdiv                = EWALD
SCF.xchg_dropG0                = ON
SCF.lsdf_cparam                = 60
SCF.lsdf_mparam                = 5
SCF.lsdf_ipslct                = QRCP
SCF.lsdf_chocut                = 1.0e-08
SCF.lsdf_atmcut                = 2.5e+01
SCF.lsdf_aovcut                = 1.0e-07
SCF.lsdf_swzcut                = 0.0e+00
SCF.lsdf_pnocut                = 0.0e+00
SCF.lsdf_nafcut                = 0.0e+00
SCF.mgdf_ntasks                = 4
SCF.mgdf_kratio                = 3.0e+00
SCF.mgdf_cutoff                = 3.0e+02 [AU]
SCF.mgdf_relcut                = 3.0e+01
SCF.mgdf_prprec                = 1.0e-14
SCF.dmx_mix_method             = NONE
SCF.dmx_mix_start              = 1
SCF.dmx_mix_space              = 8
SCF.dmx_mix_alpha              = 3.0e-01
SCF.rho_mix_method             = NONE
SCF.rho_mix_start              = 1
SCF.rho_mix_space              = 8
SCF.rho_mix_alpha              = 3.0e-01
SCF.hks_mix_method             = BROY
SCF.hks_mix_start              = 1
SCF.hks_mix_space              = 8
SCF.hks_mix_alpha              = 3.0e-01
SCF.damp_factor                = 0.0e+00
SCF.level_shift                = 0.0e+00 [AU]
SCF.smear_method               = NONE
SCF.smear_sigma                = 0.0e+00 [AU]
SCF.soc                        = OFF
SCF.soc_window                 = 1.8e+00 [AU]
SCF.print_bandgap              = OFF
SCF.print_time                 = OFF

OPT.opt_method                 = BFGS
OPT.max_cycle                  = 0
OPT.eps_engy                   = 4.0e-06 [AU]
OPT.eps_grad                   = 4.0e-04 [AU]
OPT.trust_limit                = 3.0e-01 [AU]
OPT.damp_factor                = 0.0e+00
OPT.opt_mix_method             = NONE
OPT.opt_mix_start              = 1
OPT.opt_mix_space              = 5
OPT.opt_mix_alpha              = 3.0e-01
OPT.neb_method                 = FIRE
OPT.neb_lclimb                 = ON
OPT.neb_interp                 = IDPP
OPT.neb_nimage                 = 5
OPT.neb_spring                 = 1.0e-02 [AU]
OPT.neb_maxstep                = 7.6e-02 [AU]

PROP.calculation               = NONE
FREQ.freq_method               = FREE2
FREQ.fd_stepsize               = 2.8e-02 [AU]
DOS.dos_method                 = GAUSS
DOS.dos_sigma                  = 3.7e-03 [AU]
DOS.dos_npoint                 = 1001
DOS.dos_emin                   = 0.0e+00 [AU]
DOS.dos_emax                   = 0.0e+00 [AU]

OPT.mdx_ensemble               = NVE
OPT.mdx_thermostat             = NHC
OPT.mdx_max_step               = 0
OPT.mdx_timestep               = 4.0e+01 [AU]
OPT.mdx_temperature            = 9.5e-04 [AU]
OPT.mdx_pressure               = 0.0e+00 [AU]
OPT.mdx_thermo_tau             = 4.0e+03 [AU]
OPT.mdx_baro_tau               = 2.0e+04 [AU]
OPT.mdx_nhc_length             = 3
OPT.mdx_nhc_mts                = 3
OPT.mdx_constraint             = OFF
OPT.mdx_constraint_tol         = 1.0e-10
OPT.mdx_rng_seed               = 42

K-points mesh = 3 3 3

xc functional: "HSE06"
is hybrid: YES
HFX coeff: 0.25

Basis Set Name: "dzvp-sr"
number of shell = 6
number of basis = 27
gmesh = 27 27 27

Pseudopotential Name: "gth-pbe"
number of valence electron = 16

SCF Calculation.
K sampling = 3 3 3
[LSDF-K] gmesh = (27, 27, 27), nkpts = 27, naofn = 27, natom = 2
Timer "[LSDF-K] Voronoi partition" used time: 0.000403 s.
[LSDF-K]   atom 0: 9782 grid points, 14 AOs
[LSDF-K]   atom 1: 9901 grid points, 13 AOs
[LSDF-K]   atom 0: 27 / 27 AOs kept after screening
[LSDF-K]   atom 1: 27 / 27 AOs kept after screening
Timer "[LSDF-K] AO evaluation + screening" used time: 0.159731 s.
[LSDF-K]   atom 0: 845 IPs selected
[LSDF-K]   atom 1: 785 IPs selected
[LSDF-K]   total IPs: 1630 (8.2813% of grid)
Timer "[LSDF-K] IP selection" used time: 2.975586 s.
[LSDF-K]   aux fitting over k-summed pair products (Nk = 27)
[LSDF-K]   atom 0: aux_basis (845 x 9782), nao_local = 27
[LSDF-K]   atom 1: aux_basis (785 x 9901), nao_local = 27
Timer "[LSDF-K] aux basis fitting" used time: 1.553919 s.
[LSDF-K]   W_k[0]: (1630 x 1630)
[LSDF-K]   W_k[1]: (1630 x 1630)
[LSDF-K]   W_k[2]: (1630 x 1630)
[LSDF-K]   W_k[3]: (1630 x 1630)
[LSDF-K]   W_k[4]: (1630 x 1630)
[LSDF-K]   W_k[5]: (1630 x 1630)
[LSDF-K]   W_k[6]: (1630 x 1630)
[LSDF-K]   W_k[7]: (1630 x 1630)
[LSDF-K]   W_k[8]: (1630 x 1630)
[LSDF-K]   W_k[9]: (1630 x 1630)
[LSDF-K]   W_k[10]: (1630 x 1630)
[LSDF-K]   W_k[11]: (1630 x 1630)
[LSDF-K]   W_k[12]: (1630 x 1630)
[LSDF-K]   W_k[13]: (1630 x 1630)
[LSDF-K]   W_k[14]: (1630 x 1630)
[LSDF-K]   W_k[15]: (1630 x 1630)
[LSDF-K]   W_k[16]: (1630 x 1630)
[LSDF-K]   W_k[17]: (1630 x 1630)
[LSDF-K]   W_k[18]: (1630 x 1630)
[LSDF-K]   W_k[19]: (1630 x 1630)
[LSDF-K]   W_k[20]: (1630 x 1630)
[LSDF-K]   W_k[21]: (1630 x 1630)
[LSDF-K]   W_k[22]: (1630 x 1630)
[LSDF-K]   W_k[23]: (1630 x 1630)
[LSDF-K]   W_k[24]: (1630 x 1630)
[LSDF-K]   W_k[25]: (1630 x 1630)
[LSDF-K]   W_k[26]: (1630 x 1630)
Timer "[LSDF-K] W_k construction" used time: 67.34200 s.
Timer "[LSDF-K] W_k k-mesh DFT" used time: 0.442268 s.
Timer "[LSDF-K] aovals_pivots" used time: 0.047222 s.
Timer "LSDF-K build" used time: 72.52248 s.
[LSDF-K] build complete: naux = 1630
[IGUESS] MINAO initial guess done. naofn = 27  nkpot = 27
[NELEC] step = 0  nelec = 16  neInt = 11.870397  dnelc = -4.1296030216e+00
[ENERG] step = 0  eTotl = -30.64200349  eCore = -1.97676509  eCoul = 2.13372385  eExcl = -3.58561219  eNucl = -27.21335006  eDisp = 0.00000000
[ERROR] step = 0  engy error =  0.0000000000e+00  grad error =  0.0000000000e+00  dmat error =  0.0000000000e+00
Timer "SCF cycle: 0" used time: 1.490303 s.

[NELEC] step = 1  nelec = 16  neInt = 16.000000  dnelc =  2.7110758083e-11
[ENERG] step = 1  eTotl = -31.62213019  eCore = -3.40318995  eCoul = 4.75217532  eExcl = -5.75776549  eNucl = -27.21335006  eDisp = 0.00000000
[ERROR] step = 1  engy error = -9.8012669596e-01  grad error =  0.0000000000e+00  dmat error =  2.4311760932e+01
Timer "SCF cycle: 1" used time: 1.510883 s.

[NELEC] step = 2  nelec = 16  neInt = 16.000000  dnelc =  1.0935252703e-11
[ENERG] step = 2  eTotl = -31.67883067  eCore = -3.27898006  eCoul = 4.47765619  eExcl = -5.66415674  eNucl = -27.21335006  eDisp = 0.00000000
[ERROR] step = 2  engy error = -5.6700479242e-02  grad error =  0.0000000000e+00  dmat error =  1.3395737333e+01
Timer "SCF cycle: 2" used time: 1.269485 s.

[NELEC] step = 3  nelec = 16  neInt = 16.000000  dnelc = -8.1534778928e-13
[ENERG] step = 3  eTotl = -31.71526251  eCore = -3.06441752  eCoul = 4.10144341  eExcl = -5.53893834  eNucl = -27.21335006  eDisp = 0.00000000
[ERROR] step = 3  engy error = -3.6431841442e-02  grad error =  0.0000000000e+00  dmat error =  1.0003934071e+01
Timer "SCF cycle: 3" used time: 1.231422 s.

[NELEC] step = 4  nelec = 16  neInt = 16.000000  dnelc = -1.5738521597e-12
[ENERG] step = 4  eTotl = -31.71716433  eCore = -3.02132178  eCoul = 4.04013745  eExcl = -5.52262994  eNucl = -27.21335006  eDisp = 0.00000000
[ERROR] step = 4  engy error = -1.9018181140e-03  grad error =  0.0000000000e+00  dmat error =  7.5728881071e-01
Timer "SCF cycle: 4" used time: 1.230796 s.

[NELEC] step = 5  nelec = 16  neInt = 16.000000  dnelc = -1.6200374375e-12
[ENERG] step = 5  eTotl = -31.71727157  eCore = -2.98153925  eCoul = 3.98027050  eExcl = -5.50265276  eNucl = -27.21335006  eDisp = 0.00000000
[ERROR] step = 5  engy error = -1.0724932539e-04  grad error =  0.0000000000e+00  dmat error =  4.5548089008e-01
Timer "SCF cycle: 5" used time: 1.219875 s.

[NELEC] step = 6  nelec = 16  neInt = 16.000000  dnelc = -1.6289192217e-12
[ENERG] step = 6  eTotl = -31.71738400  eCore = -2.99696534  eCoul = 4.00259660  eExcl = -5.50966520  eNucl = -27.21335006  eDisp = 0.00000000
[ERROR] step = 6  engy error = -1.1242949627e-04  grad error =  0.0000000000e+00  dmat error =  2.2177712808e-01
Timer "SCF cycle: 6" used time: 1.225110 s.

[NELEC] step = 7  nelec = 16  neInt = 16.000000  dnelc = -1.6306955786e-12
[ENERG] step = 7  eTotl = -31.71738542  eCore = -2.99867852  eCoul = 4.00517051  eExcl = -5.51052734  eNucl = -27.21335006  eDisp = 0.00000000
[ERROR] step = 7  engy error = -1.4114742832e-06  grad error =  0.0000000000e+00  dmat error =  1.9666481212e-02
Timer "SCF cycle: 7" used time: 1.212868 s.

[NELEC] step = 8  nelec = 16  neInt = 16.000000  dnelc = -1.6200374375e-12
[ENERG] step = 8  eTotl = -31.71738545  eCore = -2.99887798  eCoul = 4.00541997  eExcl = -5.51057738  eNucl = -27.21335006  eDisp = 0.00000000
[ERROR] step = 8  engy error = -3.4625685430e-08  grad error =  0.0000000000e+00  dmat error =  4.8868137962e-03
Timer "SCF cycle: 8" used time: 1.216325 s.

[NELEC] step = 9  nelec = 16  neInt = 16.000000  dnelc = -1.6253665081e-12
[ENERG] step = 9  eTotl = -31.71738545  eCore = -2.99890048  eCoul = 4.00546469  eExcl = -5.51059960  eNucl = -27.21335006  eDisp = 0.00000000
[ERROR] step = 9  engy error = -4.6024339895e-10  grad error =  0.0000000000e+00  dmat error =  3.0552398926e-04
SCF converged in 9 steps.
Kylin-PBC Done.
Timer "Kylin-PBC main" used time: 86.04335 s.
