Kylin-PBC: v1.0.0

System time = 2026-10-01 12:12:56

OMP threads = 32

KYLIN_PBC_ROOT = "/home/rudin/code/kylin-pbc"
KYLIN_SCR_PATH = "/tmp"
KYLIN_JOB_PATH = "/home/rudin/tmp-review-basis/MgO16/tzv2p_robust"

SCF.xcfun                      = HSE06
SCF.basis                      = tzv2p
SCF.psudo                      = gth-pbe
SCF.kmesh                      = 1 1 1
SCF.gmesh                      = 5.0e-01
SCF.ispin                      = OFF
SCF.dspin                      = 0
SCF.eps_engy                   = 3.7e-09 [AU]
SCF.eps_grad                   = 1.0e-05 [AU]
SCF.eps_dmat                   = 1.0e-03
SCF.chk_load                   = 
SCF.chk_save                   = 
SCF.scf_guess                  = ATOM
SCF.max_cycle                  = 200
SCF.vdw_method                 = NONE
SCF.coul_method                = MGDF
SCF.xchg_method                = LSDF
SCF.xchg_exxocc                = OFF
SCF.xchg_exxace                = NONE
SCF.xchg_robust                = FULL
SCF.xchg_exxdiv                = EWALD
SCF.xchg_dropG0                = ON
SCF.lsdf_cparam                = 30
SCF.lsdf_mparam                = 5
SCF.lsdf_ipslct                = QRCP
SCF.lsdf_chocut                = 1.0e-08
SCF.lsdf_atmcut                = 2.5e+01
SCF.lsdf_aovcut                = 1.0e-07
SCF.lsdf_swzcut                = 0.0e+00
SCF.lsdf_pnocut                = 0.0e+00
SCF.lsdf_nafcut                = 0.0e+00
SCF.mgdf_ntasks                = 4
SCF.mgdf_kratio                = 3.0e+00
SCF.mgdf_cutoff                = 3.0e+02 [AU]
SCF.mgdf_relcut                = 3.0e+01
SCF.mgdf_prprec                = 1.0e-14
SCF.dmx_mix_method             = NONE
SCF.dmx_mix_start              = 1
SCF.dmx_mix_space              = 8
SCF.dmx_mix_alpha              = 3.0e-01
SCF.rho_mix_method             = NONE
SCF.rho_mix_start              = 1
SCF.rho_mix_space              = 8
SCF.rho_mix_alpha              = 3.0e-01
SCF.hks_mix_method             = BROY
SCF.hks_mix_start              = 1
SCF.hks_mix_space              = 8
SCF.hks_mix_alpha              = 3.0e-01
SCF.damp_factor                = 0.0e+00
SCF.level_shift                = 0.0e+00 [AU]
SCF.smear_method               = NONE
SCF.smear_sigma                = 0.0e+00 [AU]
SCF.soc                        = OFF
SCF.soc_window                 = 1.8e+00 [AU]
SCF.print_bandgap              = OFF
SCF.print_time                 = OFF

OPT.opt_method                 = BFGS
OPT.max_cycle                  = 1
OPT.eps_engy                   = 4.0e-06 [AU]
OPT.eps_grad                   = 4.0e-04 [AU]
OPT.trust_limit                = 3.0e-01 [AU]
OPT.damp_factor                = 0.0e+00
OPT.opt_mix_method             = NONE
OPT.opt_mix_start              = 1
OPT.opt_mix_space              = 5
OPT.opt_mix_alpha              = 3.0e-01
OPT.neb_method                 = FIRE
OPT.neb_lclimb                 = ON
OPT.neb_interp                 = IDPP
OPT.neb_nimage                 = 5
OPT.neb_spring                 = 1.0e-02 [AU]
OPT.neb_maxstep                = 7.6e-02 [AU]

PROP.calculation               = NONE
FREQ.freq_method               = FREE2
FREQ.fd_stepsize               = 2.8e-02 [AU]
DOS.dos_method                 = GAUSS
DOS.dos_sigma                  = 3.7e-03 [AU]
DOS.dos_npoint                 = 1001
DOS.dos_emin                   = 0.0e+00 [AU]
DOS.dos_emax                   = 0.0e+00 [AU]

OPT.mdx_ensemble               = NVE
OPT.mdx_thermostat             = NHC
OPT.mdx_max_step               = 0
OPT.mdx_timestep               = 4.0e+01 [AU]
OPT.mdx_temperature            = 9.5e-04 [AU]
OPT.mdx_pressure               = 0.0e+00 [AU]
OPT.mdx_thermo_tau             = 4.0e+03 [AU]
OPT.mdx_baro_tau               = 2.0e+04 [AU]
OPT.mdx_nhc_length             = 3
OPT.mdx_nhc_mts                = 3
OPT.mdx_constraint             = OFF
OPT.mdx_constraint_tol         = 1.0e-10
OPT.mdx_rng_seed               = 42

K-points mesh = 1 1 1

xc functional: "HSE06"
is hybrid: YES
HFX coeff: 0.25

Basis Set Name: "tzv2p"
number of shell = 56
number of basis = 376
gmesh = 104 104 206

Pseudopotential Name: "gth-pbe"
number of valence electron = 128

OPT Calculation.

==============================================================
                   Geometry Optimization                      
==============================================================
  method      = BFGS
  max_cycle   = 1
  eps_engy    = 4.000000e-06
  eps_grad    = 4.000000e-04
  trust_limit = 0.300000
  natom       = 16
  nfree       = 48 / 48
==============================================================

--------------------------------------------------------------
  OPT step 0
--------------------------------------------------------------
[OPT] Cell structure (Angstrom):
       4.21700000       0.00000000       0.00000000
       0.00000000       4.21700000       0.00000000
       0.00000000       0.00000000       8.43400000

Cart
Mg         0.00000000       0.00000000       0.00000000   T T T
Mg         0.10000000       2.15850000       2.13850000   T T T
Mg         2.10850000       0.00000000       2.10850000   T T T
Mg         2.10850000       2.10850000       0.00000000   T T T
O          2.10850000       2.10850000       2.10850000   T T T
O          2.10850000       4.21700000       4.21700000   T T T
O          4.21700000       2.10850000       4.21700000   T T T
O          4.21700000       4.21700000       2.10850000   T T T
Mg         0.00000000       0.00000000       4.21700000   T T T
Mg         0.00000000       2.10850000       6.32550000   T T T
Mg         2.10850000       0.00000000       6.32550000   T T T
Mg         2.10850000       2.10850000       4.21700000   T T T
O          2.10850000       2.10850000       6.32550000   T T T
O          2.10850000       4.21700000       8.43400000   T T T
O          4.21700000       2.10850000       8.43400000   T T T
O          4.21700000       4.21700000       6.32550000   T T T

[OPT] Cell written to /home/rudin/tmp-review-basis/MgO16/tzv2p_robust/opt_img/cell_opt_0.txt
[LSDF] gmesh = (104, 104, 206), ngrid = 2228096, naofn = 376, natom = 16
Timer "[LSDF] Voronoi partition" used time: 0.026549 s.
Timer "[LSDF] AO evaluation + screening" used time: 9.801858 s.
[LSDF] IP method: randomized QRCP (c=30, m=5)
[LSDF] total IPs selected: 11360 (0.5099% of grid)
Timer "[LSDF] IP selection" used time: 53.96004 s.
Timer "[LSDF] aux basis fitting" used time: 9.418149 s.
[LSDF] Step 5 diagnostics: natom=16, ngrid=2228096, naux_total=11360
[LSDF]   OMP threads=32, MKL threads=32
[LSDF]   Vmat_loc total size: 11360 x 2228096 = 188.58 GB
Timer "[LSDF]   5a Vmat_loc alloc+FFT" used time: 15.75059 s.
[LSDF]   W size: 11360 x 11360 = 984.57 MB, max_npart=143312
Timer "[LSDF]   5b W construction (DGEMM)" used time: 10.55376 s.
Timer "[LSDF]   5c Wmat symmetrize" used time: 0.054623 s.
[LSDF]   robust_mode=FULL: keeping Vmat_loc (188.58 GB) in atom ordering
Timer "[LSDF] V/W construction" used time: 26.35958 s.
[LSDF] xchg phases: A=0.006 s, B(K_W)=0.078 s, C(K_V)=17.173 s, E(reduce)=0.002 s
[NELEC] step = 0  nelec = 128  neInt = 128.000000  dnelc =  1.9225467440e-08
[ENERG] step = 0  eTotl = -633.84983431  eCore = -313.27479411  eCoul = 147.69193365  eExcl = -89.75173428  eNucl = -378.51523958  eDisp = 0.00000000
[ERROR] step = 0  engy error =  0.0000000000e+00  grad error =  0.0000000000e+00  dmat error =  0.0000000000e+00
Timer "SCF cycle: 0" used time: 19.46981 s.

[LSDF] xchg phases: A=0.002 s, B(K_W)=0.079 s, C(K_V)=14.768 s, E(reduce)=0.002 s
[NELEC] step = 1  nelec = 128  neInt = 128.000000  dnelc =  9.0168327915e-08
[ENERG] step = 1  eTotl = -633.03252719  eCore = -376.74542732  eCoul = 226.69690204  eExcl = -104.46876233  eNucl = -378.51523958  eDisp = 0.00000000
[ERROR] step = 1  engy error =  8.1730712099e-01  grad error =  0.0000000000e+00  dmat error =  6.7958738724e+00
Timer "SCF cycle: 1" used time: 16.99402 s.

[LSDF] xchg phases: A=0.002 s, B(K_W)=0.079 s, C(K_V)=14.725 s, E(reduce)=0.002 s
[NELEC] step = 2  nelec = 128  neInt = 128.000000  dnelc =  5.8613665033e-08
[ENERG] step = 2  eTotl = -634.71128781  eCore = -368.76773079  eCoul = 214.01335936  eExcl = -101.44167679  eNucl = -378.51523958  eDisp = 0.00000000
[ERROR] step = 2  engy error = -1.6787606113e+00  grad error =  0.0000000000e+00  dmat error =  4.7275979032e+00
Timer "SCF cycle: 2" used time: 16.90746 s.

[LSDF] xchg phases: A=0.002 s, B(K_W)=0.079 s, C(K_V)=14.880 s, E(reduce)=0.002 s
[NELEC] step = 3  nelec = 128  neInt = 128.000000  dnelc =  1.9132500029e-08
[ENERG] step = 3  eTotl = -635.37317019  eCore = -358.98889973  eCoul = 200.74437247  eExcl = -98.61340334  eNucl = -378.51523958  eDisp = 0.00000000
[ERROR] step = 3  engy error = -6.6188238135e-01  grad error =  0.0000000000e+00  dmat error =  3.0401574997e+00
Timer "SCF cycle: 3" used time: 17.05492 s.

[LSDF] xchg phases: A=0.002 s, B(K_W)=0.082 s, C(K_V)=14.923 s, E(reduce)=0.002 s
[NELEC] step = 4  nelec = 128  neInt = 128.000000  dnelc =  1.1511986031e-08
[ENERG] step = 4  eTotl = -635.39158370  eCore = -357.32689092  eCoul = 198.77162934  eExcl = -98.32108254  eNucl = -378.51523958  eDisp = 0.00000000
[ERROR] step = 4  engy error = -1.8413514843e-02  grad error =  0.0000000000e+00  dmat error =  4.8595670624e-01
Timer "SCF cycle: 4" used time: 17.11072 s.

[LSDF] xchg phases: A=0.002 s, B(K_W)=0.079 s, C(K_V)=14.760 s, E(reduce)=0.002 s
[NELEC] step = 5  nelec = 128  neInt = 128.000000  dnelc =  1.4440757923e-08
[ENERG] step = 5  eTotl = -635.39512814  eCore = -358.02142325  eCoul = 199.66308263  eExcl = -98.52154794  eNucl = -378.51523958  eDisp = 0.00000000
[ERROR] step = 5  engy error = -3.5444431530e-03  grad error =  0.0000000000e+00  dmat error =  2.9189107476e-01
Timer "SCF cycle: 5" used time: 16.94453 s.

[LSDF] xchg phases: A=0.002 s, B(K_W)=0.079 s, C(K_V)=14.742 s, E(reduce)=0.002 s
[NELEC] step = 6  nelec = 128  neInt = 128.000000  dnelc =  1.4933618786e-08
[ENERG] step = 6  eTotl = -635.39523453  eCore = -358.09498967  eCoul = 199.74408507  eExcl = -98.52909034  eNucl = -378.51523958  eDisp = 0.00000000
[ERROR] step = 6  engy error = -1.0638256151e-04  grad error =  0.0000000000e+00  dmat error =  3.2442977882e-02
Timer "SCF cycle: 6" used time: 16.93472 s.

[LSDF] xchg phases: A=0.002 s, B(K_W)=0.091 s, C(K_V)=16.997 s, E(reduce)=0.004 s
[NELEC] step = 7  nelec = 128  neInt = 128.000000  dnelc =  1.4885699784e-08
[ENERG] step = 7  eTotl = -635.39523849  eCore = -358.08717772  eCoul = 199.73583401  eExcl = -98.52865519  eNucl = -378.51523958  eDisp = 0.00000000
[ERROR] step = 7  engy error = -3.9625369936e-06  grad error =  0.0000000000e+00  dmat error =  5.6564613639e-03
Timer "SCF cycle: 7" used time: 19.21394 s.

[NELEC] step = 8  nelec = 128  neInt = 128.000000  dnelc =  1.4865122466e-08
[ENERG] step = 8  eTotl = -635.39523909  eCore = -358.08102365  eCoul = 199.72861159  eExcl = -98.52758745  eNucl = -378.51523958  eDisp = 0.00000000
[ERROR] step = 8  engy error = -6.0134084379e-07  grad error =  0.0000000000e+00  dmat error =  4.4069994172e-03
Timer "SCF cycle: 8" used time: 19.83742 s.

[NELEC] step = 9  nelec = 128  neInt = 128.000000  dnelc =  1.4884903976e-08
[ENERG] step = 9  eTotl = -635.39523920  eCore = -358.08409397  eCoul = 199.73216601  eExcl = -98.52807166  eNucl = -378.51523958  eDisp = 0.00000000
[ERROR] step = 9  engy error = -1.0456608379e-07  grad error =  0.0000000000e+00  dmat error =  7.0360265247e-04
Timer "SCF cycle: 9" used time: 19.42808 s.

[NELEC] step = 10  nelec = 128  neInt = 128.000000  dnelc =  1.4876434307e-08
[ENERG] step = 10  eTotl = -635.39523920  eCore = -358.08229248  eCoul = 199.73000906  eExcl = -98.52771619  eNucl = -378.51523958  eDisp = 0.00000000
[ERROR] step = 10  engy error = -5.1076085583e-09  grad error =  0.0000000000e+00  dmat error =  6.5288922531e-04
Timer "SCF cycle: 10" used time: 19.49117 s.

[NELEC] step = 11  nelec = 128  neInt = 128.000000  dnelc =  1.4880015442e-08
[ENERG] step = 11  eTotl = -635.39523921  eCore = -358.08306323  eCoul = 199.73093135  eExcl = -98.52786775  eNucl = -378.51523958  eDisp = 0.00000000
[ERROR] step = 11  engy error = -4.8553374654e-09  grad error =  0.0000000000e+00  dmat error =  2.8617590579e-04
Timer "SCF cycle: 11" used time: 20.21432 s.

[NELEC] step = 12  nelec = 128  neInt = 128.000000  dnelc =  1.4879702803e-08
[ENERG] step = 12  eTotl = -635.39523921  eCore = -358.08300645  eCoul = 199.73086291  eExcl = -98.52785608  eNucl = -378.51523958  eDisp = 0.00000000
[ERROR] step = 12  engy error = -9.6861185739e-11  grad error =  0.0000000000e+00  dmat error =  3.8972548027e-05
SCF converged in 12 steps.
[LSDF] xchg_d10: ISDF-robust path (K_V + K_V~ - K_IP)
[GRADIENT] SCF type: GRKS | atoms: 16 | DOF: 48 | time: 226.737 s
  Atom   0:   2.8166972772e-04  -5.5511525751e-04  -4.7933390810e-04
  Atom   1:   1.9248827979e-02   1.2226571112e-02   9.5128765921e-03
  Atom   2:  -5.6471783462e-03  -2.8898138315e-03   1.2509861632e-03
  Atom   3:  -1.3673779483e-03   1.7167429405e-04  -2.8952678389e-04
  Atom   4:  -3.0518269839e-03  -1.7956857819e-03  -1.9517187409e-03
  Atom   5:   7.5308836943e-04   3.8211959169e-04   3.0093806177e-04
  Atom   6:  -2.6093104013e-03  -1.3017687243e-03  -3.7077319430e-04
  Atom   7:  -3.7159565687e-03  -1.1186964487e-03  -1.9870282192e-03
  Atom   8:   3.6795421452e-04  -8.0480925343e-04  -5.8347510990e-04
  Atom   9:  -1.4606560180e-04  -6.4903177497e-05  -1.0674774578e-03
  Atom  10:   8.4113672645e-05   4.0600582057e-05  -6.9533819204e-04
  Atom  11:  -1.8536257690e-03   2.4798417623e-04  -9.7628709699e-04
  Atom  12:  -1.8918904800e-04   8.1915269097e-05   8.9233794206e-04
  Atom  13:   6.2234280089e-04   3.1606545890e-04  -1.7719637262e-05
  Atom  14:  -2.3966146010e-03  -1.1955697753e-03  -5.6445881746e-04
  Atom  15:   1.5882886299e-04  -9.4894538393e-05   8.8940738601e-04
[OPT] step = 0  energy = -635.3952392055  dE =               N/A  grad_max =  1.9248827979e-02  grad_rms =  3.8637810133e-03
[OPT] Geometry optimization did not converge in 1 steps.
Kylin-PBC Done.
Timer "Kylin-PBC main" used time: 580.8150 s.
