Kylin-PBC: v1.0.0

System time = 2026-06-25 18:11:46

OMP threads = 32

KYLIN_PBC_ROOT = "/home/rudin/code/kylin-pbc"
KYLIN_SCR_PATH = "/nvme"
KYLIN_JOB_PATH = "/home/rudin/code/kylin-pbc/art/example/extern/CsI-HSE06-gamma-kylin-LSDF"

SCF.xcfun                      = HSE06
SCF.basis                      = dzvp-sr
SCF.psudo                      = gth-pbe
SCF.kmesh                      = 1 1 1
SCF.gmesh                      = 6.0e-01
SCF.ispin                      = OFF
SCF.dspin                      = 0
SCF.eps_engy                   = 3.7e-09 [AU]
SCF.eps_grad                   = 1.0e-05 [AU]
SCF.eps_dmat                   = 1.0e-03
SCF.chk_load                   = 
SCF.chk_save                   = 
SCF.scf_guess                  = ATOM
SCF.max_cycle                  = 200
SCF.vdw_method                 = NONE
SCF.coul_method                = MGDF
SCF.xchg_method                = LSDF
SCF.xchg_exxocc                = OFF
SCF.xchg_exxace                = NONE
SCF.xchg_robust                = TILE
SCF.xchg_exxdiv                = EWALD
SCF.xchg_dropG0                = ON
SCF.lsdf_cparam                = 60
SCF.lsdf_mparam                = 5
SCF.lsdf_ipslct                = QRCP
SCF.lsdf_chocut                = 1.0e-08
SCF.lsdf_atmcut                = 2.5e+01
SCF.lsdf_aovcut                = 1.0e-07
SCF.lsdf_swzcut                = 0.0e+00
SCF.lsdf_pnocut                = 0.0e+00
SCF.lsdf_nafcut                = 0.0e+00
SCF.mgdf_ntasks                = 4
SCF.mgdf_kratio                = 3.0e+00
SCF.mgdf_cutoff                = 3.0e+02 [AU]
SCF.mgdf_relcut                = 3.0e+01
SCF.mgdf_prprec                = 1.0e-14
SCF.dmx_mix_method             = NONE
SCF.dmx_mix_start              = 1
SCF.dmx_mix_space              = 8
SCF.dmx_mix_alpha              = 3.0e-01
SCF.rho_mix_method             = NONE
SCF.rho_mix_start              = 1
SCF.rho_mix_space              = 8
SCF.rho_mix_alpha              = 3.0e-01
SCF.hks_mix_method             = BROY
SCF.hks_mix_start              = 1
SCF.hks_mix_space              = 8
SCF.hks_mix_alpha              = 3.0e-01
SCF.damp_factor                = 0.0e+00
SCF.level_shift                = 0.0e+00 [AU]
SCF.smear_method               = NONE
SCF.smear_sigma                = 0.0e+00 [AU]
SCF.soc                        = OFF
SCF.soc_window                 = 1.8e+00 [AU]
SCF.print_bandgap              = ON
SCF.print_time                 = OFF

OPT.opt_method                 = BFGS
OPT.max_cycle                  = 0
OPT.eps_engy                   = 4.0e-06 [AU]
OPT.eps_grad                   = 4.0e-04 [AU]
OPT.trust_limit                = 3.0e-01 [AU]
OPT.damp_factor                = 0.0e+00
OPT.opt_mix_method             = NONE
OPT.opt_mix_start              = 1
OPT.opt_mix_space              = 5
OPT.opt_mix_alpha              = 3.0e-01
OPT.neb_method                 = FIRE
OPT.neb_lclimb                 = ON
OPT.neb_interp                 = IDPP
OPT.neb_nimage                 = 5
OPT.neb_spring                 = 1.0e-02 [AU]
OPT.neb_maxstep                = 7.6e-02 [AU]

PROP.calculation               = NONE
FREQ.freq_method               = FREE2
FREQ.fd_stepsize               = 2.8e-02 [AU]
DOS.dos_method                 = GAUSS
DOS.dos_sigma                  = 3.7e-03 [AU]
DOS.dos_npoint                 = 1001
DOS.dos_emin                   = 0.0e+00 [AU]
DOS.dos_emax                   = 0.0e+00 [AU]

OPT.mdx_ensemble               = NVE
OPT.mdx_thermostat             = NHC
OPT.mdx_max_step               = 0
OPT.mdx_timestep               = 4.0e+01 [AU]
OPT.mdx_temperature            = 9.5e-04 [AU]
OPT.mdx_pressure               = 0.0e+00 [AU]
OPT.mdx_thermo_tau             = 4.0e+03 [AU]
OPT.mdx_baro_tau               = 2.0e+04 [AU]
OPT.mdx_nhc_length             = 3
OPT.mdx_nhc_mts                = 3
OPT.mdx_constraint             = OFF
OPT.mdx_constraint_tol         = 1.0e-10
OPT.mdx_rng_seed               = 42

K-points mesh = 1 1 1

xc functional: "HSE06"
is hybrid: YES
HFX coeff: 0.25

Basis Set Name: "dzvp-sr"
number of shell = 6
number of basis = 27
gmesh = 27 27 27

Pseudopotential Name: "gth-pbe"
number of valence electron = 16

SCF Calculation.
Gamma point
[LSDF] gmesh = (27, 27, 27), ngrid = 19683, naofn = 27, natom = 2
Timer "[LSDF] Voronoi partition" used time: 0.000578 s.
Timer "[LSDF] AO evaluation + screening" used time: 0.088554 s.
[LSDF] IP method: randomized QRCP (c=60, m=5)
[LSDF] total IPs selected: 756 (3.8409% of grid)
Timer "[LSDF] IP selection" used time: 0.557830 s.
Timer "[LSDF] aux basis fitting" used time: 0.520001 s.
[LSDF] Step 5 diagnostics: natom=2, ngrid=19683, naux_total=756
[LSDF]   OMP threads=32, MKL threads=32
[LSDF]   Vmat_loc total size: 756 x 19683 = 0.11 GB
Timer "[LSDF]   5a Vmat_loc alloc+FFT" used time: 0.024939 s.
[LSDF]   W size: 756 x 756 = 4.36 MB, max_npart=10135
Timer "[LSDF]   5b W construction (DGEMM)" used time: 0.018650 s.
Timer "[LSDF]   5c Wmat symmetrize" used time: 0.001282 s.
[LSDF]   5e Vatm_nby tile extraction starting... (robust_mode=TILE)
[LSDF]   Vatm_nby: range_sep=true
[LSDF]     Vatm_nby tile: 2/2 atoms, cumul 0.11 GB
[LSDF]   Vatm_nby total tile memory: 0.11 GB
Timer "[LSDF]   5e Vatm_nby tile extraction" used time: 0.004771 s.
Timer "[LSDF] V/W construction" used time: 0.056657 s.
[LSDF] xchg phases: A=0.001 s, B(K_W)=0.002 s, C(K_V)=0.018 s, E(reduce)=0.007 s
[NELEC] step = 0  nelec = 16  neInt = 16.000000  dnelc =  6.0268234847e-11
[ENERG] step = 0  eTotl = -30.52690993  eCore = 0.06252753  eCoul = 1.65303929  eExcl = -5.01930424  eNucl = -27.22317251  eDisp = 0.00000000
[ERROR] step = 0  engy error =  0.0000000000e+00  grad error =  0.0000000000e+00  dmat error =  0.0000000000e+00
Timer "SCF cycle: 0" used time: 0.677484 s.

[LSDF] xchg phases: A=0.000 s, B(K_W)=0.001 s, C(K_V)=0.016 s, E(reduce)=0.001 s
[NELEC] step = 1  nelec = 16  neInt = 16.000000  dnelc = -2.5453504193e-08
[ENERG] step = 1  eTotl = -31.47777391  eCore = -3.33439902  eCoul = 4.90704743  eExcl = -5.82724981  eNucl = -27.22317251  eDisp = 0.00000000
[ERROR] step = 1  engy error = -9.5086397775e-01  grad error =  0.0000000000e+00  dmat error =  3.2242325015e+01
Timer "SCF cycle: 1" used time: 0.652980 s.

[LSDF] xchg phases: A=0.000 s, B(K_W)=0.000 s, C(K_V)=0.026 s, E(reduce)=0.000 s
[NELEC] step = 2  nelec = 16  neInt = 16.000000  dnelc = -1.7954231879e-08
[ENERG] step = 2  eTotl = -31.54707475  eCore = -3.25007485  eCoul = 4.70302765  eExcl = -5.77685503  eNucl = -27.22317251  eDisp = 0.00000000
[ERROR] step = 2  engy error = -6.9300841057e-02  grad error =  0.0000000000e+00  dmat error =  1.7374230556e+01
Timer "SCF cycle: 2" used time: 0.462309 s.

[LSDF] xchg phases: A=0.000 s, B(K_W)=0.001 s, C(K_V)=0.015 s, E(reduce)=0.000 s
[NELEC] step = 3  nelec = 16  neInt = 16.000000  dnelc =  7.3185191241e-10
[ENERG] step = 3  eTotl = -31.60300624  eCore = -2.93573611  eCoul = 4.19898511  eExcl = -5.64308273  eNucl = -27.22317251  eDisp = 0.00000000
[ERROR] step = 3  engy error = -5.5931495570e-02  grad error =  0.0000000000e+00  dmat error =  1.4380595207e+01
Timer "SCF cycle: 3" used time: 0.463628 s.

[LSDF] xchg phases: A=0.000 s, B(K_W)=0.001 s, C(K_V)=0.013 s, E(reduce)=0.000 s
[NELEC] step = 4  nelec = 16  neInt = 16.000000  dnelc = -4.2436116843e-09
[ENERG] step = 4  eTotl = -31.60308558  eCore = -3.01942546  eCoul = 4.30975969  eExcl = -5.67024730  eNucl = -27.22317251  eDisp = 0.00000000
[ERROR] step = 4  engy error = -7.9337808888e-05  grad error =  0.0000000000e+00  dmat error =  1.4508410296e+00
Timer "SCF cycle: 4" used time: 0.467743 s.

[LSDF] xchg phases: A=0.000 s, B(K_W)=0.000 s, C(K_V)=0.013 s, E(reduce)=0.000 s
[NELEC] step = 5  nelec = 16  neInt = 16.000000  dnelc = -2.4477682103e-09
[ENERG] step = 5  eTotl = -31.60432781  eCore = -2.98988510  eCoul = 4.26878267  eExcl = -5.66005287  eNucl = -27.22317251  eDisp = 0.00000000
[ERROR] step = 5  engy error = -1.2422333157e-03  grad error =  0.0000000000e+00  dmat error =  4.9029338733e-01
Timer "SCF cycle: 5" used time: 0.458369 s.

[LSDF] xchg phases: A=0.000 s, B(K_W)=0.000 s, C(K_V)=0.007 s, E(reduce)=0.000 s
[NELEC] step = 6  nelec = 16  neInt = 16.000000  dnelc = -1.7196910562e-09
[ENERG] step = 6  eTotl = -31.60445563  eCore = -2.97962836  eCoul = 4.25547694  eExcl = -5.65713169  eNucl = -27.22317251  eDisp = 0.00000000
[ERROR] step = 6  engy error = -1.2781110377e-04  grad error =  0.0000000000e+00  dmat error =  2.0096474517e-01
Timer "SCF cycle: 6" used time: 0.436796 s.

[LSDF] xchg phases: A=0.000 s, B(K_W)=0.001 s, C(K_V)=0.006 s, E(reduce)=0.000 s
[NELEC] step = 7  nelec = 16  neInt = 16.000000  dnelc = -1.7163337418e-09
[ENERG] step = 7  eTotl = -31.60445566  eCore = -2.97964166  eCoul = 4.25550980  eExcl = -5.65715129  eNucl = -27.22317251  eDisp = 0.00000000
[ERROR] step = 7  engy error = -3.0381819727e-08  grad error =  0.0000000000e+00  dmat error =  8.0882125538e-04
Timer "SCF cycle: 7" used time: 0.451217 s.

[NELEC] step = 8  nelec = 16  neInt = 16.000000  dnelc = -1.7037304900e-09
[ENERG] step = 8  eTotl = -31.60445572  eCore = -2.97941270  eCoul = 4.25519617  eExcl = -5.65706667  eNucl = -27.22317251  eDisp = 0.00000000
[ERROR] step = 8  engy error = -5.9953858766e-08  grad error =  0.0000000000e+00  dmat error =  3.4328601133e-03
Timer "SCF cycle: 8" used time: 0.453180 s.

[NELEC] step = 9  nelec = 16  neInt = 16.000000  dnelc = -1.7041745792e-09
[ENERG] step = 9  eTotl = -31.60445572  eCore = -2.97941847  eCoul = 4.25520350  eExcl = -5.65706824  eNucl = -27.22317251  eDisp = 0.00000000
[ERROR] step = 9  engy error = -4.1112002691e-11  grad error =  0.0000000000e+00  dmat error =  1.1368167470e-04
SCF converged in 9 steps.

  Band Gap Analysis (per k-point)
  k-pt    spin         HOMO (eV)       LUMO (eV)        Gap (eV)
  -----------------------------------------------------------
  0       0             2.938655        7.920619        4.981964
  -----------------------------------------------------------
  VBM =       2.938655 eV    CBM =       7.920619 eV    Band Gap =       4.981964 eV

Kylin-PBC Done.
Timer "Kylin-PBC main" used time: 6.798613 s.
