Kylin-PBC: v1.0.0

System time = 2026-06-25 18:14:35

OMP threads = 32

KYLIN_PBC_ROOT = "/home/rudin/code/kylin-pbc"
KYLIN_SCR_PATH = "/tmp"
KYLIN_JOB_PATH = "/home/rudin/code/kylin-pbc/art/example/internal/BN-HSE06-gamma-LSDF"

SCF.xcfun                      = HSE06
SCF.basis                      = dzvp-sr
SCF.psudo                      = gth-pbe
SCF.kmesh                      = 1 1 1
SCF.gmesh                      = 6.0e-01
SCF.ispin                      = OFF
SCF.dspin                      = 0
SCF.eps_engy                   = 3.7e-09 [AU]
SCF.eps_grad                   = 1.0e-05 [AU]
SCF.eps_dmat                   = 1.0e-03
SCF.chk_load                   = 
SCF.chk_save                   = 
SCF.scf_guess                  = ATOM
SCF.max_cycle                  = 200
SCF.vdw_method                 = NONE
SCF.coul_method                = MGDF
SCF.xchg_method                = LSDF
SCF.xchg_exxocc                = OFF
SCF.xchg_exxace                = NONE
SCF.xchg_robust                = FULL
SCF.xchg_exxdiv                = EWALD
SCF.xchg_dropG0                = ON
SCF.lsdf_cparam                = 30
SCF.lsdf_mparam                = 5
SCF.lsdf_ipslct                = QRCP
SCF.lsdf_chocut                = 1.0e-08
SCF.lsdf_atmcut                = 2.5e+01
SCF.lsdf_aovcut                = 1.0e-07
SCF.lsdf_swzcut                = 0.0e+00
SCF.lsdf_pnocut                = 0.0e+00
SCF.lsdf_nafcut                = 0.0e+00
SCF.mgdf_ntasks                = 4
SCF.mgdf_kratio                = 3.0e+00
SCF.mgdf_cutoff                = 3.0e+02 [AU]
SCF.mgdf_relcut                = 3.0e+01
SCF.mgdf_prprec                = 1.0e-14
SCF.dmx_mix_method             = NONE
SCF.dmx_mix_start              = 1
SCF.dmx_mix_space              = 8
SCF.dmx_mix_alpha              = 3.0e-01
SCF.rho_mix_method             = NONE
SCF.rho_mix_start              = 1
SCF.rho_mix_space              = 8
SCF.rho_mix_alpha              = 3.0e-01
SCF.hks_mix_method             = BROY
SCF.hks_mix_start              = 1
SCF.hks_mix_space              = 8
SCF.hks_mix_alpha              = 3.0e-01
SCF.damp_factor                = 0.0e+00
SCF.level_shift                = 0.0e+00 [AU]
SCF.smear_method               = NONE
SCF.smear_sigma                = 0.0e+00 [AU]
SCF.soc                        = OFF
SCF.soc_window                 = 1.8e+00 [AU]
SCF.print_bandgap              = OFF
SCF.print_time                 = OFF

OPT.opt_method                 = BFGS
OPT.max_cycle                  = 1
OPT.eps_engy                   = 4.0e-06 [AU]
OPT.eps_grad                   = 4.0e-04 [AU]
OPT.trust_limit                = 3.0e-01 [AU]
OPT.damp_factor                = 0.0e+00
OPT.opt_mix_method             = NONE
OPT.opt_mix_start              = 1
OPT.opt_mix_space              = 5
OPT.opt_mix_alpha              = 3.0e-01
OPT.neb_method                 = FIRE
OPT.neb_lclimb                 = ON
OPT.neb_interp                 = IDPP
OPT.neb_nimage                 = 5
OPT.neb_spring                 = 1.0e-02 [AU]
OPT.neb_maxstep                = 7.6e-02 [AU]

PROP.calculation               = NONE
FREQ.freq_method               = FREE2
FREQ.fd_stepsize               = 2.8e-02 [AU]
DOS.dos_method                 = GAUSS
DOS.dos_sigma                  = 3.7e-03 [AU]
DOS.dos_npoint                 = 1001
DOS.dos_emin                   = 0.0e+00 [AU]
DOS.dos_emax                   = 0.0e+00 [AU]

OPT.mdx_ensemble               = NVE
OPT.mdx_thermostat             = NHC
OPT.mdx_max_step               = 0
OPT.mdx_timestep               = 4.0e+01 [AU]
OPT.mdx_temperature            = 9.5e-04 [AU]
OPT.mdx_pressure               = 0.0e+00 [AU]
OPT.mdx_thermo_tau             = 4.0e+03 [AU]
OPT.mdx_baro_tau               = 2.0e+04 [AU]
OPT.mdx_nhc_length             = 3
OPT.mdx_nhc_mts                = 3
OPT.mdx_constraint             = OFF
OPT.mdx_constraint_tol         = 1.0e-10
OPT.mdx_rng_seed               = 42

K-points mesh = 1 1 1

xc functional: "HSE06"
is hybrid: YES
HFX coeff: 0.25

Basis Set Name: "dzvp-sr"
number of shell = 6
number of basis = 26
gmesh = 38 38 38

Pseudopotential Name: "gth-pbe"
number of valence electron = 8

OPT Calculation.

==============================================================
                   Geometry Optimization                      
==============================================================
  method      = BFGS
  max_cycle   = 1
  eps_engy    = 4.000000e-06
  eps_grad    = 4.000000e-04
  trust_limit = 0.300000
  natom       = 2
  nfree       = 6 / 6
==============================================================

--------------------------------------------------------------
  OPT step 0
--------------------------------------------------------------
[OPT] Cell structure (Angstrom):
       0.00000000       1.80750000       1.80750000
       1.80750000       0.00000000       1.80750000
       1.80750000       1.80750000       0.00000000

Cart
B          0.00000000       0.00000000       0.00000000   T T T
N          1.00375000       0.95375000       0.93375000   T T T

[OPT] Cell written to /home/rudin/code/kylin-pbc/art/example/internal/BN-HSE06-gamma-LSDF/opt_img/cell_opt_0.txt
[LSDF] gmesh = (38, 38, 38), ngrid = 54872, naofn = 26, natom = 2
Timer "[LSDF] Voronoi partition" used time: 0.001538 s.
Timer "[LSDF] AO evaluation + screening" used time: 0.178420 s.
[LSDF] IP method: randomized QRCP (c=30, m=5)
[LSDF] total IPs selected: 690 (1.2575% of grid)
Timer "[LSDF] IP selection" used time: 0.850132 s.
Timer "[LSDF] aux basis fitting" used time: 0.155724 s.
[LSDF] Step 5 diagnostics: natom=2, ngrid=54872, naux_total=690
[LSDF]   OMP threads=32, MKL threads=32
[LSDF]   Vmat_loc total size: 690 x 54872 = 0.28 GB
Timer "[LSDF]   5a Vmat_loc alloc+FFT" used time: 0.031368 s.
[LSDF]   W size: 690 x 690 = 3.63 MB, max_npart=27438
Timer "[LSDF]   5b W construction (DGEMM)" used time: 0.018630 s.
Timer "[LSDF]   5c Wmat symmetrize" used time: 0.000772 s.
[LSDF]   robust_mode=FULL: keeping Vmat_loc (0.28 GB) in atom ordering
Timer "[LSDF] V/W construction" used time: 0.050868 s.
[LSDF] xchg phases: A=0.000 s, B(K_W)=0.000 s, C(K_V)=0.016 s, E(reduce)=0.000 s
[NELEC] step = 0  nelec = 8  neInt = 8.000000  dnelc =  3.2466296318e-10
[ENERG] step = 0  eTotl = -14.80298477  eCore = 1.70533922  eCoul = 0.74910572  eExcl = -4.10375900  eNucl = -13.15367071  eDisp = 0.00000000
[ERROR] step = 0  engy error =  0.0000000000e+00  grad error =  0.0000000000e+00  dmat error =  0.0000000000e+00
Timer "SCF cycle: 0" used time: 0.167060 s.

[LSDF] xchg phases: A=0.000 s, B(K_W)=0.000 s, C(K_V)=0.016 s, E(reduce)=0.000 s
[NELEC] step = 1  nelec = 8  neInt = 8.000000  dnelc =  2.5043611629e-10
[ENERG] step = 1  eTotl = -11.37529543  eCore = 1.55943635  eCoul = 4.75649927  eExcl = -4.53756034  eNucl = -13.15367071  eDisp = 0.00000000
[ERROR] step = 1  engy error =  3.4276893382e+00  grad error =  0.0000000000e+00  dmat error =  1.7566981864e+00
Timer "SCF cycle: 1" used time: 0.145498 s.

[LSDF] xchg phases: A=0.000 s, B(K_W)=0.000 s, C(K_V)=0.016 s, E(reduce)=0.000 s
[NELEC] step = 2  nelec = 8  neInt = 8.000000  dnelc =  8.7525364734e-10
[ENERG] step = 2  eTotl = -11.87879234  eCore = 2.05436553  eCoul = 3.45585339  eExcl = -4.23534056  eNucl = -13.15367071  eDisp = 0.00000000
[ERROR] step = 2  engy error = -5.0349691023e-01  grad error =  0.0000000000e+00  dmat error =  6.5554832616e-01
Timer "SCF cycle: 2" used time: 0.141141 s.

[LSDF] xchg phases: A=0.000 s, B(K_W)=0.000 s, C(K_V)=0.016 s, E(reduce)=0.000 s
[NELEC] step = 3  nelec = 8  neInt = 8.000000  dnelc =  7.2373396165e-10
[ENERG] step = 3  eTotl = -11.95624001  eCore = 3.00877267  eCoul = 2.11332548  eExcl = -3.92466745  eNucl = -13.15367071  eDisp = 0.00000000
[ERROR] step = 3  engy error = -7.7447668597e-02  grad error =  0.0000000000e+00  dmat error =  6.8011449434e-01
Timer "SCF cycle: 3" used time: 0.141079 s.

[LSDF] xchg phases: A=0.000 s, B(K_W)=0.000 s, C(K_V)=0.016 s, E(reduce)=0.000 s
[NELEC] step = 4  nelec = 8  neInt = 8.000000  dnelc =  9.4938634732e-10
[ENERG] step = 4  eTotl = -11.97821601  eCore = 2.31427431  eCoul = 2.98981171  eExcl = -4.12863133  eNucl = -13.15367071  eDisp = 0.00000000
[ERROR] step = 4  engy error = -2.1976000864e-02  grad error =  0.0000000000e+00  dmat error =  4.2545911224e-01
Timer "SCF cycle: 4" used time: 0.141731 s.

[LSDF] xchg phases: A=0.000 s, B(K_W)=0.000 s, C(K_V)=0.016 s, E(reduce)=0.000 s
[NELEC] step = 5  nelec = 8  neInt = 8.000000  dnelc =  9.1211127540e-10
[ENERG] step = 5  eTotl = -12.01221959  eCore = 2.58382467  eCoul = 2.59348622  eExcl = -4.03585977  eNucl = -13.15367071  eDisp = 0.00000000
[ERROR] step = 5  engy error = -3.4003574095e-02  grad error =  0.0000000000e+00  dmat error =  1.8285196011e-01
Timer "SCF cycle: 5" used time: 0.141570 s.

[LSDF] xchg phases: A=0.000 s, B(K_W)=0.000 s, C(K_V)=0.016 s, E(reduce)=0.000 s
[NELEC] step = 6  nelec = 8  neInt = 8.000000  dnelc =  9.0148333243e-10
[ENERG] step = 6  eTotl = -12.01242644  eCore = 2.59973624  eCoul = 2.57278779  eExcl = -4.03127976  eNucl = -13.15367071  eDisp = 0.00000000
[ERROR] step = 6  engy error = -2.0685544207e-04  grad error =  0.0000000000e+00  dmat error =  1.0064048155e-02
Timer "SCF cycle: 6" used time: 0.141453 s.

[LSDF] xchg phases: A=0.000 s, B(K_W)=0.000 s, C(K_V)=0.016 s, E(reduce)=0.000 s
[NELEC] step = 7  nelec = 8  neInt = 8.000000  dnelc =  8.9907459255e-10
[ENERG] step = 7  eTotl = -12.01243842  eCore = 2.60215332  eCoul = 2.56972801  eExcl = -4.03064905  eNucl = -13.15367071  eDisp = 0.00000000
[ERROR] step = 7  engy error = -1.1977637564e-05  grad error =  0.0000000000e+00  dmat error =  1.8861446434e-03
Timer "SCF cycle: 7" used time: 0.141589 s.

[NELEC] step = 8  nelec = 8  neInt = 8.000000  dnelc =  8.9715257445e-10
[ENERG] step = 8  eTotl = -12.01244243  eCore = 2.60593933  eCoul = 2.56488108  eExcl = -4.02959213  eNucl = -13.15367071  eDisp = 0.00000000
[ERROR] step = 8  engy error = -4.0061859750e-06  grad error =  0.0000000000e+00  dmat error =  2.5670012231e-03
Timer "SCF cycle: 8" used time: 0.141836 s.

[NELEC] step = 9  nelec = 8  neInt = 8.000000  dnelc =  8.9809581993e-10
[ENERG] step = 9  eTotl = -12.01244298  eCore = 2.60483260  eCoul = 2.56632143  eExcl = -4.02992631  eNucl = -13.15367071  eDisp = 0.00000000
[ERROR] step = 9  engy error = -5.5871935878e-07  grad error =  0.0000000000e+00  dmat error =  6.8894160232e-04
Timer "SCF cycle: 9" used time: 0.141800 s.

[NELEC] step = 10  nelec = 8  neInt = 8.000000  dnelc =  8.9820062499e-10
[ENERG] step = 10  eTotl = -12.01244299  eCore = 2.60478030  eCoul = 2.56639273  eExcl = -4.02994532  eNucl = -13.15367071  eDisp = 0.00000000
[ERROR] step = 10  engy error = -8.1968973831e-09  grad error =  0.0000000000e+00  dmat error =  1.5865584669e-04
Timer "SCF cycle: 10" used time: 0.141133 s.

[NELEC] step = 11  nelec = 8  neInt = 8.000000  dnelc =  8.9826457383e-10
[ENERG] step = 11  eTotl = -12.01244300  eCore = 2.60487002  eCoul = 2.56627611  eExcl = -4.02991842  eNucl = -13.15367071  eDisp = 0.00000000
[ERROR] step = 11  engy error = -7.9175546119e-09  grad error =  0.0000000000e+00  dmat error =  8.7309228296e-05
Timer "SCF cycle: 11" used time: 0.141284 s.

[NELEC] step = 12  nelec = 8  neInt = 8.000000  dnelc =  8.9823970484e-10
[ENERG] step = 12  eTotl = -12.01244300  eCore = 2.60490695  eCoul = 2.56622849  eExcl = -4.02990773  eNucl = -13.15367071  eDisp = 0.00000000
[ERROR] step = 12  engy error = -1.0310241549e-09  grad error =  0.0000000000e+00  dmat error =  2.5016774326e-05
SCF converged in 12 steps.
[LSDF] xchg_d10: ISDF-robust path (K_V + K_V~ - K_IP)
[GRADIENT] SCF type: GRKS | atoms: 2 | DOF: 6 | time: 9.655 s
  Atom   0:   1.8031394643e-02   2.4418293336e-02   3.5170472036e-02
  Atom   1:  -1.8230989146e-02  -2.4720569082e-02  -3.5030512825e-02
[OPT] step = 0  energy = -12.0124430012  dE =               N/A  grad_max =  3.5170472036e-02  grad_rms =  2.6860623830e-02
[OPT] Geometry optimization did not converge in 1 steps.
Kylin-PBC Done.
Timer "Kylin-PBC main" used time: 13.29943 s.
