Kylin-PBC: v1.0.0

System time = 2026-06-24 04:08:53

OMP threads = 32

KYLIN_PBC_ROOT = "/home/rudin/code/kylin-pbc"
KYLIN_SCR_PATH = "/tmp"
KYLIN_JOB_PATH = "/home/rudin/code/kylin-pbc/art/example/internal/Si-PBE-k333-MGDF"

SCF.xcfun                      = PBE
SCF.basis                      = dzvp-sr
SCF.psudo                      = gth-pbe
SCF.kmesh                      = 3 3 3
SCF.gmesh                      = 6.0e-01
SCF.ispin                      = OFF
SCF.dspin                      = 0
SCF.eps_engy                   = 3.7e-09 [AU]
SCF.eps_grad                   = 1.0e-05 [AU]
SCF.eps_dmat                   = 1.0e-03
SCF.chk_load                   = 
SCF.chk_save                   = 
SCF.scf_guess                  = ATOM
SCF.max_cycle                  = 200
SCF.vdw_method                 = NONE
SCF.coul_method                = MGDF
SCF.xchg_method                = LSDF
SCF.xchg_exxocc                = OFF
SCF.xchg_exxace                = NONE
SCF.xchg_robust                = TILE
SCF.xchg_exxdiv                = NONE
SCF.lsdf_cparam                = 30
SCF.lsdf_mparam                = 5
SCF.lsdf_ipslct                = QRCP
SCF.lsdf_chocut                = 1.0e-08
SCF.lsdf_atmcut                = 2.5e+01
SCF.lsdf_aovcut                = 1.0e-07
SCF.lsdf_swzcut                = 0.0e+00
SCF.lsdf_pnocut                = 0.0e+00
SCF.lsdf_nafcut                = 0.0e+00
SCF.mgdf_ntasks                = 4
SCF.mgdf_kratio                = 3.0e+00
SCF.mgdf_cutoff                = 3.0e+02 [AU]
SCF.mgdf_relcut                = 3.0e+01
SCF.mgdf_prprec                = 1.0e-14
SCF.dmx_mix_method             = NONE
SCF.dmx_mix_start              = 1
SCF.dmx_mix_space              = 8
SCF.dmx_mix_alpha              = 3.0e-01
SCF.rho_mix_method             = NONE
SCF.rho_mix_start              = 1
SCF.rho_mix_space              = 8
SCF.rho_mix_alpha              = 3.0e-01
SCF.hks_mix_method             = BROY
SCF.hks_mix_start              = 1
SCF.hks_mix_space              = 8
SCF.hks_mix_alpha              = 3.0e-01
SCF.damp_factor                = 0.0e+00
SCF.level_shift                = 0.0e+00 [AU]
SCF.smear_method               = NONE
SCF.smear_sigma                = 0.0e+00 [AU]
SCF.soc                        = OFF
SCF.soc_window                 = 1.8e+00 [AU]
SCF.print_bandgap              = OFF
SCF.print_time                 = OFF

OPT.opt_method                 = BFGS
OPT.max_cycle                  = 0
OPT.eps_engy                   = 4.0e-06 [AU]
OPT.eps_grad                   = 4.0e-04 [AU]
OPT.trust_limit                = 3.0e-01 [AU]
OPT.damp_factor                = 0.0e+00
OPT.opt_mix_method             = NONE
OPT.opt_mix_start              = 1
OPT.opt_mix_space              = 5
OPT.opt_mix_alpha              = 3.0e-01
OPT.neb_method                 = FIRE
OPT.neb_lclimb                 = ON
OPT.neb_interp                 = IDPP
OPT.neb_nimage                 = 5
OPT.neb_spring                 = 1.0e-02 [AU]
OPT.neb_maxstep                = 7.6e-02 [AU]

PROP.calculation               = NONE
FREQ.freq_method               = FREE2
FREQ.fd_stepsize               = 2.8e-02 [AU]
DOS.dos_method                 = GAUSS
DOS.dos_sigma                  = 3.7e-03 [AU]
DOS.dos_npoint                 = 1001
DOS.dos_emin                   = 0.0e+00 [AU]
DOS.dos_emax                   = 0.0e+00 [AU]

OPT.mdx_ensemble               = NVE
OPT.mdx_thermostat             = NHC
OPT.mdx_max_step               = 0
OPT.mdx_timestep               = 4.0e+01 [AU]
OPT.mdx_temperature            = 9.5e-04 [AU]
OPT.mdx_pressure               = 0.0e+00 [AU]
OPT.mdx_thermo_tau             = 4.0e+03 [AU]
OPT.mdx_baro_tau               = 2.0e+04 [AU]
OPT.mdx_nhc_length             = 3
OPT.mdx_nhc_mts                = 3
OPT.mdx_constraint             = OFF
OPT.mdx_constraint_tol         = 1.0e-10
OPT.mdx_rng_seed               = 42

K-points mesh = 3 3 3

xc functional: "PBE"
is hybrid: NO

Basis Set Name: "dzvp-sr"
number of shell = 6
number of basis = 26
gmesh = 25 25 25

Pseudopotential Name: "gth-pbe"
number of valence electron = 8

SCF Calculation.
K sampling = 3 3 3
[IGUESS] MINAO initial guess done. naofn = 26  nkpot = 27
[NELEC] step = 0  nelec = 8  neInt = 8.164970  dnelc =  1.6497037851e-01
[ENERG] step = 0  eTotl = -7.79053013  eCore = 2.49863732  eCoul = 0.59631351  eExcl = -2.49304088  eNucl = -8.39244008  eDisp = 0.00000000
[ERROR] step = 0  engy error =  0.0000000000e+00  grad error =  0.0000000000e+00  dmat error =  0.0000000000e+00
Timer "SCF cycle: 0" used time: 0.316657 s.

[NELEC] step = 1  nelec = 8  neInt = 8.000000  dnelc = -1.2096990076e-12
[ENERG] step = 1  eTotl = -7.84639163  eCore = 2.41164912  eCoul = 0.55116298  eExcl = -2.41676365  eNucl = -8.39244008  eDisp = 0.00000000
[ERROR] step = 1  engy error = -5.5861499704e-02  grad error =  0.0000000000e+00  dmat error =  1.6058185059e+00
Timer "SCF cycle: 1" used time: 0.290760 s.

[NELEC] step = 2  nelec = 8  neInt = 8.000000  dnelc = -1.2176926134e-12
[ENERG] step = 2  eTotl = -7.84654286  eCore = 2.40851930  eCoul = 0.55614114  eExcl = -2.41876322  eNucl = -8.39244008  eDisp = 0.00000000
[ERROR] step = 2  engy error = -1.5122622391e-04  grad error =  0.0000000000e+00  dmat error =  9.5188156740e-03
Timer "SCF cycle: 2" used time: 0.297332 s.

[NELEC] step = 3  nelec = 8  neInt = 8.000000  dnelc = -1.2212453271e-12
[ENERG] step = 3  eTotl = -7.84663868  eCore = 2.40294180  eCoul = 0.56530064  eExcl = -2.42244103  eNucl = -8.39244008  eDisp = 0.00000000
[ERROR] step = 3  engy error = -9.5822926121e-05  grad error =  0.0000000000e+00  dmat error =  1.7421810631e-02
Timer "SCF cycle: 3" used time: 0.272596 s.

[NELEC] step = 4  nelec = 8  neInt = 8.000000  dnelc = -1.2185807918e-12
[ENERG] step = 4  eTotl = -7.84664015  eCore = 2.40337803  eCoul = 0.56455754  eExcl = -2.42213564  eNucl = -8.39244008  eDisp = 0.00000000
[ERROR] step = 4  engy error = -1.4753072612e-06  grad error =  0.0000000000e+00  dmat error =  1.9318571161e-03
Timer "SCF cycle: 4" used time: 0.232019 s.

[NELEC] step = 5  nelec = 8  neInt = 8.000000  dnelc = -1.2212453271e-12
[ENERG] step = 5  eTotl = -7.84664019  eCore = 2.40342768  eCoul = 0.56447267  eExcl = -2.42210047  eNucl = -8.39244008  eDisp = 0.00000000
[ERROR] step = 5  engy error = -3.8026005456e-08  grad error =  0.0000000000e+00  dmat error =  2.0720333694e-04
Timer "SCF cycle: 5" used time: 0.220021 s.

[NELEC] step = 6  nelec = 8  neInt = 8.000000  dnelc = -1.2203571487e-12
[ENERG] step = 6  eTotl = -7.84664019  eCore = 2.40341889  eCoul = 0.56448715  eExcl = -2.42210615  eNucl = -8.39244008  eDisp = 0.00000000
[ERROR] step = 6  engy error = -1.2110472625e-09  grad error =  0.0000000000e+00  dmat error =  2.8529106543e-05
SCF converged in 6 steps.
Kylin-PBC Done.
Timer "Kylin-PBC main" used time: 2.605301 s.
