#INFO: **** input file is /home/rudin/code/kylin-pbc/art/example/extern/BN-PBE-k333-pyscf-FFTDF/run-pyscf.py ****
#!/usr/bin/env python3
# PySCF input for BN-PBE-k333 (external benchmark)
# Engine: FFTDF (default with_df); basis/pseudo match kylin & CP2K.
import time, os
import pyscf.pbc.gto as pbcgto
import pyscf.pbc.dft as pbcdft

tic = time.time()

cell = pbcgto.Cell()
cell.a = """
        0.0000000000     1.8075000000     1.8075000000
        1.8075000000     0.0000000000     1.8075000000
        1.8075000000     1.8075000000     0.0000000000
"""
cell.atom = """
    B       0.0000000000     0.0000000000     0.0000000000
    N       0.9037500000     0.9037500000     0.9037500000
"""
cell.basis = "gth-dzvp-molopt-sr"
cell.pseudo = "gth-pbe"
cell.unit = "A"
cell.precision = 1e-10
cell.verbose = 4
cell.build()

kpts = cell.make_kpts([3, 3, 3])
kmf = pbcdft.KRKS(cell, kpts)
kmf.xc = "PBE"
kmf.max_cycle = 200
kmf.conv_tol = 1e-7
etot = kmf.kernel()
print("E_tot (Ha) =", etot)

# approximate band gap from k-point eigenvalues
try:
    homo = max(kmf.mo_energy[i][kmf.mo_occ[i] > 0].max() for i in range(len(kpts)))
    lumo = min(kmf.mo_energy[i][kmf.mo_occ[i] == 0].min() for i in range(len(kpts)))
    print("Band gap (eV) =", (lumo - homo) * 27.211386245988)
except Exception as ex:
    print("gap calc skipped:", ex)

print("wall time (s):", time.time() - tic)
print("OMP_NUM_THREADS:", os.getenv("OMP_NUM_THREADS", "not set"))
#INFO: ******************** input file end ********************


System: uname_result(system='Linux', node='cu01', release='5.15.0-139-generic', version='#149-Ubuntu SMP Fri Apr 11 22:06:13 UTC 2025', machine='x86_64')  Threads 32
Python 3.12.7 | packaged by Anaconda, Inc. | (main, Oct  4 2024, 13:27:36) [GCC 11.2.0]
numpy 2.4.2  scipy 1.17.0  h5py 3.15.1
Date: Tue Jun 23 15:57:07 2026
PySCF version 2.12.0
PySCF path  /software/Applications/pyscf/pyscf-2.12.0/pyscf

[CONFIG] conf_file None
[INPUT] verbose = 4
[INPUT] num. atoms = 2
[INPUT] num. electrons = 8
[INPUT] charge = 0
[INPUT] spin (= nelec alpha-beta = 2S) = 0
[INPUT] symmetry False subgroup None
[INPUT] Mole.unit = A
[INPUT] Symbol           X                Y                Z      unit          X                Y                Z       unit  Magmom
[INPUT]  1 B      0.000000000000   0.000000000000   0.000000000000 AA    0.000000000000   0.000000000000   0.000000000000 Bohr   0.0
[INPUT]  2 N      0.903750000000   0.903750000000   0.903750000000 AA    1.707839985076   1.707839985076   1.707839985076 Bohr   0.0

nuclear repulsion = -13.1703929520025
number of shells = 6
number of NR pGTOs = 81
number of NR cGTOs = 26
basis = gth-dzvp-molopt-sr
ecp = {}
CPU time:         6.87
lattice vectors  a1 [0.000000000, 3.415679970, 3.415679970]
                 a2 [3.415679970, 0.000000000, 3.415679970]
                 a3 [3.415679970, 3.415679970, 0.000000000]
dimension = 3
low_dim_ft_type = None
Cell volume = 79.7006
rcut = 26.34948047718472 (nimgs = [7 7 7])
precision = 1e-10
pseudo = gth-pbe
ke_cutoff = 911.2099293728636
    = [67 67 67] mesh (300763 PWs)


******** <class 'pyscf.pbc.dft.krks.KRKS'> ********
method = KRKS
initial guess = minao
damping factor = 0
level_shift factor = 0
DIIS = <class 'pyscf.scf.diis.CDIIS'>
diis_start_cycle = 1
diis_space = 8
diis_damp = 0
SCF conv_tol = 1e-07
SCF conv_tol_grad = None
SCF max_cycles = 200
direct_scf = True
direct_scf_tol = 1e-13
chkfile to save SCF result = /tmp/tmpq8qh_nuy
max_memory 4000 MB (current use 129 MB)


******** PBC SCF flags ********
N kpts = 27
Exchange divergence treatment (exxdiv) = ewald
    madelung (= occupied orbital energy shift) = 0.22371641538335157
    Total energy shift due to Ewald probe charge = -1/2 * Nelec*madelung = -0.894865661533
DF object = <pyscf.pbc.df.fft.FFTDF object at 0x7f93b113b440>
XC functionals = PBE
small_rho_cutoff = 1e-07
Uniform grid, mesh = [67 67 67]
Set gradient conv threshold to 0.000316228
nelec by numeric integration = 7.999923954680753
init E= -12.8575208789192
HOMO = 0.379894184187  LUMO = 0.614567606571
nelec by numeric integration = 8.000000000000004
cycle= 1 E= -12.846791674296  delta_E= 0.0107  |g|= 1.16  |ddm|=   14
HOMO = 0.450728894431  LUMO = 0.625199810013
nelec by numeric integration = 8.000000000000002
cycle= 2 E= -12.8358182599581  delta_E= 0.011  |g|= 1.62  |ddm|= 3.72
HOMO = 0.415270150372  LUMO = 0.624451148172
nelec by numeric integration = 8.000000000000005
cycle= 3 E= -12.8571310099698  delta_E= -0.0213  |g|= 0.0367  |ddm|= 2.18
HOMO = 0.415069495368  LUMO = 0.623712347064
nelec by numeric integration = 8.000000000000004
cycle= 4 E= -12.8571440895245  delta_E= -1.31e-05  |g|= 0.00074  |ddm|= 0.0732
HOMO = 0.415101444982  LUMO = 0.623708456664
nelec by numeric integration = 8.000000000000004
cycle= 5 E= -12.8571440944551  delta_E= -4.93e-09  |g|= 5e-05  |ddm|= 0.00175
HOMO = 0.415097398437  LUMO = 0.623706784961
nelec by numeric integration = 8.000000000000002
Extra cycle  E= -12.8571440944429  delta_E= 1.22e-11  |g|= 6.2e-05  |ddm|= 0.00018
converged SCF energy = -12.8571440944429
E_tot (Ha) = -12.857144094442909
Band gap (eV) = 5.67655059124268
wall time (s): 87.45209622383118
OMP_NUM_THREADS: 32
