Kylin-PBC: v1.0.0

System time = 2026-09-30 19:51:01

OMP threads = 32

KYLIN_PBC_ROOT = "/home/rudin/code/kylin-pbc"
KYLIN_SCR_PATH = "/tmp"
KYLIN_JOB_PATH = "/home/rudin/tmp-review-ionic/LiH16/none/c40"

SCF.xcfun                      = HSE06
SCF.basis                      = dzvp-sr
SCF.psudo                      = gth-pbe
SCF.kmesh                      = 1 1 1
SCF.gmesh                      = 5.0e-01
SCF.ispin                      = OFF
SCF.dspin                      = 0
SCF.eps_engy                   = 3.7e-09 [AU]
SCF.eps_grad                   = 1.0e-05 [AU]
SCF.eps_dmat                   = 1.0e-03
SCF.chk_load                   = 
SCF.chk_save                   = 
SCF.scf_guess                  = ATOM
SCF.max_cycle                  = 200
SCF.vdw_method                 = NONE
SCF.coul_method                = MGDF
SCF.xchg_method                = LSDF
SCF.xchg_exxocc                = OFF
SCF.xchg_exxace                = NONE
SCF.xchg_robust                = NONE
SCF.xchg_exxdiv                = EWALD
SCF.xchg_dropG0                = ON
SCF.lsdf_cparam                = 40
SCF.lsdf_mparam                = 5
SCF.lsdf_ipslct                = QRCP
SCF.lsdf_chocut                = 1.0e-08
SCF.lsdf_atmcut                = 2.5e+01
SCF.lsdf_aovcut                = 1.0e-07
SCF.lsdf_swzcut                = 0.0e+00
SCF.lsdf_pnocut                = 0.0e+00
SCF.lsdf_nafcut                = 0.0e+00
SCF.mgdf_ntasks                = 4
SCF.mgdf_kratio                = 3.0e+00
SCF.mgdf_cutoff                = 3.0e+02 [AU]
SCF.mgdf_relcut                = 3.0e+01
SCF.mgdf_prprec                = 1.0e-14
SCF.dmx_mix_method             = NONE
SCF.dmx_mix_start              = 1
SCF.dmx_mix_space              = 8
SCF.dmx_mix_alpha              = 3.0e-01
SCF.rho_mix_method             = NONE
SCF.rho_mix_start              = 1
SCF.rho_mix_space              = 8
SCF.rho_mix_alpha              = 3.0e-01
SCF.hks_mix_method             = BROY
SCF.hks_mix_start              = 1
SCF.hks_mix_space              = 8
SCF.hks_mix_alpha              = 3.0e-01
SCF.damp_factor                = 0.0e+00
SCF.level_shift                = 0.0e+00 [AU]
SCF.smear_method               = NONE
SCF.smear_sigma                = 0.0e+00 [AU]
SCF.soc                        = OFF
SCF.soc_window                 = 1.8e+00 [AU]
SCF.print_bandgap              = OFF
SCF.print_time                 = OFF

OPT.opt_method                 = BFGS
OPT.max_cycle                  = 1
OPT.eps_engy                   = 4.0e-06 [AU]
OPT.eps_grad                   = 4.0e-04 [AU]
OPT.trust_limit                = 3.0e-01 [AU]
OPT.damp_factor                = 0.0e+00
OPT.opt_mix_method             = NONE
OPT.opt_mix_start              = 1
OPT.opt_mix_space              = 5
OPT.opt_mix_alpha              = 3.0e-01
OPT.neb_method                 = FIRE
OPT.neb_lclimb                 = ON
OPT.neb_interp                 = IDPP
OPT.neb_nimage                 = 5
OPT.neb_spring                 = 1.0e-02 [AU]
OPT.neb_maxstep                = 7.6e-02 [AU]

PROP.calculation               = NONE
FREQ.freq_method               = FREE2
FREQ.fd_stepsize               = 2.8e-02 [AU]
DOS.dos_method                 = GAUSS
DOS.dos_sigma                  = 3.7e-03 [AU]
DOS.dos_npoint                 = 1001
DOS.dos_emin                   = 0.0e+00 [AU]
DOS.dos_emax                   = 0.0e+00 [AU]

OPT.mdx_ensemble               = NVE
OPT.mdx_thermostat             = NHC
OPT.mdx_max_step               = 0
OPT.mdx_timestep               = 4.0e+01 [AU]
OPT.mdx_temperature            = 9.5e-04 [AU]
OPT.mdx_pressure               = 0.0e+00 [AU]
OPT.mdx_thermo_tau             = 4.0e+03 [AU]
OPT.mdx_baro_tau               = 2.0e+04 [AU]
OPT.mdx_nhc_length             = 3
OPT.mdx_nhc_mts                = 3
OPT.mdx_constraint             = OFF
OPT.mdx_constraint_tol         = 1.0e-10
OPT.mdx_rng_seed               = 42

K-points mesh = 1 1 1

xc functional: "HSE06"
is hybrid: YES
HFX coeff: 0.25

Basis Set Name: "dzvp-sr"
number of shell = 32
number of basis = 88
gmesh = 50 50 99

Pseudopotential Name: "gth-pbe"
number of valence electron = 32

OPT Calculation.

==============================================================
                   Geometry Optimization                      
==============================================================
  method      = BFGS
  max_cycle   = 1
  eps_engy    = 4.000000e-06
  eps_grad    = 4.000000e-04
  trust_limit = 0.300000
  natom       = 16
  nfree       = 48 / 48
==============================================================

--------------------------------------------------------------
  OPT step 0
--------------------------------------------------------------
[OPT] Cell structure (Angstrom):
       4.08300000       0.00000000       0.00000000
       0.00000000       4.08300000       0.00000000
       0.00000000       0.00000000       8.16600000

Cart
Li         0.00000000       0.00000000       0.00000000   T T T
Li         0.10000000       2.09150000       2.07150000   T T T
Li         2.04150000       0.00000000       2.04150000   T T T
Li         2.04150000       2.04150000       0.00000000   T T T
H          2.04150000       2.04150000       2.04150000   T T T
H          2.04150000       4.08300000       4.08300000   T T T
H          4.08300000       2.04150000       4.08300000   T T T
H          4.08300000       4.08300000       2.04150000   T T T
Li         0.00000000       0.00000000       4.08300000   T T T
Li         0.00000000       2.04150000       6.12450000   T T T
Li         2.04150000       0.00000000       6.12450000   T T T
Li         2.04150000       2.04150000       4.08300000   T T T
H          2.04150000       2.04150000       6.12450000   T T T
H          2.04150000       4.08300000       8.16600000   T T T
H          4.08300000       2.04150000       8.16600000   T T T
H          4.08300000       4.08300000       6.12450000   T T T

[OPT] Cell written to /home/rudin/tmp-review-ionic/LiH16/none/c40/opt_img/cell_opt_0.txt
[LSDF] gmesh = (50, 50, 99), ngrid = 247500, naofn = 88, natom = 16
Timer "[LSDF] Voronoi partition" used time: 0.004715 s.
Timer "[LSDF] AO evaluation + screening" used time: 1.109312 s.
[LSDF] IP method: randomized QRCP (c=40, m=5)
[LSDF] total IPs selected: 3600 (1.4545% of grid)
Timer "[LSDF] IP selection" used time: 0.856476 s.
Timer "[LSDF] aux basis fitting" used time: 0.259931 s.
[LSDF] Step 5 diagnostics: natom=16, ngrid=247500, naux_total=3600
[LSDF]   OMP threads=32, MKL threads=32
[LSDF]   Vmat_loc total size: 3600 x 247500 = 6.64 GB
Timer "[LSDF]   5a Vmat_loc alloc+FFT" used time: 0.400029 s.
[LSDF]   W size: 3600 x 3600 = 98.88 MB, max_npart=15655
Timer "[LSDF]   5b W construction (DGEMM)" used time: 0.126582 s.
Timer "[LSDF]   5c Wmat symmetrize" used time: 0.005849 s.
[LSDF]   robust_mode=NONE: freeing Vmat_loc
Timer "[LSDF] V/W construction" used time: 0.903978 s.
[LSDF] xchg phases: A=0.000 s, B(K_W)=0.002 s, C(K_V)=0.000 s, E(reduce)=0.000 s
[NELEC] step = 0  nelec = 32  neInt = 32.000000  dnelc =  1.4702898454e-08
[ENERG] step = 0  eTotl = -59.09361498  eCore = -24.56285827  eCoul = 7.55157688  eExcl = -14.93244035  eNucl = -27.14989324  eDisp = 0.00000000
[ERROR] step = 0  engy error =  0.0000000000e+00  grad error =  0.0000000000e+00  dmat error =  0.0000000000e+00
Timer "SCF cycle: 0" used time: 0.805979 s.

[LSDF] xchg phases: A=0.000 s, B(K_W)=0.002 s, C(K_V)=0.000 s, E(reduce)=0.000 s
[NELEC] step = 1  nelec = 32  neInt = 32.000001  dnelc =  6.7070910603e-07
[ENERG] step = 1  eTotl = -64.07226107  eCore = -35.36107357  eCoul = 17.06105497  eExcl = -18.62234923  eNucl = -27.14989324  eDisp = 0.00000000
[ERROR] step = 1  engy error = -4.9786460837e+00  grad error =  0.0000000000e+00  dmat error =  6.2771953102e+00
Timer "SCF cycle: 1" used time: 0.796488 s.

[LSDF] xchg phases: A=0.000 s, B(K_W)=0.004 s, C(K_V)=0.000 s, E(reduce)=0.000 s
[NELEC] step = 2  nelec = 32  neInt = 32.000000  dnelc =  4.4031315127e-07
[ENERG] step = 2  eTotl = -64.14252234  eCore = -35.24525700  eCoul = 16.75847528  eExcl = -18.50584738  eNucl = -27.14989324  eDisp = 0.00000000
[ERROR] step = 2  engy error = -7.0261270484e-02  grad error =  0.0000000000e+00  dmat error =  1.7950364783e+00
Timer "SCF cycle: 2" used time: 0.789550 s.

[LSDF] xchg phases: A=0.000 s, B(K_W)=0.002 s, C(K_V)=0.000 s, E(reduce)=0.000 s
[NELEC] step = 3  nelec = 32  neInt = 32.000000  dnelc = -6.3153368757e-08
[ENERG] step = 3  eTotl = -64.20212755  eCore = -34.87363038  eCoul = 16.03336697  eExcl = -18.21197090  eNucl = -27.14989324  eDisp = 0.00000000
[ERROR] step = 3  engy error = -5.9605216336e-02  grad error =  0.0000000000e+00  dmat error =  2.5109548457e+00
Timer "SCF cycle: 3" used time: 0.786541 s.

[LSDF] xchg phases: A=0.000 s, B(K_W)=0.002 s, C(K_V)=0.000 s, E(reduce)=0.000 s
[NELEC] step = 4  nelec = 32  neInt = 32.000000  dnelc = -4.3826414498e-08
[ENERG] step = 4  eTotl = -64.20285296  eCore = -34.89515744  eCoul = 16.06070337  eExcl = -18.21850565  eNucl = -27.14989324  eDisp = 0.00000000
[ERROR] step = 4  engy error = -7.2540632300e-04  grad error =  0.0000000000e+00  dmat error =  7.8971763356e-02
Timer "SCF cycle: 4" used time: 0.775369 s.

[LSDF] xchg phases: A=0.000 s, B(K_W)=0.002 s, C(K_V)=0.000 s, E(reduce)=0.000 s
[NELEC] step = 5  nelec = 32  neInt = 32.000000  dnelc = -2.4023577794e-08
[ENERG] step = 5  eTotl = -64.20305582  eCore = -34.91545495  eCoul = 16.08924002  eExcl = -18.22694765  eNucl = -27.14989324  eDisp = 0.00000000
[ERROR] step = 5  engy error = -2.0285652027e-04  grad error =  0.0000000000e+00  dmat error =  7.6542560344e-02
Timer "SCF cycle: 5" used time: 0.783864 s.

[LSDF] xchg phases: A=0.000 s, B(K_W)=0.010 s, C(K_V)=0.000 s, E(reduce)=0.000 s
[NELEC] step = 6  nelec = 32  neInt = 32.000000  dnelc = -2.2263815680e-08
[ENERG] step = 6  eTotl = -64.20305856  eCore = -34.91688603  eCoul = 16.09189820  eExcl = -18.22817749  eNucl = -27.14989324  eDisp = 0.00000000
[ERROR] step = 6  engy error = -2.7466373638e-06  grad error =  0.0000000000e+00  dmat error =  6.9706939771e-03
Timer "SCF cycle: 6" used time: 0.792713 s.

[LSDF] xchg phases: A=0.000 s, B(K_W)=0.002 s, C(K_V)=0.000 s, E(reduce)=0.000 s
[NELEC] step = 7  nelec = 32  neInt = 32.000000  dnelc = -2.1965934849e-08
[ENERG] step = 7  eTotl = -64.20305881  eCore = -34.91685162  eCoul = 16.09247788  eExcl = -18.22879182  eNucl = -27.14989324  eDisp = 0.00000000
[ERROR] step = 7  engy error = -2.4710578828e-07  grad error =  0.0000000000e+00  dmat error =  1.8266150612e-03
Timer "SCF cycle: 7" used time: 0.782249 s.

[NELEC] step = 8  nelec = 32  neInt = 32.000000  dnelc = -2.2106910080e-08
[ENERG] step = 8  eTotl = -64.20305880  eCore = -34.91670306  eCoul = 16.09228013  eExcl = -18.22874262  eNucl = -27.14989324  eDisp = 0.00000000
[ERROR] step = 8  engy error =  1.4940169990e-08  grad error =  0.0000000000e+00  dmat error =  5.6946300916e-04
Timer "SCF cycle: 8" used time: 0.779121 s.

[NELEC] step = 9  nelec = 32  neInt = 32.000000  dnelc = -2.2035806069e-08
[ENERG] step = 9  eTotl = -64.20305880  eCore = -34.91676520  eCoul = 16.09238579  eExcl = -18.22878615  eNucl = -27.14989324  eDisp = 0.00000000
[ERROR] step = 9  engy error = -5.6937352610e-09  grad error =  0.0000000000e+00  dmat error =  2.7443559486e-04
Timer "SCF cycle: 9" used time: 0.786072 s.

[NELEC] step = 10  nelec = 32  neInt = 32.000000  dnelc = -2.2038715741e-08
[ENERG] step = 10  eTotl = -64.20305880  eCore = -34.91676441  eCoul = 16.09237953  eExcl = -18.22878068  eNucl = -27.14989324  eDisp = 0.00000000
[ERROR] step = 10  engy error = -5.7130478126e-10  grad error =  0.0000000000e+00  dmat error =  4.0466248628e-05
SCF converged in 10 steps.
[LSDF] xchg_d10: robust_mode=NONE, no V data -> full-grid FFT path
[GRADIENT] SCF type: GRKS | atoms: 16 | DOF: 48 | time: 31.592 s
  Atom   0:  -5.4488721493e-04  -5.8432421433e-04  -2.4707716663e-04
  Atom   1:  -5.3846650381e-03  -2.8302497581e-03  -7.3594369831e-04
  Atom   2:  -3.0096617452e-03  -1.5329086904e-03   5.6517901719e-04
  Atom   3:  -1.1656953397e-03  -2.7716585687e-04  -2.2999518677e-04
  Atom   4:   8.8675600443e-03   1.8865299665e-03  -1.5074134566e-04
  Atom   5:  -7.0837725294e-06   4.9396545345e-06   1.6039420874e-04
  Atom   6:  -3.3810749975e-04  -1.4820787523e-04   1.1923443813e-03
  Atom   7:   3.7195235516e-03   4.5415334246e-03  -1.4081377632e-04
  Atom   8:  -5.4183614603e-04  -6.5129704386e-04  -6.9919016267e-04
  Atom   9:  -1.1141387270e-04  -5.9461369813e-05  -1.0571567323e-03
  Atom  10:   4.2509049968e-06   5.0417095794e-07  -7.9434252238e-04
  Atom  11:  -1.3017164218e-03  -2.7683765944e-04  -7.2882554222e-04
  Atom  12:   2.6692836383e-05   9.5713453319e-06   6.9497712903e-04
  Atom  13:  -2.0610978536e-05  -3.3073219410e-06  -1.1976013168e-05
  Atom  14:  -2.2083333048e-04  -9.2797329263e-05   1.4959844198e-03
  Atom  15:   2.1514436164e-05   1.7545889154e-05   6.9535547287e-04
[OPT] step = 0  energy = -64.2030588021  dE =               N/A  grad_max =  8.8675600443e-03  grad_rms =  1.9272096890e-03
[OPT] Geometry optimization did not converge in 1 steps.
Kylin-PBC Done.
Timer "Kylin-PBC main" used time: 44.95021 s.
