Kylin-PBC: v1.0.0

System time = 2026-09-30 19:48:07

OMP threads = 32

KYLIN_PBC_ROOT = "/home/rudin/code/kylin-pbc"
KYLIN_SCR_PATH = "/tmp"
KYLIN_JOB_PATH = "/home/rudin/tmp-review-ionic/LiH16/none/c10"

SCF.xcfun                      = HSE06
SCF.basis                      = dzvp-sr
SCF.psudo                      = gth-pbe
SCF.kmesh                      = 1 1 1
SCF.gmesh                      = 5.0e-01
SCF.ispin                      = OFF
SCF.dspin                      = 0
SCF.eps_engy                   = 3.7e-09 [AU]
SCF.eps_grad                   = 1.0e-05 [AU]
SCF.eps_dmat                   = 1.0e-03
SCF.chk_load                   = 
SCF.chk_save                   = 
SCF.scf_guess                  = ATOM
SCF.max_cycle                  = 200
SCF.vdw_method                 = NONE
SCF.coul_method                = MGDF
SCF.xchg_method                = LSDF
SCF.xchg_exxocc                = OFF
SCF.xchg_exxace                = NONE
SCF.xchg_robust                = NONE
SCF.xchg_exxdiv                = EWALD
SCF.xchg_dropG0                = ON
SCF.lsdf_cparam                = 10
SCF.lsdf_mparam                = 5
SCF.lsdf_ipslct                = QRCP
SCF.lsdf_chocut                = 1.0e-08
SCF.lsdf_atmcut                = 2.5e+01
SCF.lsdf_aovcut                = 1.0e-07
SCF.lsdf_swzcut                = 0.0e+00
SCF.lsdf_pnocut                = 0.0e+00
SCF.lsdf_nafcut                = 0.0e+00
SCF.mgdf_ntasks                = 4
SCF.mgdf_kratio                = 3.0e+00
SCF.mgdf_cutoff                = 3.0e+02 [AU]
SCF.mgdf_relcut                = 3.0e+01
SCF.mgdf_prprec                = 1.0e-14
SCF.dmx_mix_method             = NONE
SCF.dmx_mix_start              = 1
SCF.dmx_mix_space              = 8
SCF.dmx_mix_alpha              = 3.0e-01
SCF.rho_mix_method             = NONE
SCF.rho_mix_start              = 1
SCF.rho_mix_space              = 8
SCF.rho_mix_alpha              = 3.0e-01
SCF.hks_mix_method             = BROY
SCF.hks_mix_start              = 1
SCF.hks_mix_space              = 8
SCF.hks_mix_alpha              = 3.0e-01
SCF.damp_factor                = 0.0e+00
SCF.level_shift                = 0.0e+00 [AU]
SCF.smear_method               = NONE
SCF.smear_sigma                = 0.0e+00 [AU]
SCF.soc                        = OFF
SCF.soc_window                 = 1.8e+00 [AU]
SCF.print_bandgap              = OFF
SCF.print_time                 = OFF

OPT.opt_method                 = BFGS
OPT.max_cycle                  = 1
OPT.eps_engy                   = 4.0e-06 [AU]
OPT.eps_grad                   = 4.0e-04 [AU]
OPT.trust_limit                = 3.0e-01 [AU]
OPT.damp_factor                = 0.0e+00
OPT.opt_mix_method             = NONE
OPT.opt_mix_start              = 1
OPT.opt_mix_space              = 5
OPT.opt_mix_alpha              = 3.0e-01
OPT.neb_method                 = FIRE
OPT.neb_lclimb                 = ON
OPT.neb_interp                 = IDPP
OPT.neb_nimage                 = 5
OPT.neb_spring                 = 1.0e-02 [AU]
OPT.neb_maxstep                = 7.6e-02 [AU]

PROP.calculation               = NONE
FREQ.freq_method               = FREE2
FREQ.fd_stepsize               = 2.8e-02 [AU]
DOS.dos_method                 = GAUSS
DOS.dos_sigma                  = 3.7e-03 [AU]
DOS.dos_npoint                 = 1001
DOS.dos_emin                   = 0.0e+00 [AU]
DOS.dos_emax                   = 0.0e+00 [AU]

OPT.mdx_ensemble               = NVE
OPT.mdx_thermostat             = NHC
OPT.mdx_max_step               = 0
OPT.mdx_timestep               = 4.0e+01 [AU]
OPT.mdx_temperature            = 9.5e-04 [AU]
OPT.mdx_pressure               = 0.0e+00 [AU]
OPT.mdx_thermo_tau             = 4.0e+03 [AU]
OPT.mdx_baro_tau               = 2.0e+04 [AU]
OPT.mdx_nhc_length             = 3
OPT.mdx_nhc_mts                = 3
OPT.mdx_constraint             = OFF
OPT.mdx_constraint_tol         = 1.0e-10
OPT.mdx_rng_seed               = 42

K-points mesh = 1 1 1

xc functional: "HSE06"
is hybrid: YES
HFX coeff: 0.25

Basis Set Name: "dzvp-sr"
number of shell = 32
number of basis = 88
gmesh = 50 50 99

Pseudopotential Name: "gth-pbe"
number of valence electron = 32

OPT Calculation.

==============================================================
                   Geometry Optimization                      
==============================================================
  method      = BFGS
  max_cycle   = 1
  eps_engy    = 4.000000e-06
  eps_grad    = 4.000000e-04
  trust_limit = 0.300000
  natom       = 16
  nfree       = 48 / 48
==============================================================

--------------------------------------------------------------
  OPT step 0
--------------------------------------------------------------
[OPT] Cell structure (Angstrom):
       4.08300000       0.00000000       0.00000000
       0.00000000       4.08300000       0.00000000
       0.00000000       0.00000000       8.16600000

Cart
Li         0.00000000       0.00000000       0.00000000   T T T
Li         0.10000000       2.09150000       2.07150000   T T T
Li         2.04150000       0.00000000       2.04150000   T T T
Li         2.04150000       2.04150000       0.00000000   T T T
H          2.04150000       2.04150000       2.04150000   T T T
H          2.04150000       4.08300000       4.08300000   T T T
H          4.08300000       2.04150000       4.08300000   T T T
H          4.08300000       4.08300000       2.04150000   T T T
Li         0.00000000       0.00000000       4.08300000   T T T
Li         0.00000000       2.04150000       6.12450000   T T T
Li         2.04150000       0.00000000       6.12450000   T T T
Li         2.04150000       2.04150000       4.08300000   T T T
H          2.04150000       2.04150000       6.12450000   T T T
H          2.04150000       4.08300000       8.16600000   T T T
H          4.08300000       2.04150000       8.16600000   T T T
H          4.08300000       4.08300000       6.12450000   T T T

[OPT] Cell written to /home/rudin/tmp-review-ionic/LiH16/none/c10/opt_img/cell_opt_0.txt
[LSDF] gmesh = (50, 50, 99), ngrid = 247500, naofn = 88, natom = 16
Timer "[LSDF] Voronoi partition" used time: 0.004734 s.
Timer "[LSDF] AO evaluation + screening" used time: 1.108848 s.
[LSDF] IP method: randomized QRCP (c=10, m=5)
[LSDF] total IPs selected: 960 (0.3879% of grid)
Timer "[LSDF] IP selection" used time: 0.205487 s.
Timer "[LSDF] aux basis fitting" used time: 0.038253 s.
[LSDF] Step 5 diagnostics: natom=16, ngrid=247500, naux_total=960
[LSDF]   OMP threads=32, MKL threads=32
[LSDF]   Vmat_loc total size: 960 x 247500 = 1.77 GB
Timer "[LSDF]   5a Vmat_loc alloc+FFT" used time: 0.110578 s.
[LSDF]   W size: 960 x 960 = 7.03 MB, max_npart=15655
Timer "[LSDF]   5b W construction (DGEMM)" used time: 0.016766 s.
Timer "[LSDF]   5c Wmat symmetrize" used time: 0.000373 s.
[LSDF]   robust_mode=NONE: freeing Vmat_loc
Timer "[LSDF] V/W construction" used time: 0.232433 s.
[LSDF] xchg phases: A=0.000 s, B(K_W)=0.001 s, C(K_V)=0.000 s, E(reduce)=0.000 s
[NELEC] step = 0  nelec = 32  neInt = 32.000000  dnelc =  1.4702898454e-08
[ENERG] step = 0  eTotl = -59.09673286  eCore = -24.56285827  eCoul = 7.55157688  eExcl = -14.93555823  eNucl = -27.14989324  eDisp = 0.00000000
[ERROR] step = 0  engy error =  0.0000000000e+00  grad error =  0.0000000000e+00  dmat error =  0.0000000000e+00
Timer "SCF cycle: 0" used time: 0.811389 s.

[LSDF] xchg phases: A=0.000 s, B(K_W)=0.000 s, C(K_V)=0.000 s, E(reduce)=0.000 s
[NELEC] step = 1  nelec = 32  neInt = 32.000001  dnelc =  6.7698777428e-07
[ENERG] step = 1  eTotl = -64.08170688  eCore = -35.36350579  eCoul = 17.06987618  eExcl = -18.63818403  eNucl = -27.14989324  eDisp = 0.00000000
[ERROR] step = 1  engy error = -4.9849740142e+00  grad error =  0.0000000000e+00  dmat error =  6.2829791426e+00
Timer "SCF cycle: 1" used time: 0.788600 s.

[LSDF] xchg phases: A=0.000 s, B(K_W)=0.000 s, C(K_V)=0.000 s, E(reduce)=0.000 s
[NELEC] step = 2  nelec = 32  neInt = 32.000000  dnelc =  4.4778263231e-07
[ENERG] step = 2  eTotl = -64.15148568  eCore = -35.24818187  eCoul = 16.76835486  eExcl = -18.52176543  eNucl = -27.14989324  eDisp = 0.00000000
[ERROR] step = 2  engy error = -6.9778798193e-02  grad error =  0.0000000000e+00  dmat error =  1.7937730915e+00
Timer "SCF cycle: 2" used time: 0.781282 s.

[LSDF] xchg phases: A=0.000 s, B(K_W)=0.002 s, C(K_V)=0.000 s, E(reduce)=0.000 s
[NELEC] step = 3  nelec = 32  neInt = 32.000000  dnelc = -5.3165361891e-08
[ENERG] step = 3  eTotl = -64.21095953  eCore = -34.87795907  eCoul = 16.04493664  eExcl = -18.22804387  eNucl = -27.14989324  eDisp = 0.00000000
[ERROR] step = 3  engy error = -5.9473852408e-02  grad error =  0.0000000000e+00  dmat error =  2.5195128218e+00
Timer "SCF cycle: 3" used time: 0.795131 s.

[LSDF] xchg phases: A=0.000 s, B(K_W)=0.001 s, C(K_V)=0.000 s, E(reduce)=0.000 s
[NELEC] step = 4  nelec = 32  neInt = 32.000000  dnelc = -3.4718869557e-08
[ENERG] step = 4  eTotl = -64.21166105  eCore = -34.89885736  eCoul = 16.07115734  eExcl = -18.23406778  eNucl = -27.14989324  eDisp = 0.00000000
[ERROR] step = 4  engy error = -7.0151838608e-04  grad error =  0.0000000000e+00  dmat error =  7.6298073747e-02
Timer "SCF cycle: 4" used time: 0.797616 s.

[LSDF] xchg phases: A=0.000 s, B(K_W)=0.001 s, C(K_V)=0.000 s, E(reduce)=0.000 s
[NELEC] step = 5  nelec = 32  neInt = 32.000000  dnelc = -1.5678036647e-08
[ENERG] step = 5  eTotl = -64.21185607  eCore = -34.91863741  eCoul = 16.09874839  eExcl = -18.24207381  eNucl = -27.14989324  eDisp = 0.00000000
[ERROR] step = 5  engy error = -1.9502182306e-04  grad error =  0.0000000000e+00  dmat error =  7.7298107287e-02
Timer "SCF cycle: 5" used time: 0.783599 s.

[LSDF] xchg phases: A=0.000 s, B(K_W)=0.000 s, C(K_V)=0.000 s, E(reduce)=0.000 s
[NELEC] step = 6  nelec = 32  neInt = 32.000000  dnelc = -1.4014180039e-08
[ENERG] step = 6  eTotl = -64.21185873  eCore = -34.92000318  eCoul = 16.10128571  eExcl = -18.24324802  eNucl = -27.14989324  eDisp = 0.00000000
[ERROR] step = 6  engy error = -2.6619315747e-06  grad error =  0.0000000000e+00  dmat error =  6.7713664597e-03
Timer "SCF cycle: 6" used time: 0.796369 s.

[LSDF] xchg phases: A=0.000 s, B(K_W)=0.001 s, C(K_V)=0.000 s, E(reduce)=0.000 s
[NELEC] step = 7  nelec = 32  neInt = 32.000000  dnelc = -1.3744266170e-08
[ENERG] step = 7  eTotl = -64.21185897  eCore = -34.91994947  eCoul = 16.10183353  eExcl = -18.24384979  eNucl = -27.14989324  eDisp = 0.00000000
[ERROR] step = 7  engy error = -2.3858713405e-07  grad error =  0.0000000000e+00  dmat error =  1.7972144984e-03
Timer "SCF cycle: 7" used time: 0.780811 s.

[NELEC] step = 8  nelec = 32  neInt = 32.000000  dnelc = -1.3882672789e-08
[ENERG] step = 8  eTotl = -64.21185897  eCore = -34.91980402  eCoul = 16.10163820  eExcl = -18.24379990  eNucl = -27.14989324  eDisp = 0.00000000
[ERROR] step = 8  engy error =  3.7378242723e-09  grad error =  0.0000000000e+00  dmat error =  5.8504468575e-04
Timer "SCF cycle: 8" used time: 0.802571 s.

[NELEC] step = 9  nelec = 32  neInt = 32.000000  dnelc = -1.3819075662e-08
[ENERG] step = 9  eTotl = -64.21185897  eCore = -34.91985955  eCoul = 16.10173342  eExcl = -18.24383960  eNucl = -27.14989324  eDisp = 0.00000000
[ERROR] step = 9  engy error = -2.2417196988e-09  grad error =  0.0000000000e+00  dmat error =  2.5517917954e-04
SCF converged in 9 steps.
[LSDF] xchg_d10: robust_mode=NONE, no V data -> full-grid FFT path
[GRADIENT] SCF type: GRKS | atoms: 16 | DOF: 48 | time: 31.576 s
  Atom   0:  -4.4080661887e-04  -4.6721828024e-04  -3.3874064519e-04
  Atom   1:  -5.3669803293e-03  -2.9676266200e-03  -1.1586713629e-03
  Atom   2:  -3.1219215265e-03  -1.5729179298e-03   8.0822637045e-04
  Atom   3:  -1.0384409504e-03  -3.0652576442e-04  -3.3660751106e-04
  Atom   4:   8.9288912322e-03   1.9573646170e-03  -7.8288970674e-05
  Atom   5:   7.0132481997e-05   8.8580010195e-05   1.8209645297e-04
  Atom   6:  -1.9731505951e-04  -1.4211615610e-04   1.3146868685e-03
  Atom   7:   3.7988272765e-03   4.6836857635e-03  -1.1052528823e-04
  Atom   8:  -4.7515735860e-04  -7.0087799999e-04  -7.2096259271e-04
  Atom   9:  -1.8317845984e-04  -6.0791130890e-05  -9.6490666306e-04
  Atom  10:   1.4123411489e-04  -7.6322437816e-05  -9.5031061729e-04
  Atom  11:  -1.5650666394e-03  -2.0163056756e-04  -7.1824770439e-04
  Atom  12:   1.5410472698e-05   5.9761651657e-05   8.4038342333e-04
  Atom  13:  -1.6449043237e-04  -7.6534259246e-05   3.5179575787e-05
  Atom  14:  -3.6818491228e-04  -1.8825490575e-04   1.5581802274e-03
  Atom  15:  -3.9107283219e-05  -2.5279335294e-05   6.4718087058e-04
[OPT] step = 0  energy = -64.2118589675  dE =               N/A  grad_max =  8.9288912322e-03  grad_rms =  1.9649040844e-03
[OPT] Geometry optimization did not converge in 1 steps.
Kylin-PBC Done.
Timer "Kylin-PBC main" used time: 42.51265 s.
