Kylin-PBC: v1.0.0

System time = 2026-09-30 11:56:45

OMP threads = 32

KYLIN_PBC_ROOT = "/home/rudin/code/kylin-pbc"
KYLIN_SCR_PATH = "/tmp"
KYLIN_JOB_PATH = "/home/rudin/tmp-review-gradtoy/si16_jul2/dzvp-sr_FTDF"

SCF.xcfun                      = HSE06
SCF.basis                      = dzvp-sr
SCF.psudo                      = gth-pbe
SCF.kmesh                      = 1 1 1
SCF.gmesh                      = 5.0e-01
SCF.ispin                      = OFF
SCF.dspin                      = 0
SCF.eps_engy                   = 3.7e-09 [AU]
SCF.eps_grad                   = 1.0e-05 [AU]
SCF.eps_dmat                   = 1.0e-03
SCF.chk_load                   = 
SCF.chk_save                   = 
SCF.scf_guess                  = ATOM
SCF.max_cycle                  = 100
SCF.vdw_method                 = NONE
SCF.coul_method                = MGDF
SCF.xchg_method                = FTDF
SCF.xchg_exxocc                = OFF
SCF.xchg_exxace                = NONE
SCF.xchg_robust                = TILE
SCF.xchg_exxdiv                = EWALD
SCF.xchg_dropG0                = ON
SCF.lsdf_cparam                = 30
SCF.lsdf_mparam                = 5
SCF.lsdf_ipslct                = QRCP
SCF.lsdf_chocut                = 1.0e-08
SCF.lsdf_atmcut                = 2.5e+01
SCF.lsdf_aovcut                = 1.0e-07
SCF.lsdf_swzcut                = 0.0e+00
SCF.lsdf_pnocut                = 0.0e+00
SCF.lsdf_nafcut                = 0.0e+00
SCF.mgdf_ntasks                = 4
SCF.mgdf_kratio                = 3.0e+00
SCF.mgdf_cutoff                = 3.0e+02 [AU]
SCF.mgdf_relcut                = 3.0e+01
SCF.mgdf_prprec                = 1.0e-14
SCF.dmx_mix_method             = NONE
SCF.dmx_mix_start              = 1
SCF.dmx_mix_space              = 8
SCF.dmx_mix_alpha              = 3.0e-01
SCF.rho_mix_method             = NONE
SCF.rho_mix_start              = 1
SCF.rho_mix_space              = 8
SCF.rho_mix_alpha              = 3.0e-01
SCF.hks_mix_method             = BROY
SCF.hks_mix_start              = 1
SCF.hks_mix_space              = 8
SCF.hks_mix_alpha              = 3.0e-01
SCF.damp_factor                = 0.0e+00
SCF.level_shift                = 0.0e+00 [AU]
SCF.smear_method               = NONE
SCF.smear_sigma                = 0.0e+00 [AU]
SCF.soc                        = OFF
SCF.soc_window                 = 1.8e+00 [AU]
SCF.print_bandgap              = OFF
SCF.print_time                 = OFF

OPT.opt_method                 = BFGS
OPT.max_cycle                  = 1
OPT.eps_engy                   = 4.0e-06 [AU]
OPT.eps_grad                   = 4.0e-04 [AU]
OPT.trust_limit                = 3.0e-01 [AU]
OPT.damp_factor                = 0.0e+00
OPT.opt_mix_method             = NONE
OPT.opt_mix_start              = 1
OPT.opt_mix_space              = 5
OPT.opt_mix_alpha              = 3.0e-01
OPT.neb_method                 = FIRE
OPT.neb_lclimb                 = ON
OPT.neb_interp                 = IDPP
OPT.neb_nimage                 = 5
OPT.neb_spring                 = 1.0e-02 [AU]
OPT.neb_maxstep                = 7.6e-02 [AU]

PROP.calculation               = NONE
FREQ.freq_method               = FREE2
FREQ.fd_stepsize               = 2.8e-02 [AU]
DOS.dos_method                 = GAUSS
DOS.dos_sigma                  = 3.7e-03 [AU]
DOS.dos_npoint                 = 1001
DOS.dos_emin                   = 0.0e+00 [AU]
DOS.dos_emax                   = 0.0e+00 [AU]

OPT.mdx_ensemble               = NVE
OPT.mdx_thermostat             = NHC
OPT.mdx_max_step               = 0
OPT.mdx_timestep               = 4.0e+01 [AU]
OPT.mdx_temperature            = 9.5e-04 [AU]
OPT.mdx_pressure               = 0.0e+00 [AU]
OPT.mdx_thermo_tau             = 4.0e+03 [AU]
OPT.mdx_baro_tau               = 2.0e+04 [AU]
OPT.mdx_nhc_length             = 3
OPT.mdx_nhc_mts                = 3
OPT.mdx_constraint             = OFF
OPT.mdx_constraint_tol         = 1.0e-10
OPT.mdx_rng_seed               = 42

K-points mesh = 1 1 1

xc functional: "HSE06"
is hybrid: YES
HFX coeff: 0.25

Basis Set Name: "dzvp-sr"
number of shell = 48
number of basis = 208
gmesh = 29 29 57

Pseudopotential Name: "gth-pbe"
number of valence electron = 64

OPT Calculation.

==============================================================
                   Geometry Optimization                      
==============================================================
  method      = BFGS
  max_cycle   = 1
  eps_engy    = 4.000000e-06
  eps_grad    = 4.000000e-04
  trust_limit = 0.300000
  natom       = 16
  nfree       = 48 / 48
==============================================================

--------------------------------------------------------------
  OPT step 0
--------------------------------------------------------------
[OPT] Cell structure (Angstrom):
       5.43100000       0.00000000       0.00000000
       0.00000000       5.43100000       0.00000000
       0.00000000       0.00000000      10.86200000

Cart
Si         0.00000000       0.00000000       0.00000000   T T T
Si         0.10000000       2.76550000       2.74550000   T T T
Si         2.71550000       0.00000000       2.71550000   T T T
Si         2.71550000       2.71550000       0.00000000   T T T
Si         1.35775000       1.35775000       1.35775000   T T T
Si         1.35775000       4.07325000       4.07325000   T T T
Si         4.07325000       1.35775000       4.07325000   T T T
Si         4.07325000       4.07325000       1.35775000   T T T
Si         0.00000000       0.00000000       5.43100000   T T T
Si         0.00000000       2.71550000       8.14650000   T T T
Si         2.71550000       0.00000000       8.14650000   T T T
Si         2.71550000       2.71550000       5.43100000   T T T
Si         1.35775000       1.35775000       6.78875000   T T T
Si         1.35775000       4.07325000       9.50425000   T T T
Si         4.07325000       1.35775000       9.50425000   T T T
Si         4.07325000       4.07325000       6.78875000   T T T

[OPT] Cell written to /home/rudin/tmp-review-gradtoy/si16_jul2/dzvp-sr_FTDF/opt_img/cell_opt_0.txt
[MGDF_DIAG] gmesh = 83 83 163  (ngrid=1122907)
[MGDF_DIAG] level 0  mesh=17 17 33  ngrid=9537  tasks=11328
[MGDF_DIAG] level 1  mesh=29 29 55  ngrid=46255  tasks=7676
[MGDF_DIAG] level 2  mesh=49 49 95  ngrid=228095  tasks=4197
[MGDF_DIAG] level 3  mesh=83 83 163  ngrid=1122907  tasks=0
[MGDF_DIAG] atom_pairs_kept=23201  rejected: atom=27360 set=0 pgf=71118 radius=1041
[MGDF_DIAG] max_pair_radius=15.7373  max_pgf_rcut=14.1991  total_pairs=23201  precision_colloc=1e-14  precision_screen=1e-07
  [bwd-lev0] integ=0.028815s  tasks=11328  us/pair=81.3984  grid=0.0727615MB
  [bwd-lev1] integ=0.0183671s  tasks=7676  us/pair=76.5693  grid=0.352898MB
  [bwd-lev2] integ=0.0127289s  tasks=4197  us/pair=97.0516  grid=1.74023MB
  [bwd] fft=0.00592685s  integ=0.059911s  reduce=0.00013113s
  [fwd-lev0] colloc=0.0150499s  tasks=11328  us/pair=42.5139  grid=0.0727615MB
  [fwd-lev1] colloc=0.00865507s  tasks=7676  us/pair=36.0816  grid=0.352898MB
  [fwd-lev2] colloc=0.00554705s  tasks=4197  us/pair=42.2934  grid=1.74023MB
  [fwd] colloc=0.0292521s  reduce=0.000460863s  fft=0.00224614s
  [bwd-lev0] integ=0.038281s  tasks=11328  us/pair=108.138  grid=0.0727615MB
  [bwd-lev1] integ=0.023711s  tasks=7676  us/pair=98.8472  grid=0.352898MB
  [bwd-lev2] integ=0.015744s  tasks=4197  us/pair=120.04  grid=1.74023MB
  [bwd] fft=0.0119071s  integ=0.0777359s  reduce=0.000221968s
[NELEC] step = 0  nelec = 64  neInt = 64.000000  dnelc =  2.1927348826e-11
[ENERG] step = 0  eTotl = -62.54338649  eCore = 19.60664054  eCoul = 4.69704873  eExcl = -19.67456273  eNucl = -67.17251303  eDisp = 0.00000000
[ERROR] step = 0  engy error =  0.0000000000e+00  grad error =  0.0000000000e+00  dmat error =  0.0000000000e+00
Timer "SCF cycle: 0" used time: 4.138062 s.

  [fwd-lev0] colloc=0.0130031s  tasks=11328  us/pair=36.732  grid=0.0727615MB
  [fwd-lev1] colloc=0.00785995s  tasks=7676  us/pair=32.7668  grid=0.352898MB
  [fwd-lev2] colloc=0.0044241s  tasks=4197  us/pair=33.7315  grid=1.74023MB
  [fwd] colloc=0.0252872s  reduce=0.000391006s  fft=0.00285006s
  [bwd-lev0] integ=0.0423291s  tasks=11328  us/pair=119.574  grid=0.0727615MB
  [bwd-lev1] integ=0.0248692s  tasks=7676  us/pair=103.676  grid=0.352898MB
  [bwd-lev2] integ=0.0164351s  tasks=4197  us/pair=125.31  grid=1.74023MB
  [bwd] fft=0.00994205s  integ=0.0836334s  reduce=0.000165939s
[NELEC] step = 1  nelec = 64  neInt = 64.000000  dnelc =  2.9373836696e-11
[ENERG] step = 1  eTotl = -62.76119183  eCore = 19.33616892  eCoul = 4.50690970  eExcl = -19.43175743  eNucl = -67.17251303  eDisp = 0.00000000
[ERROR] step = 1  engy error = -2.1780534197e-01  grad error =  0.0000000000e+00  dmat error =  1.1761905590e+00
Timer "SCF cycle: 1" used time: 4.534944 s.

  [fwd-lev0] colloc=0.0130138s  tasks=11328  us/pair=36.7623  grid=0.0727615MB
  [fwd-lev1] colloc=0.00793195s  tasks=7676  us/pair=33.067  grid=0.352898MB
  [fwd-lev2] colloc=0.00562596s  tasks=4197  us/pair=42.8951  grid=1.74023MB
  [fwd] colloc=0.0265718s  reduce=0.000331163s  fft=0.002074s
  [bwd-lev0] integ=0.0435131s  tasks=11328  us/pair=122.918  grid=0.0727615MB
  [bwd-lev1] integ=0.0254819s  tasks=7676  us/pair=106.23  grid=0.352898MB
  [bwd-lev2] integ=0.019712s  tasks=4197  us/pair=150.294  grid=1.74023MB
  [bwd] fft=0.00648117s  integ=0.088707s  reduce=0.000164986s
[NELEC] step = 2  nelec = 64  neInt = 64.000000  dnelc =  2.9885427466e-11
[ENERG] step = 2  eTotl = -62.76668844  eCore = 19.31158657  eCoul = 4.54713406  eExcl = -19.45289603  eNucl = -67.17251303  eDisp = 0.00000000
[ERROR] step = 2  engy error = -5.4966027296e-03  grad error =  0.0000000000e+00  dmat error =  1.7953395204e-02
Timer "SCF cycle: 2" used time: 4.386600 s.

  [fwd-lev0] colloc=0.0130501s  tasks=11328  us/pair=36.8646  grid=0.0727615MB
  [fwd-lev1] colloc=0.00795603s  tasks=7676  us/pair=33.1674  grid=0.352898MB
  [fwd-lev2] colloc=0.00563121s  tasks=4197  us/pair=42.9351  grid=1.74023MB
  [fwd] colloc=0.0266373s  reduce=0.000575781s  fft=0.00339723s
  [bwd-lev0] integ=0.044044s  tasks=11328  us/pair=124.418  grid=0.0727615MB
  [bwd-lev1] integ=0.0254819s  tasks=7676  us/pair=106.23  grid=0.352898MB
  [bwd-lev2] integ=0.016798s  tasks=4197  us/pair=128.076  grid=1.74023MB
  [bwd] fft=0.011822s  integ=0.086324s  reduce=0.000166178s
[NELEC] step = 3  nelec = 64  neInt = 64.000000  dnelc =  3.0809133023e-11
[ENERG] step = 3  eTotl = -62.77214835  eCore = 19.26604481  eCoul = 4.63233115  eExcl = -19.49801127  eNucl = -67.17251303  eDisp = 0.00000000
[ERROR] step = 3  engy error = -5.4599130027e-03  grad error =  0.0000000000e+00  dmat error =  4.0532418939e-02
Timer "SCF cycle: 3" used time: 4.085811 s.

  [fwd-lev0] colloc=0.0129831s  tasks=11328  us/pair=36.6754  grid=0.0727615MB
  [fwd-lev1] colloc=0.00794506s  tasks=7676  us/pair=33.1217  grid=0.352898MB
  [fwd-lev2] colloc=0.00562s  tasks=4197  us/pair=42.8497  grid=1.74023MB
  [fwd] colloc=0.0265481s  reduce=0.000336885s  fft=0.00206208s
  [bwd-lev0] integ=0.043874s  tasks=11328  us/pair=123.938  grid=0.0727615MB
  [bwd-lev1] integ=0.025763s  tasks=7676  us/pair=107.402  grid=0.352898MB
  [bwd-lev2] integ=0.016825s  tasks=4197  us/pair=128.282  grid=1.74023MB
  [bwd] fft=0.00660396s  integ=0.086462s  reduce=0.000163078s
[NELEC] step = 4  nelec = 64  neInt = 64.000000  dnelc =  3.0865976441e-11
[ENERG] step = 4  eTotl = -62.77220912  eCore = 19.26606517  eCoul = 4.63313950  eExcl = -19.49890076  eNucl = -67.17251303  eDisp = 0.00000000
[ERROR] step = 4  engy error = -6.0766737519e-05  grad error =  0.0000000000e+00  dmat error =  3.0936863562e-03
Timer "SCF cycle: 4" used time: 4.053440 s.

  [fwd-lev0] colloc=0.0129771s  tasks=11328  us/pair=36.6585  grid=0.0727615MB
  [fwd-lev1] colloc=0.0079329s  tasks=7676  us/pair=33.071  grid=0.352898MB
  [fwd-lev2] colloc=0.00563693s  tasks=4197  us/pair=42.9787  grid=1.74023MB
  [fwd] colloc=0.026547s  reduce=0.000333071s  fft=0.00205398s
  [bwd-lev0] integ=0.0404592s  tasks=11328  us/pair=114.291  grid=0.0727615MB
  [bwd-lev1] integ=0.0238369s  tasks=7676  us/pair=99.372  grid=0.352898MB
  [bwd-lev2] integ=0.0159149s  tasks=4197  us/pair=121.343  grid=1.74023MB
  [bwd] fft=0.0116007s  integ=0.0802109s  reduce=0.000234842s
[NELEC] step = 5  nelec = 64  neInt = 64.000000  dnelc =  3.0695446185e-11
[ENERG] step = 5  eTotl = -62.77223791  eCore = 19.26823172  eCoul = 4.63013754  eExcl = -19.49809414  eNucl = -67.17251303  eDisp = 0.00000000
[ERROR] step = 5  engy error = -2.8796482525e-05  grad error =  0.0000000000e+00  dmat error =  3.7590121470e-03
Timer "SCF cycle: 5" used time: 4.097809 s.

  [fwd-lev0] colloc=0.0131059s  tasks=11328  us/pair=37.0222  grid=0.0727615MB
  [fwd-lev1] colloc=0.00797415s  tasks=7676  us/pair=33.2429  grid=0.352898MB
  [fwd-lev2] colloc=0.00576711s  tasks=4197  us/pair=43.9713  grid=1.74023MB
  [fwd] colloc=0.0268471s  reduce=0.000328064s  fft=0.00214982s
  [bwd-lev0] integ=0.042623s  tasks=11328  us/pair=120.404  grid=0.0727615MB
  [bwd-lev1] integ=0.0251122s  tasks=7676  us/pair=104.688  grid=0.352898MB
  [bwd-lev2] integ=0.016587s  tasks=4197  us/pair=126.468  grid=1.74023MB
  [bwd] fft=0.00537419s  integ=0.0843222s  reduce=0.000163078s
[NELEC] step = 6  nelec = 64  neInt = 64.000000  dnelc =  3.0695446185e-11
[ENERG] step = 6  eTotl = -62.77224544  eCore = 19.26990945  eCoul = 4.62775157  eExcl = -19.49739343  eNucl = -67.17251303  eDisp = 0.00000000
[ERROR] step = 6  engy error = -7.5299575144e-06  grad error =  0.0000000000e+00  dmat error =  2.1556473151e-03
Timer "SCF cycle: 6" used time: 4.071874 s.

  [fwd-lev0] colloc=0.0129962s  tasks=11328  us/pair=36.7124  grid=0.0727615MB
  [fwd-lev1] colloc=0.00794291s  tasks=7676  us/pair=33.1127  grid=0.352898MB
  [fwd-lev2] colloc=0.00563598s  tasks=4197  us/pair=42.9715  grid=1.74023MB
  [fwd] colloc=0.0265751s  reduce=0.000332117s  fft=0.00206113s
  [bwd-lev0] integ=0.0439489s  tasks=11328  us/pair=124.149  grid=0.0727615MB
  [bwd-lev1] integ=0.025435s  tasks=7676  us/pair=106.034  grid=0.352898MB
  [bwd-lev2] integ=0.0167558s  tasks=4197  us/pair=127.755  grid=1.74023MB
  [bwd] fft=0.00744915s  integ=0.0861397s  reduce=0.000162125s
[NELEC] step = 7  nelec = 64  neInt = 64.000000  dnelc =  3.0723867894e-11
[ENERG] step = 7  eTotl = -62.77224616  eCore = 19.27011412  eCoul = 4.62752675  eExcl = -19.49737400  eNucl = -67.17251303  eDisp = 0.00000000
[ERROR] step = 7  engy error = -7.2036140608e-07  grad error =  0.0000000000e+00  dmat error =  4.8785466360e-04
Timer "SCF cycle: 7" used time: 4.055047 s.

  [fwd-lev0] colloc=0.0130529s  tasks=11328  us/pair=36.8727  grid=0.0727615MB
  [fwd-lev1] colloc=0.007967s  tasks=7676  us/pair=33.2131  grid=0.352898MB
  [fwd-lev2] colloc=0.00562692s  tasks=4197  us/pair=42.9024  grid=1.74023MB
  [fwd] colloc=0.0266469s  reduce=0.00032711s  fft=0.00203609s
  [bwd-lev0] integ=0.043916s  tasks=11328  us/pair=124.056  grid=0.0727615MB
  [bwd-lev1] integ=0.0254831s  tasks=7676  us/pair=106.235  grid=0.352898MB
  [bwd-lev2] integ=0.0167251s  tasks=4197  us/pair=127.52  grid=1.74023MB
  [bwd] fft=0.00749493s  integ=0.0861242s  reduce=0.000163078s
[NELEC] step = 8  nelec = 64  neInt = 64.000000  dnelc =  3.0652813621e-11
[ENERG] step = 8  eTotl = -62.77224633  eCore = 19.27010884  eCoul = 4.62758728  eExcl = -19.49742942  eNucl = -67.17251303  eDisp = 0.00000000
[ERROR] step = 8  engy error = -1.6381975598e-07  grad error =  0.0000000000e+00  dmat error =  1.5422732440e-04
Timer "SCF cycle: 8" used time: 4.067058 s.

  [fwd-lev0] colloc=0.0130119s  tasks=11328  us/pair=36.7569  grid=0.0727615MB
  [fwd-lev1] colloc=0.0080018s  tasks=7676  us/pair=33.3582  grid=0.352898MB
  [fwd-lev2] colloc=0.00573802s  tasks=4197  us/pair=43.7495  grid=1.74023MB
  [fwd] colloc=0.0267518s  reduce=0.00041914s  fft=0.00284171s
  [bwd-lev0] integ=0.0424809s  tasks=11328  us/pair=120.003  grid=0.0727615MB
  [bwd-lev1] integ=0.025053s  tasks=7676  us/pair=104.442  grid=0.352898MB
  [bwd-lev2] integ=0.0165808s  tasks=4197  us/pair=126.42  grid=1.74023MB
  [bwd] fft=0.00822806s  integ=0.0841148s  reduce=0.000161171s
[NELEC] step = 9  nelec = 64  neInt = 64.000000  dnelc =  3.0638602766e-11
[ENERG] step = 9  eTotl = -62.77224637  eCore = 19.27010016  eCoul = 4.62762786  eExcl = -19.49746137  eNucl = -67.17251303  eDisp = 0.00000000
[ERROR] step = 9  engy error = -4.8174584322e-08  grad error =  0.0000000000e+00  dmat error =  7.7382194984e-05
Timer "SCF cycle: 9" used time: 4.102365 s.

  [fwd-lev0] colloc=0.013032s  tasks=11328  us/pair=36.8134  grid=0.0727615MB
  [fwd-lev1] colloc=0.00794196s  tasks=7676  us/pair=33.1087  grid=0.352898MB
  [fwd-lev2] colloc=0.00564814s  tasks=4197  us/pair=43.0642  grid=1.74023MB
  [fwd] colloc=0.0266221s  reduce=0.000329971s  fft=0.00199795s
  [bwd-lev0] integ=0.0440099s  tasks=11328  us/pair=124.322  grid=0.0727615MB
  [bwd-lev1] integ=0.0255191s  tasks=7676  us/pair=106.385  grid=0.352898MB
  [bwd-lev2] integ=0.0167181s  tasks=4197  us/pair=127.467  grid=1.74023MB
  [bwd] fft=0.0079s  integ=0.0862472s  reduce=0.000163794s
[NELEC] step = 10  nelec = 64  neInt = 64.000000  dnelc =  3.0667024475e-11
[ENERG] step = 10  eTotl = -62.77224639  eCore = 19.27008665  eCoul = 4.62767008  eExcl = -19.49749009  eNucl = -67.17251303  eDisp = 0.00000000
[ERROR] step = 10  engy error = -2.0435415138e-08  grad error =  0.0000000000e+00  dmat error =  6.7288232197e-05
Timer "SCF cycle: 10" used time: 4.062752 s.

  [fwd-lev0] colloc=0.013006s  tasks=11328  us/pair=36.74  grid=0.0727615MB
  [fwd-lev1] colloc=0.007936s  tasks=7676  us/pair=33.0839  grid=0.352898MB
  [fwd-lev2] colloc=0.00563192s  tasks=4197  us/pair=42.9406  grid=1.74023MB
  [fwd] colloc=0.0265739s  reduce=0.00032711s  fft=0.00205684s
  [bwd-lev0] integ=0.042707s  tasks=11328  us/pair=120.641  grid=0.0727615MB
  [bwd-lev1] integ=0.024477s  tasks=7676  us/pair=102.041  grid=0.352898MB
  [bwd-lev2] integ=0.0162499s  tasks=4197  us/pair=123.897  grid=1.74023MB
  [bwd] fft=0.00789618s  integ=0.0834339s  reduce=0.000165939s
[NELEC] step = 11  nelec = 64  neInt = 64.000000  dnelc =  3.0681235330e-11
[ENERG] step = 11  eTotl = -62.77224640  eCore = 19.27008396  eCoul = 4.62767572  eExcl = -19.49749304  eNucl = -67.17251303  eDisp = 0.00000000
[ERROR] step = 11  engy error = -1.3061125514e-09  grad error =  0.0000000000e+00  dmat error =  1.2085329252e-05
SCF converged in 11 steps.
  [fwd-lev0] colloc=0.0197361s  tasks=11328  us/pair=55.7516  grid=0.0727615MB
  [fwd-lev1] colloc=0.0118661s  tasks=7676  us/pair=49.4678  grid=0.352898MB
  [fwd-lev2] colloc=0.00820398s  tasks=4197  us/pair=62.5512  grid=1.74023MB
  [fwd] colloc=0.0398061s  reduce=0.000466108s  fft=0.00207686s
[GRADIENT] SCF type: GRKS | atoms: 16 | DOF: 48 | time: 18.213 s
  Atom   0:   2.8683556854e-03  -8.1998093494e-04   1.2256711751e-05
  Atom   1:   2.9001896390e-02   1.6202194686e-02   1.0702253874e-02
  Atom   2:   1.1317870040e-03   6.2189998671e-04   1.2386762917e-03
  Atom   3:  -6.3099462577e-04   1.9712033633e-03   6.2650529561e-05
  Atom   4:  -3.6044152789e-03   2.8345354945e-04   1.4657445420e-05
  Atom   5:  -1.4208968838e-02  -1.3539079657e-02  -1.1410706608e-02
  Atom   6:  -9.0604483630e-03  -7.7520406244e-03   3.4145823369e-03
  Atom   7:  -6.4065430430e-03   2.5930546512e-03  -4.0503530932e-03
  Atom   8:   2.1039226128e-03   5.4235464649e-04   2.0206218429e-04
  Atom   9:  -3.9246517079e-04  -2.3256299797e-04  -2.1916707562e-04
  Atom  10:   1.2620493386e-04   6.4251440630e-05   1.2554504429e-04
  Atom  11:  -7.2563247679e-06   4.6516332761e-04   1.5283719645e-04
  Atom  12:   2.2594326194e-04   2.1588682711e-04   3.3834777089e-04
  Atom  13:  -8.0888487224e-04  -9.3386924244e-04  -1.2973498404e-03
  Atom  14:  -1.6339507750e-04  -2.7990249161e-04   1.2076996611e-03
  Atom  15:  -1.7484796853e-04   5.9799202843e-04  -4.9306710478e-04
[OPT] step = 0  energy = -62.7722463957  dE =               N/A  grad_max =  2.9001896390e-02  grad_rms =  6.4419769268e-03
[OPT] Geometry optimization did not converge in 1 steps.
Kylin-PBC Done.
Timer "Kylin-PBC main" used time: 68.96279 s.
