Kylin-PBC: v1.0.0

System time = 2026-09-30 19:48:50

OMP threads = 32

KYLIN_PBC_ROOT = "/home/rudin/code/kylin-pbc"
KYLIN_SCR_PATH = "/tmp"
KYLIN_JOB_PATH = "/home/rudin/tmp-review-ionic/LiH16/none/c15"

SCF.xcfun                      = HSE06
SCF.basis                      = dzvp-sr
SCF.psudo                      = gth-pbe
SCF.kmesh                      = 1 1 1
SCF.gmesh                      = 5.0e-01
SCF.ispin                      = OFF
SCF.dspin                      = 0
SCF.eps_engy                   = 3.7e-09 [AU]
SCF.eps_grad                   = 1.0e-05 [AU]
SCF.eps_dmat                   = 1.0e-03
SCF.chk_load                   = 
SCF.chk_save                   = 
SCF.scf_guess                  = ATOM
SCF.max_cycle                  = 200
SCF.vdw_method                 = NONE
SCF.coul_method                = MGDF
SCF.xchg_method                = LSDF
SCF.xchg_exxocc                = OFF
SCF.xchg_exxace                = NONE
SCF.xchg_robust                = NONE
SCF.xchg_exxdiv                = EWALD
SCF.xchg_dropG0                = ON
SCF.lsdf_cparam                = 15
SCF.lsdf_mparam                = 5
SCF.lsdf_ipslct                = QRCP
SCF.lsdf_chocut                = 1.0e-08
SCF.lsdf_atmcut                = 2.5e+01
SCF.lsdf_aovcut                = 1.0e-07
SCF.lsdf_swzcut                = 0.0e+00
SCF.lsdf_pnocut                = 0.0e+00
SCF.lsdf_nafcut                = 0.0e+00
SCF.mgdf_ntasks                = 4
SCF.mgdf_kratio                = 3.0e+00
SCF.mgdf_cutoff                = 3.0e+02 [AU]
SCF.mgdf_relcut                = 3.0e+01
SCF.mgdf_prprec                = 1.0e-14
SCF.dmx_mix_method             = NONE
SCF.dmx_mix_start              = 1
SCF.dmx_mix_space              = 8
SCF.dmx_mix_alpha              = 3.0e-01
SCF.rho_mix_method             = NONE
SCF.rho_mix_start              = 1
SCF.rho_mix_space              = 8
SCF.rho_mix_alpha              = 3.0e-01
SCF.hks_mix_method             = BROY
SCF.hks_mix_start              = 1
SCF.hks_mix_space              = 8
SCF.hks_mix_alpha              = 3.0e-01
SCF.damp_factor                = 0.0e+00
SCF.level_shift                = 0.0e+00 [AU]
SCF.smear_method               = NONE
SCF.smear_sigma                = 0.0e+00 [AU]
SCF.soc                        = OFF
SCF.soc_window                 = 1.8e+00 [AU]
SCF.print_bandgap              = OFF
SCF.print_time                 = OFF

OPT.opt_method                 = BFGS
OPT.max_cycle                  = 1
OPT.eps_engy                   = 4.0e-06 [AU]
OPT.eps_grad                   = 4.0e-04 [AU]
OPT.trust_limit                = 3.0e-01 [AU]
OPT.damp_factor                = 0.0e+00
OPT.opt_mix_method             = NONE
OPT.opt_mix_start              = 1
OPT.opt_mix_space              = 5
OPT.opt_mix_alpha              = 3.0e-01
OPT.neb_method                 = FIRE
OPT.neb_lclimb                 = ON
OPT.neb_interp                 = IDPP
OPT.neb_nimage                 = 5
OPT.neb_spring                 = 1.0e-02 [AU]
OPT.neb_maxstep                = 7.6e-02 [AU]

PROP.calculation               = NONE
FREQ.freq_method               = FREE2
FREQ.fd_stepsize               = 2.8e-02 [AU]
DOS.dos_method                 = GAUSS
DOS.dos_sigma                  = 3.7e-03 [AU]
DOS.dos_npoint                 = 1001
DOS.dos_emin                   = 0.0e+00 [AU]
DOS.dos_emax                   = 0.0e+00 [AU]

OPT.mdx_ensemble               = NVE
OPT.mdx_thermostat             = NHC
OPT.mdx_max_step               = 0
OPT.mdx_timestep               = 4.0e+01 [AU]
OPT.mdx_temperature            = 9.5e-04 [AU]
OPT.mdx_pressure               = 0.0e+00 [AU]
OPT.mdx_thermo_tau             = 4.0e+03 [AU]
OPT.mdx_baro_tau               = 2.0e+04 [AU]
OPT.mdx_nhc_length             = 3
OPT.mdx_nhc_mts                = 3
OPT.mdx_constraint             = OFF
OPT.mdx_constraint_tol         = 1.0e-10
OPT.mdx_rng_seed               = 42

K-points mesh = 1 1 1

xc functional: "HSE06"
is hybrid: YES
HFX coeff: 0.25

Basis Set Name: "dzvp-sr"
number of shell = 32
number of basis = 88
gmesh = 50 50 99

Pseudopotential Name: "gth-pbe"
number of valence electron = 32

OPT Calculation.

==============================================================
                   Geometry Optimization                      
==============================================================
  method      = BFGS
  max_cycle   = 1
  eps_engy    = 4.000000e-06
  eps_grad    = 4.000000e-04
  trust_limit = 0.300000
  natom       = 16
  nfree       = 48 / 48
==============================================================

--------------------------------------------------------------
  OPT step 0
--------------------------------------------------------------
[OPT] Cell structure (Angstrom):
       4.08300000       0.00000000       0.00000000
       0.00000000       4.08300000       0.00000000
       0.00000000       0.00000000       8.16600000

Cart
Li         0.00000000       0.00000000       0.00000000   T T T
Li         0.10000000       2.09150000       2.07150000   T T T
Li         2.04150000       0.00000000       2.04150000   T T T
Li         2.04150000       2.04150000       0.00000000   T T T
H          2.04150000       2.04150000       2.04150000   T T T
H          2.04150000       4.08300000       4.08300000   T T T
H          4.08300000       2.04150000       4.08300000   T T T
H          4.08300000       4.08300000       2.04150000   T T T
Li         0.00000000       0.00000000       4.08300000   T T T
Li         0.00000000       2.04150000       6.12450000   T T T
Li         2.04150000       0.00000000       6.12450000   T T T
Li         2.04150000       2.04150000       4.08300000   T T T
H          2.04150000       2.04150000       6.12450000   T T T
H          2.04150000       4.08300000       8.16600000   T T T
H          4.08300000       2.04150000       8.16600000   T T T
H          4.08300000       4.08300000       6.12450000   T T T

[OPT] Cell written to /home/rudin/tmp-review-ionic/LiH16/none/c15/opt_img/cell_opt_0.txt
[LSDF] gmesh = (50, 50, 99), ngrid = 247500, naofn = 88, natom = 16
Timer "[LSDF] Voronoi partition" used time: 0.005106 s.
Timer "[LSDF] AO evaluation + screening" used time: 1.096605 s.
[LSDF] IP method: randomized QRCP (c=15, m=5)
[LSDF] total IPs selected: 1400 (0.5657% of grid)
Timer "[LSDF] IP selection" used time: 0.315606 s.
Timer "[LSDF] aux basis fitting" used time: 0.050665 s.
[LSDF] Step 5 diagnostics: natom=16, ngrid=247500, naux_total=1400
[LSDF]   OMP threads=32, MKL threads=32
[LSDF]   Vmat_loc total size: 1400 x 247500 = 2.58 GB
Timer "[LSDF]   5a Vmat_loc alloc+FFT" used time: 0.156291 s.
[LSDF]   W size: 1400 x 1400 = 14.95 MB, max_npart=15655
Timer "[LSDF]   5b W construction (DGEMM)" used time: 0.027835 s.
Timer "[LSDF]   5c Wmat symmetrize" used time: 0.000885 s.
[LSDF]   robust_mode=NONE: freeing Vmat_loc
Timer "[LSDF] V/W construction" used time: 0.332771 s.
[LSDF] xchg phases: A=0.000 s, B(K_W)=0.001 s, C(K_V)=0.000 s, E(reduce)=0.000 s
[NELEC] step = 0  nelec = 32  neInt = 32.000000  dnelc =  1.4702898454e-08
[ENERG] step = 0  eTotl = -59.09479349  eCore = -24.56285827  eCoul = 7.55157688  eExcl = -14.93361886  eNucl = -27.14989324  eDisp = 0.00000000
[ERROR] step = 0  engy error =  0.0000000000e+00  grad error =  0.0000000000e+00  dmat error =  0.0000000000e+00
Timer "SCF cycle: 0" used time: 0.806189 s.

[LSDF] xchg phases: A=0.000 s, B(K_W)=0.001 s, C(K_V)=0.000 s, E(reduce)=0.000 s
[NELEC] step = 1  nelec = 32  neInt = 32.000001  dnelc =  6.7174899954e-07
[ENERG] step = 1  eTotl = -64.07488574  eCore = -35.36162264  eCoul = 17.06244806  eExcl = -18.62581792  eNucl = -27.14989324  eDisp = 0.00000000
[ERROR] step = 1  engy error = -4.9800922505e+00  grad error =  0.0000000000e+00  dmat error =  6.2808738983e+00
Timer "SCF cycle: 1" used time: 0.789371 s.

[LSDF] xchg phases: A=0.001 s, B(K_W)=0.003 s, C(K_V)=0.000 s, E(reduce)=0.000 s
[NELEC] step = 2  nelec = 32  neInt = 32.000000  dnelc =  4.4147768818e-07
[ENERG] step = 2  eTotl = -64.14511687  eCore = -35.24569949  eCoul = 16.75983849  eExcl = -18.50936263  eNucl = -27.14989324  eDisp = 0.00000000
[ERROR] step = 2  engy error = -7.0231125298e-02  grad error =  0.0000000000e+00  dmat error =  1.7955799252e+00
Timer "SCF cycle: 2" used time: 0.807295 s.

[LSDF] xchg phases: A=0.000 s, B(K_W)=0.001 s, C(K_V)=0.000 s, E(reduce)=0.000 s
[NELEC] step = 3  nelec = 32  neInt = 32.000000  dnelc = -6.1452897882e-08
[ENERG] step = 3  eTotl = -64.20468850  eCore = -34.87400055  eCoul = 16.03480080  eExcl = -18.21559551  eNucl = -27.14989324  eDisp = 0.00000000
[ERROR] step = 3  engy error = -5.9571626522e-02  grad error =  0.0000000000e+00  dmat error =  2.5110386392e+00
Timer "SCF cycle: 3" used time: 0.785098 s.

[LSDF] xchg phases: A=0.000 s, B(K_W)=0.001 s, C(K_V)=0.000 s, E(reduce)=0.000 s
[NELEC] step = 4  nelec = 32  neInt = 32.000000  dnelc = -4.2162643155e-08
[ENERG] step = 4  eTotl = -64.20541085  eCore = -34.89546010  eCoul = 16.06203311  eExcl = -18.22209061  eNucl = -27.14989324  eDisp = 0.00000000
[ERROR] step = 4  engy error = -7.2235233444e-04  grad error =  0.0000000000e+00  dmat error =  8.0194170204e-02
Timer "SCF cycle: 4" used time: 0.780725 s.

[LSDF] xchg phases: A=0.000 s, B(K_W)=0.001 s, C(K_V)=0.000 s, E(reduce)=0.000 s
[NELEC] step = 5  nelec = 32  neInt = 32.000000  dnelc = -2.2367956376e-08
[ENERG] step = 5  eTotl = -64.20561324  eCore = -34.91573332  eCoul = 16.09051845  eExcl = -18.23050513  eNucl = -27.14989324  eDisp = 0.00000000
[ERROR] step = 5  engy error = -2.0238768080e-04  grad error =  0.0000000000e+00  dmat error =  7.7632653330e-02
Timer "SCF cycle: 5" used time: 0.782553 s.

[LSDF] xchg phases: A=0.000 s, B(K_W)=0.001 s, C(K_V)=0.000 s, E(reduce)=0.000 s
[NELEC] step = 6  nelec = 32  neInt = 32.000000  dnelc = -2.0615317453e-08
[ENERG] step = 6  eTotl = -64.20561598  eCore = -34.91715348  eCoul = 16.09316060  eExcl = -18.23172987  eNucl = -27.14989324  eDisp = 0.00000000
[ERROR] step = 6  engy error = -2.7448286488e-06  grad error =  0.0000000000e+00  dmat error =  6.9671806013e-03
Timer "SCF cycle: 6" used time: 0.785778 s.

[LSDF] xchg phases: A=0.000 s, B(K_W)=0.001 s, C(K_V)=0.000 s, E(reduce)=0.000 s
[NELEC] step = 7  nelec = 32  neInt = 32.000000  dnelc = -2.0319973260e-08
[ENERG] step = 7  eTotl = -64.20561624  eCore = -34.91711588  eCoul = 16.09373378  eExcl = -18.23234090  eNucl = -27.14989324  eDisp = 0.00000000
[ERROR] step = 7  engy error = -2.5558273364e-07  grad error =  0.0000000000e+00  dmat error =  1.7947194761e-03
Timer "SCF cycle: 7" used time: 0.786575 s.

[NELEC] step = 8  nelec = 32  neInt = 32.000000  dnelc = -2.0457893157e-08
[ENERG] step = 8  eTotl = -64.20561623  eCore = -34.91696991  eCoul = 16.09354048  eExcl = -18.23229356  eNucl = -27.14989324  eDisp = 0.00000000
[ERROR] step = 8  engy error =  9.0638110350e-09  grad error =  0.0000000000e+00  dmat error =  5.5514744392e-04
Timer "SCF cycle: 8" used time: 0.784293 s.

[NELEC] step = 9  nelec = 32  neInt = 32.000000  dnelc = -2.0387435740e-08
[ENERG] step = 9  eTotl = -64.20561623  eCore = -34.91703158  eCoul = 16.09364525  eExcl = -18.23233667  eNucl = -27.14989324  eDisp = 0.00000000
[ERROR] step = 9  engy error = -2.7894486720e-09  grad error =  0.0000000000e+00  dmat error =  2.7731381653e-04
SCF converged in 9 steps.
[LSDF] xchg_d10: robust_mode=NONE, no V data -> full-grid FFT path
[GRADIENT] SCF type: GRKS | atoms: 16 | DOF: 48 | time: 31.568 s
  Atom   0:  -5.5083768348e-04  -5.5541997359e-04  -2.0428051428e-04
  Atom   1:  -5.3435600166e-03  -2.8502249369e-03  -6.9332420548e-04
  Atom   2:  -2.9807092497e-03  -1.4881129510e-03   5.6243004845e-04
  Atom   3:  -1.2092512757e-03  -2.4290359441e-04  -2.1937648156e-04
  Atom   4:   8.8440205607e-03   1.8724613996e-03  -1.5725260195e-04
  Atom   5:  -1.1308635311e-05  -7.6954272217e-05   1.9044260377e-04
  Atom   6:  -3.9443416830e-04  -1.5996474518e-04   1.1233496764e-03
  Atom   7:   3.6857915210e-03   4.5507554846e-03  -1.5467132311e-04
  Atom   8:  -5.8753088732e-04  -6.5616951265e-04  -7.7496876638e-04
  Atom   9:  -1.1237577310e-04  -1.5486365184e-04  -9.7921399621e-04
  Atom  10:   3.3205154285e-05  -4.1380455946e-05  -8.3724365849e-04
  Atom  11:  -1.2097464000e-03  -2.0159675592e-04  -6.7253015075e-04
  Atom  12:   5.1636956488e-05   5.3941812180e-05   6.6729779210e-04
  Atom  13:  -2.1509942251e-05  -3.5056756828e-05   1.0368907792e-05
  Atom  14:  -2.0197379099e-04  -1.2589344693e-04   1.4504382474e-03
  Atom  15:   1.4760140995e-06   1.1546152147e-04   6.9671341634e-04
[OPT] step = 0  energy = -64.2056162292  dE =               N/A  grad_max =  8.8440205607e-03  grad_rms =  1.9175273859e-03
[OPT] Geometry optimization did not converge in 1 steps.
Kylin-PBC Done.
Timer "Kylin-PBC main" used time: 42.71675 s.
