Kylin-PBC: v1.0.0

System time = 2026-10-01 12:38:54

OMP threads = 32

KYLIN_PBC_ROOT = "/home/rudin/code/kylin-pbc"
KYLIN_SCR_PATH = "/tmp"
KYLIN_JOB_PATH = "/home/rudin/tmp-review-rss/jul2/Si256"

SCF.xcfun                      = HSE06
SCF.basis                      = dzvp-sr
SCF.psudo                      = gth-pbe
SCF.kmesh                      = 1 1 1
SCF.gmesh                      = 5.0e-01
SCF.ispin                      = OFF
SCF.dspin                      = 0
SCF.eps_engy                   = 1.0e-06 [AU]
SCF.eps_grad                   = 1.0e-05 [AU]
SCF.eps_dmat                   = 1.0e-03
SCF.chk_load                   = 
SCF.chk_save                   = 
SCF.scf_guess                  = ATOM
SCF.max_cycle                  = 100
SCF.vdw_method                 = NONE
SCF.coul_method                = MGDF
SCF.xchg_method                = LSDF
SCF.xchg_exxocc                = OFF
SCF.xchg_exxace                = NONE
SCF.xchg_robust                = TILE
SCF.xchg_exxdiv                = EWALD
SCF.xchg_dropG0                = ON
SCF.lsdf_cparam                = 30
SCF.lsdf_mparam                = 5
SCF.lsdf_ipslct                = QRCP
SCF.lsdf_chocut                = 1.0e-08
SCF.lsdf_atmcut                = 2.5e+01
SCF.lsdf_aovcut                = 1.0e-07
SCF.lsdf_swzcut                = 0.0e+00
SCF.lsdf_pnocut                = 0.0e+00
SCF.lsdf_nafcut                = 0.0e+00
SCF.mgdf_ntasks                = 4
SCF.mgdf_kratio                = 3.0e+00
SCF.mgdf_cutoff                = 3.0e+02 [AU]
SCF.mgdf_relcut                = 3.0e+01
SCF.mgdf_prprec                = 1.0e-14
SCF.dmx_mix_method             = NONE
SCF.dmx_mix_start              = 1
SCF.dmx_mix_space              = 8
SCF.dmx_mix_alpha              = 3.0e-01
SCF.rho_mix_method             = NONE
SCF.rho_mix_start              = 1
SCF.rho_mix_space              = 8
SCF.rho_mix_alpha              = 3.0e-01
SCF.hks_mix_method             = BROY
SCF.hks_mix_start              = 1
SCF.hks_mix_space              = 8
SCF.hks_mix_alpha              = 3.0e-01
SCF.damp_factor                = 0.0e+00
SCF.level_shift                = 0.0e+00 [AU]
SCF.smear_method               = NONE
SCF.smear_sigma                = 0.0e+00 [AU]
SCF.soc                        = OFF
SCF.soc_window                 = 1.8e+00 [AU]
SCF.print_bandgap              = ON
SCF.print_time                 = ON

OPT.opt_method                 = BFGS
OPT.max_cycle                  = 0
OPT.eps_engy                   = 4.0e-06 [AU]
OPT.eps_grad                   = 4.0e-04 [AU]
OPT.trust_limit                = 3.0e-01 [AU]
OPT.damp_factor                = 0.0e+00
OPT.opt_mix_method             = NONE
OPT.opt_mix_start              = 1
OPT.opt_mix_space              = 5
OPT.opt_mix_alpha              = 3.0e-01
OPT.neb_method                 = FIRE
OPT.neb_lclimb                 = ON
OPT.neb_interp                 = IDPP
OPT.neb_nimage                 = 5
OPT.neb_spring                 = 1.0e-02 [AU]
OPT.neb_maxstep                = 7.6e-02 [AU]

PROP.calculation               = NONE
FREQ.freq_method               = FREE2
FREQ.fd_stepsize               = 2.8e-02 [AU]
DOS.dos_method                 = GAUSS
DOS.dos_sigma                  = 3.7e-03 [AU]
DOS.dos_npoint                 = 1001
DOS.dos_emin                   = 0.0e+00 [AU]
DOS.dos_emax                   = 0.0e+00 [AU]

OPT.mdx_ensemble               = NVE
OPT.mdx_thermostat             = NHC
OPT.mdx_max_step               = 0
OPT.mdx_timestep               = 4.0e+01 [AU]
OPT.mdx_temperature            = 9.5e-04 [AU]
OPT.mdx_pressure               = 0.0e+00 [AU]
OPT.mdx_thermo_tau             = 4.0e+03 [AU]
OPT.mdx_baro_tau               = 2.0e+04 [AU]
OPT.mdx_nhc_length             = 3
OPT.mdx_nhc_mts                = 3
OPT.mdx_constraint             = OFF
OPT.mdx_constraint_tol         = 1.0e-10
OPT.mdx_rng_seed               = 42

K-points mesh = 1 1 1

xc functional: "HSE06"
is hybrid: YES
HFX coeff: 0.25

Basis Set Name: "dzvp-sr"
number of shell = 768
number of basis = 3328
gmesh = 113 113 57

Pseudopotential Name: "gth-pbe"
number of valence electron = 1024

SCF Calculation.
Gamma point
[LSDF] gmesh = (113, 113, 57), ngrid = 727833, naofn = 3328, natom = 256
Timer "[LSDF] Voronoi partition" used time: 0.082746 s.
Timer "[LSDF] AO evaluation + screening" used time: 6.060936 s.
[LSDF] IP method: randomized QRCP (c=30, m=5)
[LSDF] total IPs selected: 101120 (13.8933% of grid)
Timer "[LSDF] IP selection" used time: 3.619553 s.
Timer "[LSDF] aux basis fitting" used time: 1.577380 s.
[LSDF] Step 5 diagnostics: natom=256, ngrid=727833, naux_total=101120
[LSDF]   OMP threads=32, MKL threads=32
[LSDF]   Vmat_loc total size: 101120 x 727833 = 548.35 GB
Timer "[LSDF]   5a Vmat_loc alloc+FFT" used time: 84.68991 s.
[LSDF]   W size: 101120 x 101120 = 78012.50 MB, max_npart=3140
Timer "[LSDF]   5b W construction (DGEMM)" used time: 36.00050 s.
Timer "[LSDF]   5c Wmat symmetrize" used time: 4.337040 s.
[LSDF]   5e Vatm_nby tile extraction starting... (robust_mode=TILE)
[LSDF]   Vatm_nby: range_sep=true
[LSDF]     Vatm_nby tile: 10/256 atoms, cumul 19.59 GB
[LSDF]     Vatm_nby tile: 20/256 atoms, cumul 39.38 GB
[LSDF]     Vatm_nby tile: 30/256 atoms, cumul 58.70 GB
[LSDF]     Vatm_nby tile: 40/256 atoms, cumul 78.61 GB
[LSDF]     Vatm_nby tile: 50/256 atoms, cumul 97.89 GB
[LSDF]     Vatm_nby tile: 60/256 atoms, cumul 117.57 GB
[LSDF]     Vatm_nby tile: 70/256 atoms, cumul 137.03 GB
[LSDF]     Vatm_nby tile: 80/256 atoms, cumul 156.44 GB
[LSDF]     Vatm_nby tile: 90/256 atoms, cumul 176.03 GB
[LSDF]     Vatm_nby tile: 100/256 atoms, cumul 195.59 GB
[LSDF]     Vatm_nby tile: 110/256 atoms, cumul 215.34 GB
[LSDF]     Vatm_nby tile: 120/256 atoms, cumul 234.95 GB
[LSDF]     Vatm_nby tile: 130/256 atoms, cumul 254.66 GB
[LSDF]     Vatm_nby tile: 140/256 atoms, cumul 274.24 GB
[LSDF]     Vatm_nby tile: 150/256 atoms, cumul 293.60 GB
[LSDF]     Vatm_nby tile: 160/256 atoms, cumul 313.22 GB
[LSDF]     Vatm_nby tile: 170/256 atoms, cumul 332.78 GB
[LSDF]     Vatm_nby tile: 180/256 atoms, cumul 352.58 GB
[LSDF]     Vatm_nby tile: 190/256 atoms, cumul 371.94 GB
[LSDF]     Vatm_nby tile: 200/256 atoms, cumul 391.58 GB
[LSDF]     Vatm_nby tile: 210/256 atoms, cumul 411.10 GB
[LSDF]     Vatm_nby tile: 220/256 atoms, cumul 430.86 GB
[LSDF]     Vatm_nby tile: 230/256 atoms, cumul 450.29 GB
[LSDF]     Vatm_nby tile: 240/256 atoms, cumul 469.74 GB
[LSDF]     Vatm_nby tile: 250/256 atoms, cumul 489.36 GB
[LSDF]     Vatm_nby tile: 256/256 atoms, cumul 501.23 GB
[LSDF]   Vatm_nby total tile memory: 501.23 GB
Timer "[LSDF]   5e Vatm_nby tile extraction" used time: 37.27092 s.
Timer "[LSDF] V/W construction" used time: 184.2261 s.
Timer "SCF::update_rhoR" used time: 3.421310 s.
Timer "SCF::update_rhoG" used time: 0.538006 s.
Timer "SCF::update_epsv" used time: 11.43417 s.
Timer "SCF::update_vhxc" used time: 2.298539 s.
[LSDF] xchg phases: A=0.979 s, B(K_W)=30.732 s, C(K_V)=214.731 s, E(reduce)=0.403 s
Timer "SCF::update_xchg" used time: 247.2505 s.
Timer "SCF::update_engy" used time: 0.326369 s.
[NELEC] step = 0  nelec = 1024  neInt = 1023.999980  dnelc = -1.9688732436e-05
[ENERG] step = 0  eTotl = -1000.82543261  eCore = 314.15536541  eCoul = 73.07010042  eExcl = -313.11646240  eNucl = -1074.93443604  eDisp = 0.00000000
[ERROR] step = 0  engy error =  0.0000000000e+00  grad error =  0.0000000000e+00  dmat error =  0.0000000000e+00
Timer "SCF cycle: 0" used time: 266.8840 s.

Timer "SCF::solve_eigen" used time: 2.004563 s.
Timer "SCF::update_rhoR" used time: 3.823472 s.
Timer "SCF::update_rhoG" used time: 0.534985 s.
Timer "SCF::update_rhoG" used time: 0.535898 s.
Timer "SCF::update_epsv" used time: 11.58709 s.
Timer "SCF::update_vhxc" used time: 2.398498 s.
[LSDF] xchg phases: A=0.801 s, B(K_W)=30.217 s, C(K_V)=187.565 s, E(reduce)=0.199 s
Timer "SCF::update_xchg" used time: 218.8113 s.
Timer "SCF::update_engy" used time: 0.144044 s.
[NELEC] step = 1  nelec = 1024  neInt = 1024.000000  dnelc =  1.8189894035e-11
[ENERG] step = 1  eTotl = -1007.53329350  eCore = 308.44439603  eCoul = 66.34227853  eExcl = -307.38553202  eNucl = -1074.93443604  eDisp = 0.00000000
[ERROR] step = 1  engy error = -6.7078608863e+00  grad error =  0.0000000000e+00  dmat error =  1.0901231429e+00
Timer "SCF cycle: 1" used time: 240.7863 s.

Timer "SCF::solve_eigen" used time: 2.307574 s.
Timer "SCF::update_rhoR" used time: 3.472308 s.
Timer "SCF::update_rhoG" used time: 0.539039 s.
Timer "SCF::update_rhoG" used time: 0.525286 s.
Timer "SCF::update_epsv" used time: 11.50552 s.
Timer "SCF::update_vhxc" used time: 2.444238 s.
[LSDF] xchg phases: A=0.916 s, B(K_W)=33.617 s, C(K_V)=194.694 s, E(reduce)=0.226 s
Timer "SCF::update_xchg" used time: 229.4826 s.
Timer "SCF::update_engy" used time: 0.258194 s.
[NELEC] step = 2  nelec = 1024  neInt = 1024.000000  dnelc =  2.0236257114e-11
[ENERG] step = 2  eTotl = -1007.64839647  eCore = 307.81916834  eCoul = 67.34222012  eExcl = -307.87534889  eNucl = -1074.93443604  eDisp = 0.00000000
[ERROR] step = 2  engy error = -1.1510297489e-01  grad error =  0.0000000000e+00  dmat error =  1.7189883097e-02
Timer "SCF cycle: 2" used time: 251.6216 s.

Timer "SCF::solve_eigen" used time: 2.424632 s.
Timer "SCF::update_rhoR" used time: 3.574383 s.
Timer "SCF::update_rhoG" used time: 0.550232 s.
Timer "SCF::update_rhoG" used time: 0.544754 s.
Timer "SCF::update_epsv" used time: 11.55036 s.
Timer "SCF::update_vhxc" used time: 2.464959 s.
[LSDF] xchg phases: A=0.940 s, B(K_W)=31.828 s, C(K_V)=203.219 s, E(reduce)=0.327 s
Timer "SCF::update_xchg" used time: 236.3388 s.
Timer "SCF::update_engy" used time: 0.291168 s.
[NELEC] step = 3  nelec = 1024  neInt = 1024.000000  dnelc =  1.9554136088e-11
[ENERG] step = 3  eTotl = -1007.76015422  eCore = 306.65363470  eCoul = 69.44267770  eExcl = -308.92203058  eNucl = -1074.93443604  eDisp = 0.00000000
[ERROR] step = 3  engy error = -1.1175774258e-01  grad error =  0.0000000000e+00  dmat error =  4.1253052599e-02
Timer "SCF cycle: 3" used time: 259.0437 s.

Timer "SCF::solve_eigen" used time: 2.237221 s.
Timer "SCF::update_rhoR" used time: 3.571740 s.
Timer "SCF::update_rhoG" used time: 0.538660 s.
Timer "SCF::update_rhoG" used time: 0.534243 s.
Timer "SCF::update_epsv" used time: 11.78137 s.
Timer "SCF::update_vhxc" used time: 2.761189 s.
[LSDF] xchg phases: A=0.976 s, B(K_W)=32.404 s, C(K_V)=205.746 s, E(reduce)=0.394 s
Timer "SCF::update_xchg" used time: 239.5459 s.
Timer "SCF::update_engy" used time: 0.301822 s.
[NELEC] step = 4  nelec = 1024  neInt = 1024.000000  dnelc =  1.7053025658e-11
[ENERG] step = 4  eTotl = -1007.76201674  eCore = 306.76715912  eCoul = 69.28842388  eExcl = -308.88316369  eNucl = -1074.93443604  eDisp = 0.00000000
[ERROR] step = 4  engy error = -1.8625223458e-03  grad error =  0.0000000000e+00  dmat error =  1.0777796754e-02
Timer "SCF cycle: 4" used time: 262.8904 s.

Timer "SCF::solve_eigen" used time: 2.402910 s.
Timer "SCF::update_rhoR" used time: 3.729865 s.
Timer "SCF::update_rhoG" used time: 0.547516 s.
Timer "SCF::update_rhoG" used time: 0.543275 s.
Timer "SCF::update_epsv" used time: 11.62866 s.
Timer "SCF::update_vhxc" used time: 2.387214 s.
[LSDF] xchg phases: A=0.975 s, B(K_W)=31.010 s, C(K_V)=193.659 s, E(reduce)=0.385 s
Timer "SCF::update_xchg" used time: 226.0560 s.
Timer "SCF::update_engy" used time: 0.277087 s.
[NELEC] step = 5  nelec = 1024  neInt = 1024.000000  dnelc =  1.7053025658e-11
[ENERG] step = 5  eTotl = -1007.76203670  eCore = 306.77286779  eCoul = 69.28207698  eExcl = -308.88254543  eNucl = -1074.93443604  eDisp = 0.00000000
[ERROR] step = 5  engy error = -1.9958002667e-05  grad error =  0.0000000000e+00  dmat error =  7.8318286839e-04
Timer "SCF cycle: 5" used time: 249.5021 s.

Timer "SCF::solve_eigen" used time: 2.421858 s.
Timer "SCF::update_rhoR" used time: 3.739180 s.
Timer "SCF::update_rhoG" used time: 0.532055 s.
Timer "SCF::update_rhoG" used time: 0.532145 s.
Timer "SCF::update_epsv" used time: 11.65161 s.
Timer "SCF::update_vhxc" used time: 2.337846 s.
[LSDF] xchg phases: A=0.871 s, B(K_W)=31.223 s, C(K_V)=192.117 s, E(reduce)=0.370 s
Timer "SCF::update_xchg" used time: 224.6069 s.
Timer "SCF::update_engy" used time: 0.292995 s.
[NELEC] step = 6  nelec = 1024  neInt = 1024.000000  dnelc =  1.7280399334e-11
[ENERG] step = 6  eTotl = -1007.76204174  eCore = 306.77306996  eCoul = 69.28389303  eExcl = -308.88456868  eNucl = -1074.93443604  eDisp = 0.00000000
[ERROR] step = 6  engy error = -5.0397574114e-06  grad error =  0.0000000000e+00  dmat error =  4.2784900434e-04
Timer "SCF cycle: 6" used time: 248.4599 s.

Timer "SCF::solve_eigen" used time: 2.342541 s.
Timer "SCF::update_rhoR" used time: 3.371627 s.
Timer "SCF::update_rhoG" used time: 0.533089 s.
Timer "SCF::update_rhoG" used time: 0.524643 s.
Timer "SCF::update_epsv" used time: 11.63905 s.
Timer "SCF::update_vhxc" used time: 2.430868 s.
[LSDF] xchg phases: A=0.798 s, B(K_W)=30.665 s, C(K_V)=193.642 s, E(reduce)=0.249 s
Timer "SCF::update_xchg" used time: 225.3795 s.
Timer "SCF::update_engy" used time: 0.158334 s.
[NELEC] step = 7  nelec = 1024  neInt = 1024.000000  dnelc =  1.6825651983e-11
[ENERG] step = 7  eTotl = -1007.76204240  eCore = 306.76991669  eCoul = 69.29002465  eExcl = -308.88754770  eNucl = -1074.93443604  eDisp = 0.00000000
[ERROR] step = 7  engy error = -6.6446523306e-07  grad error =  0.0000000000e+00  dmat error =  8.3966991194e-05
SCF converged in 7 steps.

  Band Gap Analysis (per k-point)
  k-pt    spin         HOMO (eV)       LUMO (eV)        Gap (eV)
  -----------------------------------------------------------
  0       0             5.876013        7.156497        1.280484
  -----------------------------------------------------------
  VBM =       5.876013 eV    CBM =       7.156497 eV    Band Gap =       1.280484 eV

Kylin-PBC Done.
Timer "Kylin-PBC main" used time: 2243.672 s.
