Kylin-PBC: v1.0.0

System time = 2026-09-30 20:16:56

OMP threads = 32

KYLIN_PBC_ROOT = "/home/rudin/code/kylin-pbc"
KYLIN_SCR_PATH = "/tmp"
KYLIN_JOB_PATH = "/home/rudin/tmp-review-ionic/MgO16/none/c20"

SCF.xcfun                      = HSE06
SCF.basis                      = dzvp-sr
SCF.psudo                      = gth-pbe
SCF.kmesh                      = 1 1 1
SCF.gmesh                      = 5.0e-01
SCF.ispin                      = OFF
SCF.dspin                      = 0
SCF.eps_engy                   = 3.7e-09 [AU]
SCF.eps_grad                   = 1.0e-05 [AU]
SCF.eps_dmat                   = 1.0e-03
SCF.chk_load                   = 
SCF.chk_save                   = 
SCF.scf_guess                  = ATOM
SCF.max_cycle                  = 200
SCF.vdw_method                 = NONE
SCF.coul_method                = MGDF
SCF.xchg_method                = LSDF
SCF.xchg_exxocc                = OFF
SCF.xchg_exxace                = NONE
SCF.xchg_robust                = NONE
SCF.xchg_exxdiv                = EWALD
SCF.xchg_dropG0                = ON
SCF.lsdf_cparam                = 20
SCF.lsdf_mparam                = 5
SCF.lsdf_ipslct                = QRCP
SCF.lsdf_chocut                = 1.0e-08
SCF.lsdf_atmcut                = 2.5e+01
SCF.lsdf_aovcut                = 1.0e-07
SCF.lsdf_swzcut                = 0.0e+00
SCF.lsdf_pnocut                = 0.0e+00
SCF.lsdf_nafcut                = 0.0e+00
SCF.mgdf_ntasks                = 4
SCF.mgdf_kratio                = 3.0e+00
SCF.mgdf_cutoff                = 3.0e+02 [AU]
SCF.mgdf_relcut                = 3.0e+01
SCF.mgdf_prprec                = 1.0e-14
SCF.dmx_mix_method             = NONE
SCF.dmx_mix_start              = 1
SCF.dmx_mix_space              = 8
SCF.dmx_mix_alpha              = 3.0e-01
SCF.rho_mix_method             = NONE
SCF.rho_mix_start              = 1
SCF.rho_mix_space              = 8
SCF.rho_mix_alpha              = 3.0e-01
SCF.hks_mix_method             = BROY
SCF.hks_mix_start              = 1
SCF.hks_mix_space              = 8
SCF.hks_mix_alpha              = 3.0e-01
SCF.damp_factor                = 0.0e+00
SCF.level_shift                = 0.0e+00 [AU]
SCF.smear_method               = NONE
SCF.smear_sigma                = 0.0e+00 [AU]
SCF.soc                        = OFF
SCF.soc_window                 = 1.8e+00 [AU]
SCF.print_bandgap              = OFF
SCF.print_time                 = OFF

OPT.opt_method                 = BFGS
OPT.max_cycle                  = 1
OPT.eps_engy                   = 4.0e-06 [AU]
OPT.eps_grad                   = 4.0e-04 [AU]
OPT.trust_limit                = 3.0e-01 [AU]
OPT.damp_factor                = 0.0e+00
OPT.opt_mix_method             = NONE
OPT.opt_mix_start              = 1
OPT.opt_mix_space              = 5
OPT.opt_mix_alpha              = 3.0e-01
OPT.neb_method                 = FIRE
OPT.neb_lclimb                 = ON
OPT.neb_interp                 = IDPP
OPT.neb_nimage                 = 5
OPT.neb_spring                 = 1.0e-02 [AU]
OPT.neb_maxstep                = 7.6e-02 [AU]

PROP.calculation               = NONE
FREQ.freq_method               = FREE2
FREQ.fd_stepsize               = 2.8e-02 [AU]
DOS.dos_method                 = GAUSS
DOS.dos_sigma                  = 3.7e-03 [AU]
DOS.dos_npoint                 = 1001
DOS.dos_emin                   = 0.0e+00 [AU]
DOS.dos_emax                   = 0.0e+00 [AU]

OPT.mdx_ensemble               = NVE
OPT.mdx_thermostat             = NHC
OPT.mdx_max_step               = 0
OPT.mdx_timestep               = 4.0e+01 [AU]
OPT.mdx_temperature            = 9.5e-04 [AU]
OPT.mdx_pressure               = 0.0e+00 [AU]
OPT.mdx_thermo_tau             = 4.0e+03 [AU]
OPT.mdx_baro_tau               = 2.0e+04 [AU]
OPT.mdx_nhc_length             = 3
OPT.mdx_nhc_mts                = 3
OPT.mdx_constraint             = OFF
OPT.mdx_constraint_tol         = 1.0e-10
OPT.mdx_rng_seed               = 42

K-points mesh = 1 1 1

xc functional: "HSE06"
is hybrid: YES
HFX coeff: 0.25

Basis Set Name: "dzvp-sr"
number of shell = 40
number of basis = 176
gmesh = 98 98 195

Pseudopotential Name: "gth-pbe"
number of valence electron = 128

OPT Calculation.

==============================================================
                   Geometry Optimization                      
==============================================================
  method      = BFGS
  max_cycle   = 1
  eps_engy    = 4.000000e-06
  eps_grad    = 4.000000e-04
  trust_limit = 0.300000
  natom       = 16
  nfree       = 48 / 48
==============================================================

--------------------------------------------------------------
  OPT step 0
--------------------------------------------------------------
[OPT] Cell structure (Angstrom):
       4.21700000       0.00000000       0.00000000
       0.00000000       4.21700000       0.00000000
       0.00000000       0.00000000       8.43400000

Cart
Mg         0.00000000       0.00000000       0.00000000   T T T
Mg         0.10000000       2.15850000       2.13850000   T T T
Mg         2.10850000       0.00000000       2.10850000   T T T
Mg         2.10850000       2.10850000       0.00000000   T T T
O          2.10850000       2.10850000       2.10850000   T T T
O          2.10850000       4.21700000       4.21700000   T T T
O          4.21700000       2.10850000       4.21700000   T T T
O          4.21700000       4.21700000       2.10850000   T T T
Mg         0.00000000       0.00000000       4.21700000   T T T
Mg         0.00000000       2.10850000       6.32550000   T T T
Mg         2.10850000       0.00000000       6.32550000   T T T
Mg         2.10850000       2.10850000       4.21700000   T T T
O          2.10850000       2.10850000       6.32550000   T T T
O          2.10850000       4.21700000       8.43400000   T T T
O          4.21700000       2.10850000       8.43400000   T T T
O          4.21700000       4.21700000       6.32550000   T T T

[OPT] Cell written to /home/rudin/tmp-review-ionic/MgO16/none/c20/opt_img/cell_opt_0.txt
[LSDF] gmesh = (98, 98, 195), ngrid = 1872780, naofn = 176, natom = 16
Timer "[LSDF] Voronoi partition" used time: 0.021417 s.
Timer "[LSDF] AO evaluation + screening" used time: 4.560697 s.
[LSDF] IP method: randomized QRCP (c=20, m=5)
[LSDF] total IPs selected: 3600 (0.1922% of grid)
Timer "[LSDF] IP selection" used time: 11.76702 s.
Timer "[LSDF] aux basis fitting" used time: 2.542356 s.
[LSDF] Step 5 diagnostics: natom=16, ngrid=1872780, naux_total=3600
[LSDF]   OMP threads=32, MKL threads=32
[LSDF]   Vmat_loc total size: 3600 x 1872780 = 50.23 GB
Timer "[LSDF]   5a Vmat_loc alloc+FFT" used time: 3.989146 s.
[LSDF]   W size: 3600 x 3600 = 98.88 MB, max_npart=118186
Timer "[LSDF]   5b W construction (DGEMM)" used time: 0.695750 s.
Timer "[LSDF]   5c Wmat symmetrize" used time: 0.005066 s.
[LSDF]   robust_mode=NONE: freeing Vmat_loc
Timer "[LSDF] V/W construction" used time: 7.122468 s.
[LSDF] xchg phases: A=0.000 s, B(K_W)=0.008 s, C(K_V)=0.000 s, E(reduce)=0.000 s
[NELEC] step = 0  nelec = 128  neInt = 128.000000  dnelc = -3.6099123690e-09
[ENERG] step = 0  eTotl = -635.53250001  eCore = -337.00186663  eCoul = 174.38894144  eExcl = -94.40433524  eNucl = -378.51523958  eDisp = 0.00000000
[ERROR] step = 0  engy error =  0.0000000000e+00  grad error =  0.0000000000e+00  dmat error =  0.0000000000e+00
Timer "SCF cycle: 0" used time: 1.579246 s.

[LSDF] xchg phases: A=0.000 s, B(K_W)=0.008 s, C(K_V)=0.000 s, E(reduce)=0.000 s
[NELEC] step = 1  nelec = 128  neInt = 128.000000  dnelc = -1.8584927375e-08
[ENERG] step = 1  eTotl = -634.36037902  eCore = -366.70262907  eCoul = 212.73462056  eExcl = -101.87713093  eNucl = -378.51523958  eDisp = 0.00000000
[ERROR] step = 1  engy error =  1.1721209960e+00  grad error =  0.0000000000e+00  dmat error =  1.6125046780e+00
Timer "SCF cycle: 1" used time: 1.497752 s.

[LSDF] xchg phases: A=0.000 s, B(K_W)=0.008 s, C(K_V)=0.000 s, E(reduce)=0.000 s
[NELEC] step = 2  nelec = 128  neInt = 128.000000  dnelc = -1.9135754314e-08
[ENERG] step = 2  eTotl = -635.18059136  eCore = -362.43837463  eCoul = 205.70316252  eExcl = -99.93013966  eNucl = -378.51523958  eDisp = 0.00000000
[ERROR] step = 2  engy error = -8.2021234325e-01  grad error =  0.0000000000e+00  dmat error =  2.0800270115e-01
Timer "SCF cycle: 2" used time: 1.443232 s.

[LSDF] xchg phases: A=0.000 s, B(K_W)=0.008 s, C(K_V)=0.000 s, E(reduce)=0.000 s
[NELEC] step = 3  nelec = 128  neInt = 128.000000  dnelc = -1.6307339479e-08
[ENERG] step = 3  eTotl = -635.30710714  eCore = -358.13019290  eCoul = 199.77349181  eExcl = -98.43516646  eNucl = -378.51523958  eDisp = 0.00000000
[ERROR] step = 3  engy error = -1.2651578434e-01  grad error =  0.0000000000e+00  dmat error =  2.6351508142e-01
Timer "SCF cycle: 3" used time: 1.446537 s.

[LSDF] xchg phases: A=0.000 s, B(K_W)=0.008 s, C(K_V)=0.000 s, E(reduce)=0.000 s
[NELEC] step = 4  nelec = 128  neInt = 128.000000  dnelc = -1.3702774027e-08
[ENERG] step = 4  eTotl = -635.32897315  eCore = -357.77444930  eCoul = 199.47333317  eExcl = -98.51261743  eNucl = -378.51523958  eDisp = 0.00000000
[ERROR] step = 4  engy error = -2.1866006529e-02  grad error =  0.0000000000e+00  dmat error =  7.8258435527e-02
Timer "SCF cycle: 4" used time: 1.456721 s.

[LSDF] xchg phases: A=0.000 s, B(K_W)=0.008 s, C(K_V)=0.000 s, E(reduce)=0.000 s
[NELEC] step = 5  nelec = 128  neInt = 128.000000  dnelc = -1.4654560232e-08
[ENERG] step = 5  eTotl = -635.33034371  eCore = -358.27884555  eCoul = 200.11795661  eExcl = -98.65421519  eNucl = -378.51523958  eDisp = 0.00000000
[ERROR] step = 5  engy error = -1.3705557446e-03  grad error =  0.0000000000e+00  dmat error =  3.6797759558e-02
Timer "SCF cycle: 5" used time: 1.447375 s.

[LSDF] xchg phases: A=0.000 s, B(K_W)=0.008 s, C(K_V)=0.000 s, E(reduce)=0.000 s
[NELEC] step = 6  nelec = 128  neInt = 128.000000  dnelc = -1.4595158859e-08
[ENERG] step = 6  eTotl = -635.33035856  eCore = -358.23788991  eCoul = 200.06573502  eExcl = -98.64296408  eNucl = -378.51523958  eDisp = 0.00000000
[ERROR] step = 6  engy error = -1.4852780623e-05  grad error =  0.0000000000e+00  dmat error =  3.0272403224e-03
Timer "SCF cycle: 6" used time: 1.458086 s.

[LSDF] xchg phases: A=0.001 s, B(K_W)=0.008 s, C(K_V)=0.000 s, E(reduce)=0.000 s
[NELEC] step = 7  nelec = 128  neInt = 128.000000  dnelc = -1.4596054143e-08
[ENERG] step = 7  eTotl = -635.33035909  eCore = -358.23526035  eCoul = 200.06238217  eExcl = -98.64224133  eNucl = -378.51523958  eDisp = 0.00000000
[ERROR] step = 7  engy error = -5.3238557030e-07  grad error =  0.0000000000e+00  dmat error =  2.6552981513e-04
Timer "SCF cycle: 7" used time: 1.463782 s.

[NELEC] step = 8  nelec = 128  neInt = 128.000000  dnelc = -1.4600203713e-08
[ENERG] step = 8  eTotl = -635.33035933  eCore = -358.23467913  eCoul = 200.06178037  eExcl = -98.64222098  eNucl = -378.51523958  eDisp = 0.00000000
[ERROR] step = 8  engy error = -2.3908012281e-07  grad error =  0.0000000000e+00  dmat error =  2.2605245687e-04
Timer "SCF cycle: 8" used time: 1.461068 s.

[NELEC] step = 9  nelec = 128  neInt = 128.000000  dnelc = -1.4601440057e-08
[ENERG] step = 9  eTotl = -635.33035934  eCore = -358.23465450  eCoul = 200.06171791  eExcl = -98.64218317  eNucl = -378.51523958  eDisp = 0.00000000
[ERROR] step = 9  engy error = -6.6996790338e-09  grad error =  0.0000000000e+00  dmat error =  3.3937732586e-05
Timer "SCF cycle: 9" used time: 1.451943 s.

[NELEC] step = 10  nelec = 128  neInt = 128.000000  dnelc = -1.4600857412e-08
[ENERG] step = 10  eTotl = -635.33035934  eCore = -358.23450388  eCoul = 200.06155385  eExcl = -98.64216972  eNucl = -378.51523958  eDisp = 0.00000000
[ERROR] step = 10  engy error = -7.2645889304e-11  grad error =  0.0000000000e+00  dmat error =  2.1517972536e-05
SCF converged in 10 steps.
[LSDF] xchg_d10: robust_mode=NONE, no V data -> full-grid FFT path
[GRADIENT] SCF type: GRKS | atoms: 16 | DOF: 48 | time: 173.800 s
  Atom   0:   1.0138181585e-03  -1.3835256200e-03  -9.0880225208e-04
  Atom   1:   2.1907785180e-02   1.0007654009e-02   7.2028146941e-03
  Atom   2:  -5.8016840425e-03  -2.9628459722e-03  -1.4797284834e-03
  Atom   3:  -2.7803714270e-03   5.0769665826e-04  -6.1296582903e-04
  Atom   4:  -5.0950009857e-03  -1.4392941850e-03  -1.3894201697e-03
  Atom   5:   6.2387904399e-04   3.3235297528e-04   2.0991683981e-04
  Atom   6:  -1.9706036849e-03  -9.6869202983e-04  -8.5705737459e-04
  Atom   7:  -3.0795680707e-03  -2.1775994178e-03  -1.4029162470e-03
  Atom   8:   1.1748341490e-03  -1.6201097183e-03  -8.6374195504e-04
  Atom   9:  -7.5636797082e-05  -6.6638628301e-05   1.9231806038e-03
  Atom  10:   4.4492875164e-05   3.4797345296e-05   2.3930947227e-03
  Atom  11:  -3.1877117897e-03   5.9529058519e-04  -1.1428225601e-03
  Atom  12:  -2.5068547067e-04   4.1511765577e-05   5.1352660397e-04
  Atom  13:   6.1667988819e-04   3.1297816732e-04   6.6449066497e-05
  Atom  14:  -1.9190743558e-03  -9.5707720012e-04  -6.7743730737e-04
  Atom  15:   7.7473671776e-05  -1.1939452924e-04   5.4142362561e-04
[OPT] step = 0  energy = -635.3303593380  dE =               N/A  grad_max =  2.1907785180e-02  grad_rms =  4.0135006159e-03
[OPT] Geometry optimization did not converge in 1 steps.
Kylin-PBC Done.
Timer "Kylin-PBC main" used time: 220.1343 s.
