Kylin-PBC: v1.0.0

System time = 2026-10-01 11:47:12

OMP threads = 32

KYLIN_PBC_ROOT = "/home/rudin/code/kylin-pbc"
KYLIN_SCR_PATH = "/tmp"
KYLIN_JOB_PATH = "/home/rudin/tmp-review-nk/Si2-k222-FTDF"

SCF.xcfun                      = HSE06
SCF.basis                      = dzvp-sr
SCF.psudo                      = gth-pbe
SCF.kmesh                      = 2 2 2
SCF.gmesh                      = 6.0e-01
SCF.ispin                      = OFF
SCF.dspin                      = 0
SCF.eps_engy                   = 3.7e-09 [AU]
SCF.eps_grad                   = 1.0e-05 [AU]
SCF.eps_dmat                   = 1.0e-03
SCF.chk_load                   = 
SCF.chk_save                   = 
SCF.scf_guess                  = ATOM
SCF.max_cycle                  = 200
SCF.vdw_method                 = NONE
SCF.coul_method                = MGDF
SCF.xchg_method                = FTDF
SCF.xchg_exxocc                = OFF
SCF.xchg_exxace                = NONE
SCF.xchg_robust                = TILE
SCF.xchg_exxdiv                = EWALD
SCF.xchg_dropG0                = ON
SCF.lsdf_cparam                = 30
SCF.lsdf_mparam                = 5
SCF.lsdf_ipslct                = QRCP
SCF.lsdf_chocut                = 1.0e-08
SCF.lsdf_atmcut                = 2.5e+01
SCF.lsdf_aovcut                = 1.0e-07
SCF.lsdf_swzcut                = 0.0e+00
SCF.lsdf_pnocut                = 0.0e+00
SCF.lsdf_nafcut                = 0.0e+00
SCF.mgdf_ntasks                = 4
SCF.mgdf_kratio                = 3.0e+00
SCF.mgdf_cutoff                = 3.0e+02 [AU]
SCF.mgdf_relcut                = 3.0e+01
SCF.mgdf_prprec                = 1.0e-14
SCF.dmx_mix_method             = NONE
SCF.dmx_mix_start              = 1
SCF.dmx_mix_space              = 8
SCF.dmx_mix_alpha              = 3.0e-01
SCF.rho_mix_method             = NONE
SCF.rho_mix_start              = 1
SCF.rho_mix_space              = 8
SCF.rho_mix_alpha              = 3.0e-01
SCF.hks_mix_method             = BROY
SCF.hks_mix_start              = 1
SCF.hks_mix_space              = 8
SCF.hks_mix_alpha              = 3.0e-01
SCF.damp_factor                = 0.0e+00
SCF.level_shift                = 0.0e+00 [AU]
SCF.smear_method               = NONE
SCF.smear_sigma                = 0.0e+00 [AU]
SCF.soc                        = OFF
SCF.soc_window                 = 1.8e+00 [AU]
SCF.print_bandgap              = OFF
SCF.print_time                 = ON

OPT.opt_method                 = BFGS
OPT.max_cycle                  = 0
OPT.eps_engy                   = 4.0e-06 [AU]
OPT.eps_grad                   = 4.0e-04 [AU]
OPT.trust_limit                = 3.0e-01 [AU]
OPT.damp_factor                = 0.0e+00
OPT.opt_mix_method             = NONE
OPT.opt_mix_start              = 1
OPT.opt_mix_space              = 5
OPT.opt_mix_alpha              = 3.0e-01
OPT.neb_method                 = FIRE
OPT.neb_lclimb                 = ON
OPT.neb_interp                 = IDPP
OPT.neb_nimage                 = 5
OPT.neb_spring                 = 1.0e-02 [AU]
OPT.neb_maxstep                = 7.6e-02 [AU]

PROP.calculation               = NONE
FREQ.freq_method               = FREE2
FREQ.fd_stepsize               = 2.8e-02 [AU]
DOS.dos_method                 = GAUSS
DOS.dos_sigma                  = 3.7e-03 [AU]
DOS.dos_npoint                 = 1001
DOS.dos_emin                   = 0.0e+00 [AU]
DOS.dos_emax                   = 0.0e+00 [AU]

OPT.mdx_ensemble               = NVE
OPT.mdx_thermostat             = NHC
OPT.mdx_max_step               = 0
OPT.mdx_timestep               = 4.0e+01 [AU]
OPT.mdx_temperature            = 9.5e-04 [AU]
OPT.mdx_pressure               = 0.0e+00 [AU]
OPT.mdx_thermo_tau             = 4.0e+03 [AU]
OPT.mdx_baro_tau               = 2.0e+04 [AU]
OPT.mdx_nhc_length             = 3
OPT.mdx_nhc_mts                = 3
OPT.mdx_constraint             = OFF
OPT.mdx_constraint_tol         = 1.0e-10
OPT.mdx_rng_seed               = 42

K-points mesh = 2 2 2

xc functional: "HSE06"
is hybrid: YES
HFX coeff: 0.25

Basis Set Name: "dzvp-sr"
number of shell = 6
number of basis = 26
gmesh = 25 25 25

Pseudopotential Name: "gth-pbe"
number of valence electron = 8

SCF Calculation.
K sampling = 2 2 2
[IGUESS] MINAO initial guess done. naofn = 26  nkpot = 8
Timer "SCF::update_rhoR" used time: 0.077681 s.
Timer "SCF::update_rhoG" used time: 0.008826 s.
Timer "SCF::update_epsv" used time: 0.115927 s.
Timer "SCF::update_vhxc" used time: 0.064553 s.
Timer "SCF::update_xchg" used time: 0.338506 s.
Timer "SCF::update_engy" used time: 0.000301 s.
[NELEC] step = 0  nelec = 8  neInt = 8.160857  dnelc =  1.6085675803e-01
[ENERG] step = 0  eTotl = -7.81554402  eCore = 2.50017058  eCoul = 0.59588361  eExcl = -2.51915813  eNucl = -8.39244008  eDisp = 0.00000000
[ERROR] step = 0  engy error =  0.0000000000e+00  grad error =  0.0000000000e+00  dmat error =  0.0000000000e+00
Timer "SCF cycle: 0" used time: 0.638219 s.

Timer "SCF::solve_eigen" used time: 0.001223 s.
Timer "SCF::update_rhoR" used time: 0.046391 s.
Timer "SCF::update_rhoG" used time: 0.007186 s.
Timer "SCF::update_rhoG" used time: 0.007198 s.
Timer "SCF::update_epsv" used time: 0.121761 s.
Timer "SCF::update_vhxc" used time: 0.059169 s.
Timer "SCF::update_xchg" used time: 0.433348 s.
Timer "SCF::update_engy" used time: 0.000604 s.
[NELEC] step = 1  nelec = 8  neInt = 8.000000  dnelc = -2.3092638912e-12
[ENERG] step = 1  eTotl = -7.78160199  eCore = 2.44968305  eCoul = 0.61336159  eExcl = -2.45220656  eNucl = -8.39244008  eDisp = 0.00000000
[ERROR] step = 1  engy error =  3.3942025606e-02  grad error =  0.0000000000e+00  dmat error =  1.6065126056e+00
Timer "SCF cycle: 1" used time: 0.686279 s.

Timer "SCF::solve_eigen" used time: 0.001126 s.
Timer "SCF::update_rhoR" used time: 0.045704 s.
Timer "SCF::update_rhoG" used time: 0.007388 s.
Timer "SCF::update_rhoG" used time: 0.007106 s.
Timer "SCF::update_epsv" used time: 0.114917 s.
Timer "SCF::update_vhxc" used time: 0.054613 s.
Timer "SCF::update_xchg" used time: 0.284498 s.
Timer "SCF::update_engy" used time: 0.000280 s.
[NELEC] step = 2  nelec = 8  neInt = 8.000000  dnelc = -2.3137047833e-12
[ENERG] step = 2  eTotl = -7.78215057  eCore = 2.44757129  eCoul = 0.61681414  eExcl = -2.45409593  eNucl = -8.39244008  eDisp = 0.00000000
[ERROR] step = 2  engy error = -5.4857939298e-04  grad error =  0.0000000000e+00  dmat error =  2.0498546578e-02
Timer "SCF cycle: 2" used time: 0.525193 s.

Timer "SCF::solve_eigen" used time: 0.001119 s.
Timer "SCF::update_rhoR" used time: 0.045053 s.
Timer "SCF::update_rhoG" used time: 0.007237 s.
Timer "SCF::update_rhoG" used time: 0.007079 s.
Timer "SCF::update_epsv" used time: 0.114272 s.
Timer "SCF::update_vhxc" used time: 0.054709 s.
Timer "SCF::update_xchg" used time: 0.282160 s.
Timer "SCF::update_engy" used time: 0.000294 s.
[NELEC] step = 3  nelec = 8  neInt = 8.000000  dnelc = -2.3261392812e-12
[ENERG] step = 3  eTotl = -7.78271025  eCore = 2.44353640  eCoul = 0.62468333  eExcl = -2.45848990  eNucl = -8.39244008  eDisp = 0.00000000
[ERROR] step = 3  engy error = -5.5967493812e-04  grad error =  0.0000000000e+00  dmat error =  5.0524133975e-02
Timer "SCF cycle: 3" used time: 0.521480 s.

Timer "SCF::solve_eigen" used time: 0.001106 s.
Timer "SCF::update_rhoR" used time: 0.044468 s.
Timer "SCF::update_rhoG" used time: 0.007230 s.
Timer "SCF::update_rhoG" used time: 0.007116 s.
Timer "SCF::update_epsv" used time: 0.114259 s.
Timer "SCF::update_vhxc" used time: 0.054403 s.
Timer "SCF::update_xchg" used time: 0.284901 s.
Timer "SCF::update_engy" used time: 0.000288 s.
[NELEC] step = 4  nelec = 8  neInt = 8.000000  dnelc = -2.3234747459e-12
[ENERG] step = 4  eTotl = -7.78271549  eCore = 2.44403334  eCoul = 0.62394812  eExcl = -2.45825687  eNucl = -8.39244008  eDisp = 0.00000000
[ERROR] step = 4  engy error = -5.2394811361e-06  grad error =  0.0000000000e+00  dmat error =  4.2796311113e-03
Timer "SCF cycle: 4" used time: 0.523522 s.

Timer "SCF::solve_eigen" used time: 0.001136 s.
Timer "SCF::update_rhoR" used time: 0.044886 s.
Timer "SCF::update_rhoG" used time: 0.007192 s.
Timer "SCF::update_rhoG" used time: 0.007111 s.
Timer "SCF::update_epsv" used time: 0.114241 s.
Timer "SCF::update_vhxc" used time: 0.055049 s.
Timer "SCF::update_xchg" used time: 0.282589 s.
Timer "SCF::update_engy" used time: 0.000287 s.
[NELEC] step = 5  nelec = 8  neInt = 8.000000  dnelc = -2.3261392812e-12
[ENERG] step = 5  eTotl = -7.78271561  eCore = 2.44408090  eCoul = 0.62387896  eExcl = -2.45823539  eNucl = -8.39244008  eDisp = 0.00000000
[ERROR] step = 5  engy error = -1.1779158626e-07  grad error =  0.0000000000e+00  dmat error =  4.5861295319e-04
Timer "SCF cycle: 5" used time: 0.522100 s.

Timer "SCF::solve_eigen" used time: 0.001098 s.
Timer "SCF::update_rhoR" used time: 0.044353 s.
Timer "SCF::update_rhoG" used time: 0.007215 s.
Timer "SCF::update_rhoG" used time: 0.007090 s.
Timer "SCF::update_epsv" used time: 0.114208 s.
Timer "SCF::update_vhxc" used time: 0.054288 s.
Timer "SCF::update_xchg" used time: 0.283048 s.
Timer "SCF::update_engy" used time: 0.000296 s.
[NELEC] step = 6  nelec = 8  neInt = 8.000000  dnelc = -2.3270274596e-12
[ENERG] step = 6  eTotl = -7.78271568  eCore = 2.44409214  eCoul = 0.62387895  eExcl = -2.45824669  eNucl = -8.39244008  eDisp = 0.00000000
[ERROR] step = 6  engy error = -6.9898950628e-08  grad error =  0.0000000000e+00  dmat error =  6.0012394312e-04
Timer "SCF cycle: 6" used time: 0.521426 s.

Timer "SCF::solve_eigen" used time: 0.001115 s.
Timer "SCF::update_rhoR" used time: 0.045003 s.
Timer "SCF::update_rhoG" used time: 0.007215 s.
Timer "SCF::update_rhoG" used time: 0.007068 s.
Timer "SCF::update_epsv" used time: 0.114226 s.
Timer "SCF::update_vhxc" used time: 0.055050 s.
Timer "SCF::update_xchg" used time: 0.282009 s.
Timer "SCF::update_engy" used time: 0.000289 s.
[NELEC] step = 7  nelec = 8  neInt = 8.000000  dnelc = -2.3270274596e-12
[ENERG] step = 7  eTotl = -7.78271568  eCore = 2.44409254  eCoul = 0.62387987  eExcl = -2.45824801  eNucl = -8.39244008  eDisp = 0.00000000
[ERROR] step = 7  engy error = -1.3275451849e-09  grad error =  0.0000000000e+00  dmat error =  4.1638363061e-05
SCF converged in 7 steps.
Kylin-PBC Done.
Timer "Kylin-PBC main" used time: 4.795149 s.
