Kylin-PBC: v1.0.0

System time = 2026-09-30 11:32:32

OMP threads = 8

KYLIN_PBC_ROOT = "/home/rudin/code/kylin-pbc"
KYLIN_SCR_PATH = "/tmp"
KYLIN_JOB_PATH = "/home/rudin/tmp-review-gradtoy/He1_naive"

SCF.xcfun                      = HSE06
SCF.basis                      = szv-sr
SCF.psudo                      = gth-pbe
SCF.kmesh                      = 1 1 1
SCF.gmesh                      = 4.0e-01
SCF.ispin                      = OFF
SCF.dspin                      = 0
SCF.eps_engy                   = 1.0e-09 [AU]
SCF.eps_grad                   = 1.0e-05 [AU]
SCF.eps_dmat                   = 1.0e-03
SCF.chk_load                   = 
SCF.chk_save                   = 
SCF.scf_guess                  = ATOM
SCF.max_cycle                  = 100
SCF.vdw_method                 = NONE
SCF.coul_method                = MGDF
SCF.xchg_method                = LSDF
SCF.xchg_exxocc                = OFF
SCF.xchg_exxace                = NONE
SCF.ace_eps_engy               = -1.0e+00
SCF.ace_eps_dmat               = -1.0e+00
SCF.ace_max_cycle              = 30
SCF.xchg_robust                = NONE
SCF.xchg_exxdiv                = NONE
SCF.xchg_dropG0                = OFF
SCF.lsdf_cparam                = 30
SCF.lsdf_mparam                = 5
SCF.lsdf_ipslct                = QRCP
SCF.lsdf_chocut                = 1.0e-08
SCF.lsdf_atmcut                = 2.5e+01
SCF.lsdf_aovcut                = 1.0e-07
SCF.lsdf_swzcut                = 0.0e+00
SCF.lsdf_pnocut                = 0.0e+00
SCF.lsdf_nafcut                = 0.0e+00
SCF.mgdf_ortho                 = AUTO
SCF.mgdf_ntasks                = 4
SCF.mgdf_kratio                = 3.0e+00
SCF.mgdf_cutoff                = 3.0e+02 [AU]
SCF.mgdf_relcut                = 3.0e+01
SCF.mgdf_prprec                = 1.0e-14
SCF.dmx_mix_method             = NONE
SCF.dmx_mix_start              = 1
SCF.dmx_mix_space              = 8
SCF.dmx_mix_alpha              = 3.0e-01
SCF.rho_mix_method             = NONE
SCF.rho_mix_start              = 1
SCF.rho_mix_space              = 8
SCF.rho_mix_alpha              = 3.0e-01
SCF.hks_mix_method             = BROY
SCF.hks_mix_start              = 1
SCF.hks_mix_space              = 8
SCF.hks_mix_alpha              = 3.0e-01
SCF.damp_factor                = 0.0e+00
SCF.level_shift                = 0.0e+00 [AU]
SCF.smear_method               = NONE
SCF.smear_sigma                = 0.0e+00 [AU]
SCF.soc                        = OFF
SCF.soc_window                 = 1.8e+00 [AU]
SCF.print_bandgap              = OFF
SCF.print_time                 = OFF

OPT.opt_method                 = BFGS
OPT.max_cycle                  = 1
OPT.eps_engy                   = 4.0e-06 [AU]
OPT.eps_grad                   = 4.0e-04 [AU]
OPT.trust_limit                = 3.0e-01 [AU]
OPT.damp_factor                = 0.0e+00
OPT.opt_mix_method             = NONE
OPT.opt_mix_start              = 1
OPT.opt_mix_space              = 5
OPT.opt_mix_alpha              = 3.0e-01
OPT.neb_method                 = FIRE
OPT.neb_lclimb                 = ON
OPT.neb_interp                 = IDPP
OPT.neb_nimage                 = 5
OPT.neb_spring                 = 1.0e-02 [AU]
OPT.neb_maxstep                = 7.6e-02 [AU]

PROP.calculation               = NONE
FREQ.freq_method               = FREE2
FREQ.fd_stepsize               = 2.8e-02 [AU]
DOS.dos_method                 = GAUSS
DOS.dos_sigma                  = 3.7e-03 [AU]
DOS.dos_npoint                 = 1001
DOS.dos_emin                   = 0.0e+00 [AU]
DOS.dos_emax                   = 0.0e+00 [AU]

OPT.mdx_ensemble               = NVE
OPT.mdx_thermostat             = NHC
OPT.mdx_max_step               = 0
OPT.mdx_timestep               = 4.0e+01 [AU]
OPT.mdx_temperature            = 9.5e-04 [AU]
OPT.mdx_pressure               = 0.0e+00 [AU]
OPT.mdx_thermo_tau             = 4.0e+03 [AU]
OPT.mdx_baro_tau               = 2.0e+04 [AU]
OPT.mdx_nhc_length             = 3
OPT.mdx_nhc_mts                = 3
OPT.mdx_constraint             = OFF
OPT.mdx_constraint_tol         = 1.0e-10
OPT.mdx_rng_seed               = 42
OPT.mdx_dm_extrap              = LINEAR

K-points mesh = 1 1 1

xc functional: "HSE06"
is hybrid: YES
HFX coeff: 0.25

Basis Set Name: "szv-sr"
number of shell = 1
number of basis = 1
gmesh = 80 80 80

Pseudopotential Name: "gth-pbe"
number of valence electron = 2

OPT Calculation.

==============================================================
                   Geometry Optimization                      
==============================================================
  method      = BFGS
  max_cycle   = 1
  eps_engy    = 4.000000e-06
  eps_grad    = 4.000000e-04
  trust_limit = 0.300000
  natom       = 1
  nfree       = 3 / 3
==============================================================

--------------------------------------------------------------
  OPT step 0
--------------------------------------------------------------
[OPT] Cell structure (Angstrom):
       8.00000000       0.00000000       0.00000000
       0.00000000       8.00000000       0.00000000
       0.00000000       0.00000000       8.00000000

Cart
He         4.13000000       3.97000000       4.21000000   T T T

[OPT] Cell written to /home/rudin/tmp-review-gradtoy/He1_naive/opt_img/cell_opt_0.txt
[MGDF] ortho kernel: ON (cell orthorhombic)
[MGDF_DIAG] gmesh = 119 119 119  (ngrid=1685159)
[MGDF_DIAG] level 0  mesh=25 25 25  ngrid=15625  tasks=0
[MGDF_DIAG] level 1  mesh=41 41 41  ngrid=68921  tasks=9
[MGDF_DIAG] level 2  mesh=71 71 71  ngrid=357911  tasks=3
[MGDF_DIAG] level 3  mesh=119 119 119  ngrid=1685159  tasks=10
[MGDF_DIAG] atom_pairs_kept=22  rejected: atom=118 set=0 pgf=90 radius=0
[MGDF_DIAG] max_pair_radius=8.51653  max_pgf_rcut=7.74942  total_pairs=22  precision_colloc=1e-14  precision_screen=1e-07
OMP: Warning #226: KMP_AFFINITY must be set prior to first parallel region or certain API calls; ignored.
[LSDF] gmesh = (80, 80, 80), ngrid = 512000, naofn = 1, natom = 1
Timer "[LSDF] Voronoi partition" used time: 0.007088 s.
Timer "[LSDF] AO evaluation + screening" used time: 0.014266 s.
[LSDF] IP method: randomized QRCP (c=30, m=5)
[LSDF-IP]   ncand=2048 nkeep=2 nfound=1 kron+stage1=0.000s stage2=0.000s
[LSDF-IP] atom nao_loc=1 npts=512000 naux=1 naux2=1 nip=1 sketch=0.000s proj=0.000s qrcp=0.004s
[LSDF] total IPs selected: 1 (0.0002% of grid)
Timer "[LSDF] IP selection" used time: 0.003991 s.
Timer "[LSDF] aux basis fitting" used time: 0.004024 s.
[LSDF] Step 5 diagnostics: natom=1, ngrid=512000, naux_total=1
[LSDF]   OMP threads=8, MKL threads=8
[LSDF]   Vmat_loc equiv size: 1 x 512000 = 0.00 GB (fused=no)
Timer "[LSDF]   5a Vmat_loc alloc+FFT" used time: 0.007512 s.
Timer "[LSDF]   5b W construction (DGEMM)" used time: 0.000068 s.
Timer "[LSDF]   5c Wmat symmetrize" used time: 0.000001 s.
[LSDF]   robust_mode=NONE: freeing Vmat_loc
Timer "[LSDF] V/W construction" used time: 0.007592 s.
  [bwd-lev1] integ=0.0165939s  tasks=9  us/pair=14750.2  grid=0.525826MB  avg_rad=4.82386  max_rad=8.51653  avg_bbox=26200.6  est_gpts=123562  ns/gpt=1074.37
  [bwd-lev2] integ=0.0329552s  tasks=3  us/pair=87880.5  grid=2.73064MB  avg_rad=3.7006  max_rad=4.55307  avg_bbox=49293.9  est_gpts=77490  ns/gpt=3402.26
  [bwd-lev3] integ=0.000117064s  tasks=10  us/pair=93.6508  grid=12.8567MB  avg_rad=1.93706  max_rad=3.00833  avg_bbox=40592.7  est_gpts=212706  ns/gpt=4.40284
  [bwd] fft=0.0513339s  integ=0.0496662s  reduce=3.8147e-06s
  [fwd-lev1] colloc=3.8147e-05s  tasks=9  us/pair=33.9084  grid=0.525826MB
  [fwd-lev2] colloc=0.00120997s  tasks=3  us/pair=3226.6  grid=2.73064MB
  [fwd-lev3] colloc=0.012331s  tasks=10  us/pair=9864.81  grid=12.8567MB
  [fwd] colloc=0.0135791s  reduce=0.00153899s  fft=0.029429s
  [bwd-lev1] integ=0.0161519s  tasks=9  us/pair=14357.2  grid=0.525826MB  avg_rad=4.82386  max_rad=8.51653  avg_bbox=26200.6  est_gpts=123562  ns/gpt=1045.75
  [bwd-lev2] integ=0.0347512s  tasks=3  us/pair=92669.8  grid=2.73064MB  avg_rad=3.7006  max_rad=4.55307  avg_bbox=49293.9  est_gpts=77490  ns/gpt=3587.68
  [bwd-lev3] integ=0.000120163s  tasks=10  us/pair=96.1304  grid=12.8567MB  avg_rad=1.93706  max_rad=3.00833  avg_bbox=40592.7  est_gpts=212706  ns/gpt=4.51941
  [bwd] fft=0.0524809s  integ=0.0510232s  reduce=4.05312e-06s
[LSDF] xchg phases: A=0.000 s, B(K_W)=0.000 s, C(K_V)=0.000 s, E(reduce)=0.000 s
[NELEC] step = 0  nelec = 2  neInt = 1.999533  dnelc = -4.6728981339e-04
[ENERG] step = 0  eTotl = -2.89518655  eCore = -3.13887775  eCoul = 1.68354362  eExcl = -1.06449413  eNucl = -0.37535829  eDisp = 0.00000000
[ERROR] step = 0  engy error =  0.0000000000e+00  grad error =  0.0000000000e+00  dmat error =  0.0000000000e+00
Timer "SCF cycle: 0" used time: 0.272141 s.

  [fwd-lev1] colloc=2.38419e-05s  tasks=9  us/pair=21.1928  grid=0.525826MB
  [fwd-lev2] colloc=0.00126886s  tasks=3  us/pair=3383.64  grid=2.73064MB
  [fwd-lev3] colloc=0.012023s  tasks=10  us/pair=9618.38  grid=12.8567MB
  [fwd] colloc=0.0133157s  reduce=0.00155807s  fft=0.0293663s
  [bwd-lev1] integ=0.0182669s  tasks=9  us/pair=16237.3  grid=0.525826MB  avg_rad=4.82386  max_rad=8.51653  avg_bbox=26200.6  est_gpts=123562  ns/gpt=1182.69
  [bwd-lev2] integ=0.039526s  tasks=3  us/pair=105403  grid=2.73064MB  avg_rad=3.7006  max_rad=4.55307  avg_bbox=49293.9  est_gpts=77490  ns/gpt=4080.63
  [bwd-lev3] integ=0.000154018s  tasks=10  us/pair=123.215  grid=12.8567MB  avg_rad=1.93706  max_rad=3.00833  avg_bbox=40592.7  est_gpts=212706  ns/gpt=5.79274
  [bwd] fft=0.0598097s  integ=0.0579469s  reduce=5.00679e-06s
[LSDF] xchg phases: A=0.000 s, B(K_W)=0.000 s, C(K_V)=0.000 s, E(reduce)=0.000 s
[NELEC] step = 1  nelec = 2  neInt = 2.000000  dnelc =  1.4711343255e-11
[ENERG] step = 1  eTotl = -2.89548840  eCore = -3.13961131  eCoul = 1.68433060  eExcl = -1.06484941  eNucl = -0.37535829  eDisp = 0.00000000
[ERROR] step = 1  engy error = -3.0184708499e-04  grad error =  0.0000000000e+00  dmat error =  4.6728982810e-04
Timer "SCF cycle: 1" used time: 0.246550 s.

  [fwd-lev1] colloc=9.53674e-07s  tasks=9  us/pair=0.847711  grid=0.525826MB
  [fwd-lev2] colloc=0.000720978s  tasks=3  us/pair=1922.61  grid=2.73064MB
  [fwd-lev3] colloc=0.009794s  tasks=10  us/pair=7835.2  grid=12.8567MB
  [fwd] colloc=0.0105159s  reduce=0.00156403s  fft=0.0294399s
  [bwd-lev1] integ=0.016216s  tasks=9  us/pair=14414.3  grid=0.525826MB  avg_rad=4.82386  max_rad=8.51653  avg_bbox=26200.6  est_gpts=123562  ns/gpt=1049.9
  [bwd-lev2] integ=0.034138s  tasks=3  us/pair=91034.6  grid=2.73064MB  avg_rad=3.7006  max_rad=4.55307  avg_bbox=49293.9  est_gpts=77490  ns/gpt=3524.37
  [bwd-lev3] integ=0.00012207s  tasks=10  us/pair=97.6562  grid=12.8567MB  avg_rad=1.93706  max_rad=3.00833  avg_bbox=40592.7  est_gpts=212706  ns/gpt=4.59115
  [bwd] fft=0.0518782s  integ=0.0504761s  reduce=4.05312e-06s
[LSDF] xchg phases: A=0.000 s, B(K_W)=0.000 s, C(K_V)=0.000 s, E(reduce)=0.000 s
[NELEC] step = 2  nelec = 2  neInt = 2.000000  dnelc =  1.4711343255e-11
[ENERG] step = 2  eTotl = -2.89548840  eCore = -3.13961131  eCoul = 1.68433060  eExcl = -1.06484941  eNucl = -0.37535829  eDisp = 0.00000000
[ERROR] step = 2  engy error =  0.0000000000e+00  grad error =  0.0000000000e+00  dmat error =  0.0000000000e+00
SCF converged in 2 steps.
[LSDF] xchg_d10: robust_mode=NONE -> non-robust ISDF path (K_W only)
  [fwd-lev1] colloc=2.28882e-05s  tasks=9  us/pair=20.3451  grid=0.525826MB
  [fwd-lev2] colloc=0.00120878s  tasks=3  us/pair=3223.42  grid=2.73064MB
  [fwd-lev3] colloc=0.0123231s  tasks=10  us/pair=9858.51  grid=12.8567MB
  [fwd] colloc=0.0135548s  reduce=0.00156713s  fft=0.0294328s
[GRADIENT] SCF type: GRKS | atoms: 1 | DOF: 3 | time: 0.234 s
  Atom   0:   4.6414087026e-01  -4.6413667860e-01   1.5470867298e-01
[OPT] step = 0  energy = -2.8954884017  dE =               N/A  grad_max =  4.6414087026e-01  grad_rms =  3.8935175928e-01
[OPT] Step scaled by 0.4449 (trust_radius = 0.300000, norm 0.674377 -> 0.300000)
[OPT] Geometry optimization did not converge in 1 steps.
Kylin-PBC Done.
Timer "Kylin-PBC main" used time: 1.730186 s.
