Kylin-PBC: v1.0.0

System time = 2026-06-28 11:32:37

OMP threads = 32

KYLIN_PBC_ROOT = "/home/rudin/code/kylin-pbc"
KYLIN_SCR_PATH = "/tmp"
KYLIN_JOB_PATH = "/home/rudin/code/kylin-pbc/art/example/scaling/Si64-PBE"

SCF.xcfun                      = PBE
SCF.basis                      = dzvp-sr
SCF.psudo                      = gth-pbe
SCF.kmesh                      = 1 1 1
SCF.gmesh                      = 5.0e-01
SCF.ispin                      = OFF
SCF.dspin                      = 0
SCF.eps_engy                   = 1.0e-06 [AU]
SCF.eps_grad                   = 1.0e-05 [AU]
SCF.eps_dmat                   = 1.0e-03
SCF.chk_load                   = 
SCF.chk_save                   = 
SCF.scf_guess                  = ATOM
SCF.max_cycle                  = 100
SCF.vdw_method                 = NONE
SCF.coul_method                = MGDF
SCF.xchg_method                = LSDF
SCF.xchg_exxocc                = OFF
SCF.xchg_exxace                = NONE
SCF.xchg_robust                = TILE
SCF.xchg_exxdiv                = NONE
SCF.xchg_dropG0                = OFF
SCF.lsdf_cparam                = 30
SCF.lsdf_mparam                = 5
SCF.lsdf_ipslct                = QRCP
SCF.lsdf_chocut                = 1.0e-08
SCF.lsdf_atmcut                = 2.5e+01
SCF.lsdf_aovcut                = 1.0e-07
SCF.lsdf_swzcut                = 0.0e+00
SCF.lsdf_pnocut                = 0.0e+00
SCF.lsdf_nafcut                = 0.0e+00
SCF.mgdf_ntasks                = 4
SCF.mgdf_kratio                = 3.0e+00
SCF.mgdf_cutoff                = 3.0e+02 [AU]
SCF.mgdf_relcut                = 3.0e+01
SCF.mgdf_prprec                = 1.0e-14
SCF.dmx_mix_method             = NONE
SCF.dmx_mix_start              = 1
SCF.dmx_mix_space              = 8
SCF.dmx_mix_alpha              = 3.0e-01
SCF.rho_mix_method             = NONE
SCF.rho_mix_start              = 1
SCF.rho_mix_space              = 8
SCF.rho_mix_alpha              = 3.0e-01
SCF.hks_mix_method             = BROY
SCF.hks_mix_start              = 1
SCF.hks_mix_space              = 8
SCF.hks_mix_alpha              = 3.0e-01
SCF.damp_factor                = 0.0e+00
SCF.level_shift                = 0.0e+00 [AU]
SCF.smear_method               = NONE
SCF.smear_sigma                = 0.0e+00 [AU]
SCF.soc                        = OFF
SCF.soc_window                 = 1.8e+00 [AU]
SCF.print_bandgap              = OFF
SCF.print_time                 = OFF

OPT.opt_method                 = BFGS
OPT.max_cycle                  = 0
OPT.eps_engy                   = 4.0e-06 [AU]
OPT.eps_grad                   = 4.0e-04 [AU]
OPT.trust_limit                = 3.0e-01 [AU]
OPT.damp_factor                = 0.0e+00
OPT.opt_mix_method             = NONE
OPT.opt_mix_start              = 1
OPT.opt_mix_space              = 5
OPT.opt_mix_alpha              = 3.0e-01
OPT.neb_method                 = FIRE
OPT.neb_lclimb                 = ON
OPT.neb_interp                 = IDPP
OPT.neb_nimage                 = 5
OPT.neb_spring                 = 1.0e-02 [AU]
OPT.neb_maxstep                = 7.6e-02 [AU]

PROP.calculation               = NONE
FREQ.freq_method               = FREE2
FREQ.fd_stepsize               = 2.8e-02 [AU]
DOS.dos_method                 = GAUSS
DOS.dos_sigma                  = 3.7e-03 [AU]
DOS.dos_npoint                 = 1001
DOS.dos_emin                   = 0.0e+00 [AU]
DOS.dos_emax                   = 0.0e+00 [AU]

OPT.mdx_ensemble               = NVE
OPT.mdx_thermostat             = NHC
OPT.mdx_max_step               = 0
OPT.mdx_timestep               = 4.0e+01 [AU]
OPT.mdx_temperature            = 9.5e-04 [AU]
OPT.mdx_pressure               = 0.0e+00 [AU]
OPT.mdx_thermo_tau             = 4.0e+03 [AU]
OPT.mdx_baro_tau               = 2.0e+04 [AU]
OPT.mdx_nhc_length             = 3
OPT.mdx_nhc_mts                = 3
OPT.mdx_constraint             = OFF
OPT.mdx_constraint_tol         = 1.0e-10
OPT.mdx_rng_seed               = 42

K-points mesh = 1 1 1

xc functional: "PBE"
is hybrid: NO

Basis Set Name: "dzvp-sr"
number of shell = 192
number of basis = 832
gmesh = 57 57 57

Pseudopotential Name: "gth-pbe"
number of valence electron = 256

SCF Calculation.
Gamma point
[NELEC] step = 0  nelec = 256  neInt = 255.999985  dnelc = -1.4766594660e-05
[ENERG] step = 0  eTotl = -249.59830509  eCore = 78.53885333  eCoul = 18.26752418  eExcl = -77.67107358  eNucl = -268.73360901  eDisp = 0.00000000
[ERROR] step = 0  engy error =  0.0000000000e+00  grad error =  0.0000000000e+00  dmat error =  0.0000000000e+00
Timer "SCF cycle: 0" used time: 1.789109 s.

[NELEC] step = 1  nelec = 256  neInt = 256.000000  dnelc = -7.3214323493e-11
[ENERG] step = 1  eTotl = -251.68080516  eCore = 76.90580367  eCoul = 17.34377498  eExcl = -77.19677480  eNucl = -268.73360901  eDisp = 0.00000000
[ERROR] step = 1  engy error = -2.0825000735e+00  grad error =  0.0000000000e+00  dmat error =  1.1508417506e+00
Timer "SCF cycle: 1" used time: 1.909718 s.

[NELEC] step = 2  nelec = 256  neInt = 256.000000  dnelc = -7.0940586738e-11
[ENERG] step = 2  eTotl = -251.68211798  eCore = 76.85672751  eCoul = 17.42267991  eExcl = -77.22791639  eNucl = -268.73360901  eDisp = 0.00000000
[ERROR] step = 2  engy error = -1.3128173033e-03  grad error =  0.0000000000e+00  dmat error =  3.2567855564e-03
Timer "SCF cycle: 2" used time: 1.924352 s.

[NELEC] step = 3  nelec = 256  neInt = 256.000000  dnelc = -6.7075234256e-11
[ENERG] step = 3  eTotl = -251.68303670  eCore = 76.76351487  eCoul = 17.57472495  eExcl = -77.28766751  eNucl = -268.73360901  eDisp = 0.00000000
[ERROR] step = 3  engy error = -9.1872742755e-04  grad error =  0.0000000000e+00  dmat error =  6.0202136961e-03
Timer "SCF cycle: 3" used time: 1.917662 s.

[NELEC] step = 4  nelec = 256  neInt = 256.000000  dnelc = -6.7473138188e-11
[ENERG] step = 4  eTotl = -251.68305554  eCore = 76.77583244  eCoul = 17.55354506  eExcl = -77.27882403  eNucl = -268.73360901  eDisp = 0.00000000
[ERROR] step = 4  engy error = -1.8831550250e-05  grad error =  0.0000000000e+00  dmat error =  1.3812941934e-03
Timer "SCF cycle: 4" used time: 1.953935 s.

[NELEC] step = 5  nelec = 256  neInt = 256.000000  dnelc = -6.7331029641e-11
[ENERG] step = 5  eTotl = -251.68305554  eCore = 76.77583924  eCoul = 17.55353152  eExcl = -77.27881729  eNucl = -268.73360901  eDisp = 0.00000000
[ERROR] step = 5  engy error = -1.9767583126e-09  grad error =  0.0000000000e+00  dmat error =  8.1867167717e-06
SCF converged in 5 steps.
Kylin-PBC Done.
Timer "Kylin-PBC main" used time: 13.88881 s.
