Kylin-PBC: v1.0.0

System time = 2026-06-28 02:38:23

OMP threads = 32

KYLIN_PBC_ROOT = "/home/rudin/code/kylin-pbc"
KYLIN_SCR_PATH = "/tmp"
KYLIN_JOB_PATH = "/home/rudin/code/kylin-pbc/art/example/fd-verify/Si/base"

SCF.xcfun                      = HSE06
SCF.basis                      = dzvp-sr
SCF.psudo                      = gth-pbe
SCF.kmesh                      = 1 1 1
SCF.gmesh                      = 6.0e-01
SCF.ispin                      = OFF
SCF.dspin                      = 0
SCF.eps_engy                   = 1.0e-06 [AU]
SCF.eps_grad                   = 1.0e-05 [AU]
SCF.eps_dmat                   = 1.0e-03
SCF.chk_load                   = 
SCF.chk_save                   = 
SCF.scf_guess                  = ATOM
SCF.max_cycle                  = 200
SCF.vdw_method                 = NONE
SCF.coul_method                = FTDF
SCF.xchg_method                = LSDF
SCF.xchg_exxocc                = OFF
SCF.xchg_exxace                = NONE
SCF.xchg_robust                = TILE
SCF.xchg_exxdiv                = NONE
SCF.xchg_dropG0                = OFF
SCF.lsdf_cparam                = 30
SCF.lsdf_mparam                = 5
SCF.lsdf_ipslct                = QRCP
SCF.lsdf_chocut                = 1.0e-08
SCF.lsdf_atmcut                = 2.5e+01
SCF.lsdf_aovcut                = 1.0e-07
SCF.lsdf_swzcut                = 0.0e+00
SCF.lsdf_pnocut                = 0.0e+00
SCF.lsdf_nafcut                = 0.0e+00
SCF.mgdf_ntasks                = 4
SCF.mgdf_kratio                = 3.0e+00
SCF.mgdf_cutoff                = 3.0e+02 [AU]
SCF.mgdf_relcut                = 3.0e+01
SCF.mgdf_prprec                = 1.0e-14
SCF.dmx_mix_method             = NONE
SCF.dmx_mix_start              = 1
SCF.dmx_mix_space              = 8
SCF.dmx_mix_alpha              = 3.0e-01
SCF.rho_mix_method             = NONE
SCF.rho_mix_start              = 1
SCF.rho_mix_space              = 8
SCF.rho_mix_alpha              = 3.0e-01
SCF.hks_mix_method             = BROY
SCF.hks_mix_start              = 1
SCF.hks_mix_space              = 8
SCF.hks_mix_alpha              = 3.0e-01
SCF.damp_factor                = 0.0e+00
SCF.level_shift                = 0.0e+00 [AU]
SCF.smear_method               = NONE
SCF.smear_sigma                = 0.0e+00 [AU]
SCF.soc                        = OFF
SCF.soc_window                 = 1.8e+00 [AU]
SCF.print_bandgap              = OFF
SCF.print_time                 = OFF

OPT.opt_method                 = BFGS
OPT.max_cycle                  = 1
OPT.eps_engy                   = 4.0e-06 [AU]
OPT.eps_grad                   = 4.0e-04 [AU]
OPT.trust_limit                = 3.0e-01 [AU]
OPT.damp_factor                = 0.0e+00
OPT.opt_mix_method             = NONE
OPT.opt_mix_start              = 1
OPT.opt_mix_space              = 5
OPT.opt_mix_alpha              = 3.0e-01
OPT.neb_method                 = FIRE
OPT.neb_lclimb                 = ON
OPT.neb_interp                 = IDPP
OPT.neb_nimage                 = 5
OPT.neb_spring                 = 1.0e-02 [AU]
OPT.neb_maxstep                = 7.6e-02 [AU]

PROP.calculation               = NONE
FREQ.freq_method               = FREE2
FREQ.fd_stepsize               = 2.8e-02 [AU]
DOS.dos_method                 = GAUSS
DOS.dos_sigma                  = 3.7e-03 [AU]
DOS.dos_npoint                 = 1001
DOS.dos_emin                   = 0.0e+00 [AU]
DOS.dos_emax                   = 0.0e+00 [AU]

OPT.mdx_ensemble               = NVE
OPT.mdx_thermostat             = NHC
OPT.mdx_max_step               = 0
OPT.mdx_timestep               = 4.0e+01 [AU]
OPT.mdx_temperature            = 9.5e-04 [AU]
OPT.mdx_pressure               = 0.0e+00 [AU]
OPT.mdx_thermo_tau             = 4.0e+03 [AU]
OPT.mdx_baro_tau               = 2.0e+04 [AU]
OPT.mdx_nhc_length             = 3
OPT.mdx_nhc_mts                = 3
OPT.mdx_constraint             = OFF
OPT.mdx_constraint_tol         = 1.0e-10
OPT.mdx_rng_seed               = 42

K-points mesh = 1 1 1

xc functional: "HSE06"
is hybrid: YES
HFX coeff: 0.25

Basis Set Name: "dzvp-sr"
number of shell = 6
number of basis = 26
gmesh = 25 25 25

Pseudopotential Name: "gth-pbe"
number of valence electron = 8

OPT Calculation.

==============================================================
                   Geometry Optimization                      
==============================================================
  method      = BFGS
  max_cycle   = 1
  eps_engy    = 4.000000e-06
  eps_grad    = 4.000000e-04
  trust_limit = 0.300000
  natom       = 2
  nfree       = 6 / 6
==============================================================

--------------------------------------------------------------
  OPT step 0
--------------------------------------------------------------
[OPT] Cell structure (Angstrom):
       0.00000000       2.71550000       2.71550000
       2.71550000       0.00000000       2.71550000
       2.71550000       2.71550000       0.00000000

Cart
Si         0.00000000       0.00000000       0.00000000   T T T
Si         1.45775000       1.40775000       1.38775000   T T T

[OPT] Cell written to /home/rudin/code/kylin-pbc/art/example/fd-verify/Si/base/opt_img/cell_opt_0.txt
[LSDF] gmesh = (25, 25, 25), ngrid = 15625, naofn = 26, natom = 2
Timer "[LSDF] Voronoi partition" used time: 0.006913 s.
Timer "[LSDF] AO evaluation + screening" used time: 0.076350 s.
[LSDF] IP method: randomized QRCP (c=30, m=5)
[LSDF] total IPs selected: 690 (4.4160% of grid)
Timer "[LSDF] IP selection" used time: 0.413160 s.
Timer "[LSDF] aux basis fitting" used time: 0.088603 s.
[LSDF] Step 5 diagnostics: natom=2, ngrid=15625, naux_total=690
[LSDF]   OMP threads=32, MKL threads=32
[LSDF]   Vmat_loc total size: 690 x 15625 = 0.08 GB
Timer "[LSDF]   5a Vmat_loc alloc+FFT" used time: 0.004522 s.
[LSDF]   W size: 690 x 690 = 3.63 MB, max_npart=7935
Timer "[LSDF]   5b W construction (DGEMM)" used time: 0.011985 s.
Timer "[LSDF]   5c Wmat symmetrize" used time: 0.000543 s.
[LSDF]   5e Vatm_nby tile extraction starting... (robust_mode=TILE)
[LSDF]   Vatm_nby: range_sep=true
[LSDF]     Vatm_nby tile: 2/2 atoms, cumul 0.08 GB
[LSDF]   Vatm_nby total tile memory: 0.08 GB
Timer "[LSDF]   5e Vatm_nby tile extraction" used time: 0.005929 s.
Timer "[LSDF] V/W construction" used time: 0.023038 s.
[LSDF] xchg phases: A=0.000 s, B(K_W)=0.000 s, C(K_V)=0.003 s, E(reduce)=0.000 s
[NELEC] step = 0  nelec = 8  neInt = 8.000000  dnelc = -3.3528735344e-12
[ENERG] step = 0  eTotl = -9.32841570  eCore = 2.06911808  eCoul = 0.60664447  eExcl = -3.61173817  eNucl = -8.39244008  eDisp = 0.00000000
[ERROR] step = 0  engy error =  0.0000000000e+00  grad error =  0.0000000000e+00  dmat error =  0.0000000000e+00
Timer "SCF cycle: 0" used time: 0.092845 s.

[LSDF] xchg phases: A=0.000 s, B(K_W)=0.000 s, C(K_V)=0.003 s, E(reduce)=0.000 s
[NELEC] step = 1  nelec = 8  neInt = 8.000000  dnelc =  2.7000623959e-13
[ENERG] step = 1  eTotl = -7.92734746  eCore = 2.84353853  eCoul = 0.88319754  eExcl = -3.26164346  eNucl = -8.39244008  eDisp = 0.00000000
[ERROR] step = 1  engy error =  1.4010682369e+00  grad error =  0.0000000000e+00  dmat error =  1.6070628566e+00
Timer "SCF cycle: 1" used time: 0.028865 s.

[LSDF] xchg phases: A=0.000 s, B(K_W)=0.000 s, C(K_V)=0.003 s, E(reduce)=0.000 s
[NELEC] step = 2  nelec = 8  neInt = 8.000000  dnelc =  3.6592950892e-13
[ENERG] step = 2  eTotl = -7.92910585  eCore = 2.84513460  eCoul = 0.87971824  eExcl = -3.26151861  eNucl = -8.39244008  eDisp = 0.00000000
[ERROR] step = 2  engy error = -1.7583851352e-03  grad error =  0.0000000000e+00  dmat error =  8.7113434537e-03
Timer "SCF cycle: 2" used time: 0.026352 s.

[LSDF] xchg phases: A=0.000 s, B(K_W)=0.000 s, C(K_V)=0.003 s, E(reduce)=0.000 s
[NELEC] step = 3  nelec = 8  neInt = 8.000000  dnelc =  6.0040861172e-13
[ENERG] step = 3  eTotl = -7.93115568  eCore = 2.85040880  eCoul = 0.87204079  eExcl = -3.26116519  eNucl = -8.39244008  eDisp = 0.00000000
[ERROR] step = 3  engy error = -2.0498316013e-03  grad error =  0.0000000000e+00  dmat error =  1.8475469413e-02
Timer "SCF cycle: 3" used time: 0.025892 s.

[LSDF] xchg phases: A=0.000 s, B(K_W)=0.000 s, C(K_V)=0.003 s, E(reduce)=0.000 s
[NELEC] step = 4  nelec = 8  neInt = 8.000000  dnelc =  6.8567374001e-13
[ENERG] step = 4  eTotl = -7.93131848  eCore = 2.85098676  eCoul = 0.87186856  eExcl = -3.26173372  eNucl = -8.39244008  eDisp = 0.00000000
[ERROR] step = 4  engy error = -1.6279484148e-04  grad error =  0.0000000000e+00  dmat error =  8.0943905745e-03
Timer "SCF cycle: 4" used time: 0.025959 s.

[LSDF] xchg phases: A=0.000 s, B(K_W)=0.000 s, C(K_V)=0.003 s, E(reduce)=0.000 s
[NELEC] step = 5  nelec = 8  neInt = 8.000000  dnelc =  6.9455552421e-13
[ENERG] step = 5  eTotl = -7.93133183  eCore = 2.85107659  eCoul = 0.87185431  eExcl = -3.26182266  eNucl = -8.39244008  eDisp = 0.00000000
[ERROR] step = 5  engy error = -1.3355364063e-05  grad error =  0.0000000000e+00  dmat error =  1.2345669721e-03
Timer "SCF cycle: 5" used time: 0.025918 s.

[LSDF] xchg phases: A=0.000 s, B(K_W)=0.000 s, C(K_V)=0.003 s, E(reduce)=0.000 s
[NELEC] step = 6  nelec = 8  neInt = 8.000000  dnelc =  7.4429351571e-13
[ENERG] step = 6  eTotl = -7.93135703  eCore = 2.85139965  eCoul = 0.87196895  eExcl = -3.26228555  eNucl = -8.39244008  eDisp = 0.00000000
[ERROR] step = 6  engy error = -2.5199830000e-05  grad error =  0.0000000000e+00  dmat error =  5.8953933329e-03
Timer "SCF cycle: 6" used time: 0.025980 s.

[LSDF] xchg phases: A=0.000 s, B(K_W)=0.001 s, C(K_V)=0.017 s, E(reduce)=0.000 s
[NELEC] step = 7  nelec = 8  neInt = 8.000000  dnelc =  7.3718808835e-13
[ENERG] step = 7  eTotl = -7.93135715  eCore = 2.85137752  eCoul = 0.87196355  eExcl = -3.26225814  eNucl = -8.39244008  eDisp = 0.00000000
[ERROR] step = 7  engy error = -1.1510764963e-07  grad error =  0.0000000000e+00  dmat error =  3.5213514156e-04
SCF converged in 7 steps.
[LSDF] xchg_d10: ISDF-robust path (K_V + K_V~ - K_IP)
[GRADIENT] SCF type: GRKS | atoms: 2 | DOF: 6 | time: 0.393 s
  Atom   0:  -6.1060729412e-02  -2.9157013548e-02  -1.5239288196e-02
  Atom   1:   6.1156765412e-02   2.9034170855e-02   1.5240108834e-02
[OPT] step = 0  energy = -7.9313571458  dE =               N/A  grad_max =  6.1156765412e-02  grad_rms =  4.0054491987e-02
[OPT] Geometry optimization did not converge in 1 steps.
Kylin-PBC Done.
Timer "Kylin-PBC main" used time: 1.514654 s.
