Kylin-PBC: v1.0.0

System time = 2026-06-28 02:38:29

OMP threads = 32

KYLIN_PBC_ROOT = "/home/rudin/code/kylin-pbc"
KYLIN_SCR_PATH = "/tmp"
KYLIN_JOB_PATH = "/home/rudin/code/kylin-pbc/art/example/fd-verify/Si/zm"

SCF.xcfun                      = HSE06
SCF.basis                      = dzvp-sr
SCF.psudo                      = gth-pbe
SCF.kmesh                      = 1 1 1
SCF.gmesh                      = 6.0e-01
SCF.ispin                      = OFF
SCF.dspin                      = 0
SCF.eps_engy                   = 1.0e-06 [AU]
SCF.eps_grad                   = 1.0e-05 [AU]
SCF.eps_dmat                   = 1.0e-03
SCF.chk_load                   = 
SCF.chk_save                   = 
SCF.scf_guess                  = ATOM
SCF.max_cycle                  = 200
SCF.vdw_method                 = NONE
SCF.coul_method                = FTDF
SCF.xchg_method                = LSDF
SCF.xchg_exxocc                = OFF
SCF.xchg_exxace                = NONE
SCF.xchg_robust                = TILE
SCF.xchg_exxdiv                = NONE
SCF.xchg_dropG0                = OFF
SCF.lsdf_cparam                = 30
SCF.lsdf_mparam                = 5
SCF.lsdf_ipslct                = QRCP
SCF.lsdf_chocut                = 1.0e-08
SCF.lsdf_atmcut                = 2.5e+01
SCF.lsdf_aovcut                = 1.0e-07
SCF.lsdf_swzcut                = 0.0e+00
SCF.lsdf_pnocut                = 0.0e+00
SCF.lsdf_nafcut                = 0.0e+00
SCF.mgdf_ntasks                = 4
SCF.mgdf_kratio                = 3.0e+00
SCF.mgdf_cutoff                = 3.0e+02 [AU]
SCF.mgdf_relcut                = 3.0e+01
SCF.mgdf_prprec                = 1.0e-14
SCF.dmx_mix_method             = NONE
SCF.dmx_mix_start              = 1
SCF.dmx_mix_space              = 8
SCF.dmx_mix_alpha              = 3.0e-01
SCF.rho_mix_method             = NONE
SCF.rho_mix_start              = 1
SCF.rho_mix_space              = 8
SCF.rho_mix_alpha              = 3.0e-01
SCF.hks_mix_method             = BROY
SCF.hks_mix_start              = 1
SCF.hks_mix_space              = 8
SCF.hks_mix_alpha              = 3.0e-01
SCF.damp_factor                = 0.0e+00
SCF.level_shift                = 0.0e+00 [AU]
SCF.smear_method               = NONE
SCF.smear_sigma                = 0.0e+00 [AU]
SCF.soc                        = OFF
SCF.soc_window                 = 1.8e+00 [AU]
SCF.print_bandgap              = OFF
SCF.print_time                 = OFF

OPT.opt_method                 = BFGS
OPT.max_cycle                  = 0
OPT.eps_engy                   = 4.0e-06 [AU]
OPT.eps_grad                   = 4.0e-04 [AU]
OPT.trust_limit                = 3.0e-01 [AU]
OPT.damp_factor                = 0.0e+00
OPT.opt_mix_method             = NONE
OPT.opt_mix_start              = 1
OPT.opt_mix_space              = 5
OPT.opt_mix_alpha              = 3.0e-01
OPT.neb_method                 = FIRE
OPT.neb_lclimb                 = ON
OPT.neb_interp                 = IDPP
OPT.neb_nimage                 = 5
OPT.neb_spring                 = 1.0e-02 [AU]
OPT.neb_maxstep                = 7.6e-02 [AU]

PROP.calculation               = NONE
FREQ.freq_method               = FREE2
FREQ.fd_stepsize               = 2.8e-02 [AU]
DOS.dos_method                 = GAUSS
DOS.dos_sigma                  = 3.7e-03 [AU]
DOS.dos_npoint                 = 1001
DOS.dos_emin                   = 0.0e+00 [AU]
DOS.dos_emax                   = 0.0e+00 [AU]

OPT.mdx_ensemble               = NVE
OPT.mdx_thermostat             = NHC
OPT.mdx_max_step               = 0
OPT.mdx_timestep               = 4.0e+01 [AU]
OPT.mdx_temperature            = 9.5e-04 [AU]
OPT.mdx_pressure               = 0.0e+00 [AU]
OPT.mdx_thermo_tau             = 4.0e+03 [AU]
OPT.mdx_baro_tau               = 2.0e+04 [AU]
OPT.mdx_nhc_length             = 3
OPT.mdx_nhc_mts                = 3
OPT.mdx_constraint             = OFF
OPT.mdx_constraint_tol         = 1.0e-10
OPT.mdx_rng_seed               = 42

K-points mesh = 1 1 1

xc functional: "HSE06"
is hybrid: YES
HFX coeff: 0.25

Basis Set Name: "dzvp-sr"
number of shell = 6
number of basis = 26
gmesh = 25 25 25

Pseudopotential Name: "gth-pbe"
number of valence electron = 8

SCF Calculation.
Gamma point
[LSDF] gmesh = (25, 25, 25), ngrid = 15625, naofn = 26, natom = 2
Timer "[LSDF] Voronoi partition" used time: 0.000552 s.
Timer "[LSDF] AO evaluation + screening" used time: 0.053291 s.
[LSDF] IP method: randomized QRCP (c=30, m=5)
[LSDF] total IPs selected: 690 (4.4160% of grid)
Timer "[LSDF] IP selection" used time: 0.327881 s.
Timer "[LSDF] aux basis fitting" used time: 0.104564 s.
[LSDF] Step 5 diagnostics: natom=2, ngrid=15625, naux_total=690
[LSDF]   OMP threads=32, MKL threads=32
[LSDF]   Vmat_loc total size: 690 x 15625 = 0.08 GB
Timer "[LSDF]   5a Vmat_loc alloc+FFT" used time: 0.004957 s.
[LSDF]   W size: 690 x 690 = 3.63 MB, max_npart=7933
Timer "[LSDF]   5b W construction (DGEMM)" used time: 0.011078 s.
Timer "[LSDF]   5c Wmat symmetrize" used time: 0.000483 s.
[LSDF]   5e Vatm_nby tile extraction starting... (robust_mode=TILE)
[LSDF]   Vatm_nby: range_sep=true
[LSDF]     Vatm_nby tile: 2/2 atoms, cumul 0.08 GB
[LSDF]   Vatm_nby total tile memory: 0.08 GB
Timer "[LSDF]   5e Vatm_nby tile extraction" used time: 0.005059 s.
Timer "[LSDF] V/W construction" used time: 0.023806 s.
[LSDF] xchg phases: A=0.000 s, B(K_W)=0.000 s, C(K_V)=0.003 s, E(reduce)=0.000 s
[NELEC] step = 0  nelec = 8  neInt = 8.000000  dnelc = -3.3537617128e-12
[ENERG] step = 0  eTotl = -9.32841351  eCore = 2.06912640  eCoul = 0.60664240  eExcl = -3.61173601  eNucl = -8.39244630  eDisp = 0.00000000
[ERROR] step = 0  engy error =  0.0000000000e+00  grad error =  0.0000000000e+00  dmat error =  0.0000000000e+00
Timer "SCF cycle: 0" used time: 0.090783 s.

[LSDF] xchg phases: A=0.000 s, B(K_W)=0.000 s, C(K_V)=0.003 s, E(reduce)=0.000 s
[NELEC] step = 1  nelec = 8  neInt = 8.000000  dnelc =  2.6467716907e-13
[ENERG] step = 1  eTotl = -7.92736270  eCore = 2.84353010  eCoul = 0.88319690  eExcl = -3.26164340  eNucl = -8.39244630  eDisp = 0.00000000
[ERROR] step = 1  engy error =  1.4010508145e+00  grad error =  0.0000000000e+00  dmat error =  1.6070622744e+00
Timer "SCF cycle: 1" used time: 0.033387 s.

[LSDF] xchg phases: A=0.000 s, B(K_W)=0.000 s, C(K_V)=0.003 s, E(reduce)=0.000 s
[NELEC] step = 2  nelec = 8  neInt = 8.000000  dnelc =  3.6592950892e-13
[ENERG] step = 2  eTotl = -7.92912103  eCore = 2.84512627  eCoul = 0.87971752  eExcl = -3.26151852  eNucl = -8.39244630  eDisp = 0.00000000
[ERROR] step = 2  engy error = -1.7583365917e-03  grad error =  0.0000000000e+00  dmat error =  8.7132582779e-03
Timer "SCF cycle: 2" used time: 0.026015 s.

[LSDF] xchg phases: A=0.000 s, B(K_W)=0.000 s, C(K_V)=0.003 s, E(reduce)=0.000 s
[NELEC] step = 3  nelec = 8  neInt = 8.000000  dnelc =  6.0040861172e-13
[ENERG] step = 3  eTotl = -7.93117078  eCore = 2.85040064  eCoul = 0.87203990  eExcl = -3.26116502  eNucl = -8.39244630  eDisp = 0.00000000
[ERROR] step = 3  engy error = -2.0497472241e-03  grad error =  0.0000000000e+00  dmat error =  1.8479779394e-02
Timer "SCF cycle: 3" used time: 0.025850 s.

[LSDF] xchg phases: A=0.000 s, B(K_W)=0.000 s, C(K_V)=0.003 s, E(reduce)=0.000 s
[NELEC] step = 4  nelec = 8  neInt = 8.000000  dnelc =  6.6968652845e-13
[ENERG] step = 4  eTotl = -7.93133354  eCore = 2.85097855  eCoul = 0.87186775  eExcl = -3.26173354  eNucl = -8.39244630  eDisp = 0.00000000
[ERROR] step = 4  engy error = -1.6275591562e-04  grad error =  0.0000000000e+00  dmat error =  8.0940946222e-03
Timer "SCF cycle: 4" used time: 0.025506 s.

[LSDF] xchg phases: A=0.000 s, B(K_W)=0.000 s, C(K_V)=0.003 s, E(reduce)=0.000 s
[NELEC] step = 5  nelec = 8  neInt = 8.000000  dnelc =  7.0343730840e-13
[ENERG] step = 5  eTotl = -7.93134692  eCore = 2.85106845  eCoul = 0.87185350  eExcl = -3.26182257  eNucl = -8.39244630  eDisp = 0.00000000
[ERROR] step = 5  engy error = -1.3382718772e-05  grad error =  0.0000000000e+00  dmat error =  1.2354585043e-03
Timer "SCF cycle: 5" used time: 0.025449 s.

[LSDF] xchg phases: A=0.000 s, B(K_W)=0.000 s, C(K_V)=0.003 s, E(reduce)=0.000 s
[NELEC] step = 6  nelec = 8  neInt = 8.000000  dnelc =  7.5139894307e-13
[ENERG] step = 6  eTotl = -7.93137211  eCore = 2.85139110  eCoul = 0.87196819  eExcl = -3.26228510  eNucl = -8.39244630  eDisp = 0.00000000
[ERROR] step = 6  engy error = -2.5186265184e-05  grad error =  0.0000000000e+00  dmat error =  5.8897493129e-03
Timer "SCF cycle: 6" used time: 0.025298 s.

[LSDF] xchg phases: A=0.000 s, B(K_W)=0.000 s, C(K_V)=0.003 s, E(reduce)=0.000 s
[NELEC] step = 7  nelec = 8  neInt = 8.000000  dnelc =  7.4251715887e-13
[ENERG] step = 7  eTotl = -7.93137221  eCore = 2.85136939  eCoul = 0.87196275  eExcl = -3.26225805  eNucl = -8.39244630  eDisp = 0.00000000
[ERROR] step = 7  engy error = -1.0394757766e-07  grad error =  0.0000000000e+00  dmat error =  3.4720998319e-04
SCF converged in 7 steps.
Kylin-PBC Done.
Timer "Kylin-PBC main" used time: 0.891685 s.
