Kylin-PBC: v1.0.0

System time = 2026-06-28 21:03:16

OMP threads = 32

KYLIN_PBC_ROOT = "/home/rudin/code/kylin-pbc"
KYLIN_SCR_PATH = "/tmp"
KYLIN_JOB_PATH = "/home/rudin/code/kylin-pbc/art/example/scaling/Si64-HSE06"

SCF.xcfun                      = HSE06
SCF.basis                      = dzvp-sr
SCF.psudo                      = gth-pbe
SCF.kmesh                      = 1 1 1
SCF.gmesh                      = 5.0e-01
SCF.ispin                      = OFF
SCF.dspin                      = 0
SCF.eps_engy                   = 1.0e-06 [AU]
SCF.eps_grad                   = 1.0e-05 [AU]
SCF.eps_dmat                   = 1.0e-03
SCF.chk_load                   = 
SCF.chk_save                   = 
SCF.scf_guess                  = ATOM
SCF.max_cycle                  = 100
SCF.vdw_method                 = NONE
SCF.coul_method                = MGDF
SCF.xchg_method                = LSDF
SCF.xchg_exxocc                = OFF
SCF.xchg_exxace                = NONE
SCF.xchg_robust                = TILE
SCF.xchg_exxdiv                = EWALD
SCF.xchg_dropG0                = ON
SCF.lsdf_cparam                = 30
SCF.lsdf_mparam                = 5
SCF.lsdf_ipslct                = QRCP
SCF.lsdf_chocut                = 1.0e-08
SCF.lsdf_atmcut                = 2.5e+01
SCF.lsdf_aovcut                = 1.0e-07
SCF.lsdf_swzcut                = 0.0e+00
SCF.lsdf_pnocut                = 0.0e+00
SCF.lsdf_nafcut                = 0.0e+00
SCF.mgdf_ntasks                = 4
SCF.mgdf_kratio                = 3.0e+00
SCF.mgdf_cutoff                = 3.0e+02 [AU]
SCF.mgdf_relcut                = 3.0e+01
SCF.mgdf_prprec                = 1.0e-14
SCF.dmx_mix_method             = NONE
SCF.dmx_mix_start              = 1
SCF.dmx_mix_space              = 8
SCF.dmx_mix_alpha              = 3.0e-01
SCF.rho_mix_method             = NONE
SCF.rho_mix_start              = 1
SCF.rho_mix_space              = 8
SCF.rho_mix_alpha              = 3.0e-01
SCF.hks_mix_method             = BROY
SCF.hks_mix_start              = 1
SCF.hks_mix_space              = 8
SCF.hks_mix_alpha              = 3.0e-01
SCF.damp_factor                = 0.0e+00
SCF.level_shift                = 0.0e+00 [AU]
SCF.smear_method               = NONE
SCF.smear_sigma                = 0.0e+00 [AU]
SCF.soc                        = OFF
SCF.soc_window                 = 1.8e+00 [AU]
SCF.print_bandgap              = OFF
SCF.print_time                 = OFF

OPT.opt_method                 = BFGS
OPT.max_cycle                  = 0
OPT.eps_engy                   = 4.0e-06 [AU]
OPT.eps_grad                   = 4.0e-04 [AU]
OPT.trust_limit                = 3.0e-01 [AU]
OPT.damp_factor                = 0.0e+00
OPT.opt_mix_method             = NONE
OPT.opt_mix_start              = 1
OPT.opt_mix_space              = 5
OPT.opt_mix_alpha              = 3.0e-01
OPT.neb_method                 = FIRE
OPT.neb_lclimb                 = ON
OPT.neb_interp                 = IDPP
OPT.neb_nimage                 = 5
OPT.neb_spring                 = 1.0e-02 [AU]
OPT.neb_maxstep                = 7.6e-02 [AU]

PROP.calculation               = NONE
FREQ.freq_method               = FREE2
FREQ.fd_stepsize               = 2.8e-02 [AU]
DOS.dos_method                 = GAUSS
DOS.dos_sigma                  = 3.7e-03 [AU]
DOS.dos_npoint                 = 1001
DOS.dos_emin                   = 0.0e+00 [AU]
DOS.dos_emax                   = 0.0e+00 [AU]

OPT.mdx_ensemble               = NVE
OPT.mdx_thermostat             = NHC
OPT.mdx_max_step               = 0
OPT.mdx_timestep               = 4.0e+01 [AU]
OPT.mdx_temperature            = 9.5e-04 [AU]
OPT.mdx_pressure               = 0.0e+00 [AU]
OPT.mdx_thermo_tau             = 4.0e+03 [AU]
OPT.mdx_baro_tau               = 2.0e+04 [AU]
OPT.mdx_nhc_length             = 3
OPT.mdx_nhc_mts                = 3
OPT.mdx_constraint             = OFF
OPT.mdx_constraint_tol         = 1.0e-10
OPT.mdx_rng_seed               = 42

K-points mesh = 1 1 1

xc functional: "HSE06"
is hybrid: YES
HFX coeff: 0.25

Basis Set Name: "dzvp-sr"
number of shell = 192
number of basis = 832
gmesh = 57 57 57

Pseudopotential Name: "gth-pbe"
number of valence electron = 256

SCF Calculation.
Gamma point
[LSDF] gmesh = (57, 57, 57), ngrid = 185193, naofn = 832, natom = 64
Timer "[LSDF] Voronoi partition" used time: 0.004744 s.
Timer "[LSDF] AO evaluation + screening" used time: 0.617866 s.
[LSDF] IP method: randomized QRCP (c=30, m=5)
[LSDF] total IPs selected: 25280 (13.6506% of grid)
Timer "[LSDF] IP selection" used time: 0.538525 s.
Timer "[LSDF] aux basis fitting" used time: 0.197053 s.
[LSDF] Step 5 diagnostics: natom=64, ngrid=185193, naux_total=25280
[LSDF]   OMP threads=32, MKL threads=32
[LSDF]   Vmat_loc total size: 25280 x 185193 = 34.88 GB
Timer "[LSDF]   5a Vmat_loc alloc+FFT" used time: 3.118887 s.
[LSDF]   W size: 25280 x 25280 = 4875.78 MB, max_npart=3140
Timer "[LSDF]   5b W construction (DGEMM)" used time: 1.298115 s.
Timer "[LSDF]   5c Wmat symmetrize" used time: 0.216569 s.
[LSDF]   5e Vatm_nby tile extraction starting... (robust_mode=TILE)
[LSDF]   Vatm_nby: range_sep=true
[LSDF]     Vatm_nby tile: 10/64 atoms, cumul 5.40 GB
[LSDF]     Vatm_nby tile: 20/64 atoms, cumul 10.95 GB
[LSDF]     Vatm_nby tile: 30/64 atoms, cumul 16.39 GB
[LSDF]     Vatm_nby tile: 40/64 atoms, cumul 21.88 GB
[LSDF]     Vatm_nby tile: 50/64 atoms, cumul 27.23 GB
[LSDF]     Vatm_nby tile: 60/64 atoms, cumul 32.67 GB
[LSDF]     Vatm_nby tile: 64/64 atoms, cumul 34.88 GB
[LSDF]   Vatm_nby total tile memory: 34.88 GB
Timer "[LSDF]   5e Vatm_nby tile extraction" used time: 1.676241 s.
Timer "[LSDF] V/W construction" used time: 7.390856 s.
[LSDF] xchg phases: A=0.055 s, B(K_W)=0.839 s, C(K_V)=5.701 s, E(reduce)=0.008 s
[NELEC] step = 0  nelec = 256  neInt = 255.999985  dnelc = -1.4766594660e-05
[ENERG] step = 0  eTotl = -250.20947382  eCore = 78.53885333  eCoul = 18.26752418  eExcl = -78.28224232  eNucl = -268.73360901  eDisp = 0.00000000
[ERROR] step = 0  engy error =  0.0000000000e+00  grad error =  0.0000000000e+00  dmat error =  0.0000000000e+00
Timer "SCF cycle: 0" used time: 10.41462 s.

[LSDF] xchg phases: A=0.022 s, B(K_W)=0.849 s, C(K_V)=6.256 s, E(reduce)=0.008 s
[NELEC] step = 1  nelec = 256  neInt = 256.000000  dnelc = -7.2390093919e-11
[ENERG] step = 1  eTotl = -251.68793914  eCore = 77.04688112  eCoul = 17.11123113  eExcl = -77.11244238  eNucl = -268.73360901  eDisp = 0.00000000
[ERROR] step = 1  engy error = -1.4784653246e+00  grad error =  0.0000000000e+00  dmat error =  1.1215172755e+00
Timer "SCF cycle: 1" used time: 11.05891 s.

[LSDF] xchg phases: A=0.022 s, B(K_W)=0.849 s, C(K_V)=5.871 s, E(reduce)=0.008 s
[NELEC] step = 2  nelec = 256  neInt = 256.000000  dnelc = -7.0514261097e-11
[ENERG] step = 2  eTotl = -251.71232220  eCore = 76.92347935  eCoul = 17.31044511  eExcl = -77.21263765  eNucl = -268.73360901  eDisp = 0.00000000
[ERROR] step = 2  engy error = -2.4383056317e-02  grad error =  0.0000000000e+00  dmat error =  1.6892486864e-02
Timer "SCF cycle: 2" used time: 10.66791 s.

[LSDF] xchg phases: A=0.022 s, B(K_W)=0.847 s, C(K_V)=5.864 s, E(reduce)=0.012 s
[NELEC] step = 3  nelec = 256  neInt = 256.000000  dnelc = -6.6506800067e-11
[ENERG] step = 3  eTotl = -251.73664349  eCore = 76.68692749  eCoul = 17.74518989  eExcl = -77.43515185  eNucl = -268.73360901  eDisp = 0.00000000
[ERROR] step = 3  engy error = -2.4321285699e-02  grad error =  0.0000000000e+00  dmat error =  4.1506426826e-02
Timer "SCF cycle: 3" used time: 10.66739 s.

[LSDF] xchg phases: A=0.031 s, B(K_W)=0.912 s, C(K_V)=5.574 s, E(reduce)=0.009 s
[NELEC] step = 4  nelec = 256  neInt = 256.000000  dnelc = -6.8467898018e-11
[ENERG] step = 4  eTotl = -251.73692136  eCore = 76.71622068  eCoul = 17.70193623  eExcl = -77.42146925  eNucl = -268.73360901  eDisp = 0.00000000
[ERROR] step = 4  engy error = -2.7787139115e-04  grad error =  0.0000000000e+00  dmat error =  8.0504364692e-03
Timer "SCF cycle: 4" used time: 10.48612 s.

[LSDF] xchg phases: A=0.021 s, B(K_W)=0.944 s, C(K_V)=7.772 s, E(reduce)=0.007 s
[NELEC] step = 5  nelec = 256  neInt = 256.000000  dnelc = -6.8524741437e-11
[ENERG] step = 5  eTotl = -251.73692397  eCore = 76.71654536  eCoul = 17.70191617  eExcl = -77.42177649  eNucl = -268.73360901  eDisp = 0.00000000
[ERROR] step = 5  engy error = -2.6146319385e-06  grad error =  0.0000000000e+00  dmat error =  4.4846188485e-04
Timer "SCF cycle: 5" used time: 12.70106 s.

[LSDF] xchg phases: A=0.022 s, B(K_W)=0.845 s, C(K_V)=5.620 s, E(reduce)=0.007 s
[NELEC] step = 6  nelec = 256  neInt = 256.000000  dnelc = -6.8467898018e-11
[ENERG] step = 6  eTotl = -251.73692487  eCore = 76.71642192  eCoul = 17.70264635  eExcl = -77.42238413  eNucl = -268.73360901  eDisp = 0.00000000
[ERROR] step = 6  engy error = -9.0222550853e-07  grad error =  0.0000000000e+00  dmat error =  3.9634299293e-04
SCF converged in 6 steps.
Kylin-PBC Done.
Timer "Kylin-PBC main" used time: 89.16987 s.
