[MGDF_DIAG] gmesh = 55 55 109  (ngrid=329725)
[MGDF_DIAG] level 0  mesh=13 13 23  ngrid=3887  tasks=13284
[MGDF_DIAG] level 1  mesh=19 19 37  ngrid=13357  tasks=26266
[MGDF_DIAG] level 2  mesh=33 33 63  ngrid=68607  tasks=10688
[MGDF_DIAG] level 3  mesh=55 55 109  ngrid=329725  tasks=5145
[MGDF_DIAG] atom_pairs_kept=55383  rejected: atom=40705 set=0 pgf=226492 radius=3609
[MGDF_DIAG] max_pair_radius=14.5332  max_pgf_rcut=13.4326  total_pairs=55383  precision_colloc=1e-14  precision_screen=1e-07
OMP: Warning #226: KMP_AFFINITY must be set prior to first parallel region or certain API calls; ignored.
  [bwd-lev0] integ=0.0261331s  tasks=13284  us/pair=62.9523  grid=0.0296555MB
  [bwd-lev1] integ=0.0399981s  tasks=26266  us/pair=48.7298  grid=0.101906MB
  [bwd-lev2] integ=0.013689s  tasks=10688  us/pair=40.9852  grid=0.52343MB
  [bwd-lev3] integ=0.006809s  tasks=5145  us/pair=42.3494  grid=2.5156MB
  [bwd] fft=0.0123868s  integ=0.0866292s  reduce=0.000180006s
  [fwd-lev0] colloc=0.0224631s  tasks=13284  us/pair=54.1116  grid=0.0296555MB
  [fwd-lev1] colloc=0.0325789s  tasks=26266  us/pair=39.6911  grid=0.101906MB
  [fwd-lev2] colloc=0.00941801s  tasks=10688  us/pair=28.1976  grid=0.52343MB
  [fwd-lev3] colloc=0.00585294s  tasks=5145  us/pair=36.4031  grid=2.5156MB
  [fwd] colloc=0.070313s  reduce=0.00041914s  fft=0.00303483s
  [bwd-lev0] integ=0.0259001s  tasks=13284  us/pair=62.3911  grid=0.0296555MB
  [bwd-lev1] integ=0.039901s  tasks=26266  us/pair=48.6116  grid=0.101906MB
  [bwd-lev2] integ=0.0136402s  tasks=10688  us/pair=40.8388  grid=0.52343MB
  [bwd-lev3] integ=0.00678396s  tasks=5145  us/pair=42.1937  grid=2.5156MB
  [bwd] fft=0.00529099s  integ=0.0862253s  reduce=0.000102043s
  [fwd-lev0] colloc=0.0224991s  tasks=13284  us/pair=54.1983  grid=0.0296555MB
  [fwd-lev1] colloc=0.0321569s  tasks=26266  us/pair=39.177  grid=0.101906MB
  [fwd-lev2] colloc=0.00925493s  tasks=10688  us/pair=27.7094  grid=0.52343MB
  [fwd-lev3] colloc=0.00434899s  tasks=5145  us/pair=27.0491  grid=2.5156MB
  [fwd] colloc=0.06826s  reduce=0.000427961s  fft=0.00295115s
  [bwd-lev0] integ=0.0259199s  tasks=13284  us/pair=62.4388  grid=0.0296555MB
  [bwd-lev1] integ=0.039912s  tasks=26266  us/pair=48.625  grid=0.101906MB
  [bwd-lev2] integ=0.0136259s  tasks=10688  us/pair=40.796  grid=0.52343MB
  [bwd-lev3] integ=0.00678897s  tasks=5145  us/pair=42.2249  grid=2.5156MB
  [bwd] fft=0.00535131s  integ=0.0862467s  reduce=0.000104904s
  [fwd-lev0] colloc=0.0225661s  tasks=13284  us/pair=54.3597  grid=0.0296555MB
  [fwd-lev1] colloc=0.0323999s  tasks=26266  us/pair=39.473  grid=0.101906MB
  [fwd-lev2] colloc=0.00935698s  tasks=10688  us/pair=28.0149  grid=0.52343MB
  [fwd-lev3] colloc=0.00437498s  tasks=5145  us/pair=27.2108  grid=2.5156MB
  [fwd] colloc=0.0686979s  reduce=0.000402927s  fft=0.00292325s
  [bwd-lev0] integ=0.0259211s  tasks=13284  us/pair=62.4417  grid=0.0296555MB
  [bwd-lev1] integ=0.0399039s  tasks=26266  us/pair=48.6151  grid=0.101906MB
  [bwd-lev2] integ=0.0136189s  tasks=10688  us/pair=40.7753  grid=0.52343MB
  [bwd-lev3] integ=0.00672889s  tasks=5145  us/pair=41.8512  grid=2.5156MB
  [bwd] fft=0.00553894s  integ=0.0861728s  reduce=0.000105143s
  [fwd-lev0] colloc=0.0225551s  tasks=13284  us/pair=54.3333  grid=0.0296555MB
  [fwd-lev1] colloc=0.0324049s  tasks=26266  us/pair=39.4791  grid=0.101906MB
  [fwd-lev2] colloc=0.0093751s  tasks=10688  us/pair=28.0691  grid=0.52343MB
  [fwd-lev3] colloc=0.00436306s  tasks=5145  us/pair=27.1366  grid=2.5156MB
  [fwd] colloc=0.0686982s  reduce=0.000403643s  fft=0.0029242s
  [bwd-lev0] integ=0.0259161s  tasks=13284  us/pair=62.4296  grid=0.0296555MB
  [bwd-lev1] integ=0.039906s  tasks=26266  us/pair=48.6177  grid=0.101906MB
  [bwd-lev2] integ=0.01351s  tasks=10688  us/pair=40.4491  grid=0.52343MB
  [bwd-lev3] integ=0.00678182s  tasks=5145  us/pair=42.1804  grid=2.5156MB
  [bwd] fft=0.00549984s  integ=0.0861139s  reduce=0.000103951s
  [fwd-lev0] colloc=0.0224981s  tasks=13284  us/pair=54.196  grid=0.0296555MB
  [fwd-lev1] colloc=0.0321789s  tasks=26266  us/pair=39.2037  grid=0.101906MB
  [fwd-lev2] colloc=0.00926805s  tasks=10688  us/pair=27.7486  grid=0.52343MB
  [fwd-lev3] colloc=0.00432205s  tasks=5145  us/pair=26.8816  grid=2.5156MB
  [fwd] colloc=0.0682671s  reduce=0.000404119s  fft=0.00294375s
  [bwd-lev0] integ=0.02597s  tasks=13284  us/pair=62.5594  grid=0.0296555MB
  [bwd-lev1] integ=0.039912s  tasks=26266  us/pair=48.625  grid=0.101906MB
  [bwd-lev2] integ=0.0136161s  tasks=10688  us/pair=40.7667  grid=0.52343MB
  [bwd-lev3] integ=0.00671911s  tasks=5145  us/pair=41.7904  grid=2.5156MB
  [bwd] fft=0.00528693s  integ=0.0862172s  reduce=0.000103951s
  [fwd-lev0] colloc=0.0224612s  tasks=13284  us/pair=54.107  grid=0.0296555MB
  [fwd-lev1] colloc=0.0321681s  tasks=26266  us/pair=39.1906  grid=0.101906MB
  [fwd-lev2] colloc=0.00925398s  tasks=10688  us/pair=27.7065  grid=0.52343MB
  [fwd-lev3] colloc=0.00432706s  tasks=5145  us/pair=26.9127  grid=2.5156MB
  [fwd] colloc=0.0682104s  reduce=0.000412941s  fft=0.00295186s
  [bwd-lev0] integ=0.0259531s  tasks=13284  us/pair=62.5186  grid=0.0296555MB
  [bwd-lev1] integ=0.0398929s  tasks=26266  us/pair=48.6017  grid=0.101906MB
  [bwd-lev2] integ=0.013598s  tasks=10688  us/pair=40.7125  grid=0.52343MB
  [bwd-lev3] integ=0.00674582s  tasks=5145  us/pair=41.9565  grid=2.5156MB
  [bwd] fft=0.00564313s  integ=0.0861897s  reduce=0.000103951s
  [fwd-lev0] colloc=0.0224171s  tasks=13284  us/pair=54.0008  grid=0.0296555MB
  [fwd-lev1] colloc=0.032202s  tasks=26266  us/pair=39.2319  grid=0.101906MB
  [fwd-lev2] colloc=0.00925994s  tasks=10688  us/pair=27.7244  grid=0.52343MB
  [fwd-lev3] colloc=0.00440598s  tasks=5145  us/pair=27.4035  grid=2.5156MB
  [fwd] colloc=0.068285s  reduce=0.000456095s  fft=0.00284672s
  [bwd-lev0] integ=0.0259771s  tasks=13284  us/pair=62.5767  grid=0.0296555MB
  [bwd-lev1] integ=0.0399029s  tasks=26266  us/pair=48.6139  grid=0.101906MB
  [bwd-lev2] integ=0.013588s  tasks=10688  us/pair=40.6825  grid=0.52343MB
  [bwd-lev3] integ=0.00673199s  tasks=5145  us/pair=41.8705  grid=2.5156MB
  [bwd] fft=0.00456095s  integ=0.0862s  reduce=0.000102997s
  [fwd-lev0] colloc=0.0224259s  tasks=13284  us/pair=54.022  grid=0.0296555MB
  [fwd-lev1] colloc=0.032167s  tasks=26266  us/pair=39.1892  grid=0.101906MB
  [fwd-lev2] colloc=0.00926399s  tasks=10688  us/pair=27.7365  grid=0.52343MB
  [fwd-lev3] colloc=0.00437593s  tasks=5145  us/pair=27.2167  grid=2.5156MB
  [fwd] colloc=0.0682328s  reduce=0.00044632s  fft=0.00276303s
  [bwd-lev0] integ=0.026334s  tasks=13284  us/pair=63.4364  grid=0.0296555MB
  [bwd-lev1] integ=0.0400698s  tasks=26266  us/pair=48.8173  grid=0.101906MB
  [bwd-lev2] integ=0.0135438s  tasks=10688  us/pair=40.5504  grid=0.52343MB
  [bwd-lev3] integ=0.00679493s  tasks=5145  us/pair=42.262  grid=2.5156MB
  [bwd] fft=0.00791693s  integ=0.0867426s  reduce=0.000102997s
  [fwd-lev0] colloc=0.0224211s  tasks=13284  us/pair=54.0105  grid=0.0296555MB
  [fwd-lev1] colloc=0.0321748s  tasks=26266  us/pair=39.1988  grid=0.101906MB
  [fwd-lev2] colloc=0.00925803s  tasks=10688  us/pair=27.7187  grid=0.52343MB
  [fwd-lev3] colloc=0.004354s  tasks=5145  us/pair=27.0803  grid=2.5156MB
  [fwd] colloc=0.068208s  reduce=0.000446796s  fft=0.00287628s
  [bwd-lev0] integ=0.0259111s  tasks=13284  us/pair=62.4176  grid=0.0296555MB
  [bwd-lev1] integ=0.039896s  tasks=26266  us/pair=48.6055  grid=0.101906MB
  [bwd-lev2] integ=0.013515s  tasks=10688  us/pair=40.4641  grid=0.52343MB
  [bwd-lev3] integ=0.00680113s  tasks=5145  us/pair=42.3005  grid=2.5156MB
  [bwd] fft=0.00564027s  integ=0.0861232s  reduce=0.000106096s
  [fwd-lev0] colloc=0.0224209s  tasks=13284  us/pair=54.01  grid=0.0296555MB
  [fwd-lev1] colloc=0.032171s  tasks=26266  us/pair=39.1941  grid=0.101906MB
  [fwd-lev2] colloc=0.00925493s  tasks=10688  us/pair=27.7094  grid=0.52343MB
  [fwd-lev3] colloc=0.00441909s  tasks=5145  us/pair=27.4851  grid=2.5156MB
  [fwd] colloc=0.0682659s  reduce=0.000440121s  fft=0.00287533s
  [bwd-lev0] integ=0.025934s  tasks=13284  us/pair=62.4727  grid=0.0296555MB
  [bwd-lev1] integ=0.039906s  tasks=26266  us/pair=48.6177  grid=0.101906MB
  [bwd-lev2] integ=0.013644s  tasks=10688  us/pair=40.8502  grid=0.52343MB
  [bwd-lev3] integ=0.00676703s  tasks=5145  us/pair=42.0885  grid=2.5156MB
  [bwd] fft=0.00556087s  integ=0.086251s  reduce=0.000103951s
  [fwd-lev0] colloc=0.0224209s  tasks=13284  us/pair=54.01  grid=0.0296555MB
  [fwd-lev1] colloc=0.0321701s  tasks=26266  us/pair=39.1929  grid=0.101906MB
  [fwd-lev2] colloc=0.00925612s  tasks=10688  us/pair=27.7129  grid=0.52343MB
  [fwd-lev3] colloc=0.00437307s  tasks=5145  us/pair=27.1989  grid=2.5156MB
  [fwd] colloc=0.0682201s  reduce=0.000424147s  fft=0.00291276s
  [bwd-lev0] integ=0.0263939s  tasks=13284  us/pair=63.5806  grid=0.0296555MB
  [bwd-lev1] integ=0.0399501s  tasks=26266  us/pair=48.6714  grid=0.101906MB
  [bwd-lev2] integ=0.013653s  tasks=10688  us/pair=40.8774  grid=0.52343MB
  [bwd-lev3] integ=0.00678992s  tasks=5145  us/pair=42.2308  grid=2.5156MB
  [bwd] fft=0.00712991s  integ=0.086787s  reduce=0.000120878s
  [fwd-lev0] colloc=0.031302s  tasks=13284  us/pair=75.4037  grid=0.0296555MB
  [fwd-lev1] colloc=0.042017s  tasks=26266  us/pair=51.1895  grid=0.101906MB
  [fwd-lev2] colloc=0.0114639s  tasks=10688  us/pair=34.323  grid=0.52343MB
  [fwd-lev3] colloc=0.0052371s  tasks=5145  us/pair=32.5728  grid=2.5156MB
  [fwd] colloc=0.0900199s  reduce=0.000484228s  fft=0.00373793s
