Kylin-PBC: v1.0.0

System time = 2026-09-30 20:01:47

OMP threads = 32

KYLIN_PBC_ROOT = "/home/rudin/code/kylin-pbc"
KYLIN_SCR_PATH = "/tmp"
KYLIN_JOB_PATH = "/home/rudin/tmp-review-ionic/BN16/none/c10"

SCF.xcfun                      = HSE06
SCF.basis                      = dzvp-sr
SCF.psudo                      = gth-pbe
SCF.kmesh                      = 1 1 1
SCF.gmesh                      = 5.0e-01
SCF.ispin                      = OFF
SCF.dspin                      = 0
SCF.eps_engy                   = 3.7e-09 [AU]
SCF.eps_grad                   = 1.0e-05 [AU]
SCF.eps_dmat                   = 1.0e-03
SCF.chk_load                   = 
SCF.chk_save                   = 
SCF.scf_guess                  = ATOM
SCF.max_cycle                  = 200
SCF.vdw_method                 = NONE
SCF.coul_method                = MGDF
SCF.xchg_method                = LSDF
SCF.xchg_exxocc                = OFF
SCF.xchg_exxace                = NONE
SCF.xchg_robust                = NONE
SCF.xchg_exxdiv                = EWALD
SCF.xchg_dropG0                = ON
SCF.lsdf_cparam                = 10
SCF.lsdf_mparam                = 5
SCF.lsdf_ipslct                = QRCP
SCF.lsdf_chocut                = 1.0e-08
SCF.lsdf_atmcut                = 2.5e+01
SCF.lsdf_aovcut                = 1.0e-07
SCF.lsdf_swzcut                = 0.0e+00
SCF.lsdf_pnocut                = 0.0e+00
SCF.lsdf_nafcut                = 0.0e+00
SCF.mgdf_ntasks                = 4
SCF.mgdf_kratio                = 3.0e+00
SCF.mgdf_cutoff                = 3.0e+02 [AU]
SCF.mgdf_relcut                = 3.0e+01
SCF.mgdf_prprec                = 1.0e-14
SCF.dmx_mix_method             = NONE
SCF.dmx_mix_start              = 1
SCF.dmx_mix_space              = 8
SCF.dmx_mix_alpha              = 3.0e-01
SCF.rho_mix_method             = NONE
SCF.rho_mix_start              = 1
SCF.rho_mix_space              = 8
SCF.rho_mix_alpha              = 3.0e-01
SCF.hks_mix_method             = BROY
SCF.hks_mix_start              = 1
SCF.hks_mix_space              = 8
SCF.hks_mix_alpha              = 3.0e-01
SCF.damp_factor                = 0.0e+00
SCF.level_shift                = 0.0e+00 [AU]
SCF.smear_method               = NONE
SCF.smear_sigma                = 0.0e+00 [AU]
SCF.soc                        = OFF
SCF.soc_window                 = 1.8e+00 [AU]
SCF.print_bandgap              = OFF
SCF.print_time                 = OFF

OPT.opt_method                 = BFGS
OPT.max_cycle                  = 1
OPT.eps_engy                   = 4.0e-06 [AU]
OPT.eps_grad                   = 4.0e-04 [AU]
OPT.trust_limit                = 3.0e-01 [AU]
OPT.damp_factor                = 0.0e+00
OPT.opt_mix_method             = NONE
OPT.opt_mix_start              = 1
OPT.opt_mix_space              = 5
OPT.opt_mix_alpha              = 3.0e-01
OPT.neb_method                 = FIRE
OPT.neb_lclimb                 = ON
OPT.neb_interp                 = IDPP
OPT.neb_nimage                 = 5
OPT.neb_spring                 = 1.0e-02 [AU]
OPT.neb_maxstep                = 7.6e-02 [AU]

PROP.calculation               = NONE
FREQ.freq_method               = FREE2
FREQ.fd_stepsize               = 2.8e-02 [AU]
DOS.dos_method                 = GAUSS
DOS.dos_sigma                  = 3.7e-03 [AU]
DOS.dos_npoint                 = 1001
DOS.dos_emin                   = 0.0e+00 [AU]
DOS.dos_emax                   = 0.0e+00 [AU]

OPT.mdx_ensemble               = NVE
OPT.mdx_thermostat             = NHC
OPT.mdx_max_step               = 0
OPT.mdx_timestep               = 4.0e+01 [AU]
OPT.mdx_temperature            = 9.5e-04 [AU]
OPT.mdx_pressure               = 0.0e+00 [AU]
OPT.mdx_thermo_tau             = 4.0e+03 [AU]
OPT.mdx_baro_tau               = 2.0e+04 [AU]
OPT.mdx_nhc_length             = 3
OPT.mdx_nhc_mts                = 3
OPT.mdx_constraint             = OFF
OPT.mdx_constraint_tol         = 1.0e-10
OPT.mdx_rng_seed               = 42

K-points mesh = 1 1 1

xc functional: "HSE06"
is hybrid: YES
HFX coeff: 0.25

Basis Set Name: "dzvp-sr"
number of shell = 48
number of basis = 208
gmesh = 44 44 87

Pseudopotential Name: "gth-pbe"
number of valence electron = 64

OPT Calculation.

==============================================================
                   Geometry Optimization                      
==============================================================
  method      = BFGS
  max_cycle   = 1
  eps_engy    = 4.000000e-06
  eps_grad    = 4.000000e-04
  trust_limit = 0.300000
  natom       = 16
  nfree       = 48 / 48
==============================================================

--------------------------------------------------------------
  OPT step 0
--------------------------------------------------------------
[OPT] Cell structure (Angstrom):
       3.61500000       0.00000000       0.00000000
       0.00000000       3.61500000       0.00000000
       0.00000000       0.00000000       7.23000000

Cart
B          0.00000000       0.00000000       0.00000000   T T T
B          0.10000000       1.85750000       1.83750000   T T T
B          1.80750000       0.00000000       1.80750000   T T T
B          1.80750000       1.80750000       0.00000000   T T T
N          0.90375000       0.90375000       0.90375000   T T T
N          0.90375000       2.71125000       2.71125000   T T T
N          2.71125000       0.90375000       2.71125000   T T T
N          2.71125000       2.71125000       0.90375000   T T T
B          0.00000000       0.00000000       3.61500000   T T T
B          0.00000000       1.80750000       5.42250000   T T T
B          1.80750000       0.00000000       5.42250000   T T T
B          1.80750000       1.80750000       3.61500000   T T T
N          0.90375000       0.90375000       4.51875000   T T T
N          0.90375000       2.71125000       6.32625000   T T T
N          2.71125000       0.90375000       6.32625000   T T T
N          2.71125000       2.71125000       4.51875000   T T T

[OPT] Cell written to /home/rudin/tmp-review-ionic/BN16/none/c10/opt_img/cell_opt_0.txt
[LSDF] gmesh = (44, 44, 87), ngrid = 168432, naofn = 208, natom = 16
Timer "[LSDF] Voronoi partition" used time: 0.003177 s.
Timer "[LSDF] AO evaluation + screening" used time: 0.535660 s.
[LSDF] IP method: randomized QRCP (c=10, m=5)
[LSDF] total IPs selected: 2160 (1.2824% of grid)
Timer "[LSDF] IP selection" used time: 0.258836 s.
Timer "[LSDF] aux basis fitting" used time: 0.057712 s.
[LSDF] Step 5 diagnostics: natom=16, ngrid=168432, naux_total=2160
[LSDF]   OMP threads=32, MKL threads=32
[LSDF]   Vmat_loc total size: 2160 x 168432 = 2.71 GB
Timer "[LSDF]   5a Vmat_loc alloc+FFT" used time: 0.283555 s.
[LSDF]   W size: 2160 x 2160 = 35.60 MB, max_npart=10885
Timer "[LSDF]   5b W construction (DGEMM)" used time: 0.069813 s.
Timer "[LSDF]   5c Wmat symmetrize" used time: 0.002004 s.
[LSDF]   robust_mode=NONE: freeing Vmat_loc
Timer "[LSDF] V/W construction" used time: 0.516604 s.
[LSDF] xchg phases: A=0.001 s, B(K_W)=0.002 s, C(K_V)=0.000 s, E(reduce)=0.001 s
[NELEC] step = 0  nelec = 64  neInt = 64.000000  dnelc =  2.2468498173e-09
[ENERG] step = 0  eTotl = -105.05036854  eCore = 18.41671619  eCoul = 12.41189606  eExcl = -30.54544027  eNucl = -105.33354051  eDisp = 0.00000000
[ERROR] step = 0  engy error =  0.0000000000e+00  grad error =  0.0000000000e+00  dmat error =  0.0000000000e+00
Timer "SCF cycle: 0" used time: 0.417707 s.

[LSDF] xchg phases: A=0.000 s, B(K_W)=0.002 s, C(K_V)=0.000 s, E(reduce)=0.000 s
[NELEC] step = 1  nelec = 64  neInt = 64.000000  dnelc =  2.9782398769e-09
[ENERG] step = 1  eTotl = -102.58030887  eCore = 16.50949237  eCoul = 16.76954445  eExcl = -30.52580517  eNucl = -105.33354051  eDisp = 0.00000000
[ERROR] step = 1  engy error =  2.4700596697e+00  grad error =  0.0000000000e+00  dmat error =  1.6161556791e+00
Timer "SCF cycle: 1" used time: 0.392794 s.

[LSDF] xchg phases: A=0.000 s, B(K_W)=0.002 s, C(K_V)=0.000 s, E(reduce)=0.000 s
[NELEC] step = 2  nelec = 64  neInt = 64.000000  dnelc =  3.0507436577e-09
[ENERG] step = 2  eTotl = -102.68839600  eCore = 17.33002804  eCoul = 15.51659645  eExcl = -30.20147997  eNucl = -105.33354051  eDisp = 0.00000000
[ERROR] step = 2  engy error = -1.0808713038e-01  grad error =  0.0000000000e+00  dmat error =  1.1195870089e-01
Timer "SCF cycle: 2" used time: 0.392401 s.

[LSDF] xchg phases: A=0.000 s, B(K_W)=0.002 s, C(K_V)=0.000 s, E(reduce)=0.000 s
[NELEC] step = 3  nelec = 64  neInt = 64.000000  dnelc =  3.0989610877e-09
[ENERG] step = 3  eTotl = -102.69951711  eCore = 18.22656163  eCoul = 14.29508564  eExcl = -29.88762386  eNucl = -105.33354051  eDisp = 0.00000000
[ERROR] step = 3  engy error = -1.1121116651e-02  grad error =  0.0000000000e+00  dmat error =  1.3699630244e-01
Timer "SCF cycle: 3" used time: 0.390033 s.

[LSDF] xchg phases: A=0.000 s, B(K_W)=0.002 s, C(K_V)=0.000 s, E(reduce)=0.000 s
[NELEC] step = 4  nelec = 64  neInt = 64.000000  dnelc =  3.1078855045e-09
[ENERG] step = 4  eTotl = -102.70982899  eCore = 17.90480949  eCoul = 14.71912868  eExcl = -30.00022664  eNucl = -105.33354051  eDisp = 0.00000000
[ERROR] step = 4  engy error = -1.0311878976e-02  grad error =  0.0000000000e+00  dmat error =  2.9087545345e-02
Timer "SCF cycle: 4" used time: 0.389411 s.

[LSDF] xchg phases: A=0.000 s, B(K_W)=0.002 s, C(K_V)=0.000 s, E(reduce)=0.000 s
[NELEC] step = 5  nelec = 64  neInt = 64.000000  dnelc =  3.1089797403e-09
[ENERG] step = 5  eTotl = -102.71046343  eCore = 17.80451827  eCoul = 14.85460983  eExcl = -30.03605102  eNucl = -105.33354051  eDisp = 0.00000000
[ERROR] step = 5  engy error = -6.3444321422e-04  grad error =  0.0000000000e+00  dmat error =  9.7482586672e-03
Timer "SCF cycle: 5" used time: 0.391885 s.

[LSDF] xchg phases: A=0.000 s, B(K_W)=0.002 s, C(K_V)=0.000 s, E(reduce)=0.000 s
[NELEC] step = 6  nelec = 64  neInt = 64.000000  dnelc =  3.1092923791e-09
[ENERG] step = 6  eTotl = -102.71046622  eCore = 17.80403506  eCoul = 14.85529782  eExcl = -30.03625859  eNucl = -105.33354051  eDisp = 0.00000000
[ERROR] step = 6  engy error = -2.7816129773e-06  grad error =  0.0000000000e+00  dmat error =  9.7424270677e-04
Timer "SCF cycle: 6" used time: 0.389395 s.

[LSDF] xchg phases: A=0.000 s, B(K_W)=0.002 s, C(K_V)=0.000 s, E(reduce)=0.000 s
[NELEC] step = 7  nelec = 64  neInt = 64.000000  dnelc =  3.1097755482e-09
[ENERG] step = 7  eTotl = -102.71046763  eCore = 17.80410320  eCoul = 14.85526092  eExcl = -30.03629124  eNucl = -105.33354051  eDisp = 0.00000000
[ERROR] step = 7  engy error = -1.4125267853e-06  grad error =  0.0000000000e+00  dmat error =  1.2310622817e-03
Timer "SCF cycle: 7" used time: 0.391979 s.

[NELEC] step = 8  nelec = 64  neInt = 64.000000  dnelc =  3.1097471265e-09
[ENERG] step = 8  eTotl = -102.71046768  eCore = 17.80429514  eCoul = 14.85501131  eExcl = -30.03623361  eNucl = -105.33354051  eDisp = 0.00000000
[ERROR] step = 8  engy error = -4.6699554446e-08  grad error =  0.0000000000e+00  dmat error =  1.7728417159e-04
Timer "SCF cycle: 8" used time: 0.391874 s.

[NELEC] step = 9  nelec = 64  neInt = 64.000000  dnelc =  3.1098039699e-09
[ENERG] step = 9  eTotl = -102.71046768  eCore = 17.80428335  eCoul = 14.85503023  eExcl = -30.03624075  eNucl = -105.33354051  eDisp = 0.00000000
[ERROR] step = 9  engy error = -5.8392544133e-09  grad error =  0.0000000000e+00  dmat error =  4.9298143508e-05
Timer "SCF cycle: 9" used time: 0.395627 s.

[NELEC] step = 10  nelec = 64  neInt = 64.000000  dnelc =  3.1097471265e-09
[ENERG] step = 10  eTotl = -102.71046768  eCore = 17.80427522  eCoul = 14.85504135  eExcl = -30.03624375  eNucl = -105.33354051  eDisp = 0.00000000
[ERROR] step = 10  engy error = -1.4847501006e-10  grad error =  0.0000000000e+00  dmat error =  3.5087253039e-06
SCF converged in 10 steps.
[LSDF] xchg_d10: robust_mode=NONE, no V data -> full-grid FFT path
[GRADIENT] SCF type: GRKS | atoms: 16 | DOF: 48 | time: 47.232 s
  Atom   0:   6.0163185241e-03  -2.3379388361e-03  -2.0605001278e-03
  Atom   1:   6.5911501573e-02   3.7321199748e-02   2.5782761421e-02
  Atom   2:  -1.2086474919e-02  -6.0199277585e-03   4.1221366474e-03
  Atom   3:  -7.1670784777e-03   1.4555813581e-03  -1.6972811118e-03
  Atom   4:  -8.9262541315e-03  -3.6269277753e-03  -4.3807180767e-03
  Atom   5:  -2.1632945268e-02  -1.7082364704e-02  -1.2210360549e-02
  Atom   6:  -1.0395473982e-02  -7.9028849525e-03  -4.5932328171e-03
  Atom   7:  -9.7450223262e-03  -1.8733729528e-03  -4.0461816945e-03
  Atom   8:   7.2431270710e-03  -5.9781830472e-03  -2.1766273256e-03
  Atom   9:   1.9195674980e-03   7.7104678856e-04  -1.0018667784e-03
  Atom  10:  -2.1246727407e-03  -1.3963391432e-03  -8.4896929865e-04
  Atom  11:  -9.7404399961e-03   4.8456523037e-03  -2.2499695387e-03
  Atom  12:   1.0222776522e-04   4.8838478713e-04   1.8356385293e-03
  Atom  13:  -1.0093392211e-03  -3.6591752792e-04  -1.1532361492e-03
  Atom  14:   2.0901332341e-04  -4.8584168334e-04   3.6047080488e-03
  Atom  15:   1.3523900805e-03   2.2021921828e-03   1.1123113052e-03
[OPT] step = 0  energy = -102.7104676815  dE =               N/A  grad_max =  6.5911501573e-02  grad_rms =  1.3139497927e-02
[OPT] Geometry optimization did not converge in 1 steps.
Kylin-PBC Done.
Timer "Kylin-PBC main" used time: 54.08068 s.
