Kylin-PBC: v1.0.0

System time = 2026-09-30 20:13:36

OMP threads = 32

KYLIN_PBC_ROOT = "/home/rudin/code/kylin-pbc"
KYLIN_SCR_PATH = "/tmp"
KYLIN_JOB_PATH = "/home/rudin/tmp-review-ionic/MgO16/none/c15"

SCF.xcfun                      = HSE06
SCF.basis                      = dzvp-sr
SCF.psudo                      = gth-pbe
SCF.kmesh                      = 1 1 1
SCF.gmesh                      = 5.0e-01
SCF.ispin                      = OFF
SCF.dspin                      = 0
SCF.eps_engy                   = 3.7e-09 [AU]
SCF.eps_grad                   = 1.0e-05 [AU]
SCF.eps_dmat                   = 1.0e-03
SCF.chk_load                   = 
SCF.chk_save                   = 
SCF.scf_guess                  = ATOM
SCF.max_cycle                  = 200
SCF.vdw_method                 = NONE
SCF.coul_method                = MGDF
SCF.xchg_method                = LSDF
SCF.xchg_exxocc                = OFF
SCF.xchg_exxace                = NONE
SCF.xchg_robust                = NONE
SCF.xchg_exxdiv                = EWALD
SCF.xchg_dropG0                = ON
SCF.lsdf_cparam                = 15
SCF.lsdf_mparam                = 5
SCF.lsdf_ipslct                = QRCP
SCF.lsdf_chocut                = 1.0e-08
SCF.lsdf_atmcut                = 2.5e+01
SCF.lsdf_aovcut                = 1.0e-07
SCF.lsdf_swzcut                = 0.0e+00
SCF.lsdf_pnocut                = 0.0e+00
SCF.lsdf_nafcut                = 0.0e+00
SCF.mgdf_ntasks                = 4
SCF.mgdf_kratio                = 3.0e+00
SCF.mgdf_cutoff                = 3.0e+02 [AU]
SCF.mgdf_relcut                = 3.0e+01
SCF.mgdf_prprec                = 1.0e-14
SCF.dmx_mix_method             = NONE
SCF.dmx_mix_start              = 1
SCF.dmx_mix_space              = 8
SCF.dmx_mix_alpha              = 3.0e-01
SCF.rho_mix_method             = NONE
SCF.rho_mix_start              = 1
SCF.rho_mix_space              = 8
SCF.rho_mix_alpha              = 3.0e-01
SCF.hks_mix_method             = BROY
SCF.hks_mix_start              = 1
SCF.hks_mix_space              = 8
SCF.hks_mix_alpha              = 3.0e-01
SCF.damp_factor                = 0.0e+00
SCF.level_shift                = 0.0e+00 [AU]
SCF.smear_method               = NONE
SCF.smear_sigma                = 0.0e+00 [AU]
SCF.soc                        = OFF
SCF.soc_window                 = 1.8e+00 [AU]
SCF.print_bandgap              = OFF
SCF.print_time                 = OFF

OPT.opt_method                 = BFGS
OPT.max_cycle                  = 1
OPT.eps_engy                   = 4.0e-06 [AU]
OPT.eps_grad                   = 4.0e-04 [AU]
OPT.trust_limit                = 3.0e-01 [AU]
OPT.damp_factor                = 0.0e+00
OPT.opt_mix_method             = NONE
OPT.opt_mix_start              = 1
OPT.opt_mix_space              = 5
OPT.opt_mix_alpha              = 3.0e-01
OPT.neb_method                 = FIRE
OPT.neb_lclimb                 = ON
OPT.neb_interp                 = IDPP
OPT.neb_nimage                 = 5
OPT.neb_spring                 = 1.0e-02 [AU]
OPT.neb_maxstep                = 7.6e-02 [AU]

PROP.calculation               = NONE
FREQ.freq_method               = FREE2
FREQ.fd_stepsize               = 2.8e-02 [AU]
DOS.dos_method                 = GAUSS
DOS.dos_sigma                  = 3.7e-03 [AU]
DOS.dos_npoint                 = 1001
DOS.dos_emin                   = 0.0e+00 [AU]
DOS.dos_emax                   = 0.0e+00 [AU]

OPT.mdx_ensemble               = NVE
OPT.mdx_thermostat             = NHC
OPT.mdx_max_step               = 0
OPT.mdx_timestep               = 4.0e+01 [AU]
OPT.mdx_temperature            = 9.5e-04 [AU]
OPT.mdx_pressure               = 0.0e+00 [AU]
OPT.mdx_thermo_tau             = 4.0e+03 [AU]
OPT.mdx_baro_tau               = 2.0e+04 [AU]
OPT.mdx_nhc_length             = 3
OPT.mdx_nhc_mts                = 3
OPT.mdx_constraint             = OFF
OPT.mdx_constraint_tol         = 1.0e-10
OPT.mdx_rng_seed               = 42

K-points mesh = 1 1 1

xc functional: "HSE06"
is hybrid: YES
HFX coeff: 0.25

Basis Set Name: "dzvp-sr"
number of shell = 40
number of basis = 176
gmesh = 98 98 195

Pseudopotential Name: "gth-pbe"
number of valence electron = 128

OPT Calculation.

==============================================================
                   Geometry Optimization                      
==============================================================
  method      = BFGS
  max_cycle   = 1
  eps_engy    = 4.000000e-06
  eps_grad    = 4.000000e-04
  trust_limit = 0.300000
  natom       = 16
  nfree       = 48 / 48
==============================================================

--------------------------------------------------------------
  OPT step 0
--------------------------------------------------------------
[OPT] Cell structure (Angstrom):
       4.21700000       0.00000000       0.00000000
       0.00000000       4.21700000       0.00000000
       0.00000000       0.00000000       8.43400000

Cart
Mg         0.00000000       0.00000000       0.00000000   T T T
Mg         0.10000000       2.15850000       2.13850000   T T T
Mg         2.10850000       0.00000000       2.10850000   T T T
Mg         2.10850000       2.10850000       0.00000000   T T T
O          2.10850000       2.10850000       2.10850000   T T T
O          2.10850000       4.21700000       4.21700000   T T T
O          4.21700000       2.10850000       4.21700000   T T T
O          4.21700000       4.21700000       2.10850000   T T T
Mg         0.00000000       0.00000000       4.21700000   T T T
Mg         0.00000000       2.10850000       6.32550000   T T T
Mg         2.10850000       0.00000000       6.32550000   T T T
Mg         2.10850000       2.10850000       4.21700000   T T T
O          2.10850000       2.10850000       6.32550000   T T T
O          2.10850000       4.21700000       8.43400000   T T T
O          4.21700000       2.10850000       8.43400000   T T T
O          4.21700000       4.21700000       6.32550000   T T T

[OPT] Cell written to /home/rudin/tmp-review-ionic/MgO16/none/c15/opt_img/cell_opt_0.txt
[LSDF] gmesh = (98, 98, 195), ngrid = 1872780, naofn = 176, natom = 16
Timer "[LSDF] Voronoi partition" used time: 0.021688 s.
Timer "[LSDF] AO evaluation + screening" used time: 4.551029 s.
[LSDF] IP method: randomized QRCP (c=15, m=5)
[LSDF] total IPs selected: 2720 (0.1452% of grid)
Timer "[LSDF] IP selection" used time: 7.526636 s.
Timer "[LSDF] aux basis fitting" used time: 2.083475 s.
[LSDF] Step 5 diagnostics: natom=16, ngrid=1872780, naux_total=2720
[LSDF]   OMP threads=32, MKL threads=32
[LSDF]   Vmat_loc total size: 2720 x 1872780 = 37.95 GB
Timer "[LSDF]   5a Vmat_loc alloc+FFT" used time: 2.932902 s.
[LSDF]   W size: 2720 x 2720 = 56.45 MB, max_npart=118186
Timer "[LSDF]   5b W construction (DGEMM)" used time: 0.431671 s.
Timer "[LSDF]   5c Wmat symmetrize" used time: 0.002837 s.
[LSDF]   robust_mode=NONE: freeing Vmat_loc
Timer "[LSDF] V/W construction" used time: 5.270787 s.
[LSDF] xchg phases: A=0.000 s, B(K_W)=0.004 s, C(K_V)=0.000 s, E(reduce)=0.000 s
[NELEC] step = 0  nelec = 128  neInt = 128.000000  dnelc = -3.6099123690e-09
[ENERG] step = 0  eTotl = -635.54156220  eCore = -337.00186663  eCoul = 174.38894144  eExcl = -94.41339743  eNucl = -378.51523958  eDisp = 0.00000000
[ERROR] step = 0  engy error =  0.0000000000e+00  grad error =  0.0000000000e+00  dmat error =  0.0000000000e+00
Timer "SCF cycle: 0" used time: 1.575342 s.

[LSDF] xchg phases: A=0.000 s, B(K_W)=0.008 s, C(K_V)=0.000 s, E(reduce)=0.000 s
[NELEC] step = 1  nelec = 128  neInt = 128.000000  dnelc = -1.8406765889e-08
[ENERG] step = 1  eTotl = -634.36937781  eCore = -366.71322212  eCoul = 212.74694267  eExcl = -101.88785877  eNucl = -378.51523958  eDisp = 0.00000000
[ERROR] step = 1  engy error =  1.1721843947e+00  grad error =  0.0000000000e+00  dmat error =  1.6232610288e+00
Timer "SCF cycle: 1" used time: 1.500946 s.

[LSDF] xchg phases: A=0.000 s, B(K_W)=0.004 s, C(K_V)=0.000 s, E(reduce)=0.000 s
[NELEC] step = 2  nelec = 128  neInt = 128.000000  dnelc = -1.8991102024e-08
[ENERG] step = 2  eTotl = -635.18920733  eCore = -362.45169603  eCoul = 205.72027086  eExcl = -99.94254258  eNucl = -378.51523958  eDisp = 0.00000000
[ERROR] step = 2  engy error = -8.1982952505e-01  grad error =  0.0000000000e+00  dmat error =  2.0791768215e-01
Timer "SCF cycle: 2" used time: 1.452216 s.

[LSDF] xchg phases: A=0.000 s, B(K_W)=0.004 s, C(K_V)=0.000 s, E(reduce)=0.000 s
[NELEC] step = 3  nelec = 128  neInt = 128.000000  dnelc = -1.6193354213e-08
[ENERG] step = 3  eTotl = -635.31582796  eCore = -358.14211430  eCoul = 199.78879377  eExcl = -98.44726784  eNucl = -378.51523958  eDisp = 0.00000000
[ERROR] step = 3  engy error = -1.2662062385e-01  grad error =  0.0000000000e+00  dmat error =  2.6328807822e-01
Timer "SCF cycle: 3" used time: 1.442096 s.

[LSDF] xchg phases: A=0.000 s, B(K_W)=0.004 s, C(K_V)=0.000 s, E(reduce)=0.000 s
[NELEC] step = 4  nelec = 128  neInt = 128.000000  dnelc = -1.3582038605e-08
[ENERG] step = 4  eTotl = -635.33774949  eCore = -357.78575324  eCoul = 199.48787876  eExcl = -98.52463543  eNucl = -378.51523958  eDisp = 0.00000000
[ERROR] step = 4  engy error = -2.1921538165e-02  grad error =  0.0000000000e+00  dmat error =  7.7802315910e-02
Timer "SCF cycle: 4" used time: 1.470974 s.

[LSDF] xchg phases: A=0.000 s, B(K_W)=0.004 s, C(K_V)=0.000 s, E(reduce)=0.000 s
[NELEC] step = 5  nelec = 128  neInt = 128.000000  dnelc = -1.4525809888e-08
[ENERG] step = 5  eTotl = -635.33911236  eCore = -358.28853080  eCoul = 200.13067187  eExcl = -98.66601384  eNucl = -378.51523958  eDisp = 0.00000000
[ERROR] step = 5  engy error = -1.3628662667e-03  grad error =  0.0000000000e+00  dmat error =  3.7263121706e-02
Timer "SCF cycle: 5" used time: 1.446620 s.

[LSDF] xchg phases: A=0.000 s, B(K_W)=0.004 s, C(K_V)=0.000 s, E(reduce)=0.000 s
[NELEC] step = 6  nelec = 128  neInt = 128.000000  dnelc = -1.4466522202e-08
[ENERG] step = 6  eTotl = -635.33912728  eCore = -358.24749496  eCoul = 200.07834950  eExcl = -98.65474223  eNucl = -378.51523958  eDisp = 0.00000000
[ERROR] step = 6  engy error = -1.4920181002e-05  grad error =  0.0000000000e+00  dmat error =  3.0503061645e-03
Timer "SCF cycle: 6" used time: 1.449569 s.

[LSDF] xchg phases: A=0.000 s, B(K_W)=0.004 s, C(K_V)=0.000 s, E(reduce)=0.000 s
[NELEC] step = 7  nelec = 128  neInt = 128.000000  dnelc = -1.4467914866e-08
[ENERG] step = 7  eTotl = -635.33912780  eCore = -358.24512784  eCoul = 200.07533543  eExcl = -98.65409580  eNucl = -378.51523958  eDisp = 0.00000000
[ERROR] step = 7  engy error = -5.1526069456e-07  grad error =  0.0000000000e+00  dmat error =  2.5054811794e-04
Timer "SCF cycle: 7" used time: 1.446331 s.

[NELEC] step = 8  nelec = 128  neInt = 128.000000  dnelc = -1.4471922327e-08
[ENERG] step = 8  eTotl = -635.33912805  eCore = -358.24451296  eCoul = 200.07469610  eExcl = -98.65407160  eNucl = -378.51523958  eDisp = 0.00000000
[ERROR] step = 8  engy error = -2.5153099159e-07  grad error =  0.0000000000e+00  dmat error =  2.2612007839e-04
Timer "SCF cycle: 8" used time: 1.466665 s.

[NELEC] step = 9  nelec = 128  neInt = 128.000000  dnelc = -1.4473044985e-08
[ENERG] step = 9  eTotl = -635.33912805  eCore = -358.24449249  eCoul = 200.07463961  eExcl = -98.65403559  eNucl = -378.51523958  eDisp = 0.00000000
[ERROR] step = 9  engy error = -6.0836100602e-09  grad error =  0.0000000000e+00  dmat error =  3.3782836921e-05
Timer "SCF cycle: 9" used time: 1.453375 s.

[NELEC] step = 10  nelec = 128  neInt = 128.000000  dnelc = -1.4472703924e-08
[ENERG] step = 10  eTotl = -635.33912805  eCore = -358.24434054  eCoul = 200.07447368  eExcl = -98.65402161  eNucl = -378.51523958  eDisp = 0.00000000
[ERROR] step = 10  engy error = -9.4019014796e-11  grad error =  0.0000000000e+00  dmat error =  2.1897295771e-05
SCF converged in 10 steps.
[LSDF] xchg_d10: robust_mode=NONE, no V data -> full-grid FFT path
[GRADIENT] SCF type: GRKS | atoms: 16 | DOF: 48 | time: 160.134 s
  Atom   0:   1.0848163526e-03  -1.4256567966e-03  -8.9203865868e-04
  Atom   1:   2.1863452622e-02   1.0005108382e-02   7.1940944050e-03
  Atom   2:  -5.8018466983e-03  -2.8752298758e-03  -1.4884451910e-03
  Atom   3:  -2.5252153925e-03   7.7540739146e-04  -1.7810072022e-03
  Atom   4:  -5.0669802051e-03  -1.5529477956e-03  -1.2994277352e-03
  Atom   5:   6.1783666565e-04   3.4337674239e-04   1.8830418889e-04
  Atom   6:  -2.0277259712e-03  -1.0182109182e-03  -8.2247229662e-04
  Atom   7:  -3.0648276619e-03  -2.1615037088e-03  -1.4322596967e-03
  Atom   8:   1.1775262625e-03  -1.5516539736e-03  -7.8578252661e-04
  Atom   9:  -1.2757839720e-04  -8.0799775443e-05   1.9202608120e-03
  Atom  10:  -2.5874382442e-06   3.2423306398e-05   2.3623845447e-03
  Atom  11:  -3.1172697334e-03   5.6307422062e-04  -1.1781377874e-03
  Atom  12:  -1.8890454978e-04   2.8066436579e-05   4.9720855123e-04
  Atom  13:   5.5913370827e-04   3.2804614850e-04   7.1855189370e-05
  Atom  14:  -1.9262120263e-03  -9.1639581132e-04  -6.9384784621e-04
  Atom  15:   9.5901732350e-05  -9.1718358342e-05   5.3164360989e-04
[OPT] step = 0  energy = -635.3391280527  dE =               N/A  grad_max =  2.1863452622e-02  grad_rms =  4.0093243386e-03
[OPT] Geometry optimization did not converge in 1 steps.
Kylin-PBC Done.
Timer "Kylin-PBC main" used time: 199.8778 s.
