Kylin-PBC: v1.0.0

System time = 2026-06-28 02:31:00

OMP threads = 32

KYLIN_PBC_ROOT = "/home/rudin/code/kylin-pbc"
KYLIN_SCR_PATH = "/tmp"
KYLIN_JOB_PATH = "/home/rudin/code/kylin-pbc/art/example/scaling/cip-Si16-HSE06/none/c20"

SCF.xcfun                      = HSE06
SCF.basis                      = dzvp-sr
SCF.psudo                      = gth-pbe
SCF.kmesh                      = 1 1 1
SCF.gmesh                      = 5.0e-01
SCF.ispin                      = OFF
SCF.dspin                      = 0
SCF.eps_engy                   = 1.0e-06 [AU]
SCF.eps_grad                   = 1.0e-05 [AU]
SCF.eps_dmat                   = 1.0e-03
SCF.chk_load                   = 
SCF.chk_save                   = 
SCF.scf_guess                  = ATOM
SCF.max_cycle                  = 100
SCF.vdw_method                 = NONE
SCF.coul_method                = MGDF
SCF.xchg_method                = LSDF
SCF.xchg_exxocc                = OFF
SCF.xchg_exxace                = NONE
SCF.xchg_robust                = NONE
SCF.xchg_exxdiv                = NONE
SCF.xchg_dropG0                = OFF
SCF.lsdf_cparam                = 20
SCF.lsdf_mparam                = 5
SCF.lsdf_ipslct                = QRCP
SCF.lsdf_chocut                = 1.0e-08
SCF.lsdf_atmcut                = 2.5e+01
SCF.lsdf_aovcut                = 1.0e-07
SCF.lsdf_swzcut                = 0.0e+00
SCF.lsdf_pnocut                = 0.0e+00
SCF.lsdf_nafcut                = 0.0e+00
SCF.mgdf_ntasks                = 4
SCF.mgdf_kratio                = 3.0e+00
SCF.mgdf_cutoff                = 3.0e+02 [AU]
SCF.mgdf_relcut                = 3.0e+01
SCF.mgdf_prprec                = 1.0e-14
SCF.dmx_mix_method             = NONE
SCF.dmx_mix_start              = 1
SCF.dmx_mix_space              = 8
SCF.dmx_mix_alpha              = 3.0e-01
SCF.rho_mix_method             = NONE
SCF.rho_mix_start              = 1
SCF.rho_mix_space              = 8
SCF.rho_mix_alpha              = 3.0e-01
SCF.hks_mix_method             = BROY
SCF.hks_mix_start              = 1
SCF.hks_mix_space              = 8
SCF.hks_mix_alpha              = 3.0e-01
SCF.damp_factor                = 0.0e+00
SCF.level_shift                = 0.0e+00 [AU]
SCF.smear_method               = NONE
SCF.smear_sigma                = 0.0e+00 [AU]
SCF.soc                        = OFF
SCF.soc_window                 = 1.8e+00 [AU]
SCF.print_bandgap              = OFF
SCF.print_time                 = OFF

OPT.opt_method                 = BFGS
OPT.max_cycle                  = 1
OPT.eps_engy                   = 4.0e-06 [AU]
OPT.eps_grad                   = 4.0e-04 [AU]
OPT.trust_limit                = 3.0e-01 [AU]
OPT.damp_factor                = 0.0e+00
OPT.opt_mix_method             = NONE
OPT.opt_mix_start              = 1
OPT.opt_mix_space              = 5
OPT.opt_mix_alpha              = 3.0e-01
OPT.neb_method                 = FIRE
OPT.neb_lclimb                 = ON
OPT.neb_interp                 = IDPP
OPT.neb_nimage                 = 5
OPT.neb_spring                 = 1.0e-02 [AU]
OPT.neb_maxstep                = 7.6e-02 [AU]

PROP.calculation               = NONE
FREQ.freq_method               = FREE2
FREQ.fd_stepsize               = 2.8e-02 [AU]
DOS.dos_method                 = GAUSS
DOS.dos_sigma                  = 3.7e-03 [AU]
DOS.dos_npoint                 = 1001
DOS.dos_emin                   = 0.0e+00 [AU]
DOS.dos_emax                   = 0.0e+00 [AU]

OPT.mdx_ensemble               = NVE
OPT.mdx_thermostat             = NHC
OPT.mdx_max_step               = 0
OPT.mdx_timestep               = 4.0e+01 [AU]
OPT.mdx_temperature            = 9.5e-04 [AU]
OPT.mdx_pressure               = 0.0e+00 [AU]
OPT.mdx_thermo_tau             = 4.0e+03 [AU]
OPT.mdx_baro_tau               = 2.0e+04 [AU]
OPT.mdx_nhc_length             = 3
OPT.mdx_nhc_mts                = 3
OPT.mdx_constraint             = OFF
OPT.mdx_constraint_tol         = 1.0e-10
OPT.mdx_rng_seed               = 42

K-points mesh = 1 1 1

xc functional: "HSE06"
is hybrid: YES
HFX coeff: 0.25

Basis Set Name: "dzvp-sr"
number of shell = 48
number of basis = 208
gmesh = 29 29 57

Pseudopotential Name: "gth-pbe"
number of valence electron = 64

OPT Calculation.

==============================================================
                   Geometry Optimization                      
==============================================================
  method      = BFGS
  max_cycle   = 1
  eps_engy    = 4.000000e-06
  eps_grad    = 4.000000e-04
  trust_limit = 0.300000
  natom       = 16
  nfree       = 48 / 48
==============================================================

--------------------------------------------------------------
  OPT step 0
--------------------------------------------------------------
[OPT] Cell structure (Angstrom):
       5.43100000       0.00000000       0.00000000
       0.00000000       5.43100000       0.00000000
       0.00000000       0.00000000      10.86200000

Cart
Si         0.00000000       0.00000000       0.00000000   T T T
Si         0.00000000       2.71550000       2.71550000   T T T
Si         2.71550000       0.00000000       2.71550000   T T T
Si         2.71550000       2.71550000       0.00000000   T T T
Si         1.35775000       1.35775000       1.35775000   T T T
Si         1.35775000       4.07325000       4.07325000   T T T
Si         4.07325000       1.35775000       4.07325000   T T T
Si         4.07325000       4.07325000       1.35775000   T T T
Si         0.00000000       0.00000000       5.43100000   T T T
Si         0.00000000       2.71550000       8.14650000   T T T
Si         2.71550000       0.00000000       8.14650000   T T T
Si         2.71550000       2.71550000       5.43100000   T T T
Si         1.35775000       1.35775000       6.78875000   T T T
Si         1.35775000       4.07325000       9.50425000   T T T
Si         4.07325000       1.35775000       9.50425000   T T T
Si         4.07325000       4.07325000       6.78875000   T T T

[OPT] Cell written to /home/rudin/code/kylin-pbc/art/example/scaling/cip-Si16-HSE06/none/c20/opt_img/cell_opt_0.txt
[LSDF] gmesh = (29, 29, 57), ngrid = 47937, naofn = 208, natom = 16
Timer "[LSDF] Voronoi partition" used time: 0.000949 s.
Timer "[LSDF] AO evaluation + screening" used time: 0.152025 s.
[LSDF] IP method: randomized QRCP (c=20, m=5)
[LSDF] total IPs selected: 4240 (8.8449% of grid)
Timer "[LSDF] IP selection" used time: 0.141497 s.
Timer "[LSDF] aux basis fitting" used time: 0.026829 s.
[LSDF] Step 5 diagnostics: natom=16, ngrid=47937, naux_total=4240
[LSDF]   OMP threads=32, MKL threads=32
[LSDF]   Vmat_loc total size: 4240 x 47937 = 1.51 GB
Timer "[LSDF]   5a Vmat_loc alloc+FFT" used time: 0.164644 s.
[LSDF]   W size: 4240 x 4240 = 137.16 MB, max_npart=3140
Timer "[LSDF]   5b W construction (DGEMM)" used time: 0.054084 s.
Timer "[LSDF]   5c Wmat symmetrize" used time: 0.007447 s.
[LSDF]   robust_mode=NONE: freeing Vmat_loc
Timer "[LSDF] V/W construction" used time: 0.289017 s.
[LSDF] xchg phases: A=0.001 s, B(K_W)=0.022 s, C(K_V)=0.000 s, E(reduce)=0.000 s
[NELEC] step = 0  nelec = 64  neInt = 64.000000  dnelc =  2.1927348826e-11
[ENERG] step = 0  eTotl = -62.96270654  eCore = 19.62269416  eCoul = 4.69090466  eExcl = -20.09290312  eNucl = -67.18340225  eDisp = 0.00000000
[ERROR] step = 0  engy error =  0.0000000000e+00  grad error =  0.0000000000e+00  dmat error =  0.0000000000e+00
Timer "SCF cycle: 0" used time: 1.016661 s.

[LSDF] xchg phases: A=0.000 s, B(K_W)=0.013 s, C(K_V)=0.000 s, E(reduce)=0.000 s
[NELEC] step = 1  nelec = 64  neInt = 64.000000  dnelc =  2.8990143619e-11
[ENERG] step = 1  eTotl = -63.16919278  eCore = 19.34664394  eCoul = 4.50552476  eExcl = -19.83795922  eNucl = -67.18340225  eDisp = 0.00000000
[ERROR] step = 1  engy error = -2.0648624054e-01  grad error =  0.0000000000e+00  dmat error =  1.1564395204e+00
Timer "SCF cycle: 1" used time: 1.024644 s.

[LSDF] xchg phases: A=0.002 s, B(K_W)=0.008 s, C(K_V)=0.000 s, E(reduce)=0.000 s
[NELEC] step = 2  nelec = 64  neInt = 64.000000  dnelc =  2.9430680115e-11
[ENERG] step = 2  eTotl = -63.17478318  eCore = 19.32279763  eCoul = 4.54391530  eExcl = -19.85809386  eNucl = -67.18340225  eDisp = 0.00000000
[ERROR] step = 2  engy error = -5.5903992896e-03  grad error =  0.0000000000e+00  dmat error =  1.7046131008e-02
Timer "SCF cycle: 2" used time: 1.010946 s.

[LSDF] xchg phases: A=0.000 s, B(K_W)=0.013 s, C(K_V)=0.000 s, E(reduce)=0.000 s
[NELEC] step = 3  nelec = 64  neInt = 64.000000  dnelc =  3.0212277125e-11
[ENERG] step = 3  eTotl = -63.18066696  eCore = 19.27703453  eCoul = 4.62945922  eExcl = -19.90375846  eNucl = -67.18340225  eDisp = 0.00000000
[ERROR] step = 3  engy error = -5.8837847322e-03  grad error =  0.0000000000e+00  dmat error =  4.1823585730e-02
Timer "SCF cycle: 3" used time: 1.004211 s.

[LSDF] xchg phases: A=0.001 s, B(K_W)=0.013 s, C(K_V)=0.000 s, E(reduce)=0.000 s
[NELEC] step = 4  nelec = 64  neInt = 64.000000  dnelc =  3.0127011996e-11
[ENERG] step = 4  eTotl = -63.18072329  eCore = 19.28079460  eCoul = 4.62442031  eExcl = -19.90253596  eNucl = -67.18340225  eDisp = 0.00000000
[ERROR] step = 4  engy error = -5.6324786129e-05  grad error =  0.0000000000e+00  dmat error =  5.2480997085e-03
Timer "SCF cycle: 4" used time: 1.007624 s.

[LSDF] xchg phases: A=0.000 s, B(K_W)=0.013 s, C(K_V)=0.000 s, E(reduce)=0.000 s
[NELEC] step = 5  nelec = 64  neInt = 64.000000  dnelc =  3.0070168577e-11
[ENERG] step = 5  eTotl = -63.18072872  eCore = 19.28166342  eCoul = 4.62331792  eExcl = -19.90230781  eNucl = -67.18340225  eDisp = 0.00000000
[ERROR] step = 5  engy error = -5.4304044284e-06  grad error =  0.0000000000e+00  dmat error =  1.3825939889e-03
Timer "SCF cycle: 5" used time: 1.026098 s.

[LSDF] xchg phases: A=0.002 s, B(K_W)=0.014 s, C(K_V)=0.000 s, E(reduce)=0.000 s
[NELEC] step = 6  nelec = 64  neInt = 64.000000  dnelc =  3.0070168577e-11
[ENERG] step = 6  eTotl = -63.18072995  eCore = 19.28174086  eCoul = 4.62343892  eExcl = -19.90250748  eNucl = -67.18340225  eDisp = 0.00000000
[ERROR] step = 6  engy error = -1.2329000185e-06  grad error =  0.0000000000e+00  dmat error =  7.4016720293e-04
Timer "SCF cycle: 6" used time: 1.022610 s.

[LSDF] xchg phases: A=0.002 s, B(K_W)=0.018 s, C(K_V)=0.000 s, E(reduce)=0.000 s
[NELEC] step = 7  nelec = 64  neInt = 64.000000  dnelc =  3.0055957723e-11
[ENERG] step = 7  eTotl = -63.18073001  eCore = 19.28160993  eCoul = 4.62371800  eExcl = -19.90265569  eNucl = -67.18340225  eDisp = 0.00000000
[ERROR] step = 7  engy error = -5.6797077264e-08  grad error =  0.0000000000e+00  dmat error =  1.2654459918e-04
SCF converged in 7 steps.
[LSDF] xchg_d10: robust_mode=NONE, no V data -> full-grid FFT path
[GRADIENT] SCF type: GRKS | atoms: 16 | DOF: 48 | time: 19.057 s
  Atom   0:  -9.1752759838e-06  -2.0914984872e-06   1.2438557261e-05
  Atom   1:   1.4407772150e-05   6.6980546074e-06   2.9659518573e-06
  Atom   2:  -2.8090473718e-06  -1.0069496145e-06  -1.6477386524e-05
  Atom   3:  -5.7237281355e-07   9.2759910071e-06  -9.9751280294e-06
  Atom   4:  -1.0385438246e-06  -1.1455731715e-05   5.1856584033e-06
  Atom   5:  -3.7287172433e-06   1.0832407232e-05   3.8404536555e-06
  Atom   6:   3.1052376225e-07  -2.3175213186e-06  -4.4371572700e-06
  Atom   7:  -3.8357938659e-06  -8.4231396261e-07   5.3111276811e-06
  Atom   8:  -4.0413336223e-06   1.3424778787e-06   4.0552124636e-06
  Atom   9:   2.5171465931e-06   3.2111255543e-06  -2.6797364936e-06
  Atom  10:   1.1457764181e-05   2.1939379431e-07  -1.4945302126e-06
  Atom  11:  -4.8366246512e-06  -1.1550195345e-05  -8.0666931753e-06
  Atom  12:  -3.7608800251e-06  -1.7601583881e-06   6.2250623430e-06
  Atom  13:  -2.3070485549e-06   1.5464446586e-06  -6.1965982807e-06
  Atom  14:   2.3928998311e-06   3.6877404159e-06   2.2634343834e-06
  Atom  15:   4.9736233513e-06  -5.8528021424e-06   7.0200948563e-06
[OPT] step = 0  energy = -63.1807300097  dE =               N/A  grad_max =  1.6477386524e-05  grad_rms =  6.4444082063e-06
[OPT] Geometry optimization did not converge in 1 steps.
Kylin-PBC Done.
Timer "Kylin-PBC main" used time: 28.67364 s.
