Kylin-PBC: v1.0.0

System time = 2026-09-30 19:54:06

OMP threads = 32

KYLIN_PBC_ROOT = "/home/rudin/code/kylin-pbc"
KYLIN_SCR_PATH = "/tmp"
KYLIN_JOB_PATH = "/home/rudin/tmp-review-ionic/MgO16/full/c15"

SCF.xcfun                      = HSE06
SCF.basis                      = dzvp-sr
SCF.psudo                      = gth-pbe
SCF.kmesh                      = 1 1 1
SCF.gmesh                      = 5.0e-01
SCF.ispin                      = OFF
SCF.dspin                      = 0
SCF.eps_engy                   = 3.7e-09 [AU]
SCF.eps_grad                   = 1.0e-05 [AU]
SCF.eps_dmat                   = 1.0e-03
SCF.chk_load                   = 
SCF.chk_save                   = 
SCF.scf_guess                  = ATOM
SCF.max_cycle                  = 200
SCF.vdw_method                 = NONE
SCF.coul_method                = MGDF
SCF.xchg_method                = LSDF
SCF.xchg_exxocc                = OFF
SCF.xchg_exxace                = NONE
SCF.xchg_robust                = FULL
SCF.xchg_exxdiv                = EWALD
SCF.xchg_dropG0                = ON
SCF.lsdf_cparam                = 15
SCF.lsdf_mparam                = 5
SCF.lsdf_ipslct                = QRCP
SCF.lsdf_chocut                = 1.0e-08
SCF.lsdf_atmcut                = 2.5e+01
SCF.lsdf_aovcut                = 1.0e-07
SCF.lsdf_swzcut                = 0.0e+00
SCF.lsdf_pnocut                = 0.0e+00
SCF.lsdf_nafcut                = 0.0e+00
SCF.mgdf_ntasks                = 4
SCF.mgdf_kratio                = 3.0e+00
SCF.mgdf_cutoff                = 3.0e+02 [AU]
SCF.mgdf_relcut                = 3.0e+01
SCF.mgdf_prprec                = 1.0e-14
SCF.dmx_mix_method             = NONE
SCF.dmx_mix_start              = 1
SCF.dmx_mix_space              = 8
SCF.dmx_mix_alpha              = 3.0e-01
SCF.rho_mix_method             = NONE
SCF.rho_mix_start              = 1
SCF.rho_mix_space              = 8
SCF.rho_mix_alpha              = 3.0e-01
SCF.hks_mix_method             = BROY
SCF.hks_mix_start              = 1
SCF.hks_mix_space              = 8
SCF.hks_mix_alpha              = 3.0e-01
SCF.damp_factor                = 0.0e+00
SCF.level_shift                = 0.0e+00 [AU]
SCF.smear_method               = NONE
SCF.smear_sigma                = 0.0e+00 [AU]
SCF.soc                        = OFF
SCF.soc_window                 = 1.8e+00 [AU]
SCF.print_bandgap              = OFF
SCF.print_time                 = OFF

OPT.opt_method                 = BFGS
OPT.max_cycle                  = 1
OPT.eps_engy                   = 4.0e-06 [AU]
OPT.eps_grad                   = 4.0e-04 [AU]
OPT.trust_limit                = 3.0e-01 [AU]
OPT.damp_factor                = 0.0e+00
OPT.opt_mix_method             = NONE
OPT.opt_mix_start              = 1
OPT.opt_mix_space              = 5
OPT.opt_mix_alpha              = 3.0e-01
OPT.neb_method                 = FIRE
OPT.neb_lclimb                 = ON
OPT.neb_interp                 = IDPP
OPT.neb_nimage                 = 5
OPT.neb_spring                 = 1.0e-02 [AU]
OPT.neb_maxstep                = 7.6e-02 [AU]

PROP.calculation               = NONE
FREQ.freq_method               = FREE2
FREQ.fd_stepsize               = 2.8e-02 [AU]
DOS.dos_method                 = GAUSS
DOS.dos_sigma                  = 3.7e-03 [AU]
DOS.dos_npoint                 = 1001
DOS.dos_emin                   = 0.0e+00 [AU]
DOS.dos_emax                   = 0.0e+00 [AU]

OPT.mdx_ensemble               = NVE
OPT.mdx_thermostat             = NHC
OPT.mdx_max_step               = 0
OPT.mdx_timestep               = 4.0e+01 [AU]
OPT.mdx_temperature            = 9.5e-04 [AU]
OPT.mdx_pressure               = 0.0e+00 [AU]
OPT.mdx_thermo_tau             = 4.0e+03 [AU]
OPT.mdx_baro_tau               = 2.0e+04 [AU]
OPT.mdx_nhc_length             = 3
OPT.mdx_nhc_mts                = 3
OPT.mdx_constraint             = OFF
OPT.mdx_constraint_tol         = 1.0e-10
OPT.mdx_rng_seed               = 42

K-points mesh = 1 1 1

xc functional: "HSE06"
is hybrid: YES
HFX coeff: 0.25

Basis Set Name: "dzvp-sr"
number of shell = 40
number of basis = 176
gmesh = 98 98 195

Pseudopotential Name: "gth-pbe"
number of valence electron = 128

OPT Calculation.

==============================================================
                   Geometry Optimization                      
==============================================================
  method      = BFGS
  max_cycle   = 1
  eps_engy    = 4.000000e-06
  eps_grad    = 4.000000e-04
  trust_limit = 0.300000
  natom       = 16
  nfree       = 48 / 48
==============================================================

--------------------------------------------------------------
  OPT step 0
--------------------------------------------------------------
[OPT] Cell structure (Angstrom):
       4.21700000       0.00000000       0.00000000
       0.00000000       4.21700000       0.00000000
       0.00000000       0.00000000       8.43400000

Cart
Mg         0.00000000       0.00000000       0.00000000   T T T
Mg         0.10000000       2.15850000       2.13850000   T T T
Mg         2.10850000       0.00000000       2.10850000   T T T
Mg         2.10850000       2.10850000       0.00000000   T T T
O          2.10850000       2.10850000       2.10850000   T T T
O          2.10850000       4.21700000       4.21700000   T T T
O          4.21700000       2.10850000       4.21700000   T T T
O          4.21700000       4.21700000       2.10850000   T T T
Mg         0.00000000       0.00000000       4.21700000   T T T
Mg         0.00000000       2.10850000       6.32550000   T T T
Mg         2.10850000       0.00000000       6.32550000   T T T
Mg         2.10850000       2.10850000       4.21700000   T T T
O          2.10850000       2.10850000       6.32550000   T T T
O          2.10850000       4.21700000       8.43400000   T T T
O          4.21700000       2.10850000       8.43400000   T T T
O          4.21700000       4.21700000       6.32550000   T T T

[OPT] Cell written to /home/rudin/tmp-review-ionic/MgO16/full/c15/opt_img/cell_opt_0.txt
[LSDF] gmesh = (98, 98, 195), ngrid = 1872780, naofn = 176, natom = 16
Timer "[LSDF] Voronoi partition" used time: 0.022680 s.
Timer "[LSDF] AO evaluation + screening" used time: 4.583182 s.
[LSDF] IP method: randomized QRCP (c=15, m=5)
[LSDF] total IPs selected: 2720 (0.1452% of grid)
Timer "[LSDF] IP selection" used time: 7.517559 s.
Timer "[LSDF] aux basis fitting" used time: 2.171840 s.
[LSDF] Step 5 diagnostics: natom=16, ngrid=1872780, naux_total=2720
[LSDF]   OMP threads=32, MKL threads=32
[LSDF]   Vmat_loc total size: 2720 x 1872780 = 37.95 GB
Timer "[LSDF]   5a Vmat_loc alloc+FFT" used time: 3.021194 s.
[LSDF]   W size: 2720 x 2720 = 56.45 MB, max_npart=118186
Timer "[LSDF]   5b W construction (DGEMM)" used time: 0.549912 s.
Timer "[LSDF]   5c Wmat symmetrize" used time: 0.002932 s.
[LSDF]   robust_mode=FULL: keeping Vmat_loc (37.95 GB) in atom ordering
Timer "[LSDF] V/W construction" used time: 3.574110 s.
[LSDF] xchg phases: A=0.000 s, B(K_W)=0.004 s, C(K_V)=1.917 s, E(reduce)=0.000 s
[NELEC] step = 0  nelec = 128  neInt = 128.000000  dnelc = -3.6099123690e-09
[ENERG] step = 0  eTotl = -635.53085887  eCore = -337.00186663  eCoul = 174.38894144  eExcl = -94.40269409  eNucl = -378.51523958  eDisp = 0.00000000
[ERROR] step = 0  engy error =  0.0000000000e+00  grad error =  0.0000000000e+00  dmat error =  0.0000000000e+00
Timer "SCF cycle: 0" used time: 3.471925 s.

[LSDF] xchg phases: A=0.000 s, B(K_W)=0.004 s, C(K_V)=2.591 s, E(reduce)=0.000 s
[NELEC] step = 1  nelec = 128  neInt = 128.000000  dnelc = -1.8323603967e-08
[ENERG] step = 1  eTotl = -634.35846960  eCore = -366.69537215  eCoul = 212.72518970  eExcl = -101.87304757  eNucl = -378.51523958  eDisp = 0.00000000
[ERROR] step = 1  engy error =  1.1723892697e+00  grad error =  0.0000000000e+00  dmat error =  1.5805221028e+00
Timer "SCF cycle: 1" used time: 4.062466 s.

[LSDF] xchg phases: A=0.000 s, B(K_W)=0.004 s, C(K_V)=1.780 s, E(reduce)=0.000 s
[NELEC] step = 2  nelec = 128  neInt = 128.000000  dnelc = -1.8862223783e-08
[ENERG] step = 2  eTotl = -635.17857454  eCore = -362.43043981  eCoul = 205.69294539  eExcl = -99.92584053  eNucl = -378.51523958  eDisp = 0.00000000
[ERROR] step = 2  engy error = -8.2010493929e-01  grad error =  0.0000000000e+00  dmat error =  2.0802037754e-01
Timer "SCF cycle: 2" used time: 3.206139 s.

[LSDF] xchg phases: A=0.000 s, B(K_W)=0.004 s, C(K_V)=1.469 s, E(reduce)=0.001 s
[NELEC] step = 3  nelec = 128  neInt = 128.000000  dnelc = -1.6021914462e-08
[ENERG] step = 3  eTotl = -635.30503682  eCore = -358.12230168  eCoul = 199.76366461  eExcl = -98.43116017  eNucl = -378.51523958  eDisp = 0.00000000
[ERROR] step = 3  engy error = -1.2646228366e-01  grad error =  0.0000000000e+00  dmat error =  2.6418021916e-01
Timer "SCF cycle: 3" used time: 2.919139 s.

[LSDF] xchg phases: A=0.001 s, B(K_W)=0.006 s, C(K_V)=1.475 s, E(reduce)=0.002 s
[NELEC] step = 4  nelec = 128  neInt = 128.000000  dnelc = -1.3418855360e-08
[ENERG] step = 4  eTotl = -635.32688379  eCore = -357.76637306  eCoul = 199.46329878  eExcl = -98.50856992  eNucl = -378.51523958  eDisp = 0.00000000
[ERROR] step = 4  engy error = -2.1846966593e-02  grad error =  0.0000000000e+00  dmat error =  7.8902709457e-02
Timer "SCF cycle: 4" used time: 2.964040 s.

[LSDF] xchg phases: A=0.000 s, B(K_W)=0.004 s, C(K_V)=1.724 s, E(reduce)=0.000 s
[NELEC] step = 5  nelec = 128  neInt = 128.000000  dnelc = -1.4374919033e-08
[ENERG] step = 5  eTotl = -635.32825664  eCore = -358.27135286  eCoul = 200.10857887  eExcl = -98.65024306  eNucl = -378.51523958  eDisp = 0.00000000
[ERROR] step = 5  engy error = -1.3728544862e-03  grad error =  0.0000000000e+00  dmat error =  3.6472051097e-02
Timer "SCF cycle: 5" used time: 3.196812 s.

[LSDF] xchg phases: A=0.000 s, B(K_W)=0.004 s, C(K_V)=1.732 s, E(reduce)=0.000 s
[NELEC] step = 6  nelec = 128  neInt = 128.000000  dnelc = -1.4315133967e-08
[ENERG] step = 6  eTotl = -635.32827154  eCore = -358.23023691  eCoul = 200.05615048  eExcl = -98.63894552  eNucl = -378.51523958  eDisp = 0.00000000
[ERROR] step = 6  engy error = -1.4894942410e-05  grad error =  0.0000000000e+00  dmat error =  3.0427684117e-03
Timer "SCF cycle: 6" used time: 3.186081 s.

[LSDF] xchg phases: A=0.000 s, B(K_W)=0.004 s, C(K_V)=2.045 s, E(reduce)=0.000 s
[NELEC] step = 7  nelec = 128  neInt = 128.000000  dnelc = -1.4316313468e-08
[ENERG] step = 7  eTotl = -635.32827206  eCore = -358.22772941  eCoul = 200.05295222  eExcl = -98.63825529  eNucl = -378.51523958  eDisp = 0.00000000
[ERROR] step = 7  engy error = -5.2430334563e-07  grad error =  0.0000000000e+00  dmat error =  2.5682682236e-04
Timer "SCF cycle: 7" used time: 3.486343 s.

[NELEC] step = 8  nelec = 128  neInt = 128.000000  dnelc = -1.4320434616e-08
[ENERG] step = 8  eTotl = -635.32827230  eCore = -358.22714724  eCoul = 200.05234767  eExcl = -98.63823314  eNucl = -378.51523958  eDisp = 0.00000000
[ERROR] step = 8  engy error = -2.3743859856e-07  grad error =  0.0000000000e+00  dmat error =  2.2633800171e-04
Timer "SCF cycle: 8" used time: 3.174898 s.

[NELEC] step = 9  nelec = 128  neInt = 128.000000  dnelc = -1.4321798858e-08
[ENERG] step = 9  eTotl = -635.32827230  eCore = -358.22712301  eCoul = 200.05228583  eExcl = -98.63819554  eNucl = -378.51523958  eDisp = 0.00000000
[ERROR] step = 9  engy error = -7.1203203333e-09  grad error =  0.0000000000e+00  dmat error =  4.5081217867e-05
Timer "SCF cycle: 9" used time: 3.177849 s.

[NELEC] step = 10  nelec = 128  neInt = 128.000000  dnelc = -1.4321344111e-08
[ENERG] step = 10  eTotl = -635.32827230  eCore = -358.22697322  eCoul = 200.05212256  eExcl = -98.63818206  eNucl = -378.51523958  eDisp = 0.00000000
[ERROR] step = 10  engy error = -1.1937117961e-10  grad error =  0.0000000000e+00  dmat error =  2.1281399620e-05
SCF converged in 10 steps.
[LSDF] xchg_d10: ISDF-robust path (K_V + K_V~ - K_IP)
[GRADIENT] SCF type: GRKS | atoms: 16 | DOF: 48 | time: 32.376 s
  Atom   0:   4.4539227341e-04  -9.7907997665e-04   6.8338594807e-04
  Atom   1:   2.3265767081e-02   9.9085928449e-03   6.5303442484e-03
  Atom   2:  -6.4464436253e-03  -3.1812051995e-03  -1.6822548384e-03
  Atom   3:  -8.4691545548e-04   1.7680673290e-04  -4.4616252360e-04
  Atom   4:  -5.1402618154e-03  -1.4606816742e-03  -1.4093728680e-03
  Atom   5:   7.1088547140e-04   3.6242519504e-04   1.7564417370e-04
  Atom   6:  -1.9848656709e-03  -1.0174191427e-03  -8.8364534455e-04
  Atom   7:  -3.0859302081e-03  -2.1014720990e-03  -1.4438109265e-03
  Atom   8:   1.1532106723e-03  -1.7014691158e-03   7.4320236269e-06
  Atom   9:  -6.9295454232e-04  -4.6073394510e-04   1.1077389632e-03
  Atom  10:   2.6865006006e-04   1.0312373768e-04   2.1243140012e-03
  Atom  11:  -3.3503541142e-03   3.9812995695e-04  -7.7034556408e-04
  Atom  12:  -2.3274412766e-04   1.4657949223e-05   4.0109232604e-04
  Atom  13:   5.4094857435e-04   2.9341854212e-04  -1.3497841899e-05
  Atom  14:  -1.9248707844e-03  -9.4311788252e-04  -6.7938830214e-04
  Atom  15:   1.2146055949e-04  -9.0275953339e-05   5.3459763558e-04
[OPT] step = 0  energy = -635.3282723042  dE =               N/A  grad_max =  2.3265767081e-02  grad_rms =  4.1353778889e-03
[OPT] Geometry optimization did not converge in 1 steps.
Kylin-PBC Done.
Timer "Kylin-PBC main" used time: 92.00122 s.
