Kylin-PBC: v1.0.0

System time = 2026-06-25 18:13:11

OMP threads = 32

KYLIN_PBC_ROOT = "/home/rudin/code/kylin-pbc"
KYLIN_SCR_PATH = "/nvme"
KYLIN_JOB_PATH = "/home/rudin/code/kylin-pbc/art/example/extern/Si-HSE06-gamma-kylin-LSDF"

SCF.xcfun                      = HSE06
SCF.basis                      = dzvp-sr
SCF.psudo                      = gth-pbe
SCF.kmesh                      = 1 1 1
SCF.gmesh                      = 6.0e-01
SCF.ispin                      = OFF
SCF.dspin                      = 0
SCF.eps_engy                   = 3.7e-09 [AU]
SCF.eps_grad                   = 1.0e-05 [AU]
SCF.eps_dmat                   = 1.0e-03
SCF.chk_load                   = 
SCF.chk_save                   = 
SCF.scf_guess                  = ATOM
SCF.max_cycle                  = 200
SCF.vdw_method                 = NONE
SCF.coul_method                = MGDF
SCF.xchg_method                = LSDF
SCF.xchg_exxocc                = OFF
SCF.xchg_exxace                = NONE
SCF.xchg_robust                = TILE
SCF.xchg_exxdiv                = EWALD
SCF.xchg_dropG0                = ON
SCF.lsdf_cparam                = 60
SCF.lsdf_mparam                = 5
SCF.lsdf_ipslct                = QRCP
SCF.lsdf_chocut                = 1.0e-08
SCF.lsdf_atmcut                = 2.5e+01
SCF.lsdf_aovcut                = 1.0e-07
SCF.lsdf_swzcut                = 0.0e+00
SCF.lsdf_pnocut                = 0.0e+00
SCF.lsdf_nafcut                = 0.0e+00
SCF.mgdf_ntasks                = 4
SCF.mgdf_kratio                = 3.0e+00
SCF.mgdf_cutoff                = 3.0e+02 [AU]
SCF.mgdf_relcut                = 3.0e+01
SCF.mgdf_prprec                = 1.0e-14
SCF.dmx_mix_method             = NONE
SCF.dmx_mix_start              = 1
SCF.dmx_mix_space              = 8
SCF.dmx_mix_alpha              = 3.0e-01
SCF.rho_mix_method             = NONE
SCF.rho_mix_start              = 1
SCF.rho_mix_space              = 8
SCF.rho_mix_alpha              = 3.0e-01
SCF.hks_mix_method             = BROY
SCF.hks_mix_start              = 1
SCF.hks_mix_space              = 8
SCF.hks_mix_alpha              = 3.0e-01
SCF.damp_factor                = 0.0e+00
SCF.level_shift                = 0.0e+00 [AU]
SCF.smear_method               = NONE
SCF.smear_sigma                = 0.0e+00 [AU]
SCF.soc                        = OFF
SCF.soc_window                 = 1.8e+00 [AU]
SCF.print_bandgap              = ON
SCF.print_time                 = OFF

OPT.opt_method                 = BFGS
OPT.max_cycle                  = 0
OPT.eps_engy                   = 4.0e-06 [AU]
OPT.eps_grad                   = 4.0e-04 [AU]
OPT.trust_limit                = 3.0e-01 [AU]
OPT.damp_factor                = 0.0e+00
OPT.opt_mix_method             = NONE
OPT.opt_mix_start              = 1
OPT.opt_mix_space              = 5
OPT.opt_mix_alpha              = 3.0e-01
OPT.neb_method                 = FIRE
OPT.neb_lclimb                 = ON
OPT.neb_interp                 = IDPP
OPT.neb_nimage                 = 5
OPT.neb_spring                 = 1.0e-02 [AU]
OPT.neb_maxstep                = 7.6e-02 [AU]

PROP.calculation               = NONE
FREQ.freq_method               = FREE2
FREQ.fd_stepsize               = 2.8e-02 [AU]
DOS.dos_method                 = GAUSS
DOS.dos_sigma                  = 3.7e-03 [AU]
DOS.dos_npoint                 = 1001
DOS.dos_emin                   = 0.0e+00 [AU]
DOS.dos_emax                   = 0.0e+00 [AU]

OPT.mdx_ensemble               = NVE
OPT.mdx_thermostat             = NHC
OPT.mdx_max_step               = 0
OPT.mdx_timestep               = 4.0e+01 [AU]
OPT.mdx_temperature            = 9.5e-04 [AU]
OPT.mdx_pressure               = 0.0e+00 [AU]
OPT.mdx_thermo_tau             = 4.0e+03 [AU]
OPT.mdx_baro_tau               = 2.0e+04 [AU]
OPT.mdx_nhc_length             = 3
OPT.mdx_nhc_mts                = 3
OPT.mdx_constraint             = OFF
OPT.mdx_constraint_tol         = 1.0e-10
OPT.mdx_rng_seed               = 42

K-points mesh = 1 1 1

xc functional: "HSE06"
is hybrid: YES
HFX coeff: 0.25

Basis Set Name: "dzvp-sr"
number of shell = 6
number of basis = 26
gmesh = 25 25 25

Pseudopotential Name: "gth-pbe"
number of valence electron = 8

SCF Calculation.
Gamma point
[LSDF] gmesh = (25, 25, 25), ngrid = 15625, naofn = 26, natom = 2
Timer "[LSDF] Voronoi partition" used time: 0.000758 s.
Timer "[LSDF] AO evaluation + screening" used time: 0.047983 s.
[LSDF] IP method: randomized QRCP (c=60, m=5)
[LSDF] total IPs selected: 702 (4.4928% of grid)
Timer "[LSDF] IP selection" used time: 0.240289 s.
Timer "[LSDF] aux basis fitting" used time: 0.023242 s.
[LSDF] Step 5 diagnostics: natom=2, ngrid=15625, naux_total=702
[LSDF]   OMP threads=32, MKL threads=32
[LSDF]   Vmat_loc total size: 702 x 15625 = 0.08 GB
Timer "[LSDF]   5a Vmat_loc alloc+FFT" used time: 0.006199 s.
[LSDF]   W size: 702 x 702 = 3.76 MB, max_npart=8047
Timer "[LSDF]   5b W construction (DGEMM)" used time: 0.006092 s.
Timer "[LSDF]   5c Wmat symmetrize" used time: 0.000674 s.
[LSDF]   5e Vatm_nby tile extraction starting... (robust_mode=TILE)
[LSDF]   Vatm_nby: range_sep=true
[LSDF]     Vatm_nby tile: 2/2 atoms, cumul 0.08 GB
[LSDF]   Vatm_nby total tile memory: 0.08 GB
Timer "[LSDF]   5e Vatm_nby tile extraction" used time: 0.005123 s.
Timer "[LSDF] V/W construction" used time: 0.023504 s.
[LSDF] xchg phases: A=0.000 s, B(K_W)=0.000 s, C(K_V)=0.005 s, E(reduce)=0.000 s
[NELEC] step = 0  nelec = 8  neInt = 8.000000  dnelc = -7.0432548682e-13
[ENERG] step = 0  eTotl = -8.36691910  eCore = 2.07575423  eCoul = 0.60485866  eExcl = -2.64960670  eNucl = -8.39792528  eDisp = 0.00000000
[ERROR] step = 0  engy error =  0.0000000000e+00  grad error =  0.0000000000e+00  dmat error =  0.0000000000e+00
Timer "SCF cycle: 0" used time: 0.300862 s.

[LSDF] xchg phases: A=0.000 s, B(K_W)=0.001 s, C(K_V)=0.005 s, E(reduce)=0.000 s
[NELEC] step = 1  nelec = 8  neInt = 8.000000  dnelc =  1.2082779222e-11
[ENERG] step = 1  eTotl = -7.29941013  eCore = 2.84105506  eCoul = 0.88307061  eExcl = -2.62561052  eNucl = -8.39792528  eDisp = 0.00000000
[ERROR] step = 1  engy error =  1.0675089707e+00  grad error =  0.0000000000e+00  dmat error =  1.6065440845e+00
Timer "SCF cycle: 1" used time: 0.315759 s.

[LSDF] xchg phases: A=0.000 s, B(K_W)=0.001 s, C(K_V)=0.005 s, E(reduce)=0.000 s
[NELEC] step = 2  nelec = 8  neInt = 8.000000  dnelc =  1.1180389947e-11
[ENERG] step = 2  eTotl = -7.30016868  eCore = 2.84345182  eCoul = 0.87920503  eExcl = -2.62490025  eNucl = -8.39792528  eDisp = 0.00000000
[ERROR] step = 2  engy error = -7.5855468503e-04  grad error =  0.0000000000e+00  dmat error =  8.7753296317e-03
Timer "SCF cycle: 2" used time: 0.309769 s.

[LSDF] xchg phases: A=0.000 s, B(K_W)=0.001 s, C(K_V)=0.005 s, E(reduce)=0.000 s
[NELEC] step = 3  nelec = 8  neInt = 8.000000  dnelc =  8.9208640475e-12
[ENERG] step = 3  eTotl = -7.30094351  eCore = 2.84969633  eCoul = 0.87062656  eExcl = -2.62334112  eNucl = -8.39792528  eDisp = 0.00000000
[ERROR] step = 3  engy error = -7.7482657992e-04  grad error =  0.0000000000e+00  dmat error =  1.9230665670e-02
Timer "SCF cycle: 3" used time: 0.303685 s.

[LSDF] xchg phases: A=0.000 s, B(K_W)=0.002 s, C(K_V)=0.029 s, E(reduce)=0.000 s
[NELEC] step = 4  nelec = 8  neInt = 8.000000  dnelc =  8.4430240577e-12
[ENERG] step = 4  eTotl = -7.30095704  eCore = 2.84968599  eCoul = 0.87098728  eExcl = -2.62370503  eNucl = -8.39792528  eDisp = 0.00000000
[ERROR] step = 4  engy error = -1.3527471588e-05  grad error =  0.0000000000e+00  dmat error =  3.6956964118e-03
Timer "SCF cycle: 4" used time: 0.337769 s.

[LSDF] xchg phases: A=0.000 s, B(K_W)=0.001 s, C(K_V)=0.004 s, E(reduce)=0.000 s
[NELEC] step = 5  nelec = 8  neInt = 8.000000  dnelc =  8.4767748376e-12
[ENERG] step = 5  eTotl = -7.30095665  eCore = 2.84968543  eCoul = 0.87096200  eExcl = -2.62367880  eNucl = -8.39792528  eDisp = 0.00000000
[ERROR] step = 5  engy error =  3.8062248109e-07  grad error =  0.0000000000e+00  dmat error =  2.6886286140e-04
Timer "SCF cycle: 5" used time: 0.303872 s.

[LSDF] xchg phases: A=0.000 s, B(K_W)=0.001 s, C(K_V)=0.004 s, E(reduce)=0.000 s
[NELEC] step = 6  nelec = 8  neInt = 8.000000  dnelc =  8.3257845063e-12
[ENERG] step = 6  eTotl = -7.30095762  eCore = 2.84970299  eCoul = 0.87105295  eExcl = -2.62378829  eNucl = -8.39792528  eDisp = 0.00000000
[ERROR] step = 6  engy error = -9.6600554489e-07  grad error =  0.0000000000e+00  dmat error =  1.1707950702e-03
Timer "SCF cycle: 6" used time: 0.303990 s.

[LSDF] xchg phases: A=0.000 s, B(K_W)=0.000 s, C(K_V)=0.004 s, E(reduce)=0.000 s
[NELEC] step = 7  nelec = 8  neInt = 8.000000  dnelc =  8.3186790789e-12
[ENERG] step = 7  eTotl = -7.30095762  eCore = 2.84970303  eCoul = 0.87105317  eExcl = -2.62378854  eNucl = -8.39792528  eDisp = 0.00000000
[ERROR] step = 7  engy error = -4.6496140271e-12  grad error =  0.0000000000e+00  dmat error =  3.3376856637e-06
SCF converged in 7 steps.

  Band Gap Analysis (per k-point)
  k-pt    spin         HOMO (eV)       LUMO (eV)        Gap (eV)
  -----------------------------------------------------------
  0       0             6.049975       10.453363        4.403388
  -----------------------------------------------------------
  VBM =       6.049975 eV    CBM =      10.453363 eV    Band Gap =       4.403388 eV

Kylin-PBC Done.
Timer "Kylin-PBC main" used time: 3.171812 s.
