Kylin-PBC: v1.0.0

System time = 2026-06-25 18:24:04

OMP threads = 32

KYLIN_PBC_ROOT = "/home/rudin/code/kylin-pbc"
KYLIN_SCR_PATH = "/tmp"
KYLIN_JOB_PATH = "/home/rudin/code/kylin-pbc/art/example/internal/MgO-HSE06-gamma-LSDF"

SCF.xcfun                      = HSE06
SCF.basis                      = dzvp-sr
SCF.psudo                      = gth-pbe
SCF.kmesh                      = 1 1 1
SCF.gmesh                      = 6.0e-01
SCF.ispin                      = OFF
SCF.dspin                      = 0
SCF.eps_engy                   = 3.7e-09 [AU]
SCF.eps_grad                   = 1.0e-05 [AU]
SCF.eps_dmat                   = 1.0e-03
SCF.chk_load                   = 
SCF.chk_save                   = 
SCF.scf_guess                  = ATOM
SCF.max_cycle                  = 200
SCF.vdw_method                 = NONE
SCF.coul_method                = MGDF
SCF.xchg_method                = LSDF
SCF.xchg_exxocc                = OFF
SCF.xchg_exxace                = NONE
SCF.xchg_robust                = FULL
SCF.xchg_exxdiv                = EWALD
SCF.xchg_dropG0                = ON
SCF.lsdf_cparam                = 30
SCF.lsdf_mparam                = 5
SCF.lsdf_ipslct                = QRCP
SCF.lsdf_chocut                = 1.0e-08
SCF.lsdf_atmcut                = 2.5e+01
SCF.lsdf_aovcut                = 1.0e-07
SCF.lsdf_swzcut                = 0.0e+00
SCF.lsdf_pnocut                = 0.0e+00
SCF.lsdf_nafcut                = 0.0e+00
SCF.mgdf_ntasks                = 4
SCF.mgdf_kratio                = 3.0e+00
SCF.mgdf_cutoff                = 3.0e+02 [AU]
SCF.mgdf_relcut                = 3.0e+01
SCF.mgdf_prprec                = 1.0e-14
SCF.dmx_mix_method             = NONE
SCF.dmx_mix_start              = 1
SCF.dmx_mix_space              = 8
SCF.dmx_mix_alpha              = 3.0e-01
SCF.rho_mix_method             = NONE
SCF.rho_mix_start              = 1
SCF.rho_mix_space              = 8
SCF.rho_mix_alpha              = 3.0e-01
SCF.hks_mix_method             = BROY
SCF.hks_mix_start              = 1
SCF.hks_mix_space              = 8
SCF.hks_mix_alpha              = 3.0e-01
SCF.damp_factor                = 0.0e+00
SCF.level_shift                = 0.0e+00 [AU]
SCF.smear_method               = NONE
SCF.smear_sigma                = 0.0e+00 [AU]
SCF.soc                        = OFF
SCF.soc_window                 = 1.8e+00 [AU]
SCF.print_bandgap              = OFF
SCF.print_time                 = OFF

OPT.opt_method                 = BFGS
OPT.max_cycle                  = 1
OPT.eps_engy                   = 4.0e-06 [AU]
OPT.eps_grad                   = 4.0e-04 [AU]
OPT.trust_limit                = 3.0e-01 [AU]
OPT.damp_factor                = 0.0e+00
OPT.opt_mix_method             = NONE
OPT.opt_mix_start              = 1
OPT.opt_mix_space              = 5
OPT.opt_mix_alpha              = 3.0e-01
OPT.neb_method                 = FIRE
OPT.neb_lclimb                 = ON
OPT.neb_interp                 = IDPP
OPT.neb_nimage                 = 5
OPT.neb_spring                 = 1.0e-02 [AU]
OPT.neb_maxstep                = 7.6e-02 [AU]

PROP.calculation               = NONE
FREQ.freq_method               = FREE2
FREQ.fd_stepsize               = 2.8e-02 [AU]
DOS.dos_method                 = GAUSS
DOS.dos_sigma                  = 3.7e-03 [AU]
DOS.dos_npoint                 = 1001
DOS.dos_emin                   = 0.0e+00 [AU]
DOS.dos_emax                   = 0.0e+00 [AU]

OPT.mdx_ensemble               = NVE
OPT.mdx_thermostat             = NHC
OPT.mdx_max_step               = 0
OPT.mdx_timestep               = 4.0e+01 [AU]
OPT.mdx_temperature            = 9.5e-04 [AU]
OPT.mdx_pressure               = 0.0e+00 [AU]
OPT.mdx_thermo_tau             = 4.0e+03 [AU]
OPT.mdx_baro_tau               = 2.0e+04 [AU]
OPT.mdx_nhc_length             = 3
OPT.mdx_nhc_mts                = 3
OPT.mdx_constraint             = OFF
OPT.mdx_constraint_tol         = 1.0e-10
OPT.mdx_rng_seed               = 42

K-points mesh = 1 1 1

xc functional: "HSE06"
is hybrid: YES
HFX coeff: 0.25

Basis Set Name: "dzvp-sr"
number of shell = 5
number of basis = 22
gmesh = 83 83 83

Pseudopotential Name: "gth-pbe"
number of valence electron = 16

OPT Calculation.

==============================================================
                   Geometry Optimization                      
==============================================================
  method      = BFGS
  max_cycle   = 1
  eps_engy    = 4.000000e-06
  eps_grad    = 4.000000e-04
  trust_limit = 0.300000
  natom       = 2
  nfree       = 6 / 6
==============================================================

--------------------------------------------------------------
  OPT step 0
--------------------------------------------------------------
[OPT] Cell structure (Angstrom):
       0.00000000       2.10850000       2.10850000
       2.10850000       0.00000000       2.10850000
       2.10850000       2.10850000       0.00000000

Cart
Mg         0.00000000       0.00000000       0.00000000   T T T
O          2.20850000       2.15850000       2.13850000   T T T

[OPT] Cell written to /home/rudin/code/kylin-pbc/art/example/internal/MgO-HSE06-gamma-LSDF/opt_img/cell_opt_0.txt
[LSDF] gmesh = (83, 83, 83), ngrid = 571787, naofn = 22, natom = 2
Timer "[LSDF] Voronoi partition" used time: 0.011829 s.
Timer "[LSDF] AO evaluation + screening" used time: 1.374992 s.
[LSDF] IP method: randomized QRCP (c=30, m=5)
[LSDF] total IPs selected: 504 (0.0881% of grid)
Timer "[LSDF] IP selection" used time: 4.842358 s.
Timer "[LSDF] aux basis fitting" used time: 0.789281 s.
[LSDF] Step 5 diagnostics: natom=2, ngrid=571787, naux_total=504
[LSDF]   OMP threads=32, MKL threads=32
[LSDF]   Vmat_loc total size: 504 x 571787 = 2.15 GB
Timer "[LSDF]   5a Vmat_loc alloc+FFT" used time: 0.718051 s.
[LSDF]   W size: 504 x 504 = 1.94 MB, max_npart=285910
Timer "[LSDF]   5b W construction (DGEMM)" used time: 0.053033 s.
Timer "[LSDF]   5c Wmat symmetrize" used time: 0.000524 s.
[LSDF]   robust_mode=FULL: keeping Vmat_loc (2.15 GB) in atom ordering
Timer "[LSDF] V/W construction" used time: 0.771681 s.
[LSDF] xchg phases: A=0.000 s, B(K_W)=0.001 s, C(K_V)=0.579 s, E(reduce)=0.000 s
[NELEC] step = 0  nelec = 16  neInt = 16.000000  dnelc = -5.7834448342e-10
[ENERG] step = 0  eTotl = -73.91034148  eCore = -24.65813474  eCoul = 8.21185963  eExcl = -10.18372453  eNucl = -47.28034185  eDisp = 0.00000000
[ERROR] step = 0  engy error =  0.0000000000e+00  grad error =  0.0000000000e+00  dmat error =  0.0000000000e+00
Timer "SCF cycle: 0" used time: 1.367393 s.

[LSDF] xchg phases: A=0.000 s, B(K_W)=0.000 s, C(K_V)=0.367 s, E(reduce)=0.000 s
[NELEC] step = 1  nelec = 16  neInt = 16.000000  dnelc = -7.4286310436e-08
[ENERG] step = 1  eTotl = -77.75238896  eCore = -48.37666320  eCoul = 31.86715050  eExcl = -13.96253441  eNucl = -47.28034185  eDisp = 0.00000000
[ERROR] step = 1  engy error = -3.8420474832e+00  grad error =  0.0000000000e+00  dmat error =  1.7420268807e+00
Timer "SCF cycle: 1" used time: 1.245155 s.

[LSDF] xchg phases: A=0.000 s, B(K_W)=0.000 s, C(K_V)=0.144 s, E(reduce)=0.000 s
[NELEC] step = 2  nelec = 16  neInt = 16.000000  dnelc = -6.3500596781e-08
[ENERG] step = 2  eTotl = -78.61319986  eCore = -47.34119043  eCoul = 29.35922551  eExcl = -13.35089310  eNucl = -47.28034185  eDisp = 0.00000000
[ERROR] step = 2  engy error = -8.6081090071e-01  grad error =  0.0000000000e+00  dmat error =  5.4309115519e-01
Timer "SCF cycle: 2" used time: 0.921345 s.

[LSDF] xchg phases: A=0.000 s, B(K_W)=0.000 s, C(K_V)=0.303 s, E(reduce)=0.000 s
[NELEC] step = 3  nelec = 16  neInt = 16.000000  dnelc = -1.9097665671e-08
[ENERG] step = 3  eTotl = -79.04259533  eCore = -44.58001519  eCoul = 25.24960397  eExcl = -12.43184226  eNucl = -47.28034185  eDisp = 0.00000000
[ERROR] step = 3  engy error = -4.2939546455e-01  grad error =  0.0000000000e+00  dmat error =  8.2751306494e-01
Timer "SCF cycle: 3" used time: 1.061518 s.

[LSDF] xchg phases: A=0.000 s, B(K_W)=0.000 s, C(K_V)=0.131 s, E(reduce)=0.000 s
[NELEC] step = 4  nelec = 16  neInt = 16.000000  dnelc = -1.1526067212e-08
[ENERG] step = 4  eTotl = -79.08500413  eCore = -44.62306798  eCoul = 25.31909950  eExcl = -12.50069380  eNucl = -47.28034185  eDisp = 0.00000000
[ERROR] step = 4  engy error = -4.2408804110e-02  grad error =  0.0000000000e+00  dmat error =  1.6816427069e-01
Timer "SCF cycle: 4" used time: 0.896470 s.

[LSDF] xchg phases: A=0.000 s, B(K_W)=0.000 s, C(K_V)=0.400 s, E(reduce)=0.000 s
[NELEC] step = 5  nelec = 16  neInt = 16.000000  dnelc = -1.0312673382e-08
[ENERG] step = 5  eTotl = -79.08603073  eCore = -44.61994162  eCoul = 25.32488633  eExcl = -12.51063359  eNucl = -47.28034185  eDisp = 0.00000000
[ERROR] step = 5  engy error = -1.0266007869e-03  grad error =  0.0000000000e+00  dmat error =  4.7855772741e-02
Timer "SCF cycle: 5" used time: 1.161842 s.

[LSDF] xchg phases: A=0.000 s, B(K_W)=0.000 s, C(K_V)=0.322 s, E(reduce)=0.000 s
[NELEC] step = 6  nelec = 16  neInt = 16.000000  dnelc = -1.2941097083e-08
[ENERG] step = 6  eTotl = -79.08747766  eCore = -44.81571641  eCoul = 25.57340180  eExcl = -12.56482121  eNucl = -47.28034185  eDisp = 0.00000000
[ERROR] step = 6  engy error = -1.4469295402e-03  grad error =  0.0000000000e+00  dmat error =  5.6521124819e-02
Timer "SCF cycle: 6" used time: 1.080819 s.

[LSDF] xchg phases: A=0.000 s, B(K_W)=0.000 s, C(K_V)=0.127 s, E(reduce)=0.000 s
[NELEC] step = 7  nelec = 16  neInt = 16.000000  dnelc = -1.2546632178e-08
[ENERG] step = 7  eTotl = -79.08749344  eCore = -44.80157054  eCoul = 25.55729590  eExcl = -12.56287696  eNucl = -47.28034185  eDisp = 0.00000000
[ERROR] step = 7  engy error = -1.5775834044e-05  grad error =  0.0000000000e+00  dmat error =  7.3940520409e-03
Timer "SCF cycle: 7" used time: 0.888593 s.

[NELEC] step = 8  nelec = 16  neInt = 16.000000  dnelc = -1.2705157815e-08
[ENERG] step = 8  eTotl = -79.08749953  eCore = -44.80195066  eCoul = 25.55666702  eExcl = -12.56187404  eNucl = -47.28034185  eDisp = 0.00000000
[ERROR] step = 8  engy error = -6.0879540769e-06  grad error =  0.0000000000e+00  dmat error =  2.4962614351e-03
Timer "SCF cycle: 8" used time: 0.889756 s.

[NELEC] step = 9  nelec = 16  neInt = 16.000000  dnelc = -1.2635384294e-08
[ENERG] step = 9  eTotl = -79.08750101  eCore = -44.79837741  eCoul = 25.55233960  eExcl = -12.56112135  eNucl = -47.28034185  eDisp = 0.00000000
[ERROR] step = 9  engy error = -1.4826863151e-06  grad error =  0.0000000000e+00  dmat error =  1.4319973973e-03
Timer "SCF cycle: 9" used time: 0.900479 s.

[NELEC] step = 10  nelec = 16  neInt = 16.000000  dnelc = -1.2600892774e-08
[ENERG] step = 10  eTotl = -79.08750106  eCore = -44.79688302  eCoul = 25.55056060  eExcl = -12.56083680  eNucl = -47.28034185  eDisp = 0.00000000
[ERROR] step = 10  engy error = -5.5338020388e-08  grad error =  0.0000000000e+00  dmat error =  6.7705348982e-04
Timer "SCF cycle: 10" used time: 0.886462 s.

[NELEC] step = 11  nelec = 16  neInt = 16.000000  dnelc = -1.2618659895e-08
[ENERG] step = 11  eTotl = -79.08750110  eCore = -44.79763459  eCoul = 25.55146572  eExcl = -12.56099038  eNucl = -47.28034185  eDisp = 0.00000000
[ERROR] step = 11  engy error = -3.2355103485e-08  grad error =  0.0000000000e+00  dmat error =  3.1057349930e-04
Timer "SCF cycle: 11" used time: 0.927889 s.

[NELEC] step = 12  nelec = 16  neInt = 16.000000  dnelc = -1.2617192624e-08
[ENERG] step = 12  eTotl = -79.08750110  eCore = -44.79757528  eCoul = 25.55139294  eExcl = -12.56097691  eNucl = -47.28034185  eDisp = 0.00000000
[ERROR] step = 12  engy error = -6.7549876803e-10  grad error =  0.0000000000e+00  dmat error =  2.1377029121e-05
SCF converged in 12 steps.
[LSDF] xchg_d10: ISDF-robust path (K_V + K_V~ - K_IP)
[GRADIENT] SCF type: GRKS | atoms: 2 | DOF: 6 | time: 8.230 s
  Atom   0:   7.7153096195e-03   4.1532294349e-03   2.5291837098e-03
  Atom   1:  -7.7157128872e-03  -4.1541849610e-03  -2.5246019998e-03
[OPT] step = 0  energy = -79.0875010975  dE =               N/A  grad_max =  7.7157128872e-03  grad_rms =  5.2652189066e-03
[OPT] Geometry optimization did not converge in 1 steps.
Kylin-PBC Done.
Timer "Kylin-PBC main" used time: 30.85042 s.
